COMMAND: python3 experiments/scale_trace/scripts/trace_result_json.py /home/aothuatgiadp/blockchain/project/CTLC-Implementation/experiments/scale_trace/runs/random_v1_39/F-_D_evm_fund_fd_CTLCOnly_refund/result.json /home/aothuatgiadp/blockchain/project/CTLC-Implementation/experiments/scale_trace/runs/random_v1_39/F-_D_evm_fund_fd_CTLCOnly_refund/trace.json
STATUS: 0

STDOUT:
{
  "graph_id": "",
  "pair": "F->D|evm|fund:fd",
  "contract": "CTLCOnly",
  "scenario": "refund",
  "contractAddress": "0x8DD7dfbb1734087Cae93a7137f21f4983C512771",
  "traces": {
    "deploy": {
      "tx_hash": "0x2d01946c0dd03160892224aab8f4d6ef5e6e0dfb897864d6df76250dd05395a3",
      "actual_calldata_bytes": 7187,
      "actual_sstore_count": 11,
      "actual_call_count": 0,
      "opcode_steps": 1550
    },
    "fund": {
      "tx_hash": "0xe047ca0c5340e7ff3f9cf058f360c61c88ef03b4d6c386885e71f12386b3dcb7",
      "actual_calldata_bytes": 0,
      "actual_sstore_count": 0,
      "actual_call_count": 0,
      "opcode_steps": 13
    },
    "refund_level0": {
      "tx_hash": "0xa7c04ab911ca30b4e6c13691abb5c7bad0b95dfbf9a913cc560583763335a86c",
      "actual_calldata_bytes": 4,
      "actual_sstore_count": 1,
      "actual_call_count": 1,
      "opcode_steps": 229
    }
  }
}


STDERR:

