COMMAND: python3 experiments/scale_trace/scripts/trace_result_json.py /home/aothuatgiadp/blockchain/project/CTLC-Implementation/experiments/scale_trace/runs/random_v1_2/F-_G_evm_fund_fg_CTLCMultipleEdges_refund/result.json /home/aothuatgiadp/blockchain/project/CTLC-Implementation/experiments/scale_trace/runs/random_v1_2/F-_G_evm_fund_fg_CTLCMultipleEdges_refund/trace.json
STATUS: 0

STDOUT:
{
  "graph_id": "",
  "pair": "F->G|evm|fund:fg",
  "contract": "CTLCMultipleEdges",
  "scenario": "refund",
  "contractAddress": "0xE4c07A8D6E5E49bbeae99aE7b4e1BE7D6De9a1Ac",
  "traces": {
    "deploy": {
      "tx_hash": "0x09c4ac04cf29e73bc43b910b84fa72d5de71010884772fb4fd2722f41c59065f",
      "actual_calldata_bytes": 8073,
      "actual_sstore_count": 19,
      "actual_call_count": 0,
      "opcode_steps": 3122
    },
    "fund": {
      "tx_hash": "0x9fc11f27bdf46dd2d88b0a2d78ab65affb65ac9b5fee8f2142d28a88dd2ffef4",
      "actual_calldata_bytes": 0,
      "actual_sstore_count": 0,
      "actual_call_count": 0,
      "opcode_steps": 13
    },
    "refund_level0": {
      "tx_hash": "0xd657e3ce037819fd2649f3e0db826f5cd2c26dadada6ccec2d21681f0fcef934",
      "actual_calldata_bytes": 4,
      "actual_sstore_count": 1,
      "actual_call_count": 1,
      "opcode_steps": 224
    }
  }
}


STDERR:

