ganache v7.9.2 (@ganache/cli: 0.10.2, @ganache/core: 0.10.2)
Starting RPC server
web3_clientVersion

Available Accounts
==================
(0) 0x81752f59F5B74e29773f304B56C75b97d05eDc4f (1000 ETH)
(1) 0x773BF6449b52eBFf15e6e9001772Cf19bFA49c28 (1000 ETH)
(2) 0x088c73Ce03507EC7E6601aa753A565f94CF04441 (1000 ETH)
(3) 0x97eD92bf2b60C5E396C39909218893b3178A732a (1000 ETH)
(4) 0x772945756B0d135EB2C79ea6540e7938b27a43c2 (1000 ETH)
(5) 0x750A432A333C58a2dD0Afd96ffFC9134227f4823 (1000 ETH)
(6) 0x979FA3F749468415f68650E525d3f3119AF3613C (1000 ETH)
(7) 0x0B58f79ff3C7f66e96Be78388eaFb3aF49E5c9eF (1000 ETH)
(8) 0x635D30e044BADDB93758D367579f14B5dafc3041 (1000 ETH)
(9) 0xFe9a3C24bD5289BEf03E3574aDA82508B89F4dc8 (1000 ETH)

Private Keys
==================
(0) 0x9fdd95e09f84d9c0b95a1003d03c0b4132c708f063e09d16a100cca3faec13db
(1) 0x6f8d554b2cb227bffa4ea58bb7407224a74321628b319299e0e256d3626da4f8
(2) 0x2c297b6119dbc64290e4fc8b54fe670541c51c02640b992c8705177c5889ad1e
(3) 0xb2697c03b907f0e85d06ffc4d0e012539d7a3981c302c864d8dca043e08359ec
(4) 0xdf9db4aa1674949cec81ebaa9413838fe3b75ea05b3ff2a698840dcaf6b2199a
(5) 0x890ed9e1d0d9a93548e63ce4aad56c605744fb672702558f33ce1e941bdce83f
(6) 0xe52e3645d9d074780c43c82a2d88ab4bfd5ac43d38339d9220f98ee5962792b4
(7) 0x4e5593a68157550288baa71ab63b2d3dde5af5bd93db7db511c6ef27c942962b
(8) 0xf36a2b5e2b8ed58a741d6731c3a91a294d53eecdfc6e6781afbffee546e0a90a
(9) 0x6d4da9d9900db813a1bab83ee023292613b66f38234896e5489c6d0797a00d33

HD Wallet
==================
Mnemonic:      burst young maximum wonder detail unhappy rain board summer dance ugly suffer
Base HD Path:  m/44'/60'/0'/0/{account_index}

Default Gas Price
==================
2000000000

BlockGas Limit
==================
30000000

Call Gas Limit
==================
50000000

Chain
==================
Hardfork: shanghai
Id:       1337

RPC Listening on 127.0.0.1:8545
eth_blockNumber
net_version
eth_accounts
eth_accounts
eth_blockNumber
net_version
eth_getBlockByNumber
eth_estimateGas
eth_getBlockByNumber
eth_gasPrice
eth_sendTransaction

  Transaction: 0x61bd34e18c732b04dce768a7e569bb5590691da4cdf867bcd30ab65329c218f3
  Contract created: 0x62057cc4c9b1d68da47c3d2e6cc10c49dc9b932f
  Gas usage: 1100975
  Block number: 1
  Block time: Thu May 07 2026 21:29:38 GMT+0700 (Indochina Time)

eth_getTransactionReceipt
eth_getCode
eth_getTransactionReceipt
eth_getBlockByNumber
eth_gasPrice
eth_sendTransaction

  Transaction: 0x9a99f8a30432f7ab9c26d6534d1b62b0ba223664ccfcad6bb080122ff90284b9
  Gas usage: 21055
  Block number: 2
  Block time: Thu May 07 2026 21:29:38 GMT+0700 (Indochina Time)

eth_getTransactionReceipt
eth_blockNumber
evm_mine
eth_blockNumber
evm_mine
eth_blockNumber
evm_mine
eth_blockNumber
evm_mine
eth_blockNumber
net_version
eth_getBlockByNumber
eth_estimateGas
eth_getBlockByNumber
eth_gasPrice
eth_sendTransaction

  Transaction: 0x4beb08c37d41be4bdf996a411d189e2325a6e97fac607942e8533f72976cb58b
  Gas usage: 59561
  Block number: 7
  Block time: Thu May 07 2026 21:29:38 GMT+0700 (Indochina Time)

eth_getTransactionReceipt
eth_blockNumber
eth_getBalance
eth_getTransactionByHash
debug_traceTransaction
eth_getTransactionByHash
debug_traceTransaction
eth_getTransactionByHash
debug_traceTransaction

Received shutdown signal: SIGTERM
Shutting down…
Server has been shut down
