ganache v7.9.2 (@ganache/cli: 0.10.2, @ganache/core: 0.10.2)
Starting RPC server

Available Accounts
==================
(0) 0xde0B16168E6df02d42c18130a0Ef2cA1C975Bb44 (1000 ETH)
(1) 0x01560A160ed43DAa78204d5ea566ceeD23bD9C1e (1000 ETH)
(2) 0x38F0Dea1F9739b98828b89c8598a76b8E743C7d5 (1000 ETH)
(3) 0x5511f4Dac96C1Ae6E1b21d545539227dF9219bb3 (1000 ETH)
(4) 0x01461eC6AbD30e4035d6d2760eED371E3c59aaed (1000 ETH)
(5) 0x9E24fA59F64E5E26C36d330CE3933338d0e20a19 (1000 ETH)
(6) 0xdA6a89453348732A2761Cd445199942a2b95257d (1000 ETH)
(7) 0x4a0Aa8E736950d5D8FdA682eF778381395B25754 (1000 ETH)
(8) 0xba273EDaF19F1417cB7445EB0C2622045E3618e5 (1000 ETH)
(9) 0x392D73B138c714D201EE8BE6A813C117F6d5a4e0 (1000 ETH)

Private Keys
==================
(0) 0x76772d7ff71399e51007d2222c402176244ac7ade1c818e2063cea58bb3941cf
(1) 0x41de8b345ed5ffa784a23cbedc807412f9258c7563de18e61a00bbb7e84e7d1a
(2) 0x0a008977a59fdf09ca5018396ff872668bffb24b045e76f6a1cf8cc147f7c4f0
(3) 0x50b64500fdcfedd57dd41bcc2b7344f621633f7cae2f953c66efbfb6529b292c
(4) 0x9335c3eef40a66f10e606aa6dd1ae1579930daa56470511a6f17d042e7c35a64
(5) 0xa35022d12162a75482041bdf4d53f64c176f380ca35f1455a151af9792e13819
(6) 0xda6acdd7fdcb62d6e2b88b7df728294dfaafcaf1cacd60b7cb9c5e830c94ffd8
(7) 0x425e35765254c1defcf270626648eee6cbdda95a5a26ca89571e0f1605fcf45a
(8) 0xf022de5eca36e796767f93ccdcf6af5eb5dfa4a884ce2b703298d02a1f8e0e4b
(9) 0xc3176bfa4b2bc238f539a01727b8c0acd28164e17bda76b86e6a74c3dda377a6

HD Wallet
==================
Mnemonic:      sudden hope hobby fog fee start ivory spare alter ribbon material crime
Base HD Path:  m/44'/60'/0'/0/{account_index}

Default Gas Price
==================
2000000000

BlockGas Limit
==================
30000000

Call Gas Limit
==================
50000000

Chain
==================
Hardfork: shanghai
Id:       1337

RPC Listening on 127.0.0.1:8545
web3_clientVersion
eth_blockNumber
net_version
eth_accounts
eth_accounts
eth_blockNumber
net_version
eth_getBlockByNumber
eth_estimateGas
eth_getBlockByNumber
eth_gasPrice
eth_sendTransaction

  Transaction: 0xa788830da9dc317a758d87664e95ac137d18388eb48b6b0d74ff058410977f35
  Contract created: 0xee0ee2e6a8b7d5a46c6b85168e479dbf669a3799
  Gas usage: 1446788
  Block number: 1
  Block time: Thu May 07 2026 21:39:30 GMT+0700 (Indochina Time)

eth_getTransactionReceipt
eth_getCode
eth_getTransactionReceipt
eth_getBlockByNumber
eth_gasPrice
eth_sendTransaction

  Transaction: 0x80f1d1bf23cde1d7936db92b2b91655ff3cdfe28ce2a919bc0f1655d14108e96
  Gas usage: 21055
  Block number: 2
  Block time: Thu May 07 2026 21:39:30 GMT+0700 (Indochina Time)

eth_getTransactionReceipt
eth_blockNumber
evm_mine
eth_blockNumber
evm_mine
eth_blockNumber
evm_mine
eth_blockNumber
evm_mine
eth_blockNumber
evm_mine
eth_blockNumber
net_version
eth_getBlockByNumber
eth_estimateGas
eth_getBlockByNumber
eth_gasPrice
eth_sendTransaction

  Transaction: 0x93237434174bc2da10cd0bd33afff95eaa6ea881178f0f9e80d6a7debb4ead9b
  Gas usage: 52925
  Block number: 8
  Block time: Thu May 07 2026 21:39:30 GMT+0700 (Indochina Time)

eth_getTransactionReceipt
net_version
eth_getBlockByNumber
eth_estimateGas
eth_getBlockByNumber
eth_gasPrice
eth_sendTransaction

  Transaction: 0xb701ce9ca39c1c437d5882f0cdf0a9477a8cdb8481317aa3e8a0fcf331dd54d1
  Gas usage: 80279
  Block number: 9
  Block time: Thu May 07 2026 21:39:30 GMT+0700 (Indochina Time)

eth_getTransactionReceipt
eth_blockNumber
eth_getBalance
eth_getTransactionByHash
debug_traceTransaction
eth_getTransactionByHash
debug_traceTransaction
eth_getTransactionByHash
debug_traceTransaction
eth_getTransactionByHash
debug_traceTransaction

Received shutdown signal: SIGTERM
Shutting down…
Server has been shut down
