Using network 'development'.

{
  "ok": true,
  "graph_id": "",
  "pair": "E->B|evm|fund:eb",
  "pairKey": "E->B|evm|fund:eb",
  "contract": "CTLCOnly",
  "scenario": "best_claim",
  "deployGas": "0x139b2a",
  "gasUsed": "72862",
  "disableGasUsed": "",
  "claimGasUsed": "72862",
  "refundGasUsed": "",
  "contractAddress": "0xa03119E9036fB80fdA49f3F9714Fd4a152FA201d",
  "startBlock": "0",
  "endBlock": "3",
  "finalContractBalanceWei": "0",
  "deployer": "0xabf5Baa63dd73940f92108B6D61008Db7F5D374f",
  "party": "0x1766AE5436c5e8413B4990c1dD9F62A0b3C24D95",
  "counterparty": "0xd5A43e314dBcDE17D803DC228653e045c8eE0C0F",
  "fundingWei": "1000000000000000000",
  "timelocks": [
    8,
    9
  ],
  "transactions": [
    {
      "role": "deploy",
      "txHash": "0x61461935e74a5b29ce07034ab4e9a6e571aaafff5e6425fd29a2358d0fc6260f"
    },
    {
      "role": "fund",
      "txHash": "0x8001bf4deb5c59c2f006c1bba298b6ea3249cb50acf88aeb6725c0438304ca4c"
    },
    {
      "role": "claim",
      "txHash": "0x11ad9765da4faace7995c3ca0fb0b08f3e334e60d61c3a90553967037323348d",
      "level": 0,
      "option": 0
    }
  ],
  "txRoles": [
    {
      "role": "deploy",
      "txHash": "0x61461935e74a5b29ce07034ab4e9a6e571aaafff5e6425fd29a2358d0fc6260f"
    },
    {
      "role": "fund",
      "txHash": "0x8001bf4deb5c59c2f006c1bba298b6ea3249cb50acf88aeb6725c0438304ca4c"
    },
    {
      "role": "claim",
      "txHash": "0x11ad9765da4faace7995c3ca0fb0b08f3e334e60d61c3a90553967037323348d",
      "level": 0,
      "option": 0
    }
  ],
  "deployTxHash": "0x61461935e74a5b29ce07034ab4e9a6e571aaafff5e6425fd29a2358d0fc6260f",
  "fundTxHash": "0x8001bf4deb5c59c2f006c1bba298b6ea3249cb50acf88aeb6725c0438304ca4c",
  "claimTxHash": "0x11ad9765da4faace7995c3ca0fb0b08f3e334e60d61c3a90553967037323348d",
  "txHash": "0x11ad9765da4faace7995c3ca0fb0b08f3e334e60d61c3a90553967037323348d",
  "tx": "0x11ad9765da4faace7995c3ca0fb0b08f3e334e60d61c3a90553967037323348d"
}
