ganache v7.9.2 (@ganache/cli: 0.10.2, @ganache/core: 0.10.2)
Starting RPC server

Available Accounts
==================
(0) 0x5Ba125a43f36acF7E82cE1EDc1F16E03F9f31F55 (1000 ETH)
(1) 0x94534a76C90F9C4d68d33616Fd7da3A9D73afb5C (1000 ETH)
(2) 0xeB150fa8e4fe86262c790Dd0d8E45a6Ade47b713 (1000 ETH)
(3) 0x20652E04bF9f3af275306aEa99Cc6C7C4e613560 (1000 ETH)
(4) 0x85e3B3379cc7CdfcAFf7eE9023AF0197a10a6928 (1000 ETH)
(5) 0x07c1896aD7eB4Ecbcf48d0433b66625438f8d0fb (1000 ETH)
(6) 0x35FcCd29b7A2985C5F0B563D231832268A3051F5 (1000 ETH)
(7) 0xd1f285134f63E81c883314024b9B6709172f8647 (1000 ETH)
(8) 0x7e99092175d309022c88c071B181A7BaF074d353 (1000 ETH)
(9) 0xF22c93B1AB550F207ABCD84Ca6603C380B8D5b46 (1000 ETH)

Private Keys
==================
(0) 0xb7f3b6027f10bb842c8d6473b7ea5cafd378e42f4c335ca5f742d4a39f0a6e40
(1) 0xe3cb2e288bc81e3bf565d83fd28cb9e9dccdb36be4991ba5b30c44dcac7302b1
(2) 0x6855be355c6a6c0f4ff268cd93a2d557e479b818bf3c75ba71549d126fd2ca6c
(3) 0x5a3535ad90c2bf2039dc5ed254ed60d9049ab178dcd378d89bd519ebc464d236
(4) 0x10009c0a2ff17d3f5cb1681de8ca6c8912600727afe04c5251aaa74ac0d14ae1
(5) 0x755d1b5a8f04a71551321fdb41f6770756162841113d24078d900b54c39606ae
(6) 0x9a15187ebd49e4bb03c0d64f48f78ffc62f17a734a1f3143fbdbd2f0e9cdc711
(7) 0x4cbd0aad20e5ba7f64463e9b88bebf8672c655c99d924083a3e015b181690d35
(8) 0x7170161ae936a82feba3dda3c5c481cd09b5d6f18e318b9c4dacabfd01fdf623
(9) 0xdb8bd7721da98c5426f47358cbdcf78a96cd0adfb29002b30c7ebae71bc79f50

HD Wallet
==================
Mnemonic:      place box exist carbon north life anchor quality curious select clog friend
Base HD Path:  m/44'/60'/0'/0/{account_index}

Default Gas Price
==================
2000000000

BlockGas Limit
==================
30000000

Call Gas Limit
==================
50000000

Chain
==================
Hardfork: shanghai
Id:       1337

RPC Listening on 127.0.0.1:8545
web3_clientVersion
eth_blockNumber
net_version
eth_accounts
eth_accounts
eth_blockNumber
net_version
eth_getBlockByNumber
eth_estimateGas
eth_getBlockByNumber
eth_gasPrice
eth_sendTransaction

  Transaction: 0xc4ad560510ac64f4484fa9ef5e99b749a78230fb36f367a319de5b87f5f4a1c0
  Contract created: 0xf3446349624e570103a359f5ea03aba275090149
  Gas usage: 1331074
  Block number: 1
  Block time: Thu May 07 2026 21:48:13 GMT+0700 (Indochina Time)

eth_getTransactionReceipt
eth_getCode
eth_getTransactionReceipt
eth_getBlockByNumber
eth_gasPrice
eth_sendTransaction

  Transaction: 0xe329c524d0350961c3264d52ffb558719183c71a79a964edf1a3a7be9244dae5
  Gas usage: 21055
  Block number: 2
  Block time: Thu May 07 2026 21:48:14 GMT+0700 (Indochina Time)

eth_getTransactionReceipt
net_version
eth_getBlockByNumber
eth_estimateGas
eth_getBlockByNumber
eth_gasPrice
eth_sendTransaction

  Transaction: 0xc84ca5ab0f0365599f769b76c07e0d7ad12512f5f94daf482ff541c88a4dc022
  Gas usage: 80243
  Block number: 3
  Block time: Thu May 07 2026 21:48:14 GMT+0700 (Indochina Time)

eth_getTransactionReceipt
eth_blockNumber
eth_getBalance
eth_getTransactionByHash
debug_traceTransaction
eth_getTransactionByHash
debug_traceTransaction
eth_getTransactionByHash
debug_traceTransaction

Received shutdown signal: SIGTERM
Shutting down…
Server has been shut down
