ganache v7.9.2 (@ganache/cli: 0.10.2, @ganache/core: 0.10.2)
Starting RPC server

Available Accounts
==================
(0) 0xEC6bb8a1707870bddb194f08b5e0DC48Ed934424 (1000 ETH)
(1) 0xB3ED67ac0f499D7369F45c18ac8a1596f862C2c9 (1000 ETH)
(2) 0x6dEBeDbFA0948228d3eD3B7Fc7603D61AA10FAE2 (1000 ETH)
(3) 0xeFa8fe95Acc59Dc2B3C60BA80e5146cdF3A5BA20 (1000 ETH)
(4) 0xE232Ea3424228F575A52CCbf0F321Cfb9031EF25 (1000 ETH)
(5) 0xD57cEFE6e29cDFA88a6c052c26619C7d7e508BdA (1000 ETH)
(6) 0x2FA8fD44FD57cf98b83f8b6eE1080b0ce5a5b841 (1000 ETH)
(7) 0x9c1AaBB017A54AD6c51D7Dfd3AB6aE975A0f3bF9 (1000 ETH)
(8) 0x54F5Aea8b311A0508bA0F2b9004B75D2292DD17c (1000 ETH)
(9) 0xC110E8790d00E02D28fEaDaF2a8682257ee3e032 (1000 ETH)

Private Keys
==================
(0) 0xaf2b06d3c8e67a2d5d7ca19c9027ff1163705cef073d097d82c0b694bcd3aa37
(1) 0x74b1b17791533137cff8624a73287fe7e732f5222492cfde5895f68a4af2a83e
(2) 0x4f64aef90f0fffe2399841a98623bf4d37eb087624dbd426c0d89676642d4a78
(3) 0x96623e91fd9b84193962363ab09bf237ecd83c4f435b385f676fb1c6857ec151
(4) 0x7494543e03e6ca687aaee94c7d951367cb1772fbecf9ac8b58f05182dd634a14
(5) 0x6efd7d73447a37a300fe0bca1bf5f7801b3d7bfca5974a22dd891d45451d5918
(6) 0xfb03fb9e3ae9508e13d269087754007b1f80cf6d160a97862d11da5e7ac16bb3
(7) 0x958a1e60035cb712229a7e636470b16650d44210d7ece54fcfe83d46bbc26a1d
(8) 0x904809f5240e692fe37604420cbed63a1a16ce942afac7f1b5611f543687d442
(9) 0x2b509a542aa70e2b3b00ea72f1fc1c1c64119a4d3e2c52a9c87ffeebf3ca9c7f

HD Wallet
==================
Mnemonic:      maid tunnel cargo solar gloom lunar rare alarm fork trial rocket orphan
Base HD Path:  m/44'/60'/0'/0/{account_index}

Default Gas Price
==================
2000000000

BlockGas Limit
==================
30000000

Call Gas Limit
==================
50000000

Chain
==================
Hardfork: shanghai
Id:       1337

RPC Listening on 127.0.0.1:8545
web3_clientVersion
eth_blockNumber
net_version
eth_accounts
eth_accounts
eth_blockNumber
net_version
eth_getBlockByNumber
eth_estimateGas
eth_getBlockByNumber
eth_gasPrice
eth_sendTransaction

  Transaction: 0xf87b064e6730c95dfd1377d9db886210930e8fc65666b705af2828fa4fdc6818
  Contract created: 0xc9a37019d00ddc3ec8871d2fcda77b342a44f161
  Gas usage: 1146811
  Block number: 1
  Block time: Fri May 08 2026 02:46:17 GMT+0700 (Indochina Time)

eth_getTransactionReceipt
eth_getCode
eth_getTransactionReceipt
eth_getBlockByNumber
eth_gasPrice
eth_sendTransaction

  Transaction: 0xd58769a129527d9cfa5eaf1392afc9c64adcbeda6cf19190fac840d339559b91
  Gas usage: 21055
  Block number: 2
  Block time: Fri May 08 2026 02:46:17 GMT+0700 (Indochina Time)

eth_getTransactionReceipt
net_version
eth_getBlockByNumber
eth_estimateGas
eth_getBlockByNumber
eth_gasPrice
eth_sendTransaction

  Transaction: 0xc0ce5c78d3fdf405faac5e4329f7b73bb669d5fefd46fcc40153b684e7a767b5
  Gas usage: 72850
  Block number: 3
  Block time: Fri May 08 2026 02:46:17 GMT+0700 (Indochina Time)

eth_getTransactionReceipt
eth_blockNumber
eth_getBalance
eth_getTransactionByHash
debug_traceTransaction
eth_getTransactionByHash
debug_traceTransaction
eth_getTransactionByHash
debug_traceTransaction

Received shutdown signal: SIGTERM
Shutting down…
Server has been shut down
