Using network 'development'.

{
  "ok": true,
  "graph_id": "",
  "pair": "B->E|evm|fund:be",
  "pairKey": "B->E|evm|fund:be",
  "contract": "CTLCOnly",
  "scenario": "refund",
  "deployGas": "0x11d92f",
  "gasUsed": "59561",
  "disableGasUsed": "0",
  "claimGasUsed": "",
  "refundGasUsed": "59561",
  "contractAddress": "0x3e68Af1abBb78fFe2645d9b7B81E7052E7fc23dE",
  "startBlock": "0",
  "endBlock": "10",
  "finalContractBalanceWei": "0",
  "deployer": "0xf07D9d97491c9b8D5c1125ceC85098659Bd1698c",
  "party": "0xEd6a3ab0262C89bBfdbBa6C117830e75f6A3Dc24",
  "counterparty": "0xF3AD9b0cD4DbA81EdA5eE40273cCA8C3D184D4a3",
  "fundingWei": "1000000000000000000",
  "timelocks": [
    9
  ],
  "transactions": [
    {
      "role": "deploy",
      "txHash": "0x2e048b390e56777567336386dc02c64a4de2ac1f29c5345ed283fe8972b390ab"
    },
    {
      "role": "fund",
      "txHash": "0x0367db3317e0019cbed8ce588b207781ea453e02b6eeca562c5f4cba0000eb8d"
    },
    {
      "role": "refund",
      "txHash": "0xa730feb263545edfb1f99b2d193b2e42b1c1abb1e71131a411378538cfcd7c9f",
      "level": 0
    }
  ],
  "txRoles": [
    {
      "role": "deploy",
      "txHash": "0x2e048b390e56777567336386dc02c64a4de2ac1f29c5345ed283fe8972b390ab"
    },
    {
      "role": "fund",
      "txHash": "0x0367db3317e0019cbed8ce588b207781ea453e02b6eeca562c5f4cba0000eb8d"
    },
    {
      "role": "refund",
      "txHash": "0xa730feb263545edfb1f99b2d193b2e42b1c1abb1e71131a411378538cfcd7c9f",
      "level": 0
    }
  ],
  "deployTxHash": "0x2e048b390e56777567336386dc02c64a4de2ac1f29c5345ed283fe8972b390ab",
  "fundTxHash": "0x0367db3317e0019cbed8ce588b207781ea453e02b6eeca562c5f4cba0000eb8d",
  "refundTxHash": "0xa730feb263545edfb1f99b2d193b2e42b1c1abb1e71131a411378538cfcd7c9f",
  "refundTx": "0xa730feb263545edfb1f99b2d193b2e42b1c1abb1e71131a411378538cfcd7c9f"
}
