COMMAND: python3 experiments/scale_trace/scripts/trace_result_json.py /home/aothuatgiadp/blockchain/project/CTLC-Implementation/experiments/scale_trace/runs/random_v1_165/B-_D_evm_fund_bd_CTLCMultipleEdges_worst_claim/result.json /home/aothuatgiadp/blockchain/project/CTLC-Implementation/experiments/scale_trace/runs/random_v1_165/B-_D_evm_fund_bd_CTLCMultipleEdges_worst_claim/trace.json
STATUS: 0

STDOUT:
{
  "graph_id": "",
  "pair": "B->D|evm|fund:bd",
  "contract": "CTLCMultipleEdges",
  "scenario": "worst_claim",
  "contractAddress": "0xcACf5c7a49A2729370095A24891432C80677c1a8",
  "traces": {
    "deploy": {
      "tx_hash": "0xba510b59a175fa0f80a487333db621e060568647ea2e188b91faec58e84e46fd",
      "actual_calldata_bytes": 7817,
      "actual_sstore_count": 13,
      "actual_call_count": 0,
      "opcode_steps": 2160
    },
    "fund": {
      "tx_hash": "0x6e48a192938cea7a19071c0fc6bd47b1cf42f3c7ae6f9ed873f5639944b84587",
      "actual_calldata_bytes": 0,
      "actual_sstore_count": 0,
      "actual_call_count": 0,
      "opcode_steps": 13
    },
    "claim_level0": {
      "tx_hash": "0xa5e439b1b609087ef87e72826c7d0d4b7405fde2862f872adf2d0521104cd1bb",
      "actual_calldata_bytes": 324,
      "actual_sstore_count": 1,
      "actual_call_count": 1,
      "opcode_steps": 1241
    }
  }
}


STDERR:

