COMMAND: python3 experiments/scale_trace/scripts/trace_result_json.py /home/aothuatgiadp/blockchain/project/CTLC-Implementation/experiments/scale_trace/runs/random_v1_205/C-_D_evm_fund_cd_CTLCOnly_refund/result.json /home/aothuatgiadp/blockchain/project/CTLC-Implementation/experiments/scale_trace/runs/random_v1_205/C-_D_evm_fund_cd_CTLCOnly_refund/trace.json
STATUS: 0

STDOUT:
{
  "graph_id": "",
  "pair": "C->D|evm|fund:cd",
  "contract": "CTLCOnly",
  "scenario": "refund",
  "contractAddress": "0x11f33D7610fb9De45788C8825F69291A29DEb89D",
  "traces": {
    "deploy": {
      "tx_hash": "0xf716e8382a97ca166f00a03b63d8d63fc70d30bfe123bd38f12ee65e77b094f6",
      "actual_calldata_bytes": 7123,
      "actual_sstore_count": 9,
      "actual_call_count": 0,
      "opcode_steps": 1374
    },
    "fund": {
      "tx_hash": "0x00bc9f266098fa8a7d473ea19afd7b566a58b573e60a46563014eb393d3191e4",
      "actual_calldata_bytes": 0,
      "actual_sstore_count": 0,
      "actual_call_count": 0,
      "opcode_steps": 13
    },
    "refund_level0": {
      "tx_hash": "0xf5c76bc116238a22d2bc371b0979b7e23c003d5ef5d6307e02933fac50b08263",
      "actual_calldata_bytes": 4,
      "actual_sstore_count": 1,
      "actual_call_count": 1,
      "opcode_steps": 229
    }
  }
}


STDERR:

