ganache v7.9.2 (@ganache/cli: 0.10.2, @ganache/core: 0.10.2)
Starting RPC server
web3_clientVersion

Available Accounts
==================
(0) 0x5B3Be91b06F04Cf14A05e50A7DeAC3d5E19d4115 (1000 ETH)
(1) 0xBEA4A72993d97553CdC2b489F5923f7e3D45AdFD (1000 ETH)
(2) 0x75c1aAafcfB2d8e757222F209Ae8Bdb4623c99F7 (1000 ETH)
(3) 0x0a6d848CDC17a8c29C34BFD2b24883eA10C21Fef (1000 ETH)
(4) 0xcE30Ed279ADF39668497a6Bd3f30a27D66fD7F82 (1000 ETH)
(5) 0x9fA8F47397e8ac359BE04cC0Afb270885209a027 (1000 ETH)
(6) 0x7911402553e38B59A6fa7E0a9DCff9870Bd66D1D (1000 ETH)
(7) 0x33320FfCc330341d5739eba2b69F783e6B28e9dF (1000 ETH)
(8) 0xB68acf407eE60E374203295D9e7dDB4D2004ddA6 (1000 ETH)
(9) 0x33842831dda6A42EB4FE83D53f6F9D6BFFB568b1 (1000 ETH)

Private Keys
==================
(0) 0x9ae92c5e87d08cfe9572ae1283f8f7c6fcee667f65253e63c85be3dc4e1ecbbf
(1) 0xea0b596a1dda9834cb8b0b6ccaba31f4bb8bb9a36d8c796e2a9b86e58b0cb042
(2) 0xc0d0578fab68aefa81260d6ff41ba704f60aabb578a5a67309d2d1dea611e075
(3) 0x6224b3ff1e40eb2332eea4f92880d41f3aa5993b2df5540557e10e388928a3d9
(4) 0xcf27ff75c0b772912ae8327f9914d8bb8ff5e5c99814d94df8da9c97f761e253
(5) 0x3c8576146ebb92c8c05c0e59d60e037fca2f0dda7e2b70d8605644bea48c866f
(6) 0x8c6bd6d24e4f81290e14c7b3c42660fbfe556d685c4abd3503edb0d084650cdc
(7) 0x1c880bf5a8f2c08788fe9c5f7d05670dad6cbf24f6b0c34c9bf3a1b1928494c8
(8) 0x7f9ab43ccf4dab5cc2ac801fa81f7198977c3d7d60922b51a84b051018854275
(9) 0xbc089e015d27e2774e15693fcaebc64da1bdaeb74618d1ed49b03446d4ea110d

HD Wallet
==================
Mnemonic:      front hunt menu beef penalty acquire resemble shoe tent expose shell giraffe
Base HD Path:  m/44'/60'/0'/0/{account_index}

Default Gas Price
==================
2000000000

BlockGas Limit
==================
30000000

Call Gas Limit
==================
50000000

Chain
==================
Hardfork: shanghai
Id:       1337

RPC Listening on 127.0.0.1:8545
eth_blockNumber
net_version
eth_accounts
eth_accounts
eth_blockNumber
net_version
eth_getBlockByNumber
eth_estimateGas
eth_getBlockByNumber
eth_gasPrice
eth_sendTransaction

  Transaction: 0xe68e42d4786921e923e5d0979f9a35700739b34eb0f72482ea2f9e7723d3c863
  Contract created: 0xb96f783284d9546882873143ace81f664cb34ea8
  Gas usage: 1146799
  Block number: 1
  Block time: Thu May 07 2026 21:07:14 GMT+0700 (Indochina Time)

eth_getTransactionReceipt
eth_getCode
eth_getTransactionReceipt
eth_getBlockByNumber
eth_gasPrice
eth_sendTransaction

  Transaction: 0xb4ce00252bf262e41d5f440f61e3073024fe048508febc77fb296fa7d6a610aa
  Gas usage: 21055
  Block number: 2
  Block time: Thu May 07 2026 21:07:14 GMT+0700 (Indochina Time)

eth_getTransactionReceipt
eth_blockNumber
evm_mine
eth_blockNumber
evm_mine
eth_blockNumber
evm_mine
eth_blockNumber
evm_mine
eth_blockNumber
evm_mine
eth_blockNumber
evm_mine
eth_blockNumber
net_version
eth_getBlockByNumber
eth_estimateGas
eth_getBlockByNumber
eth_gasPrice
eth_sendTransaction

  Transaction: 0x8e15fee1f7dafce58ef9ebabfb1c4f93f1db57be31462e005ab651c806a9b51e
  Gas usage: 59561
  Block number: 9
  Block time: Thu May 07 2026 21:07:14 GMT+0700 (Indochina Time)

eth_getTransactionReceipt
eth_blockNumber
eth_getBalance
eth_getTransactionByHash
debug_traceTransaction
eth_getTransactionByHash
debug_traceTransaction
eth_getTransactionByHash
debug_traceTransaction

Received shutdown signal: SIGTERM
Shutting down…
Server has been shut down
