Using network 'development'.

{
  "ok": true,
  "graph_id": "",
  "pair": "D->A|evm|fund:da",
  "pairKey": "D->A|evm|fund:da",
  "contract": "CTLCMultipleEdges",
  "scenario": "refund",
  "deployGas": "0x1236a6",
  "gasUsed": "59539",
  "disableGasUsed": "0",
  "claimGasUsed": "",
  "refundGasUsed": "59539",
  "contractAddress": "0x559A67dFe87f3075b91066902819f39DC0A61f75",
  "startBlock": "0",
  "endBlock": "7",
  "finalContractBalanceWei": "0",
  "deployer": "0xaDDfA8237bBA117FD6B4714130548121EC63A777",
  "party": "0x245c87cBA90a7822d03762Af0392F542A686FA8e",
  "counterparty": "0x3e8Ec61818Ce999eAa0140a8dbb81cb7c24fC1a1",
  "fundingWei": "1000000000000000000",
  "timelocks": [
    6
  ],
  "transactions": [
    {
      "role": "deploy",
      "txHash": "0x7c3753337b9686e90f67090fb3fa496e166fe891e26098985f0d23113e98a700"
    },
    {
      "role": "fund",
      "txHash": "0x2a60d7e5746c8e97c3e6a16f58fef9fef9635b0dd5732fa329bcf4dfc4fbd35b"
    },
    {
      "role": "refund",
      "txHash": "0x82a61c6176767db8d7a7274f2e19023c4712aaf0755662c1e6a6ac989f6846a9",
      "level": 0
    }
  ],
  "txRoles": [
    {
      "role": "deploy",
      "txHash": "0x7c3753337b9686e90f67090fb3fa496e166fe891e26098985f0d23113e98a700"
    },
    {
      "role": "fund",
      "txHash": "0x2a60d7e5746c8e97c3e6a16f58fef9fef9635b0dd5732fa329bcf4dfc4fbd35b"
    },
    {
      "role": "refund",
      "txHash": "0x82a61c6176767db8d7a7274f2e19023c4712aaf0755662c1e6a6ac989f6846a9",
      "level": 0
    }
  ],
  "deployTxHash": "0x7c3753337b9686e90f67090fb3fa496e166fe891e26098985f0d23113e98a700",
  "fundTxHash": "0x2a60d7e5746c8e97c3e6a16f58fef9fef9635b0dd5732fa329bcf4dfc4fbd35b",
  "refundTxHash": "0x82a61c6176767db8d7a7274f2e19023c4712aaf0755662c1e6a6ac989f6846a9",
  "refundTx": "0x82a61c6176767db8d7a7274f2e19023c4712aaf0755662c1e6a6ac989f6846a9"
}
