ganache v7.9.2 (@ganache/cli: 0.10.2, @ganache/core: 0.10.2)
Starting RPC server

Available Accounts
==================
(0) 0xe0261B75aD03E63B346E45CBA9499527e80CEfc4 (1000 ETH)
(1) 0xC7eE21406feECDb030B80bCEd59d366EC01CeEE1 (1000 ETH)
(2) 0x7e77d7Dc04880d08C29b41BF7b9768E51d1c3A6B (1000 ETH)
(3) 0x5c1dCDBfF6aa85fd9E3e248f5DDC72BC04d03a84 (1000 ETH)
(4) 0xd92Ab44AB5Bd1351F91D90a1B74d678B24423f2F (1000 ETH)
(5) 0xaDE1d81F3F4DAcdC660091f27093eF46e09c59Fd (1000 ETH)
(6) 0xC236F6d62d5170Ad12D6814C38A0579382D5a876 (1000 ETH)
(7) 0x7BB585760E4EADEa7103eaE80A92fA55ef33C88a (1000 ETH)
(8) 0x624a85ec6C2697eFa7374eCd05f56663a06F107e (1000 ETH)
(9) 0x79ed56D71bCbb082fCDEb239193F743fA8D722b0 (1000 ETH)

Private Keys
==================
(0) 0x7c2e5dcacef30d8dfaf3ea4985a6a384b9e98b72832b6839685b5fd97c8f02de
(1) 0x27f5a85a53bd6991730e14e54ef5235d4563482032d0c42c18989fc49e33ed8d
(2) 0xc15a00783775eb1db836308e654c6b63059089e6b63e3a5d3fafefdddd1f4dae
(3) 0x2b62517e14e921d2b43ed310e7a7b47c19e7c73da9f18379392c2550cf29eef2
(4) 0x922a7cfaf86b641a3e334cca1fe4640231f64450f9c179cf08614f14e964ee3c
(5) 0xb65a9891ce807e2f4a31ea12861bfd8712064c595bafd9768f88d17b08f2860f
(6) 0x5186d93573041051451e152a676f4f966d0a25128f6a77c523d1bce7ad76b1e2
(7) 0x80cc8af75afefbaed8fbb41ad2c8e9b31e2c351e37784d2b566ccfb689faaf80
(8) 0x4018fd7a9e1df33347a634463d2b82cd383543f7c6cd365c98b0d298272846c6
(9) 0x84d38ce1a2331560136683bfb1a8206f8c1de7c99edf67b1d4f2d2daa91a55d5

HD Wallet
==================
Mnemonic:      rose plunge tilt wink square reform riot furnace soft slogan rib hood
Base HD Path:  m/44'/60'/0'/0/{account_index}

Default Gas Price
==================
2000000000

BlockGas Limit
==================
30000000

Call Gas Limit
==================
50000000

Chain
==================
Hardfork: shanghai
Id:       1337

RPC Listening on 127.0.0.1:8545
web3_clientVersion
eth_blockNumber
net_version
eth_accounts
eth_accounts
eth_blockNumber
net_version
eth_getBlockByNumber
eth_estimateGas
eth_getBlockByNumber
eth_gasPrice
eth_sendTransaction

  Transaction: 0x8bc943fcd579f7a38ec844335f22c20582b466c869d6d511f4ba7a3ec8014bd5
  Contract created: 0xda8d630f25cfe1a7392c4bc8ab64508f88c5275f
  Gas usage: 1100975
  Block number: 1
  Block time: Fri May 08 2026 03:18:42 GMT+0700 (Indochina Time)

eth_getTransactionReceipt
eth_getCode
eth_getTransactionReceipt
eth_getBlockByNumber
eth_gasPrice
eth_sendTransaction

  Transaction: 0x82d23bb68037d6afe4690339f12aa75fb3bec7c40103128daa1b9d08e7c24699
  Gas usage: 21055
  Block number: 2
  Block time: Fri May 08 2026 03:18:42 GMT+0700 (Indochina Time)

eth_getTransactionReceipt
net_version
eth_getBlockByNumber
eth_estimateGas
eth_getBlockByNumber
eth_gasPrice
eth_sendTransaction

  Transaction: 0x7e629244ead899bc2fa45f8154b0e05b87e5ecbc7c7eabe4870d7854c7fee9dc
  Gas usage: 64620
  Block number: 3
  Block time: Fri May 08 2026 03:18:42 GMT+0700 (Indochina Time)

eth_getTransactionReceipt
eth_blockNumber
eth_getBalance
eth_getTransactionByHash
debug_traceTransaction
eth_getTransactionByHash
debug_traceTransaction
eth_getTransactionByHash
debug_traceTransaction

Received shutdown signal: SIGTERM
Shutting down…
Server has been shut down
