ganache v7.9.2 (@ganache/cli: 0.10.2, @ganache/core: 0.10.2)
Starting RPC server

Available Accounts
==================
(0) 0x2D3b0C6fCe5D228ffA70Df6ac232FF6CE9431Cd5 (1000 ETH)
(1) 0xF78421E9b117Eb6Eb788472Fa529f7c370c44A1A (1000 ETH)
(2) 0x52319C2ac26FDA25F528963637BEACB7dE5E7F8a (1000 ETH)
(3) 0x2aE5402a7c442b185d0df18DBa54685D673a8F38 (1000 ETH)
(4) 0xee2166146E1e086622db19eeE193E3dDD9A36775 (1000 ETH)
(5) 0xd39cba2AfD3A449139dad4815C02258e692D90dD (1000 ETH)
(6) 0x03b966ecCB823f1EA8CBd7BEb1FC8d2783E702aA (1000 ETH)
(7) 0x5F0d433ffc85FBDdDb584B504D13a644Ee24eeae (1000 ETH)
(8) 0x41D35078b069c5C1603537152965DdD009D25ed3 (1000 ETH)
(9) 0x731B36f2249B4E6010F708193bBaC07bd3AC5878 (1000 ETH)

Private Keys
==================
(0) 0xe7409cfda455cadb5f057bf4a9153b56ef96d5c11c722a1bcd3a6d6342768685
(1) 0x11b2e286648f1865122f16130e9ec9d089a28b116764c73724b76b2475ff63d6
(2) 0xe09e59fc2b4f38e3e4bc91f5a9e8318634e37c9213ce93103f3e6a3a13802112
(3) 0xd3a55af25eb0f8cd20da89ebb6a6f59674449d0e393462ccb2e870d6811ff80a
(4) 0x98a2fda4494c5eabddcf1b254bc2eff6374ac5a79a137360be4732ac24bdca04
(5) 0x2cb2a424f378c8c54244aea2af346a6d513c515399045295fc09321ef8b38410
(6) 0x5eda4a097b0b582bef2b0a5bb7a2730b32454b4233b0cf47899af9d8995f0602
(7) 0x9b9d02fb7efc0fb26feab7c5dcc88bc46ec4d55f1466f6850feb48749c80b318
(8) 0xdc371196b5bc99a6ad4dbc867c26fc3a42d0b16e420c3f1e0c0df2a5f0b72404
(9) 0x5792798cc77de486b027e8742e57d59129e50ab37db7dd8702106229e34f4de2

HD Wallet
==================
Mnemonic:      isolate sibling web hungry put gift enforce claw kiss search truly century
Base HD Path:  m/44'/60'/0'/0/{account_index}

Default Gas Price
==================
2000000000

BlockGas Limit
==================
30000000

Call Gas Limit
==================
50000000

Chain
==================
Hardfork: shanghai
Id:       1337

RPC Listening on 127.0.0.1:8545
web3_clientVersion
eth_blockNumber
net_version
eth_accounts
eth_accounts
eth_blockNumber
net_version
eth_getBlockByNumber
eth_estimateGas
eth_getBlockByNumber
eth_gasPrice
eth_sendTransaction

  Transaction: 0x0c86e2380d013846ab199eabd283ee205858d2f71b98d6794b6e23ce923d7da1
  Contract created: 0x574e70a05f5bfd9530fe0b748e0dd1b1d6094c18
  Gas usage: 1123899
  Block number: 1
  Block time: Fri May 08 2026 00:14:03 GMT+0700 (Indochina Time)

eth_getTransactionReceipt
eth_getCode
eth_getTransactionReceipt
eth_getBlockByNumber
eth_gasPrice
eth_sendTransaction

  Transaction: 0x4c55500fcfab6f88a28f316d11a0c7b899ff13be8b0d50e21b891f5bce925ca8
  Gas usage: 21055
  Block number: 2
  Block time: Fri May 08 2026 00:14:03 GMT+0700 (Indochina Time)

eth_getTransactionReceipt
eth_blockNumber
evm_mine
eth_blockNumber
evm_mine
eth_blockNumber
evm_mine
eth_blockNumber
evm_mine
eth_blockNumber
evm_mine
eth_blockNumber
net_version
eth_getBlockByNumber
eth_estimateGas
eth_getBlockByNumber
eth_gasPrice
eth_sendTransaction

  Transaction: 0x6d9e99429ff753ffb905f53d57810ff601cc2a9a8fc7868f1ac5d64de1d8910b
  Gas usage: 59561
  Block number: 8
  Block time: Fri May 08 2026 00:14:03 GMT+0700 (Indochina Time)

eth_getTransactionReceipt
eth_blockNumber
eth_getBalance
eth_getTransactionByHash
debug_traceTransaction
eth_getTransactionByHash
debug_traceTransaction
eth_getTransactionByHash
debug_traceTransaction

Received shutdown signal: SIGTERM
Shutting down…
Server has been shut down
