COMMAND: python3 experiments/scale_trace/scripts/trace_result_json.py /home/aothuatgiadp/blockchain/project/CTLC-Implementation/experiments/scale_trace/runs/random_v1_165/B-_C_evm_fund_bc_CTLCMultipleEdges_refund/result.json /home/aothuatgiadp/blockchain/project/CTLC-Implementation/experiments/scale_trace/runs/random_v1_165/B-_C_evm_fund_bc_CTLCMultipleEdges_refund/trace.json
STATUS: 0

STDOUT:
{
  "graph_id": "",
  "pair": "B->C|evm|fund:bc",
  "contract": "CTLCMultipleEdges",
  "scenario": "refund",
  "contractAddress": "0x8eA33789D6471094DF35aeaBD576830AC189Aee2",
  "traces": {
    "deploy": {
      "tx_hash": "0x31e1c8d6d06741f21b4da9175bb971b0e4cf51952ff014adc111ff459cde087a",
      "actual_calldata_bytes": 7881,
      "actual_sstore_count": 15,
      "actual_call_count": 0,
      "opcode_steps": 2336
    },
    "fund": {
      "tx_hash": "0x4ea63d526d4a6b9e2eeff8d49823b6c7c80e8fd7ac7cfc078c71eed89c204bbb",
      "actual_calldata_bytes": 0,
      "actual_sstore_count": 0,
      "actual_call_count": 0,
      "opcode_steps": 13
    },
    "refund_level0": {
      "tx_hash": "0x50adb866c068115a0089f990e42181ad177fa40f5d567d2fc419f5acc3be12ba",
      "actual_calldata_bytes": 4,
      "actual_sstore_count": 1,
      "actual_call_count": 1,
      "opcode_steps": 224
    }
  }
}


STDERR:

