ganache v7.9.2 (@ganache/cli: 0.10.2, @ganache/core: 0.10.2)
Starting RPC server

Available Accounts
==================
(0) 0x92875675ff2427504db411088f053ac9b77f096e (1000 ETH)
(1) 0xa1D72010041E4153E8AD255D5b97e346FcbeB12C (1000 ETH)
(2) 0xBAbb9c62D9Ab1840De258aD12465E9B4122dA5Bb (1000 ETH)
(3) 0x48EE1a9272b5b9633ddF4cB68D226110a1EAbd7c (1000 ETH)
(4) 0x61bd146106D1984a2c3d20d0e86eE2A1D06e5b35 (1000 ETH)
(5) 0xA555A373fbE02b02Fe707B6e8Dd05cDBc570f23B (1000 ETH)
(6) 0xCFdFb0663A92b262017C067dD9BD4Ff8CFE23040 (1000 ETH)
(7) 0x1b1E2d1D5c4e955B2310a62F9CEda556Af2354E6 (1000 ETH)
(8) 0x387469eE7645Aac6fB48023CD6118FdC564FA7d9 (1000 ETH)
(9) 0xcA30660beb681a2cc8B97e5730174268fC2e864F (1000 ETH)

Private Keys
==================
(0) 0x8201c19809f4fa39159cb2272a442988274bd8de26d49fccb3d827bc972e4dc3
(1) 0x4914641dd9ae786476e1780723f4cb4671d45394a7b04f2a9c024eaebd3b729e
(2) 0x318b1858ece94efe010c7e825ff426fc462ba1b31e953ad49e5d5b78eee97690
(3) 0xcd8ae29970be6fcc22c2e9e1ee45d7b9b2129d1f44f7e1f4160ea70a885072e0
(4) 0xf3156a926fc8f255308835e532bb9916144ac562c1d184874f1ead5d393d5917
(5) 0x9ca6e695eb8a851a8734b88899861a10c5e80a7b340664bc9d2bdfa81c355b56
(6) 0x8c678cc613830a4f420a5e950c3e2f99112106852b9d8aec072a6af16dda3510
(7) 0xe3aa17f850ff34f5fe9ab1404e47596bbcaa493e47f1a01f8581af6bbc90bb3e
(8) 0xcd7a586a21862512b39c033ec41cbd7f4feb91c59fa495ae950fc9f67b3b1873
(9) 0xd1e730db6912df670c6688e464ee940195184656809a7c77e0be3e8bccd78442

HD Wallet
==================
Mnemonic:      police jealous act fury turkey crumble obvious job cheap object perfect level
Base HD Path:  m/44'/60'/0'/0/{account_index}

Default Gas Price
==================
2000000000

BlockGas Limit
==================
30000000

Call Gas Limit
==================
50000000

Chain
==================
Hardfork: shanghai
Id:       1337

RPC Listening on 127.0.0.1:8545
web3_clientVersion
eth_blockNumber
net_version
eth_accounts
eth_accounts
eth_blockNumber
net_version
eth_getBlockByNumber
eth_estimateGas
eth_getBlockByNumber
eth_gasPrice
eth_sendTransaction

  Transaction: 0x4b1bad0358d61f8d6679ff98dca0798681e6d0c4f94a65623dd2886fb3709980
  Contract created: 0x47ea00bffe8ca20588b953f161a471b538952a9f
  Gas usage: 1445925
  Block number: 1
  Block time: Thu May 07 2026 22:07:30 GMT+0700 (Indochina Time)

eth_getTransactionReceipt
eth_getCode
eth_getTransactionReceipt
eth_getBlockByNumber
eth_gasPrice
eth_sendTransaction

  Transaction: 0x1fb791a57af8730c1be9b9d4aa0eb49b9054dbbfefad000a3bd0279483e2fcda
  Gas usage: 21055
  Block number: 2
  Block time: Thu May 07 2026 22:07:31 GMT+0700 (Indochina Time)

eth_getTransactionReceipt
net_version
eth_getBlockByNumber
eth_estimateGas
eth_getBlockByNumber
eth_gasPrice
eth_sendTransaction

  Transaction: 0x82c64bb9ee92c62e8065bc84a951bc1a46189dd092023264cd1ffeda3e2ec3ae
  Gas usage: 72874
  Block number: 3
  Block time: Thu May 07 2026 22:07:31 GMT+0700 (Indochina Time)

eth_getTransactionReceipt
eth_blockNumber
eth_getBalance
eth_getTransactionByHash
debug_traceTransaction
eth_getTransactionByHash
debug_traceTransaction
eth_getTransactionByHash
debug_traceTransaction

Received shutdown signal: SIGTERM
Shutting down…
Server has been shut down
