ganache v7.9.2 (@ganache/cli: 0.10.2, @ganache/core: 0.10.2)
Starting RPC server

Available Accounts
==================
(0) 0x7e4d1d8054E8d8e74eF107f8E4EcF10EFFC9eeda (1000 ETH)
(1) 0x6fe50c6a19b1F36d899A6cF4a109Af360E1953E1 (1000 ETH)
(2) 0xB074F970fb3275f4E10Dcf2083DeD1adFe941F9C (1000 ETH)
(3) 0x6907f1f3Cd3003c4B12bbEbc6Ecbd453F559939B (1000 ETH)
(4) 0x7A72f2445408F9D61050962647E986cBc46A031E (1000 ETH)
(5) 0x93503F75D16590dc9bA6B218780765023235Ccd9 (1000 ETH)
(6) 0x3bC8313A75A8Bb96FD70f3549Dd4155f9BD326d3 (1000 ETH)
(7) 0x1Fd30846B98F72275cD27Dc91650A77fE1016F14 (1000 ETH)
(8) 0x7875d5Cc1f7d3D663d82b634f1B36A1D952b2C89 (1000 ETH)
(9) 0xc2bcA5089177b82257Fce9f860efAF29f9f3425e (1000 ETH)

Private Keys
==================
(0) 0x235c3643b93ce7efa8231ef968a6352a8b01123dc1a8058ca82f0bc1c7e9f643
(1) 0xf81ef78ef4549a07870edcf5a8fac13cc782329072055a4dbdcda784da3e185d
(2) 0x58f83b65452f7d32263613e583ff866642eb08045bf25706dc850315f3dbac9e
(3) 0x31bfe9688bfd620b9303a6a3c0d9afecf06fc02d0538c90e9ae3dee0bb2a897f
(4) 0x94413048294d4f080dc4ab6649cfb56e3b13ebcc1633b7a0b9b4f7341756041c
(5) 0x2fdb93f8c4e00b9efc8371778c39c7df77b5da026d032811ac6d85295cf84516
(6) 0x14c05ee1a6b0db2a6845ed6877199a8fcc28b458241b7d1376f672701db14e49
(7) 0xdb3467c2c81a3330075273897af057e26dc1b5e4519a7feda23e3d10dab625c3
(8) 0xf4c244912ee08654c4f80deec3bec87366cad0eddff99c82173c93468f88bbb4
(9) 0xc270c851e6d3cc42ebf70b6d0826f4bdf788ad1c80089927d13dded683b4eb59

HD Wallet
==================
Mnemonic:      friend rule ball prize extra noble blade dentist century oyster sea grape
Base HD Path:  m/44'/60'/0'/0/{account_index}

Default Gas Price
==================
2000000000

BlockGas Limit
==================
30000000

Call Gas Limit
==================
50000000

Chain
==================
Hardfork: shanghai
Id:       1337

RPC Listening on 127.0.0.1:8545
web3_clientVersion
eth_blockNumber
net_version
eth_accounts
eth_accounts
eth_blockNumber
net_version
eth_getBlockByNumber
eth_estimateGas
eth_getBlockByNumber
eth_gasPrice
eth_sendTransaction

  Transaction: 0x04a849eb7409462de14753634256b9c9015abd031496cc061686bf1f403408a5
  Contract created: 0x286098fa1a4442ec4ab95c91df82c6ff80b9abf7
  Gas usage: 1307818
  Block number: 1
  Block time: Fri May 08 2026 02:24:52 GMT+0700 (Indochina Time)

eth_getTransactionReceipt
eth_getCode
eth_getTransactionReceipt
eth_getBlockByNumber
eth_gasPrice
eth_sendTransaction

  Transaction: 0xe70d5b0881f8c5b3379dc6115e518fb11194b411ba552e1bf78ab491735f1acd
  Gas usage: 21055
  Block number: 2
  Block time: Fri May 08 2026 02:24:52 GMT+0700 (Indochina Time)

eth_getTransactionReceipt
eth_blockNumber
evm_mine
eth_blockNumber
evm_mine
eth_blockNumber
evm_mine
eth_blockNumber
evm_mine
eth_blockNumber
evm_mine
eth_blockNumber
evm_mine
eth_blockNumber
net_version
eth_getBlockByNumber
eth_estimateGas
eth_getBlockByNumber
eth_gasPrice
eth_sendTransaction

  Transaction: 0x38e695d08d3d7c08d520bb026a7fba73dd032f0b91c2f8c32c3ee58d5580084b
  Gas usage: 52947
  Block number: 9
  Block time: Fri May 08 2026 02:24:52 GMT+0700 (Indochina Time)

eth_getTransactionReceipt
eth_blockNumber
evm_mine
eth_blockNumber
net_version
eth_getBlockByNumber
eth_estimateGas
eth_getBlockByNumber
eth_gasPrice
eth_sendTransaction

  Transaction: 0xc01bb44b61e439fb99ddbf18f334f302d1df0068877b932d9ce7add86f4d373b
  Gas usage: 59561
  Block number: 11
  Block time: Fri May 08 2026 02:24:52 GMT+0700 (Indochina Time)

eth_getTransactionReceipt
eth_blockNumber
eth_getBalance
eth_getTransactionByHash
debug_traceTransaction
eth_getTransactionByHash
debug_traceTransaction
eth_getTransactionByHash
debug_traceTransaction
eth_getTransactionByHash
debug_traceTransaction

Received shutdown signal: SIGTERM
Shutting down…
Server has been shut down
