ganache v7.9.2 (@ganache/cli: 0.10.2, @ganache/core: 0.10.2)
Starting RPC server

Available Accounts
==================
(0) 0xC22dee818Cc4287c8D7C3E001fB84DdF91ba7985 (1000 ETH)
(1) 0x88Ac02d0bAC021C8140d2eDa6CEA0B0AB463433B (1000 ETH)
(2) 0xd4e6834Feb86051Ff4743ce69A9D3bA0375dc464 (1000 ETH)
(3) 0x66941B6e98FA9dCEBc5d539eF5B51F01B1Be295e (1000 ETH)
(4) 0x5c64d00A138713dd1245EC36A1D4A1C3e3777356 (1000 ETH)
(5) 0x0B83754cAc328AEe7b98d34d2C582997861504F6 (1000 ETH)
(6) 0x95C1D3c1b0B358452F8F7A64159608Cac638702f (1000 ETH)
(7) 0xA566c032A9fA21FC78d17303947Df676DBF967b1 (1000 ETH)
(8) 0x86522ed8E176c0aA9e5d8bD9cb90C88Af57531d5 (1000 ETH)
(9) 0x27A4dC6d4634e5702F27f3D52700E3e1B3fd6Ebc (1000 ETH)

Private Keys
==================
(0) 0x8692091504ca795de74eefeeabfd2b6514bcb7d2b01127aa3ff19d76205d1663
(1) 0x95f6cd8a8e9e5f79af9a90d576b752f1f68a50cdf56291e78218ce504d0b41a8
(2) 0x4e1b17cdcef10a134582b2a5df92bf50624119b56d2a2cf2144a860817aef56d
(3) 0xa456d580f0ba783ff27d6bd54769cb5fa4fae789ed001d706425dcf4bf672b82
(4) 0x88abb56e192daeefdc0f52069efa1c525db6b3edf2a221722c502eea94206d11
(5) 0x833a84b8fc23e09813ef3985eda89844f46a1c662b36143b7297830196cb5da8
(6) 0x55c71129e4549e22010c280a060d8680b93720288262b3984e702c9e35cfdb7b
(7) 0x37f187a86e40289403f4750171b6a1b0556a8fe9e5f8e26eed34d965197300c9
(8) 0xd79a5f6124dfa408333e1fb8378e39b589c07622d618487532b723388026b57e
(9) 0x2c4b93a45ce68d8a54771dba6041e209a1b4a3610612a97974b8421843a5f5cc

HD Wallet
==================
Mnemonic:      dress ticket illegal laugh match parent cabbage riot nice assault embrace run
Base HD Path:  m/44'/60'/0'/0/{account_index}

Default Gas Price
==================
2000000000

BlockGas Limit
==================
30000000

Call Gas Limit
==================
50000000

Chain
==================
Hardfork: shanghai
Id:       1337

RPC Listening on 127.0.0.1:8545
web3_clientVersion
eth_blockNumber
net_version
eth_accounts
eth_accounts
eth_blockNumber
net_version
eth_getBlockByNumber
eth_estimateGas
eth_getBlockByNumber
eth_gasPrice
eth_sendTransaction

  Transaction: 0x7a45ab566f82f0e39b2eb66637493524b0eefebf29e868107a58fea5dc0526ea
  Contract created: 0xfc02e8b321b986694cbf4a91df883573d75f5977
  Gas usage: 1123899
  Block number: 1
  Block time: Fri May 08 2026 00:28:04 GMT+0700 (Indochina Time)

eth_getTransactionReceipt
eth_getCode
eth_getTransactionReceipt
eth_getBlockByNumber
eth_gasPrice
eth_sendTransaction

  Transaction: 0x87363777293fbab3701245d17a8b586f72c1654ab9ec5feb841e2392f2515201
  Gas usage: 21055
  Block number: 2
  Block time: Fri May 08 2026 00:28:04 GMT+0700 (Indochina Time)

eth_getTransactionReceipt
net_version
eth_getBlockByNumber
eth_estimateGas
eth_getBlockByNumber
eth_gasPrice
eth_sendTransaction

  Transaction: 0x9722d4aacd037f394e0440f01a4c81e7c0b2b7c58e101f2629b8ecbd74ab40df
  Gas usage: 68747
  Block number: 3
  Block time: Fri May 08 2026 00:28:05 GMT+0700 (Indochina Time)

eth_getTransactionReceipt
eth_blockNumber
eth_getBalance
eth_getTransactionByHash
debug_traceTransaction
eth_getTransactionByHash
debug_traceTransaction
eth_getTransactionByHash
debug_traceTransaction

Received shutdown signal: SIGTERM
Shutting down…
Server has been shut down
