ganache v7.9.2 (@ganache/cli: 0.10.2, @ganache/core: 0.10.2)
Starting RPC server

Available Accounts
==================
(0) 0x8Fb2B9749546a7Cfa7920218442D49f263280649 (1000 ETH)
(1) 0x6845e3bC44Ee4A53b22e8f482dD22Eb4E3C6f62b (1000 ETH)
(2) 0x3B127f8Fc0386399aB64422C8ED17C0eb1a397c6 (1000 ETH)
(3) 0x713F103A908BA8828F56BB4d6128dEA9cC8bceFE (1000 ETH)
(4) 0xE9A9d8ae420548ac91FD15cff80A578fFa22b1F7 (1000 ETH)
(5) 0x8aEE2d0CAd97811aB4D9E19d1AF739d9b41b9Cc0 (1000 ETH)
(6) 0x37c711866707b44b9b6A71D9779219cEa6192429 (1000 ETH)
(7) 0x573AA5695C746CEa41E2E4b03D9681D61C724930 (1000 ETH)
(8) 0xebE07A9e389c6a3ea1d6aF5F7F031f0A5d4d6DDB (1000 ETH)
(9) 0x84E6fF618637d656DF0b839aDFAC788d2AF089C8 (1000 ETH)

Private Keys
==================
(0) 0xd997e765a146dee0742ab31338beaaa322833e2251e170b7119cb8aa6f3da084
(1) 0x917859af4598995a9e313dff5e39a9a403255623dbcffdb18ccbb0f919532a99
(2) 0x2720be8af505d82b54ba9462acd9cbe4bb2acca800b7df1568d2cb5b171b455b
(3) 0xaf75e57d2390833312096e48535c4ba1297f601dcb5e0fdf610e00c9611f2cae
(4) 0x121f8ed5d28b7908946299fe007713006966771eace5ff8d431f03f52f231eff
(5) 0x5fbf75ecee5b32268ae6b6c4f392178de979164e9c28cef7f34e1c5580137a8c
(6) 0x08b03995ef12e575bd854bc4ab8cc2f76839e030d3d04516a5bf007d2a341f0b
(7) 0xfad5d229ddf84d187d02891b154ede8a38469414b19543efdc11533d870dc751
(8) 0xefaaacea7b2b49b9d06897e16e23e89c67854fb4c22ee67ff9c577868e1d32cb
(9) 0xa5b3452676dec89ccfcf9c4b59ad121258f873c667f13f3995dac5dec9c496c1

HD Wallet
==================
Mnemonic:      weather south unique sock net drill orphan armor bread genuine spike panther
Base HD Path:  m/44'/60'/0'/0/{account_index}

Default Gas Price
==================
2000000000

BlockGas Limit
==================
30000000

Call Gas Limit
==================
50000000

Chain
==================
Hardfork: shanghai
Id:       1337

RPC Listening on 127.0.0.1:8545
web3_clientVersion
eth_blockNumber
net_version
eth_accounts
eth_accounts
eth_blockNumber
net_version
eth_getBlockByNumber
eth_estimateGas
eth_getBlockByNumber
eth_gasPrice
eth_sendTransaction

  Transaction: 0xa400d511fb9ecfeac7199e518a41561637448cc080b043c36922d4c0cf215ce4
  Contract created: 0xa9a038d953d5579c262047a8a135a6a561855c18
  Gas usage: 1146799
  Block number: 1
  Block time: Fri May 08 2026 03:37:25 GMT+0700 (Indochina Time)

eth_getTransactionReceipt
eth_getCode
eth_getTransactionReceipt
eth_getBlockByNumber
eth_gasPrice
eth_sendTransaction

  Transaction: 0x1b78164c43b94252caa2fa71f5de647d840218585097d32253968fae92fb81bc
  Gas usage: 21055
  Block number: 2
  Block time: Fri May 08 2026 03:37:25 GMT+0700 (Indochina Time)

eth_getTransactionReceipt
eth_blockNumber
evm_mine
eth_blockNumber
evm_mine
eth_blockNumber
evm_mine
eth_blockNumber
evm_mine
eth_blockNumber
evm_mine
eth_blockNumber
evm_mine
eth_blockNumber
net_version
eth_getBlockByNumber
eth_estimateGas
eth_getBlockByNumber
eth_gasPrice
eth_sendTransaction

  Transaction: 0xb23d64d289937331b2f1bede34d176f4e7650d922ea83ad20312f6a0989e893c
  Gas usage: 59561
  Block number: 9
  Block time: Fri May 08 2026 03:37:25 GMT+0700 (Indochina Time)

eth_getTransactionReceipt
eth_blockNumber
eth_getBalance
eth_getTransactionByHash
debug_traceTransaction
eth_getTransactionByHash
debug_traceTransaction
eth_getTransactionByHash
debug_traceTransaction

Received shutdown signal: SIGTERM
Shutting down…
Server has been shut down
