Using network 'development'.

{
  "ok": true,
  "graph_id": "",
  "pair": "F->G|evm|fund:fg",
  "pairKey": "F->G|evm|fund:fg",
  "contract": "CTLCOnly",
  "scenario": "worst_claim",
  "deployGas": "0x11263b",
  "gasUsed": "68747",
  "disableGasUsed": "0",
  "claimGasUsed": "68747",
  "refundGasUsed": "",
  "contractAddress": "0x5565225dF8cB3bfa1a9cf310DD52f83f4ABb798d",
  "startBlock": "0",
  "endBlock": "3",
  "finalContractBalanceWei": "0",
  "deployer": "0xa62D4f1A54f61244690ebAdda3824129138609A2",
  "party": "0x9Af4ed22f06B07d180e8a8f466042c61e06f6897",
  "counterparty": "0x4cB4b3841bd5f8fEd65F2ca07161030A77D4C808",
  "fundingWei": "1000000000000000000",
  "timelocks": [
    7
  ],
  "transactions": [
    {
      "role": "deploy",
      "txHash": "0xdfd0d8852c59bc8548d3e11a5199d7e6490c3206409fffd0e4f0206c31d08f6e"
    },
    {
      "role": "fund",
      "txHash": "0x0e7b966d5901908315296eeedf9212ffae977d8aabbaa158026994ae6dafc7da"
    },
    {
      "role": "claim",
      "txHash": "0x4c6f6136dacd4be3fc2e9cd07f0b745426eba86656cd8b7f8abdee21e578374a",
      "level": 0,
      "option": 0
    }
  ],
  "txRoles": [
    {
      "role": "deploy",
      "txHash": "0xdfd0d8852c59bc8548d3e11a5199d7e6490c3206409fffd0e4f0206c31d08f6e"
    },
    {
      "role": "fund",
      "txHash": "0x0e7b966d5901908315296eeedf9212ffae977d8aabbaa158026994ae6dafc7da"
    },
    {
      "role": "claim",
      "txHash": "0x4c6f6136dacd4be3fc2e9cd07f0b745426eba86656cd8b7f8abdee21e578374a",
      "level": 0,
      "option": 0
    }
  ],
  "deployTxHash": "0xdfd0d8852c59bc8548d3e11a5199d7e6490c3206409fffd0e4f0206c31d08f6e",
  "fundTxHash": "0x0e7b966d5901908315296eeedf9212ffae977d8aabbaa158026994ae6dafc7da",
  "claimTxHash": "0x4c6f6136dacd4be3fc2e9cd07f0b745426eba86656cd8b7f8abdee21e578374a",
  "txHash": "0x4c6f6136dacd4be3fc2e9cd07f0b745426eba86656cd8b7f8abdee21e578374a",
  "tx": "0x4c6f6136dacd4be3fc2e9cd07f0b745426eba86656cd8b7f8abdee21e578374a"
}
