ganache v7.9.2 (@ganache/cli: 0.10.2, @ganache/core: 0.10.2)
Starting RPC server

Available Accounts
==================
(0) 0x1034DFf39d5a33479a6A57677b6F37224413b50C (1000 ETH)
(1) 0x8C6C437d04e43Fb3ECfAabab88c165ABA581Df84 (1000 ETH)
(2) 0xC795C7F9Fc41921D449F30Eb27096885c563c829 (1000 ETH)
(3) 0x8B0BB8c6237c8C3f7DEb3F3793656Fea304BceB0 (1000 ETH)
(4) 0x027958E67E61488C72c5F2dEB38811EbE121fE87 (1000 ETH)
(5) 0x97a65b5203b0d452A9035947fb41Da1a9C817711 (1000 ETH)
(6) 0xdc6298cFA555C3088c37700d23aA8aba8C1d919e (1000 ETH)
(7) 0x86F410D0fBB1ab224eFA1c320d6ba536D3B5b620 (1000 ETH)
(8) 0xe044fDC4C422c2cD94277Aa008E2fe67954E596c (1000 ETH)
(9) 0x391fd144D49e138a72Ba85B886C8e638e6cA95F4 (1000 ETH)

Private Keys
==================
(0) 0xc0c6bcacdba3c605fcd43f6ccac47e260823ec3775e5ae27055a6da9262de538
(1) 0x544e573adabb853f4b88000834ba606c462088bacf1696915b5d4b560bf9b9dc
(2) 0xe8243154a860c89c5235e3f558d9033f16e39ed63e931c780ac9dfdc67c3c46b
(3) 0x94fd47274338aa38587a39f9e752627561df5eded4ebb034430d84fa09ea7161
(4) 0xdefae7bdb14149079148b7935be1a3d696d23e35bdf5d9e17b8383b6dfc66161
(5) 0x0c8a904967271a2245d8b53ed836fc60ec678d8382663b04475b03308d24d804
(6) 0xbdc3e78ae4c3913dfb94fb4d658da7652de7ac152dd83e4d3ff1c554f6a5f445
(7) 0xc0f6cde801634f68e87d903a49d411d1fcb75db6050e3140affe64ccc4ef101b
(8) 0x39cdce156a61f065752a5196832c8c74592a4b71f421412667e108d59d2ec60a
(9) 0xbbbcd91b286b87130e3009244951175f977d51506f99ecbe4535b141acaa9d76

HD Wallet
==================
Mnemonic:      identify juice upset stock purse smart morning exchange crane into desk weasel
Base HD Path:  m/44'/60'/0'/0/{account_index}

Default Gas Price
==================
2000000000

BlockGas Limit
==================
30000000

Call Gas Limit
==================
50000000

Chain
==================
Hardfork: shanghai
Id:       1337

RPC Listening on 127.0.0.1:8545
web3_clientVersion
eth_blockNumber
net_version
eth_accounts
eth_accounts
eth_blockNumber
net_version
eth_getBlockByNumber
eth_estimateGas
eth_getBlockByNumber
eth_gasPrice
eth_sendTransaction

  Transaction: 0xd5f8339f713f69c143bc397342696f7166e81e40cfececc5426320884c09924c
  Contract created: 0x53560584207ba7509e8aa625429ad10e565d2461
  Gas usage: 1123887
  Block number: 1
  Block time: Thu May 07 2026 20:26:04 GMT+0700 (Indochina Time)

eth_getTransactionReceipt
eth_getCode
eth_getTransactionReceipt
eth_getBlockByNumber
eth_gasPrice
eth_sendTransaction

  Transaction: 0x76843ac6b28616578fd295ac9c7bf99ef31dad411d7c23d472aa414770d4618b
  Gas usage: 21055
  Block number: 2
  Block time: Thu May 07 2026 20:26:04 GMT+0700 (Indochina Time)

eth_getTransactionReceipt
net_version
eth_getBlockByNumber
eth_estimateGas
eth_getBlockByNumber
eth_gasPrice
eth_sendTransaction

  Transaction: 0x7ed3a2ded9b85170af12d58145f2794b3dca4e86a26476cd7810a1c50887467e
  Gas usage: 68747
  Block number: 3
  Block time: Thu May 07 2026 20:26:04 GMT+0700 (Indochina Time)

eth_getTransactionReceipt
eth_blockNumber
eth_getBalance
eth_getTransactionByHash
debug_traceTransaction
eth_getTransactionByHash
debug_traceTransaction
eth_getTransactionByHash
debug_traceTransaction

Received shutdown signal: SIGTERM
Shutting down…
Server has been shut down
