COMMAND: python3 experiments/scale_trace/scripts/trace_result_json.py /home/aothuatgiadp/blockchain/project/CTLC-Implementation/experiments/scale_trace/runs/random_v1_76/E-_D_evm_fund_ed_CTLCOnly_worst_claim/result.json /home/aothuatgiadp/blockchain/project/CTLC-Implementation/experiments/scale_trace/runs/random_v1_76/E-_D_evm_fund_ed_CTLCOnly_worst_claim/trace.json
STATUS: 0

STDOUT:
{
  "graph_id": "",
  "pair": "E->D|evm|fund:ed",
  "contract": "CTLCOnly",
  "scenario": "worst_claim",
  "contractAddress": "0xf2DB9CfeeB2E2C31f92A0128DaEdC40af59d3F3e",
  "traces": {
    "deploy": {
      "tx_hash": "0x240899e19024f0f406e0c99fbaac67f6431970a663fbb4967f96cc47446cbf82",
      "actual_calldata_bytes": 7379,
      "actual_sstore_count": 16,
      "actual_call_count": 0,
      "opcode_steps": 2352
    },
    "fund": {
      "tx_hash": "0x907f39529152d198b9c48565c9554f6f8b015e264dc5545029896bef59e04f60",
      "actual_calldata_bytes": 0,
      "actual_sstore_count": 0,
      "actual_call_count": 0,
      "opcode_steps": 13
    },
    "disable_level0": {
      "tx_hash": "0x8df3a48b5c74606ec94a803f9893b850b31d240824343b359ce76b1cbe80c779",
      "actual_calldata_bytes": 36,
      "actual_sstore_count": 1,
      "actual_call_count": 0,
      "opcode_steps": 305
    },
    "claim_level1": {
      "tx_hash": "0x22c7ceb54848932f171fabe49a720b56f9c6339dc45332f96589085135f39c38",
      "actual_calldata_bytes": 484,
      "actual_sstore_count": 1,
      "actual_call_count": 1,
      "opcode_steps": 1816
    }
  }
}


STDERR:

