Using network 'development'.

{
  "ok": true,
  "graph_id": "",
  "pair": "E->A|evm|fund:ea",
  "pairKey": "E->A|evm|fund:ea",
  "contract": "CTLCMultipleEdges",
  "scenario": "worst_claim",
  "deployGas": "0x1236a6",
  "gasUsed": "67334",
  "disableGasUsed": "0",
  "claimGasUsed": "67334",
  "refundGasUsed": "",
  "contractAddress": "0x1891142961879366f044A73a9dCdB547eD5e9dB3",
  "startBlock": "0",
  "endBlock": "3",
  "finalContractBalanceWei": "0",
  "deployer": "0x33aBe446E373da6F4653bE00a6f0Cbf8597182D9",
  "party": "0xe51c4F3D191170c09b2c4Ec2166045293D5B9925",
  "counterparty": "0x722F39ce43AB7019dc3203FE1C8d2d4E5036aCD8",
  "fundingWei": "1000000000000000000",
  "timelocks": [
    6
  ],
  "transactions": [
    {
      "role": "deploy",
      "txHash": "0x044bd7472f4a5a45dcf881753fe80b926bd374e984c4d04b01cda543f60ccc63"
    },
    {
      "role": "fund",
      "txHash": "0x7e30d360896c209a86566b1cfb414b2376c4eba896bda21a28b62a1136377c40"
    },
    {
      "role": "claim",
      "txHash": "0x1bd27fefe16033cc05f53dc87095de421e7f573f44654bde408db358ce6c392d",
      "level": 0,
      "option": 0
    }
  ],
  "txRoles": [
    {
      "role": "deploy",
      "txHash": "0x044bd7472f4a5a45dcf881753fe80b926bd374e984c4d04b01cda543f60ccc63"
    },
    {
      "role": "fund",
      "txHash": "0x7e30d360896c209a86566b1cfb414b2376c4eba896bda21a28b62a1136377c40"
    },
    {
      "role": "claim",
      "txHash": "0x1bd27fefe16033cc05f53dc87095de421e7f573f44654bde408db358ce6c392d",
      "level": 0,
      "option": 0
    }
  ],
  "deployTxHash": "0x044bd7472f4a5a45dcf881753fe80b926bd374e984c4d04b01cda543f60ccc63",
  "fundTxHash": "0x7e30d360896c209a86566b1cfb414b2376c4eba896bda21a28b62a1136377c40",
  "claimTxHash": "0x1bd27fefe16033cc05f53dc87095de421e7f573f44654bde408db358ce6c392d",
  "txHash": "0x1bd27fefe16033cc05f53dc87095de421e7f573f44654bde408db358ce6c392d",
  "tx": "0x1bd27fefe16033cc05f53dc87095de421e7f573f44654bde408db358ce6c392d"
}
