COMMAND: python3 experiments/scale_trace/scripts/trace_result_json.py /home/aothuatgiadp/blockchain/project/CTLC-Implementation/experiments/scale_trace/runs/random_v1_63/D-_F_evm_fund_df_CTLCOnly_worst_claim/result.json /home/aothuatgiadp/blockchain/project/CTLC-Implementation/experiments/scale_trace/runs/random_v1_63/D-_F_evm_fund_df_CTLCOnly_worst_claim/trace.json
STATUS: 0

STDOUT:
{
  "graph_id": "",
  "pair": "D->F|evm|fund:df",
  "contract": "CTLCOnly",
  "scenario": "worst_claim",
  "contractAddress": "0x69E13823eabE3DF8CA4add5264Bd421E0FA77F06",
  "traces": {
    "deploy": {
      "tx_hash": "0xfc01034dab88d9b6b0e85653949b125dcec9997e84fcf28b38838d9d0d7f2420",
      "actual_calldata_bytes": 7123,
      "actual_sstore_count": 9,
      "actual_call_count": 0,
      "opcode_steps": 1374
    },
    "fund": {
      "tx_hash": "0x64374394270d14ed62b2220e4cabe556143393dce99b46027bd4d704a1d8c72d",
      "actual_calldata_bytes": 0,
      "actual_sstore_count": 0,
      "actual_call_count": 0,
      "opcode_steps": 13
    },
    "claim_level0": {
      "tx_hash": "0xde09f90a9c24878f8e6bee00d939085d61a8b868a4c7ae65c8638793a3b0c9d7",
      "actual_calldata_bytes": 292,
      "actual_sstore_count": 1,
      "actual_call_count": 1,
      "opcode_steps": 1134
    }
  }
}


STDERR:

