Using network 'development'.

{
  "ok": true,
  "graph_id": "",
  "pair": "B->C|evm|fund:bc",
  "pairKey": "B->C|evm|fund:bc",
  "contract": "CTLCOnly",
  "scenario": "refund",
  "deployGas": "0x11d93b",
  "gasUsed": "59561",
  "disableGasUsed": "0",
  "claimGasUsed": "",
  "refundGasUsed": "59561",
  "contractAddress": "0xeE5691b1aDf5be2e2F00Cedff30a6c5c88DdD8B4",
  "startBlock": "0",
  "endBlock": "10",
  "finalContractBalanceWei": "0",
  "deployer": "0xA6F16Fdd993CEB34dF699A3beBA14c5379047a58",
  "party": "0x9cd82578292493f3579F99aAAf0F061487716d82",
  "counterparty": "0xD10e2569E4294DE4A629f69b5742686fEd5Bb89b",
  "fundingWei": "1000000000000000000",
  "timelocks": [
    9
  ],
  "transactions": [
    {
      "role": "deploy",
      "txHash": "0x1b879c559c78731dd3187da417ee4fdb68cf5b0ba9bca0f63921912a0d9b7d6a"
    },
    {
      "role": "fund",
      "txHash": "0x5ecf31fb7bb83ae83b01be617abba8c1ce3fa0ac3ad7e68b98765c043db4df9a"
    },
    {
      "role": "refund",
      "txHash": "0xc0f1844f49847dcbec2c0c654c02eccbcd2dfc6c42c0e4ddf5177688cd472f6e",
      "level": 0
    }
  ],
  "txRoles": [
    {
      "role": "deploy",
      "txHash": "0x1b879c559c78731dd3187da417ee4fdb68cf5b0ba9bca0f63921912a0d9b7d6a"
    },
    {
      "role": "fund",
      "txHash": "0x5ecf31fb7bb83ae83b01be617abba8c1ce3fa0ac3ad7e68b98765c043db4df9a"
    },
    {
      "role": "refund",
      "txHash": "0xc0f1844f49847dcbec2c0c654c02eccbcd2dfc6c42c0e4ddf5177688cd472f6e",
      "level": 0
    }
  ],
  "deployTxHash": "0x1b879c559c78731dd3187da417ee4fdb68cf5b0ba9bca0f63921912a0d9b7d6a",
  "fundTxHash": "0x5ecf31fb7bb83ae83b01be617abba8c1ce3fa0ac3ad7e68b98765c043db4df9a",
  "refundTxHash": "0xc0f1844f49847dcbec2c0c654c02eccbcd2dfc6c42c0e4ddf5177688cd472f6e",
  "refundTx": "0xc0f1844f49847dcbec2c0c654c02eccbcd2dfc6c42c0e4ddf5177688cd472f6e"
}
