ganache v7.9.2 (@ganache/cli: 0.10.2, @ganache/core: 0.10.2)
Starting RPC server

Available Accounts
==================
(0) 0x960Aacb211BFE50F3B86C0Fd7EdE9AD85f60e95E (1000 ETH)
(1) 0x93AeA9Fe8e0eAF5A37778F70a1B23365998Dd1A1 (1000 ETH)
(2) 0x3E759fAeC1C2bdd3724F61f228e1c81B3fB8bA48 (1000 ETH)
(3) 0x5D6AD0f2D41809D9C5FC4A3677995e97270Dce65 (1000 ETH)
(4) 0xC4b04c9dD83B1310b0ce0Dc5BF9871d1ddCdE3b2 (1000 ETH)
(5) 0x0D5d93914aAC589fd3E1c35ab7f83Cf2925E311B (1000 ETH)
(6) 0x9c7989F03c7386640cb8F790A172B5bb776525F1 (1000 ETH)
(7) 0x70220F45137be4DDb9a713CB4EBaE1e9267aCBD2 (1000 ETH)
(8) 0xfaBe372E4Ae306329b4878B4724F5CeEd028BF44 (1000 ETH)
(9) 0x4AA8Fb64f43AE91008504950EE61111cdeA686B6 (1000 ETH)

Private Keys
==================
(0) 0x792047458c2973cd46da71b7300cdb51e324e42d1bbab88cb3e5748e8e159382
(1) 0x39670174675ed47d9131ca848dc6f63619959d4ebbe786ad0c8a6896d5122783
(2) 0xa4a0f3dfe61371061db1e2a81d69f27fd8f0547a24da933c419c4f67915b1a9f
(3) 0xef1655d337a6c4a69bdcc66f5c15c89f9c8c190404ad46cdeebd4963fe3b9cf8
(4) 0x8497b07ffddab28a88ce1ee03d44d8fdc8c4f78b90ad28e27a7e8e5fe31421fd
(5) 0xb1829dccb611ac30d6013c43a0b7db68918c9c134276d78202ff0997df206c0e
(6) 0x66eed72769c4da26e468ab6a890fe69dfbbf5e8dba8abea231bbeb2ee1979dad
(7) 0xfc84a713141f91a0a4ea0205bbfd3e89024f49fb3921375c7ea08f43555ed649
(8) 0x8e4c2be9ed187e8b009268de9dd4eb3ffb476dc3ca50a10bb2f81c91648b4de3
(9) 0xa9e4869da82f07e6aecb8dce2ddcfd2d47d58dbebe2f21203e0dec71d6e0ef2f

HD Wallet
==================
Mnemonic:      casino exhaust toe blast own snake song chaos govern hen digital flash
Base HD Path:  m/44'/60'/0'/0/{account_index}

Default Gas Price
==================
2000000000

BlockGas Limit
==================
30000000

Call Gas Limit
==================
50000000

Chain
==================
Hardfork: shanghai
Id:       1337

RPC Listening on 127.0.0.1:8545
web3_clientVersion
eth_blockNumber
net_version
eth_accounts
eth_accounts
eth_blockNumber
net_version
eth_getBlockByNumber
eth_estimateGas
eth_getBlockByNumber
eth_gasPrice
eth_sendTransaction

  Transaction: 0x3b7296ccdef228200031b5c964ff98923bb0f48d86aea39ae63373088d986dce
  Contract created: 0x5a89ff66738939e8ec1ea77ee4a3d57f1b6caf5e
  Gas usage: 1654034
  Block number: 1
  Block time: Fri May 08 2026 00:44:43 GMT+0700 (Indochina Time)

eth_getTransactionReceipt
eth_getCode
eth_getTransactionReceipt
eth_getBlockByNumber
eth_gasPrice
eth_sendTransaction

  Transaction: 0x838ba3c1192db660b80fd1f032773df8e2c5821d5068b37541511dc3d588d067
  Gas usage: 21055
  Block number: 2
  Block time: Fri May 08 2026 00:44:43 GMT+0700 (Indochina Time)

eth_getTransactionReceipt
net_version
eth_getBlockByNumber
eth_estimateGas
eth_getBlockByNumber
eth_gasPrice
eth_sendTransaction

  Transaction: 0x152bfa94dde464bb0e833d7977a0bae644fa9ff5345d305c27c9d4cd8d18c68e
  Gas usage: 75948
  Block number: 3
  Block time: Fri May 08 2026 00:44:43 GMT+0700 (Indochina Time)

eth_getTransactionReceipt
eth_blockNumber
eth_getBalance
eth_getTransactionByHash
debug_traceTransaction
eth_getTransactionByHash
debug_traceTransaction
eth_getTransactionByHash
debug_traceTransaction

Received shutdown signal: SIGTERM
Shutting down…
Server has been shut down
