COMMAND: python3 experiments/scale_trace/scripts/trace_result_json.py /home/aothuatgiadp/blockchain/project/CTLC-Implementation/experiments/scale_trace/runs/random_v1_254/F-_C_evm_fund_fc_CTLCOnly_worst_claim/result.json /home/aothuatgiadp/blockchain/project/CTLC-Implementation/experiments/scale_trace/runs/random_v1_254/F-_C_evm_fund_fc_CTLCOnly_worst_claim/trace.json
STATUS: 0

STDOUT:
{
  "graph_id": "",
  "pair": "F->C|evm|fund:fc",
  "contract": "CTLCOnly",
  "scenario": "worst_claim",
  "contractAddress": "0xBeF7e0B1Ed1C7EA864609cF2c4864eB6707CCBfE",
  "traces": {
    "deploy": {
      "tx_hash": "0x6d62f1291a3b2beb4e5b72d2647aed03742c87f544b673cbc23f76b9bdf6c506",
      "actual_calldata_bytes": 7315,
      "actual_sstore_count": 14,
      "actual_call_count": 0,
      "opcode_steps": 2176
    },
    "fund": {
      "tx_hash": "0xdef84108ad3ef2fc84f923f29f755192c8fc623f7ca1ae5d5281a4f7f94cfc2f",
      "actual_calldata_bytes": 0,
      "actual_sstore_count": 0,
      "actual_call_count": 0,
      "opcode_steps": 13
    },
    "disable_level0": {
      "tx_hash": "0x2d5f9689c159fc208979f04821bf6a8cc11cf170857ab5d35a1059ce5e552ddc",
      "actual_calldata_bytes": 36,
      "actual_sstore_count": 1,
      "actual_call_count": 0,
      "opcode_steps": 305
    },
    "claim_level1": {
      "tx_hash": "0xd016c966b533bbb15f82290e13e95528e9aeb3a922bb19d81de23b7841141b28",
      "actual_calldata_bytes": 388,
      "actual_sstore_count": 1,
      "actual_call_count": 1,
      "opcode_steps": 1475
    }
  }
}


STDERR:

