Using network 'development'.

{
  "ok": true,
  "graph_id": "",
  "pair": "B->A|evm|fund:ba",
  "pairKey": "B->A|evm|fund:ba",
  "contract": "CTLCOnly",
  "scenario": "refund",
  "deployGas": "0x10ccbb",
  "gasUsed": "59561",
  "disableGasUsed": "0",
  "claimGasUsed": "",
  "refundGasUsed": "59561",
  "contractAddress": "0x025cEE01F2319b96654e5d4Ef7eAf339d2d67422",
  "startBlock": "0",
  "endBlock": "7",
  "finalContractBalanceWei": "0",
  "deployer": "0x63e6dDf55885C47930Bc0D5f0EAC4cD65d04a6CB",
  "party": "0xb19bcF5cdB6CF03148aE44aa2C2fb154309BD913",
  "counterparty": "0x639dA8B1B579b703e1D5c87B6d490BB9121C608b",
  "fundingWei": "1000000000000000000",
  "timelocks": [
    6
  ],
  "transactions": [
    {
      "role": "deploy",
      "txHash": "0x299e5e213d466079dc77c4ea6af26c92c8523f46317035fa2a756a19edef7b63"
    },
    {
      "role": "fund",
      "txHash": "0x3907e9cd2c6e94c0e6be743bb0116b8f8b4ec34b52f1a7fa17cba5116cf10eda"
    },
    {
      "role": "refund",
      "txHash": "0x136586721bacb26e85a18bf482f8da5b1f5f769dbe600bc7e56761f108232edb",
      "level": 0
    }
  ],
  "txRoles": [
    {
      "role": "deploy",
      "txHash": "0x299e5e213d466079dc77c4ea6af26c92c8523f46317035fa2a756a19edef7b63"
    },
    {
      "role": "fund",
      "txHash": "0x3907e9cd2c6e94c0e6be743bb0116b8f8b4ec34b52f1a7fa17cba5116cf10eda"
    },
    {
      "role": "refund",
      "txHash": "0x136586721bacb26e85a18bf482f8da5b1f5f769dbe600bc7e56761f108232edb",
      "level": 0
    }
  ],
  "deployTxHash": "0x299e5e213d466079dc77c4ea6af26c92c8523f46317035fa2a756a19edef7b63",
  "fundTxHash": "0x3907e9cd2c6e94c0e6be743bb0116b8f8b4ec34b52f1a7fa17cba5116cf10eda",
  "refundTxHash": "0x136586721bacb26e85a18bf482f8da5b1f5f769dbe600bc7e56761f108232edb",
  "refundTx": "0x136586721bacb26e85a18bf482f8da5b1f5f769dbe600bc7e56761f108232edb"
}
