ganache v7.9.2 (@ganache/cli: 0.10.2, @ganache/core: 0.10.2)
Starting RPC server

Available Accounts
==================
(0) 0xd10790b73DB1b65E8d6128068f3ed063ffD2408D (1000 ETH)
(1) 0x1E2B45eEf0Fc1cf99cDEdB38D9185c7AB9F15c8B (1000 ETH)
(2) 0xA69D8C1ef7B828dD823fE19C5A7cE28fF0366E23 (1000 ETH)
(3) 0xe293E02451007C690e14576d56BEEcE96FA36E27 (1000 ETH)
(4) 0x33f5ffCe67C96751D37a12A248fCf1be5ef060A7 (1000 ETH)
(5) 0x79d985E64F3562dfd031FE3048454E9bA17d197b (1000 ETH)
(6) 0x028e2A70330782f89561398C6D7b5Fa9F8c79d92 (1000 ETH)
(7) 0x644B073f3fc12564c85f3c19D8f153f961F72fC9 (1000 ETH)
(8) 0xf2479EB4aFf74780F6cBf5E75bb1da8d9c17cF56 (1000 ETH)
(9) 0xD004F711D31Ef04C1F11A07B862DF129D27B664F (1000 ETH)

Private Keys
==================
(0) 0x2bfe84fe8de961edee345a41535f0d731659cccafc370b9b832b9983c30e8317
(1) 0x874bd0f81895f630a993594b02c360ccb9282873d95f86117622fd601e9f18ef
(2) 0xe41902386e8d909d38c9455d299568afe98ea179531081e4e30dbf9638eb2973
(3) 0xaa13f5632ff3d86912e9c5f53503b0ca51acb898378cc1d3c12f50ce66ab1a76
(4) 0x62839651cf798f0bad163a911eceb0ee5c7fe70d42c4e0ff978a1a235e00708e
(5) 0x6468d15b4de798ecb5e85b8e931cefd3abbd682c579508696c2e45e5da565298
(6) 0xf7f6bac99c901568f623bf6e83c7575d84e0019c85712a697129be5ad5529f54
(7) 0x56c282dbfae9ee9b27aad29080474929109f4b0abebeac2b9a25cf10c5b5859e
(8) 0x1ca419eb5840675252c1193f6a9526ccabc1791aaba7f13acc02abf1b0f9d06b
(9) 0x4a90b7b948254e10483fa6b316c4e3d7580dd70da04dd9fc903be7358c1c0456

HD Wallet
==================
Mnemonic:      timber job session extra target wet agree hood much indoor boss victory
Base HD Path:  m/44'/60'/0'/0/{account_index}

Default Gas Price
==================
2000000000

BlockGas Limit
==================
30000000

Call Gas Limit
==================
50000000

Chain
==================
Hardfork: shanghai
Id:       1337

RPC Listening on 127.0.0.1:8545
web3_clientVersion
eth_blockNumber
net_version
eth_accounts
eth_accounts
eth_blockNumber
net_version
eth_getBlockByNumber
eth_estimateGas
eth_getBlockByNumber
eth_gasPrice
eth_sendTransaction

  Transaction: 0xbf2abb4dd617346d65383d693f1c4be2b4ba4695bbd43e0d4370c3c3db120646
  Contract created: 0xd964f0f67b0ad81801ce9f46dc3173e30a195c94
  Gas usage: 1907691
  Block number: 1
  Block time: Thu May 07 2026 21:19:08 GMT+0700 (Indochina Time)

eth_getTransactionReceipt
eth_getCode
eth_getTransactionReceipt
eth_getBlockByNumber
eth_gasPrice
eth_sendTransaction

  Transaction: 0xab69f5157d3c896c7f1dd8a2b9777de842dab4e702ec0ad79698bc4bb2e718b8
  Gas usage: 21055
  Block number: 2
  Block time: Thu May 07 2026 21:19:08 GMT+0700 (Indochina Time)

eth_getTransactionReceipt
eth_blockNumber
evm_mine
eth_blockNumber
evm_mine
eth_blockNumber
evm_mine
eth_blockNumber
evm_mine
eth_blockNumber
evm_mine
eth_blockNumber
net_version
eth_getBlockByNumber
eth_estimateGas
eth_getBlockByNumber
eth_gasPrice
eth_sendTransaction

  Transaction: 0xbc12461095df43d6c78f97e40966a9318e946bb5df3eeab12c3bf3b06ee1fe08
  Gas usage: 52925
  Block number: 8
  Block time: Thu May 07 2026 21:19:08 GMT+0700 (Indochina Time)

eth_getTransactionReceipt
eth_blockNumber
net_version
eth_getBlockByNumber
eth_estimateGas
eth_getBlockByNumber
eth_gasPrice
eth_sendTransaction

  Transaction: 0xc290b00a0e6688a24384831b36c0c6611b7c201f76a6865270b430b1403849ea
  Gas usage: 35837
  Block number: 9
  Block time: Thu May 07 2026 21:19:08 GMT+0700 (Indochina Time)

eth_getTransactionReceipt
eth_blockNumber
net_version
eth_getBlockByNumber
eth_estimateGas
eth_getBlockByNumber
eth_gasPrice
eth_sendTransaction

  Transaction: 0x55a7dd81e38b9068e24a1fa2b439967084bf7caa0360bd8dca6a9d187f5f682b
  Gas usage: 59539
  Block number: 10
  Block time: Thu May 07 2026 21:19:08 GMT+0700 (Indochina Time)

eth_getTransactionReceipt
eth_blockNumber
eth_getBalance
eth_getTransactionByHash
debug_traceTransaction
eth_getTransactionByHash
debug_traceTransaction
eth_getTransactionByHash
debug_traceTransaction
eth_getTransactionByHash
debug_traceTransaction
eth_getTransactionByHash
debug_traceTransaction

Received shutdown signal: SIGTERM
Shutting down…
Server has been shut down
