ganache v7.9.2 (@ganache/cli: 0.10.2, @ganache/core: 0.10.2)
Starting RPC server

Available Accounts
==================
(0) 0x9691CD6446370E6df265cb1dAe28b76178fB1e07 (1000 ETH)
(1) 0x427946a9cDdB349725E7d64F94f733c4F5bc5fb8 (1000 ETH)
(2) 0xB01dE8916Eb6010B1aA93ac0A3dCa3130edAe145 (1000 ETH)
(3) 0xa7Df927aEa6760D0Fc24478C6807eFb6f85232A7 (1000 ETH)
(4) 0x657E9E81323Aa86456ED88BD8DF65AcB2358c760 (1000 ETH)
(5) 0x0914889435b65062858EeBb03485662fc04d10fE (1000 ETH)
(6) 0x2650fd10D0AcB5f0087E6F3338524485A0a4AFdB (1000 ETH)
(7) 0xF8a39e9a4E432350F1F96A6e689C42Ec80e24686 (1000 ETH)
(8) 0xcbA83621b67eA2943D379Ee6200A9c51d15faaFe (1000 ETH)
(9) 0xb3371ad7902E740C79CC4E8FF7c55B03f3A6FA60 (1000 ETH)

Private Keys
==================
(0) 0xce5b588dad281248f2fcdeaa35040f60df7b2b2ca839f263cb48581bca3c692a
(1) 0xa417f96a46162ab320ba5c5a95fe6c3c7b4fd79fa44f7bab02e26bcbd5926fa5
(2) 0xae766624d910f1619d3495708d89395d2af387fa52b869179449aaa6aa160eb7
(3) 0x605a73424c2974d1c94c2912144cd54063cf0121958f0e149d6a25607add025d
(4) 0xd81bda076d8e7c991181eb49130a332a75be62844a8cf2c661651dda1215274a
(5) 0x246270e94edf1dfc157daeed0a794b16bcebaa6cfbb82c6913f7d4af03fa427a
(6) 0x8fe005835cb5e3c20246d82acb1061c0ae51c76db969c6fe5ffd60b7f853fb88
(7) 0xffe476a10c123f4bebac13508eda0ebbcab0557af284953b51d5c80a912f965e
(8) 0x87d9e1bd37025d0c9851319fdb7e412e563670c5e47f917dd8fb2043c634b34e
(9) 0x3d88f8985bb69cae2f0d927bf0f60eb18c296133f9ac4a55b9b4e1fab61e66a8

HD Wallet
==================
Mnemonic:      cover abuse tired normal neither shell peanut stable secret entire ensure cargo
Base HD Path:  m/44'/60'/0'/0/{account_index}

Default Gas Price
==================
2000000000

BlockGas Limit
==================
30000000

Call Gas Limit
==================
50000000

Chain
==================
Hardfork: shanghai
Id:       1337

RPC Listening on 127.0.0.1:8545
web3_clientVersion
eth_blockNumber
net_version
eth_accounts
eth_accounts
eth_blockNumber
net_version
eth_getBlockByNumber
eth_estimateGas
eth_getBlockByNumber
eth_gasPrice
eth_sendTransaction

  Transaction: 0x1711930ed4198e95db7c712c99edc7128ce63bc780a49d63970cd6bb0e4368cc
  Contract created: 0x52c4f81ce79c941a01d262322956b6daddf7a622
  Gas usage: 1123899
  Block number: 1
  Block time: Thu May 07 2026 21:32:06 GMT+0700 (Indochina Time)

eth_getTransactionReceipt
eth_getCode
eth_getTransactionReceipt
eth_getBlockByNumber
eth_gasPrice
eth_sendTransaction

  Transaction: 0xd0ae85bbdc462d8aa242e801e7f3366dc59ec97890a2d27fee6273453d537128
  Gas usage: 21055
  Block number: 2
  Block time: Thu May 07 2026 21:32:06 GMT+0700 (Indochina Time)

eth_getTransactionReceipt
eth_blockNumber
evm_mine
eth_blockNumber
evm_mine
eth_blockNumber
evm_mine
eth_blockNumber
evm_mine
eth_blockNumber
evm_mine
eth_blockNumber
net_version
eth_getBlockByNumber
eth_estimateGas
eth_getBlockByNumber
eth_gasPrice
eth_sendTransaction

  Transaction: 0x8341bdd1105e2c3395159d99a556a00e5d3096bc0b1c494221edd2e407b15356
  Gas usage: 59561
  Block number: 8
  Block time: Thu May 07 2026 21:32:06 GMT+0700 (Indochina Time)

eth_getTransactionReceipt
eth_blockNumber
eth_getBalance
eth_getTransactionByHash
debug_traceTransaction
eth_getTransactionByHash
debug_traceTransaction
eth_getTransactionByHash
debug_traceTransaction

Received shutdown signal: SIGTERM
Shutting down…
Server has been shut down
