COMMAND: python3 experiments/scale_trace/scripts/trace_result_json.py /home/aothuatgiadp/blockchain/project/CTLC-Implementation/experiments/scale_trace/runs/random_v1_145/E-_F_evm_fund_ef_CTLCOnly_refund/result.json /home/aothuatgiadp/blockchain/project/CTLC-Implementation/experiments/scale_trace/runs/random_v1_145/E-_F_evm_fund_ef_CTLCOnly_refund/trace.json
STATUS: 0

STDOUT:
{
  "graph_id": "",
  "pair": "E->F|evm|fund:ef",
  "contract": "CTLCOnly",
  "scenario": "refund",
  "contractAddress": "0x52C4f81cE79C941a01d262322956B6DAddF7a622",
  "traces": {
    "deploy": {
      "tx_hash": "0x1711930ed4198e95db7c712c99edc7128ce63bc780a49d63970cd6bb0e4368cc",
      "actual_calldata_bytes": 7123,
      "actual_sstore_count": 9,
      "actual_call_count": 0,
      "opcode_steps": 1374
    },
    "fund": {
      "tx_hash": "0xd0ae85bbdc462d8aa242e801e7f3366dc59ec97890a2d27fee6273453d537128",
      "actual_calldata_bytes": 0,
      "actual_sstore_count": 0,
      "actual_call_count": 0,
      "opcode_steps": 13
    },
    "refund_level0": {
      "tx_hash": "0x8341bdd1105e2c3395159d99a556a00e5d3096bc0b1c494221edd2e407b15356",
      "actual_calldata_bytes": 4,
      "actual_sstore_count": 1,
      "actual_call_count": 1,
      "opcode_steps": 229
    }
  }
}


STDERR:

