ganache v7.9.2 (@ganache/cli: 0.10.2, @ganache/core: 0.10.2)
Starting RPC server

Available Accounts
==================
(0) 0x7c97C90feD9D1D8315e88603773CbAfc00fb1D88 (1000 ETH)
(1) 0xD080f9d8eD239cf2A609B6A30449a0Cab802665B (1000 ETH)
(2) 0x5cAB44ed94a17eDC18165e078c614ebc30b19BdF (1000 ETH)
(3) 0x27a995344adBc46D5576D05fB28fdE77c6481f09 (1000 ETH)
(4) 0x5C29df9893Eb97ccBFa0b1655978Df685791439a (1000 ETH)
(5) 0x9C5AA9a4DEF60585c71E97c5225B948276E57604 (1000 ETH)
(6) 0xc77Dac772cCD3c85e49CCAF3Bf68123afeAff3Fd (1000 ETH)
(7) 0x54335c7342814732CF21d13154f1e9b43aA888f5 (1000 ETH)
(8) 0xF7762b48DEb3C3a303021631D4f15c540dD0f436 (1000 ETH)
(9) 0x80e33d20e17CEdc5F45Db3c9566d6d9a968F6a65 (1000 ETH)

Private Keys
==================
(0) 0x083fd9f9b1035121ef15dbc0c46c595dd2487b5debf44ca46562b1965ba89f75
(1) 0x5f4abae2be97d666471bf0f715ad679f93907d47732eedbc52a7241486b9815b
(2) 0x4c877f942d3fa5af70b4e1b5cb6766c59fafea0d247658088f0b8f7037e940b3
(3) 0x7dfa7d0624c0fbcf911db646491b5a269eb034f50780df11aab980e6901fac23
(4) 0xe94369fb4245c910f4db4a23de0dae881fb72e9f2e4adc7e63e9e66838697a09
(5) 0x455e0dddfbef2e7915d8a4c99c10f89e531a438b22e539cc0ebfea4e662928bd
(6) 0x0c82b2d86f5594796dd74e712955c2e7b3c3c2b137a04b67a423b350dc45d06e
(7) 0x07f40960a6780d8f4f2fbbd41e012ea015d3c714af481ee93ef957f604883ee8
(8) 0xa55a3a6f64c440eda5f875d84407c05a0e54fb81b3504db46d7c8e0b66f40af2
(9) 0xc56fd0d3f906849ef97da4b4bfd2ba36572b4c270f59d45814ebaebfd9eb4991

HD Wallet
==================
Mnemonic:      funny cube balance unlock uncover valve donate credit meat enrich cash lava
Base HD Path:  m/44'/60'/0'/0/{account_index}

Default Gas Price
==================
2000000000

BlockGas Limit
==================
30000000

Call Gas Limit
==================
50000000

Chain
==================
Hardfork: shanghai
Id:       1337

RPC Listening on 127.0.0.1:8545
web3_clientVersion
eth_blockNumber
net_version
eth_accounts
eth_accounts
eth_blockNumber
net_version
eth_getBlockByNumber
eth_estimateGas
eth_getBlockByNumber
eth_gasPrice
eth_sendTransaction

  Transaction: 0x06bdd61d1470a372c1c70f693cf2c33747c9373469484e980f1ffd42d3b96a6b
  Contract created: 0x08c949855c608005e6485f603616ea3980ab1ee3
  Gas usage: 1376910
  Block number: 1
  Block time: Thu May 07 2026 21:55:29 GMT+0700 (Indochina Time)

eth_getTransactionReceipt
eth_getCode
eth_getTransactionReceipt
eth_getBlockByNumber
eth_gasPrice
eth_sendTransaction

  Transaction: 0x00d66740d96bed97bbdc11d1b9ecb0065f3145a4f8edec9bf32f17a3049e60f1
  Gas usage: 21055
  Block number: 2
  Block time: Thu May 07 2026 21:55:29 GMT+0700 (Indochina Time)

eth_getTransactionReceipt
net_version
eth_getBlockByNumber
eth_estimateGas
eth_getBlockByNumber
eth_gasPrice
eth_sendTransaction

  Transaction: 0x9f50a307a29053b09e98e6242e38bc5082f97320a65afdbec2292db1c43685f7
  Gas usage: 84598
  Block number: 3
  Block time: Thu May 07 2026 21:55:29 GMT+0700 (Indochina Time)

eth_getTransactionReceipt
eth_blockNumber
eth_getBalance
eth_getTransactionByHash
debug_traceTransaction
eth_getTransactionByHash
debug_traceTransaction
eth_getTransactionByHash
debug_traceTransaction

Received shutdown signal: SIGTERM
Shutting down…
Server has been shut down
