ganache v7.9.2 (@ganache/cli: 0.10.2, @ganache/core: 0.10.2)
Starting RPC server

Available Accounts
==================
(0) 0x11Bd18f133f45E651872337AE17068fD34765fD3 (1000 ETH)
(1) 0xf5Ab3a670bCfa316b812CF29Da08685a67B62980 (1000 ETH)
(2) 0x5501664Ca19Fa3DD8D7599E8532522Ab76284BBC (1000 ETH)
(3) 0x481990B02404CE01b0934D711eFC77F114763356 (1000 ETH)
(4) 0x820b7B402C402394C90B6FAF9a59B3ddAcC63925 (1000 ETH)
(5) 0x831c49211fD4d9454A90B6A1a07EC2B506aB3FC7 (1000 ETH)
(6) 0x8ee28712A4C35E18D2c287d3Bb4A705500E9a129 (1000 ETH)
(7) 0x4728190472C89D9FF3995b70cCaA75691426EA84 (1000 ETH)
(8) 0x8a888c9fD2ce80f114cEE49130dED86872477175 (1000 ETH)
(9) 0x0E0A20B7E8ddFC6040defb2025c75B4Eb900472F (1000 ETH)

Private Keys
==================
(0) 0xb19d22b5f80e89d90698ce13bea372b2d6bd89dadc81d19127b521e3e5f1c9d9
(1) 0x0806e43c7f051df2b0cfa706a104dcd45737562c9834c405106b022a91830e5b
(2) 0x20aef10a2434cabd110f19544001b5042f196972d83fde62bed10f92d80ec286
(3) 0x5109c54279622d5e83d5c577cd6c3b27d3b5bb316788c30cde65f72d12cfd0a7
(4) 0x10d57fd939c737846d7b9135ea95feb623bdcd468b5f32b6b0b984818810b25f
(5) 0x7e59dd0c52393810f763c55c8975172aba2faa9aa92a83fcd85e07a6f4f7a89e
(6) 0xbff873a45eab7533242f2aea4d3ce948588f3e90a51c87419005d7f6444fb004
(7) 0x92e1981ad9f92b2972599e765f113a6cb86c0920e37eae19914f4a18efda75e4
(8) 0xbb3845d7dc8a1c82cea1ee10313dc3edaf078a5556f2db71bd71d72628b4da97
(9) 0x4540e256e9b14b258b3b9c79748904d4cf6fb4595a794c7088b2278189b52d03

HD Wallet
==================
Mnemonic:      sell letter hip beef pause very history again coach hybrid inquiry blossom
Base HD Path:  m/44'/60'/0'/0/{account_index}

Default Gas Price
==================
2000000000

BlockGas Limit
==================
30000000

Call Gas Limit
==================
50000000

Chain
==================
Hardfork: shanghai
Id:       1337

RPC Listening on 127.0.0.1:8545
web3_clientVersion
eth_blockNumber
net_version
eth_accounts
eth_accounts
eth_blockNumber
net_version
eth_getBlockByNumber
eth_estimateGas
eth_getBlockByNumber
eth_gasPrice
eth_sendTransaction

  Transaction: 0xbc71f582a606908469f6f7fd58d60cfee7ff0b48dd08a31ecc750c50cf595836
  Contract created: 0x5dd744045b5d4bbdf4ea40d58f66ee8717f8c735
  Gas usage: 1123887
  Block number: 1
  Block time: Fri May 08 2026 01:42:19 GMT+0700 (Indochina Time)

eth_getTransactionReceipt
eth_getCode
eth_getTransactionReceipt
eth_getBlockByNumber
eth_gasPrice
eth_sendTransaction

  Transaction: 0xc89328051218dff272637427d2fc2385919aa64438db2fad6d7609c70130fa5f
  Gas usage: 21055
  Block number: 2
  Block time: Fri May 08 2026 01:42:19 GMT+0700 (Indochina Time)

eth_getTransactionReceipt
net_version
eth_getBlockByNumber
eth_estimateGas
eth_getBlockByNumber
eth_gasPrice
eth_sendTransaction

  Transaction: 0xe7ba98801f9c67005d2970d7d3081b86de9156416de0486123ca08153a19c2ad
  Gas usage: 68723
  Block number: 3
  Block time: Fri May 08 2026 01:42:19 GMT+0700 (Indochina Time)

eth_getTransactionReceipt
eth_blockNumber
eth_getBalance
eth_getTransactionByHash
debug_traceTransaction
eth_getTransactionByHash
debug_traceTransaction
eth_getTransactionByHash
debug_traceTransaction

Received shutdown signal: SIGTERM
Shutting down…
Server has been shut down
