ganache v7.9.2 (@ganache/cli: 0.10.2, @ganache/core: 0.10.2)
Starting RPC server

Available Accounts
==================
(0) 0x823f46C4AB5f230B278E7fc41Ab0DEF1AAAfF161 (1000 ETH)
(1) 0x402599A552C157AbEa433DB3A7A2D0f156290E9A (1000 ETH)
(2) 0x16b371fD9e24fB815b2a2D4a1fBBDcd69D03354A (1000 ETH)
(3) 0x93C6EEAb7595fCcBd14Dc4081C5BD42A72601a20 (1000 ETH)
(4) 0x6E2a03873D3e1bA856857A437315Ca77B7a4F9c1 (1000 ETH)
(5) 0x5Ecc616d3D37365F2BcA8cfA4AA755674f1254be (1000 ETH)
(6) 0x095A76ce2393684EE4Cdd247D7D35fce70BD5EF0 (1000 ETH)
(7) 0x42849086B10D4de4c805D59ab77cF4F3e5644098 (1000 ETH)
(8) 0x0dDaA79C9cA7D48e1350C47e63ff02C236dD4611 (1000 ETH)
(9) 0x793D78c28a6A5F8128d38b446471bB3c1f28E072 (1000 ETH)

Private Keys
==================
(0) 0xabc9816cd0e6a97e0cdb05d181325852ff10cb0141fa005672c659b6de09dd70
(1) 0xf60fcaca99b3c9eeff7ed4e6f7c407b30fa3f95c23c982908e8c68f087b50c57
(2) 0x843169273b204613e40ad9f657a768639de5ab8d8e537c8ec00ba1433c7856b1
(3) 0x1e75f7a583e08483eb20f1ea6c4cf2c6a7a683895c30d5eec2448271b977ee2d
(4) 0x79ce2e80b15824e9c409dceed898e2492d87a0e2012af23ef4e143cecdd785d1
(5) 0xc74be21cf84972a559647f84131a66bb797107665b801aef64cc9f6865be0cba
(6) 0xbea0881c1a528fab30b2153de228ca03f2427b687fed9c616fd95eafd7f4f4f2
(7) 0x883db0404d194506fac341c4066655ce226c8eb5610902ece3eba56f1cee406e
(8) 0x5035012e10c7a05501ae958807e90ad073264df27f4e016a3a5c3dafff1f5796
(9) 0x2af162df6ec786a7157e242cd39811e647d9e41a3984e618b6d775ab7636e860

HD Wallet
==================
Mnemonic:      impose member raccoon symbol can universe define swarm push height involve inside
Base HD Path:  m/44'/60'/0'/0/{account_index}

Default Gas Price
==================
2000000000

BlockGas Limit
==================
30000000

Call Gas Limit
==================
50000000

Chain
==================
Hardfork: shanghai
Id:       1337

RPC Listening on 127.0.0.1:8545
web3_clientVersion
eth_blockNumber
net_version
eth_accounts
eth_accounts
eth_blockNumber
net_version
eth_getBlockByNumber
eth_estimateGas
eth_getBlockByNumber
eth_gasPrice
eth_sendTransaction

  Transaction: 0x5b2d5f92f8d8659e1073b4113a47e0658fa8cd374d9ad8aed55482e35ddd740e
  Contract created: 0x0f97fcb7c05dc306bcd04f59a7bc5ac5728d3a69
  Gas usage: 1100987
  Block number: 1
  Block time: Fri May 08 2026 02:23:02 GMT+0700 (Indochina Time)

eth_getTransactionReceipt
eth_getCode
eth_getTransactionReceipt
eth_getBlockByNumber
eth_gasPrice
eth_sendTransaction

  Transaction: 0xbd3b768033ff5820ab675edcc496dbc36e720bc2ea1f8083c441e45670291151
  Gas usage: 21055
  Block number: 2
  Block time: Fri May 08 2026 02:23:02 GMT+0700 (Indochina Time)

eth_getTransactionReceipt
eth_blockNumber
evm_mine
eth_blockNumber
evm_mine
eth_blockNumber
evm_mine
eth_blockNumber
evm_mine
eth_blockNumber
net_version
eth_getBlockByNumber
eth_estimateGas
eth_getBlockByNumber
eth_gasPrice
eth_sendTransaction

  Transaction: 0x24fe2be10ae8292e190c3ee327b24914b9cabeb8271d1e7a8a6a61bfe67b486a
  Gas usage: 59561
  Block number: 7
  Block time: Fri May 08 2026 02:23:02 GMT+0700 (Indochina Time)

eth_getTransactionReceipt
eth_blockNumber
eth_getBalance
eth_getTransactionByHash
debug_traceTransaction
eth_getTransactionByHash
debug_traceTransaction
eth_getTransactionByHash
debug_traceTransaction

Received shutdown signal: SIGTERM
Shutting down…
Server has been shut down
