ganache v7.9.2 (@ganache/cli: 0.10.2, @ganache/core: 0.10.2)
Starting RPC server

Available Accounts
==================
(0) 0xcbe29e167293C2C2cA8C3a40ef8cb57c3D2b4219 (1000 ETH)
(1) 0x41C88e55D21067891fdC0C37f11EaDa3598dDe2b (1000 ETH)
(2) 0xD71A0Ad4c2b8877AA00C21fe09076b9D3C476FFF (1000 ETH)
(3) 0xe3595a50C7c7Fd35FC071D581caAf6B076cD48C5 (1000 ETH)
(4) 0x82195407b862fCD74daF5A51c2aF51972178574D (1000 ETH)
(5) 0x18cf0ad86d034ACde32f9457f9Db2fc36edDB3dB (1000 ETH)
(6) 0xC75cBCFb4e064050D90632f21F237aEDC3578F7B (1000 ETH)
(7) 0x1eAC764befD5300cde27580A59B03EC234267f0A (1000 ETH)
(8) 0xeE3Bf0F038cF8368303A34aF7eeB348Ab5c36b0a (1000 ETH)
(9) 0xa9DA3A9E58A11F9d7443a245F8aE3D118c7704fE (1000 ETH)

Private Keys
==================
(0) 0x457ba6267ebef5bf9160a0e9c1d4755188ad841199a58e632b127183fcd9707f
(1) 0x4b32db2039930552fed4ef56bc9e13d72b5e8e96049815d0132dba269cbd068a
(2) 0xee87a720851ad2b80d15230b0d9619927c8c67c28b233906b9422f9ae5fee8e3
(3) 0x46ae1fd269a41f3ee5d9e4a61d1cb5f42f2d2a678cf1ff9434607ac4858f48d6
(4) 0xaf1ce208749d3cddf3f4c032318d531dada59fa8293a0db6f138b74f0803c0b1
(5) 0x5ee6fa5ecd05c82066d5c874ce4b5af9e71b49ebe3872619c3a73c0c6953ce76
(6) 0x4f78896f43684f9264a9bb234712eb5f68cac81423faa1cf4a1e1018bedb64b3
(7) 0x76f437fd2e8778fbb757aacbc6a344e59e918e91a091b92953a3e3bd96eb9c27
(8) 0x39af0a9a61daa0d76a58f428c80f8f791b7437fae0b9a5ed43c9b1791a3139c4
(9) 0x0ee472e01e7a868d44ec23002b2ac93abf4e634629f954f39f56b58f479e6d6b

HD Wallet
==================
Mnemonic:      cruel morning acoustic ramp rebuild oil later tape scene vault midnight word
Base HD Path:  m/44'/60'/0'/0/{account_index}

Default Gas Price
==================
2000000000

BlockGas Limit
==================
30000000

Call Gas Limit
==================
50000000

Chain
==================
Hardfork: shanghai
Id:       1337

RPC Listening on 127.0.0.1:8545
web3_clientVersion
eth_blockNumber
net_version
eth_accounts
eth_accounts
eth_blockNumber
net_version
eth_getBlockByNumber
eth_estimateGas
eth_getBlockByNumber
eth_gasPrice
eth_sendTransaction

  Transaction: 0xaf90ca8d8e20bd233fa337eef72e033f8e0c80db4bb2b534d2e52be80ce21a11
  Contract created: 0x0877ebc5c3bbe0e5576985373d97d3ab0438d39a
  Gas usage: 1239450
  Block number: 1
  Block time: Thu May 07 2026 21:46:54 GMT+0700 (Indochina Time)

eth_getTransactionReceipt
eth_getCode
eth_getTransactionReceipt
eth_getBlockByNumber
eth_gasPrice
eth_sendTransaction

  Transaction: 0x503b1445f0f16c182b4fd36adcd0f17bc96eec2d8a828652be3f90245cff0335
  Gas usage: 21055
  Block number: 2
  Block time: Thu May 07 2026 21:46:54 GMT+0700 (Indochina Time)

eth_getTransactionReceipt
eth_blockNumber
evm_mine
eth_blockNumber
evm_mine
eth_blockNumber
evm_mine
eth_blockNumber
evm_mine
eth_blockNumber
evm_mine
eth_blockNumber
net_version
eth_getBlockByNumber
eth_estimateGas
eth_getBlockByNumber
eth_gasPrice
eth_sendTransaction

  Transaction: 0x38aae4322f5fd19e27d41f12c1dd132c2f5ebd390091b6d69f3d9c50b7843cd0
  Gas usage: 59539
  Block number: 8
  Block time: Thu May 07 2026 21:46:54 GMT+0700 (Indochina Time)

eth_getTransactionReceipt
eth_blockNumber
eth_getBalance
eth_getTransactionByHash
debug_traceTransaction
eth_getTransactionByHash
debug_traceTransaction
eth_getTransactionByHash
debug_traceTransaction

Received shutdown signal: SIGTERM
Shutting down…
Server has been shut down
