ganache v7.9.2 (@ganache/cli: 0.10.2, @ganache/core: 0.10.2)
Starting RPC server

Available Accounts
==================
(0) 0x8a0123756a3F1CAd2718BeE0e282C8D81Be3b2Ae (1000 ETH)
(1) 0x76bB2023813BeF79c9C85899D0d6B21cf596283D (1000 ETH)
(2) 0x82fc30750eD98E439d9d01E5eF404BD3e2f93eE8 (1000 ETH)
(3) 0x6A03Baad223Ea566b0a25f2a4B5B05Bf7A465878 (1000 ETH)
(4) 0xC72bDf88475a0e577Bee2930Fe5Bf981CDAc4A4e (1000 ETH)
(5) 0x2349305887c0b650f9e6aC533c125d119B3D647d (1000 ETH)
(6) 0x04e88Dfa23d6300e4241682EE3DFc862cCaD1370 (1000 ETH)
(7) 0x9B2415e78Fd718f07bFc3C33ef6D34Fbb56777Dc (1000 ETH)
(8) 0x22174dB008fa944Ab0E0434FfbDcC1FE10D56810 (1000 ETH)
(9) 0x4D05CB16135eBF344459a32e90171663C821790e (1000 ETH)

Private Keys
==================
(0) 0x6fa2790051836ed969a8d93991daddc87b4013a1c273dc3b8811e199a983bba6
(1) 0x6df3bbe4ac88b57894e516cd6776dd3b166339e94a423eeac91d93df1b7c4c38
(2) 0x4e75876d47a1e68c5701e2da1c122cb7acec0711f78ef4a1ad32f2c31350e3b9
(3) 0xe2792f67c9602a121a0c76fec7d148cbdce8490c21b7c2a4c30a134c1ef19252
(4) 0xad36bff3af155ad79760731ef4cafc3d5b8437eb744e1896bf740ebc128dff7b
(5) 0xe3d31a483a9620c7ed8b469afa5032630b1240b339b20c1375e48bfd893ef936
(6) 0x4520180cbf1e9fa61eaa039fbc58ffd4a8df0c9580e8febe39db201dc6f767a4
(7) 0xb877cac0a681be4e8dc9a6c8a3d578c8535b7959fee09d0f162af3d898f37888
(8) 0xabc85c4673a757ee9e3cded2e2f25733413d7ab9cde0c17bdc829766efe31ab7
(9) 0x85100130ccd074c9635115fe590dbc3e870ccf2560d455bb43db600de7e01e0a

HD Wallet
==================
Mnemonic:      dial gesture wood case govern window empty wink prison august stem mesh
Base HD Path:  m/44'/60'/0'/0/{account_index}

Default Gas Price
==================
2000000000

BlockGas Limit
==================
30000000

Call Gas Limit
==================
50000000

Chain
==================
Hardfork: shanghai
Id:       1337

RPC Listening on 127.0.0.1:8545
web3_clientVersion
eth_blockNumber
net_version
eth_accounts
eth_accounts
eth_blockNumber
net_version
eth_getBlockByNumber
eth_estimateGas
eth_getBlockByNumber
eth_gasPrice
eth_sendTransaction

  Transaction: 0x9734b5d0c5ff1554ab21990aaf849cda2d8506fa7ab1f3a756421fc5a9704470
  Contract created: 0x600049934fea55299bdf511a781bb8805f409b91
  Gas usage: 1100975
  Block number: 1
  Block time: Fri May 08 2026 01:27:53 GMT+0700 (Indochina Time)

eth_getTransactionReceipt
eth_getCode
eth_getTransactionReceipt
eth_getBlockByNumber
eth_gasPrice
eth_sendTransaction

  Transaction: 0x511acf01bd1fdd4e269e9f25b18348e08c6b2ca0aec35488ec53e2d2ffebafef
  Gas usage: 21055
  Block number: 2
  Block time: Fri May 08 2026 01:27:53 GMT+0700 (Indochina Time)

eth_getTransactionReceipt
net_version
eth_getBlockByNumber
eth_estimateGas
eth_getBlockByNumber
eth_gasPrice
eth_sendTransaction

  Transaction: 0x791b797c1f50a2ce557ce5b9f1df573af790809f3b725afaef50a311fe6c7344
  Gas usage: 64620
  Block number: 3
  Block time: Fri May 08 2026 01:27:53 GMT+0700 (Indochina Time)

eth_getTransactionReceipt
eth_blockNumber
eth_getBalance
eth_getTransactionByHash
debug_traceTransaction
eth_getTransactionByHash
debug_traceTransaction
eth_getTransactionByHash
debug_traceTransaction

Received shutdown signal: SIGTERM
Shutting down…
Server has been shut down
