COMMAND: python3 experiments/scale_trace/scripts/trace_result_json.py /home/aothuatgiadp/blockchain/project/CTLC-Implementation/experiments/scale_trace/runs/random_v1_253/D-_B_evm_fund_db_CTLCOnly_best_claim/result.json /home/aothuatgiadp/blockchain/project/CTLC-Implementation/experiments/scale_trace/runs/random_v1_253/D-_B_evm_fund_db_CTLCOnly_best_claim/trace.json
STATUS: 0

STDOUT:
{
  "graph_id": "",
  "pair": "D->B|evm|fund:db",
  "contract": "CTLCOnly",
  "scenario": "best_claim",
  "contractAddress": "0x92cbcd7C91a341B898e1ba78e28B2b1fB6F4a1C8",
  "traces": {
    "deploy": {
      "tx_hash": "0xd3b88979163db4ae8909401f8aec23a41e1a6a5f9a8e702de036969eafc80ee6",
      "actual_calldata_bytes": 7123,
      "actual_sstore_count": 9,
      "actual_call_count": 0,
      "opcode_steps": 1374
    },
    "fund": {
      "tx_hash": "0xb83e02ab0516df57a587ae717c5a200dc97fa90050299610270472082d68bb8c",
      "actual_calldata_bytes": 0,
      "actual_sstore_count": 0,
      "actual_call_count": 0,
      "opcode_steps": 13
    },
    "claim_level0": {
      "tx_hash": "0xda7c38d081f9f6c6ad64baa7c90b422496b2c12847e59238d8275100fc461635",
      "actual_calldata_bytes": 292,
      "actual_sstore_count": 1,
      "actual_call_count": 1,
      "opcode_steps": 1134
    }
  }
}


STDERR:

