ganache v7.9.2 (@ganache/cli: 0.10.2, @ganache/core: 0.10.2)
Starting RPC server

Available Accounts
==================
(0) 0x1EAbC4e516b0fDBc4cB2FAdFb0c05aaFBCf52383 (1000 ETH)
(1) 0x1309CEa52665ebdbC84724cB8BF4B960a238202b (1000 ETH)
(2) 0xD758cB4467301585d8f349bDeB29eBAe4089dc3F (1000 ETH)
(3) 0x6758E50724ae73822bA032ce60bDF4b7e49890b1 (1000 ETH)
(4) 0x0C607785ACA979E4beD348d4b717c13f70a1b1a5 (1000 ETH)
(5) 0xfD9De38fd47D4eB04Bb8bf49B34d0c3F6E836168 (1000 ETH)
(6) 0xB732daf47aD2B46c7a01E758E8AC760aB6996E6F (1000 ETH)
(7) 0x123eFeF1F1a3C6ec3102c0227dA8944dFaC3da4b (1000 ETH)
(8) 0x3BC699A0288ff4656BF5c4b5AC4dB3A86A192015 (1000 ETH)
(9) 0x56Fed984648C09574A009987bEe6645e6757b275 (1000 ETH)

Private Keys
==================
(0) 0x4b89c576201e2d029b66ce7b5d0e4c3406ead8658a1cd274f2549ce102f00368
(1) 0x83ef719695a85531f13be51bbebb47f6d102114f45232510f156ae85c95ec21f
(2) 0x6ca13e3b14b82802fdfe03306a79972faff25863c5d37aa6fa8412225b8b9304
(3) 0xbcce74ec730a98193cf059f043350e7e6439f575b71a3e4b028c4bf4ca621139
(4) 0x06df04a4b73fc1ea2080d5021d6c8da8c844ef1f4b16206ae7dffdf7c5b97ace
(5) 0x01074119985d672ccedd9db5cb2d2372ad04864211f44239097d1391031c5dec
(6) 0xad0a95e9fabc24419fb8522fd6450f4520e67dd94bc1024a818562fdbd0951e5
(7) 0xce0d6e6deb197083eb0e1d20fd2238b77e2bc8922279c896a4412bfc2e8564d9
(8) 0x15de55e961d9da116d6bcf18ef308c28936b660a6d7bf28bb64b87169eaa35d9
(9) 0xbcec5c72903776d2ed8dc2639cc5e2194a3645b7709a7e484e8b95ad8391eb8c

HD Wallet
==================
Mnemonic:      cliff orange cradle prevent gospel shoulder reason gossip work real various decrease
Base HD Path:  m/44'/60'/0'/0/{account_index}

Default Gas Price
==================
2000000000

BlockGas Limit
==================
30000000

Call Gas Limit
==================
50000000

Chain
==================
Hardfork: shanghai
Id:       1337

RPC Listening on 127.0.0.1:8545
web3_clientVersion
eth_blockNumber
net_version
eth_accounts
eth_accounts
eth_blockNumber
net_version
eth_getBlockByNumber
eth_estimateGas
eth_getBlockByNumber
eth_gasPrice
eth_sendTransaction

  Transaction: 0x968f63f01c94e4599076bdbea5f9909e63cfa1e8c972b2100058f651660cb916
  Contract created: 0x7940e97274d38c544c0cfabffef9a8662cb57f76
  Gas usage: 1100987
  Block number: 1
  Block time: Thu May 07 2026 21:25:18 GMT+0700 (Indochina Time)

eth_getTransactionReceipt
eth_getCode
eth_getTransactionReceipt
eth_getBlockByNumber
eth_gasPrice
eth_sendTransaction

  Transaction: 0xbcfe9ec3d9189c50c0505758a87e0edd23bdd180c53f1c100df13e8326193221
  Gas usage: 21055
  Block number: 2
  Block time: Thu May 07 2026 21:25:18 GMT+0700 (Indochina Time)

eth_getTransactionReceipt
net_version
eth_getBlockByNumber
eth_estimateGas
eth_getBlockByNumber
eth_gasPrice
eth_sendTransaction

  Transaction: 0x297863c53ff5939d47bfca449b3479d77ad3b10b4bca310453b2d568d2dfe7b8
  Gas usage: 64620
  Block number: 3
  Block time: Thu May 07 2026 21:25:18 GMT+0700 (Indochina Time)

eth_getTransactionReceipt
eth_blockNumber
eth_getBalance
eth_getTransactionByHash
debug_traceTransaction
eth_getTransactionByHash
debug_traceTransaction
eth_getTransactionByHash
debug_traceTransaction

Received shutdown signal: SIGTERM
Shutting down…
Server has been shut down
