ganache v7.9.2 (@ganache/cli: 0.10.2, @ganache/core: 0.10.2)
Starting RPC server

Available Accounts
==================
(0) 0xfB20D65e146baEF4cFfaD3f1614034b05368C267 (1000 ETH)
(1) 0xD6e7961c33be5E83ba3bdF8538B9960EFB5dbA00 (1000 ETH)
(2) 0x0B85829F2B57aAE0464b7B744585821a5645Ee20 (1000 ETH)
(3) 0xffA9c98b04295188147516077C4DB85380445892 (1000 ETH)
(4) 0x42bd3B420c3eF634b7d4220BfAE025AaBb5D2131 (1000 ETH)
(5) 0x82f3D37f669B5D06D14A66BEa90efD964D067db8 (1000 ETH)
(6) 0x367689FD75d982c3172098A2E74C615b7E5403c1 (1000 ETH)
(7) 0xC255B98aF2EAE6E4a5BA81436faAa2001734e183 (1000 ETH)
(8) 0x305F04d7BbE69c0B2D46840FA1757F4E831aB3B7 (1000 ETH)
(9) 0x938FC7A92d37F463d4a1A7Dc8D4B287fb75a9A31 (1000 ETH)

Private Keys
==================
(0) 0xb0e82bd9d8fcc292418229b7c33026148c8a89c765c0781046569d564087052b
(1) 0x6ee2e20da1143b5d4a8e3eb0f7311e36d62af6ee0ae6be195baee0237f0cf0ff
(2) 0xa06fea877ee3dc1e3d758b778e288f40897c46ba95f042204d1050bffb932632
(3) 0xbc75c47b3df4e70c6d78ebde63a13750c098b430d7c3301644b154b28254bcea
(4) 0xa6f047db670936b3d0710700445c9c8238996b5ecfb079c060ffe3ba1c81961b
(5) 0xf7f637584c4589bb6164582cc3c1b721e008cf30962073f6a6eaa1af358204e9
(6) 0xab9bc59ae1cbff97f687f1526a0db4ad56bf7b130a2b66ad7a0413812a4fd740
(7) 0x35f96d05b4658bdbf6e0364c91bb917ad3339e59f98053e5e86fc6695fa82a67
(8) 0x3fd736e7c49c3479c54e655b3c844d4320c0c2ab5ec62a7c7292f4ab8a3cb9f8
(9) 0xdd21e9d3aba294f488e0c58bec2b575bb623fc6cdfb9e7c9aaf1f767653af9f7

HD Wallet
==================
Mnemonic:      change outside universe tribe concert drastic inherit upgrade forum marble van student
Base HD Path:  m/44'/60'/0'/0/{account_index}

Default Gas Price
==================
2000000000

BlockGas Limit
==================
30000000

Call Gas Limit
==================
50000000

Chain
==================
Hardfork: shanghai
Id:       1337

RPC Listening on 127.0.0.1:8545
web3_clientVersion
eth_blockNumber
net_version
eth_accounts
eth_accounts
eth_blockNumber
net_version
eth_getBlockByNumber
eth_estimateGas
eth_getBlockByNumber
eth_gasPrice
eth_sendTransaction

  Transaction: 0x2e51339245abce9c5419c2fe78c96fdd1ea9bcb01a71e32f7cc50c37cbaeacb6
  Contract created: 0xb69536f50b67a3334c32381b327f24a678641330
  Gas usage: 1100975
  Block number: 1
  Block time: Thu May 07 2026 20:36:00 GMT+0700 (Indochina Time)

eth_getTransactionReceipt
eth_getCode
eth_getTransactionReceipt
eth_getBlockByNumber
eth_gasPrice
eth_sendTransaction

  Transaction: 0x9e5dc69147c3fd1ea68516b16a8265eb39fb58557c5570320dadeb4c343f2396
  Gas usage: 21055
  Block number: 2
  Block time: Thu May 07 2026 20:36:00 GMT+0700 (Indochina Time)

eth_getTransactionReceipt
eth_blockNumber
evm_mine
eth_blockNumber
evm_mine
eth_blockNumber
evm_mine
eth_blockNumber
evm_mine
eth_blockNumber
net_version
eth_getBlockByNumber
eth_estimateGas
eth_getBlockByNumber
eth_gasPrice
eth_sendTransaction

  Transaction: 0xb900eabc218be697cfa79137d94c314878c514d4dbe38cf82b8ee83218cb3871
  Gas usage: 59561
  Block number: 7
  Block time: Thu May 07 2026 20:36:00 GMT+0700 (Indochina Time)

eth_getTransactionReceipt
eth_blockNumber
eth_getBalance
eth_getTransactionByHash
debug_traceTransaction
eth_getTransactionByHash
debug_traceTransaction
eth_getTransactionByHash
debug_traceTransaction

Received shutdown signal: SIGTERM
Shutting down…
Server has been shut down
