Using network 'development'.

{
  "ok": true,
  "graph_id": "",
  "pair": "C->D|evm|fund:cd",
  "pairKey": "C->D|evm|fund:cd",
  "contract": "CTLCMultipleEdges",
  "scenario": "best_claim",
  "deployGas": "0x1afc92",
  "gasUsed": "71641",
  "disableGasUsed": "",
  "claimGasUsed": "71641",
  "refundGasUsed": "",
  "contractAddress": "0x400baFA0CE8AE6F47A18184334988543A9E57Fd7",
  "startBlock": "0",
  "endBlock": "3",
  "finalContractBalanceWei": "0",
  "deployer": "0xD94fC6BF27C28320D81CA582fb72a1e5A752F8A5",
  "party": "0x1D9345C2BDD0760Aa23f2DB9C16638758De07241",
  "counterparty": "0x2774A48D0Fa161994B6Dc2a2782005D43e6abED9",
  "fundingWei": "1000000000000000000",
  "timelocks": [
    7,
    10
  ],
  "transactions": [
    {
      "role": "deploy",
      "txHash": "0x562b0fcf3c0642f7f78b5e8bb7a462c7848c553f6094b2b9f59e5d017f955f7b"
    },
    {
      "role": "fund",
      "txHash": "0xc474ebf36f5af1b6bcde99a700c67c98c1751cc500d0078af9bf42a79e6b452e"
    },
    {
      "role": "claim",
      "txHash": "0x45e774aa8eabc7c71741b544a84878c9d1bb1732a1af711f19442d894d2a5d08",
      "level": 0,
      "option": 0
    }
  ],
  "txRoles": [
    {
      "role": "deploy",
      "txHash": "0x562b0fcf3c0642f7f78b5e8bb7a462c7848c553f6094b2b9f59e5d017f955f7b"
    },
    {
      "role": "fund",
      "txHash": "0xc474ebf36f5af1b6bcde99a700c67c98c1751cc500d0078af9bf42a79e6b452e"
    },
    {
      "role": "claim",
      "txHash": "0x45e774aa8eabc7c71741b544a84878c9d1bb1732a1af711f19442d894d2a5d08",
      "level": 0,
      "option": 0
    }
  ],
  "deployTxHash": "0x562b0fcf3c0642f7f78b5e8bb7a462c7848c553f6094b2b9f59e5d017f955f7b",
  "fundTxHash": "0xc474ebf36f5af1b6bcde99a700c67c98c1751cc500d0078af9bf42a79e6b452e",
  "claimTxHash": "0x45e774aa8eabc7c71741b544a84878c9d1bb1732a1af711f19442d894d2a5d08",
  "txHash": "0x45e774aa8eabc7c71741b544a84878c9d1bb1732a1af711f19442d894d2a5d08",
  "tx": "0x45e774aa8eabc7c71741b544a84878c9d1bb1732a1af711f19442d894d2a5d08"
}
