Using network 'development'.

{
  "ok": true,
  "graph_id": "",
  "pair": "D->E|evm|fund:de",
  "pairKey": "D->E|evm|fund:de",
  "contract": "CTLCOnly",
  "scenario": "refund",
  "deployGas": "0x12e82a",
  "gasUsed": "112508",
  "disableGasUsed": "52947",
  "claimGasUsed": "",
  "refundGasUsed": "59561",
  "contractAddress": "0x6c35C5E230F516180185f94cD852BC837A03059F",
  "startBlock": "0",
  "endBlock": "9",
  "finalContractBalanceWei": "0",
  "deployer": "0x8D4B7fa6887e8Dfe71b9C9fc98b5A95E8F9e1bAf",
  "party": "0x483091096aB88d7a94407EE581A8b3476e3E8444",
  "counterparty": "0x61641E6028895DE121a6800D5c08D381cC937921",
  "fundingWei": "1000000000000000000",
  "timelocks": [
    7,
    8
  ],
  "transactions": [
    {
      "role": "deploy",
      "txHash": "0xcd89040ee6c2f0a2791acbf55ba1184b1a9fbaa961b00fbbd8b22e23a4d926b5"
    },
    {
      "role": "fund",
      "txHash": "0xb7e4dc1eef588a4414ed02bc491d85b8beb5b3cb9c9c9393259d696237e34484"
    },
    {
      "role": "disable",
      "txHash": "0x175247d3395a25bf30bc282724787b0afdf761bfd4a40da340fb51afd839d5af",
      "level": 0
    },
    {
      "role": "refund",
      "txHash": "0xed7931e666b220f5fdae785a365ee0e043ea5e7f6e2f2937f8b024e64b204f4e",
      "level": 1
    }
  ],
  "txRoles": [
    {
      "role": "deploy",
      "txHash": "0xcd89040ee6c2f0a2791acbf55ba1184b1a9fbaa961b00fbbd8b22e23a4d926b5"
    },
    {
      "role": "fund",
      "txHash": "0xb7e4dc1eef588a4414ed02bc491d85b8beb5b3cb9c9c9393259d696237e34484"
    },
    {
      "role": "disable",
      "txHash": "0x175247d3395a25bf30bc282724787b0afdf761bfd4a40da340fb51afd839d5af",
      "level": 0
    },
    {
      "role": "refund",
      "txHash": "0xed7931e666b220f5fdae785a365ee0e043ea5e7f6e2f2937f8b024e64b204f4e",
      "level": 1
    }
  ],
  "deployTxHash": "0xcd89040ee6c2f0a2791acbf55ba1184b1a9fbaa961b00fbbd8b22e23a4d926b5",
  "fundTxHash": "0xb7e4dc1eef588a4414ed02bc491d85b8beb5b3cb9c9c9393259d696237e34484",
  "disableTxHashes": [
    "0x175247d3395a25bf30bc282724787b0afdf761bfd4a40da340fb51afd839d5af"
  ],
  "disableTxHash": "0x175247d3395a25bf30bc282724787b0afdf761bfd4a40da340fb51afd839d5af",
  "disableTx": "0x175247d3395a25bf30bc282724787b0afdf761bfd4a40da340fb51afd839d5af",
  "refundTxHash": "0xed7931e666b220f5fdae785a365ee0e043ea5e7f6e2f2937f8b024e64b204f4e",
  "refundTx": "0xed7931e666b220f5fdae785a365ee0e043ea5e7f6e2f2937f8b024e64b204f4e"
}
