COMMAND: python3 experiments/scale_trace/scripts/trace_result_json.py /home/aothuatgiadp/blockchain/project/CTLC-Implementation/experiments/scale_trace/runs/random_v1_283/D-_E_evm_fund_de_CTLCOnly_worst_claim/result.json /home/aothuatgiadp/blockchain/project/CTLC-Implementation/experiments/scale_trace/runs/random_v1_283/D-_E_evm_fund_de_CTLCOnly_worst_claim/trace.json
STATUS: 0

STDOUT:
{
  "graph_id": "",
  "pair": "D->E|evm|fund:de",
  "contract": "CTLCOnly",
  "scenario": "worst_claim",
  "contractAddress": "0x43E052BE6828dc41E0709f86eB1853576f18e8A5",
  "traces": {
    "deploy": {
      "tx_hash": "0xee04dda79a93598d95b99c53582c5c8d21c5e24722a54e1a7c4e6d4b7797126c",
      "actual_calldata_bytes": 7155,
      "actual_sstore_count": 10,
      "actual_call_count": 0,
      "opcode_steps": 1462
    },
    "fund": {
      "tx_hash": "0xcb1f181eecb9578bb4cc8c0504ba5e080a2181e171f717a0bb83da2a7c152893",
      "actual_calldata_bytes": 0,
      "actual_sstore_count": 0,
      "actual_call_count": 0,
      "opcode_steps": 13
    },
    "claim_level0": {
      "tx_hash": "0xa8754c94dde3b6294eb95d3aecf126e042d5ceb5a42d29517771f2d6bf61a7db",
      "actual_calldata_bytes": 388,
      "actual_sstore_count": 1,
      "actual_call_count": 1,
      "opcode_steps": 1475
    }
  }
}


STDERR:

