ganache v7.9.2 (@ganache/cli: 0.10.2, @ganache/core: 0.10.2)
Starting RPC server

Available Accounts
==================
(0) 0x99db850D0D7Aca74C8A018ccF9b54130c9e44f4a (1000 ETH)
(1) 0x1188516A56e45870fF50De0cD288FB01689489dE (1000 ETH)
(2) 0xfC309b7C3a549F565764Bad4074786a7DB934296 (1000 ETH)
(3) 0x396e1cBA1053f307cd751a50Ba61B816e7aE940A (1000 ETH)
(4) 0x7dcd70B0438Bc0c742868843c1764DA968f4Ab0d (1000 ETH)
(5) 0x731CdA39fB1B5C54fA8953CdAd01FdD66FaC6B17 (1000 ETH)
(6) 0x779A94FAc00313E5fC01a616c7991F2e22bB3fF5 (1000 ETH)
(7) 0x34a767a770857DE315966c66eFCB4458923a11E4 (1000 ETH)
(8) 0x0fc27aa4f986a8203e2b7137291Bdf117ed8f676 (1000 ETH)
(9) 0xa395e94c2B5c6A61671957DcE7C1A7Ae5c59A20c (1000 ETH)

Private Keys
==================
(0) 0xbccb396f8d6d32f61ea5b9b4d187e1f0a7593600e175fed077e5ff811aa6149f
(1) 0x289520c8ace9b688e57ec2bd60fbcabcd231392792fe7e58f492e955d3291394
(2) 0x36f23116345aea76fff9cfcd668ee3dec6139384727cc0a36d660616722c54ef
(3) 0xbf23fbc76b0810347c0c64f75dfb497b6addfbf5dd38bdcbf0d3474fea657715
(4) 0xf246b64d10585667fee8fef600d45a6d0e8e8f11af2c1ce343bc2e84cddd3b8a
(5) 0x541dd4250feb2ae98a67a1edb5f3d9fa0beee66fb4f3e1131d8ae6ab7d1f7418
(6) 0xfcd8282ecc1445e8fea389c04acfad01cc0d80518c7e89f2fe8c07aa619c970e
(7) 0x894e7999e62de02031503469c2516064a74f67b77c6048185596897394cca110
(8) 0x90181be367e388de4d027a4ea794c238a17e1aa5e33c9677d41487cc323335e5
(9) 0xfd5074f4bb1653640fd558b3b381528ba4959fcc7be84a93c75266b095279d52

HD Wallet
==================
Mnemonic:      praise music shy endorse audit output mad borrow network behind diesel margin
Base HD Path:  m/44'/60'/0'/0/{account_index}

Default Gas Price
==================
2000000000

BlockGas Limit
==================
30000000

Call Gas Limit
==================
50000000

Chain
==================
Hardfork: shanghai
Id:       1337

RPC Listening on 127.0.0.1:8545
web3_clientVersion
eth_blockNumber
net_version
eth_accounts
eth_accounts
eth_blockNumber
net_version
eth_getBlockByNumber
eth_estimateGas
eth_getBlockByNumber
eth_gasPrice
eth_sendTransaction

  Transaction: 0x07a03b0989fa4616c8888498931edb7eda9aa9953bfbec6b6cb98171bdd536a0
  Contract created: 0xbaf04e093f7b3581ce1cb9aaf14a1fcda75fcc41
  Gas usage: 1100987
  Block number: 1
  Block time: Fri May 08 2026 01:26:23 GMT+0700 (Indochina Time)

eth_getTransactionReceipt
eth_getCode
eth_getTransactionReceipt
eth_getBlockByNumber
eth_gasPrice
eth_sendTransaction

  Transaction: 0xcac57f88717640c63b6395ed9a53a144ae97aa0bf5bc00c8cbafc1d4d8734329
  Gas usage: 21055
  Block number: 2
  Block time: Fri May 08 2026 01:26:23 GMT+0700 (Indochina Time)

eth_getTransactionReceipt
net_version
eth_getBlockByNumber
eth_estimateGas
eth_getBlockByNumber
eth_gasPrice
eth_sendTransaction

  Transaction: 0xacd562e4f5f3c52ba7a5adb43a80816f0ee401a2ea9e0b0a4d2d1b9bce04a5eb
  Gas usage: 64620
  Block number: 3
  Block time: Fri May 08 2026 01:26:23 GMT+0700 (Indochina Time)

eth_getTransactionReceipt
eth_blockNumber
eth_getBalance
eth_getTransactionByHash
debug_traceTransaction
eth_getTransactionByHash
debug_traceTransaction
eth_getTransactionByHash
debug_traceTransaction

Received shutdown signal: SIGTERM
Shutting down…
Server has been shut down
