ganache v7.9.2 (@ganache/cli: 0.10.2, @ganache/core: 0.10.2)
Starting RPC server

Available Accounts
==================
(0) 0x3DB506E764F8514E1Bd0A98eB8B01950a8fAA878 (1000 ETH)
(1) 0xC02552c1851b5C0E16E1Ee4A2E07899f91377f6f (1000 ETH)
(2) 0xD0C480da4C00cA879558D43CFF3BcD379E3c3d63 (1000 ETH)
(3) 0x3beDb37C30ceec970Ad23eAE5E6BEbe0028b4FE4 (1000 ETH)
(4) 0x8F1dbF6d8C7d5a5A4A0f087623E643acCDe0658d (1000 ETH)
(5) 0x661088C5a73883A1328A1aB131a250f5BA2D7eD7 (1000 ETH)
(6) 0xCFa8E8535C31ABc2550CFcBbdAb995a849873586 (1000 ETH)
(7) 0x85F3a2c4a182b1Ed47c6455F75F500e8ca5F4f7C (1000 ETH)
(8) 0x1CD7965e1117C9C766f73e298F5F9Ee296621E86 (1000 ETH)
(9) 0x4809504B760ad65c148464850f24c7E94675dFD9 (1000 ETH)

Private Keys
==================
(0) 0x3bf5ec91b4cdad6a67f1aa64d6eca13b9bca6a9c06f1df1c9824f9755b2c766e
(1) 0x0898e2847b8e5e71cb1b90f9c0ee19f310656fc8c307a76fcb40ad9bd1cf5706
(2) 0xe6a86af83ce0ee84d53b646494b76667c635e44dc64c98158d293943fb3210a5
(3) 0x40857cd2aa1a9f7cddcfb6263f488a1afa68f345437902486c1194d74eff6659
(4) 0xdd1e76065eeadac007cc004cc5ab9675679a50a022876ad8d4e5fa82ef1f3dfa
(5) 0x8d47c28241ff65d9ba1ef88c6517c8d1f304dc566bcc415526620d44e4d885b1
(6) 0xb3f1bd39a43faded1ec9e8db1bdb3bfa9bede19b4fcfdf0c17b10c74c5fe0c36
(7) 0xfcb191fd2e63d1fe61d841c6d1978553c018e54fb63f922d0966b2597f232aad
(8) 0x1e788c9fa985f3761ace26b376e62d18432df7ce47ea1dafcf3059181b4629e1
(9) 0x2af98b33648fc2e4a0e64eb9a07f1df82d3a72cded4a9f24b71eb99a32ff4162

HD Wallet
==================
Mnemonic:      whale vast salt buffalo rocket rule bundle example original proud choice broken
Base HD Path:  m/44'/60'/0'/0/{account_index}

Default Gas Price
==================
2000000000

BlockGas Limit
==================
30000000

Call Gas Limit
==================
50000000

Chain
==================
Hardfork: shanghai
Id:       1337

RPC Listening on 127.0.0.1:8545
web3_clientVersion
eth_blockNumber
net_version
eth_accounts
eth_accounts
eth_blockNumber
net_version
eth_getBlockByNumber
eth_estimateGas
eth_getBlockByNumber
eth_gasPrice
eth_sendTransaction

  Transaction: 0xce0d9aee3e30a3c05dd68a4de007829cbbd2ae68a7273331db85567b0d22ef06
  Contract created: 0x16b07e7850d6862762739025ca08b87ad62d71f9
  Gas usage: 1146811
  Block number: 1
  Block time: Thu May 07 2026 20:19:31 GMT+0700 (Indochina Time)

eth_getTransactionReceipt
eth_getCode
eth_getTransactionReceipt
eth_getBlockByNumber
eth_gasPrice
eth_sendTransaction

  Transaction: 0x34478e6eb199fa0f2e18991b5544c1ee9adc422b97148c36e223f7e17c8854ce
  Gas usage: 21055
  Block number: 2
  Block time: Thu May 07 2026 20:19:31 GMT+0700 (Indochina Time)

eth_getTransactionReceipt
net_version
eth_getBlockByNumber
eth_estimateGas
eth_getBlockByNumber
eth_gasPrice
eth_sendTransaction

  Transaction: 0x6bacbb5b9c0079b40c6a35680106315cb9fd3947aa3a56a47a5b6441ed959518
  Gas usage: 72862
  Block number: 3
  Block time: Thu May 07 2026 20:19:31 GMT+0700 (Indochina Time)

eth_getTransactionReceipt
eth_blockNumber
eth_getBalance
eth_getTransactionByHash
debug_traceTransaction
eth_getTransactionByHash
debug_traceTransaction
eth_getTransactionByHash
debug_traceTransaction

Received shutdown signal: SIGTERM
Shutting down…
Server has been shut down
