ganache v7.9.2 (@ganache/cli: 0.10.2, @ganache/core: 0.10.2)
Starting RPC server

Available Accounts
==================
(0) 0xE39E98c17D8877759863B6785a295B0c65Cedf17 (1000 ETH)
(1) 0x93541B93134552947cc5d479b59f4DF535c9864F (1000 ETH)
(2) 0x5209B3Db5B945F9aa03f0a46c845cee54BB3cB22 (1000 ETH)
(3) 0x22b3486e0D480B6C3578961Ec0Cc6d1b2Ed5ae35 (1000 ETH)
(4) 0x87bD6f645a390D0F05d9b29e1E5E9C720EB04760 (1000 ETH)
(5) 0xF4551CBd2f79711715e2aFE9D04Fa6E63664121f (1000 ETH)
(6) 0x8ae7b6fAE67eDA1Ee3EED42324eD4048f3F85CB8 (1000 ETH)
(7) 0x0f6D6e53F83399762B972549a40b36417f790380 (1000 ETH)
(8) 0x5D13d33757ef7E9e85E843D72e7F61B449B96BA1 (1000 ETH)
(9) 0x4E5dC378e4cce8e41570dCD8f9cA9776A21f59ea (1000 ETH)

Private Keys
==================
(0) 0x2eb32e23d96be6c4a6c71ab32e09872bee5d60bc4b2056e5f45b1d2b6f29b12d
(1) 0xf611a375ddfd92d73ea8a30c4d0186f71fbc3f1229743aa50802ebd167ad5553
(2) 0x46283ef282b6b1ff1af0d46f8d6dc6472e471c90f9f31aeac7fc76022195cf36
(3) 0x8a099ce77f3a111f5125124100ec8c3d9c17f82a12f9e44d08366691582cf785
(4) 0x72375d7b2af4ea08e982db558aecca0eb102b2f0d50aec34b1560c47872a5457
(5) 0x27a8c8cad4d5a57de52afc7491c13ffb4c7a5ab5fd9385ac820503f04f4e6005
(6) 0xf36d34bc11fce19a0a50c5760d815d29b217e1ad1a0a7627b22cd03b69057884
(7) 0x60d9583b8a1741422670ede0e56dd3d53c7d8b12299f8de8a2d1b0497c469269
(8) 0x7e78e52e3ed5a643f3963d1632347304233743f985d80dc1131a479b207c4ffd
(9) 0x13b70435fbded2ba58c7c57779188a844260e856fef6fe367a43a608e5ee40a8

HD Wallet
==================
Mnemonic:      match run thumb usage evidence laugh police cheese recall kick stage cement
Base HD Path:  m/44'/60'/0'/0/{account_index}

Default Gas Price
==================
2000000000

BlockGas Limit
==================
30000000

Call Gas Limit
==================
50000000

Chain
==================
Hardfork: shanghai
Id:       1337

RPC Listening on 127.0.0.1:8545
web3_clientVersion
eth_blockNumber
net_version
eth_accounts
eth_accounts
eth_blockNumber
net_version
eth_getBlockByNumber
eth_estimateGas
eth_getBlockByNumber
eth_gasPrice
eth_sendTransaction

  Transaction: 0x92cee08cb90efb7412fa35c8a5a4123f354236f2440de5c9dc2567c2ec9b5835
  Contract created: 0xc53594df7c1be562eb32ef4f9cdca6aad71a78f4
  Gas usage: 1285274
  Block number: 1
  Block time: Thu May 07 2026 22:14:48 GMT+0700 (Indochina Time)

eth_getTransactionReceipt
eth_getCode
eth_getTransactionReceipt
eth_getBlockByNumber
eth_gasPrice
eth_sendTransaction

  Transaction: 0x07a8ccf62537ba71d60259135829fbd1e47ba6dd34018b9251bc590953c68148
  Gas usage: 21055
  Block number: 2
  Block time: Thu May 07 2026 22:14:48 GMT+0700 (Indochina Time)

eth_getTransactionReceipt
net_version
eth_getBlockByNumber
eth_estimateGas
eth_getBlockByNumber
eth_gasPrice
eth_sendTransaction

  Transaction: 0x6557bbd4f240287974f86d8d0f5389ebb517b202511f3967a76ab4520d439dfa
  Gas usage: 75948
  Block number: 3
  Block time: Thu May 07 2026 22:14:48 GMT+0700 (Indochina Time)

eth_getTransactionReceipt
eth_blockNumber
eth_getBalance
eth_getTransactionByHash
debug_traceTransaction
eth_getTransactionByHash
debug_traceTransaction
eth_getTransactionByHash
debug_traceTransaction

Received shutdown signal: SIGTERM
Shutting down…
Server has been shut down
