ganache v7.9.2 (@ganache/cli: 0.10.2, @ganache/core: 0.10.2)
Starting RPC server

Available Accounts
==================
(0) 0x9990a89d056875b1b5046d4183E482Edf7309816 (1000 ETH)
(1) 0x20d015be32785a1516bAa403f94DF27Fd550dA0b (1000 ETH)
(2) 0x65E6301ccefd4E5F255E67020989e45322C0F27B (1000 ETH)
(3) 0x2577B2e00C9db7c4e59078d57877A5Aed1a17A14 (1000 ETH)
(4) 0x6E7f130E2833Be77102C9A64aa89DdA02FeFB0FF (1000 ETH)
(5) 0x00083a1bd6b069f0FE86d77d93ccf7Ea7bC7BE0b (1000 ETH)
(6) 0x5ef92f0456cDd0bB7c2AD5f92e8016279Cb61e24 (1000 ETH)
(7) 0x9ED88293b81fBb62dBaD2e6e319E0AdE417D2c6b (1000 ETH)
(8) 0xFf39659E6cf97CC9F33Cdda18047B50b4b4099Af (1000 ETH)
(9) 0x1d51A21FC00df946bbF07cbe7d4f157641a71a0c (1000 ETH)

Private Keys
==================
(0) 0xcbba81837cd764fc75c4911f3430700a4ec5f0ee23efe0127135e6dc4a973363
(1) 0x97e29f9eb7e492c3987d0836919d7ddb4ed42962960af894c461bb4f827b39ce
(2) 0x9909182a64db3417623bb6f384af89f6682666bc95440de961803025d4a35450
(3) 0xe227dd6f08d1e1d0eab7fd82519eecf199b8428a2012edbe5dcbe02e0978279c
(4) 0x3d90fb865dfbeb0040227695a62c31412259b4844334299c1e71873457adc452
(5) 0x02c0801b5fb4c6f21f8c9a11656a88362cae235936c20a6c53dea3fd50517432
(6) 0x66a41faff6a82dfd5445a37f928af7645d424dfad294ab1739583a8bfad703df
(7) 0xac879254caaa274bb0653ce65eb6e5b311f5a0cff7dc8509d339cc7e9871d433
(8) 0xbdf1a09e7bac56dde93a11eefe27cc3f4a95b41afc7bf30bc69220b3c9c159c9
(9) 0x31ee72173f2ba7dd354a72aefc1c405ee8fd0612453bbb10bdf3cdc0405ccd40

HD Wallet
==================
Mnemonic:      harbor core throw remove mansion rebel arrive time argue spin discover bus
Base HD Path:  m/44'/60'/0'/0/{account_index}

Default Gas Price
==================
2000000000

BlockGas Limit
==================
30000000

Call Gas Limit
==================
50000000

Chain
==================
Hardfork: shanghai
Id:       1337

RPC Listening on 127.0.0.1:8545
web3_clientVersion
eth_blockNumber
net_version
eth_accounts
eth_accounts
eth_blockNumber
net_version
eth_getBlockByNumber
eth_estimateGas
eth_getBlockByNumber
eth_gasPrice
eth_sendTransaction

  Transaction: 0x0aa8c7ccaffd2f783ebe795a3750e4bdef88f256419dce8b0542c5a36e50e575
  Contract created: 0x9a115405ef9d82e2a02c2da1ea23d4deffc88c15
  Gas usage: 1239058
  Block number: 1
  Block time: Fri May 08 2026 01:18:11 GMT+0700 (Indochina Time)

eth_getTransactionReceipt
eth_getCode
eth_getTransactionReceipt
eth_getBlockByNumber
eth_gasPrice
eth_sendTransaction

  Transaction: 0x2a688181638bbbb44bb6f17fe505964d9d5c09b51973d1e855901d88eb65f41d
  Gas usage: 21055
  Block number: 2
  Block time: Fri May 08 2026 01:18:11 GMT+0700 (Indochina Time)

eth_getTransactionReceipt
net_version
eth_getBlockByNumber
eth_estimateGas
eth_getBlockByNumber
eth_gasPrice
eth_sendTransaction

  Transaction: 0xbad761176cb5a2caa972aa37ffa2ec95eaae14f325b8d43900496902dd190125
  Gas usage: 68747
  Block number: 3
  Block time: Fri May 08 2026 01:18:11 GMT+0700 (Indochina Time)

eth_getTransactionReceipt
eth_blockNumber
eth_getBalance
eth_getTransactionByHash
debug_traceTransaction
eth_getTransactionByHash
debug_traceTransaction
eth_getTransactionByHash
debug_traceTransaction

Received shutdown signal: SIGTERM
Shutting down…
Server has been shut down
