ganache v7.9.2 (@ganache/cli: 0.10.2, @ganache/core: 0.10.2)
Starting RPC server

Available Accounts
==================
(0) 0xF672fca261A0CFC44c01960C08452af0BC832256 (1000 ETH)
(1) 0x3dCde214fEc9B60588c6C8155f435161DE31D40b (1000 ETH)
(2) 0x8866bB2628E855274be7F08a6Dc9ceb65fC867eC (1000 ETH)
(3) 0xb8eF0B06a2A3DFFB916F509Ed7E4C07932796F53 (1000 ETH)
(4) 0x196f137dBAbC210345b796FA6d4C4808E2E262BE (1000 ETH)
(5) 0xb7f3e6Ec862Ff5Cbc35D7d0A8783228357549FC5 (1000 ETH)
(6) 0x1aC7047f7784Bf8cb2Df9126a7Fd97379cC75462 (1000 ETH)
(7) 0xD9087EC57B99A469943710d8a4fd511fCCabdE27 (1000 ETH)
(8) 0x324602A7Da6b891FbEEc6b57Ff4D35A8F607bddb (1000 ETH)
(9) 0x659a0A630ACfA596322Db79487E1B7a18Dae74bc (1000 ETH)

Private Keys
==================
(0) 0x4e5f95b8535e3bd1034a4b5e12c32098f10518ab07d6414f0dd2bcbd7673094e
(1) 0xf9a82f49f4890fc0c6ccb1cc5e70698cfd17570b1386dffaa6b5db0045b90eba
(2) 0x0aa89abe9a843db6dc6e65f16f7370b4d2ee1648d4a905185e055329ccaf5a4a
(3) 0xf4e6dec84433a12dd1d26a173c67da9df541fa097fb84e5a6903d88328180abb
(4) 0xa17a3c7adf7b29a0c43a1ec8db68dc80b7474726a35e40143f4f4ba5c86521a2
(5) 0x9771d4dc77e5eb9b8df09f07120eeac150bc3e31109bf4427d0f4b8f15666bd0
(6) 0x0ea319250a8be8715fc4b566162ee4c7c93532745f69696719e4f7e859e1bca0
(7) 0xe315baa0d58ba98dc50df1a66613c13829c4954359dc2cf1a943cbb97c353cfa
(8) 0x7eec075bf0268aba756f82baaf88b753e0dc355f900166dc3bf170c97094c159
(9) 0x413d09d17c50104e6dae1b9c6c46d21579f3e1bc3f4de9ad0055ae4ab1d5de6d

HD Wallet
==================
Mnemonic:      jealous allow double tiger carry ability lawsuit olympic later nation pipe advice
Base HD Path:  m/44'/60'/0'/0/{account_index}

Default Gas Price
==================
2000000000

BlockGas Limit
==================
30000000

Call Gas Limit
==================
50000000

Chain
==================
Hardfork: shanghai
Id:       1337

RPC Listening on 127.0.0.1:8545
web3_clientVersion
eth_blockNumber
net_version
eth_accounts
eth_accounts
eth_blockNumber
net_version
eth_getBlockByNumber
eth_estimateGas
eth_getBlockByNumber
eth_gasPrice
eth_sendTransaction

  Transaction: 0x4b5a53c44c745623d035ff5c142bcc87a120e8a812a3a2e7c6a7f3efd1364819
  Contract created: 0x1bc9bfc0987f498c88a90153691019a8a11d58be
  Gas usage: 1261982
  Block number: 1
  Block time: Thu May 07 2026 21:52:06 GMT+0700 (Indochina Time)

eth_getTransactionReceipt
eth_getCode
eth_getTransactionReceipt
eth_getBlockByNumber
eth_gasPrice
eth_sendTransaction

  Transaction: 0x5f6cfe2e387b5130907bae00172076a0519ba6e8ba84a795b215d5aa838c0839
  Gas usage: 21055
  Block number: 2
  Block time: Thu May 07 2026 21:52:06 GMT+0700 (Indochina Time)

eth_getTransactionReceipt
eth_blockNumber
evm_mine
eth_blockNumber
evm_mine
eth_blockNumber
evm_mine
eth_blockNumber
evm_mine
eth_blockNumber
evm_mine
eth_blockNumber
net_version
eth_getBlockByNumber
eth_estimateGas
eth_getBlockByNumber
eth_gasPrice
eth_sendTransaction

  Transaction: 0xc45e81cd3f14c1e0d3d9ee4baad534035bd681b91558b3126587fae8ca488be1
  Gas usage: 52947
  Block number: 8
  Block time: Thu May 07 2026 21:52:06 GMT+0700 (Indochina Time)

eth_getTransactionReceipt
net_version
eth_getBlockByNumber
eth_estimateGas
eth_getBlockByNumber
eth_gasPrice
eth_sendTransaction

  Transaction: 0x72a272e1336bc4a7bafb571316344cc39e4861d5962a6200ade99fb9bc61d31c
  Gas usage: 77025
  Block number: 9
  Block time: Thu May 07 2026 21:52:06 GMT+0700 (Indochina Time)

eth_getTransactionReceipt
eth_blockNumber
eth_getBalance
eth_getTransactionByHash
debug_traceTransaction
eth_getTransactionByHash
debug_traceTransaction
eth_getTransactionByHash
debug_traceTransaction
eth_getTransactionByHash
debug_traceTransaction

Received shutdown signal: SIGTERM
Shutting down…
Server has been shut down
