COMMAND: python3 experiments/scale_trace/scripts/trace_result_json.py /home/aothuatgiadp/blockchain/project/CTLC-Implementation/experiments/scale_trace/runs/random_v1_261/D-_F_evm_fund_df_CTLCOnly_refund/result.json /home/aothuatgiadp/blockchain/project/CTLC-Implementation/experiments/scale_trace/runs/random_v1_261/D-_F_evm_fund_df_CTLCOnly_refund/trace.json
STATUS: 0

STDOUT:
{
  "graph_id": "",
  "pair": "D->F|evm|fund:df",
  "contract": "CTLCOnly",
  "scenario": "refund",
  "contractAddress": "0x2608544900B2104C4516e5Fa903DFb0C1c309713",
  "traces": {
    "deploy": {
      "tx_hash": "0xf2458bb6b084b4aa16fa32d0dfbcb3e12dc52b0e7fa57469547558d126656753",
      "actual_calldata_bytes": 7123,
      "actual_sstore_count": 9,
      "actual_call_count": 0,
      "opcode_steps": 1374
    },
    "fund": {
      "tx_hash": "0x9121f5114a1eb755add87b9302457997ad5ce9b69e7faa4873d1b9b1e0e92df7",
      "actual_calldata_bytes": 0,
      "actual_sstore_count": 0,
      "actual_call_count": 0,
      "opcode_steps": 13
    },
    "refund_level0": {
      "tx_hash": "0x0a4922762c48e6729b0ff59d2abe97368b613225330d992479f460aafbe66310",
      "actual_calldata_bytes": 4,
      "actual_sstore_count": 1,
      "actual_call_count": 1,
      "opcode_steps": 229
    }
  }
}


STDERR:

