ganache v7.9.2 (@ganache/cli: 0.10.2, @ganache/core: 0.10.2)
Starting RPC server

Available Accounts
==================
(0) 0xB21734dE24Bf6ba3633144A0EA565061Bc978960 (1000 ETH)
(1) 0xaA1Ed0393eEe1B96F962885e4f2119282a7E2D86 (1000 ETH)
(2) 0xB773a207F04fC7aE2fd97b178dD05bc4ADBA1b78 (1000 ETH)
(3) 0x0C69b4fF127ffD709e4272AdD51bD5Ddd7Ce1bd4 (1000 ETH)
(4) 0x5ce531bfDA7cA23d224891349552D30686B90065 (1000 ETH)
(5) 0xba41daD473647FE49045bb749f8d8ad7a4F1131F (1000 ETH)
(6) 0x829462Db0d47b0ABc8cd21e06c18462A9aD1Fb31 (1000 ETH)
(7) 0x8c23e3Db58C06b50F0581a19915460168A7904A4 (1000 ETH)
(8) 0x7Ca4dcC1320FB1AeC6996C4E5A43B70d851E3542 (1000 ETH)
(9) 0x9AE9d1e4E919E09179Cbe49013bD4F3e984Aa2fa (1000 ETH)

Private Keys
==================
(0) 0x325d6376eefc838c03182f55918805c038d98a70c1263d01dfff99af49060e02
(1) 0x06d63ed33a7cf81cb7d82ae2c4b2cd9d4114cd9e3dae55c76b228fb258c414e2
(2) 0xc753336e760dcbd2e2bda01f8f22343a31a8e572f55ef7f974cee9172376afee
(3) 0x8d331bb18e7550ed793ee53e1e2ff1f2d5d47a62b60b2ab309409aba5cbfab12
(4) 0x34f58d1671124a41c1c71bda6c2979d9a6ef8de03fb40d532edd95b4bdc3a319
(5) 0xcefa752290d470597630602384954ba55deda14081b6643043d3e30741eeb078
(6) 0x7d16f372e79fb265ed1ed0db34f9cb1f7c0469b6c5fa036c056786a82e3eb118
(7) 0xb10d5a11852b002dea43454a49dfe24bd8df1f8039ac9255e7fbfc643652cbcb
(8) 0x786a248fa8f90fd53ab15790ded9b0f7a2585db7e9d7aa672a3bcff97b0abd34
(9) 0x0be55c82dc846c99241b2567ced003e66e5be67ffcd12a384a2431fed67a1481

HD Wallet
==================
Mnemonic:      oval certain source artwork fine town sad siege trap census citizen mansion
Base HD Path:  m/44'/60'/0'/0/{account_index}

Default Gas Price
==================
2000000000

BlockGas Limit
==================
30000000

Call Gas Limit
==================
50000000

Chain
==================
Hardfork: shanghai
Id:       1337

RPC Listening on 127.0.0.1:8545
web3_clientVersion
eth_blockNumber
net_version
eth_accounts
eth_accounts
eth_blockNumber
net_version
eth_getBlockByNumber
eth_estimateGas
eth_getBlockByNumber
eth_gasPrice
eth_sendTransaction

  Transaction: 0x4cbbab376cf8de0c964522b006785fdb68be822120c952d08445b69f3d038f4a
  Contract created: 0x47fc9afdcbd17db3ee073210d100f0fef4509b67
  Gas usage: 1607679
  Block number: 1
  Block time: Thu May 07 2026 21:07:48 GMT+0700 (Indochina Time)

eth_getTransactionReceipt
eth_getCode
eth_getTransactionReceipt
eth_getBlockByNumber
eth_gasPrice
eth_sendTransaction

  Transaction: 0x7936dabedd1c41792fbe499a26d6a36df773a14624385d6e49b4d0cf15d42386
  Gas usage: 21055
  Block number: 2
  Block time: Thu May 07 2026 21:07:48 GMT+0700 (Indochina Time)

eth_getTransactionReceipt
eth_blockNumber
evm_mine
eth_blockNumber
evm_mine
eth_blockNumber
evm_mine
eth_blockNumber
evm_mine
eth_blockNumber
evm_mine
eth_blockNumber
evm_mine
eth_blockNumber
net_version
eth_getBlockByNumber
eth_estimateGas
eth_getBlockByNumber
eth_gasPrice
eth_sendTransaction

  Transaction: 0x3476cf8c81411baf89dd35c79366cb265b5fc0ff65bca047df8361a7ed2cec1c
  Gas usage: 52925
  Block number: 9
  Block time: Thu May 07 2026 21:07:48 GMT+0700 (Indochina Time)

eth_getTransactionReceipt
eth_blockNumber
evm_mine
eth_blockNumber
net_version
eth_getBlockByNumber
eth_estimateGas
eth_getBlockByNumber
eth_gasPrice
eth_sendTransaction

  Transaction: 0x7e03c7a69a897acac8310aca23bd9329a787991064d25dcb28e17390b06e3610
  Gas usage: 59539
  Block number: 11
  Block time: Thu May 07 2026 21:07:48 GMT+0700 (Indochina Time)

eth_getTransactionReceipt
eth_blockNumber
eth_getBalance
eth_getTransactionByHash
debug_traceTransaction
eth_getTransactionByHash
debug_traceTransaction
eth_getTransactionByHash
debug_traceTransaction
eth_getTransactionByHash
debug_traceTransaction

Received shutdown signal: SIGTERM
Shutting down…
Server has been shut down
