COMMAND: python3 experiments/scale_trace/scripts/trace_result_json.py /home/aothuatgiadp/blockchain/project/CTLC-Implementation/experiments/scale_trace/runs/random_v1_288/G-_A_evm_fund_ga_CTLCOnly_worst_claim/result.json /home/aothuatgiadp/blockchain/project/CTLC-Implementation/experiments/scale_trace/runs/random_v1_288/G-_A_evm_fund_ga_CTLCOnly_worst_claim/trace.json
STATUS: 0

STDOUT:
{
  "graph_id": "",
  "pair": "G->A|evm|fund:ga",
  "contract": "CTLCOnly",
  "scenario": "worst_claim",
  "contractAddress": "0x0a8559cBAE6B159aca948C33D30604A2Bf74548c",
  "traces": {
    "deploy": {
      "tx_hash": "0xc4a5cb2c72e8ac1f16820253a60b7c592e147b6031061959ba3aaa0ade8a9ce0",
      "actual_calldata_bytes": 7091,
      "actual_sstore_count": 8,
      "actual_call_count": 0,
      "opcode_steps": 1286
    },
    "fund": {
      "tx_hash": "0x364bba1f5e882a4758035a384726806310351b52840474af06a587d772ad770c",
      "actual_calldata_bytes": 0,
      "actual_sstore_count": 0,
      "actual_call_count": 0,
      "opcode_steps": 13
    },
    "claim_level0": {
      "tx_hash": "0xbc59a2f69518ddeef34b6cc7af561c86a0042924f3da789317a8e6eecb72c162",
      "actual_calldata_bytes": 196,
      "actual_sstore_count": 1,
      "actual_call_count": 1,
      "opcode_steps": 793
    }
  }
}


STDERR:

