COMMAND: python3 experiments/scale_trace/scripts/trace_result_json.py /home/aothuatgiadp/blockchain/project/CTLC-Implementation/experiments/scale_trace/runs/random_v1_34/C-_D_evm_fund_cd_CTLCMultipleEdges_best_claim/result.json /home/aothuatgiadp/blockchain/project/CTLC-Implementation/experiments/scale_trace/runs/random_v1_34/C-_D_evm_fund_cd_CTLCMultipleEdges_best_claim/trace.json
STATUS: 0

STDOUT:
{
  "graph_id": "",
  "pair": "C->D|evm|fund:cd",
  "contract": "CTLCMultipleEdges",
  "scenario": "best_claim",
  "contractAddress": "0x9577E1b608A60Db45E45602bd765671c46421134",
  "traces": {
    "deploy": {
      "tx_hash": "0xa5fbcb70d19e945297f070f9a7ed705b2dd70afd04366eca267ffc18603411e1",
      "actual_calldata_bytes": 8233,
      "actual_sstore_count": 25,
      "actual_call_count": 0,
      "opcode_steps": 3433
    },
    "fund": {
      "tx_hash": "0x7cb25855ac83a333be7b46959f52521c0a35697c8e934d2b968d56cfad1625d9",
      "actual_calldata_bytes": 0,
      "actual_sstore_count": 0,
      "actual_call_count": 0,
      "opcode_steps": 13
    },
    "claim_level0": {
      "tx_hash": "0xd72c3eccd7ce889b11b641241e65b7f304f4d0fca0a4356a58a0c039a94f2f88",
      "actual_calldata_bytes": 612,
      "actual_sstore_count": 1,
      "actual_call_count": 1,
      "opcode_steps": 2309
    }
  }
}


STDERR:

