Using network 'development'.

{
  "ok": true,
  "graph_id": "",
  "pair": "C->D|evm|fund:cd",
  "pairKey": "C->D|evm|fund:cd",
  "contract": "CTLCOnly",
  "scenario": "best_claim",
  "deployGas": "0x117fa3",
  "gasUsed": "72874",
  "disableGasUsed": "",
  "claimGasUsed": "72874",
  "refundGasUsed": "",
  "contractAddress": "0x0C2AF5073B324ef47e389505a4B715F90cA0A85A",
  "startBlock": "0",
  "endBlock": "3",
  "finalContractBalanceWei": "0",
  "deployer": "0x0a33d42E68921B32224DC59a28034478AFc4fafa",
  "party": "0xe1C1FB086E5Dde41Df2052fE9ceC6E7576a6393C",
  "counterparty": "0x61D5542DC10700B36bbF6d0FB4b9AB18e51C5370",
  "fundingWei": "1000000000000000000",
  "timelocks": [
    8
  ],
  "transactions": [
    {
      "role": "deploy",
      "txHash": "0xc28ac48f4343840f43adac783452b5950d1d3bf568b731246b9c9acc443c2cda"
    },
    {
      "role": "fund",
      "txHash": "0x70b4707857a35f7648e26227a12f09f3a02c7159b1d19771079c4c17ed8c7cd3"
    },
    {
      "role": "claim",
      "txHash": "0xf2a7b6dd72f2b6a98942db4207a5cf3d652490cec2eb9156ddcd84b21ef7e6e0",
      "level": 0,
      "option": 0
    }
  ],
  "txRoles": [
    {
      "role": "deploy",
      "txHash": "0xc28ac48f4343840f43adac783452b5950d1d3bf568b731246b9c9acc443c2cda"
    },
    {
      "role": "fund",
      "txHash": "0x70b4707857a35f7648e26227a12f09f3a02c7159b1d19771079c4c17ed8c7cd3"
    },
    {
      "role": "claim",
      "txHash": "0xf2a7b6dd72f2b6a98942db4207a5cf3d652490cec2eb9156ddcd84b21ef7e6e0",
      "level": 0,
      "option": 0
    }
  ],
  "deployTxHash": "0xc28ac48f4343840f43adac783452b5950d1d3bf568b731246b9c9acc443c2cda",
  "fundTxHash": "0x70b4707857a35f7648e26227a12f09f3a02c7159b1d19771079c4c17ed8c7cd3",
  "claimTxHash": "0xf2a7b6dd72f2b6a98942db4207a5cf3d652490cec2eb9156ddcd84b21ef7e6e0",
  "txHash": "0xf2a7b6dd72f2b6a98942db4207a5cf3d652490cec2eb9156ddcd84b21ef7e6e0",
  "tx": "0xf2a7b6dd72f2b6a98942db4207a5cf3d652490cec2eb9156ddcd84b21ef7e6e0"
}
