ganache v7.9.2 (@ganache/cli: 0.10.2, @ganache/core: 0.10.2)
Starting RPC server

Available Accounts
==================
(0) 0xE7D345111d2DAF126e29695884dFDe479628Df0E (1000 ETH)
(1) 0x502cCB9F37e58A4839d5Ab068B6C62CaDf4eFF81 (1000 ETH)
(2) 0xB82a4DcB4158e452ecC64293872da5dc85aFD0Dc (1000 ETH)
(3) 0xe4b86A56131056082be0E3E37C8C530FE402D900 (1000 ETH)
(4) 0xfF85E4E0507352cafa44bC2A1536DBe4d17E882a (1000 ETH)
(5) 0x8Ab787EaDC5D7692314792f2388A0A0616307e34 (1000 ETH)
(6) 0xe46c1113FD38246a2718E61C1E5DA0fE2099f1A2 (1000 ETH)
(7) 0x2BAb605cE36A28377B8148C5b4C008aF63D0a283 (1000 ETH)
(8) 0x42486361e9e43Fe5665104C685C19d82BfA351B7 (1000 ETH)
(9) 0x9d70E425608064aCe5D625Ce4303d690ff6d249C (1000 ETH)

Private Keys
==================
(0) 0xe4c0a8efb212475481183ef656b8893301ae716ee3ff8210b1b10808a1a6c6cd
(1) 0x244a6afef0c2e2d597eb0bdb44b0e904e56025c60f6a258e2f3ba91fdee431e7
(2) 0xfbff2c27b2493847a1967d495a3d66d9f73254f87fbe1433867cc6e7a4fd19d1
(3) 0xb9a0f81ff918e1b622a610d25b2a47b4066248b6838625cf6008df3bfbd04a9d
(4) 0xf3e56c14f2075e3b39cc7e248cceb84006b5c0e094ca6c976f903e3301c22615
(5) 0xe65dbe2de593996f8f5a6ebdb253d750975c40579ae86a2563ac1aadeff50f75
(6) 0x30bd9d8789d33f09f215cb1097314cfd8f32e8b37a1c81f64bfdc4235ea20c14
(7) 0xca79c4c27db2e26f4b90887d8dd30e1513c5df70c8df9f4c88d2f129d7aef77d
(8) 0x4ed48c40cb5e2cea41512e5a005658ea730cff9765852ae59186e38209c38d82
(9) 0xa3dfc61c4635346ea28c25e4fd3bf6d4a84ab1a288de1894ce3c0fc7a71cc297

HD Wallet
==================
Mnemonic:      keen gorilla execute smart inspire peasant priority decorate million melody trigger mansion
Base HD Path:  m/44'/60'/0'/0/{account_index}

Default Gas Price
==================
2000000000

BlockGas Limit
==================
30000000

Call Gas Limit
==================
50000000

Chain
==================
Hardfork: shanghai
Id:       1337

RPC Listening on 127.0.0.1:8545
web3_clientVersion
eth_blockNumber
net_version
eth_accounts
eth_accounts
eth_blockNumber
net_version
eth_getBlockByNumber
eth_estimateGas
eth_getBlockByNumber
eth_gasPrice
eth_sendTransaction

  Transaction: 0x2e747d9bc36785735c47e382381cf970d6032cccea7505cc6cea2f719b419c02
  Contract created: 0x007d50aa700cdaabcb6ecd2ccdce2522d1adcf72
  Gas usage: 1146811
  Block number: 1
  Block time: Fri May 08 2026 00:41:21 GMT+0700 (Indochina Time)

eth_getTransactionReceipt
eth_getCode
eth_getTransactionReceipt
eth_getBlockByNumber
eth_gasPrice
eth_sendTransaction

  Transaction: 0x3fdcf53a9855a76613c36c97ecbd3ed2399106965073f0fcfecbb396855135c7
  Gas usage: 21055
  Block number: 2
  Block time: Fri May 08 2026 00:41:21 GMT+0700 (Indochina Time)

eth_getTransactionReceipt
net_version
eth_getBlockByNumber
eth_estimateGas
eth_getBlockByNumber
eth_gasPrice
eth_sendTransaction

  Transaction: 0x6dc6bcf1f541f1c05275682cf787eea61b001a9d0f4225f2eb2e2ecb1e9694f1
  Gas usage: 72862
  Block number: 3
  Block time: Fri May 08 2026 00:41:21 GMT+0700 (Indochina Time)

eth_getTransactionReceipt
eth_blockNumber
eth_getBalance
eth_getTransactionByHash
debug_traceTransaction
eth_getTransactionByHash
debug_traceTransaction
eth_getTransactionByHash
debug_traceTransaction

Received shutdown signal: SIGTERM
Shutting down…
Server has been shut down
