Using network 'development'.

{
  "ok": true,
  "graph_id": "",
  "pair": "E->B|evm|fund:eb",
  "pairKey": "E->B|evm|fund:eb",
  "contract": "CTLCOnly",
  "scenario": "worst_claim",
  "deployGas": "0x139b2a",
  "gasUsed": "129960",
  "disableGasUsed": "52947",
  "claimGasUsed": "77013",
  "refundGasUsed": "",
  "contractAddress": "0x087465316Ea5cEBe5612FADFf84B789e13c3cAB3",
  "startBlock": "0",
  "endBlock": "10",
  "finalContractBalanceWei": "0",
  "deployer": "0x57b06f713642B0bC36876629F1Fba3257c9859af",
  "party": "0xf5fBee3E787BcC83A1aeEC1DE7bB562B96C671C3",
  "counterparty": "0x81f5Cd0a622beB7206aB171CFAc5224e57Ea5B48",
  "fundingWei": "1000000000000000000",
  "timelocks": [
    8,
    9
  ],
  "transactions": [
    {
      "role": "deploy",
      "txHash": "0x216d40ce1bd7a47c88f9c1e9272d6a9e36fa95d0abfcba48256066e025e8fd3f"
    },
    {
      "role": "fund",
      "txHash": "0xd9c036f52da418a4857c772c9386b2a4ef19b2806b53c02253f8abadd5690ef0"
    },
    {
      "role": "disable",
      "txHash": "0x79da5a527c72245d4d4ab50c3f1c4b678a9e4b5793a69c4258e2f1be0075b2cc",
      "level": 0
    },
    {
      "role": "claim",
      "txHash": "0x32e9dddb5ef1583fc3f2ee61c1c069dd9ccc54a7c7f80d1f058f4f86c40eff78",
      "level": 1,
      "option": 0
    }
  ],
  "txRoles": [
    {
      "role": "deploy",
      "txHash": "0x216d40ce1bd7a47c88f9c1e9272d6a9e36fa95d0abfcba48256066e025e8fd3f"
    },
    {
      "role": "fund",
      "txHash": "0xd9c036f52da418a4857c772c9386b2a4ef19b2806b53c02253f8abadd5690ef0"
    },
    {
      "role": "disable",
      "txHash": "0x79da5a527c72245d4d4ab50c3f1c4b678a9e4b5793a69c4258e2f1be0075b2cc",
      "level": 0
    },
    {
      "role": "claim",
      "txHash": "0x32e9dddb5ef1583fc3f2ee61c1c069dd9ccc54a7c7f80d1f058f4f86c40eff78",
      "level": 1,
      "option": 0
    }
  ],
  "deployTxHash": "0x216d40ce1bd7a47c88f9c1e9272d6a9e36fa95d0abfcba48256066e025e8fd3f",
  "fundTxHash": "0xd9c036f52da418a4857c772c9386b2a4ef19b2806b53c02253f8abadd5690ef0",
  "disableTxHashes": [
    "0x79da5a527c72245d4d4ab50c3f1c4b678a9e4b5793a69c4258e2f1be0075b2cc"
  ],
  "disableTxHash": "0x79da5a527c72245d4d4ab50c3f1c4b678a9e4b5793a69c4258e2f1be0075b2cc",
  "disableTx": "0x79da5a527c72245d4d4ab50c3f1c4b678a9e4b5793a69c4258e2f1be0075b2cc",
  "claimTxHash": "0x32e9dddb5ef1583fc3f2ee61c1c069dd9ccc54a7c7f80d1f058f4f86c40eff78",
  "txHash": "0x32e9dddb5ef1583fc3f2ee61c1c069dd9ccc54a7c7f80d1f058f4f86c40eff78",
  "tx": "0x32e9dddb5ef1583fc3f2ee61c1c069dd9ccc54a7c7f80d1f058f4f86c40eff78"
}
