ganache v7.9.2 (@ganache/cli: 0.10.2, @ganache/core: 0.10.2)
Starting RPC server

Available Accounts
==================
(0) 0xc39157F911Ff70aBc88C19C8f850a8cE65fcE28F (1000 ETH)
(1) 0x6da5ea6F5fBF03011765C6493589a34936bAF8b0 (1000 ETH)
(2) 0xF9A197C74Af3db585AE6255f023274E7AcBEeaaC (1000 ETH)
(3) 0x3Aff84DE54668fB0A8d3C395D4B8aB1D585bbb18 (1000 ETH)
(4) 0x9B53D29Aac51e8559B81817018d79101f15C9601 (1000 ETH)
(5) 0x5204c42AC1101834cb744D30e176F408fcd3791F (1000 ETH)
(6) 0xf74F1A3Ed31E8B39Dc08A093e229198559124B7D (1000 ETH)
(7) 0x56a2504fc5ea22A2A8Ec69aBB5Bf763FFF057f5f (1000 ETH)
(8) 0xb1330953Abd9ED22461b313Af6B39D4C287Dba27 (1000 ETH)
(9) 0x06375fb2f83AfBc0444241E029A795C8175e94f3 (1000 ETH)

Private Keys
==================
(0) 0x71bf46d5b636592308ed08bf049a0d142ae66c721f7cd8b1048b6aea8cfb1bff
(1) 0x57a864cb2b4c5a8a444d33a21f165773f7690c51d0fb8e07888abc9cc4f7a347
(2) 0xfc6f31647e4d547e7bc077b40dbde1f7c66a24b605f60a321d2aea42aefd28fd
(3) 0x1ca3c18eb46a53359564719794f53a92516adf62eb5670ef2e06a7e595f8c548
(4) 0xcdb8be50c6dcdf3303ff97d1e36ca7ecaedd0b3985216b5d2f9865a24f357da6
(5) 0x7daaf31f7ff6db8acc03dc827f3fcd49f7d7aafcd822216f50f81a4e05ddc542
(6) 0x143ed19be23b4ab789bb8def56fd98db91ed22685ee15f89f0f3e411b8a96846
(7) 0x12a4afeae6abc2850d353fbefa26559a5393aad4bdd146eaf42cafe1bb7762fe
(8) 0x74ecdf08e05ef481bdd51dbe5f6e2c009713034b95193a4968fb165c6e0d621b
(9) 0x97d4e0e9abf31ef2f8b93791c0be51bd8c5f90041994fd9930de79a7f4eb3a35

HD Wallet
==================
Mnemonic:      tell wonder mountain library bargain unhappy scan ghost pistol other mad pull
Base HD Path:  m/44'/60'/0'/0/{account_index}

Default Gas Price
==================
2000000000

BlockGas Limit
==================
30000000

Call Gas Limit
==================
50000000

Chain
==================
Hardfork: shanghai
Id:       1337

RPC Listening on 127.0.0.1:8545
web3_clientVersion
eth_blockNumber
net_version
eth_accounts
eth_accounts
eth_blockNumber
net_version
eth_getBlockByNumber
eth_estimateGas
eth_getBlockByNumber
eth_gasPrice
eth_sendTransaction

  Transaction: 0x98768fc5a58b34714119173747dbd0826c039e164bd0df3fe1168d86f9857ac6
  Contract created: 0xcd26ca7e730aa37a31478920d3feb5a461f2ca20
  Gas usage: 1123899
  Block number: 1
  Block time: Fri May 08 2026 02:03:22 GMT+0700 (Indochina Time)

eth_getTransactionReceipt
eth_getCode
eth_getTransactionReceipt
eth_getBlockByNumber
eth_gasPrice
eth_sendTransaction

  Transaction: 0xe396de3962b217ad9fbbd95dd997e54e7576aee45ca4f8f1ee01bddde377947c
  Gas usage: 21055
  Block number: 2
  Block time: Fri May 08 2026 02:03:22 GMT+0700 (Indochina Time)

eth_getTransactionReceipt
net_version
eth_getBlockByNumber
eth_estimateGas
eth_getBlockByNumber
eth_gasPrice
eth_sendTransaction

  Transaction: 0xbcf85dde7e70948aa3c34397f16c575794b90865d96aaac64c9b352dcbe4e9eb
  Gas usage: 68747
  Block number: 3
  Block time: Fri May 08 2026 02:03:22 GMT+0700 (Indochina Time)

eth_getTransactionReceipt
eth_blockNumber
eth_getBalance
eth_getTransactionByHash
debug_traceTransaction
eth_getTransactionByHash
debug_traceTransaction
eth_getTransactionByHash
debug_traceTransaction

Received shutdown signal: SIGTERM
Shutting down…
Server has been shut down
