ganache v7.9.2 (@ganache/cli: 0.10.2, @ganache/core: 0.10.2)
Starting RPC server

Available Accounts
==================
(0) 0x44BC3606bE0689989a6d1D2f39891BB079bcD213 (1000 ETH)
(1) 0x0519Ff19E0abE9Eb4ACAEfCF8e51960234f99cEe (1000 ETH)
(2) 0xaA1b94420A1eC2cdB6465607d31870429b09c8Cf (1000 ETH)
(3) 0x6763ABC3DbeBfDFf6640e5788a59eFdA7ad5881B (1000 ETH)
(4) 0x8A7895D8fD5C63b10B655a5ab1aaCF9D2c1e08F6 (1000 ETH)
(5) 0x255dDf98927BC24363A155AAe8A6274b4D13C0E8 (1000 ETH)
(6) 0x856c17D8c7CaaF09EddAccC2b89c647B24e6D4e9 (1000 ETH)
(7) 0x9efF51E570fF7e4Bdb6fa2e62578F9422a8b41C5 (1000 ETH)
(8) 0xDC3E7E5994B79e7D05012aDfC8c7a566b0C9Deb6 (1000 ETH)
(9) 0xA12308E42Aea6f002f381B352EeEc77510Cc8C10 (1000 ETH)

Private Keys
==================
(0) 0xaa79bc58eb2985b4d97eb69f84bf2c02f25c3da6998d9de1a9267a6450a77506
(1) 0xeb4dd09bfcb2b992e85f7005d444239f4afd5dda31132187b300b60d51f042d6
(2) 0x91ce2cff870da7ee529893e100a06a35ec8b0609b2d1a9aa7baa6b1ef8d6e02b
(3) 0x079851c8f7e96ac114a91afc1bfa04039455a28ac27e5984c24cc6f494dafe31
(4) 0x822ee09d990415508667256752bdc6e7204591843315d1c59d95567550355ff5
(5) 0x8a719086634bd82a592ee60386eb28c474f4a283cf21ac274921cb0600794a7a
(6) 0x3648622061c28cd32360ed81eaf1d0a05e6db91a8253fae74ac113b545bf0cad
(7) 0x158957b44fb5416353618402435300997a076b163f95bc13aa59d86bcb108fe7
(8) 0xcebe5e13e0984713cbf7a421c843f529d328f05c383c6f7b08195b1e7bd7f560
(9) 0x0a92cf5b2ac770a07f33267982e7b94020e3c4a84fa579c01b8535c5ff53ce4b

HD Wallet
==================
Mnemonic:      divorce shine huge urge cement forum color pill twenty cancel cash heavy
Base HD Path:  m/44'/60'/0'/0/{account_index}

Default Gas Price
==================
2000000000

BlockGas Limit
==================
30000000

Call Gas Limit
==================
50000000

Chain
==================
Hardfork: shanghai
Id:       1337

RPC Listening on 127.0.0.1:8545
web3_clientVersion
eth_blockNumber
net_version
eth_accounts
eth_accounts
eth_blockNumber
net_version
eth_getBlockByNumber
eth_estimateGas
eth_getBlockByNumber
eth_gasPrice
eth_sendTransaction

  Transaction: 0x8d5b57b98f500f99962520d1f4158801ceef2fd7b9f89a3fcb4d8c41f853f5e2
  Contract created: 0x82d66e939cf38745d4c07b09092fea91a127d919
  Gas usage: 1192635
  Block number: 1
  Block time: Fri May 08 2026 01:57:19 GMT+0700 (Indochina Time)

eth_getTransactionReceipt
eth_getCode
eth_getTransactionReceipt
eth_getBlockByNumber
eth_gasPrice
eth_sendTransaction

  Transaction: 0x9288ae9e8977b71992da56b43a53a4c4393753858b80c60bfdf9a5b88c914269
  Gas usage: 21055
  Block number: 2
  Block time: Fri May 08 2026 01:57:19 GMT+0700 (Indochina Time)

eth_getTransactionReceipt
net_version
eth_getBlockByNumber
eth_estimateGas
eth_getBlockByNumber
eth_gasPrice
eth_sendTransaction

  Transaction: 0x64c4ef3516e09d47e9ae3931618cfe16d0267a004cbf0a9f85be1737e892675b
  Gas usage: 81164
  Block number: 3
  Block time: Fri May 08 2026 01:57:20 GMT+0700 (Indochina Time)

eth_getTransactionReceipt
eth_blockNumber
eth_getBalance
eth_getTransactionByHash
debug_traceTransaction
eth_getTransactionByHash
debug_traceTransaction
eth_getTransactionByHash
debug_traceTransaction

Received shutdown signal: SIGTERM
Shutting down…
Server has been shut down
