ganache v7.9.2 (@ganache/cli: 0.10.2, @ganache/core: 0.10.2)
Starting RPC server

Available Accounts
==================
(0) 0xbA033296aBe339bd38A2dade29b6D8AcCf86b521 (1000 ETH)
(1) 0x4B30D9F748Dab642dF60C6EcF32ff2826bA39658 (1000 ETH)
(2) 0xe4A0dD259bB30849e643EbA5CB4A0ba019f171F7 (1000 ETH)
(3) 0xBE762B3bA66517d1d1B587933e876344d7ee11eC (1000 ETH)
(4) 0xA1139f0eEbFD94e6Bd2de816e6d73b07B8CD2880 (1000 ETH)
(5) 0x5e69ACe96e1c7EE1fE043C451e7850BF33999e08 (1000 ETH)
(6) 0xAEa55aAc65065868C7b8e5D20A6c1f1E762D6418 (1000 ETH)
(7) 0x23849F6F50b247D160204FD40b8e8FD6EA87d036 (1000 ETH)
(8) 0x5B613E2F82965F01e94684c35C357fDB64375AAc (1000 ETH)
(9) 0x0832Fbd10ae5C97b5349f205b67788f45E55FD68 (1000 ETH)

Private Keys
==================
(0) 0x8de38249dd3bd4d2a0e51980f7e978b9e8ea34d063acf66e5275a4f936e2214e
(1) 0x4ca3f3c56028b43a717e55747a4af764f1bd128495673959698c89ab62d50a67
(2) 0x62d8e6f0757d57feac97af4d3b09e99452071f502d1da5293f7b1ea01dafc156
(3) 0x4234908b4415a74ef7b6410a35518f2461d696be97a67fe9a68f6dd4f75c74b1
(4) 0x987cc03c47ce6e4859ae84b7a3995507cbcdc1be84404d53900ff2264652e992
(5) 0x62d00a74cd223e8ff1defe2e390da55799ede58561d09edd382594bb1e7804b9
(6) 0x8455a44e43e541c7d627d28cb1af8c4663ef3c362bec5c5af3fb54f11d76ca4f
(7) 0xcca5063125d5ffffea9573c95f6a41c07876dab6a940565bce7aeb033747a768
(8) 0xee7d396458705d35de975940b97ad6d1e3ecc05c8ac4dbb192235095870e5f33
(9) 0xe348d2099f2b5e3ef56c63c78a5c70a8f9a9270428aed8e944cdbbb725fa3a3e

HD Wallet
==================
Mnemonic:      flower brave chase glow lift mango capable author cheese weather issue oak
Base HD Path:  m/44'/60'/0'/0/{account_index}

Default Gas Price
==================
2000000000

BlockGas Limit
==================
30000000

Call Gas Limit
==================
50000000

Chain
==================
Hardfork: shanghai
Id:       1337

RPC Listening on 127.0.0.1:8545
web3_clientVersion
eth_blockNumber
net_version
eth_accounts
eth_accounts
eth_blockNumber
net_version
eth_getBlockByNumber
eth_estimateGas
eth_getBlockByNumber
eth_gasPrice
eth_sendTransaction

  Transaction: 0x54f75dd41a6d259365fd8bd29eb3d64bf5d9c70622319c3a0ed07285a009faec
  Contract created: 0x924556d0e2aecca54fbdfa6df2d60eb364f04f08
  Gas usage: 1100987
  Block number: 1
  Block time: Fri May 08 2026 03:22:19 GMT+0700 (Indochina Time)

eth_getTransactionReceipt
eth_getCode
eth_getTransactionReceipt
eth_getBlockByNumber
eth_gasPrice
eth_sendTransaction

  Transaction: 0x7155b7e346ad95f542438bf2a36d214d823c56931ac29a34b2460b0d8aee529a
  Gas usage: 21055
  Block number: 2
  Block time: Fri May 08 2026 03:22:20 GMT+0700 (Indochina Time)

eth_getTransactionReceipt
net_version
eth_getBlockByNumber
eth_estimateGas
eth_getBlockByNumber
eth_gasPrice
eth_sendTransaction

  Transaction: 0x7a4802480648da5ef4462e4ef09a54356920bc60fbeb311531444b369ddd3bba
  Gas usage: 64620
  Block number: 3
  Block time: Fri May 08 2026 03:22:20 GMT+0700 (Indochina Time)

eth_getTransactionReceipt
eth_blockNumber
eth_getBalance
eth_getTransactionByHash
debug_traceTransaction
eth_getTransactionByHash
debug_traceTransaction
eth_getTransactionByHash
debug_traceTransaction

Received shutdown signal: SIGTERM
Shutting down…
Server has been shut down
