Using network 'development'.

{
  "ok": true,
  "graph_id": "",
  "pair": "B->F|evm|fund:bf",
  "pairKey": "B->F|evm|fund:bf",
  "contract": "CTLCMultipleEdges",
  "scenario": "refund",
  "deployGas": "0x12e9a6",
  "gasUsed": "59539",
  "disableGasUsed": "0",
  "claimGasUsed": "",
  "refundGasUsed": "59539",
  "contractAddress": "0xA243B68248e1De217F058B09aA87a0850e52a283",
  "startBlock": "0",
  "endBlock": "8",
  "finalContractBalanceWei": "0",
  "deployer": "0x134A75e4438F5EEB8E94a6ca0587f0CFC4EFcf19",
  "party": "0xA373d2132b6A30676FA41c76e17499Ce3261BaA7",
  "counterparty": "0x86D497619C9df17EeAf7a477661A0D4557D10E15",
  "fundingWei": "1000000000000000000",
  "timelocks": [
    7
  ],
  "transactions": [
    {
      "role": "deploy",
      "txHash": "0x68feb432fb6a8eb39b56eac69050b5ff9aa08b1b415dac3c73dc944d1e9b862a"
    },
    {
      "role": "fund",
      "txHash": "0x041a47b8a26467d9edd0dcc40c4a73cef1cc417805a9a5bf731cb94da8662eeb"
    },
    {
      "role": "refund",
      "txHash": "0x28259ddd0ab2949b82d72f13152fffa36c02f7a472199d74b62e74a925529187",
      "level": 0
    }
  ],
  "txRoles": [
    {
      "role": "deploy",
      "txHash": "0x68feb432fb6a8eb39b56eac69050b5ff9aa08b1b415dac3c73dc944d1e9b862a"
    },
    {
      "role": "fund",
      "txHash": "0x041a47b8a26467d9edd0dcc40c4a73cef1cc417805a9a5bf731cb94da8662eeb"
    },
    {
      "role": "refund",
      "txHash": "0x28259ddd0ab2949b82d72f13152fffa36c02f7a472199d74b62e74a925529187",
      "level": 0
    }
  ],
  "deployTxHash": "0x68feb432fb6a8eb39b56eac69050b5ff9aa08b1b415dac3c73dc944d1e9b862a",
  "fundTxHash": "0x041a47b8a26467d9edd0dcc40c4a73cef1cc417805a9a5bf731cb94da8662eeb",
  "refundTxHash": "0x28259ddd0ab2949b82d72f13152fffa36c02f7a472199d74b62e74a925529187",
  "refundTx": "0x28259ddd0ab2949b82d72f13152fffa36c02f7a472199d74b62e74a925529187"
}
