Using network 'development'.

{
  "ok": true,
  "graph_id": "",
  "pair": "G->A|evm|fund:ga",
  "pairKey": "G->A|evm|fund:ga",
  "contract": "CTLCOnly",
  "scenario": "worst_claim",
  "deployGas": "0x10ccaf",
  "gasUsed": "64620",
  "disableGasUsed": "0",
  "claimGasUsed": "64620",
  "refundGasUsed": "",
  "contractAddress": "0x3AeABE760dF5A8B027B0f08c3a811EcC5B2f37b2",
  "startBlock": "0",
  "endBlock": "3",
  "finalContractBalanceWei": "0",
  "deployer": "0x2C121651dBC18A849478F074428177a80b3FF080",
  "party": "0xE8b05911cB66d85FeC96c5b4521649e58686C80F",
  "counterparty": "0xBe019F4F826AFB280A9890F224f0b0AA4a71e817",
  "fundingWei": "1000000000000000000",
  "timelocks": [
    6
  ],
  "transactions": [
    {
      "role": "deploy",
      "txHash": "0x186cafc810bbf34dbbce90e23ca60246ea227523ccaf515b3fbf104f025c58a9"
    },
    {
      "role": "fund",
      "txHash": "0xb52f940bf9781d6160e583efc3a05a383186e93efc047d8058c907d93c4b4a89"
    },
    {
      "role": "claim",
      "txHash": "0xbf019bf733ad8717cc944917b2cf3c5319c145a177941ca60eeb96dbcb72152b",
      "level": 0,
      "option": 0
    }
  ],
  "txRoles": [
    {
      "role": "deploy",
      "txHash": "0x186cafc810bbf34dbbce90e23ca60246ea227523ccaf515b3fbf104f025c58a9"
    },
    {
      "role": "fund",
      "txHash": "0xb52f940bf9781d6160e583efc3a05a383186e93efc047d8058c907d93c4b4a89"
    },
    {
      "role": "claim",
      "txHash": "0xbf019bf733ad8717cc944917b2cf3c5319c145a177941ca60eeb96dbcb72152b",
      "level": 0,
      "option": 0
    }
  ],
  "deployTxHash": "0x186cafc810bbf34dbbce90e23ca60246ea227523ccaf515b3fbf104f025c58a9",
  "fundTxHash": "0xb52f940bf9781d6160e583efc3a05a383186e93efc047d8058c907d93c4b4a89",
  "claimTxHash": "0xbf019bf733ad8717cc944917b2cf3c5319c145a177941ca60eeb96dbcb72152b",
  "txHash": "0xbf019bf733ad8717cc944917b2cf3c5319c145a177941ca60eeb96dbcb72152b",
  "tx": "0xbf019bf733ad8717cc944917b2cf3c5319c145a177941ca60eeb96dbcb72152b"
}
