ganache v7.9.2 (@ganache/cli: 0.10.2, @ganache/core: 0.10.2)
Starting RPC server

Available Accounts
==================
(0) 0x2C121651dBC18A849478F074428177a80b3FF080 (1000 ETH)
(1) 0xBe019F4F826AFB280A9890F224f0b0AA4a71e817 (1000 ETH)
(2) 0xBF200cA8e0f7920F217701Cd364C7F352C11b871 (1000 ETH)
(3) 0x2164780d371D4Ff64F1C55ADBa2b857532e2B773 (1000 ETH)
(4) 0x25218863EFb1eB5C8751aD234Ad6c7fDAaC5d4Fd (1000 ETH)
(5) 0x8f80F382E81F6c175d6b6C95Cf8A6aE54f2DaE6C (1000 ETH)
(6) 0xcd1dfBfd233A60405d4d9814F9430B7F7d945b75 (1000 ETH)
(7) 0xE8b05911cB66d85FeC96c5b4521649e58686C80F (1000 ETH)
(8) 0xc8E0DA21afd205705Bc7C359b41F40af19d86205 (1000 ETH)
(9) 0xca57e88668Eb7b3D5cA9D2faf13135C74B33a678 (1000 ETH)

Private Keys
==================
(0) 0x28984b656a0d9df21d802a7f85f217238e205585f8c1021240626b1bd8ee086e
(1) 0x8e889c58b1cb9ad62b582e5c2de45832c9fb7d67c26465fc863e47309eb54ab2
(2) 0x4cf3a54b087a9193e928f67a57634398d398fdc084947a1cdc7b82cdf0d55e94
(3) 0xf868cf929413909339fb8a39b5e23e15c61374cef221d558b60bd1b0f53b518f
(4) 0xf824b0a41f358bdcf89f141825203e66a52911b0756320751acb9063e1d74d10
(5) 0xe342260d8873efd5a62e52444232e70d1e6cc8dc2c87cca49bd9e701be2c8f38
(6) 0x25c02a050a067669a2d44a66154d508a12f8ff875b0fda7e3963b704058e58b8
(7) 0x1fbea700e0438b8a1943a2c296423f53a86c6f598de3da058aab7efa14fd084b
(8) 0xd6887e307ccb9069e9178dec440673925b42597ebba44ef62ca46dab79066934
(9) 0x52a48c647cd35945d3bf3ede6d416f4060301d657a0aa8bd1e8eeaf88e11ac05

HD Wallet
==================
Mnemonic:      monitor label grit place depend assault guess wet jungle spin physical wedding
Base HD Path:  m/44'/60'/0'/0/{account_index}

Default Gas Price
==================
2000000000

BlockGas Limit
==================
30000000

Call Gas Limit
==================
50000000

Chain
==================
Hardfork: shanghai
Id:       1337

RPC Listening on 127.0.0.1:8545
web3_clientVersion
eth_blockNumber
net_version
eth_accounts
eth_accounts
eth_blockNumber
net_version
eth_getBlockByNumber
eth_estimateGas
eth_getBlockByNumber
eth_gasPrice
eth_sendTransaction

  Transaction: 0x186cafc810bbf34dbbce90e23ca60246ea227523ccaf515b3fbf104f025c58a9
  Contract created: 0x3aeabe760df5a8b027b0f08c3a811ecc5b2f37b2
  Gas usage: 1100975
  Block number: 1
  Block time: Fri May 08 2026 01:20:43 GMT+0700 (Indochina Time)

eth_getTransactionReceipt
eth_getCode
eth_getTransactionReceipt
eth_getBlockByNumber
eth_gasPrice
eth_sendTransaction

  Transaction: 0xb52f940bf9781d6160e583efc3a05a383186e93efc047d8058c907d93c4b4a89
  Gas usage: 21055
  Block number: 2
  Block time: Fri May 08 2026 01:20:43 GMT+0700 (Indochina Time)

eth_getTransactionReceipt
net_version
eth_getBlockByNumber
eth_estimateGas
eth_getBlockByNumber
eth_gasPrice
eth_sendTransaction

  Transaction: 0xbf019bf733ad8717cc944917b2cf3c5319c145a177941ca60eeb96dbcb72152b
  Gas usage: 64620
  Block number: 3
  Block time: Fri May 08 2026 01:20:43 GMT+0700 (Indochina Time)

eth_getTransactionReceipt
eth_blockNumber
eth_getBalance
eth_getTransactionByHash
debug_traceTransaction
eth_getTransactionByHash
debug_traceTransaction
eth_getTransactionByHash
debug_traceTransaction

Received shutdown signal: SIGTERM
Shutting down…
Server has been shut down
