Using network 'development'.

{
  "ok": true,
  "graph_id": "",
  "pair": "C->E|evm|fund:ce",
  "pairKey": "C->E|evm|fund:ce",
  "contract": "CTLCOnly",
  "scenario": "best_claim",
  "deployGas": "0x11d93b",
  "gasUsed": "77013",
  "disableGasUsed": "",
  "claimGasUsed": "77013",
  "refundGasUsed": "",
  "contractAddress": "0xb3d99e55B3D8feEE9CF7114022f9964B0f06F0FB",
  "startBlock": "0",
  "endBlock": "3",
  "finalContractBalanceWei": "0",
  "deployer": "0x7CAD371F64F9c76b6F9aE52A7671571F7e5BED5d",
  "party": "0xC5F9BC8c0F39e6837E12ffE442fB51907F60b621",
  "counterparty": "0x13afD9bA11B52ec84e920d1c8B739a58985E8998",
  "fundingWei": "1000000000000000000",
  "timelocks": [
    9
  ],
  "transactions": [
    {
      "role": "deploy",
      "txHash": "0xff1ebdc11c6e840d09c1559196cbaaa2da1e4694c6550d7ad301acb2085023ec"
    },
    {
      "role": "fund",
      "txHash": "0x2d5211b875863953f6a541fad7c0b795299fd0b95bd2336a8a31b44673d9202f"
    },
    {
      "role": "claim",
      "txHash": "0xf84278e6ed96341b38386ccdd94bcc55fdaf70d13e5f9c712d2d000be640d3d9",
      "level": 0,
      "option": 0
    }
  ],
  "txRoles": [
    {
      "role": "deploy",
      "txHash": "0xff1ebdc11c6e840d09c1559196cbaaa2da1e4694c6550d7ad301acb2085023ec"
    },
    {
      "role": "fund",
      "txHash": "0x2d5211b875863953f6a541fad7c0b795299fd0b95bd2336a8a31b44673d9202f"
    },
    {
      "role": "claim",
      "txHash": "0xf84278e6ed96341b38386ccdd94bcc55fdaf70d13e5f9c712d2d000be640d3d9",
      "level": 0,
      "option": 0
    }
  ],
  "deployTxHash": "0xff1ebdc11c6e840d09c1559196cbaaa2da1e4694c6550d7ad301acb2085023ec",
  "fundTxHash": "0x2d5211b875863953f6a541fad7c0b795299fd0b95bd2336a8a31b44673d9202f",
  "claimTxHash": "0xf84278e6ed96341b38386ccdd94bcc55fdaf70d13e5f9c712d2d000be640d3d9",
  "txHash": "0xf84278e6ed96341b38386ccdd94bcc55fdaf70d13e5f9c712d2d000be640d3d9",
  "tx": "0xf84278e6ed96341b38386ccdd94bcc55fdaf70d13e5f9c712d2d000be640d3d9"
}
