ganache v7.9.2 (@ganache/cli: 0.10.2, @ganache/core: 0.10.2)
Starting RPC server

Available Accounts
==================
(0) 0x01DFa3791342b84d7daC080911071D2e8a2e41A1 (1000 ETH)
(1) 0x8039bCAC898491c82d1461360016c7DDFd68ad16 (1000 ETH)
(2) 0xC3f0709fAB53Fb437d346E3d51820974a3528c6F (1000 ETH)
(3) 0x547f1f576E1d65fb852A8F5D861F342FD1540003 (1000 ETH)
(4) 0x403a118b8Bb6D5694335ABeacCF5eB335B7aBBe1 (1000 ETH)
(5) 0x54D053e4f4b414e45CeE288DD0fD46fe7539D0D0 (1000 ETH)
(6) 0x757b99444C3462bb6a8fd9fe6E87cEA8469e5B41 (1000 ETH)
(7) 0xC735eE7f606B0490fbf609A5173C6cb6A776cb16 (1000 ETH)
(8) 0xEF60Dc4Be1D11034523FB9091aed8b3FC704584D (1000 ETH)
(9) 0x938529054d49782b8891947073bA42B2518938De (1000 ETH)

Private Keys
==================
(0) 0x3eb3f1b34b39ceb32a64c49f1a5405d5a8a6620d96370f328e806186d042986f
(1) 0x8528806825dba666d0bc7f34f8a9f740d27411cc1b56aff3b7f4c8cc9b79852a
(2) 0x145ec6a7e84d49482d0c6c63fcc2adfc7ae448565c795ce34aabc6cd26be7a62
(3) 0x60cd4188a0931b007a2fbc042fc6b700f3051379dab0bca8ddfb9e6a0d488a85
(4) 0xf4bb3b7d658d0d62e61b411811fe21fd327dec0b8b6fa17b06731982b57c3b9d
(5) 0x3fcf47d874312e2289d2872c59d64080433546b39696acd2c0b09e81411d45a6
(6) 0x481b0bb3353764c467dcf95f173d89c9ab1dcce1a79fe1457d8898e84fca5f52
(7) 0xc0e4ced31dd05b50d471aab94be54fa22c06a2cdf290541434d3f3f580f09398
(8) 0x433ed7630481682b2708d67560319dff5f11bec4501e0b3956fbc430c7cb4a0e
(9) 0x854659fed1406277e2679115491707a1199b4b5bf189308f4471bbc8472a789c

HD Wallet
==================
Mnemonic:      display midnight under there violin screen warm sight mom defy cross pudding
Base HD Path:  m/44'/60'/0'/0/{account_index}

Default Gas Price
==================
2000000000

BlockGas Limit
==================
30000000

Call Gas Limit
==================
50000000

Chain
==================
Hardfork: shanghai
Id:       1337

RPC Listening on 127.0.0.1:8545
web3_clientVersion
eth_blockNumber
net_version
eth_accounts
eth_accounts
eth_blockNumber
net_version
eth_getBlockByNumber
eth_estimateGas
eth_getBlockByNumber
eth_gasPrice
eth_sendTransaction

  Transaction: 0xae1084c30626e56d87c1f09552b11cc4365faa1b6b90a3c8db9f6c5abd09f6fe
  Contract created: 0x2b9aafe45500fb64eff1d3dd6f4ff2e196b870c6
  Gas usage: 1377960
  Block number: 1
  Block time: Fri May 08 2026 01:37:16 GMT+0700 (Indochina Time)

eth_getTransactionReceipt
eth_getCode
eth_getTransactionReceipt
eth_getBlockByNumber
eth_gasPrice
eth_sendTransaction

  Transaction: 0x75a170c9beb6457f41b8bd9660d4a9559fb5ce99f64df99759d6d8076b590578
  Gas usage: 21055
  Block number: 2
  Block time: Fri May 08 2026 01:37:16 GMT+0700 (Indochina Time)

eth_getTransactionReceipt
net_version
eth_getBlockByNumber
eth_estimateGas
eth_getBlockByNumber
eth_gasPrice
eth_sendTransaction

  Transaction: 0xcc99e2936646c103a286bef1d1d02b8b2432aab4f6911bc5ea42c8b7bc090146
  Gas usage: 71641
  Block number: 3
  Block time: Fri May 08 2026 01:37:16 GMT+0700 (Indochina Time)

eth_getTransactionReceipt
eth_blockNumber
eth_getBalance
eth_getTransactionByHash
debug_traceTransaction
eth_getTransactionByHash
debug_traceTransaction
eth_getTransactionByHash
debug_traceTransaction

Received shutdown signal: SIGTERM
Shutting down…
Server has been shut down
