Using network 'development'.

{
  "ok": true,
  "graph_id": "",
  "pair": "B->D|evm|fund:bd",
  "pairKey": "B->D|evm|fund:bd",
  "contract": "CTLCOnly",
  "scenario": "refund",
  "deployGas": "0x12e81e",
  "gasUsed": "112508",
  "disableGasUsed": "52947",
  "claimGasUsed": "",
  "refundGasUsed": "59561",
  "contractAddress": "0x98d55A6F728910c22FF214d0a0d2eFef97Bada5b",
  "startBlock": "0",
  "endBlock": "9",
  "finalContractBalanceWei": "0",
  "deployer": "0xF8624836DD22E007444BAfaf5702ee18A0ABbc6A",
  "party": "0x768a671F750F26952adD9c09ae0Bc1e08De84C48",
  "counterparty": "0x9fA5d63A46A61E60826cd52c52c2eAAbE63aA0A8",
  "fundingWei": "1000000000000000000",
  "timelocks": [
    7,
    8
  ],
  "transactions": [
    {
      "role": "deploy",
      "txHash": "0x306a035298188a4fefd31dc2fae1324d87cad1877357d3d88b12c0b7d9a9a0ff"
    },
    {
      "role": "fund",
      "txHash": "0xa6f4dff1dd5dcab8493b515e6e21b1bf3f0be781792f69212117b59145f13566"
    },
    {
      "role": "disable",
      "txHash": "0xe3a987b1d180c5a962a06e02ee587740b695de33d18998021f4a3c6c454bc8e7",
      "level": 0
    },
    {
      "role": "refund",
      "txHash": "0x1bd938a1e1ff93723380066c1fc0320c0d7aafbbeb82e75e0e92e64653587a3e",
      "level": 1
    }
  ],
  "txRoles": [
    {
      "role": "deploy",
      "txHash": "0x306a035298188a4fefd31dc2fae1324d87cad1877357d3d88b12c0b7d9a9a0ff"
    },
    {
      "role": "fund",
      "txHash": "0xa6f4dff1dd5dcab8493b515e6e21b1bf3f0be781792f69212117b59145f13566"
    },
    {
      "role": "disable",
      "txHash": "0xe3a987b1d180c5a962a06e02ee587740b695de33d18998021f4a3c6c454bc8e7",
      "level": 0
    },
    {
      "role": "refund",
      "txHash": "0x1bd938a1e1ff93723380066c1fc0320c0d7aafbbeb82e75e0e92e64653587a3e",
      "level": 1
    }
  ],
  "deployTxHash": "0x306a035298188a4fefd31dc2fae1324d87cad1877357d3d88b12c0b7d9a9a0ff",
  "fundTxHash": "0xa6f4dff1dd5dcab8493b515e6e21b1bf3f0be781792f69212117b59145f13566",
  "disableTxHashes": [
    "0xe3a987b1d180c5a962a06e02ee587740b695de33d18998021f4a3c6c454bc8e7"
  ],
  "disableTxHash": "0xe3a987b1d180c5a962a06e02ee587740b695de33d18998021f4a3c6c454bc8e7",
  "disableTx": "0xe3a987b1d180c5a962a06e02ee587740b695de33d18998021f4a3c6c454bc8e7",
  "refundTxHash": "0x1bd938a1e1ff93723380066c1fc0320c0d7aafbbeb82e75e0e92e64653587a3e",
  "refundTx": "0x1bd938a1e1ff93723380066c1fc0320c0d7aafbbeb82e75e0e92e64653587a3e"
}
