ganache v7.9.2 (@ganache/cli: 0.10.2, @ganache/core: 0.10.2)
Starting RPC server

Available Accounts
==================
(0) 0xcB7c3467247dCf38Ba821334B5511E3B7E403885 (1000 ETH)
(1) 0x24bb0D82f933BD5171b9201dae0308e04BD46065 (1000 ETH)
(2) 0x7E9Ea24f96337a8471FF2F868FE735d86af02452 (1000 ETH)
(3) 0xF37C79C0AD15281A8F52C5184352C5A59ECBA13b (1000 ETH)
(4) 0x6265b07CDF378D3A17E9e665b8A074F144ecc3f1 (1000 ETH)
(5) 0x329c726B8480BccBcfb6a4D02e8ea69F7e25dC53 (1000 ETH)
(6) 0x3C88065B8312CD279B7fa4212d34bD0E4D06c4C7 (1000 ETH)
(7) 0xcc95C9eF8F129f8813377C5b5de497b91DD026a8 (1000 ETH)
(8) 0x38683449D099189674f74668aDD4f5100A879310 (1000 ETH)
(9) 0x582c50C369DEdA0780A52986FA8EA67D0430A2dd (1000 ETH)

Private Keys
==================
(0) 0xb8cf1502b081bc640cf6021db1b1101a58f54d76e2b41dc1ce7440a943deadca
(1) 0xd2a80a4d866a6c13d803452d316c78d56d3ae367e7c5d2c71fd3835f5a1a503d
(2) 0x3bc4d5c3e65dff34b0e9c566b2519bebe47c39b045b5372f76e010c2bbf5449b
(3) 0x93343bf66808ca7df755cc4bf682d51991afb5503aac56cf9536b84dcf3161cc
(4) 0x048b986218723110aa587373c220de528850fd5c4e41f1e1bd5015555f1116d0
(5) 0xbe7ef5ac2866389dd078d5ab0257927af2c0d377715f2ef3a66da4e65a714d67
(6) 0x1451a36eb63c8885705d2e9a31014a4d756005f408b092280d7c6d4f702a47c8
(7) 0x019630dff1c9e061467d4a9adcd9de5c4a61220fa2eea982f14c31cfc0e472bb
(8) 0x265c9ab4a2434c749d9298de7cbf863428939ade5e2ed702a7d2357984fcdfd7
(9) 0x8443595eb584eb94186e2b7248d2ee176cd4e4e74740664bbcc35fd231324782

HD Wallet
==================
Mnemonic:      dial potato creek muffin force load candy riot mask cheese faculty abstract
Base HD Path:  m/44'/60'/0'/0/{account_index}

Default Gas Price
==================
2000000000

BlockGas Limit
==================
30000000

Call Gas Limit
==================
50000000

Chain
==================
Hardfork: shanghai
Id:       1337

RPC Listening on 127.0.0.1:8545
web3_clientVersion
eth_blockNumber
net_version
eth_accounts
eth_accounts
eth_blockNumber
net_version
eth_getBlockByNumber
eth_estimateGas
eth_getBlockByNumber
eth_gasPrice
eth_sendTransaction

  Transaction: 0x896b24ebfa64bdb90b4866d3a62612fa6b06c73b842c48af15b981b940e64f56
  Contract created: 0x5111eb080526b7185a94be43e4cca72fa3b090db
  Gas usage: 2021584
  Block number: 1
  Block time: Thu May 07 2026 22:28:50 GMT+0700 (Indochina Time)

eth_getTransactionReceipt
eth_getCode
eth_getTransactionReceipt
eth_getBlockByNumber
eth_gasPrice
eth_sendTransaction

  Transaction: 0xed4a59f1d10a1bfcacd7e7171625e22d1fc73893cf55f0c79fbcacbefbcc3d2c
  Gas usage: 21055
  Block number: 2
  Block time: Thu May 07 2026 22:28:51 GMT+0700 (Indochina Time)

eth_getTransactionReceipt
net_version
eth_getBlockByNumber
eth_estimateGas
eth_getBlockByNumber
eth_gasPrice
eth_sendTransaction

  Transaction: 0x1bea1c928b240afde0f8240d9a183fa90f0d6e8c51f763b5b511f3b66c767b27
  Gas usage: 80267
  Block number: 3
  Block time: Thu May 07 2026 22:28:51 GMT+0700 (Indochina Time)

eth_getTransactionReceipt
eth_blockNumber
eth_getBalance
eth_getTransactionByHash
debug_traceTransaction
eth_getTransactionByHash
debug_traceTransaction
eth_getTransactionByHash
debug_traceTransaction

Received shutdown signal: SIGTERM
Shutting down…
Server has been shut down
