ganache v7.9.2 (@ganache/cli: 0.10.2, @ganache/core: 0.10.2)
Starting RPC server

Available Accounts
==================
(0) 0x751f5b11006547e456CB16E2566251E2647A1228 (1000 ETH)
(1) 0x7983dBfa8F1a6940663726D18dc9f8D12Ff475F5 (1000 ETH)
(2) 0xaff9786fFCFEBd75bDC657616a9f4Bb292A31460 (1000 ETH)
(3) 0xdF028DcC4401Bc413ABeFd8568AE6F840C3dF71A (1000 ETH)
(4) 0xd992aD1B5257175aD7289aF1Bd5e878899Dc7C39 (1000 ETH)
(5) 0x9bE0Da2EcCC8eECD631c4D65247a4f56368d710C (1000 ETH)
(6) 0xe697f1d15a29C3FC7CE16a641ec4B72e3d5Cf281 (1000 ETH)
(7) 0xC21649F04ab650A36C0F602D1F48A7DAedaDC444 (1000 ETH)
(8) 0x8D30a2b6aBe956817b460df191DA88A974Ef2Bf5 (1000 ETH)
(9) 0xC094fd9f3E89472D8F9751B8752C78871b988BC5 (1000 ETH)

Private Keys
==================
(0) 0x388a7eed945bce98ec02fa047ecddc4f8bcb4c083acb1c0232d40e2b52ba5b5c
(1) 0xc797b91a1a0029160e22ff9949c9a330542cf9e17df5c344405aef4a40e7d3f3
(2) 0x50f9e362cbf3759d43f694bf13acff693f2925a426d1b6540534b38b52c8adf2
(3) 0xd2fae1e9e0919b493b43646d8f509374629c4fcac649d44116ddb01ceaf651f5
(4) 0xfc5330b1307f03d9d1704508275b8ba91aeb97f8e5a1d8ffea176bc12b275fbf
(5) 0x78423f8a2ff79c7a45dc9ab848ccc3c95e74f4e9f2830b435756df1136e7f321
(6) 0x0cb31cd0500e8775dc0be67c8d72d6cfc00b6e1592a01206d7c252e3ca5a6e31
(7) 0x64affd6ccd3f0ccdc34fde874ca1b84223924f9571777d9647a583aecb153403
(8) 0xed9ab0b10b59679c0d9a9a56deddd4a690a534be50377ddb7f8b73f0e9b4c5e4
(9) 0xbc497f8d519e507861655ba1ed1125fbe19f7699a08aece0d26eea9fc5b9d4e2

HD Wallet
==================
Mnemonic:      globe proud nose process december bless section urban near turkey vendor answer
Base HD Path:  m/44'/60'/0'/0/{account_index}

Default Gas Price
==================
2000000000

BlockGas Limit
==================
30000000

Call Gas Limit
==================
50000000

Chain
==================
Hardfork: shanghai
Id:       1337

RPC Listening on 127.0.0.1:8545
web3_clientVersion
eth_blockNumber
net_version
eth_accounts
eth_accounts
eth_blockNumber
net_version
eth_getBlockByNumber
eth_estimateGas
eth_getBlockByNumber
eth_gasPrice
eth_sendTransaction

  Transaction: 0x8949ec5b62b295cec2b2062c52a47836a7dc1178aea711d2e6a7c262241df466
  Contract created: 0x01eb68b54d04faf702b01bbf7265be63d08d24e6
  Gas usage: 1330730
  Block number: 1
  Block time: Fri May 08 2026 01:22:25 GMT+0700 (Indochina Time)

eth_getTransactionReceipt
eth_getCode
eth_getTransactionReceipt
eth_getBlockByNumber
eth_gasPrice
eth_sendTransaction

  Transaction: 0x5410acef6e9205d59f784fb9228d27a6b271343f3731e08c4ed3ec6c51fb558e
  Gas usage: 21055
  Block number: 2
  Block time: Fri May 08 2026 01:22:25 GMT+0700 (Indochina Time)

eth_getTransactionReceipt
eth_blockNumber
evm_mine
eth_blockNumber
evm_mine
eth_blockNumber
evm_mine
eth_blockNumber
evm_mine
eth_blockNumber
evm_mine
eth_blockNumber
evm_mine
eth_blockNumber
evm_mine
eth_blockNumber
net_version
eth_getBlockByNumber
eth_estimateGas
eth_getBlockByNumber
eth_gasPrice
eth_sendTransaction

  Transaction: 0x01caf18c773fb162b873c6c6e6be65c1866300b4fdbd0235ebf49751a83e1dbe
  Gas usage: 52947
  Block number: 10
  Block time: Fri May 08 2026 01:22:25 GMT+0700 (Indochina Time)

eth_getTransactionReceipt
net_version
eth_getBlockByNumber
eth_estimateGas
eth_getBlockByNumber
eth_gasPrice
eth_sendTransaction

  Transaction: 0xf29a4b8d45607d005cf73485c2e95c4670b12e9c863836f3749a657958dd3423
  Gas usage: 81164
  Block number: 11
  Block time: Fri May 08 2026 01:22:25 GMT+0700 (Indochina Time)

eth_getTransactionReceipt
eth_blockNumber
eth_getBalance
eth_getTransactionByHash
debug_traceTransaction
eth_getTransactionByHash
debug_traceTransaction
eth_getTransactionByHash
debug_traceTransaction
eth_getTransactionByHash
debug_traceTransaction

Received shutdown signal: SIGTERM
Shutting down…
Server has been shut down
