Using network 'development'.

{
  "ok": true,
  "graph_id": "",
  "pair": "C->B|evm|fund:cb",
  "pairKey": "C->B|evm|fund:cb",
  "contract": "CTLCOnly",
  "scenario": "best_claim",
  "deployGas": "0x11263b",
  "gasUsed": "68747",
  "disableGasUsed": "",
  "claimGasUsed": "68747",
  "refundGasUsed": "",
  "contractAddress": "0x945Db7672C04cC25F0fBdB122f1b5816De46bfF9",
  "startBlock": "0",
  "endBlock": "3",
  "finalContractBalanceWei": "0",
  "deployer": "0xAe312599a85c17c460A59D9C0020B0A83202393c",
  "party": "0x96459Ac62492F7307fC0cB9E9ee5774b1119cB8C",
  "counterparty": "0x07c5af37a7f2570Aa529Aba619E5729b1F177E4e",
  "fundingWei": "1000000000000000000",
  "timelocks": [
    7
  ],
  "transactions": [
    {
      "role": "deploy",
      "txHash": "0x86a7be2a007ec871e8fd841fbd6d46d53ec81db2cb30911d01411d2848d68d6b"
    },
    {
      "role": "fund",
      "txHash": "0x70d9af358be529a68cfd52e4ddafaeff13f2410ca9b8f22ee8cbc559d3d4531b"
    },
    {
      "role": "claim",
      "txHash": "0xbe3c75042c9d4e703a5519a3b10a53da52717c0fc000f7b7b698738b5eacd414",
      "level": 0,
      "option": 0
    }
  ],
  "txRoles": [
    {
      "role": "deploy",
      "txHash": "0x86a7be2a007ec871e8fd841fbd6d46d53ec81db2cb30911d01411d2848d68d6b"
    },
    {
      "role": "fund",
      "txHash": "0x70d9af358be529a68cfd52e4ddafaeff13f2410ca9b8f22ee8cbc559d3d4531b"
    },
    {
      "role": "claim",
      "txHash": "0xbe3c75042c9d4e703a5519a3b10a53da52717c0fc000f7b7b698738b5eacd414",
      "level": 0,
      "option": 0
    }
  ],
  "deployTxHash": "0x86a7be2a007ec871e8fd841fbd6d46d53ec81db2cb30911d01411d2848d68d6b",
  "fundTxHash": "0x70d9af358be529a68cfd52e4ddafaeff13f2410ca9b8f22ee8cbc559d3d4531b",
  "claimTxHash": "0xbe3c75042c9d4e703a5519a3b10a53da52717c0fc000f7b7b698738b5eacd414",
  "txHash": "0xbe3c75042c9d4e703a5519a3b10a53da52717c0fc000f7b7b698738b5eacd414",
  "tx": "0xbe3c75042c9d4e703a5519a3b10a53da52717c0fc000f7b7b698738b5eacd414"
}
