ganache v7.9.2 (@ganache/cli: 0.10.2, @ganache/core: 0.10.2)
Starting RPC server

Available Accounts
==================
(0) 0xaab7abA8934C4346F0F8e6F1971e3dc1d8785F2c (1000 ETH)
(1) 0x52EC16799b8C8f397Fc1441D1cf75B0cAA640cA2 (1000 ETH)
(2) 0x420F299576419E5C0758E52725C90855eA149e74 (1000 ETH)
(3) 0x25bd21a2F11f664D9df04218d4A8bcDd75ccD7D4 (1000 ETH)
(4) 0x2904114C798651b40dBd77e53f18068e1186a3eC (1000 ETH)
(5) 0x0dbe8c636B5fCA3E6c3Fc986Baff470Eed7FBb7a (1000 ETH)
(6) 0x8fE674d0F3De446Fb38320A70F0493cc9650Cb50 (1000 ETH)
(7) 0x4F518584c5bF4AeF484b5DcfDf0bEafCA7a26d4b (1000 ETH)
(8) 0x1DcbCefFFf0ca9B086e4A3FaEe3d751C976100a9 (1000 ETH)
(9) 0x166771f164501442Ff3a8D73786dc03a67CCd4c1 (1000 ETH)

Private Keys
==================
(0) 0xb3ba5e5c0a82f23b9f76f2643b1c77e24cccd395dc6621873de9b0f1cf76b102
(1) 0x2dfb743bfcf9f6b9c3da989f5aca621a83270c43abd06c85b0620bade14aa145
(2) 0x0b44d3472cb004b0bcc88de8103a31892caa1f59828bd7d2ab20a83d0c390db8
(3) 0x8dbb71949c01adca66049a92ecc48460886593449a8559be908ae24629e8e623
(4) 0x384d7e93ec4135c35cd9719189f6a02c6b069285ff1ead8490a34e47ef31eed9
(5) 0x9fb837adbbbcbbe8fb1a8e489b056f332b25310de8642f5275f364c13aed5c39
(6) 0xfad2a92ace2a8b33a334a82821ca3a1c7360ca664e6b75ee15eb9d3621720468
(7) 0xce0526258ce06a9c416856241fb940923819c41c52025e79651c15d35caa4412
(8) 0x4d121dd5b8d5a44a715ad45b51e6d24c2ce8867f8febd764b70b6f243486ac73
(9) 0x9b2abf11d0ae080069b87cd206567b3659165293fe662af32feab1fda3f1a082

HD Wallet
==================
Mnemonic:      come tail potato village return person elder twist desert know pink abstract
Base HD Path:  m/44'/60'/0'/0/{account_index}

Default Gas Price
==================
2000000000

BlockGas Limit
==================
30000000

Call Gas Limit
==================
50000000

Chain
==================
Hardfork: shanghai
Id:       1337

RPC Listening on 127.0.0.1:8545
web3_clientVersion
eth_blockNumber
net_version
eth_accounts
eth_accounts
eth_blockNumber
net_version
eth_getBlockByNumber
eth_estimateGas
eth_getBlockByNumber
eth_gasPrice
eth_sendTransaction

  Transaction: 0xc835643cb113199303d6130f701c20b566f19cb1d3f6f3ad4a45cf3f4e34f5c1
  Contract created: 0x50e1b4bc7f426a020c1574cb85ad1c2dbcf88173
  Gas usage: 2665953
  Block number: 1
  Block time: Fri May 08 2026 02:18:22 GMT+0700 (Indochina Time)

eth_getTransactionReceipt
eth_getCode
eth_getTransactionReceipt
eth_getBlockByNumber
eth_gasPrice
eth_sendTransaction

  Transaction: 0x6fdc0859f3172867021808baeff388e3e3290b70e1c203d88bc50f9b35ffe6e9
  Gas usage: 21055
  Block number: 2
  Block time: Fri May 08 2026 02:18:22 GMT+0700 (Indochina Time)

eth_getTransactionReceipt
eth_blockNumber
evm_mine
eth_blockNumber
evm_mine
eth_blockNumber
evm_mine
eth_blockNumber
evm_mine
eth_blockNumber
evm_mine
eth_blockNumber
evm_mine
eth_blockNumber
evm_mine
eth_blockNumber
net_version
eth_getBlockByNumber
eth_estimateGas
eth_getBlockByNumber
eth_gasPrice
eth_sendTransaction

  Transaction: 0xa768a225fbd1c7e3acb13fa8fe917223ffd64e085f245e0d539154fd3f5e383d
  Gas usage: 52925
  Block number: 10
  Block time: Fri May 08 2026 02:18:22 GMT+0700 (Indochina Time)

eth_getTransactionReceipt
net_version
eth_getBlockByNumber
eth_estimateGas
eth_getBlockByNumber
eth_gasPrice
eth_sendTransaction

  Transaction: 0x7cd818719a8040d429f80af4737dd97106680298cc5814c935a58dd2bc4b222c
  Gas usage: 84610
  Block number: 11
  Block time: Fri May 08 2026 02:18:22 GMT+0700 (Indochina Time)

eth_getTransactionReceipt
eth_blockNumber
eth_getBalance
eth_getTransactionByHash
debug_traceTransaction
eth_getTransactionByHash
debug_traceTransaction
eth_getTransactionByHash
debug_traceTransaction
eth_getTransactionByHash
debug_traceTransaction

Received shutdown signal: SIGTERM
Shutting down…
Server has been shut down
