COMMAND: python3 experiments/scale_trace/scripts/trace_result_json.py /home/aothuatgiadp/blockchain/project/CTLC-Implementation/experiments/scale_trace/runs/random_v1_169/E-_B_evm_fund_eb_CTLCOnly_worst_claim/result.json /home/aothuatgiadp/blockchain/project/CTLC-Implementation/experiments/scale_trace/runs/random_v1_169/E-_B_evm_fund_eb_CTLCOnly_worst_claim/trace.json
STATUS: 0

STDOUT:
{
  "graph_id": "",
  "pair": "E->B|evm|fund:eb",
  "contract": "CTLCOnly",
  "scenario": "worst_claim",
  "contractAddress": "0x5f1738DBE386d6CD2433a0b19FC8AF96309A034C",
  "traces": {
    "deploy": {
      "tx_hash": "0x8cd1a42e260d5b311cb794ab62a8b0a23bae117ca2ac1174e29997d43c956575",
      "actual_calldata_bytes": 7219,
      "actual_sstore_count": 12,
      "actual_call_count": 0,
      "opcode_steps": 1638
    },
    "fund": {
      "tx_hash": "0x74358f33ba0780df46982e2f5e6fab0610a7bd800f7439944843d5e111da17a1",
      "actual_calldata_bytes": 0,
      "actual_sstore_count": 0,
      "actual_call_count": 0,
      "opcode_steps": 13
    },
    "claim_level0": {
      "tx_hash": "0x8e18550944d0d80e308f57411633be1fe2cedd78ad4e4d22bf25c89d158ffaae",
      "actual_calldata_bytes": 580,
      "actual_sstore_count": 1,
      "actual_call_count": 1,
      "opcode_steps": 2157
    }
  }
}


STDERR:

