COMMAND: python3 experiments/scale_trace/scripts/trace_result_json.py /home/aothuatgiadp/blockchain/project/CTLC-Implementation/experiments/scale_trace/runs/random_v1_153/G-_E_evm_fund_ge_CTLCOnly_worst_claim/result.json /home/aothuatgiadp/blockchain/project/CTLC-Implementation/experiments/scale_trace/runs/random_v1_153/G-_E_evm_fund_ge_CTLCOnly_worst_claim/trace.json
STATUS: 0

STDOUT:
{
  "graph_id": "",
  "pair": "G->E|evm|fund:ge",
  "contract": "CTLCOnly",
  "scenario": "worst_claim",
  "contractAddress": "0xd15Ac646688a02a007F015Fe6Bb7c98Fa29afAb4",
  "traces": {
    "deploy": {
      "tx_hash": "0x93415d56d7358d359fbfa74e8836fa4108d1a46f3cfebc7cdee176938df1e788",
      "actual_calldata_bytes": 7123,
      "actual_sstore_count": 9,
      "actual_call_count": 0,
      "opcode_steps": 1374
    },
    "fund": {
      "tx_hash": "0xdb6230b8a99aff3e866d74d4144b41dc07838c695eba7ecdeef7175d2fc4319c",
      "actual_calldata_bytes": 0,
      "actual_sstore_count": 0,
      "actual_call_count": 0,
      "opcode_steps": 13
    },
    "claim_level0": {
      "tx_hash": "0x523ba6b75d04eff145c3d50ff2b12206d3f682da4e563db9b141e619915dea93",
      "actual_calldata_bytes": 292,
      "actual_sstore_count": 1,
      "actual_call_count": 1,
      "opcode_steps": 1134
    }
  }
}


STDERR:

