COMMAND: python3 experiments/scale_trace/scripts/trace_result_json.py /home/aothuatgiadp/blockchain/project/CTLC-Implementation/experiments/scale_trace/runs/random_v1_6/B-_D_evm_fund_bd_CTLCMultipleEdges_worst_claim/result.json /home/aothuatgiadp/blockchain/project/CTLC-Implementation/experiments/scale_trace/runs/random_v1_6/B-_D_evm_fund_bd_CTLCMultipleEdges_worst_claim/trace.json
STATUS: 0

STDOUT:
{
  "graph_id": "",
  "pair": "B->D|evm|fund:bd",
  "contract": "CTLCMultipleEdges",
  "scenario": "worst_claim",
  "contractAddress": "0x899E2Ad599e091e2E9648DBc2cF065aF26f23fE5",
  "traces": {
    "deploy": {
      "tx_hash": "0xcadd1b99fbdc99bd47186ee2543a1ec716e709fc5215a17f7359b2138cb4fe7e",
      "actual_calldata_bytes": 7881,
      "actual_sstore_count": 15,
      "actual_call_count": 0,
      "opcode_steps": 2336
    },
    "fund": {
      "tx_hash": "0x859d4adef8ef96d157eb490cdc3f005ccd24a87e30940edfe72c3038cc2d3f93",
      "actual_calldata_bytes": 0,
      "actual_sstore_count": 0,
      "actual_call_count": 0,
      "opcode_steps": 13
    },
    "claim_level0": {
      "tx_hash": "0x9f8b9fe7f6122c0e5dd8b603858e85bc9f7cd612a0b90f82718ef8176293c0d2",
      "actual_calldata_bytes": 420,
      "actual_sstore_count": 1,
      "actual_call_count": 1,
      "opcode_steps": 1597
    }
  }
}


STDERR:

