ganache v7.9.2 (@ganache/cli: 0.10.2, @ganache/core: 0.10.2)
Starting RPC server

Available Accounts
==================
(0) 0x95170b8bCeA7dEa4285AcDF0f90940973E3AeF74 (1000 ETH)
(1) 0x49E4Ec2b1203d17C323f2E9d3Cce85A62358089C (1000 ETH)
(2) 0x16571d8A5a2A55b4866EF01F53cFaAe4a1C09805 (1000 ETH)
(3) 0xa2972d9745C2B47abDaC8B295fF247b970c063FA (1000 ETH)
(4) 0xBB76334f67B7E2CdAc4EaC6A954c4Dc66cFC4d91 (1000 ETH)
(5) 0x2016E171BC45889B14549280E2791F993A1Fab6f (1000 ETH)
(6) 0xE41902cE5B6014d15C5D19d6119beD04c5BA712e (1000 ETH)
(7) 0xE7A071313355fa005D0D13b2F69F92cAC6DA8B92 (1000 ETH)
(8) 0x6106F7D846B1b273978a95aB044F6f29E923CA03 (1000 ETH)
(9) 0x168F66A87B7B1ec947F37159A65851c725808C51 (1000 ETH)

Private Keys
==================
(0) 0x02f3e18a01872e637f49b575388cc71fb8e8c43e4cc7a3ea001eb4ae341aa75e
(1) 0x9b77131ba4596def4a9718414633de03cea78793861c5283495685c45454b5d0
(2) 0x0e14d4c0c1695f7d3792a21f55d1ca2e718be6d62d92498c13df2f43fcbe4225
(3) 0xb87aad65e71d38962bb35d99982b63c59bc2f6e8200c37222989b7c0cedc9333
(4) 0x701cf0f391aec79a808def031ead4899d30a8d807d18d6f3585627cb5402bdd9
(5) 0xb936400d1c3e583e7195549aaa2d5bc341733946d8d59bfb3daaf4a3a0956b87
(6) 0x3822949fdf00e5b008d251eba97a672066a6b350df0f95993e1c9d434f0ecd79
(7) 0x399d3daaf4a07f9adf98dd3edb83b65fdab3d1c3bcbc45cacfa0ce62924044b9
(8) 0xadd99bdd434241a524bed1cf4895b5ed2f29c6e18652cf170f965b9d1bed8d5c
(9) 0x9416cd418890abdff8a9f9fed5a2e2ba4ecb267f6851de09f24c6240c3bc1717

HD Wallet
==================
Mnemonic:      easily alone glance cat high diamond forest melody key aerobic explain unknown
Base HD Path:  m/44'/60'/0'/0/{account_index}

Default Gas Price
==================
2000000000

BlockGas Limit
==================
30000000

Call Gas Limit
==================
50000000

Chain
==================
Hardfork: shanghai
Id:       1337

RPC Listening on 127.0.0.1:8545
web3_clientVersion
eth_blockNumber
net_version
eth_accounts
eth_accounts
eth_blockNumber
net_version
eth_getBlockByNumber
eth_estimateGas
eth_getBlockByNumber
eth_gasPrice
eth_sendTransaction

  Transaction: 0xb0db44b60186af5638353184379f8f95184f7d39a62995a0fb1cd9091577100b
  Contract created: 0xf87a2f46d8723afc9541a1eb8acf5cb8cfed7f49
  Gas usage: 1561807
  Block number: 1
  Block time: Thu May 07 2026 21:05:09 GMT+0700 (Indochina Time)

eth_getTransactionReceipt
eth_getCode
eth_getTransactionReceipt
eth_getBlockByNumber
eth_gasPrice
eth_sendTransaction

  Transaction: 0x9db58d9eab20e4e4f0e252f240d8127d8d00603d6fb1e4780e9e0245a0731ab7
  Gas usage: 21055
  Block number: 2
  Block time: Thu May 07 2026 21:05:09 GMT+0700 (Indochina Time)

eth_getTransactionReceipt
eth_blockNumber
evm_mine
eth_blockNumber
evm_mine
eth_blockNumber
evm_mine
eth_blockNumber
evm_mine
eth_blockNumber
evm_mine
eth_blockNumber
evm_mine
eth_blockNumber
net_version
eth_getBlockByNumber
eth_estimateGas
eth_getBlockByNumber
eth_gasPrice
eth_sendTransaction

  Transaction: 0x03f1b27923028b67a8b678fbd147735629f38b22d54b3ee77997ec49b750831b
  Gas usage: 52925
  Block number: 9
  Block time: Thu May 07 2026 21:05:09 GMT+0700 (Indochina Time)

eth_getTransactionReceipt
eth_blockNumber
net_version
eth_getBlockByNumber
eth_estimateGas
eth_getBlockByNumber
eth_gasPrice
eth_sendTransaction

  Transaction: 0xf9932d6e6ccfc43b6406e669dce8ca13f1522e70991ad06368dc398b46b2c106
  Gas usage: 59539
  Block number: 10
  Block time: Thu May 07 2026 21:05:09 GMT+0700 (Indochina Time)

eth_getTransactionReceipt
eth_blockNumber
eth_getBalance
eth_getTransactionByHash
debug_traceTransaction
eth_getTransactionByHash
debug_traceTransaction
eth_getTransactionByHash
debug_traceTransaction
eth_getTransactionByHash
debug_traceTransaction

Received shutdown signal: SIGTERM
Shutting down…
Server has been shut down
