COMMAND: python3 experiments/scale_trace/scripts/trace_result_json.py /home/aothuatgiadp/blockchain/project/CTLC-Implementation/experiments/scale_trace/runs/random_v1_151/C-_D_evm_fund_cd_CTLCOnly_best_claim/result.json /home/aothuatgiadp/blockchain/project/CTLC-Implementation/experiments/scale_trace/runs/random_v1_151/C-_D_evm_fund_cd_CTLCOnly_best_claim/trace.json
STATUS: 0

STDOUT:
{
  "graph_id": "",
  "pair": "C->D|evm|fund:cd",
  "contract": "CTLCOnly",
  "scenario": "best_claim",
  "contractAddress": "0x774590c49A309B595Cc8AA848c717C255bFc9F75",
  "traces": {
    "deploy": {
      "tx_hash": "0xfba786ed6adb2a02cb97e5d97e3d1d47e4bf261bf658272c39cc9c2abce2a83a",
      "actual_calldata_bytes": 7379,
      "actual_sstore_count": 16,
      "actual_call_count": 0,
      "opcode_steps": 2352
    },
    "fund": {
      "tx_hash": "0xf72b472304f56137e34f31fdf2117ae4a083ca65ec73ccccd1ba325974a05c1c",
      "actual_calldata_bytes": 0,
      "actual_sstore_count": 0,
      "actual_call_count": 0,
      "opcode_steps": 13
    },
    "claim_level0": {
      "tx_hash": "0xaa3e24722d9efa517764c30e95530bdfc3c77d8cd070f1ee26861a7a6c6bec07",
      "actual_calldata_bytes": 388,
      "actual_sstore_count": 1,
      "actual_call_count": 1,
      "opcode_steps": 1475
    }
  }
}


STDERR:

