ganache v7.9.2 (@ganache/cli: 0.10.2, @ganache/core: 0.10.2)
Starting RPC server

Available Accounts
==================
(0) 0xAf5C515838447c36DDCa39D72286e0dbF62189CB (1000 ETH)
(1) 0xa05c6A6660dcF7Adca1906cb827F1432D05a931D (1000 ETH)
(2) 0x8492667ED4a4336df8676b5363df654E3f3ac863 (1000 ETH)
(3) 0x27403797052CfFbD7239f6F3ED0477BAeAA10A83 (1000 ETH)
(4) 0x73a7Bb60Bb3fdd04D268Fed8488A6BeA622f359a (1000 ETH)
(5) 0x853E0Cf56D56b96C993955E1E8E4e65F7bd19665 (1000 ETH)
(6) 0x9218533bD779FD5f85b7caEBA6560492B9289496 (1000 ETH)
(7) 0x7AB18c03a486120Ac8AAcCEee5B095ED14343D19 (1000 ETH)
(8) 0xe272c47F620F7516498742b27790B83b7F0382C5 (1000 ETH)
(9) 0xcfA39B7bC9D7EEd94d2565bdDef0668D6114726d (1000 ETH)

Private Keys
==================
(0) 0x3585d26a9c4e21083e3cd8aa5b433f940c5133cb4d9c023dafbf1c3ff163044a
(1) 0xb22a7716a8fa448f40282bb302a4ad1816300a4160bb25479a063c692c34f2ac
(2) 0xecdeff82e8bcb72b1d16e88459bfad78f6135ef8931633a0255d70533c6244be
(3) 0x60358119c6710f402a064203a2f67a651277ec933ea05d27df2d2ee8316469e9
(4) 0x79752421985c89d73b6cf1a31b42413c2d92edaff1a167b41a5be8f091ec16c6
(5) 0x2a5b2f0cdce64d838a81947e67e5d40e170c78bc63ac66081e651b2388f3e7c0
(6) 0x526016f09044f981261986253e4dddf10bce9878baf828fc3ce1e36bc73bf98a
(7) 0x974c55f151dc9979f4c60e8d83048fb59565ac8295cfaf961742ca45d458562f
(8) 0xfa11fa32db3896495bdc5ff585a6bbe1feae5abffbc5e112570d0ec4f4a33373
(9) 0x91dba24eb790db92379d85cab3ab518a95f7c0cb2fd2385ea15bf4fcbbe8f1f3

HD Wallet
==================
Mnemonic:      detail thank code december follow broom fluid mango use unfair century run
Base HD Path:  m/44'/60'/0'/0/{account_index}

Default Gas Price
==================
2000000000

BlockGas Limit
==================
30000000

Call Gas Limit
==================
50000000

Chain
==================
Hardfork: shanghai
Id:       1337

RPC Listening on 127.0.0.1:8545
web3_clientVersion
eth_blockNumber
net_version
eth_accounts
eth_accounts
eth_blockNumber
net_version
eth_getBlockByNumber
eth_estimateGas
eth_getBlockByNumber
eth_gasPrice
eth_sendTransaction

  Transaction: 0x35160738de38e872414c9e8f16c9373191eb0d132460400d4994742498afeccb
  Contract created: 0xa289785999e3015c501852c48a25fe04d4af0b28
  Gas usage: 1239082
  Block number: 1
  Block time: Fri May 08 2026 02:21:28 GMT+0700 (Indochina Time)

eth_getTransactionReceipt
eth_getCode
eth_getTransactionReceipt
eth_getBlockByNumber
eth_gasPrice
eth_sendTransaction

  Transaction: 0xbda0afa7160b4330b7d168c7760fe770e36e489735565e78c1454018fed1885f
  Gas usage: 21055
  Block number: 2
  Block time: Fri May 08 2026 02:21:28 GMT+0700 (Indochina Time)

eth_getTransactionReceipt
net_version
eth_getBlockByNumber
eth_estimateGas
eth_getBlockByNumber
eth_gasPrice
eth_sendTransaction

  Transaction: 0x1a748a624a2718b11986ca024ba47f85ad41adfc871f79248f36294239cc28e2
  Gas usage: 68747
  Block number: 3
  Block time: Fri May 08 2026 02:21:28 GMT+0700 (Indochina Time)

eth_getTransactionReceipt
eth_blockNumber
eth_getBalance
eth_getTransactionByHash
debug_traceTransaction
eth_getTransactionByHash
debug_traceTransaction
eth_getTransactionByHash
debug_traceTransaction

Received shutdown signal: SIGTERM
Shutting down…
Server has been shut down
