ganache v7.9.2 (@ganache/cli: 0.10.2, @ganache/core: 0.10.2)
Starting RPC server

Available Accounts
==================
(0) 0xd4D550bBeF5A1967202E85F1fF490F355b791Dd4 (1000 ETH)
(1) 0xD0637881A6f41439d371a06F0C0d06df12464252 (1000 ETH)
(2) 0xb1b915f498e8DEd8523d99c9D6Bbe33036c7Ec80 (1000 ETH)
(3) 0xD0534363abCe094a5134CF601f1FfFF5aE973884 (1000 ETH)
(4) 0x6eA3B092d9E7BFB47a320d7a29fa70a795ED6F32 (1000 ETH)
(5) 0x36F200bEf94979929DfDc571e9EB479C25065648 (1000 ETH)
(6) 0x014E590FdbD3388986E11b664059Ba4c4Ee0D0b4 (1000 ETH)
(7) 0x08A9Cb8AB6d1a0CA2B2473C70c5CDDD6B794966B (1000 ETH)
(8) 0xAEd25F09E8f5e4d1e9315DCf3B68f905F10358c1 (1000 ETH)
(9) 0x1c90EAA91f5D0c1E89CdA10262C664cd25DAA2f8 (1000 ETH)

Private Keys
==================
(0) 0xc9d5aa40214fcc1135adc57df810505c619899a19d4c10cdf0facfe7c10a8c50
(1) 0xe58e798bbe04b1718b7979207378d4fb99a8e57cae2002680142a7e1f8bb2979
(2) 0x25d0a57bdaed460b3cd1458ec9f4a9e51d3b349c4f801157f94654a0085d9fde
(3) 0x582e369af81a6ee4848b18311b6459c8242e8af0f889360244a2ac353f03fc23
(4) 0x9c265ca6b872f00d163caa0c02f169978ef39689e2d25ad0a83010f3a60f0489
(5) 0x7b3628a1ee74f24db6f5ae1454136bf3aa6dd750e3f52a9b032822c465d4495b
(6) 0x15e46bfeaa7da53f0e2312bf29874613d9b04e45de866d7adec06d06240c1ac5
(7) 0x637825712889c0ce52b4497627422c7469479f8635e25a2512e61da042039adb
(8) 0x834e203fb74f7a6fb4c80aef09059ae4da33f8a6901ae4523333354c204e1984
(9) 0xcf5990a427fdbfa301357ee234fb7e2bc3829d5f5662fdcb576bb712281dcbdf

HD Wallet
==================
Mnemonic:      left rally icon brother entire thank sand wing fat art proof punch
Base HD Path:  m/44'/60'/0'/0/{account_index}

Default Gas Price
==================
2000000000

BlockGas Limit
==================
30000000

Call Gas Limit
==================
50000000

Chain
==================
Hardfork: shanghai
Id:       1337

RPC Listening on 127.0.0.1:8545
web3_clientVersion
eth_blockNumber
net_version
eth_accounts
eth_accounts
eth_blockNumber
net_version
eth_getBlockByNumber
eth_estimateGas
eth_getBlockByNumber
eth_gasPrice
eth_sendTransaction

  Transaction: 0xbe1dcdeede9c7e84cef474a767b8e199e9bc3c94cad7d8ba49204dc79a868eb6
  Contract created: 0xd698b7362d1366e2f689fae75c2d9a98afcc4235
  Gas usage: 1654046
  Block number: 1
  Block time: Fri May 08 2026 01:02:15 GMT+0700 (Indochina Time)

eth_getTransactionReceipt
eth_getCode
eth_getTransactionReceipt
eth_getBlockByNumber
eth_gasPrice
eth_sendTransaction

  Transaction: 0x9479c9802881b8ca25aa43a24f03c70a216e9f747ac6a041c3e3588c0bb63e5f
  Gas usage: 21055
  Block number: 2
  Block time: Fri May 08 2026 01:02:15 GMT+0700 (Indochina Time)

eth_getTransactionReceipt
eth_blockNumber
evm_mine
eth_blockNumber
evm_mine
eth_blockNumber
evm_mine
eth_blockNumber
evm_mine
eth_blockNumber
evm_mine
eth_blockNumber
evm_mine
eth_blockNumber
net_version
eth_getBlockByNumber
eth_estimateGas
eth_getBlockByNumber
eth_gasPrice
eth_sendTransaction

  Transaction: 0x6a3fad3bcabb31374e47ee7e958eaa8b8cac726c5845e40ea0d143f68a548153
  Gas usage: 52925
  Block number: 9
  Block time: Fri May 08 2026 01:02:15 GMT+0700 (Indochina Time)

eth_getTransactionReceipt
eth_blockNumber
net_version
eth_getBlockByNumber
eth_estimateGas
eth_getBlockByNumber
eth_gasPrice
eth_sendTransaction

  Transaction: 0x0a99a9f7d2ce63284fbe3be613e6b368c83f2a574a47c81fbefc1d3d8eec92b1
  Gas usage: 59539
  Block number: 10
  Block time: Fri May 08 2026 01:02:15 GMT+0700 (Indochina Time)

eth_getTransactionReceipt
eth_blockNumber
eth_getBalance
eth_getTransactionByHash
debug_traceTransaction
eth_getTransactionByHash
debug_traceTransaction
eth_getTransactionByHash
debug_traceTransaction
eth_getTransactionByHash
debug_traceTransaction

Received shutdown signal: SIGTERM
Shutting down…
Server has been shut down
