ganache v7.9.2 (@ganache/cli: 0.10.2, @ganache/core: 0.10.2)
Starting RPC server
web3_clientVersion

Available Accounts
==================
(0) 0x72382DfEE1098e1Af3D635702124A3c51E2dcad7 (1000 ETH)
(1) 0xcC55E32143d4D0816B0651aC2acC1c08b272cF99 (1000 ETH)
(2) 0x5C9A5B3DE0dc8BcC5f3D0245BF358D9B060c1098 (1000 ETH)
(3) 0x2aac3d7D5557fEaBECfa017E1bc3C1E73dcBe038 (1000 ETH)
(4) 0x836674ed42E3080f75E3316dB08DEB7c1EED4f10 (1000 ETH)
(5) 0xD6CA7024D5Ee8f3E99617629DDc48Cc7315f0647 (1000 ETH)
(6) 0x3154C53cF94a0F1DF8935182f73DD08e6f314CF7 (1000 ETH)
(7) 0x9EF3b71d6E3d8d30aFFFb7191C83F446a5000637 (1000 ETH)
(8) 0xc2752B6932352E733080fEf49aE5Cdf99469E558 (1000 ETH)
(9) 0xD81198fDE9F078e14C23Cf8a342C1Ed159Ae5E48 (1000 ETH)

Private Keys
==================
(0) 0x8646e0b6413829e03524609dd6b5d4e21d14c608a9a0fd107a4034037242c533
(1) 0xc0df6fe0b14552658e5e67f50bc3708ef7f84c7e802bde806275f13e99a42dc7
(2) 0x22ab0fb225c9e0dd903e37e3298d12c4e782ad0481914efb93b382c44724b8a4
(3) 0x4b73227e3d1130fb3e18c610df202263b5950e21b236b638577346f30df4ec31
(4) 0xd22f07e3c3ac4bab4efc01128762c43843a9d276dc516bbde13b176baa9cbfc6
(5) 0x268bd11e512480296f4dbc0d6c494be682f7644b6aec4dbd1de529babcaa34f5
(6) 0x59128644696f100a24ed6b99dc0fd116b6dd9bea1f8c40102fabeeaa63ebb5ee
(7) 0x88822930e978e28058b6cefd1d2925d8724ea8a6778eae42449fa55da3570adc
(8) 0x2309a2b5cf48346732b97a9f3bca4ab52484fe52f0d50dd6c06d2ab62654b3f5
(9) 0x710bf49cc9040c07414abc1eb28d012413fc3ba9164a6253be2ad4858243f446

HD Wallet
==================
Mnemonic:      glory together comic laundry step easily logic enroll casino very list choice
Base HD Path:  m/44'/60'/0'/0/{account_index}

Default Gas Price
==================
2000000000

BlockGas Limit
==================
30000000

Call Gas Limit
==================
50000000

Chain
==================
Hardfork: shanghai
Id:       1337

RPC Listening on 127.0.0.1:8545
eth_blockNumber
net_version
eth_accounts
eth_accounts
eth_blockNumber
net_version
eth_getBlockByNumber
eth_estimateGas
eth_getBlockByNumber
eth_gasPrice
eth_sendTransaction

  Transaction: 0xe3918a189fcde78d8d1f55409661b139b02c98db396ee6eae065b8940ccc8bf3
  Contract created: 0xa11eba9e6f26c6fb3039c980d7612e93f471fa0c
  Gas usage: 1100987
  Block number: 1
  Block time: Thu May 07 2026 20:35:54 GMT+0700 (Indochina Time)

eth_getTransactionReceipt
eth_getCode
eth_getTransactionReceipt
eth_getBlockByNumber
eth_gasPrice
eth_sendTransaction

  Transaction: 0xfc506d039421e30ef5ee19ed546172d31422b894835462b222ee1da2f68021cc
  Gas usage: 21055
  Block number: 2
  Block time: Thu May 07 2026 20:35:54 GMT+0700 (Indochina Time)

eth_getTransactionReceipt
net_version
eth_getBlockByNumber
eth_estimateGas
eth_getBlockByNumber
eth_gasPrice
eth_sendTransaction

  Transaction: 0xf6b45ff1b8b87b9037b991b522be19a7b32ca0c31ebbbea770d61feb510ffbab
  Gas usage: 64620
  Block number: 3
  Block time: Thu May 07 2026 20:35:54 GMT+0700 (Indochina Time)

eth_getTransactionReceipt
eth_blockNumber
eth_getBalance
eth_getTransactionByHash
debug_traceTransaction
eth_getTransactionByHash
debug_traceTransaction
eth_getTransactionByHash
debug_traceTransaction

Received shutdown signal: SIGTERM
Shutting down…
Server has been shut down
