Using network 'development'.

{
  "ok": true,
  "graph_id": "",
  "pair": "B->A|evm|fund:ba",
  "pairKey": "B->A|evm|fund:ba",
  "contract": "CTLCOnly",
  "scenario": "refund",
  "deployGas": "0x10ccbb",
  "gasUsed": "59561",
  "disableGasUsed": "0",
  "claimGasUsed": "",
  "refundGasUsed": "59561",
  "contractAddress": "0x50619c7d891c4aEc0169d4276750bCFb42eAae7B",
  "startBlock": "0",
  "endBlock": "7",
  "finalContractBalanceWei": "0",
  "deployer": "0xf112d01dAa5F8c01656A37B8679c3ced7cB2bDE6",
  "party": "0xcCfd7e3939874637dFB45ea62E9f8D0ED0A3c122",
  "counterparty": "0xEA1147fB9D9296191720d8CF02C037a551727817",
  "fundingWei": "1000000000000000000",
  "timelocks": [
    6
  ],
  "transactions": [
    {
      "role": "deploy",
      "txHash": "0x2b78d9631c84d7624b45766cdabd335155ee058e04dc784f69c5fe782a0ba724"
    },
    {
      "role": "fund",
      "txHash": "0xb625ab6a02d4e89970c8b1a11d90928d403b0f50b489aeae48b6002fbc1b5b67"
    },
    {
      "role": "refund",
      "txHash": "0xa1206915bba12d2fbc3de4a8dcdd60a173f671a82cc5f09491f033f8a05ec480",
      "level": 0
    }
  ],
  "txRoles": [
    {
      "role": "deploy",
      "txHash": "0x2b78d9631c84d7624b45766cdabd335155ee058e04dc784f69c5fe782a0ba724"
    },
    {
      "role": "fund",
      "txHash": "0xb625ab6a02d4e89970c8b1a11d90928d403b0f50b489aeae48b6002fbc1b5b67"
    },
    {
      "role": "refund",
      "txHash": "0xa1206915bba12d2fbc3de4a8dcdd60a173f671a82cc5f09491f033f8a05ec480",
      "level": 0
    }
  ],
  "deployTxHash": "0x2b78d9631c84d7624b45766cdabd335155ee058e04dc784f69c5fe782a0ba724",
  "fundTxHash": "0xb625ab6a02d4e89970c8b1a11d90928d403b0f50b489aeae48b6002fbc1b5b67",
  "refundTxHash": "0xa1206915bba12d2fbc3de4a8dcdd60a173f671a82cc5f09491f033f8a05ec480",
  "refundTx": "0xa1206915bba12d2fbc3de4a8dcdd60a173f671a82cc5f09491f033f8a05ec480"
}
