COMMAND: python3 experiments/scale_trace/scripts/trace_result_json.py /home/aothuatgiadp/blockchain/project/CTLC-Implementation/experiments/scale_trace/runs/random_v1_157/G-_A_evm_fund_ga_CTLCOnly_best_claim/result.json /home/aothuatgiadp/blockchain/project/CTLC-Implementation/experiments/scale_trace/runs/random_v1_157/G-_A_evm_fund_ga_CTLCOnly_best_claim/trace.json
STATUS: 0

STDOUT:
{
  "graph_id": "",
  "pair": "G->A|evm|fund:ga",
  "contract": "CTLCOnly",
  "scenario": "best_claim",
  "contractAddress": "0x9Af0276C80DB1719Ea256843E57CA5b9186C1772",
  "traces": {
    "deploy": {
      "tx_hash": "0x7623db240f54eb48270344dff926b7aeb05204537674d83fac587a446a9f9b17",
      "actual_calldata_bytes": 7091,
      "actual_sstore_count": 8,
      "actual_call_count": 0,
      "opcode_steps": 1286
    },
    "fund": {
      "tx_hash": "0x69d09f69767a66415e9e69937ef3ab13d81dd0fb900f9a571fbf00b66a20abd8",
      "actual_calldata_bytes": 0,
      "actual_sstore_count": 0,
      "actual_call_count": 0,
      "opcode_steps": 13
    },
    "claim_level0": {
      "tx_hash": "0x413bc81a16b45bea5e2314f097def0fc6b3d49bc1be3393ed8bb0eaa84774262",
      "actual_calldata_bytes": 196,
      "actual_sstore_count": 1,
      "actual_call_count": 1,
      "opcode_steps": 793
    }
  }
}


STDERR:

