ganache v7.9.2 (@ganache/cli: 0.10.2, @ganache/core: 0.10.2)
Starting RPC server

Available Accounts
==================
(0) 0x08f551864d7780832aa0f9E8a48406F7cf2c7309 (1000 ETH)
(1) 0xE878b09AaD8ADE4C6E5d0B5DA1Ef6BDbd634F9fA (1000 ETH)
(2) 0x46E6D2a59d40190DB172dC538f17FCd532F8593F (1000 ETH)
(3) 0xC485E359a86aCC06cfc5A07479c70e15a481e0E2 (1000 ETH)
(4) 0x2824d2738061BbFcB22b09d88d8A0Edb36817925 (1000 ETH)
(5) 0xF229c3Ff1904357AA7196639f041502d4a71B2b5 (1000 ETH)
(6) 0xA2f757C8B3237eE2314DBd9ea7E73BFfA761846B (1000 ETH)
(7) 0xd2A754026B3B485770DD0412Cb1F5edc0226d23f (1000 ETH)
(8) 0xec5276400A707990348BEEe9578eE317E0bB7b53 (1000 ETH)
(9) 0x5b830Baa6d95EdfCC0b7410DE1251c53870F3948 (1000 ETH)

Private Keys
==================
(0) 0x213b58d002d754169dcc189c3a46a2c4c94287f4bd2be7dd8bf8ff8f5b68270e
(1) 0x5933056c2003c88b2b424528fd73b6a009355ee960116936bcfc60134d1a28bd
(2) 0x0713fd496077c1002fbf0f692604a2f1826baf7d54c3f45f09049fafa8917de3
(3) 0xa3b7b1102956810543138a213352b798008c0f67c92556e4500635dfda7aacef
(4) 0x15e5ca75c8a47e6cacc33f4776a8aa985cc0acef1fb0b0ccbca750956a954eb3
(5) 0x0b54fd3a436c2e425b83299ba66d2cc79f999d4ecd9cac7f6a77e6b210eda310
(6) 0x84ca4cbb6593e4f1136f0aa3dd98de2ca7637f34dc23e36ece18bf5617cc93b2
(7) 0x1d8121197a752ba2d6ee831f5044fc9bdd42c341711afc78c41f7b317a07606c
(8) 0x7635eb8009816ce50b277da59a32150b1bc4a897dfdc8f6658c811131237dbdd
(9) 0x8700db0df876ade591a6498f3b7760204ff8981f91a56dc22f0b15a51614046d

HD Wallet
==================
Mnemonic:      business mask agent crucial gorilla turtle disagree vicious toilet lava novel sign
Base HD Path:  m/44'/60'/0'/0/{account_index}

Default Gas Price
==================
2000000000

BlockGas Limit
==================
30000000

Call Gas Limit
==================
50000000

Chain
==================
Hardfork: shanghai
Id:       1337

RPC Listening on 127.0.0.1:8545
web3_clientVersion
eth_blockNumber
net_version
eth_accounts
eth_accounts
eth_blockNumber
net_version
eth_getBlockByNumber
eth_estimateGas
eth_getBlockByNumber
eth_gasPrice
eth_sendTransaction

  Transaction: 0x941a429c3820d38abc0aa453396808254a8af52ee58db58604b77501a3cca389
  Contract created: 0x05ebc3a4484d10c7cbc74f80604d0395f43dbc8b
  Gas usage: 1100987
  Block number: 1
  Block time: Thu May 07 2026 20:28:15 GMT+0700 (Indochina Time)

eth_getTransactionReceipt
eth_getCode
eth_getTransactionReceipt
eth_getBlockByNumber
eth_gasPrice
eth_sendTransaction

  Transaction: 0xefa83136a3250fdd3d16e5b343538adf43613fb488220d055eed87218fc92c09
  Gas usage: 21055
  Block number: 2
  Block time: Thu May 07 2026 20:28:15 GMT+0700 (Indochina Time)

eth_getTransactionReceipt
eth_blockNumber
evm_mine
eth_blockNumber
evm_mine
eth_blockNumber
evm_mine
eth_blockNumber
evm_mine
eth_blockNumber
net_version
eth_getBlockByNumber
eth_estimateGas
eth_getBlockByNumber
eth_gasPrice
eth_sendTransaction

  Transaction: 0xeef4ee9aa943a90e26dddaa8cc511fffce21c8493f012ad7be9814e9598186e4
  Gas usage: 59561
  Block number: 7
  Block time: Thu May 07 2026 20:28:15 GMT+0700 (Indochina Time)

eth_getTransactionReceipt
eth_blockNumber
eth_getBalance
eth_getTransactionByHash
debug_traceTransaction
eth_getTransactionByHash
debug_traceTransaction
eth_getTransactionByHash
debug_traceTransaction

Received shutdown signal: SIGTERM
Shutting down…
Server has been shut down
