COMMAND: python3 experiments/scale_trace/scripts/trace_result_json.py /home/aothuatgiadp/blockchain/project/CTLC-Implementation/experiments/scale_trace/runs/random_v1_16/D-_E_evm_fund_de_CTLCMultipleEdges_best_claim/result.json /home/aothuatgiadp/blockchain/project/CTLC-Implementation/experiments/scale_trace/runs/random_v1_16/D-_E_evm_fund_de_CTLCMultipleEdges_best_claim/trace.json
STATUS: 0

STDOUT:
{
  "graph_id": "",
  "pair": "D->E|evm|fund:de",
  "contract": "CTLCMultipleEdges",
  "scenario": "best_claim",
  "contractAddress": "0xdA276E6dD4264127dBEc6827F30112020b0AA107",
  "traces": {
    "deploy": {
      "tx_hash": "0x2fdd4f9479616fc4d31792060bbe17373b84b6c45037387fb361f728fc92791b",
      "actual_calldata_bytes": 8905,
      "actual_sstore_count": 41,
      "actual_call_count": 0,
      "opcode_steps": 6216
    },
    "fund": {
      "tx_hash": "0x101274cc88a2542c07050aafa90f5e17edd06db56722a5cafdb05122a2a462d9",
      "actual_calldata_bytes": 0,
      "actual_sstore_count": 0,
      "actual_call_count": 0,
      "opcode_steps": 13
    },
    "claim_level0": {
      "tx_hash": "0xfcfcf9e00cf9333619db136b672701528ed230ad968ae4d1721b04b49125d49a",
      "actual_calldata_bytes": 420,
      "actual_sstore_count": 1,
      "actual_call_count": 1,
      "opcode_steps": 1597
    }
  }
}


STDERR:

