Using network 'development'.

{
  "ok": true,
  "graph_id": "",
  "pair": "C->A|evm|fund:ca",
  "pairKey": "C->A|evm|fund:ca",
  "contract": "CTLCOnly",
  "scenario": "best_claim",
  "deployGas": "0x10ccbb",
  "gasUsed": "64620",
  "disableGasUsed": "",
  "claimGasUsed": "64620",
  "refundGasUsed": "",
  "contractAddress": "0x3C832401a3abF67b6738495A3dF511034e60dA5B",
  "startBlock": "0",
  "endBlock": "3",
  "finalContractBalanceWei": "0",
  "deployer": "0x5278BD3A475dD770ca3aAD4318509225D986afb3",
  "party": "0x11735E37c954CDcf324F6f59d09d50471ce07660",
  "counterparty": "0x33F1bf0F97685e3768a5B3B424A39AFb2BBC1F82",
  "fundingWei": "1000000000000000000",
  "timelocks": [
    6
  ],
  "transactions": [
    {
      "role": "deploy",
      "txHash": "0x45bbf51d0ca3b9b1b7aa30b903e5c6e406ddd65896c385f5f16054c7065963f9"
    },
    {
      "role": "fund",
      "txHash": "0x3399f739a1a7ab719a2639cd1dbe0c580759a92045fe2733439b517632fd1497"
    },
    {
      "role": "claim",
      "txHash": "0xd294e694f0281707374b0628c1d702c89d3803a42d8d2e269456e4852ac8e00b",
      "level": 0,
      "option": 0
    }
  ],
  "txRoles": [
    {
      "role": "deploy",
      "txHash": "0x45bbf51d0ca3b9b1b7aa30b903e5c6e406ddd65896c385f5f16054c7065963f9"
    },
    {
      "role": "fund",
      "txHash": "0x3399f739a1a7ab719a2639cd1dbe0c580759a92045fe2733439b517632fd1497"
    },
    {
      "role": "claim",
      "txHash": "0xd294e694f0281707374b0628c1d702c89d3803a42d8d2e269456e4852ac8e00b",
      "level": 0,
      "option": 0
    }
  ],
  "deployTxHash": "0x45bbf51d0ca3b9b1b7aa30b903e5c6e406ddd65896c385f5f16054c7065963f9",
  "fundTxHash": "0x3399f739a1a7ab719a2639cd1dbe0c580759a92045fe2733439b517632fd1497",
  "claimTxHash": "0xd294e694f0281707374b0628c1d702c89d3803a42d8d2e269456e4852ac8e00b",
  "txHash": "0xd294e694f0281707374b0628c1d702c89d3803a42d8d2e269456e4852ac8e00b",
  "tx": "0xd294e694f0281707374b0628c1d702c89d3803a42d8d2e269456e4852ac8e00b"
}
