Using network 'development'.

{
  "ok": true,
  "graph_id": "",
  "pair": "B->D|evm|fund:bd",
  "pairKey": "B->D|evm|fund:bd",
  "contract": "CTLCOnly",
  "scenario": "refund",
  "deployGas": "0x11263b",
  "gasUsed": "59561",
  "disableGasUsed": "0",
  "claimGasUsed": "",
  "refundGasUsed": "59561",
  "contractAddress": "0x5E4333aCd94c19ca13323B20d0dC5f760e46Dd54",
  "startBlock": "0",
  "endBlock": "8",
  "finalContractBalanceWei": "0",
  "deployer": "0x8013aA220298EB6c28ccafA0ec79B27fc32A2E21",
  "party": "0x7E325EC0B9A69135463C2Cdce496B2122f6a3dB9",
  "counterparty": "0x0905666dd7dBf7e16504250CcA8d952457F622C6",
  "fundingWei": "1000000000000000000",
  "timelocks": [
    7
  ],
  "transactions": [
    {
      "role": "deploy",
      "txHash": "0xc0c8b16b39eef748aa2aa28005578384529481a52f15bfcf9ff053fca4ea0de2"
    },
    {
      "role": "fund",
      "txHash": "0x51bfb53396db9558c12b04ecb80ed7574e67a928416c993c0a5a522a3260edac"
    },
    {
      "role": "refund",
      "txHash": "0x01c4c258aa177412876493bdd519f5b965a5f7a00a9208384a5642e651a9f70b",
      "level": 0
    }
  ],
  "txRoles": [
    {
      "role": "deploy",
      "txHash": "0xc0c8b16b39eef748aa2aa28005578384529481a52f15bfcf9ff053fca4ea0de2"
    },
    {
      "role": "fund",
      "txHash": "0x51bfb53396db9558c12b04ecb80ed7574e67a928416c993c0a5a522a3260edac"
    },
    {
      "role": "refund",
      "txHash": "0x01c4c258aa177412876493bdd519f5b965a5f7a00a9208384a5642e651a9f70b",
      "level": 0
    }
  ],
  "deployTxHash": "0xc0c8b16b39eef748aa2aa28005578384529481a52f15bfcf9ff053fca4ea0de2",
  "fundTxHash": "0x51bfb53396db9558c12b04ecb80ed7574e67a928416c993c0a5a522a3260edac",
  "refundTxHash": "0x01c4c258aa177412876493bdd519f5b965a5f7a00a9208384a5642e651a9f70b",
  "refundTx": "0x01c4c258aa177412876493bdd519f5b965a5f7a00a9208384a5642e651a9f70b"
}
