ganache v7.9.2 (@ganache/cli: 0.10.2, @ganache/core: 0.10.2)
Starting RPC server

Available Accounts
==================
(0) 0xd88d937594b1B0eFB8fC5181B6E27eAb4042EE7F (1000 ETH)
(1) 0x97d0C4271a50A28516D2256E02a165Dba42E7ee1 (1000 ETH)
(2) 0x93F555ca651f7d4EFF028aB797DBBF1D09f41Fc2 (1000 ETH)
(3) 0x424d4b11a771F883647107c2D8F35066B1c2Cc2D (1000 ETH)
(4) 0x982221046252e8916840273f19bD977068454097 (1000 ETH)
(5) 0x5117b2C727E7b2ffe1d954278Ad129c07B4901Ac (1000 ETH)
(6) 0x87F1A4A39A517A278eb2383396C2C7d9D1b244Cf (1000 ETH)
(7) 0x1823378213fFF34639b912733980E641359B2d2E (1000 ETH)
(8) 0xceAaFB29c4C49CF954D2d0c54f0CE6114e77EDEf (1000 ETH)
(9) 0x645F89Bda4A190c8BA8d501f9732ea6f4e786058 (1000 ETH)

Private Keys
==================
(0) 0x3d2725944acbcd776c76a32e221558da48d343ed29fc2d6bfc123d74670a0b88
(1) 0x1b16193c578e5bd9ac62aa0c73aeda4797addd2b557b1e51180c8bf48e1451aa
(2) 0x243dcb290662076a4c9bf7676012fb560b7e94606e182b95aab98b4e47f0e646
(3) 0x91c4449feca51baa1d0a9fee0697a78dc6bf3397502b3807c271a1055f66c837
(4) 0x00295faea1ce5735553387d4caea028276f00f721cf766126450314e3d305210
(5) 0xc27e7de24b602ce04f4222274cecb7187cef3e20fd9e63c5c844aa136b7e75ef
(6) 0x31edda7523cd80d3a3f7e0cdaa41a299e410a7861f3e43ce246627abb7d9076e
(7) 0x48ef3eafacb2fe2be425bf74250f28c46a28cbaf49d2ae4e0aae28ff5c16cf4e
(8) 0x87ca55f8595762f823a96df7f0093b928fdd29bdf2849c4e67f259137a13a0b9
(9) 0xb9f34bff68e895fd8daea0e0d3ea2ec14b7a6396fbf7e3302c9aa77c27f06aa8

HD Wallet
==================
Mnemonic:      column now arch parent fresh art enter silver sponsor talk evolve play
Base HD Path:  m/44'/60'/0'/0/{account_index}

Default Gas Price
==================
2000000000

BlockGas Limit
==================
30000000

Call Gas Limit
==================
50000000

Chain
==================
Hardfork: shanghai
Id:       1337

RPC Listening on 127.0.0.1:8545
web3_clientVersion
eth_blockNumber
net_version
eth_accounts
eth_accounts
eth_blockNumber
net_version
eth_getBlockByNumber
eth_estimateGas
eth_getBlockByNumber
eth_gasPrice
eth_sendTransaction

  Transaction: 0x6f003f25f6e01de5aba1edb28d420b15a92acaf61e07559d9c636678b4b4b4eb
  Contract created: 0xfb343fe326c47d2d14b75e9df95b47909899a9d5
  Gas usage: 1100987
  Block number: 1
  Block time: Fri May 08 2026 00:55:10 GMT+0700 (Indochina Time)

eth_getTransactionReceipt
eth_getCode
eth_getTransactionReceipt
eth_getBlockByNumber
eth_gasPrice
eth_sendTransaction

  Transaction: 0x138a3a30de2395540f4839c61e1e4f6dda9395939556b332175a02eed3a428d6
  Gas usage: 21055
  Block number: 2
  Block time: Fri May 08 2026 00:55:10 GMT+0700 (Indochina Time)

eth_getTransactionReceipt
net_version
eth_getBlockByNumber
eth_estimateGas
eth_getBlockByNumber
eth_gasPrice
eth_sendTransaction

  Transaction: 0x1ed18bcb97de959966b0781ed570e76b27d10b42762838047716fe74a2556662
  Gas usage: 64620
  Block number: 3
  Block time: Fri May 08 2026 00:55:10 GMT+0700 (Indochina Time)

eth_getTransactionReceipt
eth_blockNumber
eth_getBalance
eth_getTransactionByHash
debug_traceTransaction
eth_getTransactionByHash
debug_traceTransaction
eth_getTransactionByHash
debug_traceTransaction

Received shutdown signal: SIGTERM
Shutting down…
Server has been shut down
