ganache v7.9.2 (@ganache/cli: 0.10.2, @ganache/core: 0.10.2)
Starting RPC server

Available Accounts
==================
(0) 0x215A9D8E61EE48E45262f8b462C5739256d3cC95 (1000 ETH)
(1) 0x8e7F21F660907eC0B546E52683d1417474C6f88F (1000 ETH)
(2) 0x5DF6901216Da31Ff3c10f01C1A2E42a6773EA870 (1000 ETH)
(3) 0xd183d2E4A6c808cEFDDdA37C38dB623bd4cC2Cdd (1000 ETH)
(4) 0xA6D030173576e786C427F0C81cAEe6F39d3E109D (1000 ETH)
(5) 0xA93EFD20574fCB75B37389c3d9EDAFd24aF3df98 (1000 ETH)
(6) 0xb3302B57570f794d6949ecdA186D36534f0434c1 (1000 ETH)
(7) 0x299550D087a6886A287D3A308d24f7d4B1db20F4 (1000 ETH)
(8) 0xaD4a75346dE7F82b22C1C06e29eCe88eA12F35Fe (1000 ETH)
(9) 0xf52593A1fEce9dc4c750A3A7e032743677B3B0c0 (1000 ETH)

Private Keys
==================
(0) 0xbfd5ab9df5c6ff6201484706d1f69bf3ae14fdc660381d725d54007629b84bca
(1) 0x88dbc3cefd11a8a19d131cdf10ba4131bec3dd6a0d8f8b6c08258d4f3150d796
(2) 0xc0dc9af6d474ec528f79fc5dff0df8b5bfd65ab503a80c36d05bd14de42d6d70
(3) 0xfefb772ab67d4f26ed3de87e7d82ba5abdadd382a786c2406f9158a0301c57df
(4) 0x365389416dad18aa8317dee56825bd2d799786a62baabd274b4312c907e941f6
(5) 0x7be8a9f77f62f2be91b43212713cb45f97070e328ca7d0fe6744a10dc3b1c90f
(6) 0x7c2b886e7c020e878f1d8059f5a1ca9380b426f380c713f3dd5f9f2e6cd087c8
(7) 0x60a177e29697e9eba7156bf84afbaafb7b8a0080f585351867848c1765b4b104
(8) 0x6a6998a20309404fbcde806706ff9e66f752893d36ed68765a2d7abf8ec431e7
(9) 0x097b05969c503b8d120276d5ecbe824b296423e46173511818473add5afa0a89

HD Wallet
==================
Mnemonic:      broccoli wish actress canvas custom urge service special absorb sheriff episode record
Base HD Path:  m/44'/60'/0'/0/{account_index}

Default Gas Price
==================
2000000000

BlockGas Limit
==================
30000000

Call Gas Limit
==================
50000000

Chain
==================
Hardfork: shanghai
Id:       1337

RPC Listening on 127.0.0.1:8545
web3_clientVersion
eth_blockNumber
net_version
eth_accounts
eth_accounts
eth_blockNumber
net_version
eth_getBlockByNumber
eth_estimateGas
eth_getBlockByNumber
eth_gasPrice
eth_sendTransaction

  Transaction: 0xb418107c401a0081ecaa7f02491819b7a13a4cefdd89ee3b7cb0c4fe31aadf4f
  Contract created: 0x865809f2d729d9f9967ecc9d35b39ac3806c6e7d
  Gas usage: 1400964
  Block number: 1
  Block time: Thu May 07 2026 21:31:51 GMT+0700 (Indochina Time)

eth_getTransactionReceipt
eth_getCode
eth_getTransactionReceipt
eth_getBlockByNumber
eth_gasPrice
eth_sendTransaction

  Transaction: 0x9eab0f685b583c87366290e2602b647fe56c167359b75ba6edb6a0ee5ea8d6e4
  Gas usage: 21055
  Block number: 2
  Block time: Thu May 07 2026 21:31:51 GMT+0700 (Indochina Time)

eth_getTransactionReceipt
net_version
eth_getBlockByNumber
eth_estimateGas
eth_getBlockByNumber
eth_gasPrice
eth_sendTransaction

  Transaction: 0xbd66ab1fe9b983acbc8cb073cd643c672ba7db16c6f10df3bf9b100763c5508b
  Gas usage: 71641
  Block number: 3
  Block time: Thu May 07 2026 21:31:51 GMT+0700 (Indochina Time)

eth_getTransactionReceipt
eth_blockNumber
eth_getBalance
eth_getTransactionByHash
debug_traceTransaction
eth_getTransactionByHash
debug_traceTransaction
eth_getTransactionByHash
debug_traceTransaction

Received shutdown signal: SIGTERM
Shutting down…
Server has been shut down
