COMMAND: python3 experiments/scale_trace/scripts/trace_result_json.py /home/aothuatgiadp/blockchain/project/CTLC-Implementation/experiments/scale_trace/runs/random_v1_246/B-_C_evm_fund_bc_CTLCMultipleEdges_best_claim/result.json /home/aothuatgiadp/blockchain/project/CTLC-Implementation/experiments/scale_trace/runs/random_v1_246/B-_C_evm_fund_bc_CTLCMultipleEdges_best_claim/trace.json
STATUS: 0

STDOUT:
{
  "graph_id": "",
  "pair": "B->C|evm|fund:bc",
  "contract": "CTLCMultipleEdges",
  "scenario": "best_claim",
  "contractAddress": "0xef7bfbBe057bE8d9f17941B85FB4c1e94e05F16b",
  "traces": {
    "deploy": {
      "tx_hash": "0x026e6233c93b077bccd9e9b157d91484bd0d25ed62065afedefe0d34fd8d6aa6",
      "actual_calldata_bytes": 9257,
      "actual_sstore_count": 49,
      "actual_call_count": 0,
      "opcode_steps": 7716
    },
    "fund": {
      "tx_hash": "0xd5851813a7d1ecb399d4201bfdff129057455b9c2e4562bdd95b9196798ba4a5",
      "actual_calldata_bytes": 0,
      "actual_sstore_count": 0,
      "actual_call_count": 0,
      "opcode_steps": 13
    },
    "claim_level0": {
      "tx_hash": "0xd280ed2f4f3073f000dff29da6c0a50871e93a88e58630766d0b0ac2f86a5f71",
      "actual_calldata_bytes": 324,
      "actual_sstore_count": 1,
      "actual_call_count": 1,
      "opcode_steps": 1241
    }
  }
}


STDERR:

