Using network 'development'.

{
  "ok": true,
  "graph_id": "",
  "pair": "E->F|evm|fund:ef",
  "pairKey": "E->F|evm|fund:ef",
  "contract": "CTLCOnly",
  "scenario": "refund",
  "deployGas": "0x117fbb",
  "gasUsed": "59561",
  "disableGasUsed": "0",
  "claimGasUsed": "",
  "refundGasUsed": "59561",
  "contractAddress": "0xFe0F8e275D13Ed6d2Ae91e92556dFc9BF42ba89E",
  "startBlock": "0",
  "endBlock": "9",
  "finalContractBalanceWei": "0",
  "deployer": "0xA03b7993Ee4deb87f9B020C1C2f589c8663cBeEa",
  "party": "0xF87F946C4960c9578Fb9e1A43f81DE853dFa1929",
  "counterparty": "0xB8588D03a54D741cC21CF549B793BDe8E39FC3a5",
  "fundingWei": "1000000000000000000",
  "timelocks": [
    8
  ],
  "transactions": [
    {
      "role": "deploy",
      "txHash": "0x36de706966d94d5a14e467362701c36505aaa9c0c2f7dfdecc232ebeb7bb0f33"
    },
    {
      "role": "fund",
      "txHash": "0xd1725b9d7ab284e9f2f0481f89877407180b596d45d526e1f57808e7f907b71d"
    },
    {
      "role": "refund",
      "txHash": "0x6d4b6266e153f61e93f882031681788371fb004cdb53f7e2511838b8bdc81ef3",
      "level": 0
    }
  ],
  "txRoles": [
    {
      "role": "deploy",
      "txHash": "0x36de706966d94d5a14e467362701c36505aaa9c0c2f7dfdecc232ebeb7bb0f33"
    },
    {
      "role": "fund",
      "txHash": "0xd1725b9d7ab284e9f2f0481f89877407180b596d45d526e1f57808e7f907b71d"
    },
    {
      "role": "refund",
      "txHash": "0x6d4b6266e153f61e93f882031681788371fb004cdb53f7e2511838b8bdc81ef3",
      "level": 0
    }
  ],
  "deployTxHash": "0x36de706966d94d5a14e467362701c36505aaa9c0c2f7dfdecc232ebeb7bb0f33",
  "fundTxHash": "0xd1725b9d7ab284e9f2f0481f89877407180b596d45d526e1f57808e7f907b71d",
  "refundTxHash": "0x6d4b6266e153f61e93f882031681788371fb004cdb53f7e2511838b8bdc81ef3",
  "refundTx": "0x6d4b6266e153f61e93f882031681788371fb004cdb53f7e2511838b8bdc81ef3"
}
