COMMAND: python3 experiments/scale_trace/scripts/trace_result_json.py /home/aothuatgiadp/blockchain/project/CTLC-Implementation/experiments/scale_trace/runs/random_v1_7/G-_B_evm_fund_gb_CTLCMultipleEdges_refund/result.json /home/aothuatgiadp/blockchain/project/CTLC-Implementation/experiments/scale_trace/runs/random_v1_7/G-_B_evm_fund_gb_CTLCMultipleEdges_refund/trace.json
STATUS: 0

STDOUT:
{
  "graph_id": "",
  "pair": "G->B|evm|fund:gb",
  "contract": "CTLCMultipleEdges",
  "scenario": "refund",
  "contractAddress": "0x2593CCb028078d204CC34AB74123F8De0e654aA6",
  "traces": {
    "deploy": {
      "tx_hash": "0x59aeb75eb089cd91576c08357202520212a5da10936ccb41e04e8f2269204329",
      "actual_calldata_bytes": 8361,
      "actual_sstore_count": 27,
      "actual_call_count": 0,
      "opcode_steps": 4188
    },
    "fund": {
      "tx_hash": "0x42d325c5e4e7fc5c63045b9f488d43d1f61eec27a5be02f00a849ac4307d9e88",
      "actual_calldata_bytes": 0,
      "actual_sstore_count": 0,
      "actual_call_count": 0,
      "opcode_steps": 13
    },
    "disable_level0": {
      "tx_hash": "0x2bfa32e326be9a791a07d55d62f24f65766287189a7ed173fb5c5fd476ba06ba",
      "actual_calldata_bytes": 36,
      "actual_sstore_count": 1,
      "actual_call_count": 0,
      "opcode_steps": 300
    },
    "refund_level1": {
      "tx_hash": "0x0536752bc29df76cfc5a0730aae2263605c0c2ae7c3d23535c42d69759e0dafa",
      "actual_calldata_bytes": 4,
      "actual_sstore_count": 1,
      "actual_call_count": 1,
      "opcode_steps": 224
    }
  }
}


STDERR:

