Using network 'development'.

{
  "ok": true,
  "graph_id": "",
  "pair": "E->F|evm|fund:ef",
  "pairKey": "E->F|evm|fund:ef",
  "contract": "CTLCOnly",
  "scenario": "best_claim",
  "deployGas": "0x12e82a",
  "gasUsed": "68747",
  "disableGasUsed": "",
  "claimGasUsed": "68747",
  "refundGasUsed": "",
  "contractAddress": "0x6A242A319A93dd35aEb34f9dC62B700BA4083409",
  "startBlock": "0",
  "endBlock": "3",
  "finalContractBalanceWei": "0",
  "deployer": "0x816C8a6AC0FB5a407193D79aDc35DA911C2a4745",
  "party": "0xDe345EF790219672c3E6bed0495df5EFCD999133",
  "counterparty": "0xA13fec0F99f7c8Ac37341f236196af908D668AeB",
  "fundingWei": "1000000000000000000",
  "timelocks": [
    7,
    8
  ],
  "transactions": [
    {
      "role": "deploy",
      "txHash": "0xd29364105224eb4c286e13a8e9335abe9ea3101f4bd024b5a3936b41adf79ae6"
    },
    {
      "role": "fund",
      "txHash": "0x942bd8da3c309b63fe2597ddc59d8f78def725f0e57d0f735a02b02d683379f1"
    },
    {
      "role": "claim",
      "txHash": "0xe936d9b1d1913e9148778815255866ccc85951e8c45129d2e8fcb73ed5a009aa",
      "level": 0,
      "option": 0
    }
  ],
  "txRoles": [
    {
      "role": "deploy",
      "txHash": "0xd29364105224eb4c286e13a8e9335abe9ea3101f4bd024b5a3936b41adf79ae6"
    },
    {
      "role": "fund",
      "txHash": "0x942bd8da3c309b63fe2597ddc59d8f78def725f0e57d0f735a02b02d683379f1"
    },
    {
      "role": "claim",
      "txHash": "0xe936d9b1d1913e9148778815255866ccc85951e8c45129d2e8fcb73ed5a009aa",
      "level": 0,
      "option": 0
    }
  ],
  "deployTxHash": "0xd29364105224eb4c286e13a8e9335abe9ea3101f4bd024b5a3936b41adf79ae6",
  "fundTxHash": "0x942bd8da3c309b63fe2597ddc59d8f78def725f0e57d0f735a02b02d683379f1",
  "claimTxHash": "0xe936d9b1d1913e9148778815255866ccc85951e8c45129d2e8fcb73ed5a009aa",
  "txHash": "0xe936d9b1d1913e9148778815255866ccc85951e8c45129d2e8fcb73ed5a009aa",
  "tx": "0xe936d9b1d1913e9148778815255866ccc85951e8c45129d2e8fcb73ed5a009aa"
}
