Using network 'development'.

{
  "ok": true,
  "graph_id": "",
  "pair": "C->A|evm|fund:ca",
  "pairKey": "C->A|evm|fund:ca",
  "contract": "CTLCOnly",
  "scenario": "refund",
  "deployGas": "0x10ccbb",
  "gasUsed": "59561",
  "disableGasUsed": "0",
  "claimGasUsed": "",
  "refundGasUsed": "59561",
  "contractAddress": "0xcE72d44224e7eFA11f874810606927bfC32Feb82",
  "startBlock": "0",
  "endBlock": "7",
  "finalContractBalanceWei": "0",
  "deployer": "0x70E0d861AcaBbE3433a7bCE7cdF8B68BBc18b87a",
  "party": "0x3755c1440374144C084b45A059640CffbEcd2c24",
  "counterparty": "0xc05313A2372832900de01583F2c2b7A4564De67f",
  "fundingWei": "1000000000000000000",
  "timelocks": [
    6
  ],
  "transactions": [
    {
      "role": "deploy",
      "txHash": "0xc7f610fe61d5c18c057b2c5987f349bc8016f9fe0944f64d55b55954b25659af"
    },
    {
      "role": "fund",
      "txHash": "0x05acb81e5ec5eac2ec2fd3030592bc93579dac892f61910746a87ac7dc911290"
    },
    {
      "role": "refund",
      "txHash": "0xe27c074aab3b4af6dd9a4feab27d521db881b68fb8ca13c253f9a99f9967fc34",
      "level": 0
    }
  ],
  "txRoles": [
    {
      "role": "deploy",
      "txHash": "0xc7f610fe61d5c18c057b2c5987f349bc8016f9fe0944f64d55b55954b25659af"
    },
    {
      "role": "fund",
      "txHash": "0x05acb81e5ec5eac2ec2fd3030592bc93579dac892f61910746a87ac7dc911290"
    },
    {
      "role": "refund",
      "txHash": "0xe27c074aab3b4af6dd9a4feab27d521db881b68fb8ca13c253f9a99f9967fc34",
      "level": 0
    }
  ],
  "deployTxHash": "0xc7f610fe61d5c18c057b2c5987f349bc8016f9fe0944f64d55b55954b25659af",
  "fundTxHash": "0x05acb81e5ec5eac2ec2fd3030592bc93579dac892f61910746a87ac7dc911290",
  "refundTxHash": "0xe27c074aab3b4af6dd9a4feab27d521db881b68fb8ca13c253f9a99f9967fc34",
  "refundTx": "0xe27c074aab3b4af6dd9a4feab27d521db881b68fb8ca13c253f9a99f9967fc34"
}
