ganache v7.9.2 (@ganache/cli: 0.10.2, @ganache/core: 0.10.2)
Starting RPC server

Available Accounts
==================
(0) 0xb219B3d754853069CE3Da81C1d220115e10b62cd (1000 ETH)
(1) 0x7a05638dEd6f9D5b07a4a398F03836e343A1e0fC (1000 ETH)
(2) 0x7117a8E7CA591AFe17F6D8C40E21c43279247bA6 (1000 ETH)
(3) 0xB770736dCE37bd8f95E7F2B741c04BDd2D91beD8 (1000 ETH)
(4) 0x12c5EE620875fCe83daDF2991E7C2cB92Acb515a (1000 ETH)
(5) 0xD758FFaB39A3f47633A1a28697ed907ba597578E (1000 ETH)
(6) 0x83415D2151926F62aCee6D6BBD6A0126D3Ab0b71 (1000 ETH)
(7) 0x8A608d3C349C9b4ddDBc2D1Ce2561e76523B1dFA (1000 ETH)
(8) 0x55486fd3b5E7645c510B598C3fa2eA13424b9f44 (1000 ETH)
(9) 0x6c28e92B91e3CB9189486b18253d723083309374 (1000 ETH)

Private Keys
==================
(0) 0x71c68f3f25bb93178033e48da5b9bd7f25fcfaec7c3cad35e81a5d5e24950477
(1) 0xb7c50515acdee62eabeb68db3e991225613ed66e6db487851d986000f0c5c912
(2) 0x6874caf7136137224acb83372ecac9e0b21dd918ed4415ffdc3ce084c314dff5
(3) 0x6841dfa6240b6ffd37ac04b593d66af6f4ea922f943bbbe373b6a8b113d2a778
(4) 0x033c0e82c6339f7c173e0b20dacaf91560b4775aca119c9abb0a0d7e9229ac0c
(5) 0xab3d2e5ee304caed083cd6b6e60d32001cc8253f20e942f1a91da5791043239b
(6) 0x5f1895c96b78628254325763d52fe900a80c622d883c3dfeee230298b05604d9
(7) 0x42b6d5508163ffe43ad1479bb0b548241913e232e426220fdcccc4e00ca7bdeb
(8) 0xb6d3615ea4014b76bf1d744342168550f1929954587939d23e5301fb154902e1
(9) 0x17b95bc426c7848abfb5ba0df4f3c10f28b2d68773d48c0b77df3da9762a9253

HD Wallet
==================
Mnemonic:      wife sight sword shadow invest volcano skill account sound trophy general auto
Base HD Path:  m/44'/60'/0'/0/{account_index}

Default Gas Price
==================
2000000000

BlockGas Limit
==================
30000000

Call Gas Limit
==================
50000000

Chain
==================
Hardfork: shanghai
Id:       1337

RPC Listening on 127.0.0.1:8545
web3_clientVersion
eth_blockNumber
net_version
eth_accounts
eth_accounts
eth_blockNumber
net_version
eth_getBlockByNumber
eth_estimateGas
eth_getBlockByNumber
eth_gasPrice
eth_sendTransaction

  Transaction: 0xdaa0ea6618c976df3f2b3ac65b7c92e0fb16b35b8723a06100f0fe6c1c4c48ab
  Contract created: 0xc0967a67542010577e61f7a723b3f10bd6575d22
  Gas usage: 1100987
  Block number: 1
  Block time: Fri May 08 2026 01:13:27 GMT+0700 (Indochina Time)

eth_getTransactionReceipt
eth_getCode
eth_getTransactionReceipt
eth_getBlockByNumber
eth_gasPrice
eth_sendTransaction

  Transaction: 0x0280b259df0de4b824a07e45739f6cf2885254bb05d4cc46847ec477b09f5881
  Gas usage: 21055
  Block number: 2
  Block time: Fri May 08 2026 01:13:27 GMT+0700 (Indochina Time)

eth_getTransactionReceipt
net_version
eth_getBlockByNumber
eth_estimateGas
eth_getBlockByNumber
eth_gasPrice
eth_sendTransaction

  Transaction: 0xc6c3d95f74f6a68205e8d85c1985005c6f266559827304ada93332358d9e0f48
  Gas usage: 64620
  Block number: 3
  Block time: Fri May 08 2026 01:13:27 GMT+0700 (Indochina Time)

eth_getTransactionReceipt
eth_blockNumber
eth_getBalance
eth_getTransactionByHash
debug_traceTransaction
eth_getTransactionByHash
debug_traceTransaction
eth_getTransactionByHash
debug_traceTransaction

Received shutdown signal: SIGTERM
Shutting down…
Server has been shut down
