COMMAND: python3 experiments/scale_trace/scripts/trace_result_json.py /home/aothuatgiadp/blockchain/project/CTLC-Implementation/experiments/scale_trace/runs/random_v1_75/E-_F_evm_fund_ef_CTLCOnly_refund/result.json /home/aothuatgiadp/blockchain/project/CTLC-Implementation/experiments/scale_trace/runs/random_v1_75/E-_F_evm_fund_ef_CTLCOnly_refund/trace.json
STATUS: 0

STDOUT:
{
  "graph_id": "",
  "pair": "E->F|evm|fund:ef",
  "contract": "CTLCOnly",
  "scenario": "refund",
  "contractAddress": "0x3b1622c26C8482BdB1292CDB5c625C955749aa45",
  "traces": {
    "deploy": {
      "tx_hash": "0x430d7413a3fd3fa933f81f11c7c68a3215113dc3c71a3146e535dea83c271223",
      "actual_calldata_bytes": 7123,
      "actual_sstore_count": 9,
      "actual_call_count": 0,
      "opcode_steps": 1374
    },
    "fund": {
      "tx_hash": "0x6076adf977fde6f12be1e53204186debac2e70c3d394a904c3ad84f973ce18c4",
      "actual_calldata_bytes": 0,
      "actual_sstore_count": 0,
      "actual_call_count": 0,
      "opcode_steps": 13
    },
    "refund_level0": {
      "tx_hash": "0x39ab22662cfb173d16cb39c6d8c5813caec1cec7d8bc41ad808a32a49933246a",
      "actual_calldata_bytes": 4,
      "actual_sstore_count": 1,
      "actual_call_count": 1,
      "opcode_steps": 229
    }
  }
}


STDERR:

