COMMAND: python3 experiments/scale_trace/scripts/trace_result_json.py /home/aothuatgiadp/blockchain/project/CTLC-Implementation/experiments/scale_trace/runs/random_v1_88/B-_C_evm_fund_bc_CTLCMultipleEdges_refund/result.json /home/aothuatgiadp/blockchain/project/CTLC-Implementation/experiments/scale_trace/runs/random_v1_88/B-_C_evm_fund_bc_CTLCMultipleEdges_refund/trace.json
STATUS: 0

STDOUT:
{
  "graph_id": "",
  "pair": "B->C|evm|fund:bc",
  "contract": "CTLCMultipleEdges",
  "scenario": "refund",
  "contractAddress": "0x6Cc6c1DD886Cf56685B6b654084f5990034A2e9A",
  "traces": {
    "deploy": {
      "tx_hash": "0xdb44962e87975d985ee8df6f653ae4fb1237983cd4472bc966ffa278303f663a",
      "actual_calldata_bytes": 8585,
      "actual_sstore_count": 35,
      "actual_call_count": 0,
      "opcode_steps": 4530
    },
    "fund": {
      "tx_hash": "0x8878f6b3b96df36cdaaa3c242fd03923b2777c2a3cf172669c2f432ed4bae18d",
      "actual_calldata_bytes": 0,
      "actual_sstore_count": 0,
      "actual_call_count": 0,
      "opcode_steps": 13
    },
    "refund_level0": {
      "tx_hash": "0x8546968c8a00213e565282a54913e1de208f3d9ea506aacaeb986191cb42995a",
      "actual_calldata_bytes": 4,
      "actual_sstore_count": 1,
      "actual_call_count": 1,
      "opcode_steps": 224
    }
  }
}


STDERR:

