ganache v7.9.2 (@ganache/cli: 0.10.2, @ganache/core: 0.10.2)
Starting RPC server

Available Accounts
==================
(0) 0xc7686Cd63932713C59832a1f93AC6eDeb8cDd6c4 (1000 ETH)
(1) 0x59348EEeFB509755e3382b7a1F44001534D17487 (1000 ETH)
(2) 0x11F5Ec1cA6Ef7756570030f18C6E1202766CEB8F (1000 ETH)
(3) 0xF024921ea01C345Fcd7B84df4Cc3C799403AC4A0 (1000 ETH)
(4) 0xec338CCC9FCe200638e419bc03AF2Bf286403bAE (1000 ETH)
(5) 0x858BE1c66cFAE1253e8FE3c1FefF0a115BC051c9 (1000 ETH)
(6) 0xC83570E6602F5955E9384cE8770Db9066ED43882 (1000 ETH)
(7) 0xc4a8e1ad6131eC99Cb853E0F15E267A6Ffe52Ecf (1000 ETH)
(8) 0x65ad17694F662853D0ed7863C0A23d7Fb4b7f37A (1000 ETH)
(9) 0xEE78c72C0bC3257c80F4b642e3b72F99418Db6Ff (1000 ETH)

Private Keys
==================
(0) 0x4cd2b2f5a3d1d05d111bfdd9677b6416ebb4d38808158be4a2c09684e4f93293
(1) 0x946e1471de864eeef18914716864bd262cfb082bb46ff0aca847e42acec0e52e
(2) 0x98ef6adac14f7a83efbc25bf574290d87f6e7ca410b45ee6630e52bdc2f08d58
(3) 0x6ac01261c29a0e4cafa70cbfa1cdc61b520be39ae80a1ed1cd6736d0b9803140
(4) 0x6329b556a2479fcf244fd3c31f6318bb5060a9c7e373fffb9bc3df5b4fbcb804
(5) 0x015e32d8fe1fea8ebcc31ac5dd5a3345480ebd2a13ca90aa3081b885e283b495
(6) 0x1669e22e437931dd7af2a78a1f1151ffc975eddbd30ee4baa1abe3036a207bdc
(7) 0x4e94a774c94ed09852c91b76139916b1a25bdb342cbfb2f04ddc098f5b5b5c74
(8) 0x97d9579943f395dec8a314474eddb6315d424d1d84b3991a990c680bcc86780e
(9) 0x50e0056b86a765a21d22c633ec1527c632d04f75939b02ac64a28843f87b171a

HD Wallet
==================
Mnemonic:      bunker donate wagon laptop render plug beef dumb dad crater border still
Base HD Path:  m/44'/60'/0'/0/{account_index}

Default Gas Price
==================
2000000000

BlockGas Limit
==================
30000000

Call Gas Limit
==================
50000000

Chain
==================
Hardfork: shanghai
Id:       1337

RPC Listening on 127.0.0.1:8545
web3_clientVersion
eth_blockNumber
net_version
eth_accounts
eth_accounts
eth_blockNumber
net_version
eth_getBlockByNumber
eth_estimateGas
eth_getBlockByNumber
eth_gasPrice
eth_sendTransaction

  Transaction: 0x78d6e724fd7b68e533cf3f97c8c05de3c49abace1e1da8acf51a5476bc1bc891
  Contract created: 0x4129619377fbe41f48ab0392f27767426c84311e
  Gas usage: 2183303
  Block number: 1
  Block time: Fri May 08 2026 01:14:22 GMT+0700 (Indochina Time)

eth_getTransactionReceipt
eth_getCode
eth_getTransactionReceipt
eth_getBlockByNumber
eth_gasPrice
eth_sendTransaction

  Transaction: 0x6ca93bf295f3c1de15cb037ac8aa5f01a118385d23c63151401cbbeadbe94fdc
  Gas usage: 21055
  Block number: 2
  Block time: Fri May 08 2026 01:14:22 GMT+0700 (Indochina Time)

eth_getTransactionReceipt
net_version
eth_getBlockByNumber
eth_estimateGas
eth_getBlockByNumber
eth_gasPrice
eth_sendTransaction

  Transaction: 0x43a0ebd7aeea49f42a859641cab8ec781dd12717e93b6c366ea9d1cabc58becc
  Gas usage: 75948
  Block number: 3
  Block time: Fri May 08 2026 01:14:22 GMT+0700 (Indochina Time)

eth_getTransactionReceipt
eth_blockNumber
eth_getBalance
eth_getTransactionByHash
debug_traceTransaction
eth_getTransactionByHash
debug_traceTransaction
eth_getTransactionByHash
debug_traceTransaction

Received shutdown signal: SIGTERM
Shutting down…
Server has been shut down
