Using network 'development'.

{
  "ok": true,
  "graph_id": "",
  "pair": "B->D|evm|fund:bd",
  "pairKey": "B->D|evm|fund:bd",
  "contract": "CTLCMultipleEdges",
  "scenario": "best_claim",
  "deployGas": "0x12e9a6",
  "gasUsed": "71617",
  "disableGasUsed": "",
  "claimGasUsed": "71617",
  "refundGasUsed": "",
  "contractAddress": "0xa3087b7765FafF072b264436F4bBC56f5b604eF0",
  "startBlock": "0",
  "endBlock": "3",
  "finalContractBalanceWei": "0",
  "deployer": "0xD77037DEa673336c37714a72bf33EDFf7B7EeBB6",
  "party": "0xA746e72131A4756844bEC57857401A16d2B5BfAF",
  "counterparty": "0xf03Fb9B40b2059577D993336491364efd073b177",
  "fundingWei": "1000000000000000000",
  "timelocks": [
    7
  ],
  "transactions": [
    {
      "role": "deploy",
      "txHash": "0x8414353b0e802479610988979095c82b9171f616b6134225bdcbccca71de96ef"
    },
    {
      "role": "fund",
      "txHash": "0xaec5bb2b9488d428203ef28bc5bde0783f47c95b6cc8b9ab17b3e7598977f04f"
    },
    {
      "role": "claim",
      "txHash": "0xd389e0b877739cca3c47e8d40a3592ab115f5c111bfd555f5bb41746988f9e16",
      "level": 0,
      "option": 0
    }
  ],
  "txRoles": [
    {
      "role": "deploy",
      "txHash": "0x8414353b0e802479610988979095c82b9171f616b6134225bdcbccca71de96ef"
    },
    {
      "role": "fund",
      "txHash": "0xaec5bb2b9488d428203ef28bc5bde0783f47c95b6cc8b9ab17b3e7598977f04f"
    },
    {
      "role": "claim",
      "txHash": "0xd389e0b877739cca3c47e8d40a3592ab115f5c111bfd555f5bb41746988f9e16",
      "level": 0,
      "option": 0
    }
  ],
  "deployTxHash": "0x8414353b0e802479610988979095c82b9171f616b6134225bdcbccca71de96ef",
  "fundTxHash": "0xaec5bb2b9488d428203ef28bc5bde0783f47c95b6cc8b9ab17b3e7598977f04f",
  "claimTxHash": "0xd389e0b877739cca3c47e8d40a3592ab115f5c111bfd555f5bb41746988f9e16",
  "txHash": "0xd389e0b877739cca3c47e8d40a3592ab115f5c111bfd555f5bb41746988f9e16",
  "tx": "0xd389e0b877739cca3c47e8d40a3592ab115f5c111bfd555f5bb41746988f9e16"
}
