Using network 'development'.

{
  "ok": true,
  "graph_id": "",
  "pair": "B->C|evm|fund:bc",
  "pairKey": "B->C|evm|fund:bc",
  "contract": "CTLCMultipleEdges",
  "scenario": "best_claim",
  "deployGas": "0x19ee0b",
  "gasUsed": "80267",
  "disableGasUsed": "",
  "claimGasUsed": "80267",
  "refundGasUsed": "",
  "contractAddress": "0x5dB46466192C0c35aEA34fcD021828BF95D06103",
  "startBlock": "0",
  "endBlock": "3",
  "finalContractBalanceWei": "0",
  "deployer": "0xb46903FA962989A78Af26bF9ee23eB3528F47B91",
  "party": "0x109c50F8eF884ad532aC68723ba9f624C1046739",
  "counterparty": "0xa6111Ab472b266040C6e5D4c6Cf407958E043674",
  "fundingWei": "1000000000000000000",
  "timelocks": [
    9,
    11
  ],
  "transactions": [
    {
      "role": "deploy",
      "txHash": "0xc710c35831006e50ccfa89971a2451338aa1b3b754369c9f0052e79d92a1081a"
    },
    {
      "role": "fund",
      "txHash": "0xbab196dc278da4bf3c7886ad07dd7e2be70212bc554bd57300d61d6205693b40"
    },
    {
      "role": "claim",
      "txHash": "0xa28d049a9c3dac9d74977158891320ea3ccf6308739f3434b864f65191a08097",
      "level": 0,
      "option": 0
    }
  ],
  "txRoles": [
    {
      "role": "deploy",
      "txHash": "0xc710c35831006e50ccfa89971a2451338aa1b3b754369c9f0052e79d92a1081a"
    },
    {
      "role": "fund",
      "txHash": "0xbab196dc278da4bf3c7886ad07dd7e2be70212bc554bd57300d61d6205693b40"
    },
    {
      "role": "claim",
      "txHash": "0xa28d049a9c3dac9d74977158891320ea3ccf6308739f3434b864f65191a08097",
      "level": 0,
      "option": 0
    }
  ],
  "deployTxHash": "0xc710c35831006e50ccfa89971a2451338aa1b3b754369c9f0052e79d92a1081a",
  "fundTxHash": "0xbab196dc278da4bf3c7886ad07dd7e2be70212bc554bd57300d61d6205693b40",
  "claimTxHash": "0xa28d049a9c3dac9d74977158891320ea3ccf6308739f3434b864f65191a08097",
  "txHash": "0xa28d049a9c3dac9d74977158891320ea3ccf6308739f3434b864f65191a08097",
  "tx": "0xa28d049a9c3dac9d74977158891320ea3ccf6308739f3434b864f65191a08097"
}
