ganache v7.9.2 (@ganache/cli: 0.10.2, @ganache/core: 0.10.2)
Starting RPC server

Available Accounts
==================
(0) 0xB1736043b4E7Bad07851A2EDc217B9Abde62e513 (1000 ETH)
(1) 0x628063b57b7827D11c99Ea2f444F222C0eCBDD74 (1000 ETH)
(2) 0x38F88B886095aee8cB777663689e9ef7229ccd0a (1000 ETH)
(3) 0xcd3C233dEe70D78C119C3EF765d950607bd7c8D6 (1000 ETH)
(4) 0x0D89E4EcbF7f28773B0077e40a0B638C8c8D0690 (1000 ETH)
(5) 0x4710E0f376427e5a0f153132e29C52d2f8E006cC (1000 ETH)
(6) 0xD874691ec869ba8638134562d0D6D477124fd195 (1000 ETH)
(7) 0x2720eaB221aF27bb3A3b9d43521E390C68ca4EAA (1000 ETH)
(8) 0xAb2fa9Af8d00Ba357D48F3816893Fa773B9A5180 (1000 ETH)
(9) 0x6c645C8227CB5b3c50d14b3F83e3632FF3aE2f7B (1000 ETH)

Private Keys
==================
(0) 0x2b512a1f0b902004f96ee49c98baad04e392eb8c51d277c7747aa1def28ffa9d
(1) 0xdc2f866a7ff945e5024d7413427a9592365b9acffb728a31bbb0e1ab65e30d78
(2) 0x1f5bd0a9766b8afa06c6f9dc6648bad9374f316aba0af1e30b920b0293d0597b
(3) 0x30dc72f029b5f5083838de68b83d76135cf71da7499239c3a9e90be76e741d72
(4) 0xd1f1b39b7f8652d9089b8b7b357cf9f035a90755509178ba204c9e3012c373b3
(5) 0x8116b551a53122b893220fa5f0282c53abb0a7ab7f5782ca2bf065cc85ea4bcb
(6) 0x9bf9df64829fe5b1dec9614d15213ba5f8d825ce287352a0cc03a6584d6ed729
(7) 0x8b3f532cdd3395590ac431ba0085f4136a221a11eb5bba6004459a54daec6760
(8) 0xd2a42f7ecb2f5e24b9e04f9fe51212748ce713fbe24353271f0f2608b06518a4
(9) 0x05d5e83fa2c762d65909a1487f3a2cd2239375daad614bbd2994430995cba0d9

HD Wallet
==================
Mnemonic:      oil note sibling royal mad announce bench birth unable physical rough correct
Base HD Path:  m/44'/60'/0'/0/{account_index}

Default Gas Price
==================
2000000000

BlockGas Limit
==================
30000000

Call Gas Limit
==================
50000000

Chain
==================
Hardfork: shanghai
Id:       1337

RPC Listening on 127.0.0.1:8545
web3_clientVersion
eth_blockNumber
net_version
eth_accounts
eth_accounts
eth_blockNumber
net_version
eth_getBlockByNumber
eth_estimateGas
eth_getBlockByNumber
eth_gasPrice
eth_sendTransaction

  Transaction: 0xdd92f7ac462b935c70d782b2e06c1a60a44e23a4d08bb1ff2b258e7b9be8fddf
  Contract created: 0x5476c390504246612b14333fcf14184fd4cf5727
  Gas usage: 1100987
  Block number: 1
  Block time: Fri May 08 2026 02:13:41 GMT+0700 (Indochina Time)

eth_getTransactionReceipt
eth_getCode
eth_getTransactionReceipt
eth_getBlockByNumber
eth_gasPrice
eth_sendTransaction

  Transaction: 0x120e4ae9bb78d102c7985c6248f06ca66b33f2803398a26b036fef25272ef5ef
  Gas usage: 21055
  Block number: 2
  Block time: Fri May 08 2026 02:13:41 GMT+0700 (Indochina Time)

eth_getTransactionReceipt
net_version
eth_getBlockByNumber
eth_estimateGas
eth_getBlockByNumber
eth_gasPrice
eth_sendTransaction

  Transaction: 0xd6153da93a36cc6f281b964627206b3107d0c841a85cee72a8c99bb31da7df04
  Gas usage: 64620
  Block number: 3
  Block time: Fri May 08 2026 02:13:41 GMT+0700 (Indochina Time)

eth_getTransactionReceipt
eth_blockNumber
eth_getBalance
eth_getTransactionByHash
debug_traceTransaction
eth_getTransactionByHash
debug_traceTransaction
eth_getTransactionByHash
debug_traceTransaction

Received shutdown signal: SIGTERM
Shutting down…
Server has been shut down
