Using network 'development'.

{
  "ok": true,
  "graph_id": "",
  "pair": "C->F|evm|fund:cf",
  "pairKey": "C->F|evm|fund:cf",
  "contract": "CTLCOnly",
  "scenario": "refund",
  "deployGas": "0x117fbb",
  "gasUsed": "59561",
  "disableGasUsed": "0",
  "claimGasUsed": "",
  "refundGasUsed": "59561",
  "contractAddress": "0x3109438dBa850BBC153ed2e0Ad57830546FCB932",
  "startBlock": "0",
  "endBlock": "9",
  "finalContractBalanceWei": "0",
  "deployer": "0x1868Dce7984cdA9e316515aebab39C4d248fc2A0",
  "party": "0x8c93e0883DFc92f36aaf240f5a063C037d2Bb2f1",
  "counterparty": "0x5FA196Bc41f3F9e850C0910a0cc96008b6F38265",
  "fundingWei": "1000000000000000000",
  "timelocks": [
    8
  ],
  "transactions": [
    {
      "role": "deploy",
      "txHash": "0x5bb54d26481fa8bdd27cd77c6eab0d30d056cd9dd2918e6afb0936853bb1333f"
    },
    {
      "role": "fund",
      "txHash": "0x93f0b49f14e69505ac29343054f2ca6dc27b5faeef1788f47a2cb9e6e79a45fa"
    },
    {
      "role": "refund",
      "txHash": "0xb11fe8829c9a4064cbf9b9e5bac673286efdcbdbee93fc860e155fae0b583c09",
      "level": 0
    }
  ],
  "txRoles": [
    {
      "role": "deploy",
      "txHash": "0x5bb54d26481fa8bdd27cd77c6eab0d30d056cd9dd2918e6afb0936853bb1333f"
    },
    {
      "role": "fund",
      "txHash": "0x93f0b49f14e69505ac29343054f2ca6dc27b5faeef1788f47a2cb9e6e79a45fa"
    },
    {
      "role": "refund",
      "txHash": "0xb11fe8829c9a4064cbf9b9e5bac673286efdcbdbee93fc860e155fae0b583c09",
      "level": 0
    }
  ],
  "deployTxHash": "0x5bb54d26481fa8bdd27cd77c6eab0d30d056cd9dd2918e6afb0936853bb1333f",
  "fundTxHash": "0x93f0b49f14e69505ac29343054f2ca6dc27b5faeef1788f47a2cb9e6e79a45fa",
  "refundTxHash": "0xb11fe8829c9a4064cbf9b9e5bac673286efdcbdbee93fc860e155fae0b583c09",
  "refundTx": "0xb11fe8829c9a4064cbf9b9e5bac673286efdcbdbee93fc860e155fae0b583c09"
}
