Using network 'development'.

{
  "ok": true,
  "graph_id": "",
  "pair": "E->A|evm|fund:ea",
  "pairKey": "E->A|evm|fund:ea",
  "contract": "CTLCOnly",
  "scenario": "worst_claim",
  "deployGas": "0x10ccbb",
  "gasUsed": "64620",
  "disableGasUsed": "0",
  "claimGasUsed": "64620",
  "refundGasUsed": "",
  "contractAddress": "0x11fd6Acd3F013F3983cEdD4455Bec94a952B220F",
  "startBlock": "0",
  "endBlock": "3",
  "finalContractBalanceWei": "0",
  "deployer": "0x84A00141475e8E75ad4aE70e00381E2484390437",
  "party": "0x21dac693D93cA3C026d0d3F2A1fCDad38aBA8CdA",
  "counterparty": "0x4AD6E36Fafe5Cd3C06e79376f8A8C83b3D3805A1",
  "fundingWei": "1000000000000000000",
  "timelocks": [
    6
  ],
  "transactions": [
    {
      "role": "deploy",
      "txHash": "0x2c4e5f180d8086941f78d664e94d0492fd901e902e9fee47cda7b1ff2a7e66d9"
    },
    {
      "role": "fund",
      "txHash": "0x8bc81ddb507b7e4a146f17fa3a788dd71fa709cba3aa56a663abe36a5a2b6b23"
    },
    {
      "role": "claim",
      "txHash": "0x9ce4553e930978734c53ee3714db068e1758725b93ea839b8c485d9806942c78",
      "level": 0,
      "option": 0
    }
  ],
  "txRoles": [
    {
      "role": "deploy",
      "txHash": "0x2c4e5f180d8086941f78d664e94d0492fd901e902e9fee47cda7b1ff2a7e66d9"
    },
    {
      "role": "fund",
      "txHash": "0x8bc81ddb507b7e4a146f17fa3a788dd71fa709cba3aa56a663abe36a5a2b6b23"
    },
    {
      "role": "claim",
      "txHash": "0x9ce4553e930978734c53ee3714db068e1758725b93ea839b8c485d9806942c78",
      "level": 0,
      "option": 0
    }
  ],
  "deployTxHash": "0x2c4e5f180d8086941f78d664e94d0492fd901e902e9fee47cda7b1ff2a7e66d9",
  "fundTxHash": "0x8bc81ddb507b7e4a146f17fa3a788dd71fa709cba3aa56a663abe36a5a2b6b23",
  "claimTxHash": "0x9ce4553e930978734c53ee3714db068e1758725b93ea839b8c485d9806942c78",
  "txHash": "0x9ce4553e930978734c53ee3714db068e1758725b93ea839b8c485d9806942c78",
  "tx": "0x9ce4553e930978734c53ee3714db068e1758725b93ea839b8c485d9806942c78"
}
