ganache v7.9.2 (@ganache/cli: 0.10.2, @ganache/core: 0.10.2)
Starting RPC server
web3_clientVersion

Available Accounts
==================
(0) 0x8FAcc8Eb3BCC33fc54b18dAFaA49018DE7BaD219 (1000 ETH)
(1) 0x4C56925aEfDBab19EC8536E4821892B255e74190 (1000 ETH)
(2) 0xc290DDd601FF41d00184c57A6888228e0D80E775 (1000 ETH)
(3) 0xAea7eB2C5dc4Fed514EE11Af9A759C135B9467b4 (1000 ETH)
(4) 0x01da9256765A892BD3713d76643457D28539E98f (1000 ETH)
(5) 0xd1Af0001b5f8d3339E6A33129D335991c3473C20 (1000 ETH)
(6) 0x1eF2c04A91A237F7123c8baF291A85c496C61c3E (1000 ETH)
(7) 0x4C46cA9F6163C29aEd4fDBB3f0f5d8553DF0B9Fc (1000 ETH)
(8) 0xA0a897692e6F0937e988454D2b430b6B5EA9cf36 (1000 ETH)
(9) 0x4B71f94947bc55B71963e9ECBbCC0f57213197fF (1000 ETH)

Private Keys
==================
(0) 0xc51644166e596197eb0aca11e4c2f3439a27d9123b65796eebcc03a49560d6ab
(1) 0xc5fab612940b982e8efb3a311b870905c1b7c16335571609eb600dcfa01f26c4
(2) 0xd9a0240561ba1cab40fdb3547b6ab52af2d67ced702db2410d64cafbab281a38
(3) 0xb9e7139651bc92df83cc54f712ba3585cb930f22a9af2528dfc1fad58793ac28
(4) 0x5883d92be12c5cce9f72f5f47fb6bb8e33d4a641eabf8eb75196825a48420bd3
(5) 0x8743bc4b58b4f822c076060496c8f5284b28c4c82a014b453323e3f7978f86ab
(6) 0xef24875b0f7c1facff9f492ee5b483fba61e1fe093eca94f063baee5efacdf68
(7) 0xbd5108aea726b8cb774fdb4dbab0fde0a95541fd5fc445a6ce7d4d66922e4fc2
(8) 0xc51d16d91c7cbe1edf904375247cb1da1876b0fa850eb6bca2f58fd9222da27e
(9) 0xffb8f508477028e6f39e7abbf56d7d7117439e0d4d37353d86da7e0325385161

HD Wallet
==================
Mnemonic:      boost spoil brick cruel prepare bulb argue interest boring old trade blue
Base HD Path:  m/44'/60'/0'/0/{account_index}

Default Gas Price
==================
2000000000

BlockGas Limit
==================
30000000

Call Gas Limit
==================
50000000

Chain
==================
Hardfork: shanghai
Id:       1337

RPC Listening on 127.0.0.1:8545
eth_blockNumber
net_version
eth_accounts
eth_accounts
eth_blockNumber
net_version
eth_getBlockByNumber
eth_estimateGas
eth_getBlockByNumber
eth_gasPrice
eth_sendTransaction

  Transaction: 0x855a82e9d9358cb759a8860704f6d87fbc85db79c1e8e9f928af2f284b0f4ea4
  Contract created: 0x57e81db535441ef98eeff7a510fa6d00ac034218
  Gas usage: 1239450
  Block number: 1
  Block time: Thu May 07 2026 21:17:23 GMT+0700 (Indochina Time)

eth_getTransactionReceipt
eth_getCode
eth_getTransactionReceipt
eth_getBlockByNumber
eth_gasPrice
eth_sendTransaction

  Transaction: 0x1bca6e65c7a77cd0c3083aeb75fa4990fdf62d9d5c7bb23f3e22be08b4010992
  Gas usage: 21055
  Block number: 2
  Block time: Thu May 07 2026 21:17:23 GMT+0700 (Indochina Time)

eth_getTransactionReceipt
net_version
eth_getBlockByNumber
eth_estimateGas
eth_getBlockByNumber
eth_gasPrice
eth_sendTransaction

  Transaction: 0x59d0e69002fb20faf5fd1aa081961688c0cebba6397eb4f66050508d233434b0
  Gas usage: 71641
  Block number: 3
  Block time: Thu May 07 2026 21:17:23 GMT+0700 (Indochina Time)

eth_getTransactionReceipt
eth_blockNumber
eth_getBalance
eth_getTransactionByHash
debug_traceTransaction
eth_getTransactionByHash
debug_traceTransaction
eth_getTransactionByHash
debug_traceTransaction

Received shutdown signal: SIGTERM
Shutting down…
Server has been shut down
