Using network 'development'.

{
  "ok": true,
  "graph_id": "",
  "pair": "F->D|evm|fund:fd",
  "pairKey": "F->D|evm|fund:fd",
  "contract": "CTLCOnly",
  "scenario": "worst_claim",
  "deployGas": "0x117fbb",
  "gasUsed": "72874",
  "disableGasUsed": "0",
  "claimGasUsed": "72874",
  "refundGasUsed": "",
  "contractAddress": "0xf2eBD8a4B1AdF4BD5db41a241Eb2f322645370c6",
  "startBlock": "0",
  "endBlock": "3",
  "finalContractBalanceWei": "0",
  "deployer": "0x17b016D13F8Be8aa7b2455eBe0d4c5401850238F",
  "party": "0xafcdDBD9Cc931e0e08830e45aD9486eCFfA16abC",
  "counterparty": "0xa2E6d268751BE31B07F104C3B966E7dbE57FE1D8",
  "fundingWei": "1000000000000000000",
  "timelocks": [
    8
  ],
  "transactions": [
    {
      "role": "deploy",
      "txHash": "0x7baaddcd8e7f4d7850c522f92529aa2d91c07cda731ef15f8d5f6da1397dc3be"
    },
    {
      "role": "fund",
      "txHash": "0x6205e8f5afbad47d8e5b006594d2a42f7102935e13ec17ef92214a805f9ce6ac"
    },
    {
      "role": "claim",
      "txHash": "0xc8cce9536bf540d9032bcf1f0c3831d4a2f78babd0867c1755803ee343614b74",
      "level": 0,
      "option": 0
    }
  ],
  "txRoles": [
    {
      "role": "deploy",
      "txHash": "0x7baaddcd8e7f4d7850c522f92529aa2d91c07cda731ef15f8d5f6da1397dc3be"
    },
    {
      "role": "fund",
      "txHash": "0x6205e8f5afbad47d8e5b006594d2a42f7102935e13ec17ef92214a805f9ce6ac"
    },
    {
      "role": "claim",
      "txHash": "0xc8cce9536bf540d9032bcf1f0c3831d4a2f78babd0867c1755803ee343614b74",
      "level": 0,
      "option": 0
    }
  ],
  "deployTxHash": "0x7baaddcd8e7f4d7850c522f92529aa2d91c07cda731ef15f8d5f6da1397dc3be",
  "fundTxHash": "0x6205e8f5afbad47d8e5b006594d2a42f7102935e13ec17ef92214a805f9ce6ac",
  "claimTxHash": "0xc8cce9536bf540d9032bcf1f0c3831d4a2f78babd0867c1755803ee343614b74",
  "txHash": "0xc8cce9536bf540d9032bcf1f0c3831d4a2f78babd0867c1755803ee343614b74",
  "tx": "0xc8cce9536bf540d9032bcf1f0c3831d4a2f78babd0867c1755803ee343614b74"
}
