ganache v7.9.2 (@ganache/cli: 0.10.2, @ganache/core: 0.10.2)
Starting RPC server

Available Accounts
==================
(0) 0x17b016D13F8Be8aa7b2455eBe0d4c5401850238F (1000 ETH)
(1) 0x3131fFfd604Bca32Dcc0d1870faA0C0eaE94a4f2 (1000 ETH)
(2) 0x0305BfA9bB109aF71678ed4b37dbe84596bF42e5 (1000 ETH)
(3) 0x2976d5e1d19a4840Acb42C08B0eCdC7501669844 (1000 ETH)
(4) 0xa2E6d268751BE31B07F104C3B966E7dbE57FE1D8 (1000 ETH)
(5) 0x54d39f07faf14A1E30c26D2388BBEeab327d0658 (1000 ETH)
(6) 0xafcdDBD9Cc931e0e08830e45aD9486eCFfA16abC (1000 ETH)
(7) 0x2A77bF5b89F066e4DC4E8973a6115ED27C237962 (1000 ETH)
(8) 0xb210AfB3E5fC784819151A4b13c2c7f0cDD715c3 (1000 ETH)
(9) 0x050A40f8169fC64Bf0625351439Aa7E0C3A83060 (1000 ETH)

Private Keys
==================
(0) 0xebc70ab1f2f1daafe4d488cdd1fda36e7903a27d3688d78000d437d54096c7af
(1) 0x4e747b69f7e11d06a5552154137c9e81d966e61bcde84d59d9b77faa21deb2a5
(2) 0x04c152b2d028dac69b323d454c77e3ed241fa106d42aba9d645cd1118ec46218
(3) 0x3782f722bb91746c6ffd0649c5f9341dd8ef696dabc19004737cde85f0ba870a
(4) 0xe0c05225e3fc2c53c54dff90dd7f78a98fd3f28b70f637f1939722e2a49e9e07
(5) 0xda42e381d5b847daf03b28653179edead9b22cb7dc74150ccc1b3cd1a1619299
(6) 0x18ba2cd57ca50541c80c2353b0eb4bccd00793a5e7a3b562b2d5ccbe27030466
(7) 0x89cd3e5fe9e0b9dbb64221c512dfc812f7f10923327ecc790c47a433ef9b2efa
(8) 0x27167486df3a57feda797b2c15f92a50a803c61bbc6dd9ee5a43010e4bd08e4c
(9) 0x253d98a261ac34592751ace9e1f0d2a2b2b57ea5d7063af2bd93caa62f9cf092

HD Wallet
==================
Mnemonic:      cancel float student truly improve intact original topic image pool eyebrow point
Base HD Path:  m/44'/60'/0'/0/{account_index}

Default Gas Price
==================
2000000000

BlockGas Limit
==================
30000000

Call Gas Limit
==================
50000000

Chain
==================
Hardfork: shanghai
Id:       1337

RPC Listening on 127.0.0.1:8545
web3_clientVersion
eth_blockNumber
net_version
eth_accounts
eth_accounts
eth_blockNumber
net_version
eth_getBlockByNumber
eth_estimateGas
eth_getBlockByNumber
eth_gasPrice
eth_sendTransaction

  Transaction: 0x7baaddcd8e7f4d7850c522f92529aa2d91c07cda731ef15f8d5f6da1397dc3be
  Contract created: 0xf2ebd8a4b1adf4bd5db41a241eb2f322645370c6
  Gas usage: 1146811
  Block number: 1
  Block time: Fri May 08 2026 02:25:30 GMT+0700 (Indochina Time)

eth_getTransactionReceipt
eth_getCode
eth_getTransactionReceipt
eth_getBlockByNumber
eth_gasPrice
eth_sendTransaction

  Transaction: 0x6205e8f5afbad47d8e5b006594d2a42f7102935e13ec17ef92214a805f9ce6ac
  Gas usage: 21055
  Block number: 2
  Block time: Fri May 08 2026 02:25:30 GMT+0700 (Indochina Time)

eth_getTransactionReceipt
net_version
eth_getBlockByNumber
eth_estimateGas
eth_getBlockByNumber
eth_gasPrice
eth_sendTransaction

  Transaction: 0xc8cce9536bf540d9032bcf1f0c3831d4a2f78babd0867c1755803ee343614b74
  Gas usage: 72874
  Block number: 3
  Block time: Fri May 08 2026 02:25:30 GMT+0700 (Indochina Time)

eth_getTransactionReceipt
eth_blockNumber
eth_getBalance
eth_getTransactionByHash
debug_traceTransaction
eth_getTransactionByHash
debug_traceTransaction
eth_getTransactionByHash
debug_traceTransaction

Received shutdown signal: SIGTERM
Shutting down…
Server has been shut down
