ganache v7.9.2 (@ganache/cli: 0.10.2, @ganache/core: 0.10.2)
Starting RPC server

Available Accounts
==================
(0) 0xfbCcDe2963726be62FBc0Dd2A8f62A84591DAEF6 (1000 ETH)
(1) 0x3c58933aDC58f18447e45c30312B4592247C528c (1000 ETH)
(2) 0x4cAc7b7825f785c455367EdBC1A7616cb40F3EE3 (1000 ETH)
(3) 0x62bfFF1723D59494256b26C02a595741b813eAe4 (1000 ETH)
(4) 0xcE7c5A4c29e4C90AA6673C976667340217947eCe (1000 ETH)
(5) 0xDd333C95af9Bc058DfF5e7be3D7F68F9d5D4799b (1000 ETH)
(6) 0x81D727Ae3849458e7eAFb3BE2b011a71F449B306 (1000 ETH)
(7) 0x1e423DEc09BC7dFbC7d9cbAF5F26886A9a84fEB7 (1000 ETH)
(8) 0x62e13d54Ab33BAb3005b316043328b7e264D5860 (1000 ETH)
(9) 0x55c7C788D9Ef324D51fd76bEFc0FB51EE0E681eA (1000 ETH)

Private Keys
==================
(0) 0x95b55086789bcabed4a8caa82f89cb9ade3e13df2ec9fe012810c629a1c205b9
(1) 0x405bb6e942583f8375c3f107499eafa282e0f37c2b59d1e49998c5ef9b5c83e3
(2) 0x32e930fd2e1eb7a7a4b942c594cce513652a57a128e8d01215597f7c55867360
(3) 0x1665394e0b7c47de28e3963dfc6599f0bdd1b9e81a2666567d4e8ac54c420acc
(4) 0xfbe6cca239fdd8b61655fd3874c455db11671ed2009b8d5ee59e9c174816c53d
(5) 0xd66b7b5441937e6283e732367b826e0e6cb838ce9c4b8d0aca582885371c1430
(6) 0xfe290282c569e72bc430c3416e79684270287698b611c8df8f2799e31015fa52
(7) 0xe87da1588f8ff2a7cd572dedb1647ba210b98cdc83b4eb7516122e6c049be4cc
(8) 0xae8b251d37aea370b0d613aeed76b7c4d531d46e746b3f81afd07a04a2e044d8
(9) 0xf8591377fccc9cc18216b486005d184a91afc2c8193fa41880c75cd282090cd0

HD Wallet
==================
Mnemonic:      convince require lady album logic brief where neutral february fence trial public
Base HD Path:  m/44'/60'/0'/0/{account_index}

Default Gas Price
==================
2000000000

BlockGas Limit
==================
30000000

Call Gas Limit
==================
50000000

Chain
==================
Hardfork: shanghai
Id:       1337

RPC Listening on 127.0.0.1:8545
web3_clientVersion
eth_blockNumber
net_version
eth_accounts
eth_accounts
eth_blockNumber
net_version
eth_getBlockByNumber
eth_estimateGas
eth_getBlockByNumber
eth_gasPrice
eth_sendTransaction

  Transaction: 0x9f2943fc4ea62e7c70c8b80a3a066fa5c13759cd47640bcd67a62958685a5b83
  Contract created: 0x9281acbd71fa9a9a6aa9331cbf256dc30e452225
  Gas usage: 1100987
  Block number: 1
  Block time: Fri May 08 2026 03:12:19 GMT+0700 (Indochina Time)

eth_getTransactionReceipt
eth_getCode
eth_getTransactionReceipt
eth_getBlockByNumber
eth_gasPrice
eth_sendTransaction

  Transaction: 0x7924da72f624d1f5e94b7f7078fb51f425c4fe85bc50364f51a56a991616769c
  Gas usage: 21055
  Block number: 2
  Block time: Fri May 08 2026 03:12:19 GMT+0700 (Indochina Time)

eth_getTransactionReceipt
eth_blockNumber
evm_mine
eth_blockNumber
evm_mine
eth_blockNumber
evm_mine
eth_blockNumber
evm_mine
eth_blockNumber
net_version
eth_getBlockByNumber
eth_estimateGas
eth_getBlockByNumber
eth_gasPrice
eth_sendTransaction

  Transaction: 0xe32d4dab5d2f29b8f1d0604430fab0c13fd2744124c27c92a1e727e602ebcb83
  Gas usage: 59561
  Block number: 7
  Block time: Fri May 08 2026 03:12:19 GMT+0700 (Indochina Time)

eth_getTransactionReceipt
eth_blockNumber
eth_getBalance
eth_getTransactionByHash
debug_traceTransaction
eth_getTransactionByHash
debug_traceTransaction
eth_getTransactionByHash
debug_traceTransaction

Received shutdown signal: SIGTERM
Shutting down…
Server has been shut down
