Using network 'development'.

{
  "ok": true,
  "graph_id": "",
  "pair": "E->B|evm|fund:eb",
  "pairKey": "E->B|evm|fund:eb",
  "contract": "CTLCMultipleEdges",
  "scenario": "worst_claim",
  "deployGas": "0x139ca6",
  "gasUsed": "75948",
  "disableGasUsed": "0",
  "claimGasUsed": "75948",
  "refundGasUsed": "",
  "contractAddress": "0xAB03A98F370CB313dB05d431a90037f6A1d852Aa",
  "startBlock": "0",
  "endBlock": "3",
  "finalContractBalanceWei": "0",
  "deployer": "0x30B12DD970BbE0870A228C2fF9DAc6115Efc5056",
  "party": "0x79352e7Fe870C81fe52a5b4ceBf7E1847de2f876",
  "counterparty": "0xE7f3f371a2b302AC129ec79cbfc5cd4A6c220cfE",
  "fundingWei": "1000000000000000000",
  "timelocks": [
    8
  ],
  "transactions": [
    {
      "role": "deploy",
      "txHash": "0x13ce88829ae57d3c6bbf24c02c12a89677fe58fb3f589eb2f7e6e0937c51882a"
    },
    {
      "role": "fund",
      "txHash": "0x87deb164c4b47938386ae3f6a975e76b11f843fc670cd4f0fb3e4d34c3745db0"
    },
    {
      "role": "claim",
      "txHash": "0xf3037e2a65a5aace36f171f0047e9018aec20efac93b1b47639fa024fa14b50f",
      "level": 0,
      "option": 0
    }
  ],
  "txRoles": [
    {
      "role": "deploy",
      "txHash": "0x13ce88829ae57d3c6bbf24c02c12a89677fe58fb3f589eb2f7e6e0937c51882a"
    },
    {
      "role": "fund",
      "txHash": "0x87deb164c4b47938386ae3f6a975e76b11f843fc670cd4f0fb3e4d34c3745db0"
    },
    {
      "role": "claim",
      "txHash": "0xf3037e2a65a5aace36f171f0047e9018aec20efac93b1b47639fa024fa14b50f",
      "level": 0,
      "option": 0
    }
  ],
  "deployTxHash": "0x13ce88829ae57d3c6bbf24c02c12a89677fe58fb3f589eb2f7e6e0937c51882a",
  "fundTxHash": "0x87deb164c4b47938386ae3f6a975e76b11f843fc670cd4f0fb3e4d34c3745db0",
  "claimTxHash": "0xf3037e2a65a5aace36f171f0047e9018aec20efac93b1b47639fa024fa14b50f",
  "txHash": "0xf3037e2a65a5aace36f171f0047e9018aec20efac93b1b47639fa024fa14b50f",
  "tx": "0xf3037e2a65a5aace36f171f0047e9018aec20efac93b1b47639fa024fa14b50f"
}
