COMMAND: python3 experiments/scale_trace/scripts/trace_result_json.py /home/aothuatgiadp/blockchain/project/CTLC-Implementation/experiments/scale_trace/runs/random_v1_198/B-_C_evm_fund_bc_CTLCOnly_worst_claim/result.json /home/aothuatgiadp/blockchain/project/CTLC-Implementation/experiments/scale_trace/runs/random_v1_198/B-_C_evm_fund_bc_CTLCOnly_worst_claim/trace.json
STATUS: 0

STDOUT:
{
  "graph_id": "",
  "pair": "B->C|evm|fund:bc",
  "contract": "CTLCOnly",
  "scenario": "worst_claim",
  "contractAddress": "0x136F6319f7f9809c1BD3A6BED048bc72B526E815",
  "traces": {
    "deploy": {
      "tx_hash": "0xafad951ffe2faf039ca7babba5385ddc24e50f58bd8fa5a9dee0ef7c0e6419ee",
      "actual_calldata_bytes": 7347,
      "actual_sstore_count": 15,
      "actual_call_count": 0,
      "opcode_steps": 2264
    },
    "fund": {
      "tx_hash": "0x1225255949a0c80f788d00d0cc2b41e3cdba3f4dccc72095a09e81225a349502",
      "actual_calldata_bytes": 0,
      "actual_sstore_count": 0,
      "actual_call_count": 0,
      "opcode_steps": 13
    },
    "disable_level0": {
      "tx_hash": "0x58e218a3dea8c1329658a27f64005c876bc4292225632254c4b97acd16e1d88c",
      "actual_calldata_bytes": 36,
      "actual_sstore_count": 1,
      "actual_call_count": 0,
      "opcode_steps": 305
    },
    "claim_level1": {
      "tx_hash": "0xdcaf82eb4be059af856e86f7b52d1c64c60e7cdc74c61723b5617677effa6c77",
      "actual_calldata_bytes": 484,
      "actual_sstore_count": 1,
      "actual_call_count": 1,
      "opcode_steps": 1816
    }
  }
}


STDERR:

