ganache v7.9.2 (@ganache/cli: 0.10.2, @ganache/core: 0.10.2)
Starting RPC server

Available Accounts
==================
(0) 0xb8b886ef535Cde181Cb9d62b3bbDacc80165B973 (1000 ETH)
(1) 0x74D76dD04D3695b00ea811bdC3C2EE7bc0889d5d (1000 ETH)
(2) 0x67952E656932c7CDB70b0c4594662e3463EA42FB (1000 ETH)
(3) 0xfc2E9896C16Ac914CB7F43E739ddf223d09C63eC (1000 ETH)
(4) 0xF99C4c79Ff3f85AdeBF651ca7a2B6E816fcA1f48 (1000 ETH)
(5) 0x597306dBaB9aE9e3351D88b5EB1e3eeBB49c48aD (1000 ETH)
(6) 0x390dC3640614f449B4e778707c3Ad56314943820 (1000 ETH)
(7) 0xfbFE9E5bDE07066774709e60463002cBF2b01F89 (1000 ETH)
(8) 0xB7A7FbA32D9f0BBb91a45F68A4D681b21Ae4CE93 (1000 ETH)
(9) 0x5704c97fDc823072e5e799aAF3b28Ed9C5D11E1b (1000 ETH)

Private Keys
==================
(0) 0x5f13b06128be763ddaf24b1ebe7f8a73f342b43b176d6e8551824edd635af384
(1) 0x81917b1aef19bf8653826c6e236b1d2b72ba0a8f2a62c5564cf36a29ba98d6fe
(2) 0x635b7fc1be59f948f0b96d93cba469cd4f385d84684d7c7383d901e0d6ba5bf3
(3) 0x351e6a8a650b4dc6cb5c0771839479b77e6ae33bf72456094d8030c2663cf6a2
(4) 0xdaea9aca999cb67344363f7e9d4b8384e158a2dd32875f019560fb47a5aaadd1
(5) 0xbaf88647ef6411e4232cfc03cc01cbb61bd9a397a90d59b39622066cf256a01e
(6) 0xffe7ecc7a6e773edd400beda1a2fdc4e03a60ebd208c60280f2811d5089618a5
(7) 0xf822ca28cce096b5920c52d5ae564f6a72796c184845ac45495d4e37374ed79a
(8) 0x4ebe2dbdccd165d47d216748da18b4652bf941898864ec96a3b91ef11a60f740
(9) 0xf2c05bcedfdba2c7d97023db22d6a0153101c4ebd636f7eae52b24e7cdb9328b

HD Wallet
==================
Mnemonic:      lawsuit angry weather damage enforce scrub deputy frame entire version food remember
Base HD Path:  m/44'/60'/0'/0/{account_index}

Default Gas Price
==================
2000000000

BlockGas Limit
==================
30000000

Call Gas Limit
==================
50000000

Chain
==================
Hardfork: shanghai
Id:       1337

RPC Listening on 127.0.0.1:8545
web3_clientVersion
eth_blockNumber
net_version
eth_accounts
eth_accounts
eth_blockNumber
net_version
eth_getBlockByNumber
eth_estimateGas
eth_getBlockByNumber
eth_gasPrice
eth_sendTransaction

  Transaction: 0x1545cc3bac8550ddf8d00da5d5ae63dacb12810a647e372ad38bd7baa704cdf4
  Contract created: 0x63ae18e40864b5b8ff3acb1ebf48d36ac0a6aeee
  Gas usage: 2298296
  Block number: 1
  Block time: Fri May 08 2026 02:05:33 GMT+0700 (Indochina Time)

eth_getTransactionReceipt
eth_getCode
eth_getTransactionReceipt
eth_getBlockByNumber
eth_gasPrice
eth_sendTransaction

  Transaction: 0x753fbe9a22c3e525fab75edd0532eac8dc2f24a71354a9c42e11f9d120985715
  Gas usage: 21055
  Block number: 2
  Block time: Fri May 08 2026 02:05:34 GMT+0700 (Indochina Time)

eth_getTransactionReceipt
eth_blockNumber
evm_mine
eth_blockNumber
evm_mine
eth_blockNumber
evm_mine
eth_blockNumber
evm_mine
eth_blockNumber
evm_mine
eth_blockNumber
evm_mine
eth_blockNumber
net_version
eth_getBlockByNumber
eth_estimateGas
eth_getBlockByNumber
eth_gasPrice
eth_sendTransaction

  Transaction: 0x5de89dbdb53e05adf74cd020d053c31bc53a1f3ed5f3685bba74fa0109dd3ee0
  Gas usage: 52925
  Block number: 9
  Block time: Fri May 08 2026 02:05:34 GMT+0700 (Indochina Time)

eth_getTransactionReceipt
eth_blockNumber
net_version
eth_getBlockByNumber
eth_estimateGas
eth_getBlockByNumber
eth_gasPrice
eth_sendTransaction

  Transaction: 0xe3ab7f1caa11dadb982f0692537a5411959ad2a797f51f2595e5caa3a7a9b045
  Gas usage: 35837
  Block number: 10
  Block time: Fri May 08 2026 02:05:34 GMT+0700 (Indochina Time)

eth_getTransactionReceipt
net_version
eth_getBlockByNumber
eth_estimateGas
eth_getBlockByNumber
eth_gasPrice
eth_sendTransaction

  Transaction: 0xd57fc305f2381f3788ef1fb9e13211016fab76a49f8d9711bc788580491d3e3d
  Gas usage: 84610
  Block number: 11
  Block time: Fri May 08 2026 02:05:34 GMT+0700 (Indochina Time)

eth_getTransactionReceipt
eth_blockNumber
eth_getBalance
eth_getTransactionByHash
debug_traceTransaction
eth_getTransactionByHash
debug_traceTransaction
eth_getTransactionByHash
debug_traceTransaction
eth_getTransactionByHash
debug_traceTransaction
eth_getTransactionByHash
debug_traceTransaction

Received shutdown signal: SIGTERM
Shutting down…
Server has been shut down
