Using network 'development'.

{
  "ok": true,
  "graph_id": "",
  "pair": "D->A|evm|fund:da",
  "pairKey": "D->A|evm|fund:da",
  "contract": "CTLCOnly",
  "scenario": "refund",
  "deployGas": "0x10ccbb",
  "gasUsed": "59561",
  "disableGasUsed": "0",
  "claimGasUsed": "",
  "refundGasUsed": "59561",
  "contractAddress": "0xC7a9fC1F02D58758366037676f1599a22CDE5aFF",
  "startBlock": "0",
  "endBlock": "7",
  "finalContractBalanceWei": "0",
  "deployer": "0x52b1269CeB9EBFA4ddA1d75C99F01b64E3d15f8d",
  "party": "0x433C87d5a5D46078451f4AF292ECcdE381debD33",
  "counterparty": "0x30Fd794af171b5EBd6B41A65c287bE23dA9e4317",
  "fundingWei": "1000000000000000000",
  "timelocks": [
    6
  ],
  "transactions": [
    {
      "role": "deploy",
      "txHash": "0x5392499bb95b6d3ca292b287179d2129c84aa707193d523693449e0ffc02dc22"
    },
    {
      "role": "fund",
      "txHash": "0xb1485bd0622c14e580c162f4548ca552eec8321d185256728a7829ceb2c3ff7f"
    },
    {
      "role": "refund",
      "txHash": "0x150038ee163c04bf51f535a76123ef7e9e5c5c4e5fd2795cf6514928301a66d6",
      "level": 0
    }
  ],
  "txRoles": [
    {
      "role": "deploy",
      "txHash": "0x5392499bb95b6d3ca292b287179d2129c84aa707193d523693449e0ffc02dc22"
    },
    {
      "role": "fund",
      "txHash": "0xb1485bd0622c14e580c162f4548ca552eec8321d185256728a7829ceb2c3ff7f"
    },
    {
      "role": "refund",
      "txHash": "0x150038ee163c04bf51f535a76123ef7e9e5c5c4e5fd2795cf6514928301a66d6",
      "level": 0
    }
  ],
  "deployTxHash": "0x5392499bb95b6d3ca292b287179d2129c84aa707193d523693449e0ffc02dc22",
  "fundTxHash": "0xb1485bd0622c14e580c162f4548ca552eec8321d185256728a7829ceb2c3ff7f",
  "refundTxHash": "0x150038ee163c04bf51f535a76123ef7e9e5c5c4e5fd2795cf6514928301a66d6",
  "refundTx": "0x150038ee163c04bf51f535a76123ef7e9e5c5c4e5fd2795cf6514928301a66d6"
}
