ganache v7.9.2 (@ganache/cli: 0.10.2, @ganache/core: 0.10.2)
Starting RPC server

Available Accounts
==================
(0) 0x27E72f16d84bBBdC19Ab965531696CD84c339cE4 (1000 ETH)
(1) 0x52c1f56CcBA9B4f9155D6547743dA909a4A55229 (1000 ETH)
(2) 0x15aa09481a82d0AcD2AC58fF3467B1E96BC6B0E9 (1000 ETH)
(3) 0x52B195d7cad941018B2beB3E229DDE79051e3D9a (1000 ETH)
(4) 0xB29FFd0c6910282B7CCaA7165Ee7a045670fbc70 (1000 ETH)
(5) 0x0Cf64507c16c8b1e641FCCCBE752281E6C9914aa (1000 ETH)
(6) 0x0b197246cAbf5f0DFFa279D62D7Cb59f02cF4793 (1000 ETH)
(7) 0x47b9e0e8e880B6B9A6c146226B3d345D31B51aC0 (1000 ETH)
(8) 0x24096685B52f7A0C276CfF9A710655ddE468e73E (1000 ETH)
(9) 0x8D77B4561b8014552C8F26CB2c0D6F8E6d33c4f4 (1000 ETH)

Private Keys
==================
(0) 0x07c96c9efb68281b110424081d491b1cec913c614befe109ad9e54c6c3a91f89
(1) 0x0c58d4eadb7664b7601c98e8df9e02437d4d006154e6dc016b9d6ec78a0fc219
(2) 0x821a9da8c6d5d34d65c30714b2e793fbe3976300b1f6a9e951682438ea6cce4a
(3) 0x7482932b69955c20444373fe2bffa7027eb680cd02e8be57d997b970885373c6
(4) 0x0178b606ad3f5dd9b9cd195a4397b8ec15c1f7b8657a2151dd7f7a415ea44de2
(5) 0x0e825fa5aa49b39ac89baa78a60a3edd38e3efcebb0dcd49e440b000c11a8838
(6) 0xc3299faf343d2878382c30f4a23a64dffefc4f6a03272aa650061acc4d48e291
(7) 0xa7d0db507231532780fc9bf320b608bbeb421ee10060a55fdb4761d01e8a5815
(8) 0x5a9c32b4e898e145e635132523920963db165928567c5af0e02565458e2425ae
(9) 0x384d768f115a15cda35489e9d8ce6656d3438cdc8fba928a188205c025419fdd

HD Wallet
==================
Mnemonic:      crystal hobby noodle solve maple drill loud earth enhance option aspect burst
Base HD Path:  m/44'/60'/0'/0/{account_index}

Default Gas Price
==================
2000000000

BlockGas Limit
==================
30000000

Call Gas Limit
==================
50000000

Chain
==================
Hardfork: shanghai
Id:       1337

RPC Listening on 127.0.0.1:8545
web3_clientVersion
eth_blockNumber
net_version
eth_accounts
eth_accounts
eth_blockNumber
net_version
eth_getBlockByNumber
eth_estimateGas
eth_getBlockByNumber
eth_gasPrice
eth_sendTransaction

  Transaction: 0x6167028aa882dce993e7ac05a97e78bcc1a29f279c6250c68d16e20ca610f46a
  Contract created: 0x82be0f8bb85d717b5fb7d5e7e6695673572d7bc6
  Gas usage: 1884272
  Block number: 1
  Block time: Fri May 08 2026 02:58:12 GMT+0700 (Indochina Time)

eth_getTransactionReceipt
eth_getCode
eth_getTransactionReceipt
eth_getBlockByNumber
eth_gasPrice
eth_sendTransaction

  Transaction: 0xb8e79b9aed74a4e1a348255d2d338137f18e2ee4a0d094ba5edd00987e07fd07
  Gas usage: 21055
  Block number: 2
  Block time: Fri May 08 2026 02:58:12 GMT+0700 (Indochina Time)

eth_getTransactionReceipt
net_version
eth_getBlockByNumber
eth_estimateGas
eth_getBlockByNumber
eth_gasPrice
eth_sendTransaction

  Transaction: 0x5f3e3bdb688b8b19dfcf23064ae31a603eeb95d108e2f50c5b40b613b90497f0
  Gas usage: 75948
  Block number: 3
  Block time: Fri May 08 2026 02:58:12 GMT+0700 (Indochina Time)

eth_getTransactionReceipt
eth_blockNumber
eth_getBalance
eth_getTransactionByHash
debug_traceTransaction
eth_getTransactionByHash
debug_traceTransaction
eth_getTransactionByHash
debug_traceTransaction

Received shutdown signal: SIGTERM
Shutting down…
Server has been shut down
