COMMAND: python3 experiments/scale_trace/scripts/trace_result_json.py /home/aothuatgiadp/blockchain/project/CTLC-Implementation/experiments/scale_trace/runs/random_v1_89/C-_A_evm_fund_ca_CTLCOnly_best_claim/result.json /home/aothuatgiadp/blockchain/project/CTLC-Implementation/experiments/scale_trace/runs/random_v1_89/C-_A_evm_fund_ca_CTLCOnly_best_claim/trace.json
STATUS: 0

STDOUT:
{
  "graph_id": "",
  "pair": "C->A|evm|fund:ca",
  "contract": "CTLCOnly",
  "scenario": "best_claim",
  "contractAddress": "0x7229B08DcBFa96ec1a641fB68caaD46c7A5a557F",
  "traces": {
    "deploy": {
      "tx_hash": "0xb31ac540d7d8f2250978d4e4deee440be9e6ec79af03adfef096af126d8c109d",
      "actual_calldata_bytes": 7091,
      "actual_sstore_count": 8,
      "actual_call_count": 0,
      "opcode_steps": 1286
    },
    "fund": {
      "tx_hash": "0x30327e212ee4df14d26130a9a723cd02c53af0e7a25aa4940e7fcffe183037cb",
      "actual_calldata_bytes": 0,
      "actual_sstore_count": 0,
      "actual_call_count": 0,
      "opcode_steps": 13
    },
    "claim_level0": {
      "tx_hash": "0xa012f25501b296709f873fdb808f09c7bb327f69caff8b9c7c8d045b3ba784a0",
      "actual_calldata_bytes": 196,
      "actual_sstore_count": 1,
      "actual_call_count": 1,
      "opcode_steps": 793
    }
  }
}


STDERR:

