ganache v7.9.2 (@ganache/cli: 0.10.2, @ganache/core: 0.10.2)
Starting RPC server

Available Accounts
==================
(0) 0x5B184e80D9b2c43b8D69B49AC846c1cd1C472460 (1000 ETH)
(1) 0x225E73CBE57dE1fb22C55C477d93Bb6A9e2e60C2 (1000 ETH)
(2) 0x7cf0f53C4148d2ABE7Aa190C74f7639711318929 (1000 ETH)
(3) 0xEF01821495515B7790abCAfa3485eC3c10b1dbA2 (1000 ETH)
(4) 0x4fffe45d5eA7533Efe62b905894A0dC9361E0852 (1000 ETH)
(5) 0xACAc002F5e780D7168629349545aA9Deb094E9Dd (1000 ETH)
(6) 0x1C369060903ce5F8b56d67A7926b1a3eD2058637 (1000 ETH)
(7) 0x250eB2eacdD1845AF95C92ca71E2E852F53bf2e6 (1000 ETH)
(8) 0x44246fdB95334E0233311bbe16D852F9DbbC4824 (1000 ETH)
(9) 0x9860A7a579cdA02401cD15dF91E1899B3F576fcE (1000 ETH)

Private Keys
==================
(0) 0x6be1aa07a1f84bbe4ec0b00434d48f0bc4996b456cf9ee98bfddc13e3763ed85
(1) 0xdf6c23b1128a1592d8f14971118b4672f8400f426fbf6e929e3922b2932c328f
(2) 0x01dda3aeadcedf1db147d044f012f04ef7c6d177d8fc103f3c5a48e628da5003
(3) 0x2a2925b6778c3148d3512e88ff2d9aaca8f154f0ee2ea601ec0e061935523dea
(4) 0x5b1a04e31a03e9c4b4b1027f80ae633f68c8bf80ec699325559708fc82da9fef
(5) 0x2381fd8cf46a6dfd79da3d79827b1831e7e0bf2d32ef323d52a4268be439f55c
(6) 0xf43e1f8f0567ae02a1dce3cc510ece2f8198405485da22404eb14d131fd836a9
(7) 0x74290d771b4cd284a86a8c290bbe5329e16e92c6bf4cf46cf56d5e745ee4d283
(8) 0x47ab88c38aa88d0c0eccd95a99a3a9c3cda55e40a2dd9b96380d30466ae5aec0
(9) 0xefcdc1847e8957e995df1a6477ded0f7ec08f5b38fad70374c23c6e113340a61

HD Wallet
==================
Mnemonic:      reason boost cloth know diagram child annual cluster dance wage idea lab
Base HD Path:  m/44'/60'/0'/0/{account_index}

Default Gas Price
==================
2000000000

BlockGas Limit
==================
30000000

Call Gas Limit
==================
50000000

Chain
==================
Hardfork: shanghai
Id:       1337

RPC Listening on 127.0.0.1:8545
web3_clientVersion
eth_blockNumber
net_version
eth_accounts
eth_accounts
eth_blockNumber
net_version
eth_getBlockByNumber
eth_estimateGas
eth_getBlockByNumber
eth_gasPrice
eth_sendTransaction

  Transaction: 0xed80df044840ca9d7e6e0280fb0b29c8af13d0eaf7631d7263aed92665d0d051
  Contract created: 0xdb4473ef1bb2eb22a0e0e792a8f055ea4582d4bc
  Gas usage: 1146811
  Block number: 1
  Block time: Fri May 08 2026 00:31:06 GMT+0700 (Indochina Time)

eth_getTransactionReceipt
eth_getCode
eth_getTransactionReceipt
eth_getBlockByNumber
eth_gasPrice
eth_sendTransaction

  Transaction: 0xaffb72871569d78b1bfc69dfdf33c653cea08ddfe34ebad78c334a2df03440a8
  Gas usage: 21055
  Block number: 2
  Block time: Fri May 08 2026 00:31:06 GMT+0700 (Indochina Time)

eth_getTransactionReceipt
net_version
eth_getBlockByNumber
eth_estimateGas
eth_getBlockByNumber
eth_gasPrice
eth_sendTransaction

  Transaction: 0x7be7443ac1e2ada3fd95196bc5331b34565b2ceefb3a3cef7ff1fb41ed376c7c
  Gas usage: 72874
  Block number: 3
  Block time: Fri May 08 2026 00:31:06 GMT+0700 (Indochina Time)

eth_getTransactionReceipt
eth_blockNumber
eth_getBalance
eth_getTransactionByHash
debug_traceTransaction
eth_getTransactionByHash
debug_traceTransaction
eth_getTransactionByHash
debug_traceTransaction

Received shutdown signal: SIGTERM
Shutting down…
Server has been shut down
