ganache v7.9.2 (@ganache/cli: 0.10.2, @ganache/core: 0.10.2)
Starting RPC server

Available Accounts
==================
(0) 0xF8Faa68e2a3504CDB1Dd15780a03FC27d6Fea5EB (1000 ETH)
(1) 0x708A7780c938DD58149B5d8C02D161cD4977EF5c (1000 ETH)
(2) 0x19d38834F1c4E98b0924924e436A5AD81Cddd885 (1000 ETH)
(3) 0xEA33b571289D5C5A54Bb08b494cb815036161F85 (1000 ETH)
(4) 0x61671EfCEe881a07E9414d54B0D6269E324201D6 (1000 ETH)
(5) 0xCa0ea34223ABd5D9f17ddf4f6aC3FCC6eaC31607 (1000 ETH)
(6) 0x7410984CB392Cf528066AE11Ddd046454306329e (1000 ETH)
(7) 0xefF14744387dbE98FDf07281d31e657Cb414d1f8 (1000 ETH)
(8) 0xA72fc2891F838Be974621Bc66743068c7494eEdc (1000 ETH)
(9) 0x2032B4b8aC2935B683F8a769342fC95e61C4e3A1 (1000 ETH)

Private Keys
==================
(0) 0x96ba72e6493bc23c7ac0137c3f1d2ba99f95f6221eeafbf57cd187140b0e38d9
(1) 0x8f781717818e8994b2f2ab9dd661d90c376d65d0cfa937cf02d1eebdb4caabd7
(2) 0x42af2ddb0e97299b382512763523630f5c4a6f5eff91e5e2df53f87df52ac12b
(3) 0xb007aaafe2944f5fbd9d831984092f764de5751e5308f14ce4aa0c1a3dfd5d6c
(4) 0x006c51bf94cd1d3006c2e44707f3830b89f58abf72480c762aada6865da8591c
(5) 0x037e723998d49206281de173133fe4c31aab629f76e87c0ebdf43c30336d34ab
(6) 0xa9364312357e64eb6d5e52d7d7e1350d8d050885cbad639737108eeb21d7bd0e
(7) 0x1f6ed25413174ba5e034eeae11d0fd6b25cde1de8138a0340af0611e763bb2aa
(8) 0x581eb307e229f18224a9b0c7513ece94c5bc5f42400e455d26a8939f8c916ae2
(9) 0x0d46e1bf49e2c3a892a10d1732df472f84facc3522094962021c0261d2e7754e

HD Wallet
==================
Mnemonic:      total sand derive indicate city mechanic winner bubble guess galaxy language child
Base HD Path:  m/44'/60'/0'/0/{account_index}

Default Gas Price
==================
2000000000

BlockGas Limit
==================
30000000

Call Gas Limit
==================
50000000

Chain
==================
Hardfork: shanghai
Id:       1337

RPC Listening on 127.0.0.1:8545
web3_clientVersion
eth_blockNumber
net_version
eth_accounts
eth_accounts
eth_blockNumber
net_version
eth_getBlockByNumber
eth_estimateGas
eth_getBlockByNumber
eth_gasPrice
eth_sendTransaction

  Transaction: 0xd2e2c40299c028e19660e903416cebab17a73c4cf224dc15109050621db1543a
  Contract created: 0x3103cf5d95fdfdc31b19ca654c8352cab557866e
  Gas usage: 1308717
  Block number: 1
  Block time: Fri May 08 2026 02:07:09 GMT+0700 (Indochina Time)

eth_getTransactionReceipt
eth_getCode
eth_getTransactionReceipt
eth_getBlockByNumber
eth_gasPrice
eth_sendTransaction

  Transaction: 0x3c0c145864079d69cc7372fc6fb57c516245412dbeef3c1674f41c23eb4d1890
  Gas usage: 21055
  Block number: 2
  Block time: Fri May 08 2026 02:07:09 GMT+0700 (Indochina Time)

eth_getTransactionReceipt
net_version
eth_getBlockByNumber
eth_estimateGas
eth_getBlockByNumber
eth_gasPrice
eth_sendTransaction

  Transaction: 0xb94ea744cc596785a5de308c403aa355bc6d5575999ce2c01876d0f853084e4f
  Gas usage: 71641
  Block number: 3
  Block time: Fri May 08 2026 02:07:10 GMT+0700 (Indochina Time)

eth_getTransactionReceipt
eth_blockNumber
eth_getBalance
eth_getTransactionByHash
debug_traceTransaction
eth_getTransactionByHash
debug_traceTransaction
eth_getTransactionByHash
debug_traceTransaction

Received shutdown signal: SIGTERM
Shutting down…
Server has been shut down
