ganache v7.9.2 (@ganache/cli: 0.10.2, @ganache/core: 0.10.2)
Starting RPC server

Available Accounts
==================
(0) 0xCA2C8FB2a24C74Cf0FAB8B3b5d7c60D158811A89 (1000 ETH)
(1) 0x54975E17fb09dD8C9f980c3389C285Ce5a1d5789 (1000 ETH)
(2) 0xE5949B576a9246311d8046B7463a912fC437e9cD (1000 ETH)
(3) 0xa0c85BBc52A9cC0eF65b704EDEC0E0C5c04dEE81 (1000 ETH)
(4) 0xa6ba7047315883DEbd72997EEa466179f4305790 (1000 ETH)
(5) 0xeA3666bb5aBf80e986b052903ca5B137855Edc3b (1000 ETH)
(6) 0xe9D4E8d1a222c2D3DF584ed09ec5E5DAC2011359 (1000 ETH)
(7) 0x1DD633F0023bb282C00D74C4499C95D82b999021 (1000 ETH)
(8) 0xc35D2DbCe94FF10d1199789b2A77EE2dDd686363 (1000 ETH)
(9) 0x3ba3234dD850C952DC68Ea719a76784793463b3b (1000 ETH)

Private Keys
==================
(0) 0x016b7af32d87f7543248a80724500cff08e000dda1092cc629ce184be9450290
(1) 0xce76979771f9ff1a2110a444301d3906b1fb8bec17a5f7c319229d943ae19190
(2) 0xb8264f599ce338d8b9059f3cefd5537eefdc645006e345091be301f477b0e522
(3) 0x8f43454f2622e0e296cebad2ad512aa52742cecd55cd8c8f8bde8fd5a2f58e30
(4) 0x4e834bc048d52aa6fc91f31fb9f4c655134e1230420b2329061125ec3bd6f3e8
(5) 0xcbab20f42884e83f299f42dfce7c97d7546c22cf16c47a8fac8f92dac7612128
(6) 0x551705232fac2c8918ce3deb52c9901835f6fc00d7ab048169765201d5e78663
(7) 0x7ad04f0e8b1d17f1e7c8718819ac31383a4cdbae2db3987c3841197aed23886b
(8) 0x50a8f3788237c73e1917aa0d2c56af50ebefd2f8e29c04895b27ef802f148802
(9) 0x73704e1da89966c64aadc7eae2c97b80ef92b732876a1ae2e0fa9171cff33089

HD Wallet
==================
Mnemonic:      people around tilt bike gold federal flee convince glory athlete absorb pig
Base HD Path:  m/44'/60'/0'/0/{account_index}

Default Gas Price
==================
2000000000

BlockGas Limit
==================
30000000

Call Gas Limit
==================
50000000

Chain
==================
Hardfork: shanghai
Id:       1337

RPC Listening on 127.0.0.1:8545
web3_clientVersion
eth_blockNumber
net_version
eth_accounts
eth_accounts
eth_blockNumber
net_version
eth_getBlockByNumber
eth_estimateGas
eth_getBlockByNumber
eth_gasPrice
eth_sendTransaction

  Transaction: 0x6909fe0e30e603afcf6779b0c6c39d80e687bb20077b41e92d91244c37e883f8
  Contract created: 0xdaed9b944645b05772659f6bbc67720f57f55141
  Gas usage: 1285286
  Block number: 1
  Block time: Fri May 08 2026 02:32:09 GMT+0700 (Indochina Time)

eth_getTransactionReceipt
eth_getCode
eth_getTransactionReceipt
eth_getBlockByNumber
eth_gasPrice
eth_sendTransaction

  Transaction: 0xfa83e991a302774b86170e7316de1493c5f5e9a27af536dc735aa02f0caff86f
  Gas usage: 21055
  Block number: 2
  Block time: Fri May 08 2026 02:32:09 GMT+0700 (Indochina Time)

eth_getTransactionReceipt
net_version
eth_getBlockByNumber
eth_estimateGas
eth_getBlockByNumber
eth_gasPrice
eth_sendTransaction

  Transaction: 0x6ad35eaf517d308f1d4e3d9e2d67e22320068563879264381215436619d9d5e8
  Gas usage: 75936
  Block number: 3
  Block time: Fri May 08 2026 02:32:09 GMT+0700 (Indochina Time)

eth_getTransactionReceipt
eth_blockNumber
eth_getBalance
eth_getTransactionByHash
debug_traceTransaction
eth_getTransactionByHash
debug_traceTransaction
eth_getTransactionByHash
debug_traceTransaction

Received shutdown signal: SIGTERM
Shutting down…
Server has been shut down
