ganache v7.9.2 (@ganache/cli: 0.10.2, @ganache/core: 0.10.2)
Starting RPC server

Available Accounts
==================
(0) 0x56d69c7342aEb0ff7ADEFD0e0504694916609606 (1000 ETH)
(1) 0x9Dc006a73dBfF83aA902732d2C509c59Fb7f63Cc (1000 ETH)
(2) 0x481043B3B6dab93eF0Fd6f14c88Aef7b0F8e2BC0 (1000 ETH)
(3) 0x61e1eac2Bf8B112EE5cfFbac189da3900cE0E6d0 (1000 ETH)
(4) 0xA6Ff4D4a9270209B874acdB00361Fc40D4fCD5Ca (1000 ETH)
(5) 0xAd0d16B2275FA4D57B11175103349724C2Fc2038 (1000 ETH)
(6) 0xC0bCC96026A7450351242b258924ee925E6bdD56 (1000 ETH)
(7) 0xe27eB86CD6825bF570B349b1e3824b2C4d1052B5 (1000 ETH)
(8) 0x074eEa7A51B8E1F0E6283aeB740BCFA6Dee46b08 (1000 ETH)
(9) 0xA118742D01f5cE88d66ce51FFFc708876D1b9434 (1000 ETH)

Private Keys
==================
(0) 0xedf40f7d14a83d1f383fd5b8a0d35e0217d0e2166dfed1181ca97818d99dd240
(1) 0xf3da281be624066f0b296ca8128805211640febca7e08eae160615bbe44d9181
(2) 0xb228c46dfe54880c811a4843bc259d328702ac0316b0f50f5e712bc022270ccf
(3) 0xea7eb4aec9ab80d26ad38b29deff09ade542ff229981e3bc45ad8a4f5ecdb128
(4) 0x429b56ed8032ffb50ec9d2549e9b3d28e253ec7f22f63756665133973486a385
(5) 0x5d123a42ad0ddc368ed0b37b22a85f531dde9593fa05e6cf135b579671b09eeb
(6) 0xc58c24426b4c774dc2e1b32ed741e75fb973bd98a9070168dae169846b1c77bc
(7) 0x451b2911c1358de2ed1c4b9d793317209e9c5a284254210cf86e02e5e572a695
(8) 0xd5b07ecdc5b933f6af2447c9c7749c26aa9c1815349eccdb47f3d209794b5fa3
(9) 0x163f5e81530e9887f886f91755ab32c0e723b074bca43fc6e4fd231c3bb62c4e

HD Wallet
==================
Mnemonic:      intact domain slush lens neither casual afraid alcohol hero into sense absurd
Base HD Path:  m/44'/60'/0'/0/{account_index}

Default Gas Price
==================
2000000000

BlockGas Limit
==================
30000000

Call Gas Limit
==================
50000000

Chain
==================
Hardfork: shanghai
Id:       1337

RPC Listening on 127.0.0.1:8545
web3_clientVersion
eth_blockNumber
net_version
eth_accounts
eth_accounts
eth_blockNumber
net_version
eth_getBlockByNumber
eth_estimateGas
eth_getBlockByNumber
eth_gasPrice
eth_sendTransaction

  Transaction: 0x2e5eedbce09d06308371cc86a601d951a2115978d2b8653d6e553891497b98e9
  Contract created: 0x0de9575c894d70232d93fdb621e7f8e09e2ca3c0
  Gas usage: 1123899
  Block number: 1
  Block time: Fri May 08 2026 03:34:34 GMT+0700 (Indochina Time)

eth_getTransactionReceipt
eth_getCode
eth_getTransactionReceipt
eth_getBlockByNumber
eth_gasPrice
eth_sendTransaction

  Transaction: 0x50cf346aee8d27d6e11ce4a768f27ff9c0cc4300e34b78d73e361eb364de9847
  Gas usage: 21055
  Block number: 2
  Block time: Fri May 08 2026 03:34:34 GMT+0700 (Indochina Time)

eth_getTransactionReceipt
net_version
eth_getBlockByNumber
eth_estimateGas
eth_getBlockByNumber
eth_gasPrice
eth_sendTransaction

  Transaction: 0xec180f88139d006c4d2212af1452a5e7ba9e4d611ab7534a105d61b7325c244b
  Gas usage: 68747
  Block number: 3
  Block time: Fri May 08 2026 03:34:34 GMT+0700 (Indochina Time)

eth_getTransactionReceipt
eth_blockNumber
eth_getBalance
eth_getTransactionByHash
debug_traceTransaction
eth_getTransactionByHash
debug_traceTransaction
eth_getTransactionByHash
debug_traceTransaction

Received shutdown signal: SIGTERM
Shutting down…
Server has been shut down
