ganache v7.9.2 (@ganache/cli: 0.10.2, @ganache/core: 0.10.2)
Starting RPC server

Available Accounts
==================
(0) 0x2b6B431929f735A151b715E9da48619Ed2388C42 (1000 ETH)
(1) 0x0cC1Ffb29904d57A09BeD55529BFFBcf369610aB (1000 ETH)
(2) 0x81F793D5e3B4E8792F384E08725903395969DaD2 (1000 ETH)
(3) 0xb57ECCeD69F14F37f3C95bc0600fD93e234Ea8F8 (1000 ETH)
(4) 0x402DaD4DE06854A11c74855aEf65e21BA58c8a8c (1000 ETH)
(5) 0xA2b9baa06Ab7D4d72C27C1EB15663493D8184d0D (1000 ETH)
(6) 0x05D56Ddd036C231E97628132B7A902D4D39b3D2e (1000 ETH)
(7) 0x9935783944fb17F3eBb2cED1865e6d6C7145eA21 (1000 ETH)
(8) 0x1b70D7a3d2Fe51BA76393DD5f6fFd068d0918BF0 (1000 ETH)
(9) 0xD54714fac2eaca97909c9e843330355B4C279635 (1000 ETH)

Private Keys
==================
(0) 0x8030a8962fb1e20c6081c2000ef81b40679cb269632faab752f51377742cbf35
(1) 0x6b914492ad95f0d80c94deaf23124e51502d7ad95460e22c2d9d57ed6a9cecb1
(2) 0x015b208a22dd942dbe78e2b1b0838019a5a1f23888d6841f9d802b7163182d90
(3) 0x40103f1aa82364aee80ad535c278c1d00bef23c1678807652e0747317d6635d1
(4) 0xc0a2cc72f1e12f68b6fdd823bd24c5a14362cd34cb6ad003362e31bb9d4bbc85
(5) 0x3d519a86796280b69849c20c84d4c6b66bcb867694df15db5f5656b576ee0530
(6) 0x921e2ab0586de2f2e419dd7638693b23062ea8503cc2376de4e9ba25dcbd64ec
(7) 0x47b791f7290621d45772fd47d1797eabb8f67ff37bba8326466b207cce74779e
(8) 0x423eaebe662ee7b3d51de4c12da5a56a6d4cb4bf1393d4ee002f0205a1d964b8
(9) 0xbd8066182f955941727cefca8f04126b7b0b61968475e0c123e6ba838620ad39

HD Wallet
==================
Mnemonic:      outer alley crack swing oven sight punch more snap human sentence gentle
Base HD Path:  m/44'/60'/0'/0/{account_index}

Default Gas Price
==================
2000000000

BlockGas Limit
==================
30000000

Call Gas Limit
==================
50000000

Chain
==================
Hardfork: shanghai
Id:       1337

RPC Listening on 127.0.0.1:8545
web3_clientVersion
eth_blockNumber
net_version
eth_accounts
eth_accounts
eth_blockNumber
net_version
eth_getBlockByNumber
eth_estimateGas
eth_getBlockByNumber
eth_gasPrice
eth_sendTransaction

  Transaction: 0x68ec12dbaeae8b7e8ba6d029365cc1b2f29902e75a0d8893cb7928c5db6c2dd3
  Contract created: 0x1116a5b78c11cc3f667c7bb5cb866209259c5fca
  Gas usage: 1100987
  Block number: 1
  Block time: Fri May 08 2026 01:40:31 GMT+0700 (Indochina Time)

eth_getTransactionReceipt
eth_getCode
eth_getTransactionReceipt
eth_getBlockByNumber
eth_gasPrice
eth_sendTransaction

  Transaction: 0xfdb625ed1a4fa83180adc54b13a3d3e4758636f189cd9a8d68fe42e4dba3d9da
  Gas usage: 21055
  Block number: 2
  Block time: Fri May 08 2026 01:40:31 GMT+0700 (Indochina Time)

eth_getTransactionReceipt
net_version
eth_getBlockByNumber
eth_estimateGas
eth_getBlockByNumber
eth_gasPrice
eth_sendTransaction

  Transaction: 0xf524d340fd7bf05cdb30e22e8debf7c3368de8e694cc7d8f17117a2031855bc8
  Gas usage: 64620
  Block number: 3
  Block time: Fri May 08 2026 01:40:31 GMT+0700 (Indochina Time)

eth_getTransactionReceipt
eth_blockNumber
eth_getBalance
eth_getTransactionByHash
debug_traceTransaction
eth_getTransactionByHash
debug_traceTransaction
eth_getTransactionByHash
debug_traceTransaction

Received shutdown signal: SIGTERM
Shutting down…
Server has been shut down
