ganache v7.9.2 (@ganache/cli: 0.10.2, @ganache/core: 0.10.2)
Starting RPC server

Available Accounts
==================
(0) 0x3c2D6BF841744aCf446dF7C83F8085a78eba898B (1000 ETH)
(1) 0xa8Ee3593249e5513e2A53f20815dB77511D9a239 (1000 ETH)
(2) 0xb9789EB37410438F82e5f137B1F672a7f26C7670 (1000 ETH)
(3) 0xf388A5769B23091f70E2B4Fe912D56047Ef52CAd (1000 ETH)
(4) 0x981F1c7af3e4E5ea1B5fF3a735C5b4E4186B99Fc (1000 ETH)
(5) 0xf9e66922a35269060dE13D93A935b6337Fb3D6C9 (1000 ETH)
(6) 0xDAAa99325960354B1a56a4506022100BD92c712f (1000 ETH)
(7) 0xf36d23157eA97b74C881Bd703432F0f686B9Eb4E (1000 ETH)
(8) 0x65FEc4902CefcD3952F617A6144c26875D24766E (1000 ETH)
(9) 0x373E30A349bD5293494A13fC7dE93827ADBaDBC3 (1000 ETH)

Private Keys
==================
(0) 0xee623d2a0e709d8954d9937bc248a18122e527787e2e48539a18ab2ef23e3f9e
(1) 0x256dd3c760deb05c73679447489d57494ad11c5c77ba59b6c3a0a984f684e385
(2) 0x92faea5b6368f9a2a34e8029c7137cf3511d3b1cffec1a1217d18b260420644d
(3) 0x5d378484d089ecb55aa2a1d63c2077bd939b474da72744ee66ba0751b01cc6dd
(4) 0x481319b365e3df720b07ff686040880bded16f4c2c95bebb230ba15ec519b298
(5) 0x732b8ca026cffb6703f9abe9d558dbc15306418dc02e534512c78b738b25c6b7
(6) 0xa92c44beae0a05919adc1d632569fed9e4150ae362c88b0737c35ca92f5ef78d
(7) 0xcb306b44cb92d79e7b4596df82443b3c44966d73c9c3497e9102a2706ceaf784
(8) 0xb26149f4f424a70dc4d02614e5fefaadfc0dbeab5f1a79ef011127c394430a2b
(9) 0x31e1597fc39a9ded25ac369b75bef7249d414c187a676d0375329691d2148375

HD Wallet
==================
Mnemonic:      hello metal axis awesome know work leader aware glad soft gas unfold
Base HD Path:  m/44'/60'/0'/0/{account_index}

Default Gas Price
==================
2000000000

BlockGas Limit
==================
30000000

Call Gas Limit
==================
50000000

Chain
==================
Hardfork: shanghai
Id:       1337

RPC Listening on 127.0.0.1:8545
web3_clientVersion
eth_blockNumber
net_version
eth_accounts
eth_accounts
eth_blockNumber
net_version
eth_getBlockByNumber
eth_estimateGas
eth_getBlockByNumber
eth_gasPrice
eth_sendTransaction

  Transaction: 0xf568e3ed55f8d17a6059820062903c78b57442d4f585b0ac29b38def19f98d42
  Contract created: 0x022c350b5ae8d8ddb3c0133260a1791fcb77abf6
  Gas usage: 1515512
  Block number: 1
  Block time: Thu May 07 2026 21:48:37 GMT+0700 (Indochina Time)

eth_getTransactionReceipt
eth_getCode
eth_getTransactionReceipt
eth_getBlockByNumber
eth_gasPrice
eth_sendTransaction

  Transaction: 0x2c9dd84872c71e43ad2e38369ed68be6621ac9728a623f7d9383e9710f295225
  Gas usage: 21055
  Block number: 2
  Block time: Thu May 07 2026 21:48:37 GMT+0700 (Indochina Time)

eth_getTransactionReceipt
eth_blockNumber
evm_mine
eth_blockNumber
evm_mine
eth_blockNumber
evm_mine
eth_blockNumber
evm_mine
eth_blockNumber
evm_mine
eth_blockNumber
evm_mine
eth_blockNumber
net_version
eth_getBlockByNumber
eth_estimateGas
eth_getBlockByNumber
eth_gasPrice
eth_sendTransaction

  Transaction: 0x28949685675ff79bd9b6acf233ca5d6c3cf0179ed228e77bc35facb783059602
  Gas usage: 52925
  Block number: 9
  Block time: Thu May 07 2026 21:48:37 GMT+0700 (Indochina Time)

eth_getTransactionReceipt
eth_blockNumber
evm_mine
eth_blockNumber
net_version
eth_getBlockByNumber
eth_estimateGas
eth_getBlockByNumber
eth_gasPrice
eth_sendTransaction

  Transaction: 0xb0b02f3a1a57385b9088a6dd90179b94bf48d538bdbcd9cfba0ce6af13b5fc6e
  Gas usage: 59539
  Block number: 11
  Block time: Thu May 07 2026 21:48:37 GMT+0700 (Indochina Time)

eth_getTransactionReceipt
eth_blockNumber
eth_getBalance
eth_getTransactionByHash
debug_traceTransaction
eth_getTransactionByHash
debug_traceTransaction
eth_getTransactionByHash
debug_traceTransaction
eth_getTransactionByHash
debug_traceTransaction

Received shutdown signal: SIGTERM
Shutting down…
Server has been shut down
