ganache v7.9.2 (@ganache/cli: 0.10.2, @ganache/core: 0.10.2)
Starting RPC server

Available Accounts
==================
(0) 0x8F962ACE43f1191358430Cb533ED6629237a68B4 (1000 ETH)
(1) 0x0042cD20cBF4be02F128BFBCe0bC2a6AA8216a78 (1000 ETH)
(2) 0xC809945D8bf6D64127D76eaCa261Fe6abB621c83 (1000 ETH)
(3) 0x5470e4caC889cA7C36Bb0adD17fcFFF7750660dd (1000 ETH)
(4) 0x450A95E586899398EB0b7BF81832b6Cb1A1464Ff (1000 ETH)
(5) 0x7E57131405844409c2777Bb62CF4CeAaFd3fB21B (1000 ETH)
(6) 0x32dA5d17415145a577aD3536cd1bC4347a093168 (1000 ETH)
(7) 0x8e3e6a2f8A4d7E69C47F67Eec9E7b7A1D8870d3E (1000 ETH)
(8) 0xDF0D3aE707b8FAedA4A74bC506412bD3E7836FCc (1000 ETH)
(9) 0xb0aFAa05B92d1E900C3705Ed465B27fdf33567Ad (1000 ETH)

Private Keys
==================
(0) 0x4bc67d7d9590ba28ed42f387cd77503661a3554f5094d36e587daf1c670aed12
(1) 0x34432784a94d52c6d7a78dd3c8d640a4fe8e17bb327cc58f7a5e2608e0f80301
(2) 0xbd4cbb52c93688298d65a2c5d3fb4d39461ceb35856820218a0e7da7e17f65bf
(3) 0x67625421d0598ebc91c2c627e575a094fb646853ae0e33b3f5108159bba6c071
(4) 0xfcb820a7a464633efe11a47af6396e58818671f0009603e9dff7a69c948f890c
(5) 0xe5f8e3631edbca9883e9553948c93ae81fddfe7286d18cfca686a68e4fa0dd08
(6) 0x3678a3d54afbf9d8553a0071bce7836bd4d9f07d6eeb0ccb4f97331ab41e0257
(7) 0xb54d9625986f0a55f312d5547f3aaa1bcb75f30eb80f5aa467947d2f987cfe10
(8) 0xbe42156dc5818c83caafff5772143550b0cbee56c828232e4d3ee369498141f7
(9) 0x46aa9e1a772bfb93566f64b1b12c76cd2584f742e7e75dbb7fea428daf99e82f

HD Wallet
==================
Mnemonic:      slide sunny forward riot smoke more pulse emerge curtain song lava apart
Base HD Path:  m/44'/60'/0'/0/{account_index}

Default Gas Price
==================
2000000000

BlockGas Limit
==================
30000000

Call Gas Limit
==================
50000000

Chain
==================
Hardfork: shanghai
Id:       1337

RPC Listening on 127.0.0.1:8545
web3_clientVersion
eth_blockNumber
net_version
eth_accounts
eth_accounts
eth_blockNumber
net_version
eth_getBlockByNumber
eth_estimateGas
eth_getBlockByNumber
eth_gasPrice
eth_sendTransaction

  Transaction: 0x37597ca6b36a15a95b8ff9629f5b1c0b9c73857d3f11e8e2343b815808a9aba2
  Contract created: 0xcb0227f73d67737e208eb9263e8794cff6e26d35
  Gas usage: 1239082
  Block number: 1
  Block time: Fri May 08 2026 01:32:23 GMT+0700 (Indochina Time)

eth_getTransactionReceipt
eth_getCode
eth_getTransactionReceipt
eth_getBlockByNumber
eth_gasPrice
eth_sendTransaction

  Transaction: 0x72e28521de1b97cee4a33cef179ed1b7726ba64ead04eadfa447c03bcca4ad76
  Gas usage: 21055
  Block number: 2
  Block time: Fri May 08 2026 01:32:23 GMT+0700 (Indochina Time)

eth_getTransactionReceipt
eth_blockNumber
evm_mine
eth_blockNumber
evm_mine
eth_blockNumber
evm_mine
eth_blockNumber
evm_mine
eth_blockNumber
evm_mine
eth_blockNumber
net_version
eth_getBlockByNumber
eth_estimateGas
eth_getBlockByNumber
eth_gasPrice
eth_sendTransaction

  Transaction: 0x72a28640e5922de6bd1a3b3e3741f6cebb581822e0600e05d78e03d8e0d957f3
  Gas usage: 52947
  Block number: 8
  Block time: Fri May 08 2026 01:32:23 GMT+0700 (Indochina Time)

eth_getTransactionReceipt
eth_blockNumber
net_version
eth_getBlockByNumber
eth_estimateGas
eth_getBlockByNumber
eth_gasPrice
eth_sendTransaction

  Transaction: 0x2eb52fd41651f19e9552c7336d7f3d1900ff0d515c6983f9e5e749f6b3c7f51f
  Gas usage: 59561
  Block number: 9
  Block time: Fri May 08 2026 01:32:24 GMT+0700 (Indochina Time)

eth_getTransactionReceipt
eth_blockNumber
eth_getBalance
eth_getTransactionByHash
debug_traceTransaction
eth_getTransactionByHash
debug_traceTransaction
eth_getTransactionByHash
debug_traceTransaction
eth_getTransactionByHash
debug_traceTransaction

Received shutdown signal: SIGTERM
Shutting down…
Server has been shut down
