ganache v7.9.2 (@ganache/cli: 0.10.2, @ganache/core: 0.10.2)
Starting RPC server
web3_clientVersion

Available Accounts
==================
(0) 0x9d1D46EdaD1bBe084768eAff234f1601C882d0e6 (1000 ETH)
(1) 0x9488C639d36c17Cc1A79A3B3E9d82B7E543ef518 (1000 ETH)
(2) 0xBC873018bFC6c2Ce82aF4B75E218f0C7abAc9571 (1000 ETH)
(3) 0xF47f75a3eAF7e5e4Bf1e240BCE1396a4263bb4B9 (1000 ETH)
(4) 0x1a142d3CF0CD755fc96C722B2a1b2CE1761ca53f (1000 ETH)
(5) 0x8be566e215Ec6FF7fe3a760665EF11425053490b (1000 ETH)
(6) 0x07a8F3C605aCb9B368FD50c05a03495B106D5455 (1000 ETH)
(7) 0x3e1393BAc636ffD05D673C8d0354e67626fC00F9 (1000 ETH)
(8) 0xEa900140b992BD7818c198f23D51e98f2647936F (1000 ETH)
(9) 0xB0D2C1EACAb93892657e3754af2A8aac94C0a932 (1000 ETH)

Private Keys
==================
(0) 0xacd06b9d1afbebe13c9024bd066a411e3eeb5086950adef7d905d58e609df608
(1) 0x622ee9aae24a959032f0c0d6fddaa6c16873b6b0a7139afbc150b3a8c2926a5c
(2) 0x873cdb1531e55aa44f15b778457d08706cb61e80977b63c8d906b782fb0cef04
(3) 0xa9f859aea9ff12f3da3fdb6a85c11e9ebb78cfd97f5b6a5fbc12cb2bcba55b97
(4) 0x3a72f3b13c99f5584fe1d44f45e01faa2e337af09878683a4ebb2eb9b969c818
(5) 0x2736960b22b56fef2976e42af282c2172566163f96f9fe952882c1a7ce091d8e
(6) 0x73154d6d2f45f9e897c58dd7f4a4c888cd1306bfa98c74cb7935610c072f1360
(7) 0x54b442aa13545f663cdc7e176589eb2523c1ac46d336539178a0e017c731237d
(8) 0xa1525b6bc4429665c4ace89d4a55845fa369c8c085c776a16a4c8e8fdcb3de82
(9) 0x86714bd2c0fed11427ae4319dd2d06c5cb4298255a98ef8b217e914e571353b5

HD Wallet
==================
Mnemonic:      person repair flush suffer social slush absurd anxiety follow foot either breeze
Base HD Path:  m/44'/60'/0'/0/{account_index}

Default Gas Price
==================
2000000000

BlockGas Limit
==================
30000000

Call Gas Limit
==================
50000000

Chain
==================
Hardfork: shanghai
Id:       1337

RPC Listening on 127.0.0.1:8545
eth_blockNumber
net_version
eth_accounts
eth_accounts
eth_blockNumber
net_version
eth_getBlockByNumber
eth_estimateGas
eth_getBlockByNumber
eth_gasPrice
eth_sendTransaction

  Transaction: 0x54d46ab6754e9c4439dd6cee09236300209af0e88761f3b16c35269702f48afd
  Contract created: 0x9ff5e6493d4cf4c6c0e992f8625458c75a3350d7
  Gas usage: 1123887
  Block number: 1
  Block time: Thu May 07 2026 22:01:37 GMT+0700 (Indochina Time)

eth_getTransactionReceipt
eth_getCode
eth_getTransactionReceipt
eth_getBlockByNumber
eth_gasPrice
eth_sendTransaction

  Transaction: 0xcf8c68b87eac1231bdee237e8c3f5b445c1194cd4395e0235195d9f957e731c9
  Gas usage: 21055
  Block number: 2
  Block time: Thu May 07 2026 22:01:37 GMT+0700 (Indochina Time)

eth_getTransactionReceipt
net_version
eth_getBlockByNumber
eth_estimateGas
eth_getBlockByNumber
eth_gasPrice
eth_sendTransaction

  Transaction: 0x12bbd0a6e60e0a2951a09c33258739ae7e1997e2fa07c39beb6c63bfecc23135
  Gas usage: 68747
  Block number: 3
  Block time: Thu May 07 2026 22:01:37 GMT+0700 (Indochina Time)

eth_getTransactionReceipt
eth_blockNumber
eth_getBalance
eth_getTransactionByHash
debug_traceTransaction
eth_getTransactionByHash
debug_traceTransaction
eth_getTransactionByHash
debug_traceTransaction

Received shutdown signal: SIGTERM
Shutting down…
Server has been shut down
