COMMAND: python3 experiments/scale_trace/scripts/trace_result_json.py /home/aothuatgiadp/blockchain/project/CTLC-Implementation/experiments/scale_trace/runs/random_v1_84/G-_A_evm_fund_ga_CTLCOnly_worst_claim/result.json /home/aothuatgiadp/blockchain/project/CTLC-Implementation/experiments/scale_trace/runs/random_v1_84/G-_A_evm_fund_ga_CTLCOnly_worst_claim/trace.json
STATUS: 0

STDOUT:
{
  "graph_id": "",
  "pair": "G->A|evm|fund:ga",
  "contract": "CTLCOnly",
  "scenario": "worst_claim",
  "contractAddress": "0x71136c8af66330707F037E90ec9ACca3bC12fEB5",
  "traces": {
    "deploy": {
      "tx_hash": "0xcdec317ea916cc4b724370710bacae2d98bb135bb25c76c8f013ecbc20238657",
      "actual_calldata_bytes": 7091,
      "actual_sstore_count": 8,
      "actual_call_count": 0,
      "opcode_steps": 1286
    },
    "fund": {
      "tx_hash": "0x9580303677fd4f6f85d8302974ef608b28360409fc5bf9dc9437505a3d7e2feb",
      "actual_calldata_bytes": 0,
      "actual_sstore_count": 0,
      "actual_call_count": 0,
      "opcode_steps": 13
    },
    "claim_level0": {
      "tx_hash": "0x68ee2491e5b999a32222ec5221127d427b6aae77de4885f9e75837c8a53e5cfa",
      "actual_calldata_bytes": 196,
      "actual_sstore_count": 1,
      "actual_call_count": 1,
      "opcode_steps": 793
    }
  }
}


STDERR:

