ganache v7.9.2 (@ganache/cli: 0.10.2, @ganache/core: 0.10.2)
Starting RPC server

Available Accounts
==================
(0) 0x18e6D239968D1ca9BFD7962Ff26b618c8585530F (1000 ETH)
(1) 0x67F39322E021B7bE9e059001e3C26De3fA9b22aF (1000 ETH)
(2) 0x6EE1C1664F046E93dADC8F16DF71f836A0B68ffD (1000 ETH)
(3) 0xC10dCFf0970A9855a2ff583Af552397e0AB9a8aD (1000 ETH)
(4) 0x7070B7931597E9D6DBaf22093BbeEA81439CBcc0 (1000 ETH)
(5) 0x99a2b9F66C385e123Bcc5ADDa00d20D6d859d79F (1000 ETH)
(6) 0x6c084b1D6d89190aD8e9b5327cb3e0b459D8aA8B (1000 ETH)
(7) 0x67aCb54874E498e227D65f0B42845c046F71B8F8 (1000 ETH)
(8) 0xF370772058e1C46792cBECc4409e0a5949524Eb2 (1000 ETH)
(9) 0x9AF51E4e4f9cD6142d7ffd41e45AB70690068A53 (1000 ETH)

Private Keys
==================
(0) 0x143a5a0d26094d851a7f3556c16bf53189e4ba820b8346a90556c6b8cc07928d
(1) 0x48b426f2eecfbdf7d05b387a4fb15014d52512dab35d2086dd06d4b549ebd144
(2) 0x4cf89f4cc3ee09514a010923495bf8a768fc13d5134cc3a02e62856aa3b69dbb
(3) 0xdaf21e716181b19be9c656ac8cd4b2ecb1bf746cabcc0a16400d107cac34ec0d
(4) 0xa1f27ce04c8deabc8baf8d20961c461bfd4771c74bc43501dfaf4f9f043886f7
(5) 0xb21377e5ca4a9b7b9f070056302987ae2fddf4746b67cb165cd47aac3683ed8a
(6) 0x7f8b60d597da0b92c561e347967d00890146f82f38f38c0f33f0c837515dc816
(7) 0x69ab5287c5bee655056447d0a67dfdb0d42684ec88ab81e792fe97767662bdfb
(8) 0x1b9ae0c15a4ca674cd30208292fc8f0e7d29430059836739f1de6d05a1372ad5
(9) 0x9fb250cb542491bef1399d16618cdbef289574c9a7a0fdac71908fb9238de8d5

HD Wallet
==================
Mnemonic:      print squeeze arrange bomb grunt cheap fancy hotel armed stamp cook kidney
Base HD Path:  m/44'/60'/0'/0/{account_index}

Default Gas Price
==================
2000000000

BlockGas Limit
==================
30000000

Call Gas Limit
==================
50000000

Chain
==================
Hardfork: shanghai
Id:       1337

RPC Listening on 127.0.0.1:8545
web3_clientVersion
eth_blockNumber
net_version
eth_accounts
eth_accounts
eth_blockNumber
net_version
eth_getBlockByNumber
eth_estimateGas
eth_getBlockByNumber
eth_gasPrice
eth_sendTransaction

  Transaction: 0xcf68f284856d44557ba3f784ba405db1dadc93656686f3e267fffd77e7e16072
  Contract created: 0xd4a181323134278db8ff7582612b72ad25f82823
  Gas usage: 1123899
  Block number: 1
  Block time: Fri May 08 2026 01:01:35 GMT+0700 (Indochina Time)

eth_getTransactionReceipt
eth_getCode
eth_getTransactionReceipt
eth_getBlockByNumber
eth_gasPrice
eth_sendTransaction

  Transaction: 0xde41544b0c67aade6d715fee5c5b3740339de643d59db914c6d7f33750dfa79f
  Gas usage: 21055
  Block number: 2
  Block time: Fri May 08 2026 01:01:35 GMT+0700 (Indochina Time)

eth_getTransactionReceipt
net_version
eth_getBlockByNumber
eth_estimateGas
eth_getBlockByNumber
eth_gasPrice
eth_sendTransaction

  Transaction: 0xd9b48866e3c1661449eba3bd3595af17ef21fc2c4a579b06e043dc428ad0e0fe
  Gas usage: 68735
  Block number: 3
  Block time: Fri May 08 2026 01:01:35 GMT+0700 (Indochina Time)

eth_getTransactionReceipt
eth_blockNumber
eth_getBalance
eth_getTransactionByHash
debug_traceTransaction
eth_getTransactionByHash
debug_traceTransaction
eth_getTransactionByHash
debug_traceTransaction

Received shutdown signal: SIGTERM
Shutting down…
Server has been shut down
