Using network 'development'.

{
  "ok": true,
  "graph_id": "",
  "pair": "E->F|evm|fund:ef",
  "pairKey": "E->F|evm|fund:ef",
  "contract": "CTLCMultipleEdges",
  "scenario": "best_claim",
  "deployGas": "0x156084",
  "gasUsed": "71641",
  "disableGasUsed": "",
  "claimGasUsed": "71641",
  "refundGasUsed": "",
  "contractAddress": "0x3F18787906E4F98809A6F35726A4E901638454bA",
  "startBlock": "0",
  "endBlock": "3",
  "finalContractBalanceWei": "0",
  "deployer": "0x3F7F120E3Cf84fc9Ed862545cd5791cAA2ecd5A2",
  "party": "0x9fc23aB25974E7730E091845cAbaaeC560459E3b",
  "counterparty": "0x32ba4CA3275602097706eB7Dc9aF45089c9dfAe7",
  "fundingWei": "1000000000000000000",
  "timelocks": [
    7,
    8
  ],
  "transactions": [
    {
      "role": "deploy",
      "txHash": "0x79e245c46e3123a4a01df819323152c4a8c965bed7701bb6757592cd5ab92f39"
    },
    {
      "role": "fund",
      "txHash": "0xc8feff250b0504f0fa41a3f834fe75e199f40e6ce5b41da4c649a7e8c67a0788"
    },
    {
      "role": "claim",
      "txHash": "0x7785ffc9d022c4bc9691d67fdb7498058b9741caa8b16e25bee811e4dda0b5bc",
      "level": 0,
      "option": 0
    }
  ],
  "txRoles": [
    {
      "role": "deploy",
      "txHash": "0x79e245c46e3123a4a01df819323152c4a8c965bed7701bb6757592cd5ab92f39"
    },
    {
      "role": "fund",
      "txHash": "0xc8feff250b0504f0fa41a3f834fe75e199f40e6ce5b41da4c649a7e8c67a0788"
    },
    {
      "role": "claim",
      "txHash": "0x7785ffc9d022c4bc9691d67fdb7498058b9741caa8b16e25bee811e4dda0b5bc",
      "level": 0,
      "option": 0
    }
  ],
  "deployTxHash": "0x79e245c46e3123a4a01df819323152c4a8c965bed7701bb6757592cd5ab92f39",
  "fundTxHash": "0xc8feff250b0504f0fa41a3f834fe75e199f40e6ce5b41da4c649a7e8c67a0788",
  "claimTxHash": "0x7785ffc9d022c4bc9691d67fdb7498058b9741caa8b16e25bee811e4dda0b5bc",
  "txHash": "0x7785ffc9d022c4bc9691d67fdb7498058b9741caa8b16e25bee811e4dda0b5bc",
  "tx": "0x7785ffc9d022c4bc9691d67fdb7498058b9741caa8b16e25bee811e4dda0b5bc"
}
