ganache v7.9.2 (@ganache/cli: 0.10.2, @ganache/core: 0.10.2)
Starting RPC server

Available Accounts
==================
(0) 0x679BcDFF26293e70ca0bE262e757C032B48e5F2a (1000 ETH)
(1) 0x1caF1F433E27c0b6F519b0656eAe9BdE92c308c1 (1000 ETH)
(2) 0x53065136B126A2914B9C3e9c0e767FcBF1C1eaD7 (1000 ETH)
(3) 0xF80711A9BE4C1A37FfBd134143F0650Ed5427d7c (1000 ETH)
(4) 0x8217E73f12704DA2be68E028D09013c59e54A3d1 (1000 ETH)
(5) 0xff58C05edAA91edDd3546e4DbfC5A332FEa7570d (1000 ETH)
(6) 0xb1457Ccf2eE62cD0C82FAc6449D0b76Ee7Ee82d7 (1000 ETH)
(7) 0x3BdE19E5f4b82169e8A674650493F5fDF7a578a0 (1000 ETH)
(8) 0x041660B234930FCAb6588d122c8ce640975dDe1A (1000 ETH)
(9) 0x32a428fEE76A3904C15e4AF36cD42c35F368A197 (1000 ETH)

Private Keys
==================
(0) 0x570f7612bebf0bc68e9ccb9d2a965a79e6fa2c7453d73c6a3f1a538c0d4ab215
(1) 0x2144110e28e68b7e74351315852f62d41ae10ada84a5f2ab677d170a177a598d
(2) 0xa8f0e12ba832e00e6f244bfd6efc70ec587cc40f93b9325ad985ac60e8784bf4
(3) 0x17cf4d657146313d5b2da73b2151b551b702b3621c1f6744cd2ff756e1bce141
(4) 0x68e355bbffc77d25cd306c26af6b6c5bf05489db51f4a8d81f8d880c4291482e
(5) 0xfcb51ee9da4138b28c10ec3431ee08020bfdc176d3ecf2eebea43a09550251dc
(6) 0xa335ff8116ee68961d1eff8a143f5cb2a3bffefeee55ff674b7e713de1a07984
(7) 0xdd6d1dae0bdb487b44512216d3cc012455d655a00035ec633113ce6db7525a97
(8) 0x95abcfb9110f9e6385123544a1129166c472832da3b5ce170a44f7bedbe8db17
(9) 0xacabef96efc34391969bad3e432345d4425663b89906b1e4c5c055a4060ae8f5

HD Wallet
==================
Mnemonic:      stock seek depart knee version old betray clock tornado skirt castle short
Base HD Path:  m/44'/60'/0'/0/{account_index}

Default Gas Price
==================
2000000000

BlockGas Limit
==================
30000000

Call Gas Limit
==================
50000000

Chain
==================
Hardfork: shanghai
Id:       1337

RPC Listening on 127.0.0.1:8545
web3_clientVersion
eth_blockNumber
net_version
eth_accounts
eth_accounts
eth_blockNumber
net_version
eth_getBlockByNumber
eth_estimateGas
eth_getBlockByNumber
eth_gasPrice
eth_sendTransaction

  Transaction: 0x51af8cb310ca5a8eb0e7465292169f6d6ceb959ab17f0f64565f82d007bd56aa
  Contract created: 0x4b78d85680731b792449eeb84b37afee124b8ed3
  Gas usage: 1100987
  Block number: 1
  Block time: Fri May 08 2026 00:04:53 GMT+0700 (Indochina Time)

eth_getTransactionReceipt
eth_getCode
eth_getTransactionReceipt
eth_getBlockByNumber
eth_gasPrice
eth_sendTransaction

  Transaction: 0x02b944763602a7d72d0912008c597a0c0b96f67a0f14538291937a6f5a3faec1
  Gas usage: 21055
  Block number: 2
  Block time: Fri May 08 2026 00:04:53 GMT+0700 (Indochina Time)

eth_getTransactionReceipt
net_version
eth_getBlockByNumber
eth_estimateGas
eth_getBlockByNumber
eth_gasPrice
eth_sendTransaction

  Transaction: 0x4e65ad1b92d49ae1bdd5b3e1873536b00dc706fe7e259493d1b29007e00a5a8d
  Gas usage: 64620
  Block number: 3
  Block time: Fri May 08 2026 00:04:53 GMT+0700 (Indochina Time)

eth_getTransactionReceipt
eth_blockNumber
eth_getBalance
eth_getTransactionByHash
debug_traceTransaction
eth_getTransactionByHash
debug_traceTransaction
eth_getTransactionByHash
debug_traceTransaction

Received shutdown signal: SIGTERM
Shutting down…
Server has been shut down
