Using network 'development'.

{
  "ok": true,
  "graph_id": "",
  "pair": "E->C|evm|fund:ec",
  "pairKey": "E->C|evm|fund:ec",
  "contract": "CTLCOnly",
  "scenario": "best_claim",
  "deployGas": "0x11d93b",
  "gasUsed": "77013",
  "disableGasUsed": "",
  "claimGasUsed": "77013",
  "refundGasUsed": "",
  "contractAddress": "0xBF5E08f07AEC5A17DD19B38Ec96E28a253628Ec9",
  "startBlock": "0",
  "endBlock": "3",
  "finalContractBalanceWei": "0",
  "deployer": "0xD0eCe32b19d24AcFA1Db5aB7e7EDEA34Db81Ce7d",
  "party": "0x81eCE840aC12FC835F9ACD5499626b92995995ee",
  "counterparty": "0x3EF6B9a2e4BDF2f1348a8F6290a0203B985C50CA",
  "fundingWei": "1000000000000000000",
  "timelocks": [
    9
  ],
  "transactions": [
    {
      "role": "deploy",
      "txHash": "0x49e48f4ba80bc290014545c21f181ff671ba61befe2edd22fb615da896015c59"
    },
    {
      "role": "fund",
      "txHash": "0xca6d03005ec9f3b3df305a076dd7d1ff442480b6b782772fd9c9746979ce14fe"
    },
    {
      "role": "claim",
      "txHash": "0xc45c7b964cc656188327a7cbceda1202a1bc7943962806a55e9575472fb9b3d7",
      "level": 0,
      "option": 0
    }
  ],
  "txRoles": [
    {
      "role": "deploy",
      "txHash": "0x49e48f4ba80bc290014545c21f181ff671ba61befe2edd22fb615da896015c59"
    },
    {
      "role": "fund",
      "txHash": "0xca6d03005ec9f3b3df305a076dd7d1ff442480b6b782772fd9c9746979ce14fe"
    },
    {
      "role": "claim",
      "txHash": "0xc45c7b964cc656188327a7cbceda1202a1bc7943962806a55e9575472fb9b3d7",
      "level": 0,
      "option": 0
    }
  ],
  "deployTxHash": "0x49e48f4ba80bc290014545c21f181ff671ba61befe2edd22fb615da896015c59",
  "fundTxHash": "0xca6d03005ec9f3b3df305a076dd7d1ff442480b6b782772fd9c9746979ce14fe",
  "claimTxHash": "0xc45c7b964cc656188327a7cbceda1202a1bc7943962806a55e9575472fb9b3d7",
  "txHash": "0xc45c7b964cc656188327a7cbceda1202a1bc7943962806a55e9575472fb9b3d7",
  "tx": "0xc45c7b964cc656188327a7cbceda1202a1bc7943962806a55e9575472fb9b3d7"
}
