COMMAND: python3 experiments/scale_trace/scripts/trace_result_json.py /home/aothuatgiadp/blockchain/project/CTLC-Implementation/experiments/scale_trace/runs/random_v1_151/D-_F_evm_fund_df_CTLCOnly_best_claim/result.json /home/aothuatgiadp/blockchain/project/CTLC-Implementation/experiments/scale_trace/runs/random_v1_151/D-_F_evm_fund_df_CTLCOnly_best_claim/trace.json
STATUS: 0

STDOUT:
{
  "graph_id": "",
  "pair": "D->F|evm|fund:df",
  "contract": "CTLCOnly",
  "scenario": "best_claim",
  "contractAddress": "0x612254c1A5818BfBd72ae8b4400F30565ccB4e42",
  "traces": {
    "deploy": {
      "tx_hash": "0xebaa8c42657815a8fbbde4038aedcdfcc9aea5b1ec5f8a9286d75c19fc2e3a02",
      "actual_calldata_bytes": 7123,
      "actual_sstore_count": 9,
      "actual_call_count": 0,
      "opcode_steps": 1374
    },
    "fund": {
      "tx_hash": "0xaf6658467393c2e8609fcbb8b0f5fb35811792ce3058e500a3bf3088b90b62a0",
      "actual_calldata_bytes": 0,
      "actual_sstore_count": 0,
      "actual_call_count": 0,
      "opcode_steps": 13
    },
    "claim_level0": {
      "tx_hash": "0x68669634ffc2aa0606fab6e9b85a62a56a16008d94f8da75c2f83db8474ef389",
      "actual_calldata_bytes": 292,
      "actual_sstore_count": 1,
      "actual_call_count": 1,
      "opcode_steps": 1134
    }
  }
}


STDERR:

