Using network 'development'.

{
  "ok": true,
  "graph_id": "",
  "pair": "C->A|evm|fund:ca",
  "pairKey": "C->A|evm|fund:ca",
  "contract": "CTLCMultipleEdges",
  "scenario": "best_claim",
  "deployGas": "0x1236a6",
  "gasUsed": "67334",
  "disableGasUsed": "",
  "claimGasUsed": "67334",
  "refundGasUsed": "",
  "contractAddress": "0x6c926DC3ff77AC59D10ea457dd247F151744dFcB",
  "startBlock": "0",
  "endBlock": "3",
  "finalContractBalanceWei": "0",
  "deployer": "0x6841b2998115469e6bc99718825966814eaE7fB0",
  "party": "0x3d219B0bc105bc17A3f575c5251Be97C20daD676",
  "counterparty": "0x02a98297740e9d082F84F828f9DB8b70c3520182",
  "fundingWei": "1000000000000000000",
  "timelocks": [
    6
  ],
  "transactions": [
    {
      "role": "deploy",
      "txHash": "0x3293b367afd14116db55751f940d66a56dd4cb2e77443f5af0ae49b19b81436c"
    },
    {
      "role": "fund",
      "txHash": "0x3c0a4610d5a256e390b01fd565ffd7ce00c3be5b1c78822a994ecdc07288047c"
    },
    {
      "role": "claim",
      "txHash": "0x2adc76de3b81218cb5d3fdaff05c8241f6ddf79ec0532af00c7fefae50dbd51e",
      "level": 0,
      "option": 0
    }
  ],
  "txRoles": [
    {
      "role": "deploy",
      "txHash": "0x3293b367afd14116db55751f940d66a56dd4cb2e77443f5af0ae49b19b81436c"
    },
    {
      "role": "fund",
      "txHash": "0x3c0a4610d5a256e390b01fd565ffd7ce00c3be5b1c78822a994ecdc07288047c"
    },
    {
      "role": "claim",
      "txHash": "0x2adc76de3b81218cb5d3fdaff05c8241f6ddf79ec0532af00c7fefae50dbd51e",
      "level": 0,
      "option": 0
    }
  ],
  "deployTxHash": "0x3293b367afd14116db55751f940d66a56dd4cb2e77443f5af0ae49b19b81436c",
  "fundTxHash": "0x3c0a4610d5a256e390b01fd565ffd7ce00c3be5b1c78822a994ecdc07288047c",
  "claimTxHash": "0x2adc76de3b81218cb5d3fdaff05c8241f6ddf79ec0532af00c7fefae50dbd51e",
  "txHash": "0x2adc76de3b81218cb5d3fdaff05c8241f6ddf79ec0532af00c7fefae50dbd51e",
  "tx": "0x2adc76de3b81218cb5d3fdaff05c8241f6ddf79ec0532af00c7fefae50dbd51e"
}
