ganache v7.9.2 (@ganache/cli: 0.10.2, @ganache/core: 0.10.2)
Starting RPC server

Available Accounts
==================
(0) 0xb32716A5716C2d1958Cc392C41A6b0BD5E5cB914 (1000 ETH)
(1) 0x4e6aBc45e2ADf4594192255219DE9283AefF3F45 (1000 ETH)
(2) 0x0Bba1046084b4B8e2d1b7305716809D96a0818b4 (1000 ETH)
(3) 0x9AC8fa1557E0cB7C11fC888dC5bBE3EDaB7C0DBd (1000 ETH)
(4) 0x940A1a2bcD3f039215A0B3CC4D398B68b50b2221 (1000 ETH)
(5) 0x7c1b5e280C4183fb312cA5A049cd714B390012C7 (1000 ETH)
(6) 0x0e897682bd6D11f3c280c40f2c4CB3aD4Bd9c3f8 (1000 ETH)
(7) 0xBDB0f45F621A12e2AAe8441bd368ddd3A995EDCB (1000 ETH)
(8) 0x30D6aaf59333C6D24fC43C79F978c64586FF597F (1000 ETH)
(9) 0x4cfEd229720ED8dE7632d473Db3E80A01F3E283A (1000 ETH)

Private Keys
==================
(0) 0x256a042729e661b70c783b8851ad451a9a2baf589cebbe74ee0285ff3ce6b1ef
(1) 0x71ef6563206dd8a86523afca57b87b7400dc14379735fd35e672370d5d5f9585
(2) 0x2ebb51bbd54fb472a6e3de8515261687106d44d4e9f199adf5669fb92b64f86b
(3) 0x264596c9444da4f100cecaac39cc99b6d694018742516851e10cb2a888769ebf
(4) 0x97588080781e721d0e68ba3359294ced0c50c39d945299e68ce752ae29b94b16
(5) 0xe5c4f0e8721d7a9c2b4bd6cd4d635f7150355a8516175d55e1b652c0bf2d25ae
(6) 0xf16862e9e95df40f761e583393bccec4ea9517de576dcadc7eac72b42687f74b
(7) 0xe868f0642628637012dadcc001cba3258ef295d869b8a723f5082a09c8bf2d17
(8) 0xd577aa49e25cf5e8f7dc59d4ec762588aec53c4d17f011341c2ee3eaf88212cf
(9) 0xf73375ceacf73e0f89e11ddd260fa849142268cc196b38891be7953858f8ade0

HD Wallet
==================
Mnemonic:      cheap exercise payment exact embark year insect educate sentence biology chronic nice
Base HD Path:  m/44'/60'/0'/0/{account_index}

Default Gas Price
==================
2000000000

BlockGas Limit
==================
30000000

Call Gas Limit
==================
50000000

Chain
==================
Hardfork: shanghai
Id:       1337

RPC Listening on 127.0.0.1:8545
web3_clientVersion
eth_blockNumber
net_version
eth_accounts
eth_accounts
eth_blockNumber
net_version
eth_getBlockByNumber
eth_estimateGas
eth_getBlockByNumber
eth_gasPrice
eth_sendTransaction

  Transaction: 0x77d286ba5052f7e89fa47e6c0559bde16fed4807ab36bde2b017d64d28266a64
  Contract created: 0x21f08e7ff75139ce6421873af9a8391093b8ffea
  Gas usage: 1100975
  Block number: 1
  Block time: Fri May 08 2026 00:51:05 GMT+0700 (Indochina Time)

eth_getTransactionReceipt
eth_getCode
eth_getTransactionReceipt
eth_getBlockByNumber
eth_gasPrice
eth_sendTransaction

  Transaction: 0xea6723e78ac579df7e5f57f368a8164a35ea3be30d49dba1b2da71e942d39a8b
  Gas usage: 21055
  Block number: 2
  Block time: Fri May 08 2026 00:51:06 GMT+0700 (Indochina Time)

eth_getTransactionReceipt
net_version
eth_getBlockByNumber
eth_estimateGas
eth_getBlockByNumber
eth_gasPrice
eth_sendTransaction

  Transaction: 0xd4f41382fa9a16a6ee27b18efae323eb632aaaac2c98be97a68e1800a37e3945
  Gas usage: 64620
  Block number: 3
  Block time: Fri May 08 2026 00:51:06 GMT+0700 (Indochina Time)

eth_getTransactionReceipt
eth_blockNumber
eth_getBalance
eth_getTransactionByHash
debug_traceTransaction
eth_getTransactionByHash
debug_traceTransaction
eth_getTransactionByHash
debug_traceTransaction

Received shutdown signal: SIGTERM
Shutting down…
Server has been shut down
