COMMAND: python3 experiments/scale_trace/scripts/trace_result_json.py /home/aothuatgiadp/blockchain/project/CTLC-Implementation/experiments/scale_trace/runs/random_v1_34/B-_E_evm_fund_be_CTLCOnly_best_claim/result.json /home/aothuatgiadp/blockchain/project/CTLC-Implementation/experiments/scale_trace/runs/random_v1_34/B-_E_evm_fund_be_CTLCOnly_best_claim/trace.json
STATUS: 0

STDOUT:
{
  "graph_id": "",
  "pair": "B->E|evm|fund:be",
  "contract": "CTLCOnly",
  "scenario": "best_claim",
  "contractAddress": "0x37678aE2A21398B69608cc9963a043d8bb3c558B",
  "traces": {
    "deploy": {
      "tx_hash": "0xa4a2c30c09c5ccdafe1d39ad547048e29fac291fdb8098c45373d4a415d7ae48",
      "actual_calldata_bytes": 7443,
      "actual_sstore_count": 18,
      "actual_call_count": 0,
      "opcode_steps": 2528
    },
    "fund": {
      "tx_hash": "0x50c828c4ff215f40d38b39c05f1f7f4e6ca62fd521762afd96a46276d8786e51",
      "actual_calldata_bytes": 0,
      "actual_sstore_count": 0,
      "actual_call_count": 0,
      "opcode_steps": 13
    },
    "claim_level0": {
      "tx_hash": "0xb09ffaab718bc31adaaed40fce770975a6d9d019015e3db4ba1c017fa829aad1",
      "actual_calldata_bytes": 484,
      "actual_sstore_count": 1,
      "actual_call_count": 1,
      "opcode_steps": 1816
    }
  }
}


STDERR:

