ganache v7.9.2 (@ganache/cli: 0.10.2, @ganache/core: 0.10.2)
Starting RPC server

Available Accounts
==================
(0) 0x565f2167Dc874D74489b3D40E48d98E115999a08 (1000 ETH)
(1) 0xCe6bcCc96e8A24290F48e3290A14B2a8dB148ad2 (1000 ETH)
(2) 0x523e55f1a134856Fc06D1ff054eAD78D07f3fA46 (1000 ETH)
(3) 0x5043D4BF642D9E58BA72451A41c29096B529cbe1 (1000 ETH)
(4) 0x6B7dED86be2d89f1EdFaC8ef5122400f3394f04E (1000 ETH)
(5) 0xb2705C711047953f1C4255146924307F1f237438 (1000 ETH)
(6) 0x4532DF5cbCFF8b4c7BCc12DBbC31694A80275287 (1000 ETH)
(7) 0x328eA2679E601C30dABEcF2F2FC5c5087c225F6a (1000 ETH)
(8) 0x5e3D994b4AAC9c84aE9BA58e1A78daF07929D9a9 (1000 ETH)
(9) 0x13669e15d4eB9Dc70d59B6AdF8dF3E0C0c1da5F3 (1000 ETH)

Private Keys
==================
(0) 0xd35e23f98512c67f638f0ff224a9554a9eea6c3d8ef1c3b2e2c563c479996a5d
(1) 0x25b176b0cd4a17a452f5c9b4c2b3be631e7f0a7c4c23ab8ccd5f8767331ceb96
(2) 0x36ee63a0ad0ff9983dba82a32140444a2846d36d48a8a14527af3c44025ce2ed
(3) 0xfc8ccbc43f74895e5f075cc3c10e80645553386707202742d38b9ffbb5940b1f
(4) 0x3cf3be1cd82f8c0e2faaed7407c322cf68ea7f9f4604650d55a72b2b43f607e9
(5) 0xdeb83786ca1c28c21d7a2e3d71814bd3dd5ddf87932430f1452c2d646f43542e
(6) 0xae6206bb3a8a6070ebe3e008b2c65caaa82ab24ed11adefdd89fbbe83612ccc2
(7) 0x5797cbe605652cab59d9dbbe75975d61661f1ce4077d9d6d97c4b48ac7c7bf32
(8) 0x686d1f076a6291f1aef479c499de3198a7ccdacec0e764567053756e812e0d38
(9) 0x072c3b74aa10e3afd955c58cde6f26d490974f233df63c28d4093c8d80244722

HD Wallet
==================
Mnemonic:      write ball strike wheel hamster rib front sweet abstract club pottery best
Base HD Path:  m/44'/60'/0'/0/{account_index}

Default Gas Price
==================
2000000000

BlockGas Limit
==================
30000000

Call Gas Limit
==================
50000000

Chain
==================
Hardfork: shanghai
Id:       1337

RPC Listening on 127.0.0.1:8545
web3_clientVersion
eth_blockNumber
net_version
eth_accounts
eth_accounts
eth_blockNumber
net_version
eth_getBlockByNumber
eth_estimateGas
eth_getBlockByNumber
eth_gasPrice
eth_sendTransaction

  Transaction: 0xa31b2bdd31bff445a31c695d89fa1c443fca7e0b4ee4a95deff92c3bc01221ab
  Contract created: 0x61fd5044e36dbfdb50852fef0aeed9b1df56a0ac
  Gas usage: 1123899
  Block number: 1
  Block time: Fri May 08 2026 00:27:40 GMT+0700 (Indochina Time)

eth_getTransactionReceipt
eth_getCode
eth_getTransactionReceipt
eth_getBlockByNumber
eth_gasPrice
eth_sendTransaction

  Transaction: 0xd5a9870ee61a200f4acfe959d37392f34e55ccb599cb81715cd4d4d015f02c13
  Gas usage: 21055
  Block number: 2
  Block time: Fri May 08 2026 00:27:40 GMT+0700 (Indochina Time)

eth_getTransactionReceipt
eth_blockNumber
evm_mine
eth_blockNumber
evm_mine
eth_blockNumber
evm_mine
eth_blockNumber
evm_mine
eth_blockNumber
evm_mine
eth_blockNumber
net_version
eth_getBlockByNumber
eth_estimateGas
eth_getBlockByNumber
eth_gasPrice
eth_sendTransaction

  Transaction: 0xcdc5cd81d41384414cea56167011bb5e29af0ee9fbd1a504a2d307e522b90bbb
  Gas usage: 59561
  Block number: 8
  Block time: Fri May 08 2026 00:27:40 GMT+0700 (Indochina Time)

eth_getTransactionReceipt
eth_blockNumber
eth_getBalance
eth_getTransactionByHash
debug_traceTransaction
eth_getTransactionByHash
debug_traceTransaction
eth_getTransactionByHash
debug_traceTransaction

Received shutdown signal: SIGTERM
Shutting down…
Server has been shut down
