Using network 'development'.

{
  "ok": true,
  "graph_id": "",
  "pair": "D->E|evm|fund:de",
  "pairKey": "D->E|evm|fund:de",
  "contract": "CTLCMultipleEdges",
  "scenario": "best_claim",
  "deployGas": "0x144f9a",
  "gasUsed": "80267",
  "disableGasUsed": "",
  "claimGasUsed": "80267",
  "refundGasUsed": "",
  "contractAddress": "0x688148870C80570047E8C41680cFb7A0792c2453",
  "startBlock": "0",
  "endBlock": "3",
  "finalContractBalanceWei": "0",
  "deployer": "0xE29C0D5DDEbb9fab5AfAE011980Eb27Aed246701",
  "party": "0xC29D5b50A2445C5E21f15232a50b56502Fc551d2",
  "counterparty": "0x44F3443d245eECfc0Ec76b0fC1bCc5Be178cD8b4",
  "fundingWei": "1000000000000000000",
  "timelocks": [
    9
  ],
  "transactions": [
    {
      "role": "deploy",
      "txHash": "0xe0b1eb86f7e84fb78d896e1220210e48a87ddd625ae2814b7e165c5f77e8ca12"
    },
    {
      "role": "fund",
      "txHash": "0x618b021fcbcecfe6baf7ade7d18a397e4b255e4700ddfef68bba34439dcca5ac"
    },
    {
      "role": "claim",
      "txHash": "0x19350fe06096147c3c27c1ce55e85f099c7e2c0f814a7b6ee6e4111655a3acc6",
      "level": 0,
      "option": 0
    }
  ],
  "txRoles": [
    {
      "role": "deploy",
      "txHash": "0xe0b1eb86f7e84fb78d896e1220210e48a87ddd625ae2814b7e165c5f77e8ca12"
    },
    {
      "role": "fund",
      "txHash": "0x618b021fcbcecfe6baf7ade7d18a397e4b255e4700ddfef68bba34439dcca5ac"
    },
    {
      "role": "claim",
      "txHash": "0x19350fe06096147c3c27c1ce55e85f099c7e2c0f814a7b6ee6e4111655a3acc6",
      "level": 0,
      "option": 0
    }
  ],
  "deployTxHash": "0xe0b1eb86f7e84fb78d896e1220210e48a87ddd625ae2814b7e165c5f77e8ca12",
  "fundTxHash": "0x618b021fcbcecfe6baf7ade7d18a397e4b255e4700ddfef68bba34439dcca5ac",
  "claimTxHash": "0x19350fe06096147c3c27c1ce55e85f099c7e2c0f814a7b6ee6e4111655a3acc6",
  "txHash": "0x19350fe06096147c3c27c1ce55e85f099c7e2c0f814a7b6ee6e4111655a3acc6",
  "tx": "0x19350fe06096147c3c27c1ce55e85f099c7e2c0f814a7b6ee6e4111655a3acc6"
}
