ganache v7.9.2 (@ganache/cli: 0.10.2, @ganache/core: 0.10.2)
Starting RPC server

Available Accounts
==================
(0) 0xE29C0D5DDEbb9fab5AfAE011980Eb27Aed246701 (1000 ETH)
(1) 0xBc9c91e68547183220A05139C203C602f51B5129 (1000 ETH)
(2) 0x91fE6388ffAee5f17c33C3596095d0452bEC8192 (1000 ETH)
(3) 0xFCcE113e68fCF3c2f294eC3BA3f411d99a1a26E6 (1000 ETH)
(4) 0xC29D5b50A2445C5E21f15232a50b56502Fc551d2 (1000 ETH)
(5) 0x44F3443d245eECfc0Ec76b0fC1bCc5Be178cD8b4 (1000 ETH)
(6) 0x75CCB3207cf6448B87C6e259b7aFAb221B80f7c1 (1000 ETH)
(7) 0xdfD2e21A86E2C0F1DC5743f2C405082c446c3477 (1000 ETH)
(8) 0x5577Ab0882bfaA444a757BFfB3dd1fa32e32C675 (1000 ETH)
(9) 0x31c81a3c426f2F93eB1e1925a6A0aB1D6Fb0F993 (1000 ETH)

Private Keys
==================
(0) 0x73d8ac199529062b030d2ef1af0b9c3b0367bbcb17a04d39deb55d42e6ce36da
(1) 0x9b492f59b4361f9f7ef18c797148e3c662c932aab601b66432391e51746937e1
(2) 0xec36b1210a45ef526579893d7918e7e0b7c7638a9583047f227afd358f3ec6da
(3) 0x93929722d820d51acec2b10ac2153460eaa02b5cb95001fa7dbb0af329de1a55
(4) 0xe3ac5d205f1710201d4a2cdc361e616e1c5cf70be8f782f3978e1a003594af2f
(5) 0x4530c9b69e3d4000e09b67ccf4fae1873e827b10613345ea56bf9cb0f9ecde2c
(6) 0xf23065e548bb2aa46858772a12d1ac0a06ce01f0388ad016841525b12009e478
(7) 0xeb847336f7be2b1440be4cfd8574b650e01170e55187ee1cdcec84321552eab1
(8) 0x109d1c176c22367a53b132129579c9b6fe846e657afbd72311e1bb2ba1c881fe
(9) 0x276b2a224c81e413432b220e7b3d7b4f3e33fd44dfa7affabf913905b3cfea35

HD Wallet
==================
Mnemonic:      faculty wash episode wife real hotel enemy select indoor borrow creek custom
Base HD Path:  m/44'/60'/0'/0/{account_index}

Default Gas Price
==================
2000000000

BlockGas Limit
==================
30000000

Call Gas Limit
==================
50000000

Chain
==================
Hardfork: shanghai
Id:       1337

RPC Listening on 127.0.0.1:8545
web3_clientVersion
eth_blockNumber
net_version
eth_accounts
eth_accounts
eth_blockNumber
net_version
eth_getBlockByNumber
eth_estimateGas
eth_getBlockByNumber
eth_gasPrice
eth_sendTransaction

  Transaction: 0xe0b1eb86f7e84fb78d896e1220210e48a87ddd625ae2814b7e165c5f77e8ca12
  Contract created: 0x688148870c80570047e8c41680cfb7a0792c2453
  Gas usage: 1331098
  Block number: 1
  Block time: Thu May 07 2026 20:20:54 GMT+0700 (Indochina Time)

eth_getTransactionReceipt
eth_getCode
eth_getTransactionReceipt
eth_getBlockByNumber
eth_gasPrice
eth_sendTransaction

  Transaction: 0x618b021fcbcecfe6baf7ade7d18a397e4b255e4700ddfef68bba34439dcca5ac
  Gas usage: 21055
  Block number: 2
  Block time: Thu May 07 2026 20:20:54 GMT+0700 (Indochina Time)

eth_getTransactionReceipt
net_version
eth_getBlockByNumber
eth_estimateGas
eth_getBlockByNumber
eth_gasPrice
eth_sendTransaction

  Transaction: 0x19350fe06096147c3c27c1ce55e85f099c7e2c0f814a7b6ee6e4111655a3acc6
  Gas usage: 80267
  Block number: 3
  Block time: Thu May 07 2026 20:20:54 GMT+0700 (Indochina Time)

eth_getTransactionReceipt
eth_blockNumber
eth_getBalance
eth_getTransactionByHash
debug_traceTransaction
eth_getTransactionByHash
debug_traceTransaction
eth_getTransactionByHash
debug_traceTransaction

Received shutdown signal: SIGTERM
Shutting down…
Server has been shut down
