ganache v7.9.2 (@ganache/cli: 0.10.2, @ganache/core: 0.10.2)
Starting RPC server
web3_clientVersion

Available Accounts
==================
(0) 0x7873D65Fb9ae74118248Cf568FA6FD54841ddEe8 (1000 ETH)
(1) 0x21B6F5DE6ff3D07ce0a8B0D2d968A5262deFd7DA (1000 ETH)
(2) 0x4c7922Bc9767f1ce97F90483ca486018F0C2DaD3 (1000 ETH)
(3) 0x6AC6561f50413446e2D6d4531765e3ae48d83DF1 (1000 ETH)
(4) 0x3Fe6f9B82ed90132024795E12099266Aa2f322f9 (1000 ETH)
(5) 0x35BbF0BF0644F47E83Da982E9b19a7Ac535A465F (1000 ETH)
(6) 0x44bbD7949BAdaf0ab21742dAb18684A71B21e107 (1000 ETH)
(7) 0xe575EC4B09c83e78E5b8F38Be6541A51F547C35B (1000 ETH)
(8) 0x899412B9Fd40f82DEF46aF9a5381dbf5Df968552 (1000 ETH)
(9) 0x4f0f199e53B21592D424ea12741dA49C9F4E6357 (1000 ETH)

Private Keys
==================
(0) 0x7764c525cdafe3cac7bd33811936d4148cae917fedb6474bc48d3b0d72459243
(1) 0x1c1876b52c23b4f7ecebc2360e596d1dea3371966f383d44ca61333652a9271e
(2) 0x77f45dd953f32e9e87c39e33bcd720f707d67de16e599500b208b2c6701cf69b
(3) 0x33111b5a495dd8dd306a07dbf57ce2d7d72308667b2498cedd90e050e5498683
(4) 0x7258d26da5fc0d51a24176227072d7ca902ecc78fa99f81b26f90b754f8e1289
(5) 0x26598f5b52d1af1ca441280d7a6e8ada0639eb2fd10d70d2d486b06b6a331521
(6) 0xb730efb4e2f3c5642cf253180f9010dac3af65bc48fea6a16dbb489187a5b9db
(7) 0xc53e53b3ba1c10a159d62cbb0a88f75b7863a4e15469a196579e5276c0739987
(8) 0x85ab0d07cc31fdc845cd278fd08752e589d35f13035048eab6be217aebeec5c4
(9) 0xda2baf37454ef23b831f8b760435d00be80f41cef0688b8be3b76252cb7195d6

HD Wallet
==================
Mnemonic:      maple wrap wood color north scrub math kick grow dial popular bicycle
Base HD Path:  m/44'/60'/0'/0/{account_index}

Default Gas Price
==================
2000000000

BlockGas Limit
==================
30000000

Call Gas Limit
==================
50000000

Chain
==================
Hardfork: shanghai
Id:       1337

RPC Listening on 127.0.0.1:8545
eth_blockNumber
net_version
eth_accounts
eth_accounts
eth_blockNumber
net_version
eth_getBlockByNumber
eth_estimateGas
eth_getBlockByNumber
eth_gasPrice
eth_sendTransaction

  Transaction: 0x18d38d7b533d9d71d3c2320bdfcf0d21f0b0e5f118c2fb1fa856e2f3ee4e23e8
  Contract created: 0xd76382ef1bae6ef3cd0e79992ada12800e348c85
  Gas usage: 1975920
  Block number: 1
  Block time: Thu May 07 2026 20:37:41 GMT+0700 (Indochina Time)

eth_getTransactionReceipt
eth_getCode
eth_getTransactionReceipt
eth_getBlockByNumber
eth_gasPrice
eth_sendTransaction

  Transaction: 0xa071b6a45abae9e5414fa791573da637730282b5a1ef9068b7ec7f1380eaca1f
  Gas usage: 21055
  Block number: 2
  Block time: Thu May 07 2026 20:37:41 GMT+0700 (Indochina Time)

eth_getTransactionReceipt
eth_blockNumber
evm_mine
eth_blockNumber
evm_mine
eth_blockNumber
evm_mine
eth_blockNumber
evm_mine
eth_blockNumber
evm_mine
eth_blockNumber
evm_mine
eth_blockNumber
net_version
eth_getBlockByNumber
eth_estimateGas
eth_getBlockByNumber
eth_gasPrice
eth_sendTransaction

  Transaction: 0x680c65a509e87503e84f959b18a85d87f908fb346daace0d8fa75c27cc8b21da
  Gas usage: 52925
  Block number: 9
  Block time: Thu May 07 2026 20:37:41 GMT+0700 (Indochina Time)

eth_getTransactionReceipt
eth_blockNumber
evm_mine
eth_blockNumber
net_version
eth_getBlockByNumber
eth_estimateGas
eth_getBlockByNumber
eth_gasPrice
eth_sendTransaction

  Transaction: 0x3764f6da5892274b502e7698b1f156745f3dde8e0d3ca94cf61902ff947c0f42
  Gas usage: 35837
  Block number: 11
  Block time: Thu May 07 2026 20:37:42 GMT+0700 (Indochina Time)

eth_getTransactionReceipt
eth_blockNumber
net_version
eth_getBlockByNumber
eth_estimateGas
eth_getBlockByNumber
eth_gasPrice
eth_sendTransaction

  Transaction: 0x2d6d305fde75355d3a5fa50797fd2ddf5a6dd476a4e84cc32646cced48c60d5d
  Gas usage: 59539
  Block number: 12
  Block time: Thu May 07 2026 20:37:42 GMT+0700 (Indochina Time)

eth_getTransactionReceipt
eth_blockNumber
eth_getBalance
eth_getTransactionByHash
debug_traceTransaction
eth_getTransactionByHash
debug_traceTransaction
eth_getTransactionByHash
debug_traceTransaction
eth_getTransactionByHash
debug_traceTransaction
eth_getTransactionByHash
debug_traceTransaction

Received shutdown signal: SIGTERM
Shutting down…
Server has been shut down
