ganache v7.9.2 (@ganache/cli: 0.10.2, @ganache/core: 0.10.2)
Starting RPC server
web3_clientVersion

Available Accounts
==================
(0) 0x8F7f8401380f6D5f785E82200661D325a6C05d6e (1000 ETH)
(1) 0x06AB7Bb247cDc147Cc088DC97bd42325301af336 (1000 ETH)
(2) 0xCfDa2C28f7F50000e4bC1203d57835a4a1507F75 (1000 ETH)
(3) 0x67e9ef7589e4907296a280a8B67DA34E9Ee878b7 (1000 ETH)
(4) 0x5778e1aD0Ee98C2db54CAAb4DF68A626546b432e (1000 ETH)
(5) 0xB17B7C8b9bDC2a7e5B61613424cD3F3eF6342b07 (1000 ETH)
(6) 0x6E96483Eb2D478Cb232B5d611Ae8820bD28A50eA (1000 ETH)
(7) 0x54ee2796880D32cc6bb2Ed49E6789489e696B39A (1000 ETH)
(8) 0xf8De682189c5570aD6dE99C6728819FfeaBe8A40 (1000 ETH)
(9) 0x03e487D4c629eEDccA13015FcF99874Df25F5E32 (1000 ETH)

Private Keys
==================
(0) 0xfb893e824ff9114988e495c8816fa6526797931bd657f883ff6dd1ee7a795e09
(1) 0x758c38294bc61d55b7d301b3af8b6129155be91568b2ebbbfc71c730dd6b5775
(2) 0x578c2e04ef90ebb594eb68f7b0ff4b85215f0fa64aab69c7e8b6187c84685322
(3) 0x61173deb82a277edd1f1c8a406bb956e601681a0695b6b20f0009b2bb6f460b6
(4) 0x6dab1ac921e5ab8cb830a36f86ec9ef75a85acaf76c6b7ea8977c1caeb941bf3
(5) 0x9e1e6beefc753090de30be5e6d237202650c2d8f54f05c8c96c4b1758eeb7340
(6) 0x57ac151c1da6fbce8374a55035ad51b7a55800b305b637aa560ced18f3f4f404
(7) 0xc9860c3e0e9540b6e69fc3836f157be6e08e69da9352b5fe4a5e52142f9c326a
(8) 0x7e79eb1f9ba8a9dbc8ac74b6a43c62e20888a84d15053200092a72df4e42a3d8
(9) 0xce317a84b6dc5a707f6f89d689c30b4986a1ad6540b156b24550ba28d5afbb0b

HD Wallet
==================
Mnemonic:      badge bag remember tonight vessel fantasy hedgehog body drum verb any apology
Base HD Path:  m/44'/60'/0'/0/{account_index}

Default Gas Price
==================
2000000000

BlockGas Limit
==================
30000000

Call Gas Limit
==================
50000000

Chain
==================
Hardfork: shanghai
Id:       1337

RPC Listening on 127.0.0.1:8545
eth_blockNumber
net_version
eth_accounts
eth_accounts
eth_blockNumber
net_version
eth_getBlockByNumber
eth_estimateGas
eth_getBlockByNumber
eth_gasPrice
eth_sendTransaction

  Transaction: 0x612d181a75d9913c13bb89c7e1e2783e4cbc01c7b99517d5e4a3776f40cab8f4
  Contract created: 0xbc27aced05c39fabb756c85ba70b13a917530d07
  Gas usage: 1285274
  Block number: 1
  Block time: Thu May 07 2026 21:26:02 GMT+0700 (Indochina Time)

eth_getTransactionReceipt
eth_getCode
eth_getTransactionReceipt
eth_getBlockByNumber
eth_gasPrice
eth_sendTransaction

  Transaction: 0xb7bece3e295ddf2e1ac7ef23b08c303b9cdbd47da80d71131b677a624bb26ea3
  Gas usage: 21055
  Block number: 2
  Block time: Thu May 07 2026 21:26:02 GMT+0700 (Indochina Time)

eth_getTransactionReceipt
net_version
eth_getBlockByNumber
eth_estimateGas
eth_getBlockByNumber
eth_gasPrice
eth_sendTransaction

  Transaction: 0xa43e948d7607527face846e16f29799a781dccae45d43f82c0af40d1e1c23798
  Gas usage: 75948
  Block number: 3
  Block time: Thu May 07 2026 21:26:03 GMT+0700 (Indochina Time)

eth_getTransactionReceipt
eth_blockNumber
eth_getBalance
eth_getTransactionByHash
debug_traceTransaction
eth_getTransactionByHash
debug_traceTransaction
eth_getTransactionByHash
debug_traceTransaction

Received shutdown signal: SIGTERM
Shutting down…
Server has been shut down
