ganache v7.9.2 (@ganache/cli: 0.10.2, @ganache/core: 0.10.2)
Starting RPC server
web3_clientVersion

Available Accounts
==================
(0) 0x76245E3B28a4528bF9F83FcBb319b2f764a606D8 (1000 ETH)
(1) 0x1EC228D1c50C63d5c70897c641dd220f0AaCDFbE (1000 ETH)
(2) 0xbC8a82d7A5a7c9E0314F9425745f250606e01F68 (1000 ETH)
(3) 0xf05471C923db50F1c0851c08b02D6a67ec97D77b (1000 ETH)
(4) 0xD85791AE1608BaB839CD0ddb50B2f6EEFcf7EE0b (1000 ETH)
(5) 0x16105A3C647e7D7AD57A65C9C9d48000BF6FafA8 (1000 ETH)
(6) 0x7983bC567F82Eb6BA3d8ca54401cc8F63F682696 (1000 ETH)
(7) 0x8a6C84ABd38Ad3C0D7EDcc489eD724Ca36E08192 (1000 ETH)
(8) 0x738dCDF80EEFD4CF89B087Ab527da24C7663F9C9 (1000 ETH)
(9) 0xDc2c13a960d3815FC6Dfe464DE718ECBde681143 (1000 ETH)

Private Keys
==================
(0) 0x5c8f2a3edddb169c0ea2fcfd90a0bc8591eca92e31487b11d9a801646c83f9a1
(1) 0x363ade04ebcd5f705798a09517ed55aa69c571d74ea2d9ab4cf812763c6d9992
(2) 0x8fe1a3b570f1d85e8d88d3b96732033197e0244e3223c65789a9361863afcd6f
(3) 0xfa2591f4b4e412c70fba366b163524c0af9a223a22c3544ccbc2911f23d10197
(4) 0xe82c5d1cda2aede48ca083a6f38b90d0810a624716243680d03422b7b7392278
(5) 0xfe636b456f3e0b725e55eaa25416e1f2119f0c3985a1ca7862933fcf8294bc79
(6) 0x5c0fdb7c902aad5f323c116d5084ef4e564469c8b3a7138974b35c74a6ee8247
(7) 0x8211eb52b05f3394699bcf7908733c3538ee3ed85f2095b2ee8b0d2eb8ccf72c
(8) 0x95e68f6c7f71026806defe1e925ac4ac5b4f8f5d4ff5c19af61837ef1609cf57
(9) 0xb3ae36dfa7cc09651385a8560066840bd876417028eb8cdbd26ef3b5bacd62ee

HD Wallet
==================
Mnemonic:      brand neither tree about fish grab kitten marine owner creek rabbit believe
Base HD Path:  m/44'/60'/0'/0/{account_index}

Default Gas Price
==================
2000000000

BlockGas Limit
==================
30000000

Call Gas Limit
==================
50000000

Chain
==================
Hardfork: shanghai
Id:       1337

RPC Listening on 127.0.0.1:8545
eth_blockNumber
net_version
eth_accounts
eth_accounts
eth_blockNumber
net_version
eth_getBlockByNumber
eth_estimateGas
eth_getBlockByNumber
eth_gasPrice
eth_sendTransaction

  Transaction: 0x3d2857892a7c8babe4f37a5a642e1f1b6f92c3a95aa33dd5a9257d2b34516d38
  Contract created: 0x9b247433108de0064ef983c5821723852f7fd170
  Gas usage: 1631238
  Block number: 1
  Block time: Thu May 07 2026 22:18:30 GMT+0700 (Indochina Time)

eth_getTransactionReceipt
eth_getCode
eth_getTransactionReceipt
eth_getBlockByNumber
eth_gasPrice
eth_sendTransaction

  Transaction: 0x8706102d7c21a28f79692bc98026bf72c27ffd0fd46addb9cd467803636ead60
  Gas usage: 21055
  Block number: 2
  Block time: Thu May 07 2026 22:18:30 GMT+0700 (Indochina Time)

eth_getTransactionReceipt
eth_blockNumber
evm_mine
eth_blockNumber
evm_mine
eth_blockNumber
evm_mine
eth_blockNumber
evm_mine
eth_blockNumber
evm_mine
eth_blockNumber
net_version
eth_getBlockByNumber
eth_estimateGas
eth_getBlockByNumber
eth_gasPrice
eth_sendTransaction

  Transaction: 0xab611f32dfb31b3d64f185815bba3bc5d1842388fd24294fb60148f48724399b
  Gas usage: 52925
  Block number: 8
  Block time: Thu May 07 2026 22:18:30 GMT+0700 (Indochina Time)

eth_getTransactionReceipt
eth_blockNumber
evm_mine
eth_blockNumber
net_version
eth_getBlockByNumber
eth_estimateGas
eth_getBlockByNumber
eth_gasPrice
eth_sendTransaction

  Transaction: 0xd290d8ec233654a08d061167d167b2cb667748ecf08f69b00d55083a702e08d7
  Gas usage: 35837
  Block number: 10
  Block time: Thu May 07 2026 22:18:30 GMT+0700 (Indochina Time)

eth_getTransactionReceipt
eth_blockNumber
net_version
eth_getBlockByNumber
eth_estimateGas
eth_getBlockByNumber
eth_gasPrice
eth_sendTransaction

  Transaction: 0xec1da24abdbb981aa0e63f4705da97c30ce35091245bc6ad621030d019c193d6
  Gas usage: 59539
  Block number: 11
  Block time: Thu May 07 2026 22:18:30 GMT+0700 (Indochina Time)

eth_getTransactionReceipt
eth_blockNumber
eth_getBalance
eth_getTransactionByHash
debug_traceTransaction
eth_getTransactionByHash
debug_traceTransaction
eth_getTransactionByHash
debug_traceTransaction
eth_getTransactionByHash
debug_traceTransaction
eth_getTransactionByHash
debug_traceTransaction

Received shutdown signal: SIGTERM
Shutting down…
Server has been shut down
