ganache v7.9.2 (@ganache/cli: 0.10.2, @ganache/core: 0.10.2)
Starting RPC server

Available Accounts
==================
(0) 0x80b2EaB00f8117FE74E41f5c43Fd16FeB4aA1C77 (1000 ETH)
(1) 0xfbC51cE1704960324087D1872A35C5a867Bee157 (1000 ETH)
(2) 0x2956a281bBF36099a96b3f7c036171FB0C6Cb222 (1000 ETH)
(3) 0xEb724c0199B245cd891CFb21194f485dFe514EFE (1000 ETH)
(4) 0x81A2037C32E1F8cA4b50A264D89abfE55C06d193 (1000 ETH)
(5) 0xB943DEb50A9ABd6C6847f1066eE7Ad9C5e0d949b (1000 ETH)
(6) 0x9486882d9c4cE509FCb2B2ddb40b4AE7F6029362 (1000 ETH)
(7) 0xce4Ba949B1BC2a60149F409c1Cc20ca90c890744 (1000 ETH)
(8) 0xb3860dEA720BaeE34DbC28A1e6091D669cC03bcA (1000 ETH)
(9) 0x4181B1E5063960F61EB0Be98c07a729C60C86c85 (1000 ETH)

Private Keys
==================
(0) 0xf7df22ccb0176019525c5134274849107f65facc9e60ae96834a862a033614f7
(1) 0x563bea7ef21efe3367cb095b0c565f6f0426a29c3324794248982a85530ee0ab
(2) 0x49d8f3fba6fc7c7e7dc8f477b8d1103ea08836e4bafbc1c9d57194b38bb4493f
(3) 0x44f27ae710e0c7a2675195f78bb0367f9742a53cfd0a3de6b5f6613b0cb1144a
(4) 0x38f69fb7f00b74c130d1dc3506929051b939862d1b19d9912bd25db4007018db
(5) 0x297c161826978dfe0632c1f1d0f2b5b624b6a922d78d7482d902c90380678820
(6) 0x626654224aab7c06d1e0ff7943d550af5d039096ec516a2c497a277510e913e4
(7) 0xa5b956ffe4f3c23459bfe4d81d20357ce9964185e258463a364a504005d4437b
(8) 0x8c0879787c1833f6aecea7322c846bcc881e12f7d90d33747feb61c50412a612
(9) 0xfa61224358106e2f5cce9c66a137f223f46255778869bdfa256449c2848f729c

HD Wallet
==================
Mnemonic:      crop earth ahead swallow elevator make nut kitchen bunker panic exact help
Base HD Path:  m/44'/60'/0'/0/{account_index}

Default Gas Price
==================
2000000000

BlockGas Limit
==================
30000000

Call Gas Limit
==================
50000000

Chain
==================
Hardfork: shanghai
Id:       1337

RPC Listening on 127.0.0.1:8545
web3_clientVersion
eth_blockNumber
net_version
eth_accounts
eth_accounts
eth_blockNumber
net_version
eth_getBlockByNumber
eth_estimateGas
eth_getBlockByNumber
eth_gasPrice
eth_sendTransaction

  Transaction: 0x0ff9c00c6c5ed6790fd222592c9e9ad90c643f015bffda914a0110aba5a7f58b
  Contract created: 0x69144c76811a298ec703b16724e03181ad8f3817
  Gas usage: 1239450
  Block number: 1
  Block time: Fri May 08 2026 01:43:12 GMT+0700 (Indochina Time)

eth_getTransactionReceipt
eth_getCode
eth_getTransactionReceipt
eth_getBlockByNumber
eth_gasPrice
eth_sendTransaction

  Transaction: 0x21b0e1dd6ffb74641ee45a713593f97b2f61f3aa47c87e6c4398ab2087e681b5
  Gas usage: 21055
  Block number: 2
  Block time: Fri May 08 2026 01:43:12 GMT+0700 (Indochina Time)

eth_getTransactionReceipt
eth_blockNumber
evm_mine
eth_blockNumber
evm_mine
eth_blockNumber
evm_mine
eth_blockNumber
evm_mine
eth_blockNumber
evm_mine
eth_blockNumber
net_version
eth_getBlockByNumber
eth_estimateGas
eth_getBlockByNumber
eth_gasPrice
eth_sendTransaction

  Transaction: 0x2e21d4ecea1b9fd26cebeb8741a39910be012e95266e060c4f60dff1b2f4aa39
  Gas usage: 59539
  Block number: 8
  Block time: Fri May 08 2026 01:43:12 GMT+0700 (Indochina Time)

eth_getTransactionReceipt
eth_blockNumber
eth_getBalance
eth_getTransactionByHash
debug_traceTransaction
eth_getTransactionByHash
debug_traceTransaction
eth_getTransactionByHash
debug_traceTransaction

Received shutdown signal: SIGTERM
Shutting down…
Server has been shut down
