COMMAND: python3 experiments/scale_trace/scripts/trace_result_json.py /home/aothuatgiadp/blockchain/project/CTLC-Implementation/experiments/scale_trace/runs/random_v1_6/B-_E_evm_fund_be_CTLCOnly_refund/result.json /home/aothuatgiadp/blockchain/project/CTLC-Implementation/experiments/scale_trace/runs/random_v1_6/B-_E_evm_fund_be_CTLCOnly_refund/trace.json
STATUS: 0

STDOUT:
{
  "graph_id": "",
  "pair": "B->E|evm|fund:be",
  "contract": "CTLCOnly",
  "scenario": "refund",
  "contractAddress": "0xaaB7232c2b2A6aA429ca62F490F3746D5Fb864A7",
  "traces": {
    "deploy": {
      "tx_hash": "0x8e2fbb8aaa43c985d587d02328a32c5d38ea13454f3b6c01a248c102bafae0e1",
      "actual_calldata_bytes": 7123,
      "actual_sstore_count": 9,
      "actual_call_count": 0,
      "opcode_steps": 1374
    },
    "fund": {
      "tx_hash": "0xf1228968970122a7a537c3ea857700a6a48667c765af9553d21eea8c168cf72d",
      "actual_calldata_bytes": 0,
      "actual_sstore_count": 0,
      "actual_call_count": 0,
      "opcode_steps": 13
    },
    "refund_level0": {
      "tx_hash": "0x304546b8e957a517248cd840369f7a113395abf835b22037b0600bceea594dbe",
      "actual_calldata_bytes": 4,
      "actual_sstore_count": 1,
      "actual_call_count": 1,
      "opcode_steps": 229
    }
  }
}


STDERR:

