ganache v7.9.2 (@ganache/cli: 0.10.2, @ganache/core: 0.10.2)
Starting RPC server

Available Accounts
==================
(0) 0x9Ffec871ED42EA8fC5E035A563a385ad7f019bb8 (1000 ETH)
(1) 0x67e1Bc56A6314a28AF3468E923A3573CFde08108 (1000 ETH)
(2) 0x877d3741eEd1059cbeb64c11C72B37eC1006593E (1000 ETH)
(3) 0x86F69F1Cda19658C7eAA3545FF0E04F34A951AcC (1000 ETH)
(4) 0x4B0BC7003e8af0e57CED9C4ADaeF09DECBB9c193 (1000 ETH)
(5) 0xd213f6B055A0b1a46342107608541cb8770e577e (1000 ETH)
(6) 0x45b826f2F51673DfCaDed555a602Cb8F9f9d7f9F (1000 ETH)
(7) 0x748f6cFEbeB0f2F47a7024AB4F56be7c1e6D93CE (1000 ETH)
(8) 0x16c7b31D9E5eDC8C442f6892850D2b9211Edb584 (1000 ETH)
(9) 0x634D15c2919bAb0B239e3994c2Da99464E01877e (1000 ETH)

Private Keys
==================
(0) 0x74af9758e187de1284959dc8bbfc2229e6b177e31918af55fb5ac139c0a8fc88
(1) 0xc5cea7d23b9255b6527b624658b406fce3fa477dda0fd32841a4d1b64ba8a98c
(2) 0x3fa2080fdcbcf6c674a8fbaf85b5270a1ba8cfa15d71673617a9db128bb1ae8a
(3) 0x59ac23d71d3b53e404b2cb91698c34dfaaf27ee249d0d8be2175344b56f91206
(4) 0x0833adf020d9cd633643ceb6057ffc62767fed8a779afd3a1e386e58c6ba8cb4
(5) 0xe1a2999c7ad81c305ae82b89466426c8868fc477d097681abb02463670ee8e7c
(6) 0x6bc2eb734760eb9861491bbd6fe383d4bedf75310a866f431f53abe518723434
(7) 0x76666ae7d8bd4f95077671935b6b87877ee83f9ce49f3e1301164d83d5699200
(8) 0xae9812a7ef6492ca30d25935b9069ffa41857bd929599fe914df7d97b1256f83
(9) 0x7ba1467e6c48f9837db6107e7ab696d88d308a0b75e40431eee5fb5cee53471e

HD Wallet
==================
Mnemonic:      approve olympic exit engine august argue ethics citizen tornado escape draw layer
Base HD Path:  m/44'/60'/0'/0/{account_index}

Default Gas Price
==================
2000000000

BlockGas Limit
==================
30000000

Call Gas Limit
==================
50000000

Chain
==================
Hardfork: shanghai
Id:       1337

RPC Listening on 127.0.0.1:8545
web3_clientVersion
eth_blockNumber
net_version
eth_accounts
eth_accounts
eth_blockNumber
net_version
eth_getBlockByNumber
eth_estimateGas
eth_getBlockByNumber
eth_gasPrice
eth_sendTransaction

  Transaction: 0xf1c14ae2a634431a79899e98c94234fe1db353b3dcbcd8afec6693e35be64a91
  Contract created: 0x2752a98bd8e6d4608c46533e7e35432064593ecc
  Gas usage: 1215535
  Block number: 1
  Block time: Fri May 08 2026 00:31:51 GMT+0700 (Indochina Time)

eth_getTransactionReceipt
eth_getCode
eth_getTransactionReceipt
eth_getBlockByNumber
eth_gasPrice
eth_sendTransaction

  Transaction: 0x7ce21cc90aa4f60895eb90fafcf9f5eb12ddf30505d697a1cb4eca55be670c4e
  Gas usage: 21055
  Block number: 2
  Block time: Fri May 08 2026 00:31:51 GMT+0700 (Indochina Time)

eth_getTransactionReceipt
net_version
eth_getBlockByNumber
eth_estimateGas
eth_getBlockByNumber
eth_gasPrice
eth_sendTransaction

  Transaction: 0xa8e7c553ad80bb3e56ba955e2aecfdd092a91d6db9e462fad1ff76b97243eef8
  Gas usage: 85292
  Block number: 3
  Block time: Fri May 08 2026 00:31:51 GMT+0700 (Indochina Time)

eth_getTransactionReceipt
eth_blockNumber
eth_getBalance
eth_getTransactionByHash
debug_traceTransaction
eth_getTransactionByHash
debug_traceTransaction
eth_getTransactionByHash
debug_traceTransaction

Received shutdown signal: SIGTERM
Shutting down…
Server has been shut down
