COMMAND: python3 experiments/scale_trace/scripts/trace_result_json.py /home/aothuatgiadp/blockchain/project/CTLC-Implementation/experiments/scale_trace/runs/random_v1_222/B-_C_evm_fund_bc_CTLCOnly_worst_claim/result.json /home/aothuatgiadp/blockchain/project/CTLC-Implementation/experiments/scale_trace/runs/random_v1_222/B-_C_evm_fund_bc_CTLCOnly_worst_claim/trace.json
STATUS: 0

STDOUT:
{
  "graph_id": "",
  "pair": "B->C|evm|fund:bc",
  "contract": "CTLCOnly",
  "scenario": "worst_claim",
  "contractAddress": "0x2752A98BD8E6d4608c46533e7e35432064593ECC",
  "traces": {
    "deploy": {
      "tx_hash": "0xf1c14ae2a634431a79899e98c94234fe1db353b3dcbcd8afec6693e35be64a91",
      "actual_calldata_bytes": 7251,
      "actual_sstore_count": 13,
      "actual_call_count": 0,
      "opcode_steps": 1726
    },
    "fund": {
      "tx_hash": "0x7ce21cc90aa4f60895eb90fafcf9f5eb12ddf30505d697a1cb4eca55be670c4e",
      "actual_calldata_bytes": 0,
      "actual_sstore_count": 0,
      "actual_call_count": 0,
      "opcode_steps": 13
    },
    "claim_level0": {
      "tx_hash": "0xa8e7c553ad80bb3e56ba955e2aecfdd092a91d6db9e462fad1ff76b97243eef8",
      "actual_calldata_bytes": 676,
      "actual_sstore_count": 1,
      "actual_call_count": 1,
      "opcode_steps": 2498
    }
  }
}


STDERR:

