ganache v7.9.2 (@ganache/cli: 0.10.2, @ganache/core: 0.10.2)
Starting RPC server

Available Accounts
==================
(0) 0x54A8FcEB76d37b6dd1588BF37d8253237E7d80a1 (1000 ETH)
(1) 0x9D2F49ca359D04F10527B5768d674378d77f0496 (1000 ETH)
(2) 0x1e91DFAbB945d5d5eA4F7888D271d9914e03321C (1000 ETH)
(3) 0x1aaDcc861D7d2FC48f9d9199eb881e629D33d175 (1000 ETH)
(4) 0x5DDAf836de683eDa8d50e8F05AbcbFb1Dc12D298 (1000 ETH)
(5) 0x1bF9DFDf287d38DaE142910A3CC398560c9af83D (1000 ETH)
(6) 0x9Ea39d28F36fbAe76aF69BEaf6Df80DAaa372ff4 (1000 ETH)
(7) 0x1C185A96150E7c7C606BDCd8B215F5548b528B0c (1000 ETH)
(8) 0x9A7cec5338070250F4b15929F1506c78bAdE5dDc (1000 ETH)
(9) 0x3852DE448B01c37447C685d41b7103A5F9701C6A (1000 ETH)

Private Keys
==================
(0) 0x727a6edf3d0789f613f950bad08df407d42fe0df3e09eda3aeadbe44f4d389ae
(1) 0xbb13741e03f9d62055cb67ce26e984a50824c61f43e780ce8c4524167c45bc2d
(2) 0x9e1dd33f5e23e8f90ce2bf41db551f790aaed6d4de3b47bf121c1e93fb360c82
(3) 0x68ca9bb252c1ddebfe96a20ab5121bddc7515be8b8bf311e081682e082d8d2b3
(4) 0xb5a5430519768d564b102cc249d67e55aa5810764bec7258e61ecf16facc1725
(5) 0x9747739e1d4e06be9df000b0a9d54fded079ef85ba8167b1d51d96098836151f
(6) 0xb3133e1875b4afb75b4d86bcd2ccec8100f9393b9b27ad6ddbac13b10d90f765
(7) 0xe0d60cad5a3b775fea2d8c0efa691dd58707b197aeb3f1e2d5363e0688f7a4b2
(8) 0x5885e8a77bbace8f0051f7d40db007a40971d8a7d84f1156177c55f171611999
(9) 0x2b322417cdff8857fcd66b4231a1ac50f09105ee7b7f80d666d9e2ed8c692111

HD Wallet
==================
Mnemonic:      tape slender little knee vast embrace saddle like eternal panic culture pottery
Base HD Path:  m/44'/60'/0'/0/{account_index}

Default Gas Price
==================
2000000000

BlockGas Limit
==================
30000000

Call Gas Limit
==================
50000000

Chain
==================
Hardfork: shanghai
Id:       1337

RPC Listening on 127.0.0.1:8545
web3_clientVersion
eth_blockNumber
net_version
eth_accounts
eth_accounts
eth_blockNumber
net_version
eth_getBlockByNumber
eth_estimateGas
eth_getBlockByNumber
eth_gasPrice
eth_sendTransaction

  Transaction: 0x22e8c42536f0aff16d0b6da3aef31357b220da528bf9d94a799ebd1572895539
  Contract created: 0x860d30e8cb96372e78f92fdfae8953f15e777ca2
  Gas usage: 1239070
  Block number: 1
  Block time: Fri May 08 2026 01:18:16 GMT+0700 (Indochina Time)

eth_getTransactionReceipt
eth_getCode
eth_getTransactionReceipt
eth_getBlockByNumber
eth_gasPrice
eth_sendTransaction

  Transaction: 0x32ba2784a4a6c4cbb38a6e3a4835f81505ac337883300b7a6ccac3878149c3a3
  Gas usage: 21055
  Block number: 2
  Block time: Fri May 08 2026 01:18:17 GMT+0700 (Indochina Time)

eth_getTransactionReceipt
eth_blockNumber
evm_mine
eth_blockNumber
evm_mine
eth_blockNumber
evm_mine
eth_blockNumber
evm_mine
eth_blockNumber
evm_mine
eth_blockNumber
net_version
eth_getBlockByNumber
eth_estimateGas
eth_getBlockByNumber
eth_gasPrice
eth_sendTransaction

  Transaction: 0x9d44bc468d94579e985dedc69491a7ae89d26a9cb88c543616de6a45cf07b429
  Gas usage: 52947
  Block number: 8
  Block time: Fri May 08 2026 01:18:17 GMT+0700 (Indochina Time)

eth_getTransactionReceipt
eth_blockNumber
net_version
eth_getBlockByNumber
eth_estimateGas
eth_getBlockByNumber
eth_gasPrice
eth_sendTransaction

  Transaction: 0x42c862263c513682ac4847ba413fb006e8840780c3f4da498d9bbf669d3467a7
  Gas usage: 59561
  Block number: 9
  Block time: Fri May 08 2026 01:18:17 GMT+0700 (Indochina Time)

eth_getTransactionReceipt
eth_blockNumber
eth_getBalance
eth_getTransactionByHash
debug_traceTransaction
eth_getTransactionByHash
debug_traceTransaction
eth_getTransactionByHash
debug_traceTransaction
eth_getTransactionByHash
debug_traceTransaction

Received shutdown signal: SIGTERM
Shutting down…
Server has been shut down
