ganache v7.9.2 (@ganache/cli: 0.10.2, @ganache/core: 0.10.2)
Starting RPC server

Available Accounts
==================
(0) 0x4C2F034D9868A8eCf28312ef99F86A32bfC94b92 (1000 ETH)
(1) 0x3751233E0464F6375d1B3d3714Fa7e3b5817188d (1000 ETH)
(2) 0xA82391E94BdD967826973F2c8F927eCFE3cFcAFB (1000 ETH)
(3) 0x739F5519AaC098b0a172105deB1e1a33a8b9674f (1000 ETH)
(4) 0x1Db887Bea58C09f0F2F69D83C0c8dEF68Bc0cfE6 (1000 ETH)
(5) 0x7A00a5f1B7c95CFe4a1efb411de9B7cf8190209a (1000 ETH)
(6) 0xe3Ec0D5C13f29e683792cC02898cA9a099711A87 (1000 ETH)
(7) 0xA84aD276894C83DcE9Ba32F193d911202e2E3e49 (1000 ETH)
(8) 0x271962C5e413daaD5aAC79c21F998a749ea4A1a6 (1000 ETH)
(9) 0x1796fa3B2f2DF1C11829EF35F82b7A6640be668c (1000 ETH)

Private Keys
==================
(0) 0xa5d439e8aaa7ec027f004d23501fb69a31f85843a9bb4aa1b6f3fcd4b7e9a03f
(1) 0x04df6cc7a71aebeb49da57722a21994c48082c27cd6ec91aec61cac55170ba77
(2) 0x8a86f3b3962ccfbdb1d5a7c924ea4c3e91f546e052bf1517ecba4335ed248cc3
(3) 0xec0e891b2a8db963abc34dda81240eb89665acb1d271757e7a553896d9911d99
(4) 0xf9234da5ba4b15a602ddd0e629889ac668ffd7c619b088d3d314abbcd7642785
(5) 0x18942ffef932aa0228ee8e0a46b59d02cee269d64e6467387241176cc00c979a
(6) 0xaaab47b052a71267aec2b3766d264d92e1e535e0d8d947fbf73ab9dbf2cc1b63
(7) 0x9d2cef3dee232892d930ca35034b6b47308ed55c4ff3cc70ef6e7ec152dc520f
(8) 0xbea1fbc933d4aade0689d358b4abcb76adc5b9fb34e8afdde30d3dad1c0ed78f
(9) 0xaf71c46d74f1d087458cc20885258828e6d2f1d1eb8b32ff3055605084bac03a

HD Wallet
==================
Mnemonic:      blue tool guide ethics hood modify decade toilet guide lamp fall auction
Base HD Path:  m/44'/60'/0'/0/{account_index}

Default Gas Price
==================
2000000000

BlockGas Limit
==================
30000000

Call Gas Limit
==================
50000000

Chain
==================
Hardfork: shanghai
Id:       1337

RPC Listening on 127.0.0.1:8545
web3_clientVersion
eth_blockNumber
net_version
eth_accounts
eth_accounts
eth_blockNumber
net_version
eth_getBlockByNumber
eth_estimateGas
eth_getBlockByNumber
eth_gasPrice
eth_sendTransaction

  Transaction: 0x02651803c105f4733f1cd8335ecd4b66a5b2a61f565a406f9f86ee7db67d93e4
  Contract created: 0x02f341d58c50a2b61d1a640ded73c18a0c7a6579
  Gas usage: 1239462
  Block number: 1
  Block time: Fri May 08 2026 03:27:27 GMT+0700 (Indochina Time)

eth_getTransactionReceipt
eth_getCode
eth_getTransactionReceipt
eth_getBlockByNumber
eth_gasPrice
eth_sendTransaction

  Transaction: 0x656946663da62e34a54a65e3512a5c1a963ef72a055b818676b86810f9f2f862
  Gas usage: 21055
  Block number: 2
  Block time: Fri May 08 2026 03:27:27 GMT+0700 (Indochina Time)

eth_getTransactionReceipt
net_version
eth_getBlockByNumber
eth_estimateGas
eth_getBlockByNumber
eth_gasPrice
eth_sendTransaction

  Transaction: 0x04c6343f906444910392d49549895ffb5573c3b0d4570f40db75d2913d95609e
  Gas usage: 71641
  Block number: 3
  Block time: Fri May 08 2026 03:27:27 GMT+0700 (Indochina Time)

eth_getTransactionReceipt
eth_blockNumber
eth_getBalance
eth_getTransactionByHash
debug_traceTransaction
eth_getTransactionByHash
debug_traceTransaction
eth_getTransactionByHash
debug_traceTransaction

Received shutdown signal: SIGTERM
Shutting down…
Server has been shut down
