COMMAND: python3 experiments/scale_trace/scripts/trace_result_json.py /home/aothuatgiadp/blockchain/project/CTLC-Implementation/experiments/scale_trace/runs/random_v1_64/D-_A_evm_fund_da_CTLCOnly_best_claim/result.json /home/aothuatgiadp/blockchain/project/CTLC-Implementation/experiments/scale_trace/runs/random_v1_64/D-_A_evm_fund_da_CTLCOnly_best_claim/trace.json
STATUS: 0

STDOUT:
{
  "graph_id": "",
  "pair": "D->A|evm|fund:da",
  "contract": "CTLCOnly",
  "scenario": "best_claim",
  "contractAddress": "0xBf422a413dB900F4e4577A544FB444D7Db9145f4",
  "traces": {
    "deploy": {
      "tx_hash": "0x8fc02f425d73f22c657170156879c5e8f477ea8f2d9766a32c97c04b5d496ed1",
      "actual_calldata_bytes": 7091,
      "actual_sstore_count": 8,
      "actual_call_count": 0,
      "opcode_steps": 1286
    },
    "fund": {
      "tx_hash": "0x5268ad82a5ce0f95e786ded4bb73df8d4fb82bbbf4dc0ad5e16bd4c9a147f6ef",
      "actual_calldata_bytes": 0,
      "actual_sstore_count": 0,
      "actual_call_count": 0,
      "opcode_steps": 13
    },
    "claim_level0": {
      "tx_hash": "0x85eec9151e301a9b75c80c8eafc26b0de952a9db00fb5b49525b29b46ccab327",
      "actual_calldata_bytes": 196,
      "actual_sstore_count": 1,
      "actual_call_count": 1,
      "opcode_steps": 793
    }
  }
}


STDERR:

