ganache v7.9.2 (@ganache/cli: 0.10.2, @ganache/core: 0.10.2)
Starting RPC server

Available Accounts
==================
(0) 0x0e5e3a686AA43D6e567292421faf2d29257F3537 (1000 ETH)
(1) 0x45C3e6d66AEfd506fb9483a8b074A3e4e297E4EC (1000 ETH)
(2) 0x3e320043F622BE5bfC65A2562247b8139Ec82Ea2 (1000 ETH)
(3) 0xbce1Ce2ba15d41c7a0dC592D34e74036A2A97118 (1000 ETH)
(4) 0xC11322A0A8e7738D480CBa0659ffAc37b4B4031a (1000 ETH)
(5) 0xb3E265d17640A752221A9d4e2f74a83fCC1a98D3 (1000 ETH)
(6) 0x216Df5DE2C44D5555589457B73e3246f7d5f6416 (1000 ETH)
(7) 0x1aAe4Cda385Ec3C6C69887BE141cFe57866333bd (1000 ETH)
(8) 0xE80bcF8Ab39C3aeA16A78EC4681eBa41c2B8be41 (1000 ETH)
(9) 0x0a19aC54eECfE9e2818b33F6be739e9892630a2A (1000 ETH)

Private Keys
==================
(0) 0x41206d98b5013a4c91b31f2ac70ded2388cd7a658e4e753ac2a7f22c6cd82bc8
(1) 0xdfc62a0de155907d8ebefcc6ed03e6d2c282164800fffbc2ab3386d2762f552a
(2) 0xcfc17426fee97d5784223cd815dcb54d0d0db75bc56a3638b6644830d9b5c846
(3) 0x9b7f5bd055ddd3f68cbf5df5a2964f7af37634556a739fa3c483c2fb97307a59
(4) 0x5c04ed1fc377923103dcddb03887c0fc09fcd3c570e90c23d591c047da0b7dfd
(5) 0xb57d48437d6c4b6dffa1a94641a9f573db3caa1f1b8c8c0b3d9aa34b50ea1322
(6) 0xf0d2af23d5f3898ebe1755fa770dc6c877841cacb7d0b1ba9de2fac7c6d9f13e
(7) 0xb3d95e42038cc7e8fff3cff630314f3e21602635fc8ca4a90d727bec668407fd
(8) 0xe8a4e3e66d195d81bfd0acee0f2cfda05286d16f1579d9719f6d142fd93e77d7
(9) 0x62c184e1488129d7902d0dbb1aab838a8df9c40be178769be23bf580bfb8abe3

HD Wallet
==================
Mnemonic:      noble sausage festival aisle sense bachelor disease enrich sign burger rich inch
Base HD Path:  m/44'/60'/0'/0/{account_index}

Default Gas Price
==================
2000000000

BlockGas Limit
==================
30000000

Call Gas Limit
==================
50000000

Chain
==================
Hardfork: shanghai
Id:       1337

RPC Listening on 127.0.0.1:8545
web3_clientVersion
eth_blockNumber
net_version
eth_accounts
eth_accounts
eth_blockNumber
net_version
eth_getBlockByNumber
eth_estimateGas
eth_getBlockByNumber
eth_gasPrice
eth_sendTransaction

  Transaction: 0x9911a89b16e51cc1c495c88cbdebdd0d60d33d28c1637090712b252d164ba12c
  Contract created: 0xd0e1e049567d13521895073963e1b9b3e00716c0
  Gas usage: 1100975
  Block number: 1
  Block time: Thu May 07 2026 21:16:12 GMT+0700 (Indochina Time)

eth_getTransactionReceipt
eth_getCode
eth_getTransactionReceipt
eth_getBlockByNumber
eth_gasPrice
eth_sendTransaction

  Transaction: 0xdcd83768506e5f635464ca20afc77c22c67ddae31297d62253e6c2024547560a
  Gas usage: 21055
  Block number: 2
  Block time: Thu May 07 2026 21:16:12 GMT+0700 (Indochina Time)

eth_getTransactionReceipt
net_version
eth_getBlockByNumber
eth_estimateGas
eth_getBlockByNumber
eth_gasPrice
eth_sendTransaction

  Transaction: 0xd59511bc1c368ec7ffaa8bd5a696a9f17396d306638b7ae3cdb125093b33e593
  Gas usage: 64620
  Block number: 3
  Block time: Thu May 07 2026 21:16:12 GMT+0700 (Indochina Time)

eth_getTransactionReceipt
eth_blockNumber
eth_getBalance
eth_getTransactionByHash
debug_traceTransaction
eth_getTransactionByHash
debug_traceTransaction
eth_getTransactionByHash
debug_traceTransaction

Received shutdown signal: SIGTERM
Shutting down…
Server has been shut down
