ganache v7.9.2 (@ganache/cli: 0.10.2, @ganache/core: 0.10.2)
Starting RPC server

Available Accounts
==================
(0) 0x33d485e5CF47Cb25b1b478e5EB1BcEFbAb56d53c (1000 ETH)
(1) 0xEF9637d8e4ac60BBf27CC6F23c5b574b4774B5Ce (1000 ETH)
(2) 0x00F9f00E308F15fc7d7a454835621F05254E00d7 (1000 ETH)
(3) 0x738E66819030F130edcBc932E2A34700442Fa6cA (1000 ETH)
(4) 0x6c6803D9e0Ef248542a18936e4d29a5A9c641eec (1000 ETH)
(5) 0x67210d8A0203FE544aC6B834ad2A7646f07186AF (1000 ETH)
(6) 0x0963E2Bf8f5A7E95289ce15b3296DB7C2f786f40 (1000 ETH)
(7) 0xa870a46737be81104cd85A7d090774475EAcD8B5 (1000 ETH)
(8) 0x1C7cA8A2064F89Ea557b627818684A58E84cCB72 (1000 ETH)
(9) 0x3e8af25b3904DCd429a9eD4fbBC0a12118a15186 (1000 ETH)

Private Keys
==================
(0) 0x10c1b2926ec05cad7154be4bc05fbf37174f2b95db6a8b86838dec6ca5b0bcd4
(1) 0x4aba95831f4b15bdd4621691697351ef284a8b9b86f0b32c8d23405211bb655f
(2) 0x9c094073341b569037c9dfde28d48903d05bbb62620dc09e55c61fa361597878
(3) 0x2d8ff132a65d5e961deb3b1b62dd17c79f4433b520265a2ab705c354a6dddd38
(4) 0x704fca8033ab5388cfcfe20d1b5a3e7eed9ccbf248d7f8be49b73d6a899e0a1b
(5) 0x699598c813f57318d3fbc2b136015c49a26d4e886ec254ad0a6d0248829936ad
(6) 0xc0c9e94d32390a0b6d9454afc5462719eb94cd6aa05e0a396b9b6c929341ef60
(7) 0x13dd0b7a4e1407f157da9cda5eeede68b43cef9c177db0ce8236754c02084179
(8) 0x22543f1a9f5d6fd4ec3421220a19b926ddbd156b969c16edbd1f607efe1e6cb5
(9) 0x8eade05b2c477a7c3aada5a5a81c493a3b3c968603fca0f187e9dbfc52f0d27d

HD Wallet
==================
Mnemonic:      depth satoshi elite loyal frost ahead tent lava soap record opera cable
Base HD Path:  m/44'/60'/0'/0/{account_index}

Default Gas Price
==================
2000000000

BlockGas Limit
==================
30000000

Call Gas Limit
==================
50000000

Chain
==================
Hardfork: shanghai
Id:       1337

RPC Listening on 127.0.0.1:8545
web3_clientVersion
eth_blockNumber
net_version
eth_accounts
eth_accounts
eth_blockNumber
net_version
eth_getBlockByNumber
eth_estimateGas
eth_getBlockByNumber
eth_gasPrice
eth_sendTransaction

  Transaction: 0x26d33e728f861c553591dd226d26385eeebf306aa323c8c57695c43d6563af2d
  Contract created: 0x313fee3930148bc7fa2045e12969d5967a1a3b72
  Gas usage: 1123899
  Block number: 1
  Block time: Thu May 07 2026 21:11:02 GMT+0700 (Indochina Time)

eth_getTransactionReceipt
eth_getCode
eth_getTransactionReceipt
eth_getBlockByNumber
eth_gasPrice
eth_sendTransaction

  Transaction: 0x7b2bc3d98388ad2fe7eea3c74c49ddb3a163632d4024270c699a130acff3d1d9
  Gas usage: 21055
  Block number: 2
  Block time: Thu May 07 2026 21:11:02 GMT+0700 (Indochina Time)

eth_getTransactionReceipt
net_version
eth_getBlockByNumber
eth_estimateGas
eth_getBlockByNumber
eth_gasPrice
eth_sendTransaction

  Transaction: 0x1687c33c010bc5d894ae72d94ccd3e8a8c430d87cc92e4b242ba748505d84291
  Gas usage: 68735
  Block number: 3
  Block time: Thu May 07 2026 21:11:02 GMT+0700 (Indochina Time)

eth_getTransactionReceipt
eth_blockNumber
eth_getBalance
eth_getTransactionByHash
debug_traceTransaction
eth_getTransactionByHash
debug_traceTransaction
eth_getTransactionByHash
debug_traceTransaction

Received shutdown signal: SIGTERM
Shutting down…
Server has been shut down
