ganache v7.9.2 (@ganache/cli: 0.10.2, @ganache/core: 0.10.2)
Starting RPC server
web3_clientVersion

Available Accounts
==================
(0) 0xcA7F34A090bD7203eCE40de3608Ec782055B244B (1000 ETH)
(1) 0xBd276E372d429A9220ADe236D43abE006Eb35A46 (1000 ETH)
(2) 0x0388a7A7bd50d5dbC564c744E17DF2dE359D6E42 (1000 ETH)
(3) 0xac2A172daa2d6292654c7A1dcD17B507044C9Ba1 (1000 ETH)
(4) 0xc4486e63FdbdcfBDE30A9e4EFf9f9bE30441A57C (1000 ETH)
(5) 0x0A43a72051509B5dADbaA63f94bF128A0124F0dA (1000 ETH)
(6) 0x82c35C0AE560c53E1dc822012598cC85a34895De (1000 ETH)
(7) 0x9DE9E6cdCfA174a49F4BbDd4019E36573724D6D6 (1000 ETH)
(8) 0x797D1822590EE10357F5550E3d0199900177c7D3 (1000 ETH)
(9) 0xAb977642a85f03bE97B2057D79c486e9Db2e2099 (1000 ETH)

Private Keys
==================
(0) 0x608275d9999a13b6a72dcafb06a98fedd105d188588d96cd05b5a254088b2618
(1) 0x00f93a9652a5250e8ea643ecbae9eddd64102366aa685893628f8a6ff5af0175
(2) 0x0942e04821974154aef56cd53683193714e32409485469a3a6aca9d0b665b562
(3) 0xecedd0c54b8edef6aec9dcd0a170b21aa7440e693d6831d0554ff6741374581b
(4) 0x14849ea47273334a44f9a976b19291c4609a678233e24e59c232cf74b4d7aca1
(5) 0xc4b9d39631066ddbb1fb8d2643d2156d0c8b91b0e34e1ec5fc5970af1d304788
(6) 0x35aa31dc007034e5b60ba54361867c1f553147d96770e4e61057f0f72e7734a4
(7) 0x473453d1d9bf0148b17886073327836c640ec189fe2f4290281fa1df92469f46
(8) 0x4a25b25a316fe577120457cfcb1fd1a714357e3cfa76bf7f28e4152418bcb053
(9) 0xe66ccaf9c72e04c14dbd7f610f71fc782dcbd763593d58abba06607188db387e

HD Wallet
==================
Mnemonic:      someone hurt print lazy split grid choose annual people inspire bread garage
Base HD Path:  m/44'/60'/0'/0/{account_index}

Default Gas Price
==================
2000000000

BlockGas Limit
==================
30000000

Call Gas Limit
==================
50000000

Chain
==================
Hardfork: shanghai
Id:       1337

RPC Listening on 127.0.0.1:8545
eth_blockNumber
net_version
eth_accounts
eth_accounts
eth_blockNumber
net_version
eth_getBlockByNumber
eth_estimateGas
eth_getBlockByNumber
eth_gasPrice
eth_sendTransaction

  Transaction: 0xca8d6eb317d8d55278c8e4b50340adf3ec40a6f56b2daf6fd2f381c041aa0ae5
  Contract created: 0xa8be53ebaf207c0306dc8ee2149189095abbccca
  Gas usage: 1146811
  Block number: 1
  Block time: Thu May 07 2026 21:58:35 GMT+0700 (Indochina Time)

eth_getTransactionReceipt
eth_getCode
eth_getTransactionReceipt
eth_getBlockByNumber
eth_gasPrice
eth_sendTransaction

  Transaction: 0x97cac80461f95d7756d5a51496e8f2416d899774b58ac7f2df269c5138496239
  Gas usage: 21055
  Block number: 2
  Block time: Thu May 07 2026 21:58:35 GMT+0700 (Indochina Time)

eth_getTransactionReceipt
eth_blockNumber
evm_mine
eth_blockNumber
evm_mine
eth_blockNumber
evm_mine
eth_blockNumber
evm_mine
eth_blockNumber
evm_mine
eth_blockNumber
evm_mine
eth_blockNumber
net_version
eth_getBlockByNumber
eth_estimateGas
eth_getBlockByNumber
eth_gasPrice
eth_sendTransaction

  Transaction: 0x470783a143194666a1ab0f6f8fc6f26918935f6f6064f290fb46eec14aba2199
  Gas usage: 59561
  Block number: 9
  Block time: Thu May 07 2026 21:58:35 GMT+0700 (Indochina Time)

eth_getTransactionReceipt
eth_blockNumber
eth_getBalance
eth_getTransactionByHash
debug_traceTransaction
eth_getTransactionByHash
debug_traceTransaction
eth_getTransactionByHash
debug_traceTransaction

Received shutdown signal: SIGTERM
Shutting down…
Server has been shut down
