Using network 'development'.

{
  "ok": true,
  "graph_id": "",
  "pair": "B->D|evm|fund:bd",
  "pairKey": "B->D|evm|fund:bd",
  "contract": "CTLCOnly",
  "scenario": "refund",
  "deployGas": "0x1232bb",
  "gasUsed": "59561",
  "disableGasUsed": "0",
  "claimGasUsed": "",
  "refundGasUsed": "59561",
  "contractAddress": "0x2085beaEc9EBA32d8efC8Ff35d5Fb997a24F373B",
  "startBlock": "0",
  "endBlock": "11",
  "finalContractBalanceWei": "0",
  "deployer": "0x7af2b590663e1348e3224E4bAb04f5CB453eee55",
  "party": "0x4C92E4417110aAe1840D6e70E40BedD5514d14dc",
  "counterparty": "0x689bD46388c06253DEf62c220f6181fB3ECc33E4",
  "fundingWei": "1000000000000000000",
  "timelocks": [
    10
  ],
  "transactions": [
    {
      "role": "deploy",
      "txHash": "0xb6d8c211406f8552af05cdbd8acb1998e735b7e4442d9cce51153d91e7f1e449"
    },
    {
      "role": "fund",
      "txHash": "0x7153dca6207dacbd5a1853e76512bed3073ce30a689285bfb0efcae565811c95"
    },
    {
      "role": "refund",
      "txHash": "0x14e49b5ee7a35b4097a40d85951d7ce4d84beffc79137744ea25815a242abe0b",
      "level": 0
    }
  ],
  "txRoles": [
    {
      "role": "deploy",
      "txHash": "0xb6d8c211406f8552af05cdbd8acb1998e735b7e4442d9cce51153d91e7f1e449"
    },
    {
      "role": "fund",
      "txHash": "0x7153dca6207dacbd5a1853e76512bed3073ce30a689285bfb0efcae565811c95"
    },
    {
      "role": "refund",
      "txHash": "0x14e49b5ee7a35b4097a40d85951d7ce4d84beffc79137744ea25815a242abe0b",
      "level": 0
    }
  ],
  "deployTxHash": "0xb6d8c211406f8552af05cdbd8acb1998e735b7e4442d9cce51153d91e7f1e449",
  "fundTxHash": "0x7153dca6207dacbd5a1853e76512bed3073ce30a689285bfb0efcae565811c95",
  "refundTxHash": "0x14e49b5ee7a35b4097a40d85951d7ce4d84beffc79137744ea25815a242abe0b",
  "refundTx": "0x14e49b5ee7a35b4097a40d85951d7ce4d84beffc79137744ea25815a242abe0b"
}
