COMMAND: python3 experiments/scale_trace/scripts/trace_result_json.py /home/aothuatgiadp/blockchain/project/CTLC-Implementation/experiments/scale_trace/runs/random_v1_204/C-_D_evm_fund_cd_CTLCOnly_best_claim/result.json /home/aothuatgiadp/blockchain/project/CTLC-Implementation/experiments/scale_trace/runs/random_v1_204/C-_D_evm_fund_cd_CTLCOnly_best_claim/trace.json
STATUS: 0

STDOUT:
{
  "graph_id": "",
  "pair": "C->D|evm|fund:cd",
  "contract": "CTLCOnly",
  "scenario": "best_claim",
  "contractAddress": "0xa20d7e0481aDeb521DaBf127e851215A30e411cA",
  "traces": {
    "deploy": {
      "tx_hash": "0xd16cbd8cdae83c465798769cc90319fa14cdc05dd048eb8f6a89f1cbe76cfd50",
      "actual_calldata_bytes": 7123,
      "actual_sstore_count": 9,
      "actual_call_count": 0,
      "opcode_steps": 1374
    },
    "fund": {
      "tx_hash": "0x9b8ca27b8a61eba540d0b4cec7000d44e8846e492906f460e2148067e8bc3910",
      "actual_calldata_bytes": 0,
      "actual_sstore_count": 0,
      "actual_call_count": 0,
      "opcode_steps": 13
    },
    "claim_level0": {
      "tx_hash": "0x089d44247f0f22c97416551b18e701a5da970298db273720ef727b54f9b0bf83",
      "actual_calldata_bytes": 292,
      "actual_sstore_count": 1,
      "actual_call_count": 1,
      "opcode_steps": 1134
    }
  }
}


STDERR:

