ganache v7.9.2 (@ganache/cli: 0.10.2, @ganache/core: 0.10.2)
Starting RPC server

Available Accounts
==================
(0) 0xAa95410773e7aAd9e7e16Ab1016Bc40F7b42B250 (1000 ETH)
(1) 0x7dF8A7d7eB2604052464563F12116B67D206A8b3 (1000 ETH)
(2) 0xbE5fD161521A39665Dd64d9ca00BF30aFf50521a (1000 ETH)
(3) 0xaA51404ee371786493ed5b12b45AEe399508A6e5 (1000 ETH)
(4) 0x2dA71dcF3D41BFc8ac45d07E847d24Af0E8eA499 (1000 ETH)
(5) 0x074243aeB9D4832aD29725430F5a5A2d475B01a9 (1000 ETH)
(6) 0xE324d791FD2B8D492273DF92D811Cbd9F732E629 (1000 ETH)
(7) 0xb228Fe516eCa21842D94315cA2782C85d2AA5E1c (1000 ETH)
(8) 0x8FeaA227c77e5AcD622c44bF46aCAD91D9F9963C (1000 ETH)
(9) 0xbb4c47f30680666FAE31E26d1d51663c118Ab5E2 (1000 ETH)

Private Keys
==================
(0) 0xe72283fc0b4ebd2ae0d3fdf78d5212dbd495853dd9a9f61a6bde412e1cb7d441
(1) 0x016b19764db15e727d8af818965709cac0d84cea2778754db2656817a0505797
(2) 0x843997bdb872bdeac0addf77f22fd4139a934b0af6e8dc95b1e9ff110bb4dc9a
(3) 0x98ce997962ee92d01beed99a02abb3fcbe3a7a1c0a7a87c3d8033bcf291ca331
(4) 0x0ec446d6a99f8e7643a8004210b89961d43b55e45699453bd7c9af1ff20fa09b
(5) 0x70ac62ce23ce93036a513c383b3c5556fd81b4d2b41859990b0e86877173cd1c
(6) 0x22490e712142960b18e296bf20fc86afb77939ef03b284ad532f35a91ab0d438
(7) 0xb0a0b442bb48aaecb330a556f6c3df7152ca40800e0b978ea211af133dacbc33
(8) 0x9174e02f3ee012a381d400936adb3c47d5cfd0c9adc514eed10e7ffa17bfbce9
(9) 0x5eff10a4902090c44b98146594095f93eb9cccbbbf268632ed36797731caf7fd

HD Wallet
==================
Mnemonic:      narrow found bag stage jeans opera six subject viable comic amazing random
Base HD Path:  m/44'/60'/0'/0/{account_index}

Default Gas Price
==================
2000000000

BlockGas Limit
==================
30000000

Call Gas Limit
==================
50000000

Chain
==================
Hardfork: shanghai
Id:       1337

RPC Listening on 127.0.0.1:8545
web3_clientVersion
eth_blockNumber
net_version
eth_accounts
eth_accounts
eth_blockNumber
net_version
eth_getBlockByNumber
eth_estimateGas
eth_getBlockByNumber
eth_gasPrice
eth_sendTransaction

  Transaction: 0x96dbd4b147e2dc5f0e5f33c63f5ddb6dd74cd1697bc6591957ecac4dc385801c
  Contract created: 0x4fa74d261f93198a933408c67e5149b4f0bcbee4
  Gas usage: 1653966
  Block number: 1
  Block time: Thu May 07 2026 23:54:54 GMT+0700 (Indochina Time)

eth_getTransactionReceipt
eth_getCode
eth_getTransactionReceipt
eth_getBlockByNumber
eth_gasPrice
eth_sendTransaction

  Transaction: 0x40f8e721dbceae47335884160d06a1b4265f8fa2b00cd97131d44d33f61392f5
  Gas usage: 21055
  Block number: 2
  Block time: Thu May 07 2026 23:54:55 GMT+0700 (Indochina Time)

eth_getTransactionReceipt
net_version
eth_getBlockByNumber
eth_estimateGas
eth_getBlockByNumber
eth_gasPrice
eth_sendTransaction

  Transaction: 0x86d010d7a5a4aa6d98f311139b5da0388489b01c49fb2510a8d687d421df2886
  Gas usage: 75948
  Block number: 3
  Block time: Thu May 07 2026 23:54:55 GMT+0700 (Indochina Time)

eth_getTransactionReceipt
eth_blockNumber
eth_getBalance
eth_getTransactionByHash
debug_traceTransaction
eth_getTransactionByHash
debug_traceTransaction
eth_getTransactionByHash
debug_traceTransaction

Received shutdown signal: SIGTERM
Shutting down…
Server has been shut down
