ganache v7.9.2 (@ganache/cli: 0.10.2, @ganache/core: 0.10.2)
Starting RPC server

Available Accounts
==================
(0) 0x8def8AA4031E403C10C40179cf53Ae9f8765c5fd (1000 ETH)
(1) 0x5f3b1148e87aEa1F37E88983fcf1e93bD9DC851B (1000 ETH)
(2) 0x0cBf8CfB94c648FA24c29E1883667141EB8793cE (1000 ETH)
(3) 0xaA532Cc42a4f02FCf1F039CB35Cb06535aB88DFE (1000 ETH)
(4) 0xAbaECC495fa09feBDD0F3991A6aE1Cc7A7aB41A4 (1000 ETH)
(5) 0xa7a914e6169579b9D4AE23Fb100A33794101fC1c (1000 ETH)
(6) 0x7a16809cd35192fc1F6FF327C420B3393DDDA272 (1000 ETH)
(7) 0x7c2054a18983fAA87b1bc9117B5E38382BcC1Cff (1000 ETH)
(8) 0xE43242BCd562bdBA93dE7E617A9B145711d96343 (1000 ETH)
(9) 0xC198334d0F4FA18995B69F29265169dB9b5520FD (1000 ETH)

Private Keys
==================
(0) 0xd4534c84835fd287cc29e86cf23718353ebf01751921c1eec29e854eea4902c1
(1) 0x474073a93e23a886e9e99e7eb3e75961940d7b632f8e3a5c34b3b7da09bf06ba
(2) 0x08abbad1b7295c778a52d93cff677246ba8c55459957eed618d261654d877041
(3) 0x8c194ab4d0afefbc2fc1799485705c53c4d241f9f0d48605f039eadb5274fa64
(4) 0x2dfb28675684ac6738f8f0fd27ccacf46193913d173d818bc59262fac7c11557
(5) 0xe7a0c2b42289ca25362ec2ac5a83a141164a73a5dfb7a3c2e2c7a328eee86d1e
(6) 0x07d740ccb5c74fb6ee7cc951d71d8b0b423f61cc8dfeec3e480c2411896545d1
(7) 0xc5f6ffff4151dc4558ab7fd03a1ef1611676911eada039db60ac4afe15737ba7
(8) 0x039cf7a2fe74dea59336d080189e3877a31658930e44fbe05684a381188277a4
(9) 0x8f388f01170543cdb46ba3f3c4b96b2755fe2a2507968d43cce1699bc1a18c83

HD Wallet
==================
Mnemonic:      hello rhythm output liberty situate ethics today advice ordinary fall cinnamon trap
Base HD Path:  m/44'/60'/0'/0/{account_index}

Default Gas Price
==================
2000000000

BlockGas Limit
==================
30000000

Call Gas Limit
==================
50000000

Chain
==================
Hardfork: shanghai
Id:       1337

RPC Listening on 127.0.0.1:8545
web3_clientVersion
eth_blockNumber
net_version
eth_accounts
eth_accounts
eth_blockNumber
net_version
eth_getBlockByNumber
eth_estimateGas
eth_getBlockByNumber
eth_gasPrice
eth_sendTransaction

  Transaction: 0x6eda27eba203bc9259d4b928cf206cad114224b19154123b87532132e6a3b468
  Contract created: 0x6b7fded619bf7f07f24089639bbb8016787b97fa
  Gas usage: 1561268
  Block number: 1
  Block time: Thu May 07 2026 21:44:35 GMT+0700 (Indochina Time)

eth_getTransactionReceipt
eth_getCode
eth_getTransactionReceipt
eth_getBlockByNumber
eth_gasPrice
eth_sendTransaction

  Transaction: 0x0bb27b20edb41c0c9bd81616e2122349cea8259081649b30e4980d92f4352633
  Gas usage: 21055
  Block number: 2
  Block time: Thu May 07 2026 21:44:35 GMT+0700 (Indochina Time)

eth_getTransactionReceipt
net_version
eth_getBlockByNumber
eth_estimateGas
eth_getBlockByNumber
eth_gasPrice
eth_sendTransaction

  Transaction: 0xfb8558850adae28a0ea1a0dbf71f0a34cd907093701c8a31b3b9d95af5913142
  Gas usage: 80267
  Block number: 3
  Block time: Thu May 07 2026 21:44:35 GMT+0700 (Indochina Time)

eth_getTransactionReceipt
eth_blockNumber
eth_getBalance
eth_getTransactionByHash
debug_traceTransaction
eth_getTransactionByHash
debug_traceTransaction
eth_getTransactionByHash
debug_traceTransaction

Received shutdown signal: SIGTERM
Shutting down…
Server has been shut down
