ganache v7.9.2 (@ganache/cli: 0.10.2, @ganache/core: 0.10.2)
Starting RPC server

Available Accounts
==================
(0) 0x21fB03Bc00EAb31099b2E7Bd8B2940760EE42623 (1000 ETH)
(1) 0xf470820a170ac1cC344BC87E7B0BeF4dbafa5ea1 (1000 ETH)
(2) 0x8042c2C5466C935aeD1A9b8A8885133965200c5A (1000 ETH)
(3) 0x1c4748AC9c2E254A73272ff8Ffc76D564716480e (1000 ETH)
(4) 0x32d8686441A887F69F6Fdb41337d545535d40B5A (1000 ETH)
(5) 0x2D3726AD803833f892B9D420c6b9FE81AB1f6A6D (1000 ETH)
(6) 0x66363e499e8D969b74b31e0321e18c5aaA5dF88d (1000 ETH)
(7) 0x6E5f41456E51606a73fee97d01da521C8C3993Ef (1000 ETH)
(8) 0x423Efaaff663508994b0F8bC7EfDd6959B82766E (1000 ETH)
(9) 0xEFDBb1A46d5E43b5B2C031fd412caeFEd44E2A0F (1000 ETH)

Private Keys
==================
(0) 0xa9097b3d738cf62a2b31b7d8c9b39e280aa539500e2916279de39dedb90ed246
(1) 0x442ca245cb337d133784779007dfd7be2e87cdd542b35256f7701379b867ad9d
(2) 0x7b5f289575fe1aa6da8c2bea17e9b13d1a570ef63aadc36a269d1b97f47310ed
(3) 0xc65f6e533a42dff61e8ca10e400ee965cac137489f4999c52de13d852610344b
(4) 0x33f647872c10bec08511497dd3aa73b65b531325ef5465940263f3bbba998533
(5) 0x4f02d327a281aa2d8f8f43dc121a6c6fd5e504daaad815535e71b3a086ff0577
(6) 0xb95f23ea90e921b8c76b111adb8af218ce9bd42e8e6273cf1b5e2afacb259e22
(7) 0x6b514f0c8a9c8a6a1defe35d4da41d0d56690dd0fcd769dbe2781d7c4bb6eae2
(8) 0x92db79651afb4b741c2e2013f72d9bf5e320cacf66b60747184b0eeea9d42e95
(9) 0x1adb1e92cbe24b1b67e4448d901565a913be709369679a48fb9b6a0b733682b7

HD Wallet
==================
Mnemonic:      primary priority slam marriage company know ozone lecture summer rib amateur country
Base HD Path:  m/44'/60'/0'/0/{account_index}

Default Gas Price
==================
2000000000

BlockGas Limit
==================
30000000

Call Gas Limit
==================
50000000

Chain
==================
Hardfork: shanghai
Id:       1337

RPC Listening on 127.0.0.1:8545
web3_clientVersion
eth_blockNumber
net_version
eth_accounts
eth_accounts
eth_blockNumber
net_version
eth_getBlockByNumber
eth_estimateGas
eth_getBlockByNumber
eth_gasPrice
eth_sendTransaction

  Transaction: 0x5a6e4ce012f5db4d9e7b26b9cb8fe13f5009c485094f0cf293a005ca0d5569ed
  Contract created: 0x85635b81d54a14ab2dee10f477be11678bc291ef
  Gas usage: 1146811
  Block number: 1
  Block time: Thu May 07 2026 20:36:28 GMT+0700 (Indochina Time)

eth_getTransactionReceipt
eth_getCode
eth_getTransactionReceipt
eth_getBlockByNumber
eth_gasPrice
eth_sendTransaction

  Transaction: 0x20dd9f51a95b584929542db90ecc3821563608db544bcb515d775108d4c1d434
  Gas usage: 21055
  Block number: 2
  Block time: Thu May 07 2026 20:36:28 GMT+0700 (Indochina Time)

eth_getTransactionReceipt
eth_blockNumber
evm_mine
eth_blockNumber
evm_mine
eth_blockNumber
evm_mine
eth_blockNumber
evm_mine
eth_blockNumber
evm_mine
eth_blockNumber
evm_mine
eth_blockNumber
net_version
eth_getBlockByNumber
eth_estimateGas
eth_getBlockByNumber
eth_gasPrice
eth_sendTransaction

  Transaction: 0x426ece05faaf002ff4bb0954433cb2e3423f9f84177c1b4a10f28ed16fcb05a1
  Gas usage: 59561
  Block number: 9
  Block time: Thu May 07 2026 20:36:29 GMT+0700 (Indochina Time)

eth_getTransactionReceipt
eth_blockNumber
eth_getBalance
eth_getTransactionByHash
debug_traceTransaction
eth_getTransactionByHash
debug_traceTransaction
eth_getTransactionByHash
debug_traceTransaction

Received shutdown signal: SIGTERM
Shutting down…
Server has been shut down
