ganache v7.9.2 (@ganache/cli: 0.10.2, @ganache/core: 0.10.2)
Starting RPC server

Available Accounts
==================
(0) 0x0156C107aA1f24311cB1247F7bC92bcC9F826fC5 (1000 ETH)
(1) 0x104F760389219Fc81c6f7dffca06c4862d2A68A9 (1000 ETH)
(2) 0x79C2e40A2F6B5D5d93871b7b053BA8bff5DeB9F6 (1000 ETH)
(3) 0x35b5Cd5F3d8696f20C579238f83C687b25344eE8 (1000 ETH)
(4) 0x46078D8d4833B82C9B9E2A8D1dA2dAfB66e04460 (1000 ETH)
(5) 0x31E04bACB89A8D94df1eCdEc811507645d1E5705 (1000 ETH)
(6) 0x5862e179Dc8218610110D7E33a26417c8057a5AA (1000 ETH)
(7) 0x7B98CA0EAE1E319EEC4251673049f78e48F2fFbD (1000 ETH)
(8) 0xfAB45688b909B99b974B85AE6f8dbC722DA2687e (1000 ETH)
(9) 0x1664a15B13385a3dE0D06F4171acD3fac59Af3a1 (1000 ETH)

Private Keys
==================
(0) 0x3439f53ba2b5f3977f62ef72154e00a2d206484ef8394a9dbb3b560d3bfe9acb
(1) 0x9c7daf79a317c528e0ba2ffbec3c26c3a3ef2b3a843cbb10f5c512df4e05fd4f
(2) 0x8e182abe9f1fe8e5ca33ef3ac8c60ca1720cf5c07612530f3fddc942a91b2efd
(3) 0xb9fe7f6f5222d24caadf531842ff89ec0d78042d901971ff15d078e3e0e03e5c
(4) 0x63bfa6e2550be750ff02324ae55baabbd8ebc8a5028a6a440d35d81c566ed5f2
(5) 0xf7233a9d059b22952eff69355144dd6c3805a6a98cff4536cbdc02a9bdab71e0
(6) 0x9345756904f76062850eccdba52c1cd5df8dd78055a35c02e388e06938783e14
(7) 0x6e29e16fff33671ab501f68a0688ec6154658c8685247c7d669f59c9a5e0f1e6
(8) 0x8cf4757f531b717c56854bd34256f204a3c95dce28bdc590375d9f4d8e7c94b8
(9) 0x20b58dfcb3827e0cc806d253e27aedee190f285586ef7f45d5fc12f47a806586

HD Wallet
==================
Mnemonic:      vivid jewel glove label stadium silent govern orchard office twenty boost ready
Base HD Path:  m/44'/60'/0'/0/{account_index}

Default Gas Price
==================
2000000000

BlockGas Limit
==================
30000000

Call Gas Limit
==================
50000000

Chain
==================
Hardfork: shanghai
Id:       1337

RPC Listening on 127.0.0.1:8545
web3_clientVersion
eth_blockNumber
net_version
eth_accounts
eth_accounts
eth_blockNumber
net_version
eth_getBlockByNumber
eth_estimateGas
eth_getBlockByNumber
eth_gasPrice
eth_sendTransaction

  Transaction: 0x75389e5e97a3d8c06e65585c227cb016e730d62b7b1e4e6f470fd0efa1f29e4e
  Contract created: 0xe33a611880a8a1520842e6ec68b05c4c0cba8d0d
  Gas usage: 1652880
  Block number: 1
  Block time: Fri May 08 2026 00:02:17 GMT+0700 (Indochina Time)

eth_getTransactionReceipt
eth_getCode
eth_getTransactionReceipt
eth_getBlockByNumber
eth_gasPrice
eth_sendTransaction

  Transaction: 0x0087aebc5165bf78084151a4652ddfe05bde71979ec914177b84b9d7e5c23767
  Gas usage: 21055
  Block number: 2
  Block time: Fri May 08 2026 00:02:17 GMT+0700 (Indochina Time)

eth_getTransactionReceipt
net_version
eth_getBlockByNumber
eth_estimateGas
eth_getBlockByNumber
eth_gasPrice
eth_sendTransaction

  Transaction: 0x5c90085853e1c7ae125f3518b601a47fd7a6e22fc59adc5dcd0ba7afb598f802
  Gas usage: 84598
  Block number: 3
  Block time: Fri May 08 2026 00:02:17 GMT+0700 (Indochina Time)

eth_getTransactionReceipt
eth_blockNumber
eth_getBalance
eth_getTransactionByHash
debug_traceTransaction
eth_getTransactionByHash
debug_traceTransaction
eth_getTransactionByHash
debug_traceTransaction

Received shutdown signal: SIGTERM
Shutting down…
Server has been shut down
