COMMAND: python3 experiments/scale_trace/scripts/trace_result_json.py /home/aothuatgiadp/blockchain/project/CTLC-Implementation/experiments/scale_trace/runs/random_v1_255/F-_G_evm_fund_fg_CTLCMultipleEdges_best_claim/result.json /home/aothuatgiadp/blockchain/project/CTLC-Implementation/experiments/scale_trace/runs/random_v1_255/F-_G_evm_fund_fg_CTLCMultipleEdges_best_claim/trace.json
STATUS: 0

STDOUT:
{
  "graph_id": "",
  "pair": "F->G|evm|fund:fg",
  "contract": "CTLCMultipleEdges",
  "scenario": "best_claim",
  "contractAddress": "0x3aAE8ba833d0C0b3f1ACE1FE4de7639e1C116D06",
  "traces": {
    "deploy": {
      "tx_hash": "0x60635a0dd88ea44a4835b962f62b840b43dbec408749af8024164c4ea5ac28b8",
      "actual_calldata_bytes": 8425,
      "actual_sstore_count": 28,
      "actual_call_count": 0,
      "opcode_steps": 4638
    },
    "fund": {
      "tx_hash": "0x253e46ddcd2525874dde3e603e70c4954f531bf67df14fe7d494e9c6bc3f5ed1",
      "actual_calldata_bytes": 0,
      "actual_sstore_count": 0,
      "actual_call_count": 0,
      "opcode_steps": 13
    },
    "claim_level0": {
      "tx_hash": "0xa884245f9ece475421ffdec0007f4a3bd19540a490a532c3c59227b2e516de02",
      "actual_calldata_bytes": 324,
      "actual_sstore_count": 1,
      "actual_call_count": 1,
      "opcode_steps": 1241
    }
  }
}


STDERR:

