Using network 'development'.

{
  "ok": true,
  "graph_id": "",
  "pair": "F->G|evm|fund:fg",
  "pairKey": "F->G|evm|fund:fg",
  "contract": "CTLCOnly",
  "scenario": "worst_claim",
  "deployGas": "0x11263b",
  "gasUsed": "68747",
  "disableGasUsed": "0",
  "claimGasUsed": "68747",
  "refundGasUsed": "",
  "contractAddress": "0x2BbC890c9942924B7eC21197D9F2b80bfDc8f277",
  "startBlock": "0",
  "endBlock": "3",
  "finalContractBalanceWei": "0",
  "deployer": "0x8B4B475c566a37d6ED00bb9020C3ed0C0A039a1b",
  "party": "0xeE0d82523Ea67AC9A237B3A0238A5e847eaE1908",
  "counterparty": "0x0853B2a54798EF674cc926099ea642aFE58E616a",
  "fundingWei": "1000000000000000000",
  "timelocks": [
    7
  ],
  "transactions": [
    {
      "role": "deploy",
      "txHash": "0x82bf8f0967886f2d5a733685c21e039a3315145d5f291aa0ebefd254d6499e20"
    },
    {
      "role": "fund",
      "txHash": "0x1eb5c6a18a6d256eaa8740bae399f45cb6c8f581344f36d24790483393ff715d"
    },
    {
      "role": "claim",
      "txHash": "0x7fd96240632d13ded8915baa21028c5911a3014db4321cce3dcb53c0cabc912d",
      "level": 0,
      "option": 0
    }
  ],
  "txRoles": [
    {
      "role": "deploy",
      "txHash": "0x82bf8f0967886f2d5a733685c21e039a3315145d5f291aa0ebefd254d6499e20"
    },
    {
      "role": "fund",
      "txHash": "0x1eb5c6a18a6d256eaa8740bae399f45cb6c8f581344f36d24790483393ff715d"
    },
    {
      "role": "claim",
      "txHash": "0x7fd96240632d13ded8915baa21028c5911a3014db4321cce3dcb53c0cabc912d",
      "level": 0,
      "option": 0
    }
  ],
  "deployTxHash": "0x82bf8f0967886f2d5a733685c21e039a3315145d5f291aa0ebefd254d6499e20",
  "fundTxHash": "0x1eb5c6a18a6d256eaa8740bae399f45cb6c8f581344f36d24790483393ff715d",
  "claimTxHash": "0x7fd96240632d13ded8915baa21028c5911a3014db4321cce3dcb53c0cabc912d",
  "txHash": "0x7fd96240632d13ded8915baa21028c5911a3014db4321cce3dcb53c0cabc912d",
  "tx": "0x7fd96240632d13ded8915baa21028c5911a3014db4321cce3dcb53c0cabc912d"
}
