ganache v7.9.2 (@ganache/cli: 0.10.2, @ganache/core: 0.10.2)
Starting RPC server

Available Accounts
==================
(0) 0x8B4B475c566a37d6ED00bb9020C3ed0C0A039a1b (1000 ETH)
(1) 0x71d59beCB88a289b72fdb206d5032fa20AE92Cd0 (1000 ETH)
(2) 0x041ccb948a713D22d484d468622D964dFeA0f719 (1000 ETH)
(3) 0x0B4d81Cb717b947E796CB5Ab804097AB7a3DA750 (1000 ETH)
(4) 0x09B2314dc2396e9df6d326a9ba033f7461B19218 (1000 ETH)
(5) 0x65f5e1fd9058cD20B1f72a839951994565D9160F (1000 ETH)
(6) 0xeE0d82523Ea67AC9A237B3A0238A5e847eaE1908 (1000 ETH)
(7) 0x0853B2a54798EF674cc926099ea642aFE58E616a (1000 ETH)
(8) 0x5D9F595665Eb0A664F19ddf7E8d603B0002459e0 (1000 ETH)
(9) 0x43dB468F2f347AD99fd0a44A9c86Db2751CA3634 (1000 ETH)

Private Keys
==================
(0) 0x6748ce0f050b78ff8029e4dd4a1eb14815ac0ebf93f0dca22092ea5ef93ec8b1
(1) 0xbbdb1cac76c4ddb74e825a1b07f11729357296e09a86565027ae5f07b5f1a2db
(2) 0x0384e28e6b29fffbcbf79ed35fdc673e5e0292d1d98ff85a174c247480e8f9ee
(3) 0xfce2ba24d4edaf75125cc472e986dab57b554fb3f731b35a2826f3767ec53703
(4) 0xc563b846e5b5c01b54b41af3e33f2e55a2a7fb8e0eae6819a432b78dfb359d7e
(5) 0xe82f93a34535eb8059640b2b81235af2724f54fe445b137e99d108f23f14eb61
(6) 0xa1339e01490d86d23b6bd5e0afee11946651dafc544b6f759761f92b9d500cae
(7) 0xed4d294284c7bbc21ed3e61a87848567ff5b4367ab64df30139331001f4812af
(8) 0xa66bf0acbcd3a912af7bcb15daa0f5b796d5c6b234c8baabbc5cec651653d3f8
(9) 0xd35c50d187cc914d7dd7bca262e5a90e18aeedac365bc2c8e32da13db5279ed2

HD Wallet
==================
Mnemonic:      taxi gloom accuse tackle output company uphold cereal angry horror festival umbrella
Base HD Path:  m/44'/60'/0'/0/{account_index}

Default Gas Price
==================
2000000000

BlockGas Limit
==================
30000000

Call Gas Limit
==================
50000000

Chain
==================
Hardfork: shanghai
Id:       1337

RPC Listening on 127.0.0.1:8545
web3_clientVersion
eth_blockNumber
net_version
eth_accounts
eth_accounts
eth_blockNumber
net_version
eth_getBlockByNumber
eth_estimateGas
eth_getBlockByNumber
eth_gasPrice
eth_sendTransaction

  Transaction: 0x82bf8f0967886f2d5a733685c21e039a3315145d5f291aa0ebefd254d6499e20
  Contract created: 0x2bbc890c9942924b7ec21197d9f2b80bfdc8f277
  Gas usage: 1123899
  Block number: 1
  Block time: Fri May 08 2026 01:53:15 GMT+0700 (Indochina Time)

eth_getTransactionReceipt
eth_getCode
eth_getTransactionReceipt
eth_getBlockByNumber
eth_gasPrice
eth_sendTransaction

  Transaction: 0x1eb5c6a18a6d256eaa8740bae399f45cb6c8f581344f36d24790483393ff715d
  Gas usage: 21055
  Block number: 2
  Block time: Fri May 08 2026 01:53:15 GMT+0700 (Indochina Time)

eth_getTransactionReceipt
net_version
eth_getBlockByNumber
eth_estimateGas
eth_getBlockByNumber
eth_gasPrice
eth_sendTransaction

  Transaction: 0x7fd96240632d13ded8915baa21028c5911a3014db4321cce3dcb53c0cabc912d
  Gas usage: 68747
  Block number: 3
  Block time: Fri May 08 2026 01:53:15 GMT+0700 (Indochina Time)

eth_getTransactionReceipt
eth_blockNumber
eth_getBalance
eth_getTransactionByHash
debug_traceTransaction
eth_getTransactionByHash
debug_traceTransaction
eth_getTransactionByHash
debug_traceTransaction

Received shutdown signal: SIGTERM
Shutting down…
Server has been shut down
