Using network 'development'.

{
  "ok": true,
  "graph_id": "",
  "pair": "B->C|evm|fund:bc",
  "pairKey": "B->C|evm|fund:bc",
  "contract": "CTLCMultipleEdges",
  "scenario": "worst_claim",
  "deployGas": "0x193ae7",
  "gasUsed": "137535",
  "disableGasUsed": "52925",
  "claimGasUsed": "84610",
  "refundGasUsed": "",
  "contractAddress": "0x937033c2e1FD85882Fd51B01c58D5a1bF3E7C184",
  "startBlock": "0",
  "endBlock": "11",
  "finalContractBalanceWei": "0",
  "deployer": "0xf7e56F450995617615eBc8Ae7D4170825be7Fb14",
  "party": "0x543AAC85611D0EE9000edf1B42811c51c2296909",
  "counterparty": "0x925e822Cc387547dc2Ca7Bf36a233Df43590500A",
  "fundingWei": "1000000000000000000",
  "timelocks": [
    9,
    10
  ],
  "transactions": [
    {
      "role": "deploy",
      "txHash": "0x61ac6f9c55f77d62bedfc7cfe0c718ad9e5eb0c5d509d69d752577341da3d271"
    },
    {
      "role": "fund",
      "txHash": "0x65b9fc458405c10fd666c36f0ce1b0f194a406b41ce7530680ee7d5192cda91e"
    },
    {
      "role": "disable",
      "txHash": "0xe9b0a121407d33fc801cc1becd4728566290c4b61496ee94e148ac653ae3bb71",
      "level": 0
    },
    {
      "role": "claim",
      "txHash": "0x7eaa58e717f2fb6c07ef76056bf221b7ee402644c7e6c11ac11b969c1b869b5b",
      "level": 1,
      "option": 0
    }
  ],
  "txRoles": [
    {
      "role": "deploy",
      "txHash": "0x61ac6f9c55f77d62bedfc7cfe0c718ad9e5eb0c5d509d69d752577341da3d271"
    },
    {
      "role": "fund",
      "txHash": "0x65b9fc458405c10fd666c36f0ce1b0f194a406b41ce7530680ee7d5192cda91e"
    },
    {
      "role": "disable",
      "txHash": "0xe9b0a121407d33fc801cc1becd4728566290c4b61496ee94e148ac653ae3bb71",
      "level": 0
    },
    {
      "role": "claim",
      "txHash": "0x7eaa58e717f2fb6c07ef76056bf221b7ee402644c7e6c11ac11b969c1b869b5b",
      "level": 1,
      "option": 0
    }
  ],
  "deployTxHash": "0x61ac6f9c55f77d62bedfc7cfe0c718ad9e5eb0c5d509d69d752577341da3d271",
  "fundTxHash": "0x65b9fc458405c10fd666c36f0ce1b0f194a406b41ce7530680ee7d5192cda91e",
  "disableTxHashes": [
    "0xe9b0a121407d33fc801cc1becd4728566290c4b61496ee94e148ac653ae3bb71"
  ],
  "disableTxHash": "0xe9b0a121407d33fc801cc1becd4728566290c4b61496ee94e148ac653ae3bb71",
  "disableTx": "0xe9b0a121407d33fc801cc1becd4728566290c4b61496ee94e148ac653ae3bb71",
  "claimTxHash": "0x7eaa58e717f2fb6c07ef76056bf221b7ee402644c7e6c11ac11b969c1b869b5b",
  "txHash": "0x7eaa58e717f2fb6c07ef76056bf221b7ee402644c7e6c11ac11b969c1b869b5b",
  "tx": "0x7eaa58e717f2fb6c07ef76056bf221b7ee402644c7e6c11ac11b969c1b869b5b"
}
