ganache v7.9.2 (@ganache/cli: 0.10.2, @ganache/core: 0.10.2)
Starting RPC server

Available Accounts
==================
(0) 0xdc2178fC31DFB5c0Ff3aC87348151F98B4481158 (1000 ETH)
(1) 0x243fD39b1D6728b12dEb27bb44c75CE41Fc265F1 (1000 ETH)
(2) 0x8704Bd55d514f0fB8138b7bA47653825D6094211 (1000 ETH)
(3) 0x044FBE498E418eD98e6E276ba4c84d9e9006502C (1000 ETH)
(4) 0x07ca514815857Cf85CA04a26E85dddA599A435ca (1000 ETH)
(5) 0x1F455890a428964c30a2F83Ef116C82392c551dD (1000 ETH)
(6) 0x14fC63cDCCe08fBeBBE570e1bD1502f2049Fcd7B (1000 ETH)
(7) 0xf144178405b99A4Bf3e41f386De9b05B5DF734f9 (1000 ETH)
(8) 0xC97C88c5501D2360E4c49473b792C7071B25A917 (1000 ETH)
(9) 0x51B0BDE4a3E86756E54e12C45d6A620635706e14 (1000 ETH)

Private Keys
==================
(0) 0xdeb86218d3f01055e5cf90b09b63530e850b04ac4d6b03f3a11ca2e7243eb399
(1) 0xf95b8dd9324f19795c8ecae638c4a3aca1e4202580efbf0a96608fc235fb3fcf
(2) 0x0cb8ef6e2f8e7f3460245333f09d569e450f7bc2e6eaf61a8c645dc4d1dbe5ad
(3) 0xd77c05cff95597fa0d43e7e0791111575e033967f590fdbd6ee52aaa8a9572df
(4) 0x38f4632c10ca66de72fd955619324bc0af3ce6b58e99d812f321537ed7bb55a3
(5) 0x6cf8d24ca8924c27e30709086cf6bb23767d309e0851de9c5c93556c4fd703c0
(6) 0x40be8a6ef42e92581c5c9a34882b8fb16491b401b50206173847666678d1aeec
(7) 0x3ed814e3b1c55d29673bd3c4e4650e92de8112bfe48c5025ce91a64072c1e98c
(8) 0x7cf2e416708a941907e7d196811193ccec9bbc7ee39f02713cb6ee26e39ebd7b
(9) 0x0674838c22b944e097730137e5bf94a0794741a1789929cf6be3d8835b5136de

HD Wallet
==================
Mnemonic:      physical million vital excuse royal minor tackle fruit head avoid equal excess
Base HD Path:  m/44'/60'/0'/0/{account_index}

Default Gas Price
==================
2000000000

BlockGas Limit
==================
30000000

Call Gas Limit
==================
50000000

Chain
==================
Hardfork: shanghai
Id:       1337

RPC Listening on 127.0.0.1:8545
web3_clientVersion
eth_blockNumber
net_version
eth_accounts
eth_accounts
eth_blockNumber
net_version
eth_getBlockByNumber
eth_estimateGas
eth_getBlockByNumber
eth_gasPrice
eth_sendTransaction

  Transaction: 0xda529111e900104afbca092b43ee1614088a8ab606f6295f790456d2cf74e2eb
  Contract created: 0xe160a6f913194758aa6e51b4d2e90dd4b585dc0a
  Gas usage: 1123899
  Block number: 1
  Block time: Fri May 08 2026 03:19:53 GMT+0700 (Indochina Time)

eth_getTransactionReceipt
eth_getCode
eth_getTransactionReceipt
eth_getBlockByNumber
eth_gasPrice
eth_sendTransaction

  Transaction: 0x0de35c236903bd6744dff19c8228566c3fba65b3c725b96c30ab78c6f2fdadfe
  Gas usage: 21055
  Block number: 2
  Block time: Fri May 08 2026 03:19:53 GMT+0700 (Indochina Time)

eth_getTransactionReceipt
net_version
eth_getBlockByNumber
eth_estimateGas
eth_getBlockByNumber
eth_gasPrice
eth_sendTransaction

  Transaction: 0x2e4a8972e4298aa1cf9fdb81203ff8d39c77e9be938c7e3c69c160d17435b49e
  Gas usage: 68747
  Block number: 3
  Block time: Fri May 08 2026 03:19:53 GMT+0700 (Indochina Time)

eth_getTransactionReceipt
eth_blockNumber
eth_getBalance
eth_getTransactionByHash
debug_traceTransaction
eth_getTransactionByHash
debug_traceTransaction
eth_getTransactionByHash
debug_traceTransaction

Received shutdown signal: SIGTERM
Shutting down…
Server has been shut down
