Using network 'development'.

{
  "ok": true,
  "graph_id": "",
  "pair": "B->D|evm|fund:bd",
  "pairKey": "B->D|evm|fund:bd",
  "contract": "CTLCOnly",
  "scenario": "worst_claim",
  "deployGas": "0x117faf",
  "gasUsed": "72874",
  "disableGasUsed": "0",
  "claimGasUsed": "72874",
  "refundGasUsed": "",
  "contractAddress": "0xAB019B53D4655079c94B18aC7A8b0DdB6406390D",
  "startBlock": "0",
  "endBlock": "3",
  "finalContractBalanceWei": "0",
  "deployer": "0x29D4842792065f129ca4C53467d1f0eC2e98C4E2",
  "party": "0xE61f9b002023B03d4cdd96A1a214Ee031CcD37Bf",
  "counterparty": "0x94AeD4326531Cf8A0A4f218266ed92Bf1c691380",
  "fundingWei": "1000000000000000000",
  "timelocks": [
    8
  ],
  "transactions": [
    {
      "role": "deploy",
      "txHash": "0xd29d1223bd3479565b5c385a024cd3cc4b31ae2b05ed8e1311fe6567a8f3cd6c"
    },
    {
      "role": "fund",
      "txHash": "0xf908c02344e31731a182f2a044ff282b4a85d8f5e193853e5e27b98ed3f42a4d"
    },
    {
      "role": "claim",
      "txHash": "0xed4c3faf2787a220f5d01dfa75fd29071aca8fb43fbbc289dafbf70337726a9c",
      "level": 0,
      "option": 0
    }
  ],
  "txRoles": [
    {
      "role": "deploy",
      "txHash": "0xd29d1223bd3479565b5c385a024cd3cc4b31ae2b05ed8e1311fe6567a8f3cd6c"
    },
    {
      "role": "fund",
      "txHash": "0xf908c02344e31731a182f2a044ff282b4a85d8f5e193853e5e27b98ed3f42a4d"
    },
    {
      "role": "claim",
      "txHash": "0xed4c3faf2787a220f5d01dfa75fd29071aca8fb43fbbc289dafbf70337726a9c",
      "level": 0,
      "option": 0
    }
  ],
  "deployTxHash": "0xd29d1223bd3479565b5c385a024cd3cc4b31ae2b05ed8e1311fe6567a8f3cd6c",
  "fundTxHash": "0xf908c02344e31731a182f2a044ff282b4a85d8f5e193853e5e27b98ed3f42a4d",
  "claimTxHash": "0xed4c3faf2787a220f5d01dfa75fd29071aca8fb43fbbc289dafbf70337726a9c",
  "txHash": "0xed4c3faf2787a220f5d01dfa75fd29071aca8fb43fbbc289dafbf70337726a9c",
  "tx": "0xed4c3faf2787a220f5d01dfa75fd29071aca8fb43fbbc289dafbf70337726a9c"
}
