ganache v7.9.2 (@ganache/cli: 0.10.2, @ganache/core: 0.10.2)
Starting RPC server

Available Accounts
==================
(0) 0xB3523138c70A3E1B013E25A02e24b07b1549D9eD (1000 ETH)
(1) 0x079b8e25aC1965Fd97DAa039a7C282c45f675fD7 (1000 ETH)
(2) 0x2120eBaf1D016Ae072ED7DeB894d2e3fb65fB578 (1000 ETH)
(3) 0xD53F4940b41b7861A0D1D5a026d467F580b769E5 (1000 ETH)
(4) 0x9E0336c2D254Fbd311c0762e655B046ae76461C9 (1000 ETH)
(5) 0xb30C96cB55eC9992F521Baf3709A3fe9157CB975 (1000 ETH)
(6) 0x9526412EC7CE95BEe768705316dAaE1ae3Ac9155 (1000 ETH)
(7) 0x2756082039dB53e89c75a0B8b50d0a9BE085Bf9f (1000 ETH)
(8) 0xB21e413E21d20cC1683585CB15412E5971c4146F (1000 ETH)
(9) 0x3C81dC8Fd8Ac48ba743cecfC3C1F16099c46E8ec (1000 ETH)

Private Keys
==================
(0) 0x224b454240ef50e441bf6d3057ed67f42bca711e4c459f83490092c852968263
(1) 0xf916caeef8e626b460b1daf07a4b3d93d462a0a33f2023c1454230ca5dc108a7
(2) 0xa11035727ab0f4b2e75b09bc3802f4bd001b02fa59c3c7130f5a5d8fec2acdd2
(3) 0x093fd90a4843a0f77c687c60d782e1c393cd5ba6150aecef59ebed74ff8e9c0d
(4) 0x8cb0df2f8a45a144427c21179a7272ab2ea4b0a3c82067550ffcb707e8927956
(5) 0xae04f80eddca803b6984f19993226a18ed1ac27fb4fa05efcc0390b77626f6a6
(6) 0x372d1d2df9e14f0468dc9f985fe84e5e4dd5a0ac49642155573b7db2d51b76f9
(7) 0xf07a820521c153afa8cf06ff4c6e0bd31bd852ad40988328d699642182915f3e
(8) 0xf61f6869b9a5f002ebb059cbb8aacef30c9d8c3a006df8d7f70ff2531ef91d5e
(9) 0x719fd49d3b72fee790960776ceaf3d700158daa037e7c46b8db8c27337dc5f85

HD Wallet
==================
Mnemonic:      guilt inner wisdom bunker coral fade fiber install marble gentle autumn silk
Base HD Path:  m/44'/60'/0'/0/{account_index}

Default Gas Price
==================
2000000000

BlockGas Limit
==================
30000000

Call Gas Limit
==================
50000000

Chain
==================
Hardfork: shanghai
Id:       1337

RPC Listening on 127.0.0.1:8545
web3_clientVersion
eth_blockNumber
net_version
eth_accounts
eth_accounts
eth_blockNumber
net_version
eth_getBlockByNumber
eth_estimateGas
eth_getBlockByNumber
eth_gasPrice
eth_sendTransaction

  Transaction: 0x0d8a04347fb498a33a9126564ccb1bafa777699269dd90ba2d2bdead0c209c17
  Contract created: 0x3e8577bd13da679177c77127097de588f6abc1c9
  Gas usage: 1285274
  Block number: 1
  Block time: Fri May 08 2026 03:42:09 GMT+0700 (Indochina Time)

eth_getTransactionReceipt
eth_getCode
eth_getTransactionReceipt
eth_getBlockByNumber
eth_gasPrice
eth_sendTransaction

  Transaction: 0x4145c41c5ffaa020116ddd236066489ad7ac36cdcf982f90497bad9631dec91b
  Gas usage: 21055
  Block number: 2
  Block time: Fri May 08 2026 03:42:09 GMT+0700 (Indochina Time)

eth_getTransactionReceipt
eth_blockNumber
evm_mine
eth_blockNumber
evm_mine
eth_blockNumber
evm_mine
eth_blockNumber
evm_mine
eth_blockNumber
evm_mine
eth_blockNumber
evm_mine
eth_blockNumber
net_version
eth_getBlockByNumber
eth_estimateGas
eth_getBlockByNumber
eth_gasPrice
eth_sendTransaction

  Transaction: 0x2b6cb6dde767ee3e2218d55209025cc34d1359572aace4b88df323d7b1162426
  Gas usage: 59539
  Block number: 9
  Block time: Fri May 08 2026 03:42:09 GMT+0700 (Indochina Time)

eth_getTransactionReceipt
eth_blockNumber
eth_getBalance
eth_getTransactionByHash
debug_traceTransaction
eth_getTransactionByHash
debug_traceTransaction
eth_getTransactionByHash
debug_traceTransaction

Received shutdown signal: SIGTERM
Shutting down…
Server has been shut down
