Using network 'development'.

{
  "ok": true,
  "graph_id": "",
  "pair": "E->F|evm|fund:ef",
  "pairKey": "E->F|evm|fund:ef",
  "contract": "CTLCMultipleEdges",
  "scenario": "best_claim",
  "deployGas": "0x156090",
  "gasUsed": "71617",
  "disableGasUsed": "",
  "claimGasUsed": "71617",
  "refundGasUsed": "",
  "contractAddress": "0x2460ECcFf4C9cC585Eb2bc5F08986F3B749cB8f0",
  "startBlock": "0",
  "endBlock": "3",
  "finalContractBalanceWei": "0",
  "deployer": "0x603A4Cbdda1A4E5E198b52DB42032f7c425df67B",
  "party": "0x66DF33D0e9e63d954661a9d1C611c05Eb1b64e5D",
  "counterparty": "0xb69CA59d48f284Cd3c30655415B8bF63a9839650",
  "fundingWei": "1000000000000000000",
  "timelocks": [
    7,
    8
  ],
  "transactions": [
    {
      "role": "deploy",
      "txHash": "0x6d0f5774f7470e209a382c9b93aa3aa66bb0661eab43350e70ae7c17df1c0bcc"
    },
    {
      "role": "fund",
      "txHash": "0x53de4e53aa16b31c5c33ed6990a4004809854f2f0f5fa7e3b5aa15a374b30192"
    },
    {
      "role": "claim",
      "txHash": "0x5b2cdeb31b2b4140bdfac353b5e4f70b38f3f683e09b4b699cd00c1671f7f7c1",
      "level": 0,
      "option": 0
    }
  ],
  "txRoles": [
    {
      "role": "deploy",
      "txHash": "0x6d0f5774f7470e209a382c9b93aa3aa66bb0661eab43350e70ae7c17df1c0bcc"
    },
    {
      "role": "fund",
      "txHash": "0x53de4e53aa16b31c5c33ed6990a4004809854f2f0f5fa7e3b5aa15a374b30192"
    },
    {
      "role": "claim",
      "txHash": "0x5b2cdeb31b2b4140bdfac353b5e4f70b38f3f683e09b4b699cd00c1671f7f7c1",
      "level": 0,
      "option": 0
    }
  ],
  "deployTxHash": "0x6d0f5774f7470e209a382c9b93aa3aa66bb0661eab43350e70ae7c17df1c0bcc",
  "fundTxHash": "0x53de4e53aa16b31c5c33ed6990a4004809854f2f0f5fa7e3b5aa15a374b30192",
  "claimTxHash": "0x5b2cdeb31b2b4140bdfac353b5e4f70b38f3f683e09b4b699cd00c1671f7f7c1",
  "txHash": "0x5b2cdeb31b2b4140bdfac353b5e4f70b38f3f683e09b4b699cd00c1671f7f7c1",
  "tx": "0x5b2cdeb31b2b4140bdfac353b5e4f70b38f3f683e09b4b699cd00c1671f7f7c1"
}
