ganache v7.9.2 (@ganache/cli: 0.10.2, @ganache/core: 0.10.2)
Starting RPC server

Available Accounts
==================
(0) 0x08EB47dd04F7e6F841529FBE36d315214759aA4b (1000 ETH)
(1) 0xA989fA875D9139bb1c6Eb8E34b6539208127742a (1000 ETH)
(2) 0x5BED58D6d42Ee7F3a2eF7143f1eAAFfe478A304a (1000 ETH)
(3) 0x3c7Cd5d6a99b80AE7cE5809Eb92966690de42FE9 (1000 ETH)
(4) 0xA14f123fDE34B158aE174eA4370301Aa28fD7692 (1000 ETH)
(5) 0xB5A104b3c31493c7B4727868E065AdA07D5b1Ca6 (1000 ETH)
(6) 0xeCd58f60ff350AD18A31739Cb3CA344eC44a5ED4 (1000 ETH)
(7) 0xe7b863f8CEE93f38bB30f7D1284b3F97d70FC2C9 (1000 ETH)
(8) 0x54F1Ac381B6497D85E759159BCb799f4C33b04f5 (1000 ETH)
(9) 0x7581169E4aA4FF32d647B09745da74beCe755d26 (1000 ETH)

Private Keys
==================
(0) 0x9199b1b29e416fff08a7c712093935972cfb44045cc1479fe4586d8417185c4c
(1) 0x3c2433cd34f3e19a15f622c9e818f4d9ce03348f6ee9bd683eae826798877994
(2) 0x77a64d414e3ea7fe087d3b3183d06ffa10949dcc29d2a479e37c58335284cd87
(3) 0xa4a1e728ee4e37126c50ee69f7a8856bfeff7dd08a2446c5f2dd21fd12f4165f
(4) 0x058f5e74aac014a223608627f0c6e0efe724b4a2cea696184a389b5f0cc9647e
(5) 0x2427eb6be39b5868b0acc87f941109d46e4cbf9c17a8204935726bdbf15d01b4
(6) 0x3e24076754cd8fca9ae9375194d56eeabfb4022d60ab97a9f5abb7f5057d7a6c
(7) 0xe3cf4639d7b6f982bd115d233088edfb68f6391b81136a645ed052f0280d86f2
(8) 0x5018a6c300c477cb931ba76ae9ff2af714911fcfaf50c253306377e2b5bfac8a
(9) 0x672894cc344ec9a80f3030b27481fd4022fbc32b691f31f78bc154536fdaa021

HD Wallet
==================
Mnemonic:      heart type tribe ten monitor traffic frame grid number bone drill ride
Base HD Path:  m/44'/60'/0'/0/{account_index}

Default Gas Price
==================
2000000000

BlockGas Limit
==================
30000000

Call Gas Limit
==================
50000000

Chain
==================
Hardfork: shanghai
Id:       1337

RPC Listening on 127.0.0.1:8545
web3_clientVersion
eth_blockNumber
net_version
eth_accounts
eth_accounts
eth_blockNumber
net_version
eth_getBlockByNumber
eth_estimateGas
eth_getBlockByNumber
eth_gasPrice
eth_sendTransaction

  Transaction: 0x821bd839a58a2e3d850698bbb83006e7575e8ca197d93caab6bf13d4bac9dff3
  Contract created: 0xeaa7ead149fc0d875e5e48cbd4bc2c8cd99f4588
  Gas usage: 1100987
  Block number: 1
  Block time: Fri May 08 2026 00:17:41 GMT+0700 (Indochina Time)

eth_getTransactionReceipt
eth_getCode
eth_getTransactionReceipt
eth_getBlockByNumber
eth_gasPrice
eth_sendTransaction

  Transaction: 0x8d8c248abc0f3efc1378a543daa230448302379210c385b3c89daa3287c32edf
  Gas usage: 21055
  Block number: 2
  Block time: Fri May 08 2026 00:17:41 GMT+0700 (Indochina Time)

eth_getTransactionReceipt
net_version
eth_getBlockByNumber
eth_estimateGas
eth_getBlockByNumber
eth_gasPrice
eth_sendTransaction

  Transaction: 0x99a7f13b59f72e931924be2c7c433aac041a2a7fb1fd11c2bf301f97ba9bbe73
  Gas usage: 64620
  Block number: 3
  Block time: Fri May 08 2026 00:17:41 GMT+0700 (Indochina Time)

eth_getTransactionReceipt
eth_blockNumber
eth_getBalance
eth_getTransactionByHash
debug_traceTransaction
eth_getTransactionByHash
debug_traceTransaction
eth_getTransactionByHash
debug_traceTransaction

Received shutdown signal: SIGTERM
Shutting down…
Server has been shut down
