COMMAND: python3 experiments/scale_trace/scripts/trace_result_json.py /home/aothuatgiadp/blockchain/project/CTLC-Implementation/experiments/scale_trace/runs/random_v1_4/B-_A_evm_fund_ba_CTLCOnly_refund/result.json /home/aothuatgiadp/blockchain/project/CTLC-Implementation/experiments/scale_trace/runs/random_v1_4/B-_A_evm_fund_ba_CTLCOnly_refund/trace.json
STATUS: 0

STDOUT:
{
  "graph_id": "",
  "pair": "B->A|evm|fund:ba",
  "contract": "CTLCOnly",
  "scenario": "refund",
  "contractAddress": "0x8F890e28bC762F90BC52a3e30248809f4E7C5856",
  "traces": {
    "deploy": {
      "tx_hash": "0x2ffad381e2dfe049104e8a2741bef4adf0ed93fd55708dd81fbb62d226026cd5",
      "actual_calldata_bytes": 7091,
      "actual_sstore_count": 8,
      "actual_call_count": 0,
      "opcode_steps": 1286
    },
    "fund": {
      "tx_hash": "0xf6c6dac30e43ff4eb6881a182bf7c39d89c8bbf2d97f63482818cc1af386949b",
      "actual_calldata_bytes": 0,
      "actual_sstore_count": 0,
      "actual_call_count": 0,
      "opcode_steps": 13
    },
    "refund_level0": {
      "tx_hash": "0x25d03ef83877f10329d58052e9d765301d634d074986c3cee1577124025163d0",
      "actual_calldata_bytes": 4,
      "actual_sstore_count": 1,
      "actual_call_count": 1,
      "opcode_steps": 229
    }
  }
}


STDERR:

