Using network 'development'.

{
  "ok": true,
  "graph_id": "",
  "pair": "E->F|evm|fund:ef",
  "pairKey": "E->F|evm|fund:ef",
  "contract": "CTLCMultipleEdges",
  "scenario": "refund",
  "deployGas": "0x1edf11",
  "gasUsed": "112464",
  "disableGasUsed": "52925",
  "claimGasUsed": "",
  "refundGasUsed": "59539",
  "contractAddress": "0xa2B6dc502E641Ff9C4F3fa2F3A96d0c40DE7eD69",
  "startBlock": "0",
  "endBlock": "9",
  "finalContractBalanceWei": "0",
  "deployer": "0xE2F8d9303685eB57C7c41E696C81d887Ae6EbEf7",
  "party": "0x3AB337618825C0b9eA69A87b39818CcDB6C1eB5A",
  "counterparty": "0x1b4522B7304dBd394D7307CeAEEDE5ADED936F87",
  "fundingWei": "1000000000000000000",
  "timelocks": [
    7,
    8
  ],
  "transactions": [
    {
      "role": "deploy",
      "txHash": "0x96624561261d6d746e8038b1008065ab022c503fb3f835e079f68ed98bd89963"
    },
    {
      "role": "fund",
      "txHash": "0x0d89d5afe192db1c9a5670fe99946889a56c94270df051ae27ccd862d68fd4aa"
    },
    {
      "role": "disable",
      "txHash": "0xebe0b306c4ff0303b08e1db2877b0931ccaae22f707bd84fe066086475102069",
      "level": 0
    },
    {
      "role": "refund",
      "txHash": "0x23f6e3a738fca4f5ec00848ee040e9ce64999dd16ee78119aed8308a57068730",
      "level": 1
    }
  ],
  "txRoles": [
    {
      "role": "deploy",
      "txHash": "0x96624561261d6d746e8038b1008065ab022c503fb3f835e079f68ed98bd89963"
    },
    {
      "role": "fund",
      "txHash": "0x0d89d5afe192db1c9a5670fe99946889a56c94270df051ae27ccd862d68fd4aa"
    },
    {
      "role": "disable",
      "txHash": "0xebe0b306c4ff0303b08e1db2877b0931ccaae22f707bd84fe066086475102069",
      "level": 0
    },
    {
      "role": "refund",
      "txHash": "0x23f6e3a738fca4f5ec00848ee040e9ce64999dd16ee78119aed8308a57068730",
      "level": 1
    }
  ],
  "deployTxHash": "0x96624561261d6d746e8038b1008065ab022c503fb3f835e079f68ed98bd89963",
  "fundTxHash": "0x0d89d5afe192db1c9a5670fe99946889a56c94270df051ae27ccd862d68fd4aa",
  "disableTxHashes": [
    "0xebe0b306c4ff0303b08e1db2877b0931ccaae22f707bd84fe066086475102069"
  ],
  "disableTxHash": "0xebe0b306c4ff0303b08e1db2877b0931ccaae22f707bd84fe066086475102069",
  "disableTx": "0xebe0b306c4ff0303b08e1db2877b0931ccaae22f707bd84fe066086475102069",
  "refundTxHash": "0x23f6e3a738fca4f5ec00848ee040e9ce64999dd16ee78119aed8308a57068730",
  "refundTx": "0x23f6e3a738fca4f5ec00848ee040e9ce64999dd16ee78119aed8308a57068730"
}
