COMMAND: python3 experiments/scale_trace/scripts/trace_result_json.py /home/aothuatgiadp/blockchain/project/CTLC-Implementation/experiments/scale_trace/runs/random_v1_9/C-_D_evm_fund_cd_CTLCOnly_worst_claim/result.json /home/aothuatgiadp/blockchain/project/CTLC-Implementation/experiments/scale_trace/runs/random_v1_9/C-_D_evm_fund_cd_CTLCOnly_worst_claim/trace.json
STATUS: 0

STDOUT:
{
  "graph_id": "",
  "pair": "C->D|evm|fund:cd",
  "contract": "CTLCOnly",
  "scenario": "worst_claim",
  "contractAddress": "0x3EC4b70c5cF79aC71DDf0e816cbF555Efa8A0C3A",
  "traces": {
    "deploy": {
      "tx_hash": "0x5329b01cccc913098e00b559039c30c688fedfe871c0a4b4bb6b5085024f9549",
      "actual_calldata_bytes": 7155,
      "actual_sstore_count": 10,
      "actual_call_count": 0,
      "opcode_steps": 1462
    },
    "fund": {
      "tx_hash": "0x32dfcfd78becb558186148f977e6dfb4f521f7b8532f994cdae47e652b846f62",
      "actual_calldata_bytes": 0,
      "actual_sstore_count": 0,
      "actual_call_count": 0,
      "opcode_steps": 13
    },
    "claim_level0": {
      "tx_hash": "0x5f900f98417ea1ff5d305f452874de128316293ed907b661960343a01c74821f",
      "actual_calldata_bytes": 388,
      "actual_sstore_count": 1,
      "actual_call_count": 1,
      "opcode_steps": 1475
    }
  }
}


STDERR:

