COMMAND: python3 experiments/scale_trace/scripts/trace_result_json.py /home/aothuatgiadp/blockchain/project/CTLC-Implementation/experiments/scale_trace/runs/random_v1_18/C-_F_evm_fund_cf_CTLCOnly_worst_claim/result.json /home/aothuatgiadp/blockchain/project/CTLC-Implementation/experiments/scale_trace/runs/random_v1_18/C-_F_evm_fund_cf_CTLCOnly_worst_claim/trace.json
STATUS: 0

STDOUT:
{
  "graph_id": "",
  "pair": "C->F|evm|fund:cf",
  "contract": "CTLCOnly",
  "scenario": "worst_claim",
  "contractAddress": "0xce99A7eBf1af0Bd9303371002d4D3127Ab7d2783",
  "traces": {
    "deploy": {
      "tx_hash": "0xb85a1afe8cab8c72b104b62ae1be93910a1f4dfb7b2ad47b4990ad2cfb1f55ea",
      "actual_calldata_bytes": 7411,
      "actual_sstore_count": 17,
      "actual_call_count": 0,
      "opcode_steps": 2440
    },
    "fund": {
      "tx_hash": "0x8421d00bc63da6d682e507f4dce6ed3abe2621c8b956d8a5de31e0b23d5d5d26",
      "actual_calldata_bytes": 0,
      "actual_sstore_count": 0,
      "actual_call_count": 0,
      "opcode_steps": 13
    },
    "disable_level0": {
      "tx_hash": "0xb18c6944cb97c44524b7fd378c8c411f3d27841dbdb6a395e00388ff973f2a56",
      "actual_calldata_bytes": 36,
      "actual_sstore_count": 1,
      "actual_call_count": 0,
      "opcode_steps": 305
    },
    "claim_level1": {
      "tx_hash": "0xfe386ad94992b532b538a1d9eec47c8daa10bc71523819623ee0007d5c01f6b3",
      "actual_calldata_bytes": 580,
      "actual_sstore_count": 1,
      "actual_call_count": 1,
      "opcode_steps": 2157
    }
  }
}


STDERR:

