Using network 'development'.

{
  "ok": true,
  "graph_id": "",
  "pair": "D->E|evm|fund:de",
  "pairKey": "D->E|evm|fund:de",
  "contract": "CTLCOnly",
  "scenario": "refund",
  "deployGas": "0x117fbb",
  "gasUsed": "59561",
  "disableGasUsed": "0",
  "claimGasUsed": "",
  "refundGasUsed": "59561",
  "contractAddress": "0x20c477452b2E8aEF526D5c6E493B4410dbB975eF",
  "startBlock": "0",
  "endBlock": "9",
  "finalContractBalanceWei": "0",
  "deployer": "0x5Da1De901720473aEb13f0e203b987272B3F251c",
  "party": "0x30C5a473Cf9d638D2Aae220Ff4f5bFB6691493Cf",
  "counterparty": "0x4aAc2B840168549bC725F24f6939b6A09F4c2A46",
  "fundingWei": "1000000000000000000",
  "timelocks": [
    8
  ],
  "transactions": [
    {
      "role": "deploy",
      "txHash": "0x78c41e97a1000c30aa11b5834a07f20eff33a39e24d35c791561307f7160348e"
    },
    {
      "role": "fund",
      "txHash": "0x74a27cc96b0c1433ae92859f7696127e45bb775b0ea301342eed038949e464f0"
    },
    {
      "role": "refund",
      "txHash": "0x0fbbc262ddb3b345a338a7bf647025c450e6bb1ae9bd65179ec857e661181888",
      "level": 0
    }
  ],
  "txRoles": [
    {
      "role": "deploy",
      "txHash": "0x78c41e97a1000c30aa11b5834a07f20eff33a39e24d35c791561307f7160348e"
    },
    {
      "role": "fund",
      "txHash": "0x74a27cc96b0c1433ae92859f7696127e45bb775b0ea301342eed038949e464f0"
    },
    {
      "role": "refund",
      "txHash": "0x0fbbc262ddb3b345a338a7bf647025c450e6bb1ae9bd65179ec857e661181888",
      "level": 0
    }
  ],
  "deployTxHash": "0x78c41e97a1000c30aa11b5834a07f20eff33a39e24d35c791561307f7160348e",
  "fundTxHash": "0x74a27cc96b0c1433ae92859f7696127e45bb775b0ea301342eed038949e464f0",
  "refundTxHash": "0x0fbbc262ddb3b345a338a7bf647025c450e6bb1ae9bd65179ec857e661181888",
  "refundTx": "0x0fbbc262ddb3b345a338a7bf647025c450e6bb1ae9bd65179ec857e661181888"
}
