ganache v7.9.2 (@ganache/cli: 0.10.2, @ganache/core: 0.10.2)
Starting RPC server

Available Accounts
==================
(0) 0xe7d98a4a71F2E989752d53563B73B41ca9D24937 (1000 ETH)
(1) 0xA1C61CC4aAba86a8795ca2E4Bf0eba6C525829e6 (1000 ETH)
(2) 0xef358CC57A60aa92A43d7515024Be889eBB2c6fD (1000 ETH)
(3) 0xF5eFD1A9985Bfe21F55Dd0dd69deFE68f47f470a (1000 ETH)
(4) 0xB870eb67246F658Aa0Aac2be9f3740Cbcfea8e41 (1000 ETH)
(5) 0x7141CEAaa3D6328d02fEA6dbb171267A310a6901 (1000 ETH)
(6) 0x9fE5B0648A82d972eD87a42A6499B96B31Ed7350 (1000 ETH)
(7) 0x5dfc68E3a34f6d1dAf09B68344846FF8474Ff47c (1000 ETH)
(8) 0x16F8cf76721591B61db222E982DA444B7F41177e (1000 ETH)
(9) 0x29A0653beA4Fea2e5d6A9440a395cD0c02D1Cff2 (1000 ETH)

Private Keys
==================
(0) 0x529aea470029fda3209796a276fe71426c8235f190b891ae7b74bcac905b8abc
(1) 0x376263f329d7579b09f358d03386ab700a833080fc087f1aa976238b24e88c59
(2) 0x30e71b9414e6f56007a260c1c3684b4808b6c02af77a303a1299c407b14c6287
(3) 0x1458790c8ce4d433eb6285937c7efc937e7c3e49a62cc20bd9d90525042e8843
(4) 0x53e86433eab46932d97d33baa89f78f2ed7aae87b90015c062ec8a4ab5b15d12
(5) 0x54ebfadc2485e769dfe8e4d515ace2fa10b98e1ff351580759ecad177ed0c6da
(6) 0x6137895c4834abf044aca437edb5fa4a874671bfb6d7ed840f56760674e846b8
(7) 0x9a2aed3602148fd490d49902fb32ff11257f3ed8fd9ce60a8dee4b073b5e140c
(8) 0x8866f30b9c16414fc2a208c3698ae00755947ea47e5e1d018adb9ea86dc08a5b
(9) 0x057530ae99a18397d0fc341ce3022c16592ae15a6158dd6463b2332d9b3fb90e

HD Wallet
==================
Mnemonic:      shrimp happy hungry bullet clump chuckle category wisdom warm estate message chef
Base HD Path:  m/44'/60'/0'/0/{account_index}

Default Gas Price
==================
2000000000

BlockGas Limit
==================
30000000

Call Gas Limit
==================
50000000

Chain
==================
Hardfork: shanghai
Id:       1337

RPC Listening on 127.0.0.1:8545
web3_clientVersion
eth_blockNumber
net_version
eth_accounts
eth_accounts
eth_blockNumber
net_version
eth_getBlockByNumber
eth_estimateGas
eth_getBlockByNumber
eth_gasPrice
eth_sendTransaction

  Transaction: 0xf0d16491d9f6340b3b10a048c182c327e0d456a97719b95cccd45d48adddcf0b
  Contract created: 0xd40bcb65b6661a7c2cdf82aeeaa3be09f9c6f138
  Gas usage: 1975932
  Block number: 1
  Block time: Fri May 08 2026 03:16:03 GMT+0700 (Indochina Time)

eth_getTransactionReceipt
eth_getCode
eth_getTransactionReceipt
eth_getBlockByNumber
eth_gasPrice
eth_sendTransaction

  Transaction: 0x590c86621c5e2a255442beca365206f6a26e1d3cdf7068c3fa77633c11b70727
  Gas usage: 21055
  Block number: 2
  Block time: Fri May 08 2026 03:16:03 GMT+0700 (Indochina Time)

eth_getTransactionReceipt
eth_blockNumber
evm_mine
eth_blockNumber
evm_mine
eth_blockNumber
evm_mine
eth_blockNumber
evm_mine
eth_blockNumber
evm_mine
eth_blockNumber
evm_mine
eth_blockNumber
evm_mine
eth_blockNumber
net_version
eth_getBlockByNumber
eth_estimateGas
eth_getBlockByNumber
eth_gasPrice
eth_sendTransaction

  Transaction: 0xfa163a004fc0ea40459d88cf2dd557a1a93cdfbf688b311dc4432b16e5aadb7a
  Gas usage: 52925
  Block number: 10
  Block time: Fri May 08 2026 03:16:03 GMT+0700 (Indochina Time)

eth_getTransactionReceipt
eth_blockNumber
net_version
eth_getBlockByNumber
eth_estimateGas
eth_getBlockByNumber
eth_gasPrice
eth_sendTransaction

  Transaction: 0x41f1293bbcbb40e49cab91bf76a6aab533e216b05163a8e50bbda1cde84d76ee
  Gas usage: 35837
  Block number: 11
  Block time: Fri May 08 2026 03:16:03 GMT+0700 (Indochina Time)

eth_getTransactionReceipt
eth_blockNumber
net_version
eth_getBlockByNumber
eth_estimateGas
eth_getBlockByNumber
eth_gasPrice
eth_sendTransaction

  Transaction: 0x3136cf454aaaa10a4333df18c633cdd5174c3cb87b33e24812cb27fa2bfc740a
  Gas usage: 59539
  Block number: 12
  Block time: Fri May 08 2026 03:16:03 GMT+0700 (Indochina Time)

eth_getTransactionReceipt
eth_blockNumber
eth_getBalance
eth_getTransactionByHash
debug_traceTransaction
eth_getTransactionByHash
debug_traceTransaction
eth_getTransactionByHash
debug_traceTransaction
eth_getTransactionByHash
debug_traceTransaction
eth_getTransactionByHash
debug_traceTransaction

Received shutdown signal: SIGTERM
Shutting down…
Server has been shut down
