ganache v7.9.2 (@ganache/cli: 0.10.2, @ganache/core: 0.10.2)
Starting RPC server

Available Accounts
==================
(0) 0x1b3DEcC0E5BC4f638A8Eb4BCeD9911EBc745eaB0 (1000 ETH)
(1) 0x745457Eb373131be4C1504620c5a16D019aB402a (1000 ETH)
(2) 0x4A4D3B36ACE0a40C537c46Fb73F5e1504b67c74D (1000 ETH)
(3) 0x5217CBe34a1c2EB9F037941501d0b12481C39cD9 (1000 ETH)
(4) 0x32f0271df89F328f8cfB9c69540E0E66bB1383B0 (1000 ETH)
(5) 0xEB5eAa5C53c51E93f8ed46185eD67FF58055b8E0 (1000 ETH)
(6) 0xc6eC8CBd19B1F79BFbD90C297679f83d00049bdf (1000 ETH)
(7) 0x1D1AF8B5A18dA82D50FA9e24a59299B98Cda3E43 (1000 ETH)
(8) 0x6C1D5327BB08577CCf7aa643cf1802455aeada08 (1000 ETH)
(9) 0xB013EDC2B64c28ceFcEe44542D3087cD0FCc4749 (1000 ETH)

Private Keys
==================
(0) 0x6c641ef187a22ab892d3f7cebcd1cac27d862c3774c0bde52d9607096a8b5a04
(1) 0xced4c42f19f8ea1f6c3d2116124b442b9cbf533a46ea063052e2a694a13c3dd4
(2) 0xa8d8f67d7d97d2c5b000f0d77192536c78079528746b52e870f2737ad546ec13
(3) 0x62d3b40248b57e252ce00d70c9d6473065a7884ca19bfcc9ab22689af62f8abc
(4) 0xdbe2bff25186fae4110be8096be436a97da94c23547d4e59871532e4060374ef
(5) 0x415f3ce397d90e29d47d49e823470a2f440a49ea1b920ec8b077d7261e07db23
(6) 0x83ebc5f336b268ce3779226de14ec33eb745afd2bcf7b86cd593dfe25647840b
(7) 0x1ce6c661d708267c1b1de53e340c3de96469e27462ab0f90007a7d734b0a2657
(8) 0x23d7b1b1226ddae9238a0214f5c4649a5cfed49bab983bde95da3c2d446e266b
(9) 0x0422f93a6b555e6bfbdd6c66579fb45e48e62dea1ed4ec0d879641eec1de7553

HD Wallet
==================
Mnemonic:      release laundry crazy faint half kangaroo garage place size hazard balance street
Base HD Path:  m/44'/60'/0'/0/{account_index}

Default Gas Price
==================
2000000000

BlockGas Limit
==================
30000000

Call Gas Limit
==================
50000000

Chain
==================
Hardfork: shanghai
Id:       1337

RPC Listening on 127.0.0.1:8545
web3_clientVersion
eth_blockNumber
net_version
eth_accounts
eth_accounts
eth_blockNumber
net_version
eth_getBlockByNumber
eth_estimateGas
eth_getBlockByNumber
eth_gasPrice
eth_sendTransaction

  Transaction: 0xc92734c908e73fe8a205d811f1140bef5416b3dab85d0cfa63883305413b58ef
  Contract created: 0x13f852c9b9ec3663ab5742a7775a00d4dfa7bc3f
  Gas usage: 1100987
  Block number: 1
  Block time: Fri May 08 2026 00:28:18 GMT+0700 (Indochina Time)

eth_getTransactionReceipt
eth_getCode
eth_getTransactionReceipt
eth_getBlockByNumber
eth_gasPrice
eth_sendTransaction

  Transaction: 0x8a8c2bf52a5345b638b50ee28cad3c2673ce71ba1d07e235bbba6a506d5b0e09
  Gas usage: 21055
  Block number: 2
  Block time: Fri May 08 2026 00:28:18 GMT+0700 (Indochina Time)

eth_getTransactionReceipt
eth_blockNumber
evm_mine
eth_blockNumber
evm_mine
eth_blockNumber
evm_mine
eth_blockNumber
evm_mine
eth_blockNumber
net_version
eth_getBlockByNumber
eth_estimateGas
eth_getBlockByNumber
eth_gasPrice
eth_sendTransaction

  Transaction: 0x6d88b89c967c889b9f4a3bb4050371dd7469d0e656d4cb12a3cb4e4f687bcb81
  Gas usage: 59561
  Block number: 7
  Block time: Fri May 08 2026 00:28:18 GMT+0700 (Indochina Time)

eth_getTransactionReceipt
eth_blockNumber
eth_getBalance
eth_getTransactionByHash
debug_traceTransaction
eth_getTransactionByHash
debug_traceTransaction
eth_getTransactionByHash
debug_traceTransaction

Received shutdown signal: SIGTERM
Shutting down…
Server has been shut down
