Using network 'development'.

{
  "ok": true,
  "graph_id": "",
  "pair": "F->D|evm|fund:fd",
  "pairKey": "F->D|evm|fund:fd",
  "contract": "CTLCMultipleEdges",
  "scenario": "worst_claim",
  "deployGas": "0x1504a1",
  "gasUsed": "75948",
  "disableGasUsed": "0",
  "claimGasUsed": "75948",
  "refundGasUsed": "",
  "contractAddress": "0x9645E4e653B6972f60F7FD2a73A5d48E0e842AC4",
  "startBlock": "0",
  "endBlock": "3",
  "finalContractBalanceWei": "0",
  "deployer": "0x3eF4fA46B35ae09F6AB916A41F1fc3b627d707f4",
  "party": "0x8468a06Cf772909c49dFb6fFE4E44a525648281c",
  "counterparty": "0x4577e772C8870FbEbD90Bd526caCE5387dd52F80",
  "fundingWei": "1000000000000000000",
  "timelocks": [
    8
  ],
  "transactions": [
    {
      "role": "deploy",
      "txHash": "0x538567c66981961ee2625ffbabd59e9a74b5d36281496afbebce87921b324535"
    },
    {
      "role": "fund",
      "txHash": "0xd0c85df61946771461413b369a12d44438b7fdb0d751dcf0f467509db60fa8c7"
    },
    {
      "role": "claim",
      "txHash": "0x6d78429668f96a5fc55a2b719b43b041270abfc1f539365ba9d732f0e1142a67",
      "level": 0,
      "option": 0
    }
  ],
  "txRoles": [
    {
      "role": "deploy",
      "txHash": "0x538567c66981961ee2625ffbabd59e9a74b5d36281496afbebce87921b324535"
    },
    {
      "role": "fund",
      "txHash": "0xd0c85df61946771461413b369a12d44438b7fdb0d751dcf0f467509db60fa8c7"
    },
    {
      "role": "claim",
      "txHash": "0x6d78429668f96a5fc55a2b719b43b041270abfc1f539365ba9d732f0e1142a67",
      "level": 0,
      "option": 0
    }
  ],
  "deployTxHash": "0x538567c66981961ee2625ffbabd59e9a74b5d36281496afbebce87921b324535",
  "fundTxHash": "0xd0c85df61946771461413b369a12d44438b7fdb0d751dcf0f467509db60fa8c7",
  "claimTxHash": "0x6d78429668f96a5fc55a2b719b43b041270abfc1f539365ba9d732f0e1142a67",
  "txHash": "0x6d78429668f96a5fc55a2b719b43b041270abfc1f539365ba9d732f0e1142a67",
  "tx": "0x6d78429668f96a5fc55a2b719b43b041270abfc1f539365ba9d732f0e1142a67"
}
