ganache v7.9.2 (@ganache/cli: 0.10.2, @ganache/core: 0.10.2)
Starting RPC server

Available Accounts
==================
(0) 0x794f1D83645b648F3d28160e640cC34f40ba1f7A (1000 ETH)
(1) 0xA9a185Ed2680ED809253933278E74F71812b5C32 (1000 ETH)
(2) 0xb0adcDe3c07eE91C7103bAcE56F810e2eA188589 (1000 ETH)
(3) 0x9E2B4A9155750D153E44C2e746502CcFF17030A8 (1000 ETH)
(4) 0x745A35aDEe1aacaA3133b4F98733F95A7467F60f (1000 ETH)
(5) 0xc1CeD5acFb0DA87fa9B4Ff50D4A9a93A61472D74 (1000 ETH)
(6) 0x7692b3B72b0685e08753E467398Ba7ea9a726806 (1000 ETH)
(7) 0xA457e0Dd0404657E78037dfF756203E1550435d0 (1000 ETH)
(8) 0xa74013217546abc0b0B900ab757c463e164bED52 (1000 ETH)
(9) 0xE724DE9a3D3afD0f40ffC7189d7855bf6DA7fCF9 (1000 ETH)

Private Keys
==================
(0) 0x2ee7d4c6493c328b1987ee375f4b2fcc7f2b2e381f9249b4e51366a49ced25d4
(1) 0xda3592cafa2e291a458e8430eb14be8f4df654f216dc96743631481c317324a4
(2) 0x577ed3fe1f757b61f54834e2f659d0dda5712a57c43bf9637f5e2d6307bb1cf4
(3) 0xfa1f7ff4c68c1539af8ccc199c94bab7e4f6504642bbd6c415482a8df87e6860
(4) 0x64b2d22d3f966dffb03ceb97e903de76f49b212c517a21ecaeb6159221bfae16
(5) 0x6f44523099c768c67d9123df1cf70b80dc4c11d3982b5c0680ed8f91f0ec38aa
(6) 0x3fcb66b4f990caf4835ffaf71bb7cde9434c3516c1b8f5d6791c7b11c13aecab
(7) 0x456be995d30ebfb4c86270e093d748c68b6e0b3bc19802f6579afce49fc03ded
(8) 0xa1856568cc6ee687f34e6617bb26ee67f6ea2a1c1606d3bdf86183f1efeadcdd
(9) 0x2e2593c6373b49297f1d55565357cdc8aa1755f4f775f17a8f1455fa2ddebbb3

HD Wallet
==================
Mnemonic:      light bullet trash profit whisper promote slot inhale phone witness payment rail
Base HD Path:  m/44'/60'/0'/0/{account_index}

Default Gas Price
==================
2000000000

BlockGas Limit
==================
30000000

Call Gas Limit
==================
50000000

Chain
==================
Hardfork: shanghai
Id:       1337

RPC Listening on 127.0.0.1:8545
web3_clientVersion
eth_blockNumber
net_version
eth_accounts
eth_accounts
eth_blockNumber
net_version
eth_getBlockByNumber
eth_estimateGas
eth_getBlockByNumber
eth_gasPrice
eth_sendTransaction

  Transaction: 0x33320af46845513f1999676f9ae3dd63493095a9bfe2e4fbc1014a22e2a5175e
  Contract created: 0x5e065f157d1ad432ba503e1b16ab7f5a4f1efa14
  Gas usage: 1123899
  Block number: 1
  Block time: Fri May 08 2026 03:02:43 GMT+0700 (Indochina Time)

eth_getTransactionReceipt
eth_getCode
eth_getTransactionReceipt
eth_getBlockByNumber
eth_gasPrice
eth_sendTransaction

  Transaction: 0x05b571486a3bfbb451565b2caadbb814fe42202f581248ea08fbae3f2ea353df
  Gas usage: 21055
  Block number: 2
  Block time: Fri May 08 2026 03:02:43 GMT+0700 (Indochina Time)

eth_getTransactionReceipt
net_version
eth_getBlockByNumber
eth_estimateGas
eth_getBlockByNumber
eth_gasPrice
eth_sendTransaction

  Transaction: 0x9cb4c0aa7732e8c12118c428c667be5dab800eef23cf91c14c630b53d5ddabc6
  Gas usage: 68735
  Block number: 3
  Block time: Fri May 08 2026 03:02:43 GMT+0700 (Indochina Time)

eth_getTransactionReceipt
eth_blockNumber
eth_getBalance
eth_getTransactionByHash
debug_traceTransaction
eth_getTransactionByHash
debug_traceTransaction
eth_getTransactionByHash
debug_traceTransaction

Received shutdown signal: SIGTERM
Shutting down…
Server has been shut down
