ganache v7.9.2 (@ganache/cli: 0.10.2, @ganache/core: 0.10.2)
Starting RPC server

Available Accounts
==================
(0) 0x39c6cE9f96a75693DaD9D09F5286efCcc2aB4Be4 (1000 ETH)
(1) 0x083B8C865b07aB1f4EaD405eF92d144a133E3228 (1000 ETH)
(2) 0x81d5C7e42916F0F7331897fbD1D318846c81FCD6 (1000 ETH)
(3) 0x0b05045E92C558439544B1f80d04494d19e3Dc7c (1000 ETH)
(4) 0x4507A7814eDbB7e5f8585275b015504D028F8a43 (1000 ETH)
(5) 0x5a3e566A25E04866245714737b2B2FF750Ec735e (1000 ETH)
(6) 0xA8eE527D853d2D755DeFa5D824481Ba404B9CCe5 (1000 ETH)
(7) 0x792ee0679727E065027D55bb37f03CFCdE0896ef (1000 ETH)
(8) 0xbB2107D61d921C3d07711D8e23F72D72B4b07e96 (1000 ETH)
(9) 0xC90854213C08f039752750B01DC5Ea69543c2266 (1000 ETH)

Private Keys
==================
(0) 0xf8e184c8cfe063ca12dbe71d44ce85994ead6f270b8ef868d31293393fcafeb4
(1) 0x8ce7519d6c88f85e1acb178879b88d5a439dcd5d0e17c633f3f9a096667c86a3
(2) 0x2c39e5fb7a10aaaa7fa721f8d551d785cdec2208c76705a09dd530fe11eb036e
(3) 0x16655586405f3c720dcc9ada021f937d8d7f5bbd0b3dece2cbc93ce43c5299d1
(4) 0x493f881c288fb665fdd98d5249fba8035134fd4a0434468f001a17881014983a
(5) 0x7e33092a2582deb483f30c63ac4ff6bfa93bbe0f4dc1e6af793e2cc0e8f03644
(6) 0xa1a7c47cddde6a24720a298f8c1418e8ebda72977194985ae0ea3930049ddd38
(7) 0x60ab1c1538ed7b8c1171ae4b96b2f1583e29da29d58bfaf755efe0fa2a0e8a66
(8) 0xc9d66ff98d471f4566d9e9c3b75411ba5f0ffe81d531cf1d93e1e08f8f93c78e
(9) 0xfeb8177da78168dfc549ad9464b471b8d397ceba9832b5c1e07c0ca9c4654cf0

HD Wallet
==================
Mnemonic:      neck silly inner shed manual cook fork olive grit gap ring end
Base HD Path:  m/44'/60'/0'/0/{account_index}

Default Gas Price
==================
2000000000

BlockGas Limit
==================
30000000

Call Gas Limit
==================
50000000

Chain
==================
Hardfork: shanghai
Id:       1337

RPC Listening on 127.0.0.1:8545
web3_clientVersion
eth_blockNumber
net_version
eth_accounts
eth_accounts
eth_blockNumber
net_version
eth_getBlockByNumber
eth_estimateGas
eth_getBlockByNumber
eth_gasPrice
eth_sendTransaction

  Transaction: 0x3b2a0f3a3081f8964fc9406a6a205ce2704c23a990a014d6076d18f5fd790840
  Contract created: 0x2dbddb5fcabeba9f05acb7f0a653bd64065d32bf
  Gas usage: 1746201
  Block number: 1
  Block time: Fri May 08 2026 02:52:32 GMT+0700 (Indochina Time)

eth_getTransactionReceipt
eth_getCode
eth_getTransactionReceipt
eth_getBlockByNumber
eth_gasPrice
eth_sendTransaction

  Transaction: 0x428ad9601883798df2d54dc3fe8f4626e393e1f26e9eda13390261110fdbcb38
  Gas usage: 21055
  Block number: 2
  Block time: Fri May 08 2026 02:52:33 GMT+0700 (Indochina Time)

eth_getTransactionReceipt
eth_blockNumber
evm_mine
eth_blockNumber
evm_mine
eth_blockNumber
evm_mine
eth_blockNumber
evm_mine
eth_blockNumber
evm_mine
eth_blockNumber
net_version
eth_getBlockByNumber
eth_estimateGas
eth_getBlockByNumber
eth_gasPrice
eth_sendTransaction

  Transaction: 0x1c1da56c401368a88b152bf8e2e0a655a36fb04b372fad8203f268d45cfbe622
  Gas usage: 52925
  Block number: 8
  Block time: Fri May 08 2026 02:52:33 GMT+0700 (Indochina Time)

eth_getTransactionReceipt
net_version
eth_getBlockByNumber
eth_estimateGas
eth_getBlockByNumber
eth_gasPrice
eth_sendTransaction

  Transaction: 0xce38a2b5bcf766d1bbea62cd76ebf8111cb0199f658111f07aa0d7d225cef20c
  Gas usage: 80279
  Block number: 9
  Block time: Fri May 08 2026 02:52:33 GMT+0700 (Indochina Time)

eth_getTransactionReceipt
eth_blockNumber
eth_getBalance
eth_getTransactionByHash
debug_traceTransaction
eth_getTransactionByHash
debug_traceTransaction
eth_getTransactionByHash
debug_traceTransaction
eth_getTransactionByHash
debug_traceTransaction

Received shutdown signal: SIGTERM
Shutting down…
Server has been shut down
