ganache v7.9.2 (@ganache/cli: 0.10.2, @ganache/core: 0.10.2)
Starting RPC server

Available Accounts
==================
(0) 0x06892aB4e89A45E46ee1182d2Fc749D8222aece5 (1000 ETH)
(1) 0xdDc954Af044F5187aeAbEDa39A591a71323A21d0 (1000 ETH)
(2) 0xe53F59ce21B5456F47Ebb5EF9a63e605896839eF (1000 ETH)
(3) 0x83Aaafc7cc893F69b965Fc674E32488d64c3526F (1000 ETH)
(4) 0xd5670cb987c3F23118f758756Cc40Fe02aFB2B03 (1000 ETH)
(5) 0xe978E511442aA7dA303075Dd46e112a767447004 (1000 ETH)
(6) 0x431B94edBD8a4A30D1B5B6b5e471407156EF7cd0 (1000 ETH)
(7) 0x1b995c66DF7618BCEA2b835a14d752B968582654 (1000 ETH)
(8) 0x83c3786EE20472DC789cf605da2323E41A376C62 (1000 ETH)
(9) 0xc9Ea83aAFdf1999f895fa5438DAd5797946584A4 (1000 ETH)

Private Keys
==================
(0) 0x0323ac25c783ef95156eb88d08a767343369743482771736545d7c6af1781b72
(1) 0xa6f4ab4729c9916514615c21dfde889c401a507d01f0785bdaca8cda3a7a866a
(2) 0xcb0c9124447625d41213aa42a98d78753c4550b11e351f93a0327de361cc53c2
(3) 0xd93622af63920ff5bc9709a702aa84cb3e48fe258baf66d9bc2fa5c772247cf1
(4) 0xe894f6b76423e847717d96a95349bb21dda6edcc41300505921b7c8426076f58
(5) 0xf38b94143b1ddb484fb42f2b8a9f0a1448c9da372b0c345c6447bd70ca8ede3b
(6) 0x9ac7ecdd716c716cfe8e13e69b526201864e4536f2c2606383b8ef4e4390282b
(7) 0xffa9a0b0327fa5be99c80b4fce6c7308d5c9af4e8efabd2f7fe4bee5c77bdcb5
(8) 0xd63a783c51c67d74bb86ef388f52d5bff421e4c4060255589ed6bc5dfad655b0
(9) 0x4d82f1607117896be3326457f8488e446df97b12c3d40ef5d819c62b19afa499

HD Wallet
==================
Mnemonic:      silent practice unhappy frame curve asset mosquito soda mistake able gloom solution
Base HD Path:  m/44'/60'/0'/0/{account_index}

Default Gas Price
==================
2000000000

BlockGas Limit
==================
30000000

Call Gas Limit
==================
50000000

Chain
==================
Hardfork: shanghai
Id:       1337

RPC Listening on 127.0.0.1:8545
web3_clientVersion
eth_blockNumber
net_version
eth_accounts
eth_accounts
eth_blockNumber
net_version
eth_getBlockByNumber
eth_estimateGas
eth_getBlockByNumber
eth_gasPrice
eth_sendTransaction

  Transaction: 0x6e6b11a06e8b7a6a67fc83aa9c102018db3cca72eda5878af4e20da189f79318
  Contract created: 0xa28740996e2e8acb6edb4d36668e0ae90a50fb20
  Gas usage: 1193638
  Block number: 1
  Block time: Fri May 08 2026 01:21:29 GMT+0700 (Indochina Time)

eth_getTransactionReceipt
eth_getCode
eth_getTransactionReceipt
eth_getBlockByNumber
eth_gasPrice
eth_sendTransaction

  Transaction: 0xbe28f001aea9ee2fb2b2e63ae2da130c7dddc2a7c9bca28159fee93c7311cfcf
  Gas usage: 21055
  Block number: 2
  Block time: Fri May 08 2026 01:21:29 GMT+0700 (Indochina Time)

eth_getTransactionReceipt
net_version
eth_getBlockByNumber
eth_estimateGas
eth_getBlockByNumber
eth_gasPrice
eth_sendTransaction

  Transaction: 0xa00bc75b2fb650ee77bf76ffbc26b2d01c6959741cae183195171bf7a004a074
  Gas usage: 67334
  Block number: 3
  Block time: Fri May 08 2026 01:21:29 GMT+0700 (Indochina Time)

eth_getTransactionReceipt
eth_blockNumber
eth_getBalance
eth_getTransactionByHash
debug_traceTransaction
eth_getTransactionByHash
debug_traceTransaction
eth_getTransactionByHash
debug_traceTransaction

Received shutdown signal: SIGTERM
Shutting down…
Server has been shut down
