COMMAND: python3 experiments/scale_trace/scripts/trace_result_json.py /home/aothuatgiadp/blockchain/project/CTLC-Implementation/experiments/scale_trace/runs/random_v1_179/B-_C_evm_fund_bc_CTLCOnly_refund/result.json /home/aothuatgiadp/blockchain/project/CTLC-Implementation/experiments/scale_trace/runs/random_v1_179/B-_C_evm_fund_bc_CTLCOnly_refund/trace.json
STATUS: 0

STDOUT:
{
  "graph_id": "",
  "pair": "B->C|evm|fund:bc",
  "contract": "CTLCOnly",
  "scenario": "refund",
  "contractAddress": "0x530BcAcf21a81a3c253973826512F7914AAF8C75",
  "traces": {
    "deploy": {
      "tx_hash": "0x923131cf45fb19652587d910d4a5f265e2d88170d06fb20a038abc7de18d9112",
      "actual_calldata_bytes": 7187,
      "actual_sstore_count": 11,
      "actual_call_count": 0,
      "opcode_steps": 1550
    },
    "fund": {
      "tx_hash": "0xc8b5c8e96a4ab3fbce473ed7f02d0e466a1b0e74d5bf5c680517e1bcd0acca42",
      "actual_calldata_bytes": 0,
      "actual_sstore_count": 0,
      "actual_call_count": 0,
      "opcode_steps": 13
    },
    "refund_level0": {
      "tx_hash": "0x0844f5fd1d5aa75d277f4cc0ba7f2a0e627d456534549f214304c52ce798976d",
      "actual_calldata_bytes": 4,
      "actual_sstore_count": 1,
      "actual_call_count": 1,
      "opcode_steps": 229
    }
  }
}


STDERR:

