COMMAND: python3 experiments/scale_trace/scripts/trace_result_json.py /home/aothuatgiadp/blockchain/project/CTLC-Implementation/experiments/scale_trace/runs/random_v1_100/B-_A_evm_fund_ba_CTLCOnly_worst_claim/result.json /home/aothuatgiadp/blockchain/project/CTLC-Implementation/experiments/scale_trace/runs/random_v1_100/B-_A_evm_fund_ba_CTLCOnly_worst_claim/trace.json
STATUS: 0

STDOUT:
{
  "graph_id": "",
  "pair": "B->A|evm|fund:ba",
  "contract": "CTLCOnly",
  "scenario": "worst_claim",
  "contractAddress": "0x04917c5EF3a2d13d7C42879e2f94e97F3EABB7A5",
  "traces": {
    "deploy": {
      "tx_hash": "0xfda204c31c8499c7986b713866016f121c372fbdb159e9ccd0f799ee1e88276b",
      "actual_calldata_bytes": 7091,
      "actual_sstore_count": 8,
      "actual_call_count": 0,
      "opcode_steps": 1286
    },
    "fund": {
      "tx_hash": "0xcb233d2b8b2a4439b6dbf7d40ff6974c47b24babdd08e5165a123997dddcb54a",
      "actual_calldata_bytes": 0,
      "actual_sstore_count": 0,
      "actual_call_count": 0,
      "opcode_steps": 13
    },
    "claim_level0": {
      "tx_hash": "0x760553fa6b978c500f7918e498065d98501ab0e97c9c658e7497970b4cb2987a",
      "actual_calldata_bytes": 196,
      "actual_sstore_count": 1,
      "actual_call_count": 1,
      "opcode_steps": 793
    }
  }
}


STDERR:

