Using network 'development'.

{
  "ok": true,
  "graph_id": "",
  "pair": "B->A|evm|fund:ba",
  "pairKey": "B->A|evm|fund:ba",
  "contract": "CTLCOnly",
  "scenario": "refund",
  "deployGas": "0x10ccbb",
  "gasUsed": "59561",
  "disableGasUsed": "0",
  "claimGasUsed": "",
  "refundGasUsed": "59561",
  "contractAddress": "0x7EEEC7f7e505D2459e00FE63623137c612960b31",
  "startBlock": "0",
  "endBlock": "7",
  "finalContractBalanceWei": "0",
  "deployer": "0x536D50Fc6Ac5e68CdE4797f1bA7599bE3b35400c",
  "party": "0xA4525E41C22F425A5d358bEC80D01cD69a1b7F03",
  "counterparty": "0x3e5fB7B7CFeBEb727bC046d4174e8C2e61D280c2",
  "fundingWei": "1000000000000000000",
  "timelocks": [
    6
  ],
  "transactions": [
    {
      "role": "deploy",
      "txHash": "0x252b7e02c5be098f829a808d8045b3ecce92baa0563c9e337c23b4dcb73c30a0"
    },
    {
      "role": "fund",
      "txHash": "0x82e3d783ee65affdfc6aede68cf40dcf3d1f0c67fcd0b1f9af8602a3aa12d32f"
    },
    {
      "role": "refund",
      "txHash": "0x3a69d8058d0345f3649a7dd1e31b0f82593b4f20a37accf935f54f18d5654c26",
      "level": 0
    }
  ],
  "txRoles": [
    {
      "role": "deploy",
      "txHash": "0x252b7e02c5be098f829a808d8045b3ecce92baa0563c9e337c23b4dcb73c30a0"
    },
    {
      "role": "fund",
      "txHash": "0x82e3d783ee65affdfc6aede68cf40dcf3d1f0c67fcd0b1f9af8602a3aa12d32f"
    },
    {
      "role": "refund",
      "txHash": "0x3a69d8058d0345f3649a7dd1e31b0f82593b4f20a37accf935f54f18d5654c26",
      "level": 0
    }
  ],
  "deployTxHash": "0x252b7e02c5be098f829a808d8045b3ecce92baa0563c9e337c23b4dcb73c30a0",
  "fundTxHash": "0x82e3d783ee65affdfc6aede68cf40dcf3d1f0c67fcd0b1f9af8602a3aa12d32f",
  "refundTxHash": "0x3a69d8058d0345f3649a7dd1e31b0f82593b4f20a37accf935f54f18d5654c26",
  "refundTx": "0x3a69d8058d0345f3649a7dd1e31b0f82593b4f20a37accf935f54f18d5654c26"
}
