ganache v7.9.2 (@ganache/cli: 0.10.2, @ganache/core: 0.10.2)
Starting RPC server

Available Accounts
==================
(0) 0x2DCEe4F2A73F9cBdDBb2F5BDB57cbb16c9bdB4bd (1000 ETH)
(1) 0xC57C0e33D1Db7150233F29D500F81f114e393817 (1000 ETH)
(2) 0x69dbb0FE7DcFfFf03E567E4ccd340D72E0563f2D (1000 ETH)
(3) 0x3A2764bCeC7982E899e027864f82f2B204740e55 (1000 ETH)
(4) 0x84cD4137DDa26Ee42C0f6BE60b36aED1b561C0e2 (1000 ETH)
(5) 0xA07dAa78e39A91e2f4bADF014a20999A4a01B42b (1000 ETH)
(6) 0xF6e89dDF78a9df4383CF6a3F18c964196F14c6C2 (1000 ETH)
(7) 0x0f6Bb02464433e2a7ABcb4d8f7D93b360348308D (1000 ETH)
(8) 0x56BF515e54CEfA17f274E6458bD478f9f16ED30C (1000 ETH)
(9) 0x32147e8919714c5c34102ba01BDBEB0eBF01b43f (1000 ETH)

Private Keys
==================
(0) 0x420854dd678802469a201f45ea0200b05aa49a57dea92a9c1184193d1e68c65d
(1) 0x3ab025028e35787e2f9c413e234d0d0c26ed9ad81088bdacab9368efc988c7e4
(2) 0x13067fc01b6e4f282521a8fc51673e939e6a18dd3005e37eea9a5bd14a1ad871
(3) 0xdd250c8ed09e4386b8836592ec41435b1891749cc4eb2b9db9e200b5a177cf31
(4) 0x5b5a3ae0dc8b1e980c1b9c61cb28fa9f146a0f92747e0fdf417b4c817bd9a2f7
(5) 0x4a679c200494c82083e39c027264de2ab629cd4e695f91afa0edd487931d0dcf
(6) 0x474e035623773fccd4de1c5e5142a491e1eac6922aa3f337be192071bedf1bb9
(7) 0x9bfe2a83ca77ffde11ea0eeeaa5f7834b5214150ed9e29a8065c4378304c9b1b
(8) 0xcba63d380e73f7ae46db287d6646913151f8600df75ecefccdb8bfd3c4810ca4
(9) 0x56017ffcea6c9bb5f384e5138033ff2aa2a2f747e2492cccbe2aafacf2238146

HD Wallet
==================
Mnemonic:      rich cinnamon amazing foam key taxi round exist glove maximum shock region
Base HD Path:  m/44'/60'/0'/0/{account_index}

Default Gas Price
==================
2000000000

BlockGas Limit
==================
30000000

Call Gas Limit
==================
50000000

Chain
==================
Hardfork: shanghai
Id:       1337

RPC Listening on 127.0.0.1:8545
web3_clientVersion
eth_blockNumber
net_version
eth_accounts
eth_accounts
eth_blockNumber
net_version
eth_getBlockByNumber
eth_estimateGas
eth_getBlockByNumber
eth_gasPrice
eth_sendTransaction

  Transaction: 0xa8963da2b40d41443b9c63f1cfc91dcc6bb34d7481249c0185c9a9bf8918a940
  Contract created: 0x5b9c44c9c4a5b2e20beb6cdb7d312201809850d0
  Gas usage: 1100975
  Block number: 1
  Block time: Thu May 07 2026 21:35:21 GMT+0700 (Indochina Time)

eth_getTransactionReceipt
eth_getCode
eth_getTransactionReceipt
eth_getBlockByNumber
eth_gasPrice
eth_sendTransaction

  Transaction: 0xf8d55e5b15c7dbf208817bd652f8c678678617513b730bc76e00c99a9ada1b45
  Gas usage: 21055
  Block number: 2
  Block time: Thu May 07 2026 21:35:21 GMT+0700 (Indochina Time)

eth_getTransactionReceipt
net_version
eth_getBlockByNumber
eth_estimateGas
eth_getBlockByNumber
eth_gasPrice
eth_sendTransaction

  Transaction: 0xfcee51f16b96f7dc0fc17c0da0fe1e6622788cc80a704c126164c2587ddb0cdf
  Gas usage: 64620
  Block number: 3
  Block time: Thu May 07 2026 21:35:21 GMT+0700 (Indochina Time)

eth_getTransactionReceipt
eth_blockNumber
eth_getBalance
eth_getTransactionByHash
debug_traceTransaction
eth_getTransactionByHash
debug_traceTransaction
eth_getTransactionByHash
debug_traceTransaction

Received shutdown signal: SIGTERM
Shutting down…
Server has been shut down
