ganache v7.9.2 (@ganache/cli: 0.10.2, @ganache/core: 0.10.2)
Starting RPC server

Available Accounts
==================
(0) 0xA462318785B270cf812b9ef776dD098D396adFF7 (1000 ETH)
(1) 0xCb7bB11D3C543ea61Fe6199d69030C157AE82ea6 (1000 ETH)
(2) 0xb2eeBD7b1A8800F2691959D4dDBd8c705d826Bf4 (1000 ETH)
(3) 0xcd125c2556C654DD2aAb2a20F654EB07629A7053 (1000 ETH)
(4) 0x1A92B3345010230C0C821532b0548984ed170A3C (1000 ETH)
(5) 0xf7cf7088D4Ee5aeDe44f24A1AEAfEFFd73B3E2b6 (1000 ETH)
(6) 0x074cd997b082CaFf26bF33F49493675CFe7760aA (1000 ETH)
(7) 0x91F9F75F06F14158E45E8266B7024920D8B8321A (1000 ETH)
(8) 0xf8D2e868057aA8CAd54c98bdDA9Fd79251A2ae47 (1000 ETH)
(9) 0x4676AD7b5aE558c225CB5BbC518a0aB2B244645D (1000 ETH)

Private Keys
==================
(0) 0x5beefe7f35d5ccc28f1426820b17b4f941c85f8537868e89ddbb091f91395bdd
(1) 0xc59dd69d9d9a42ada33a912349db34deb1fd125b1d075745bbc0f7b19164e2ad
(2) 0x0b0a523c43527b9ff075459da69e451b490c268fb70d3dce11a510341041f7b5
(3) 0x86db9067c5d6866a240a5133ecad28421799abaa1907f2403b45501cdb535375
(4) 0xaaebf9e36d1a4a4b85f3044f191ef1997d221982462bc1623361d4533eb0aea8
(5) 0xe1815a74305094571ae0aa92417074a939a03f12e1b4c61511d86aaa9d80b420
(6) 0x3c11235168c1704b6b277807963db06368abad9b562774e1b7b846871f5ad430
(7) 0x7eb458e4cdf4e59690f7efe2d131dd7f3ae25532c6488f79fb4de64d14852128
(8) 0x8a88cdc41c8dbe33088f2f6e8be6533cd819a200d90a87df7683234082ca1a69
(9) 0x352c05410185c0f5e8e239e7cfff3b74eff0c5cdd525617c5aef52b131ea9cfd

HD Wallet
==================
Mnemonic:      vintage maid pet put loan venue sunset slot program cave put grace
Base HD Path:  m/44'/60'/0'/0/{account_index}

Default Gas Price
==================
2000000000

BlockGas Limit
==================
30000000

Call Gas Limit
==================
50000000

Chain
==================
Hardfork: shanghai
Id:       1337

RPC Listening on 127.0.0.1:8545
web3_clientVersion
eth_blockNumber
net_version
eth_accounts
eth_accounts
eth_blockNumber
net_version
eth_getBlockByNumber
eth_estimateGas
eth_getBlockByNumber
eth_gasPrice
eth_sendTransaction

  Transaction: 0x1b7c6fd486c314f317c1a9a87a1ff30fe3e0c6a6fac7d6a56c1be07184c22c24
  Contract created: 0x809c28693068631d7af8637b829edb1c8cd2690b
  Gas usage: 1123899
  Block number: 1
  Block time: Fri May 08 2026 02:13:36 GMT+0700 (Indochina Time)

eth_getTransactionReceipt
eth_getCode
eth_getTransactionReceipt
eth_getBlockByNumber
eth_gasPrice
eth_sendTransaction

  Transaction: 0x2fa8381dc70c4678c1c2a98a375f4c5d2f08160ecf7956d59d62a4b996f31312
  Gas usage: 21055
  Block number: 2
  Block time: Fri May 08 2026 02:13:36 GMT+0700 (Indochina Time)

eth_getTransactionReceipt
eth_blockNumber
evm_mine
eth_blockNumber
evm_mine
eth_blockNumber
evm_mine
eth_blockNumber
evm_mine
eth_blockNumber
evm_mine
eth_blockNumber
net_version
eth_getBlockByNumber
eth_estimateGas
eth_getBlockByNumber
eth_gasPrice
eth_sendTransaction

  Transaction: 0x4a1a4e6dfe9d3f1f0d1e43229bcbe83f2cb10d3bb6e4a5f64c865fcb371338e0
  Gas usage: 59561
  Block number: 8
  Block time: Fri May 08 2026 02:13:36 GMT+0700 (Indochina Time)

eth_getTransactionReceipt
eth_blockNumber
eth_getBalance
eth_getTransactionByHash
debug_traceTransaction
eth_getTransactionByHash
debug_traceTransaction
eth_getTransactionByHash
debug_traceTransaction

Received shutdown signal: SIGTERM
Shutting down…
Server has been shut down
