ganache v7.9.2 (@ganache/cli: 0.10.2, @ganache/core: 0.10.2)
Starting RPC server

Available Accounts
==================
(0) 0xa915467BB4049144c18E38d6d5bC8b250E8Ef932 (1000 ETH)
(1) 0x3551e797420Ae1A4C65607aDBA1f706cD40B736e (1000 ETH)
(2) 0xc66e0f9625A47f96D4327E1706DC91f425A6176a (1000 ETH)
(3) 0x2162867da19f6888ba710C8590cbAad0d63C4E14 (1000 ETH)
(4) 0x21688f3AB3C8787Ffd1c35B0ec1B96f06355Dc16 (1000 ETH)
(5) 0x5F1c87227dD0d33CdFD06A3791161BD24f5Ccf14 (1000 ETH)
(6) 0xDd20Be8c8F885523fd69880D16B2A32d8518d195 (1000 ETH)
(7) 0x0F3B59721b056a41FB02Ca9e64fbb06221C8b3E0 (1000 ETH)
(8) 0x150740e93cd5682C4A2bbDe264fe60ed4eb3c71E (1000 ETH)
(9) 0x3a2F582012563f7b16009AC8AAB3101c2Ca0bEbA (1000 ETH)

Private Keys
==================
(0) 0x8f30f38910a6840bb571965b3d3179e110d793ce4d844522444a12a89c74e8e4
(1) 0xab0b486d577b56fa77b0fbcf3b17704bd42b31aeeb1e62d970bbaaa68aef2951
(2) 0xb4e9d9c22458c7ca640c678c793a4b50b557dfcbaa7395e70344554ca56a42f6
(3) 0xec5711534e557f894a33ca8eb564f1d764c8f3516bf51ed0c137e58d1b7fabdb
(4) 0x08538d22a97d59fff34c8b89c3d651fade6c2e7948e663a416fcad45f2c8ae5e
(5) 0xcd6c2adb4013315419f8dea80dcdbd8394e712443f2ec1b89c273876c126451b
(6) 0x04051c6990ccaa4db836b8520f659db08e01822e1b8143a20704b6c94ebd705c
(7) 0x2e821ef75984009080e41c5ceaf46e21b58bb1451a707f48f758a727c7fa22ce
(8) 0x96efaddcbeefc9507addb3088de8f71259868ac1d954e30647c593661c35cba3
(9) 0x4f02d82528d07248bf9bfeb787eb8964e9308778f4c01712f0640f4493f4e55c

HD Wallet
==================
Mnemonic:      inch shift lucky envelope aware ladder hedgehog siege crumble marriage weasel skull
Base HD Path:  m/44'/60'/0'/0/{account_index}

Default Gas Price
==================
2000000000

BlockGas Limit
==================
30000000

Call Gas Limit
==================
50000000

Chain
==================
Hardfork: shanghai
Id:       1337

RPC Listening on 127.0.0.1:8545
web3_clientVersion
eth_blockNumber
net_version
eth_accounts
eth_accounts
eth_blockNumber
net_version
eth_getBlockByNumber
eth_estimateGas
eth_getBlockByNumber
eth_gasPrice
eth_sendTransaction

  Transaction: 0x2427870d0c7e882834e4d0265478142241f369e8ac4512c494c951694d555408
  Contract created: 0xfb0d879e2ca5476c6ff2e892766adfd0ec25c6ec
  Gas usage: 1239438
  Block number: 1
  Block time: Fri May 08 2026 01:13:22 GMT+0700 (Indochina Time)

eth_getTransactionReceipt
eth_getCode
eth_getTransactionReceipt
eth_getBlockByNumber
eth_gasPrice
eth_sendTransaction

  Transaction: 0x4d9a194fdcf125cb4def1df44c39fee77ce929111cba4fe3ef1cbf625f460cbf
  Gas usage: 21055
  Block number: 2
  Block time: Fri May 08 2026 01:13:22 GMT+0700 (Indochina Time)

eth_getTransactionReceipt
net_version
eth_getBlockByNumber
eth_estimateGas
eth_getBlockByNumber
eth_gasPrice
eth_sendTransaction

  Transaction: 0x01dae3940c84bc06e3d76ad9636a02905d543563049d63d74d2f8de62240cac0
  Gas usage: 71641
  Block number: 3
  Block time: Fri May 08 2026 01:13:22 GMT+0700 (Indochina Time)

eth_getTransactionReceipt
eth_blockNumber
eth_getBalance
eth_getTransactionByHash
debug_traceTransaction
eth_getTransactionByHash
debug_traceTransaction
eth_getTransactionByHash
debug_traceTransaction

Received shutdown signal: SIGTERM
Shutting down…
Server has been shut down
