COMMAND: python3 experiments/scale_trace/scripts/trace_result_json.py /home/aothuatgiadp/blockchain/project/CTLC-Implementation/experiments/scale_trace/runs/random_v1_254/C-_F_evm_fund_cf_CTLCMultipleEdges_worst_claim/result.json /home/aothuatgiadp/blockchain/project/CTLC-Implementation/experiments/scale_trace/runs/random_v1_254/C-_F_evm_fund_cf_CTLCMultipleEdges_worst_claim/trace.json
STATUS: 0

STDOUT:
{
  "graph_id": "",
  "pair": "C->F|evm|fund:cf",
  "contract": "CTLCMultipleEdges",
  "scenario": "worst_claim",
  "contractAddress": "0xFb0d879E2ca5476C6ff2E892766adfD0Ec25C6ec",
  "traces": {
    "deploy": {
      "tx_hash": "0x2427870d0c7e882834e4d0265478142241f369e8ac4512c494c951694d555408",
      "actual_calldata_bytes": 7817,
      "actual_sstore_count": 13,
      "actual_call_count": 0,
      "opcode_steps": 2160
    },
    "fund": {
      "tx_hash": "0x4d9a194fdcf125cb4def1df44c39fee77ce929111cba4fe3ef1cbf625f460cbf",
      "actual_calldata_bytes": 0,
      "actual_sstore_count": 0,
      "actual_call_count": 0,
      "opcode_steps": 13
    },
    "claim_level0": {
      "tx_hash": "0x01dae3940c84bc06e3d76ad9636a02905d543563049d63d74d2f8de62240cac0",
      "actual_calldata_bytes": 324,
      "actual_sstore_count": 1,
      "actual_call_count": 1,
      "opcode_steps": 1241
    }
  }
}


STDERR:

