COMMAND: python3 experiments/scale_trace/scripts/trace_result_json.py /home/aothuatgiadp/blockchain/project/CTLC-Implementation/experiments/scale_trace/runs/random_v1_17/B-_C_evm_fund_bc_CTLCMultipleEdges_best_claim/result.json /home/aothuatgiadp/blockchain/project/CTLC-Implementation/experiments/scale_trace/runs/random_v1_17/B-_C_evm_fund_bc_CTLCMultipleEdges_best_claim/trace.json
STATUS: 0

STDOUT:
{
  "graph_id": "",
  "pair": "B->C|evm|fund:bc",
  "contract": "CTLCMultipleEdges",
  "scenario": "best_claim",
  "contractAddress": "0x0a711F0fB3A19bb08D11BbC5f1CA62b1594eEeCc",
  "traces": {
    "deploy": {
      "tx_hash": "0xd36a392eb676e567a6e372ced31dce3b1ddb9ce03d0eb641d92ded176ca2520a",
      "actual_calldata_bytes": 8201,
      "actual_sstore_count": 23,
      "actual_call_count": 0,
      "opcode_steps": 3619
    },
    "fund": {
      "tx_hash": "0xceacea627d29d73d7f18e3db4e4e3920b08f8d7f94bc7dd1b07a5307bef15d27",
      "actual_calldata_bytes": 0,
      "actual_sstore_count": 0,
      "actual_call_count": 0,
      "opcode_steps": 13
    },
    "claim_level0": {
      "tx_hash": "0xd2a33747a41f8e8c07aa4ff45d423f0315693b9c0e0085c840d21bd46436792e",
      "actual_calldata_bytes": 420,
      "actual_sstore_count": 1,
      "actual_call_count": 1,
      "opcode_steps": 1597
    }
  }
}


STDERR:

