ganache v7.9.2 (@ganache/cli: 0.10.2, @ganache/core: 0.10.2)
Starting RPC server

Available Accounts
==================
(0) 0xbE438F9dd8b3DafD7db548357DB0FDdbEBE59Ebf (1000 ETH)
(1) 0x315f81F34ea12f1803Af06640174985255AD8646 (1000 ETH)
(2) 0xCA23ca7D8024F8E36dC7e742e1Fd795f3E29321a (1000 ETH)
(3) 0x73A7438aA5c3d9414442B15cEDA4E23f5449eD65 (1000 ETH)
(4) 0x8e4B18B3F6295c55c65f7235115E5775C9905049 (1000 ETH)
(5) 0x3dAD20692A87aFBd55262b25742A4207d0bE5856 (1000 ETH)
(6) 0x3700dA3650980C817Ea9dD342759A06aa452Aa8D (1000 ETH)
(7) 0xF32E8c89B6C8bE43bd2af063481204Ad7e734586 (1000 ETH)
(8) 0xA7891B1f71FA8b4aAA3407c53184B147610c2E2C (1000 ETH)
(9) 0x2FE120d895496E418c40fb7AdEC21Eb5133C7040 (1000 ETH)

Private Keys
==================
(0) 0x3bc7fd1d657571cb6ba5f1e3b5eca606d1e61aacbc9cc457cc8cd0b04791db87
(1) 0xeb434bbef4020442bcffda8a0601e8eba38d20a0f86d93a5b9e21fd60df8cd67
(2) 0x887a700ef91d3dff87049d36d67edc95bb668611f913cf7a51c6fe3d177738bd
(3) 0xfa13a4c72dc7a36dfab8d2de3554437a2d7ae8fbedef3056b9df4ce5650a9b7d
(4) 0x050a0aa1b27e51a02471f7ca3ca40d75bd49ae2d5fa7b87ddf6ecf831027a941
(5) 0x8310b93fd9b762cc31004314425a20322b72d0f69fdd64163be971280dc9fff9
(6) 0xa9366eccaec1a5a32cbe0df2e52ff380a12f7adead58722fa7a5f3242d3101fd
(7) 0x0f5b4305d84edde575f6da8680135f1e29dbb7876825786d9fa8dd308d241f81
(8) 0xc84984d3a88d22d6a0bfbfb77d3f0832e540e6d23c507f892c0220bf4ad3f211
(9) 0x9bcb7144659c6d516c846b35c12fb7bf7213baeac656a4c7cd62e0bcb3b2fcf1

HD Wallet
==================
Mnemonic:      wolf toddler grunt bring young endorse filter custom two patient leisure always
Base HD Path:  m/44'/60'/0'/0/{account_index}

Default Gas Price
==================
2000000000

BlockGas Limit
==================
30000000

Call Gas Limit
==================
50000000

Chain
==================
Hardfork: shanghai
Id:       1337

RPC Listening on 127.0.0.1:8545
web3_clientVersion
eth_blockNumber
net_version
eth_accounts
eth_accounts
eth_blockNumber
net_version
eth_getBlockByNumber
eth_estimateGas
eth_getBlockByNumber
eth_gasPrice
eth_sendTransaction

  Transaction: 0x3609585e8fcad5c7313bc887a57bcb08388a0e999adee1ea5b2599c67b76d99f
  Contract created: 0x9bbf880663967a911eedbf405616e8789b6f37d3
  Gas usage: 1470231
  Block number: 1
  Block time: Fri May 08 2026 03:29:26 GMT+0700 (Indochina Time)

eth_getTransactionReceipt
eth_getCode
eth_getTransactionReceipt
eth_getBlockByNumber
eth_gasPrice
eth_sendTransaction

  Transaction: 0x365ca62cd96c9d878086d250cf9e33698cd19a17109b681b634fbbdaa87156a7
  Gas usage: 21055
  Block number: 2
  Block time: Fri May 08 2026 03:29:26 GMT+0700 (Indochina Time)

eth_getTransactionReceipt
net_version
eth_getBlockByNumber
eth_estimateGas
eth_getBlockByNumber
eth_gasPrice
eth_sendTransaction

  Transaction: 0xf962f74e4c54ae74bea687b29a8e4293a2e847a5fa73582cedfb4420a74ae490
  Gas usage: 71641
  Block number: 3
  Block time: Fri May 08 2026 03:29:26 GMT+0700 (Indochina Time)

eth_getTransactionReceipt
eth_blockNumber
eth_getBalance
eth_getTransactionByHash
debug_traceTransaction
eth_getTransactionByHash
debug_traceTransaction
eth_getTransactionByHash
debug_traceTransaction

Received shutdown signal: SIGTERM
Shutting down…
Server has been shut down
