COMMAND: python3 experiments/scale_trace/scripts/trace_result_json.py /home/aothuatgiadp/blockchain/project/CTLC-Implementation/experiments/scale_trace/runs/random_v1_209/C-_D_evm_fund_cd_CTLCMultipleEdges_refund/result.json /home/aothuatgiadp/blockchain/project/CTLC-Implementation/experiments/scale_trace/runs/random_v1_209/C-_D_evm_fund_cd_CTLCMultipleEdges_refund/trace.json
STATUS: 0

STDOUT:
{
  "graph_id": "",
  "pair": "C->D|evm|fund:cd",
  "contract": "CTLCMultipleEdges",
  "scenario": "refund",
  "contractAddress": "0x3892634C648306e5EA3B8Abe6E5a86B9646f0771",
  "traces": {
    "deploy": {
      "tx_hash": "0x4865bc620110417d3d1d5df720725682c7ce4e0cde1c39c0f830d208e2bd2964",
      "actual_calldata_bytes": 8425,
      "actual_sstore_count": 28,
      "actual_call_count": 0,
      "opcode_steps": 4638
    },
    "fund": {
      "tx_hash": "0x4b225a9fc69c434ea04f5a592951d35130e6d3ef390e66e7596ff07c38d6d592",
      "actual_calldata_bytes": 0,
      "actual_sstore_count": 0,
      "actual_call_count": 0,
      "opcode_steps": 13
    },
    "disable_level0": {
      "tx_hash": "0x766f46b0534c09578433f4dc15fe1a66d63db2f78469dcb464b31139dd59ee46",
      "actual_calldata_bytes": 36,
      "actual_sstore_count": 1,
      "actual_call_count": 0,
      "opcode_steps": 300
    },
    "disable_level1": {
      "tx_hash": "0x95b3da7d32b8d614b5df9fc5e465147d8634c8e478e48e63c05fd7ee1d30d82b",
      "actual_calldata_bytes": 36,
      "actual_sstore_count": 1,
      "actual_call_count": 0,
      "opcode_steps": 300
    },
    "refund_level2": {
      "tx_hash": "0x8495fe7feefdcc60f9b3cc89fee0db7b1c8883d82b8abbbcd36e065cc4a41f24",
      "actual_calldata_bytes": 4,
      "actual_sstore_count": 1,
      "actual_call_count": 1,
      "opcode_steps": 224
    }
  }
}


STDERR:

