ganache v7.9.2 (@ganache/cli: 0.10.2, @ganache/core: 0.10.2)
Starting RPC server

Available Accounts
==================
(0) 0x2D5F1466F1d723Da29EAA2Ec956e42151370C7Ee (1000 ETH)
(1) 0x5605667D6EEBb7D6935FD2B51d5F18bD5070e048 (1000 ETH)
(2) 0xd0560328A1da4b9C080A9197CB7349592cC28e74 (1000 ETH)
(3) 0x1d615C411fb3Cd147e456377D4ECA49d28Aba0B1 (1000 ETH)
(4) 0x326dae49d9D2e6b12657284748833d48f29FeFF7 (1000 ETH)
(5) 0x0302a4507589666B5ed70d9B527b4464f5312486 (1000 ETH)
(6) 0x240d48e1f502c5A8ABb3191f02690Acdc2F37f9a (1000 ETH)
(7) 0x65e01f2E430f6635F238327256045C463086b3b1 (1000 ETH)
(8) 0x33ebfede767eFd286DfB6fB7410f76C9ca4a98a0 (1000 ETH)
(9) 0xfB01317F9227FF1b836505420482ecdB6B936d5d (1000 ETH)

Private Keys
==================
(0) 0xdbebd1723d7ecab04129c0c5baa76b9c0ef36fd3ad0c697ede6f03072fab0c7e
(1) 0x56431fca06dcb8168bb791d8d21bdac2b49046546bac82b6233a077c2a9362ab
(2) 0x22894f3e742eee4186079e31cf3f1f8a78a2d916f047f8969fea383cd12d90f5
(3) 0xe70fdb5ab4102cda8235a9d14c17a0799d4753e9ad6e051a06c12263b867ca39
(4) 0xd6aa80611003eebdab5ea76e9b7e9d360c93fac4193ad02339e3d65ae8847ced
(5) 0x0219410a9921e5f7f59d4859deed6c69252a95c595e94950973d30ea02b9e70c
(6) 0x2e07c7e5252c34f03ad95049543dd84b279470ff793cb9257e2d4996d1eccc71
(7) 0xf01bd280111082d5c604bcef24c27259b897a8bbad5008426fdedb613fdbc271
(8) 0x20a63453119ba9b3f0895c6004e7031902d7fd5de1be79dc48e32168a1740a9f
(9) 0xf1f67693d578b51602eee40fa7036dda1d3fcfb288aa1c28486c75b979626a7f

HD Wallet
==================
Mnemonic:      reopen remind era chimney wear vocal spring answer audit general turkey license
Base HD Path:  m/44'/60'/0'/0/{account_index}

Default Gas Price
==================
2000000000

BlockGas Limit
==================
30000000

Call Gas Limit
==================
50000000

Chain
==================
Hardfork: shanghai
Id:       1337

RPC Listening on 127.0.0.1:8545
web3_clientVersion
eth_blockNumber
net_version
eth_accounts
eth_accounts
eth_blockNumber
net_version
eth_getBlockByNumber
eth_estimateGas
eth_getBlockByNumber
eth_gasPrice
eth_sendTransaction

  Transaction: 0x8cd928c171db9a5358cc78e4ea753c16c866235948b2fe6a2cd166769ad694ba
  Contract created: 0x7be3733acbb001ae84363a5b53b308cf0deb9904
  Gas usage: 1976347
  Block number: 1
  Block time: Fri May 08 2026 01:42:50 GMT+0700 (Indochina Time)

eth_getTransactionReceipt
eth_getCode
eth_getTransactionReceipt
eth_getBlockByNumber
eth_gasPrice
eth_sendTransaction

  Transaction: 0x31da94eb80971e6e469f291ad05e0c30da13bc9bbe7e9ec680b0d655a712c7dc
  Gas usage: 21055
  Block number: 2
  Block time: Fri May 08 2026 01:42:50 GMT+0700 (Indochina Time)

eth_getTransactionReceipt
eth_blockNumber
evm_mine
eth_blockNumber
evm_mine
eth_blockNumber
evm_mine
eth_blockNumber
evm_mine
eth_blockNumber
evm_mine
eth_blockNumber
evm_mine
eth_blockNumber
net_version
eth_getBlockByNumber
eth_estimateGas
eth_getBlockByNumber
eth_gasPrice
eth_sendTransaction

  Transaction: 0x137c22ed94506383d4261468fd54d4fc10ef7a62d967315238ea6bd829d21864
  Gas usage: 52925
  Block number: 9
  Block time: Fri May 08 2026 01:42:50 GMT+0700 (Indochina Time)

eth_getTransactionReceipt
net_version
eth_getBlockByNumber
eth_estimateGas
eth_getBlockByNumber
eth_gasPrice
eth_sendTransaction

  Transaction: 0x9b6a337074f9de715f0c4d87770c851dbb59986ff4acffa60f236530e61873bd
  Gas usage: 84610
  Block number: 10
  Block time: Fri May 08 2026 01:42:50 GMT+0700 (Indochina Time)

eth_getTransactionReceipt
eth_blockNumber
eth_getBalance
eth_getTransactionByHash
debug_traceTransaction
eth_getTransactionByHash
debug_traceTransaction
eth_getTransactionByHash
debug_traceTransaction
eth_getTransactionByHash
debug_traceTransaction

Received shutdown signal: SIGTERM
Shutting down…
Server has been shut down
