Using network 'development'.

{
  "ok": true,
  "graph_id": "",
  "pair": "F->A|evm|fund:fa",
  "pairKey": "F->A|evm|fund:fa",
  "contract": "CTLCOnly",
  "scenario": "worst_claim",
  "deployGas": "0x10ccbb",
  "gasUsed": "64620",
  "disableGasUsed": "0",
  "claimGasUsed": "64620",
  "refundGasUsed": "",
  "contractAddress": "0x1AC3C98370156CDc72c5980A4367f21004d39895",
  "startBlock": "0",
  "endBlock": "3",
  "finalContractBalanceWei": "0",
  "deployer": "0x18c118Bb3F4A2AEC2f07894662d1A13B79B63824",
  "party": "0x9066f75E2452AFcfDec9cE26aCdbC4C748e0249F",
  "counterparty": "0xe2eF9a02c5825FCF6057D6aFE247F1E1Ead3f2dc",
  "fundingWei": "1000000000000000000",
  "timelocks": [
    6
  ],
  "transactions": [
    {
      "role": "deploy",
      "txHash": "0x375f153fe2b288d57ca6c4ac0bb968f59e3cba0436566b7230334f2628bffdcf"
    },
    {
      "role": "fund",
      "txHash": "0xfcae481c1a4c0566ee22b153044e887a0822f688171f4bf60b9e60e5f2966c96"
    },
    {
      "role": "claim",
      "txHash": "0xcb0670c9dad2c6caf041031b72f1660b6d4a9b81aa613de45c9bcf15c0290857",
      "level": 0,
      "option": 0
    }
  ],
  "txRoles": [
    {
      "role": "deploy",
      "txHash": "0x375f153fe2b288d57ca6c4ac0bb968f59e3cba0436566b7230334f2628bffdcf"
    },
    {
      "role": "fund",
      "txHash": "0xfcae481c1a4c0566ee22b153044e887a0822f688171f4bf60b9e60e5f2966c96"
    },
    {
      "role": "claim",
      "txHash": "0xcb0670c9dad2c6caf041031b72f1660b6d4a9b81aa613de45c9bcf15c0290857",
      "level": 0,
      "option": 0
    }
  ],
  "deployTxHash": "0x375f153fe2b288d57ca6c4ac0bb968f59e3cba0436566b7230334f2628bffdcf",
  "fundTxHash": "0xfcae481c1a4c0566ee22b153044e887a0822f688171f4bf60b9e60e5f2966c96",
  "claimTxHash": "0xcb0670c9dad2c6caf041031b72f1660b6d4a9b81aa613de45c9bcf15c0290857",
  "txHash": "0xcb0670c9dad2c6caf041031b72f1660b6d4a9b81aa613de45c9bcf15c0290857",
  "tx": "0xcb0670c9dad2c6caf041031b72f1660b6d4a9b81aa613de45c9bcf15c0290857"
}
