Using network 'development'.

{
  "ok": true,
  "graph_id": "",
  "pair": "C->D|evm|fund:cd",
  "pairKey": "C->D|evm|fund:cd",
  "contract": "CTLCMultipleEdges",
  "scenario": "worst_claim",
  "deployGas": "0x139ca6",
  "gasUsed": "75948",
  "disableGasUsed": "0",
  "claimGasUsed": "75948",
  "refundGasUsed": "",
  "contractAddress": "0x0ab4c264d655af9F44c4cae3E35040088f361658",
  "startBlock": "0",
  "endBlock": "3",
  "finalContractBalanceWei": "0",
  "deployer": "0x6963fD706Fa706fA95bfA2d02d55d7c771910fea",
  "party": "0x6F2C6ED7d64531A9056E67B0C45Af4bE3DCf3F92",
  "counterparty": "0xAAEF687736A5ac8C2B9F38b343e57259AB9B9833",
  "fundingWei": "1000000000000000000",
  "timelocks": [
    8
  ],
  "transactions": [
    {
      "role": "deploy",
      "txHash": "0xc6a05c899e7d325a99466e5e39ffc51a2f8084986137129909239e4fcb22a515"
    },
    {
      "role": "fund",
      "txHash": "0x01edd59ee341cba151285ea901c5a5eb0e8d89aa625f17775863b9ebb09ec37c"
    },
    {
      "role": "claim",
      "txHash": "0xb22221167a8e31adc7bb08b28e749658902b8cdac55b7419d9fccf14399daea6",
      "level": 0,
      "option": 0
    }
  ],
  "txRoles": [
    {
      "role": "deploy",
      "txHash": "0xc6a05c899e7d325a99466e5e39ffc51a2f8084986137129909239e4fcb22a515"
    },
    {
      "role": "fund",
      "txHash": "0x01edd59ee341cba151285ea901c5a5eb0e8d89aa625f17775863b9ebb09ec37c"
    },
    {
      "role": "claim",
      "txHash": "0xb22221167a8e31adc7bb08b28e749658902b8cdac55b7419d9fccf14399daea6",
      "level": 0,
      "option": 0
    }
  ],
  "deployTxHash": "0xc6a05c899e7d325a99466e5e39ffc51a2f8084986137129909239e4fcb22a515",
  "fundTxHash": "0x01edd59ee341cba151285ea901c5a5eb0e8d89aa625f17775863b9ebb09ec37c",
  "claimTxHash": "0xb22221167a8e31adc7bb08b28e749658902b8cdac55b7419d9fccf14399daea6",
  "txHash": "0xb22221167a8e31adc7bb08b28e749658902b8cdac55b7419d9fccf14399daea6",
  "tx": "0xb22221167a8e31adc7bb08b28e749658902b8cdac55b7419d9fccf14399daea6"
}
