COMMAND: python3 experiments/scale_trace/scripts/trace_result_json.py /home/aothuatgiadp/blockchain/project/CTLC-Implementation/experiments/scale_trace/runs/random_v1_67/B-_E_evm_fund_be_CTLCOnly_refund/result.json /home/aothuatgiadp/blockchain/project/CTLC-Implementation/experiments/scale_trace/runs/random_v1_67/B-_E_evm_fund_be_CTLCOnly_refund/trace.json
STATUS: 0

STDOUT:
{
  "graph_id": "",
  "pair": "B->E|evm|fund:be",
  "contract": "CTLCOnly",
  "scenario": "refund",
  "contractAddress": "0x2E8F414c6Dfd4fD4811314C22954Ef128D9106D3",
  "traces": {
    "deploy": {
      "tx_hash": "0xcb927380ddc2e658148bcc0451b1eab564645b0610748376828ea3107b0e0e7f",
      "actual_calldata_bytes": 7187,
      "actual_sstore_count": 11,
      "actual_call_count": 0,
      "opcode_steps": 1550
    },
    "fund": {
      "tx_hash": "0x3b5e957e3afdd56e5147eb8705b4025cf4939dace95dea9f8ccb6d12c8f4e26d",
      "actual_calldata_bytes": 0,
      "actual_sstore_count": 0,
      "actual_call_count": 0,
      "opcode_steps": 13
    },
    "refund_level0": {
      "tx_hash": "0x2dcee85128ef8164cf662f56234c62e0c4c24c59b1a38f3f16ce452bebb8e25c",
      "actual_calldata_bytes": 4,
      "actual_sstore_count": 1,
      "actual_call_count": 1,
      "opcode_steps": 229
    }
  }
}


STDERR:

