ganache v7.9.2 (@ganache/cli: 0.10.2, @ganache/core: 0.10.2)
Starting RPC server
web3_clientVersion

Available Accounts
==================
(0) 0x3c9e8A6B9FdA1b63c0dE5b66e4214D15B39058D7 (1000 ETH)
(1) 0x2D90024D3dcC1FF4F3526544A6A6Fb0f7730FD3d (1000 ETH)
(2) 0x8590b57DeDe4dC783e318e3ABb1BB6f463A97BA4 (1000 ETH)
(3) 0xFDFF0D722A18B263971a56f176b877A868C371BC (1000 ETH)
(4) 0xa4Dd9d612478C25E49A4248Fcc7Cc95Fd8BA1585 (1000 ETH)
(5) 0x063dEae879b984CEdF1dE29C57068dA01168BE88 (1000 ETH)
(6) 0xB3D8660C31f1206E2a2DD4445D79bB4984D88C94 (1000 ETH)
(7) 0x1FdFf2281E65AD6539435AEE273554b4f3F56FB3 (1000 ETH)
(8) 0xC03441873CFA7bef96E550D390a768a3D3A84D5f (1000 ETH)
(9) 0x007067EE8785fb93115e05dD92bAcdCdA556152A (1000 ETH)

Private Keys
==================
(0) 0x5f5ebe055a2ae00d4b76406951bc296a8508d636ab3d5d8c357df87a4d8d3685
(1) 0xdb25658164e90304cd5d96b222745397df16100a6ec8b3d632622c0a31f8387a
(2) 0x628f05425978faf1394ae853222eb14d61de17d072fcb0b45aedf543a5717dc0
(3) 0xd889864bc1fd565ea6081526736e20fcefedfe13ba2e698696b7881450a6493f
(4) 0xebace6c3a46a95f8db81d0048598819a6a32fb172e71c594e43052a2cda6a8e9
(5) 0x75edd242302f00962ad9258341bd5cc600988bbe24e252821625bd7761c18f94
(6) 0x81bb0b08e3cbf9de981e41f4bb209c230af14e5f3725cc044ca933cde52876b7
(7) 0x8814924d2bab9b3d841bfce470a901f1976c7fb13042911fcd23ef6fd02b4de3
(8) 0x04bf2e45b325288901025413f5c0aaa5ab5640b0ee65415f3daf0512c3d9a0ae
(9) 0x18011512c1dabc0091998f37f1d29b492bcf9da9faa3a7d8f62bf9215b9b8bd4

HD Wallet
==================
Mnemonic:      loud demand basket minor render impose develop shift apart sick amount question
Base HD Path:  m/44'/60'/0'/0/{account_index}

Default Gas Price
==================
2000000000

BlockGas Limit
==================
30000000

Call Gas Limit
==================
50000000

Chain
==================
Hardfork: shanghai
Id:       1337

RPC Listening on 127.0.0.1:8545
eth_blockNumber
net_version
eth_accounts
eth_accounts
eth_blockNumber
net_version
eth_getBlockByNumber
eth_estimateGas
eth_getBlockByNumber
eth_gasPrice
eth_sendTransaction

  Transaction: 0xe9c1748ac439ce65bf815de06dd271b1874ead17eeace5660ab3bb1d5e163c1a
  Contract created: 0x549b8aba0399b44ceefc1b8e4e6014e34dba30c6
  Gas usage: 1377441
  Block number: 1
  Block time: Thu May 07 2026 22:01:23 GMT+0700 (Indochina Time)

eth_getTransactionReceipt
eth_getCode
eth_getTransactionReceipt
eth_getBlockByNumber
eth_gasPrice
eth_sendTransaction

  Transaction: 0x790fd0035d566a0a78b6974f3a51726f7e7dbac0fd671069ba3cbe28c4a94475
  Gas usage: 21055
  Block number: 2
  Block time: Thu May 07 2026 22:01:23 GMT+0700 (Indochina Time)

eth_getTransactionReceipt
eth_blockNumber
evm_mine
eth_blockNumber
evm_mine
eth_blockNumber
evm_mine
eth_blockNumber
evm_mine
eth_blockNumber
evm_mine
eth_blockNumber
evm_mine
eth_blockNumber
net_version
eth_getBlockByNumber
eth_estimateGas
eth_getBlockByNumber
eth_gasPrice
eth_sendTransaction

  Transaction: 0x42da2dcf2f58f78c2b4a5010f9d759b76c7ed4b518aa08ad873e9ddfd0c36aca
  Gas usage: 59539
  Block number: 9
  Block time: Thu May 07 2026 22:01:24 GMT+0700 (Indochina Time)

eth_getTransactionReceipt
eth_blockNumber
eth_getBalance
eth_getTransactionByHash
debug_traceTransaction
eth_getTransactionByHash
debug_traceTransaction
eth_getTransactionByHash
debug_traceTransaction

Received shutdown signal: SIGTERM
Shutting down…
Server has been shut down
