ganache v7.9.2 (@ganache/cli: 0.10.2, @ganache/core: 0.10.2)
Starting RPC server

Available Accounts
==================
(0) 0xCB99882B9806686cEE7CC685727F52b4CA1cc0D4 (1000 ETH)
(1) 0x64dd236FA84F84F675aC050013EE9fEE2a2eD98C (1000 ETH)
(2) 0x5B968c2C7eBdBB365b32C39b98003AB5267D16CB (1000 ETH)
(3) 0x88E2e69933Ad34D0337Dd84258E6B604a5850067 (1000 ETH)
(4) 0x0e031b5a28A55271a180d2E1061eAc5F078026dd (1000 ETH)
(5) 0xe6b38e9eF9fCb01d42c48fB99fED8a54e16bBaDF (1000 ETH)
(6) 0xc2ade5490c0E13C1DB5803D7A38003564797130F (1000 ETH)
(7) 0x28A6746aE41a2Bbbd1020047E00E5D98b2da03A3 (1000 ETH)
(8) 0xD5cfE270aF5cC014836460294B999b1101a5E260 (1000 ETH)
(9) 0xdC79A0054fE57A16912ce589bB84774517FF2cf8 (1000 ETH)

Private Keys
==================
(0) 0xc299b21207d4ee422abf7e1633fa1d0b1e33214ab65a61dd877e03bc6fb9fc82
(1) 0x9a768b9cd0f4821f96dafd01ed8e27f044c6a3d34b1a54fbfdb8f53deb3e1ece
(2) 0xaf388e79d269a2cdb7e67b6c7791c3aa0be546022d7c0bccc35feea3fd9c6eb5
(3) 0xeb7eb21724c7764738233f939721ee4770b9de057c1a48abdf52540967dec870
(4) 0x374ab1fd626736d2f31e970e0c03ea61946f59841634097145089358655c1abb
(5) 0x13cc5445f07bdfff685871a54fd2df272e0e604dee4c5ca49fe2a5f5fdcabb40
(6) 0x5065e50e4e0a4495ebb7322112c2ea4b9ac5807eebcbf1c73c82adf0774dd674
(7) 0x8f3a044b7b986a3b1c83d66e2fcc1531d311bbb74dbfbba341d76b3ae06f64db
(8) 0x3e026e8f97f91318b8905f86fc3c270ca4796dd3bf5add083e6f913f60b1c7f1
(9) 0x2f85378306322473599aca59cbdd013cdddbce1cddd8c594e3e29823cc64605f

HD Wallet
==================
Mnemonic:      raise invite shaft pave weekend enlist consider across culture bounce canoe leave
Base HD Path:  m/44'/60'/0'/0/{account_index}

Default Gas Price
==================
2000000000

BlockGas Limit
==================
30000000

Call Gas Limit
==================
50000000

Chain
==================
Hardfork: shanghai
Id:       1337

RPC Listening on 127.0.0.1:8545
web3_clientVersion
eth_blockNumber
net_version
eth_accounts
eth_accounts
eth_blockNumber
net_version
eth_getBlockByNumber
eth_estimateGas
eth_getBlockByNumber
eth_gasPrice
eth_sendTransaction

  Transaction: 0x0a0be2527f79807e9c597ea95469fc0e28cafea72fb16ff1b00b387434ce7fe1
  Contract created: 0x3155b8c7311324550ae7693752a3afbedc0cdf29
  Gas usage: 1123875
  Block number: 1
  Block time: Fri May 08 2026 02:05:03 GMT+0700 (Indochina Time)

eth_getTransactionReceipt
eth_getCode
eth_getTransactionReceipt
eth_getBlockByNumber
eth_gasPrice
eth_sendTransaction

  Transaction: 0xc69aab5e581845f9d5348610bb22ebb0d5ba6c0cb775d11c94025168857de1a5
  Gas usage: 21055
  Block number: 2
  Block time: Fri May 08 2026 02:05:04 GMT+0700 (Indochina Time)

eth_getTransactionReceipt
eth_blockNumber
evm_mine
eth_blockNumber
evm_mine
eth_blockNumber
evm_mine
eth_blockNumber
evm_mine
eth_blockNumber
evm_mine
eth_blockNumber
net_version
eth_getBlockByNumber
eth_estimateGas
eth_getBlockByNumber
eth_gasPrice
eth_sendTransaction

  Transaction: 0xd4a77916cd130975246b1fb42bd45928658825cb7e7705acde2446a06b8e53f5
  Gas usage: 59561
  Block number: 8
  Block time: Fri May 08 2026 02:05:04 GMT+0700 (Indochina Time)

eth_getTransactionReceipt
eth_blockNumber
eth_getBalance
eth_getTransactionByHash
debug_traceTransaction
eth_getTransactionByHash
debug_traceTransaction
eth_getTransactionByHash
debug_traceTransaction

Received shutdown signal: SIGTERM
Shutting down…
Server has been shut down
