COMMAND: python3 experiments/scale_trace/scripts/trace_result_json.py /home/aothuatgiadp/blockchain/project/CTLC-Implementation/experiments/scale_trace/runs/random_v1_196/G-_A_evm_fund_ga_CTLCOnly_worst_claim/result.json /home/aothuatgiadp/blockchain/project/CTLC-Implementation/experiments/scale_trace/runs/random_v1_196/G-_A_evm_fund_ga_CTLCOnly_worst_claim/trace.json
STATUS: 0

STDOUT:
{
  "graph_id": "",
  "pair": "G->A|evm|fund:ga",
  "contract": "CTLCOnly",
  "scenario": "worst_claim",
  "contractAddress": "0x028A6349D0a1E9e0D006fE4309061A927dDc320e",
  "traces": {
    "deploy": {
      "tx_hash": "0x7cb162c7cbc0e2f136b219eb9bb295a3336742b563258e21f1354e67b8e1f7bf",
      "actual_calldata_bytes": 7091,
      "actual_sstore_count": 8,
      "actual_call_count": 0,
      "opcode_steps": 1286
    },
    "fund": {
      "tx_hash": "0x880791e4ef866cde7c816cd3c44623e4bda8cc1a58cc0288375f60956ff83fbf",
      "actual_calldata_bytes": 0,
      "actual_sstore_count": 0,
      "actual_call_count": 0,
      "opcode_steps": 13
    },
    "claim_level0": {
      "tx_hash": "0x436581bfaf1955cc6c429f1bb7bc7236f7f5422bc50165b88afebf821e36a701",
      "actual_calldata_bytes": 196,
      "actual_sstore_count": 1,
      "actual_call_count": 1,
      "opcode_steps": 793
    }
  }
}


STDERR:

