Using network 'development'.

{
  "ok": true,
  "graph_id": "",
  "pair": "G->B|evm|fund:gb",
  "pairKey": "G->B|evm|fund:gb",
  "contract": "CTLCMultipleEdges",
  "scenario": "best_claim",
  "deployGas": "0x17799c",
  "gasUsed": "80267",
  "disableGasUsed": "",
  "claimGasUsed": "80267",
  "refundGasUsed": "",
  "contractAddress": "0xc366dBB6c7726c63d1782f73aA42Ee0A9c5Da4a0",
  "startBlock": "0",
  "endBlock": "3",
  "finalContractBalanceWei": "0",
  "deployer": "0x655865f4f12c98755C0d601eceB6a7b15384b784",
  "party": "0xB9428B57D0aAEB1BB29CBf4C0C4c2068fEE80FF5",
  "counterparty": "0xf0D287dA1135897F763270fd33D4CA79873995d5",
  "fundingWei": "1000000000000000000",
  "timelocks": [
    9,
    10
  ],
  "transactions": [
    {
      "role": "deploy",
      "txHash": "0xc40053844b87084534369c4842ad3b1e1a86c1446edec96bad2a52ec675ea922"
    },
    {
      "role": "fund",
      "txHash": "0xd6625afabb2fd2f797b0b3316fee18692daa011f5aca0d18821919a559aef826"
    },
    {
      "role": "claim",
      "txHash": "0x323c890e21b671a58031235637aac516222fe488bf727fa8d44434d7d8ad96bf",
      "level": 0,
      "option": 0
    }
  ],
  "txRoles": [
    {
      "role": "deploy",
      "txHash": "0xc40053844b87084534369c4842ad3b1e1a86c1446edec96bad2a52ec675ea922"
    },
    {
      "role": "fund",
      "txHash": "0xd6625afabb2fd2f797b0b3316fee18692daa011f5aca0d18821919a559aef826"
    },
    {
      "role": "claim",
      "txHash": "0x323c890e21b671a58031235637aac516222fe488bf727fa8d44434d7d8ad96bf",
      "level": 0,
      "option": 0
    }
  ],
  "deployTxHash": "0xc40053844b87084534369c4842ad3b1e1a86c1446edec96bad2a52ec675ea922",
  "fundTxHash": "0xd6625afabb2fd2f797b0b3316fee18692daa011f5aca0d18821919a559aef826",
  "claimTxHash": "0x323c890e21b671a58031235637aac516222fe488bf727fa8d44434d7d8ad96bf",
  "txHash": "0x323c890e21b671a58031235637aac516222fe488bf727fa8d44434d7d8ad96bf",
  "tx": "0x323c890e21b671a58031235637aac516222fe488bf727fa8d44434d7d8ad96bf"
}
