COMMAND: python3 experiments/scale_trace/scripts/trace_result_json.py /home/aothuatgiadp/blockchain/project/CTLC-Implementation/experiments/scale_trace/runs/random_v1_201/E-_A_evm_fund_ea_CTLCOnly_worst_claim/result.json /home/aothuatgiadp/blockchain/project/CTLC-Implementation/experiments/scale_trace/runs/random_v1_201/E-_A_evm_fund_ea_CTLCOnly_worst_claim/trace.json
STATUS: 0

STDOUT:
{
  "graph_id": "",
  "pair": "E->A|evm|fund:ea",
  "contract": "CTLCOnly",
  "scenario": "worst_claim",
  "contractAddress": "0x3fc2bF278106eb1CC1d32572D53bCD3667494182",
  "traces": {
    "deploy": {
      "tx_hash": "0x44fd91e14efb808550ec4b3feba987481891460279c807646d8fb50e0f8564c8",
      "actual_calldata_bytes": 7091,
      "actual_sstore_count": 8,
      "actual_call_count": 0,
      "opcode_steps": 1286
    },
    "fund": {
      "tx_hash": "0xd7199e1a205cb45febdc7df0b872ed7f9293aa47bd2f16306aae26f773fba57a",
      "actual_calldata_bytes": 0,
      "actual_sstore_count": 0,
      "actual_call_count": 0,
      "opcode_steps": 13
    },
    "claim_level0": {
      "tx_hash": "0x78521d5ee3f64e0ce27afe16492845338fe44478de738fc8de1567995a4e9263",
      "actual_calldata_bytes": 196,
      "actual_sstore_count": 1,
      "actual_call_count": 1,
      "opcode_steps": 793
    }
  }
}


STDERR:

