ganache v7.9.2 (@ganache/cli: 0.10.2, @ganache/core: 0.10.2)
Starting RPC server

Available Accounts
==================
(0) 0xDC6bf14BF78F5119aE8e299A6806c29501435Bf6 (1000 ETH)
(1) 0xA349f2D831d0C19229E80306735486136727ecb7 (1000 ETH)
(2) 0x5cf9A634d7B5B44317332f475457d07F4D76d507 (1000 ETH)
(3) 0x000fce2328231356CB05D6e5Fe722066e4D1b2A8 (1000 ETH)
(4) 0x4f69AF38A16d3A070b2043d9c3bB0D02047f6315 (1000 ETH)
(5) 0x4240044db7e1dDfd4244ec1fF9A9a02755F6cF05 (1000 ETH)
(6) 0x3665085e34C9BDC6B1496a8eD0C376958e7F97C6 (1000 ETH)
(7) 0xF802a68fF9aC385429b39E7Aa852598BEc60af89 (1000 ETH)
(8) 0xedae458751bbd94ec505Aca1E7BF56e7E9E6563C (1000 ETH)
(9) 0xA84E5943F9449A46A5b0F365CdAa13CcD882337a (1000 ETH)

Private Keys
==================
(0) 0x2967eb2079ce5adc97be3faf5b932940df4cfe4ef21ed80dd443b5a03e287c8a
(1) 0x96134e91b12934e968a7bf72c9405d1f7b17d5085fa4614d67a6f8b8fc45aed3
(2) 0x3d21753a499282705f37d006c9a04a89ba9e55bc77b59c93af214aa219fde808
(3) 0x3772b9c06743313c621c999c9d7b3c86fc1b97203614c583c539ec76da466bf1
(4) 0xfee1547b9f30d4bcad664474dc1ef3302a187b8f25ec9a68ee149fb59c578583
(5) 0x2de3c1a3a430936b620ca972d4d262b400bc32df8272d76e3289cac232fc7432
(6) 0xe18f86b6ae0b34243d7e8832dfd3dfe8453e80eecb7795683040504aab5e6f15
(7) 0x37555e6f24c1bda1226c276a27d6443dbc660e2b80bdcd3aecb2da85d83be5a3
(8) 0xba3bddf2bc92bb2da7ca6cdb07c6c9e438ca43f5465d14c7a5e15290cfcfe809
(9) 0x934f2d3f5779eaa4e1af974c4164c5676d5b334fd0d393219bf7b2ba8f8bd3b9

HD Wallet
==================
Mnemonic:      dilemma orient apart giant chalk stem spider tooth grunt patrol innocent attack
Base HD Path:  m/44'/60'/0'/0/{account_index}

Default Gas Price
==================
2000000000

BlockGas Limit
==================
30000000

Call Gas Limit
==================
50000000

Chain
==================
Hardfork: shanghai
Id:       1337

RPC Listening on 127.0.0.1:8545
web3_clientVersion
eth_blockNumber
net_version
eth_accounts
eth_accounts
eth_blockNumber
net_version
eth_getBlockByNumber
eth_estimateGas
eth_getBlockByNumber
eth_gasPrice
eth_sendTransaction

  Transaction: 0x78dbc95d71075beb955260729acf47e532b730a602ce73865f1b7aedfd4f819e
  Contract created: 0x17dfe9b6f74f111325cc031b1df13ebe7710c066
  Gas usage: 1285286
  Block number: 1
  Block time: Thu May 07 2026 21:31:45 GMT+0700 (Indochina Time)

eth_getTransactionReceipt
eth_getCode
eth_getTransactionReceipt
eth_getBlockByNumber
eth_gasPrice
eth_sendTransaction

  Transaction: 0x698958b9e869a418ab28c812a94ab17bd455078e4bae6db0ea3c80a5730005e9
  Gas usage: 21055
  Block number: 2
  Block time: Thu May 07 2026 21:31:45 GMT+0700 (Indochina Time)

eth_getTransactionReceipt
net_version
eth_getBlockByNumber
eth_estimateGas
eth_getBlockByNumber
eth_gasPrice
eth_sendTransaction

  Transaction: 0x4522ac20880b0a03d0bc9c99b7288dc0baf5e6ccff7f8272c203847d74157012
  Gas usage: 75948
  Block number: 3
  Block time: Thu May 07 2026 21:31:46 GMT+0700 (Indochina Time)

eth_getTransactionReceipt
eth_blockNumber
eth_getBalance
eth_getTransactionByHash
debug_traceTransaction
eth_getTransactionByHash
debug_traceTransaction
eth_getTransactionByHash
debug_traceTransaction

Received shutdown signal: SIGTERM
Shutting down…
Server has been shut down
