COMMAND: python3 experiments/scale_trace/scripts/trace_result_json.py /home/aothuatgiadp/blockchain/project/CTLC-Implementation/experiments/scale_trace/runs/random_v1_145/D-_E_evm_fund_de_CTLCMultipleEdges_worst_claim/result.json /home/aothuatgiadp/blockchain/project/CTLC-Implementation/experiments/scale_trace/runs/random_v1_145/D-_E_evm_fund_de_CTLCMultipleEdges_worst_claim/trace.json
STATUS: 0

STDOUT:
{
  "graph_id": "",
  "pair": "D->E|evm|fund:de",
  "contract": "CTLCMultipleEdges",
  "scenario": "worst_claim",
  "contractAddress": "0x17dFE9B6F74F111325cc031B1dF13ebE7710c066",
  "traces": {
    "deploy": {
      "tx_hash": "0x78dbc95d71075beb955260729acf47e532b730a602ce73865f1b7aedfd4f819e",
      "actual_calldata_bytes": 7881,
      "actual_sstore_count": 15,
      "actual_call_count": 0,
      "opcode_steps": 2336
    },
    "fund": {
      "tx_hash": "0x698958b9e869a418ab28c812a94ab17bd455078e4bae6db0ea3c80a5730005e9",
      "actual_calldata_bytes": 0,
      "actual_sstore_count": 0,
      "actual_call_count": 0,
      "opcode_steps": 13
    },
    "claim_level0": {
      "tx_hash": "0x4522ac20880b0a03d0bc9c99b7288dc0baf5e6ccff7f8272c203847d74157012",
      "actual_calldata_bytes": 420,
      "actual_sstore_count": 1,
      "actual_call_count": 1,
      "opcode_steps": 1597
    }
  }
}


STDERR:

