COMMAND: python3 experiments/scale_trace/scripts/trace_result_json.py /home/aothuatgiadp/blockchain/project/CTLC-Implementation/experiments/scale_trace/runs/random_v1_124/C-_D_evm_fund_cd_CTLCOnly_best_claim/result.json /home/aothuatgiadp/blockchain/project/CTLC-Implementation/experiments/scale_trace/runs/random_v1_124/C-_D_evm_fund_cd_CTLCOnly_best_claim/trace.json
STATUS: 0

STDOUT:
{
  "graph_id": "",
  "pair": "C->D|evm|fund:cd",
  "contract": "CTLCOnly",
  "scenario": "best_claim",
  "contractAddress": "0xCcc2Dd110f539E5e7F835718F9776E46b329DEab",
  "traces": {
    "deploy": {
      "tx_hash": "0xc287555f31aaf4bb9e82318b0a15a408fb66b864519fefbfae22129ce8809d68",
      "actual_calldata_bytes": 7155,
      "actual_sstore_count": 10,
      "actual_call_count": 0,
      "opcode_steps": 1462
    },
    "fund": {
      "tx_hash": "0x7d1688f9f7ff0f4780369d0b68767a88201cbb6fdde15cdc1569ba403f42e8e0",
      "actual_calldata_bytes": 0,
      "actual_sstore_count": 0,
      "actual_call_count": 0,
      "opcode_steps": 13
    },
    "claim_level0": {
      "tx_hash": "0x9bdf0afbc32ba6f9994070eee2990cb25a09de42f790fcc3f4fea17c83c2b8df",
      "actual_calldata_bytes": 388,
      "actual_sstore_count": 1,
      "actual_call_count": 1,
      "opcode_steps": 1475
    }
  }
}


STDERR:

