Using network 'development'.

{
  "ok": true,
  "graph_id": "",
  "pair": "E->A|evm|fund:ea",
  "pairKey": "E->A|evm|fund:ea",
  "contract": "CTLCOnly",
  "scenario": "refund",
  "deployGas": "0x10ccbb",
  "gasUsed": "59561",
  "disableGasUsed": "0",
  "claimGasUsed": "",
  "refundGasUsed": "59561",
  "contractAddress": "0xF2B3500c0aB098F157B2e0DC256e0F0ddB67339A",
  "startBlock": "0",
  "endBlock": "7",
  "finalContractBalanceWei": "0",
  "deployer": "0x36E89745084f2c3Eb81B7CC575A5BAa086116Fb3",
  "party": "0x07404B597AdcF142Ee5B330f3ff4c2C1aff40c51",
  "counterparty": "0x3409FE0c9DD02c510390a65fD86b947D898b2B62",
  "fundingWei": "1000000000000000000",
  "timelocks": [
    6
  ],
  "transactions": [
    {
      "role": "deploy",
      "txHash": "0x43993be277357b392264f5e05eb77e56a6ea5e59c7b6ab166fd1c5eeffc35300"
    },
    {
      "role": "fund",
      "txHash": "0x2c4e9c675ab7d9341210ac53bcec4fdac8cd5aec141997d8f70b7064485d715f"
    },
    {
      "role": "refund",
      "txHash": "0x66c7cb3e0f6f320ad85c6fd9d027a4cc19153efe306bd1ffed86710f918f2dee",
      "level": 0
    }
  ],
  "txRoles": [
    {
      "role": "deploy",
      "txHash": "0x43993be277357b392264f5e05eb77e56a6ea5e59c7b6ab166fd1c5eeffc35300"
    },
    {
      "role": "fund",
      "txHash": "0x2c4e9c675ab7d9341210ac53bcec4fdac8cd5aec141997d8f70b7064485d715f"
    },
    {
      "role": "refund",
      "txHash": "0x66c7cb3e0f6f320ad85c6fd9d027a4cc19153efe306bd1ffed86710f918f2dee",
      "level": 0
    }
  ],
  "deployTxHash": "0x43993be277357b392264f5e05eb77e56a6ea5e59c7b6ab166fd1c5eeffc35300",
  "fundTxHash": "0x2c4e9c675ab7d9341210ac53bcec4fdac8cd5aec141997d8f70b7064485d715f",
  "refundTxHash": "0x66c7cb3e0f6f320ad85c6fd9d027a4cc19153efe306bd1ffed86710f918f2dee",
  "refundTx": "0x66c7cb3e0f6f320ad85c6fd9d027a4cc19153efe306bd1ffed86710f918f2dee"
}
