
Compiling your contracts...
===========================
> Everything is up to date, there is nothing to compile.


Starting migrations...
======================
> Network name:    'development'
> Network id:      1775721770429
> Block gas limit: 30000000 (0x1c9c380)


1_deploy_contracts.js
=====================

   Deploying 'ConvertLib'
   ----------------------
   > transaction hash:    0x92d7bd905c9e0c19ba0eaf57b7f847ab847c0990e0b4bb140c1c1fc7317e7fc8
- Blocks: 0            Seconds: 0
   > Blocks: 0            Seconds: 0
   > contract address:    0xc8D7591F2E7288bce42f602977d8C7D7efC9aBa0
   > block number:        1
   > block timestamp:     1775721774
   > account:             0x9C46B007EDBB4cA87388370a79Fb6936E578B6cc
   > balance:             999.9994680865
   > gas used:            157604 (0x267a4)
   > gas price:           3.375 gwei
   > value sent:          0 ETH
   > total cost:          0.0005319135 ETH


   Linking
   -------
   * Contract: MetaCoin <--> Library: ConvertLib (at address: 0xc8D7591F2E7288bce42f602977d8C7D7efC9aBa0)

   Deploying 'MetaCoin'
   --------------------
   > transaction hash:    0xa73c9289e45bbe47bd7db922dfc50ed1a155b509b8620fed48ca2d5ce6b49619
- Blocks: 0            Seconds: 0
   > Blocks: 0            Seconds: 0
   > contract address:    0xe4A0137b7c6A478f876100DF608555B9F66fa2c8
   > block number:        2
   > block timestamp:     1775721774
   > account:             0x9C46B007EDBB4cA87388370a79Fb6936E578B6cc
   > balance:             999.9981068216925268
   > gas used:            416700 (0x65bbc)
   > gas price:           3.266774196 gwei
   > value sent:          0 ETH
   > total cost:          0.0013612648074732 ETH


   Deploying 'ECDSA'
   -----------------
   > transaction hash:    0x638ee3bcf38205bd4119927bb2ca6213de6e0e0aad77d343a3fb0007ebaf3f1c
- Blocks: 0            Seconds: 0
   > Blocks: 0            Seconds: 0
   > contract address:    0x2901673b205A29df91347CB0eCb472f9469644a6
   > block number:        3
   > block timestamp:     1775721774
   > account:             0x9C46B007EDBB4cA87388370a79Fb6936E578B6cc
   > balance:             999.997877393347403615
   > gas used:            72293 (0x11a65)
   > gas price:           3.173590045 gwei
   > value sent:          0 ETH
   > total cost:          0.000229428345123185 ETH


   Deploying 'TestCTLC'
   --------------------
   > transaction hash:    0x14bc0e7af8d1dac2f7b186283d20242fda467fb7ec19fcdae66af408ea7e902e
- Blocks: 0            Seconds: 0
   > Blocks: 0            Seconds: 0
   > contract address:    0x521dE20415008fB02738DC403FDb0F8E9f106bF5
   > block number:        4
   > block timestamp:     1775721774
   > account:             0x9C46B007EDBB4cA87388370a79Fb6936E578B6cc
   > balance:             999.990259004256939875
   > gas used:            2465660 (0x259f7c)
   > gas price:           3.089797089 gwei
   > value sent:          0 ETH
   > total cost:          0.00761838909046374 ETH


   Deploying 'Swap'
   ----------------
   > transaction hash:    0x8bd6e88f7671b85a38ba15039e1e3053015c8fafb0a4600d5136c5264a748d00
- Blocks: 0            Seconds: 0
   > Blocks: 0            Seconds: 0
   > contract address:    0xB4FB0A3811E9E741339CE1B62F37CaAA56c66641
   > block number:        5
   > block timestamp:     1775721775
   > account:             0x9C46B007EDBB4cA87388370a79Fb6936E578B6cc
   > balance:             999.984120770027182515
   > gas used:            2027030 (0x1eee16)
   > gas price:           3.028191112 gwei
   > value sent:          0 ETH
   > total cost:          0.00613823422975736 ETH


   Deploying 'SwapImproved'
   ------------------------
   > transaction hash:    0x7f8a70063a6432cd933427521a04a28cff522a58af3c0ec78e36cb7aedacdf45
- Blocks: 0            Seconds: 0
   > Blocks: 0            Seconds: 0
   > contract address:    0x68217d420E0502Ac395ea3880B05C61D48F1DC9e
   > block number:        6
   > block timestamp:     1775721775
   > account:             0x9C46B007EDBB4cA87388370a79Fb6936E578B6cc
   > balance:             999.980253558489716739
   > gas used:            1301614 (0x13dc6e)
   > gas price:           2.971089384 gwei
   > value sent:          0 ETH
   > total cost:          0.003867211537465776 ETH


   Deploying 'CTLCOnly'
   --------------------
   > transaction hash:    0x1bb95d929e16b3bb0058f658413693a24bc69d3de74578257c58a5ea77ecc433
- Blocks: 0            Seconds: 0
   > Blocks: 0            Seconds: 0
   > contract address:    0x9a08552F0985525953B40b6D632D3628a1b18785
   > block number:        7
   > block timestamp:     1775721775
   > account:             0x9C46B007EDBB4cA87388370a79Fb6936E578B6cc
   > balance:             999.976638803450981619
   > gas used:            1239070 (0x12e81e)
   > gas price:           2.917313016 gwei
   > value sent:          0 ETH
   > total cost:          0.00361475503873512 ETH


   Deploying 'CTLCMultipleEdges'
   -----------------------------
   > transaction hash:    0x823df8cc112873fc7e67612b54f43045d9ad2cb21f9cb1f3b4f43b393f56b43a
- Blocks: 0            Seconds: 0
   > Blocks: 0            Seconds: 0
   > contract address:    0xd2C6f1B2dF990B04457478BD259BC6034649F0a5
   > block number:        8
   > block timestamp:     1775721775
   > account:             0x9C46B007EDBB4cA87388370a79Fb6936E578B6cc
   > balance:             999.972883231139428609
   > gas used:            1308809 (0x13f889)
   > gas price:           2.86945789 gwei
   > value sent:          0 ETH
   > total cost:          0.00375557231155301 ETH

   > Saving artifacts
   -------------------------------------
   > Total cost:     0.027116768860571391 ETH

Summary
=======
> Total deployments:   8
> Final cost:          0.027116768860571391 ETH


