ganache v7.9.2 (@ganache/cli: 0.10.2, @ganache/core: 0.10.2)
Starting RPC server

Available Accounts
==================
(0) 0xDf9a0183a036Ca9953F12f4CC3aB5626b33128F6 (1000 ETH)
(1) 0x8E321Ff0786Aa319031aEc3b5bf0C086AE7c29f1 (1000 ETH)
(2) 0x83828864E12F10Da26eDD41Bc8F061eA1cafFe71 (1000 ETH)
(3) 0xbc8aE817Dad50d86dED7D3CAda6E61Ad39CAEB92 (1000 ETH)
(4) 0x3Ee45751D0Ba4964b66AA6EaF7D031EbB57C4eB4 (1000 ETH)
(5) 0xdc0A4469F7F3e2dFC39814cCe5fA167679910B7b (1000 ETH)
(6) 0xe733779214d86bdDCD1d3Bf3d7767F5115e2409F (1000 ETH)
(7) 0x81239F3FE73441846E6B07e6290C011e5Ccff824 (1000 ETH)
(8) 0x9443A0753Ebf565AdAcD860F606d467757b3113A (1000 ETH)
(9) 0xD366f185684BeC738966905290009a373F418e20 (1000 ETH)

Private Keys
==================
(0) 0x881f36a30cd4169c34188d9fa3f0556a9c3f9aa1160d03261c910f87cf28d5e9
(1) 0x7cbf9642952263587b3a1db104e16789c0f65206057c64114d4f8906eb076299
(2) 0xa12712e23e7aac269b16e1dea995ecc6a973bf7ec410a8f808378c83ac4242df
(3) 0xf75b0270325609ef7692acbf498ded7b63463f8c205644e88167ccf750be6e27
(4) 0x800babf5487a1e61c55fd358d147761f3c4ba680571bfeb83c4d7c9322609467
(5) 0x50769a202ab2a1db09d7670ef6da955591a1c35d19fb126c87452f2f215511f2
(6) 0x78e0bf3bc1182a9dd9b38f7a0f91ee44646802340590907cb9a85e184784441c
(7) 0x7b4e1ae558434e8595e1934f40cbc5ed18d783a5afd1de8e47973da8b2664b33
(8) 0x25be9ce31be0f4ca76ff670cc70f6973e2101f13408d0abddc29d1046c262a3f
(9) 0xf21fbbdbc9e608f14efc393258d5391ca1a2b973b0dde32c75998acd54390df2

HD Wallet
==================
Mnemonic:      visa online banner absent harvest involve fringe warm goose mixed hello provide
Base HD Path:  m/44'/60'/0'/0/{account_index}

Default Gas Price
==================
2000000000

BlockGas Limit
==================
30000000

Call Gas Limit
==================
50000000

Chain
==================
Hardfork: shanghai
Id:       1337

RPC Listening on 127.0.0.1:8545
web3_clientVersion
eth_blockNumber
net_version
eth_accounts
eth_accounts
eth_blockNumber
net_version
eth_getBlockByNumber
eth_estimateGas
eth_getBlockByNumber
eth_gasPrice
eth_sendTransaction

  Transaction: 0x35c952e8acfa7f8ab8c36e588c936207a9a155131a60daa654bb346544d81c5a
  Contract created: 0x98c38df16a20c8c2fa4809a6a6125e8b5993e77a
  Gas usage: 1400964
  Block number: 1
  Block time: Thu May 07 2026 21:46:37 GMT+0700 (Indochina Time)

eth_getTransactionReceipt
eth_getCode
eth_getTransactionReceipt
eth_getBlockByNumber
eth_gasPrice
eth_sendTransaction

  Transaction: 0xd73f5e90cda96ee073f83e32ba4ce798031c4326234c8729f53e3ec45df299b1
  Gas usage: 21055
  Block number: 2
  Block time: Thu May 07 2026 21:46:37 GMT+0700 (Indochina Time)

eth_getTransactionReceipt
eth_blockNumber
evm_mine
eth_blockNumber
evm_mine
eth_blockNumber
evm_mine
eth_blockNumber
evm_mine
eth_blockNumber
evm_mine
eth_blockNumber
net_version
eth_getBlockByNumber
eth_estimateGas
eth_getBlockByNumber
eth_gasPrice
eth_sendTransaction

  Transaction: 0x046a1da5fef4bb0e3a866a88d9f58bab8e43c8ed8f5920ee2016caf175860f08
  Gas usage: 52925
  Block number: 8
  Block time: Thu May 07 2026 21:46:37 GMT+0700 (Indochina Time)

eth_getTransactionReceipt
eth_blockNumber
net_version
eth_getBlockByNumber
eth_estimateGas
eth_getBlockByNumber
eth_gasPrice
eth_sendTransaction

  Transaction: 0xc91aab90dbab933ca26e89054a4a563bb6c1a42b5829be7a89704681e434350d
  Gas usage: 59539
  Block number: 9
  Block time: Thu May 07 2026 21:46:37 GMT+0700 (Indochina Time)

eth_getTransactionReceipt
eth_blockNumber
eth_getBalance
eth_getTransactionByHash
debug_traceTransaction
eth_getTransactionByHash
debug_traceTransaction
eth_getTransactionByHash
debug_traceTransaction
eth_getTransactionByHash
debug_traceTransaction

Received shutdown signal: SIGTERM
Shutting down…
Server has been shut down
