Using network 'development'.

{
  "ok": true,
  "graph_id": "",
  "pair": "G->B|evm|fund:gb",
  "pairKey": "G->B|evm|fund:gb",
  "contract": "CTLCMultipleEdges",
  "scenario": "refund",
  "deployGas": "0x16139c",
  "gasUsed": "112464",
  "disableGasUsed": "52925",
  "claimGasUsed": "",
  "refundGasUsed": "59539",
  "contractAddress": "0xd536113b77Bcd2b1E7957F9ca22eb48861E532D4",
  "startBlock": "0",
  "endBlock": "10",
  "finalContractBalanceWei": "0",
  "deployer": "0x0e3E221eE2c8D8610568542C08f22578C3029714",
  "party": "0xD6a5655d56E9D5b553D0DD903103aFfD6DEC3b5A",
  "counterparty": "0x3c699566B263f9dA9860632ad84C2fe70aA3E98F",
  "fundingWei": "1000000000000000000",
  "timelocks": [
    8,
    9
  ],
  "transactions": [
    {
      "role": "deploy",
      "txHash": "0xbe1814d59699f3f988b84fcb0497273d0f1ceb9fc471fab52208e8085f11b738"
    },
    {
      "role": "fund",
      "txHash": "0x6f4a063ad2630918e2612982118ce4cbb426785b25f0875c525340a8382ee1e7"
    },
    {
      "role": "disable",
      "txHash": "0x5da706bff9968b6c764604c908661a330ffdd46226a13478472df7d7ce631226",
      "level": 0
    },
    {
      "role": "refund",
      "txHash": "0x00453f836eda75565622e57b1bb5dd94aba74542c6fb2684e951495f68e6941d",
      "level": 1
    }
  ],
  "txRoles": [
    {
      "role": "deploy",
      "txHash": "0xbe1814d59699f3f988b84fcb0497273d0f1ceb9fc471fab52208e8085f11b738"
    },
    {
      "role": "fund",
      "txHash": "0x6f4a063ad2630918e2612982118ce4cbb426785b25f0875c525340a8382ee1e7"
    },
    {
      "role": "disable",
      "txHash": "0x5da706bff9968b6c764604c908661a330ffdd46226a13478472df7d7ce631226",
      "level": 0
    },
    {
      "role": "refund",
      "txHash": "0x00453f836eda75565622e57b1bb5dd94aba74542c6fb2684e951495f68e6941d",
      "level": 1
    }
  ],
  "deployTxHash": "0xbe1814d59699f3f988b84fcb0497273d0f1ceb9fc471fab52208e8085f11b738",
  "fundTxHash": "0x6f4a063ad2630918e2612982118ce4cbb426785b25f0875c525340a8382ee1e7",
  "disableTxHashes": [
    "0x5da706bff9968b6c764604c908661a330ffdd46226a13478472df7d7ce631226"
  ],
  "disableTxHash": "0x5da706bff9968b6c764604c908661a330ffdd46226a13478472df7d7ce631226",
  "disableTx": "0x5da706bff9968b6c764604c908661a330ffdd46226a13478472df7d7ce631226",
  "refundTxHash": "0x00453f836eda75565622e57b1bb5dd94aba74542c6fb2684e951495f68e6941d",
  "refundTx": "0x00453f836eda75565622e57b1bb5dd94aba74542c6fb2684e951495f68e6941d"
}
