ganache v7.9.2 (@ganache/cli: 0.10.2, @ganache/core: 0.10.2)
Starting RPC server

Available Accounts
==================
(0) 0xD0b4A672BB610FD267B5544257Bc3E85862Cb895 (1000 ETH)
(1) 0x8Ba39B1042306a36b30b7A398113CBc43216ca72 (1000 ETH)
(2) 0xe49ddd2C175B23E9d590ADEba126A663a5951458 (1000 ETH)
(3) 0xbb2a97337B7A5C90f6fF6Ba3eB6806E70421cd24 (1000 ETH)
(4) 0x47a8Bf74dAE200179817a08Fd0251C2cEc56FDDe (1000 ETH)
(5) 0x4075840FA36F15Fb9f47022a913E1b0313F4e0b9 (1000 ETH)
(6) 0x5996214e04E979Bb23d86d74A1Fe7a148de33eB1 (1000 ETH)
(7) 0xB05a0EB163d98Af2605B206FB2f270C0e6caC30D (1000 ETH)
(8) 0x61e6680FBB26D617D6FFA91F6CEEaeF854A48c0e (1000 ETH)
(9) 0x647F3cC76C731196F17A3C2459aFdDad71f0e96e (1000 ETH)

Private Keys
==================
(0) 0x0ecece665779df51a2ae99df5bafb18d9984155f92f9d5098d3af709c58ec07b
(1) 0x25c885cb1e51fab2acd6c49017e471718faa4516cedf7a9c788b8624854ad4c9
(2) 0xbe3a772b9b2b956be6c93f34a4ce78f854edd41089ba84b4793af458412f0b78
(3) 0xf1f7999acd82aab999c86dc661c98cf04339e51b0c7845fdb0729f13353b2087
(4) 0xe3f2c9a7dff478adf1bbf1dd481708448582de768f876133c992ee9f618f04ca
(5) 0x8bb86c4fdf730e8b1e71d17a067924ee3dc97fc09f2ebc8c286bc8f6eb0b9629
(6) 0x05b9f570beb8209956e89427d8585f49df9462e26cf98292ec62c9505221c3bd
(7) 0x1647499085b0cf652229ec50aca66c9d0dd12c50f47dd416269b4a7526b0c9e8
(8) 0x93044da4c819a320d475208ed93c841e16d2e70556e1008e1fc8cbc95b969da2
(9) 0x68f69189ba32f27c6780b567a8ad974294973c9eb490959867ed0a372fed9993

HD Wallet
==================
Mnemonic:      uncle genre breeze explain sentence robust myself alpha put palace live answer
Base HD Path:  m/44'/60'/0'/0/{account_index}

Default Gas Price
==================
2000000000

BlockGas Limit
==================
30000000

Call Gas Limit
==================
50000000

Chain
==================
Hardfork: shanghai
Id:       1337

RPC Listening on 127.0.0.1:8545
web3_clientVersion
eth_blockNumber
net_version
eth_accounts
eth_accounts
eth_blockNumber
net_version
eth_getBlockByNumber
eth_estimateGas
eth_getBlockByNumber
eth_gasPrice
eth_sendTransaction

  Transaction: 0x942635a8db0790b00d9c4c293b89dd6aa4b9df578fea8e2dd1141a0afb1f2caa
  Contract created: 0x7b6185ddb10887f73dfbf3336c4be8d47042de6d
  Gas usage: 1100987
  Block number: 1
  Block time: Fri May 08 2026 02:59:27 GMT+0700 (Indochina Time)

eth_getTransactionReceipt
eth_getCode
eth_getTransactionReceipt
eth_getBlockByNumber
eth_gasPrice
eth_sendTransaction

  Transaction: 0xf1edc75764bce00d2eabe9bfbd71bf6b3b59dd689a7d92849cc6db9fe87a3d13
  Gas usage: 21055
  Block number: 2
  Block time: Fri May 08 2026 02:59:27 GMT+0700 (Indochina Time)

eth_getTransactionReceipt
eth_blockNumber
evm_mine
eth_blockNumber
evm_mine
eth_blockNumber
evm_mine
eth_blockNumber
evm_mine
eth_blockNumber
net_version
eth_getBlockByNumber
eth_estimateGas
eth_getBlockByNumber
eth_gasPrice
eth_sendTransaction

  Transaction: 0x04bb603a5496b5e314462dfc65c754ee5266bfc1f2912b5b5274025375de3ee5
  Gas usage: 59561
  Block number: 7
  Block time: Fri May 08 2026 02:59:27 GMT+0700 (Indochina Time)

eth_getTransactionReceipt
eth_blockNumber
eth_getBalance
eth_getTransactionByHash
debug_traceTransaction
eth_getTransactionByHash
debug_traceTransaction
eth_getTransactionByHash
debug_traceTransaction

Received shutdown signal: SIGTERM
Shutting down…
Server has been shut down
