Using network 'development'.

{
  "ok": true,
  "graph_id": "",
  "pair": "C->D|evm|fund:cd",
  "pairKey": "C->D|evm|fund:cd",
  "contract": "CTLCOnly",
  "scenario": "refund",
  "deployGas": "0x117faf",
  "gasUsed": "59561",
  "disableGasUsed": "0",
  "claimGasUsed": "",
  "refundGasUsed": "59561",
  "contractAddress": "0x0f5269FB79698E212a84d908E4680d3F78fb97bf",
  "startBlock": "0",
  "endBlock": "9",
  "finalContractBalanceWei": "0",
  "deployer": "0x7c2e0ed80E00713052ecB47CEff2bF944597B919",
  "party": "0x145F93004D964Ee8088AbfBd2B469e5aBF240982",
  "counterparty": "0xc3234f8156179f531A0790EDdACCD371436f6970",
  "fundingWei": "1000000000000000000",
  "timelocks": [
    8
  ],
  "transactions": [
    {
      "role": "deploy",
      "txHash": "0xd054882380d83ba8cf8f76ce844aa438d96a761f952a53c5b52490a5a47a0e8d"
    },
    {
      "role": "fund",
      "txHash": "0x25c77f67c757476482082c83fa2519252b9da57109c8905105bb161b7a615787"
    },
    {
      "role": "refund",
      "txHash": "0x33f15a707ba8129093dc206a9a166e677ef7e6cf6b2505c01a7263e7e2b5507f",
      "level": 0
    }
  ],
  "txRoles": [
    {
      "role": "deploy",
      "txHash": "0xd054882380d83ba8cf8f76ce844aa438d96a761f952a53c5b52490a5a47a0e8d"
    },
    {
      "role": "fund",
      "txHash": "0x25c77f67c757476482082c83fa2519252b9da57109c8905105bb161b7a615787"
    },
    {
      "role": "refund",
      "txHash": "0x33f15a707ba8129093dc206a9a166e677ef7e6cf6b2505c01a7263e7e2b5507f",
      "level": 0
    }
  ],
  "deployTxHash": "0xd054882380d83ba8cf8f76ce844aa438d96a761f952a53c5b52490a5a47a0e8d",
  "fundTxHash": "0x25c77f67c757476482082c83fa2519252b9da57109c8905105bb161b7a615787",
  "refundTxHash": "0x33f15a707ba8129093dc206a9a166e677ef7e6cf6b2505c01a7263e7e2b5507f",
  "refundTx": "0x33f15a707ba8129093dc206a9a166e677ef7e6cf6b2505c01a7263e7e2b5507f"
}
