COMMAND: python3 experiments/scale_trace/scripts/trace_result_json.py /home/aothuatgiadp/blockchain/project/CTLC-Implementation/experiments/scale_trace/runs/random_v1_246/F-_A_evm_fund_fa_CTLCOnly_best_claim/result.json /home/aothuatgiadp/blockchain/project/CTLC-Implementation/experiments/scale_trace/runs/random_v1_246/F-_A_evm_fund_fa_CTLCOnly_best_claim/trace.json
STATUS: 0

STDOUT:
{
  "graph_id": "",
  "pair": "F->A|evm|fund:fa",
  "contract": "CTLCOnly",
  "scenario": "best_claim",
  "contractAddress": "0x8F591335f5C3531b043DbCC5539bd7542b6e7c9a",
  "traces": {
    "deploy": {
      "tx_hash": "0x2c3ffda27373b88177e0791b52afcf4b8496d2da291d87f51fb75826d5a6a0b2",
      "actual_calldata_bytes": 7091,
      "actual_sstore_count": 8,
      "actual_call_count": 0,
      "opcode_steps": 1286
    },
    "fund": {
      "tx_hash": "0x05307b7ca466ed8c7e12c57005e3d7eccbf6d0f38531087da98c4e15800ab45e",
      "actual_calldata_bytes": 0,
      "actual_sstore_count": 0,
      "actual_call_count": 0,
      "opcode_steps": 13
    },
    "claim_level0": {
      "tx_hash": "0x1c16f04a1140c73a8956125094e462231e5ef91711bcac22ac9f869b3add32bd",
      "actual_calldata_bytes": 196,
      "actual_sstore_count": 1,
      "actual_call_count": 1,
      "opcode_steps": 793
    }
  }
}


STDERR:

