COMMAND: python3 experiments/scale_trace/scripts/trace_result_json.py /home/aothuatgiadp/blockchain/project/CTLC-Implementation/experiments/scale_trace/runs/random_v1_154/C-_A_evm_fund_ca_CTLCOnly_best_claim/result.json /home/aothuatgiadp/blockchain/project/CTLC-Implementation/experiments/scale_trace/runs/random_v1_154/C-_A_evm_fund_ca_CTLCOnly_best_claim/trace.json
STATUS: 0

STDOUT:
{
  "graph_id": "",
  "pair": "C->A|evm|fund:ca",
  "contract": "CTLCOnly",
  "scenario": "best_claim",
  "contractAddress": "0x54F96ecE91DFeD1f99584e70B82260e90ab15aBC",
  "traces": {
    "deploy": {
      "tx_hash": "0x85ae7cad112cf34b0fe4235957d166d10ecbb711891bed2533f8dfbee26796b6",
      "actual_calldata_bytes": 7091,
      "actual_sstore_count": 8,
      "actual_call_count": 0,
      "opcode_steps": 1286
    },
    "fund": {
      "tx_hash": "0x4853ea837432588c6bb9f2f1b74843e0e0404cd4538a05b4ade10791b71f02bd",
      "actual_calldata_bytes": 0,
      "actual_sstore_count": 0,
      "actual_call_count": 0,
      "opcode_steps": 13
    },
    "claim_level0": {
      "tx_hash": "0x442968e4c5e2120ddce5f83e8e451a30a1eed4110ddc2f69d0c8db9d902f227a",
      "actual_calldata_bytes": 196,
      "actual_sstore_count": 1,
      "actual_call_count": 1,
      "opcode_steps": 793
    }
  }
}


STDERR:

