COMMAND: python3 experiments/scale_trace/scripts/trace_result_json.py /home/aothuatgiadp/blockchain/project/CTLC-Implementation/experiments/scale_trace/runs/random_v1_74/E-_F_evm_fund_ef_CTLCOnly_best_claim/result.json /home/aothuatgiadp/blockchain/project/CTLC-Implementation/experiments/scale_trace/runs/random_v1_74/E-_F_evm_fund_ef_CTLCOnly_best_claim/trace.json
STATUS: 0

STDOUT:
{
  "graph_id": "",
  "pair": "E->F|evm|fund:ef",
  "contract": "CTLCOnly",
  "scenario": "best_claim",
  "contractAddress": "0x112e7fCFb8420A04926f20ad1586f1a2e2F5c931",
  "traces": {
    "deploy": {
      "tx_hash": "0x4a3d60c49400fb8f6e50e3605b49937cac73e7554140eed4ad2a4d2a58657868",
      "actual_calldata_bytes": 7155,
      "actual_sstore_count": 10,
      "actual_call_count": 0,
      "opcode_steps": 1462
    },
    "fund": {
      "tx_hash": "0xab7677817b5d0794b39f97f75929050ef236aa4cc1121daa5eed1244c232ddd7",
      "actual_calldata_bytes": 0,
      "actual_sstore_count": 0,
      "actual_call_count": 0,
      "opcode_steps": 13
    },
    "claim_level0": {
      "tx_hash": "0xd68491aeadebf9d64c86324594aa55a9b56abf3e3cfafccb2395026831833e9b",
      "actual_calldata_bytes": 388,
      "actual_sstore_count": 1,
      "actual_call_count": 1,
      "opcode_steps": 1475
    }
  }
}


STDERR:

