ganache v7.9.2 (@ganache/cli: 0.10.2, @ganache/core: 0.10.2)
Starting RPC server

Available Accounts
==================
(0) 0x9379b55d0d70038D28438853eF25faC4e2F6A414 (1000 ETH)
(1) 0xB4743C541dE582664f5c7cB3129189CF9F16801C (1000 ETH)
(2) 0x46a4B5f32dF1F391d71Bee00fb969178a91Ac266 (1000 ETH)
(3) 0x78CDDe18839791342F97aC0556f6f58d4bd51F68 (1000 ETH)
(4) 0xa6e73a6C31f3AC95803250126548445eAF213929 (1000 ETH)
(5) 0xf29393562C9441950e2902c58D8d5eb97FC2d3FB (1000 ETH)
(6) 0xb3903b98617C6a80dd5F5dD809e5CCE6e4f7Ad21 (1000 ETH)
(7) 0xA16d872aec14a9ee06faF2Fc5822603cDA933445 (1000 ETH)
(8) 0xAEcd9252062b726509dAA126536463157425087d (1000 ETH)
(9) 0x04ca42914fc203f9B3497D14A09E6C27f41fE43E (1000 ETH)

Private Keys
==================
(0) 0x0e7de1b7a61ad743553473b89a0448e3088aa3250a3d6faca8ceb99a8e054d71
(1) 0x2f6804fbb01aa5e2964fc85a2bb1cd8c5fc03bc0cd601e7bbb2ee268b338bde6
(2) 0x20879b690bb808e130187f2cb21dcdc986fba8fff1bca7cf783d0cae4dc3aff5
(3) 0x9fb749cd80ed7cd95f6da23913a66c9b88afdf136e07519f0e6d808e55d29344
(4) 0x4904684b69da912b3264cf4eba660ebc05db4d6a0a872898c7f204bb80ad3a51
(5) 0xb89cbebcf28cd13b0b07038b9e3d56ef4c0dcb9f2c744057c211804b3e99397a
(6) 0x6f53c3fbf34b2673fcc12a4b553e21b197b120cc9c8d2f92991614f8f62ccd0b
(7) 0x34fa64b37626d3b60787438fd98831d1dd71d594eaaa3e09939f202a8f64b571
(8) 0x4c579420a082634093a34a3ebfbe777c3b8aa08d60509ee75775497f2cfee7ea
(9) 0x7961527b88864fb04066317a6869f120fe3212bcdb9c1bda9dddd423e20e2802

HD Wallet
==================
Mnemonic:      auction coast limb tissue toe mouse sketch ankle cricket motion dinner vocal
Base HD Path:  m/44'/60'/0'/0/{account_index}

Default Gas Price
==================
2000000000

BlockGas Limit
==================
30000000

Call Gas Limit
==================
50000000

Chain
==================
Hardfork: shanghai
Id:       1337

RPC Listening on 127.0.0.1:8545
web3_clientVersion
eth_blockNumber
net_version
eth_accounts
eth_accounts
eth_blockNumber
net_version
eth_getBlockByNumber
eth_estimateGas
eth_getBlockByNumber
eth_gasPrice
eth_sendTransaction

  Transaction: 0xf5678db437b28b868af7cc14974eed04999db8aaf70a0a2dd61cbc1e4577f618
  Contract created: 0xefd5dd2d676b09956647c16b39d6b835d480fa5e
  Gas usage: 4506588
  Block number: 1
  Block time: Fri May 08 2026 03:06:56 GMT+0700 (Indochina Time)

eth_getTransactionReceipt
eth_getCode
eth_getTransactionReceipt
eth_getBlockByNumber
eth_gasPrice
eth_sendTransaction

  Transaction: 0x0bbea7baba8c85723453eeb20d5fe32e95504ae23d70d07852696fda7ff0c36e
  Gas usage: 21055
  Block number: 2
  Block time: Fri May 08 2026 03:06:56 GMT+0700 (Indochina Time)

eth_getTransactionReceipt
net_version
eth_getBlockByNumber
eth_estimateGas
eth_getBlockByNumber
eth_gasPrice
eth_sendTransaction

  Transaction: 0x7990f66f5d50d50b70f7bea909b4cf9c590aea493ca13d6710e1ac7ebf563836
  Gas usage: 75948
  Block number: 3
  Block time: Fri May 08 2026 03:06:56 GMT+0700 (Indochina Time)

eth_getTransactionReceipt
eth_blockNumber
eth_getBalance
eth_getTransactionByHash
debug_traceTransaction
eth_getTransactionByHash
debug_traceTransaction
eth_getTransactionByHash
debug_traceTransaction

Received shutdown signal: SIGTERM
Shutting down…
Server has been shut down
