COMMAND: python3 experiments/scale_trace/scripts/trace_result_json.py /home/aothuatgiadp/blockchain/project/CTLC-Implementation/experiments/scale_trace/runs/random_v1_277/D-_A_evm_fund_da_CTLCMultipleEdges_refund/result.json /home/aothuatgiadp/blockchain/project/CTLC-Implementation/experiments/scale_trace/runs/random_v1_277/D-_A_evm_fund_da_CTLCMultipleEdges_refund/trace.json
STATUS: 0

STDOUT:
{
  "graph_id": "",
  "pair": "D->A|evm|fund:da",
  "contract": "CTLCMultipleEdges",
  "scenario": "refund",
  "contractAddress": "0x1Ac7A9c91A3429a743c07cA82A1F4cC81dFF1A81",
  "traces": {
    "deploy": {
      "tx_hash": "0x7ab72ebe2405a5effb9343e47dad8c3733a6479a9f78a4a6357e4c61ad4795ad",
      "actual_calldata_bytes": 7753,
      "actual_sstore_count": 11,
      "actual_call_count": 0,
      "opcode_steps": 1984
    },
    "fund": {
      "tx_hash": "0x50910fd175721f8a43f3e2569ca68938115747acbb3c2b07993d80389eb93936",
      "actual_calldata_bytes": 0,
      "actual_sstore_count": 0,
      "actual_call_count": 0,
      "opcode_steps": 13
    },
    "refund_level0": {
      "tx_hash": "0x6bee12ab065fc772ad04413751b74ee4a217a45dc395cf9cda7928be751f82d5",
      "actual_calldata_bytes": 4,
      "actual_sstore_count": 1,
      "actual_call_count": 1,
      "opcode_steps": 224
    }
  }
}


STDERR:

