ganache v7.9.2 (@ganache/cli: 0.10.2, @ganache/core: 0.10.2)
Starting RPC server

Available Accounts
==================
(0) 0x2eA9aa02BeBa164619edb89A5c1d70fBA2B56A63 (1000 ETH)
(1) 0xB349f4c7e2D31f407F543cB8333c9cf3E666C843 (1000 ETH)
(2) 0x8b4b5DcA82bdEb22Fbc89324Cb55e2B076EA814a (1000 ETH)
(3) 0x8d59982B796135236B554636C1CF7AD7bD21E064 (1000 ETH)
(4) 0x8822611d0db04eA6Fec7A29CEe1e741f57d106A0 (1000 ETH)
(5) 0xD2436E007E4B5f498A86d769354f5711A17f9860 (1000 ETH)
(6) 0xe3983659b129eC1A5634ECc0f213eF9C3d20Ca43 (1000 ETH)
(7) 0x96432C32d87e0E23BB119BC01fa560519A1FD64C (1000 ETH)
(8) 0xEA25F05d2320FA052eE9477466DEb70e1c24465c (1000 ETH)
(9) 0xD8e255b48D244A3f97d0a9d6f759cac5EB82EE5F (1000 ETH)

Private Keys
==================
(0) 0xab6e30e46ae057229dfe15f380705301034505ac03f30a60bef96134d33b55b8
(1) 0xe52cca68b1e1ad7e0b348725c96c75fcf8357e9dd222d05b40ced422687d597d
(2) 0x9dc448a90dd0d9a4f26f8fa1341fcff5adeb2586e25d9dcdfbf80146d3ce43ac
(3) 0x76146ee1e9f454e4993ec314b335e7f529f48b2f2fe97ddd113617e4302d1e88
(4) 0xc27db8eac9013bddec7f3e7ea0e40a8ac891f7a8c7645a9a2f7187ba90fd18c0
(5) 0x90bba6fb013b744a57e1ea0d7e67a20368c0226f9bcccc3f159606e0ced1e19f
(6) 0x37c0ff3fbe0cd85fc21dadbed2848c9f6fe7c51a6a0e47e689d7d32255370855
(7) 0x79f9d84a3fd3e04b36819c6d3ea4e986252fd67ad6061d4aa193a53c6c5f6bab
(8) 0x729890f71b4738839f81f0e7e6b1b56e6032312987924df7fe457da60b7620aa
(9) 0x31a119132ac308bcca333d80232e8f23268c592efbc47ca806babacb42223614

HD Wallet
==================
Mnemonic:      limit enroll base target merry coyote busy slam render arrange bottom alley
Base HD Path:  m/44'/60'/0'/0/{account_index}

Default Gas Price
==================
2000000000

BlockGas Limit
==================
30000000

Call Gas Limit
==================
50000000

Chain
==================
Hardfork: shanghai
Id:       1337

RPC Listening on 127.0.0.1:8545
web3_clientVersion
eth_blockNumber
net_version
eth_accounts
eth_accounts
eth_blockNumber
net_version
eth_getBlockByNumber
eth_estimateGas
eth_getBlockByNumber
eth_gasPrice
eth_sendTransaction

  Transaction: 0x38a3ae2f38031a9dbd012f352d9918dd93af8ca15f6cddfd9d736ca4b551a7ef
  Contract created: 0x42933372e4260a8d9a0fae9acd79ca9cea9723b6
  Gas usage: 1123899
  Block number: 1
  Block time: Fri May 08 2026 02:00:54 GMT+0700 (Indochina Time)

eth_getTransactionReceipt
eth_getCode
eth_getTransactionReceipt
eth_getBlockByNumber
eth_gasPrice
eth_sendTransaction

  Transaction: 0x001ad25c0450716644b75543321845901e4e67b15ee2b39d3d6e435fdddf12a4
  Gas usage: 21055
  Block number: 2
  Block time: Fri May 08 2026 02:00:54 GMT+0700 (Indochina Time)

eth_getTransactionReceipt
net_version
eth_getBlockByNumber
eth_estimateGas
eth_getBlockByNumber
eth_gasPrice
eth_sendTransaction

  Transaction: 0xa90363517d4549e6526f37238ad7885c5624890a938ad6109773b2dcd5ccdff5
  Gas usage: 68747
  Block number: 3
  Block time: Fri May 08 2026 02:00:54 GMT+0700 (Indochina Time)

eth_getTransactionReceipt
eth_blockNumber
eth_getBalance
eth_getTransactionByHash
debug_traceTransaction
eth_getTransactionByHash
debug_traceTransaction
eth_getTransactionByHash
debug_traceTransaction

Received shutdown signal: SIGTERM
Shutting down…
Server has been shut down
