ganache v7.9.2 (@ganache/cli: 0.10.2, @ganache/core: 0.10.2)
Starting RPC server

Available Accounts
==================
(0) 0x69474d2e0D7d0F5744556E77C763c0725770E907 (1000 ETH)
(1) 0xae5bE9551DE62869d01C09740262c030F1Dc2Ed1 (1000 ETH)
(2) 0x77f9713846A97cb9c760adD4EC83B0fA043371F0 (1000 ETH)
(3) 0x36249f8A5F457E95375A1c601851289E3A624c76 (1000 ETH)
(4) 0x404804EEDE0C0714885CdCB451DC0C4520c30a4B (1000 ETH)
(5) 0x1D88BF69872bc4f5f2995d8bDAC325390e4e8c16 (1000 ETH)
(6) 0x0e809E4Bc8460d5b14a9961DBfaD427f5e180774 (1000 ETH)
(7) 0xDd15746A6fb5Cd0cb3CC88a62a88a11b19443C92 (1000 ETH)
(8) 0x8bF070cb2Fb9922CE1dC354A5bAc86801D5C5D81 (1000 ETH)
(9) 0xF82a6295356f0B815338285638F27Fc9572d9d74 (1000 ETH)

Private Keys
==================
(0) 0xe9346a92ebabf7dab7ed764a6bd57e6464bfd529dc87360ec43935d8a32962be
(1) 0x684b95eb7c005b5d2f358cb67b52478b057a4c2eeb3e977021d00647d669828f
(2) 0x385494422672a3fd88ecb980b09229de0b6cb758cdf132cd892504bfa173533b
(3) 0x19e70417a5321e185e518549bf3afffb265ca63a04c82fa23f6086a299cab97d
(4) 0x915c41f325417d1c67e9bd4f22f0926e297da7237919fe14daa45ea311518e68
(5) 0x2bb7105977b4eb107a579d05788179b6da752faeea7ebd63438f09e4f9106aaa
(6) 0x89e8cf4c75e11fe34297b3878142fd7c289d18808fcd6d2cf58d10983c027cae
(7) 0xcecb6a3e20fc5cf14b906ac4884854fa65fdbca4981d5fc91fb6c3f68e761c12
(8) 0xc29de45ca98c23e09c1ff262e57cc7088eb3cff2a6c7d12ce75c3a07c4166ed1
(9) 0x2091e424a6be738149cd6ccbb7c1e38cb76cddc0c9256b1fd404ed391fce1a00

HD Wallet
==================
Mnemonic:      sniff dentist program spoil quick eight mystery boil brief fault course desk
Base HD Path:  m/44'/60'/0'/0/{account_index}

Default Gas Price
==================
2000000000

BlockGas Limit
==================
30000000

Call Gas Limit
==================
50000000

Chain
==================
Hardfork: shanghai
Id:       1337

RPC Listening on 127.0.0.1:8545
web3_clientVersion
eth_blockNumber
net_version
eth_accounts
eth_accounts
eth_blockNumber
net_version
eth_getBlockByNumber
eth_estimateGas
eth_getBlockByNumber
eth_gasPrice
eth_sendTransaction

  Transaction: 0x06e99f5492d468e683e7b7d4a7c99ce9a308fb89b97d744cc48d79104e606774
  Contract created: 0x5705696f644ddabbab6da45a323585151f47d45a
  Gas usage: 1239438
  Block number: 1
  Block time: Fri May 08 2026 00:59:21 GMT+0700 (Indochina Time)

eth_getTransactionReceipt
eth_getCode
eth_getTransactionReceipt
eth_getBlockByNumber
eth_gasPrice
eth_sendTransaction

  Transaction: 0xaf17c8e3db183c8eb574e7b35f24179867747bd725f9cad8c4cb864458eef2a7
  Gas usage: 21055
  Block number: 2
  Block time: Fri May 08 2026 00:59:21 GMT+0700 (Indochina Time)

eth_getTransactionReceipt
net_version
eth_getBlockByNumber
eth_estimateGas
eth_getBlockByNumber
eth_gasPrice
eth_sendTransaction

  Transaction: 0x7090e04432712e189c42e54c2225ff56e34fd9495f136d158b84007b4fa48bed
  Gas usage: 71641
  Block number: 3
  Block time: Fri May 08 2026 00:59:22 GMT+0700 (Indochina Time)

eth_getTransactionReceipt
eth_blockNumber
eth_getBalance
eth_getTransactionByHash
debug_traceTransaction
eth_getTransactionByHash
debug_traceTransaction
eth_getTransactionByHash
debug_traceTransaction

Received shutdown signal: SIGTERM
Shutting down…
Server has been shut down
