ganache v7.9.2 (@ganache/cli: 0.10.2, @ganache/core: 0.10.2)
Starting RPC server

Available Accounts
==================
(0) 0x4B36A62D1bDe396a249C0B77a75af7530f40d9aE (1000 ETH)
(1) 0x8922481F19697d0b09b67650137D83463Ed883b1 (1000 ETH)
(2) 0x32d0BCb2100F20069c4cDef4589F9A2074472c69 (1000 ETH)
(3) 0x05054014e824750a5836224E23D5A2694a53F03F (1000 ETH)
(4) 0x4cd0dF7Ea0EfC21045C2aC71d8A59729741016aC (1000 ETH)
(5) 0x67e4879fEBdbB1c37555Ca08C269DC8654eAeE6E (1000 ETH)
(6) 0xeA6e78b13e90144a05f5139d5232006F76da4586 (1000 ETH)
(7) 0x941Bf7dD0493cE7C3C8F3628CD396cac131264c3 (1000 ETH)
(8) 0x84724bF7096Abf53E7c5B9bB256FD8bcDf11dF92 (1000 ETH)
(9) 0x63694A9Ca25FbbCF39e773A49A44A5AAD596B2b2 (1000 ETH)

Private Keys
==================
(0) 0x0d2670f018ebb1d5dd61ff02d2fe9349fcd43bfb175e04d5f76f7d1beaff5413
(1) 0x5335725ea71dd170c669bc26cf2f4c8a5443dcbe20b0f5ce6b20b419f6c0e2ae
(2) 0x18c9a6f1c5a7f73d61612006013dff1d438e86d48c06b96b33dc3b68033d4e21
(3) 0x64750c55b3f9e29217887e11dd3cd4fe3aea6c5d398982091a75c8dbe7fd7029
(4) 0xbaa17c9e08d17dc1791d924de9ced94efc1e1c926eca700ba89b4d0a445f842f
(5) 0xa1a7a2b76ede69b380e23210a06f0baeddc65cf590f7945180964782191a72fd
(6) 0x0856212efa9f3c837e21a6ea808c6f8f93246c975901d21000b4865c533d2535
(7) 0x0748da5701d99bd34bb787347b499f7aba9c57ba2f1a4f1abac2849ab4b05276
(8) 0x9e8abd1805cf4f9ed74a95e937f444267f224c5aebf4d1c7ddce176c3bea5174
(9) 0x1311554c8fe9edcc85e0fbb90c87b39a221a2eec060f0e02c90c3a95e0685964

HD Wallet
==================
Mnemonic:      duty easily dash envelope wedding broccoli asset arrive bomb tower into school
Base HD Path:  m/44'/60'/0'/0/{account_index}

Default Gas Price
==================
2000000000

BlockGas Limit
==================
30000000

Call Gas Limit
==================
50000000

Chain
==================
Hardfork: shanghai
Id:       1337

RPC Listening on 127.0.0.1:8545
web3_clientVersion
eth_blockNumber
net_version
eth_accounts
eth_accounts
eth_blockNumber
net_version
eth_getBlockByNumber
eth_estimateGas
eth_getBlockByNumber
eth_gasPrice
eth_sendTransaction

  Transaction: 0xf9da05d8d6606ff84e28212cff6c877d98ac4ba912cd3803e3c6735e1338a00b
  Contract created: 0xc10576124bdaa85aa3724f5f5a111e1deef8d53d
  Gas usage: 1100987
  Block number: 1
  Block time: Fri May 08 2026 00:15:16 GMT+0700 (Indochina Time)

eth_getTransactionReceipt
eth_getCode
eth_getTransactionReceipt
eth_getBlockByNumber
eth_gasPrice
eth_sendTransaction

  Transaction: 0x95c843aac9798d6afbd94012909187463c40e833625962f7600373dc6f6da97f
  Gas usage: 21055
  Block number: 2
  Block time: Fri May 08 2026 00:15:16 GMT+0700 (Indochina Time)

eth_getTransactionReceipt
eth_blockNumber
evm_mine
eth_blockNumber
evm_mine
eth_blockNumber
evm_mine
eth_blockNumber
evm_mine
eth_blockNumber
net_version
eth_getBlockByNumber
eth_estimateGas
eth_getBlockByNumber
eth_gasPrice
eth_sendTransaction

  Transaction: 0x5022c8a79b035e8e4e2caaa51426a3a91097ded9ece0257a0df9dd11b7891a2e
  Gas usage: 59561
  Block number: 7
  Block time: Fri May 08 2026 00:15:16 GMT+0700 (Indochina Time)

eth_getTransactionReceipt
eth_blockNumber
eth_getBalance
eth_getTransactionByHash
debug_traceTransaction
eth_getTransactionByHash
debug_traceTransaction
eth_getTransactionByHash
debug_traceTransaction

Received shutdown signal: SIGTERM
Shutting down…
Server has been shut down
