ganache v7.9.2 (@ganache/cli: 0.10.2, @ganache/core: 0.10.2)
Starting RPC server

Available Accounts
==================
(0) 0x410d2C49F47206Aa45e3c29443FCB4aF69158550 (1000 ETH)
(1) 0xF6BfC6dF7d5265C31e48BEa052Ca7aA7e8bC2D0f (1000 ETH)
(2) 0x5D7585C2B6f1e75F26Cf60982f3670Edf049Ad1B (1000 ETH)
(3) 0x122A4c9D0edbf980bbD4bfc99542Aa6F71ed6a81 (1000 ETH)
(4) 0xb984EdD86517b45A6549eFd3a66d30fecb37d0b7 (1000 ETH)
(5) 0xf38A0eC42262B59b928d68d62D875B34EFf34fdc (1000 ETH)
(6) 0xcadD2929205ca9cBd937d84821b1a67cf9d22f19 (1000 ETH)
(7) 0x990981a9b654CD882718C78ed3159e73e57EbF33 (1000 ETH)
(8) 0x80a2c296Ee1Fb7a72cEBE3e2CFB2D06E39BA9b30 (1000 ETH)
(9) 0x5E52947A7004b475E539d8D5DfC955B1D7af632c (1000 ETH)

Private Keys
==================
(0) 0xfcda806a7b3b30287749ccf6dc9c3c7f60ac301ec50eb60d9bdef34293d81953
(1) 0x42d049aea2228c8b1dca395e1257f2d19e7ac21788a76aa138d1a1e565620e08
(2) 0x22c95e9d0f244c0d060ef110b0ae5343884f8b56d94a12e1736218d29d593b15
(3) 0xf8b15c44c1824b3d413fff9ed97226ff3673f5e94f5222fada28be13b2109d46
(4) 0x9e7c391e1a2611ab17bce81e0119cf3c467d7c103834328a6de29a6911112a85
(5) 0x964dbb1189e79d4fe545ba0490483ca5261c6efdde225e8b45f7c9028f6867c0
(6) 0x80662617f10d06d29604bea0f2ea7985ff5b7e4df71e5fdae38de1af0fab0af0
(7) 0x854c1e0f6a5d8afc03103efcad7ce73e99f0e2a3b45723aa14375c544cfdcc8f
(8) 0x87078b3f0ac55b0a235c64ef7bf7869a43ccf46c8e3cd03f54355e29b5cfe47e
(9) 0x4f56026c691d1c0c4731dd7dc748137dd852b6f4bbb301c4c370b238d50a3884

HD Wallet
==================
Mnemonic:      pony tuna door silly neither destroy ice media shove panel off spread
Base HD Path:  m/44'/60'/0'/0/{account_index}

Default Gas Price
==================
2000000000

BlockGas Limit
==================
30000000

Call Gas Limit
==================
50000000

Chain
==================
Hardfork: shanghai
Id:       1337

RPC Listening on 127.0.0.1:8545
web3_clientVersion
eth_blockNumber
net_version
eth_accounts
eth_accounts
eth_blockNumber
net_version
eth_getBlockByNumber
eth_estimateGas
eth_getBlockByNumber
eth_gasPrice
eth_sendTransaction

  Transaction: 0x999e9154c633144c3cfa10a0e21b9c6521689a4b91261ef2a78c9415a7071f3d
  Contract created: 0x2b6d4861e98d5e8709f6a74d71a2d192f2b17732
  Gas usage: 1746201
  Block number: 1
  Block time: Fri May 08 2026 02:09:36 GMT+0700 (Indochina Time)

eth_getTransactionReceipt
eth_getCode
eth_getTransactionReceipt
eth_getBlockByNumber
eth_gasPrice
eth_sendTransaction

  Transaction: 0xaffb3bf23d6689bb87d76ee2979459de8f8355fd53b8781a86833fe5fae578fc
  Gas usage: 21055
  Block number: 2
  Block time: Fri May 08 2026 02:09:36 GMT+0700 (Indochina Time)

eth_getTransactionReceipt
eth_blockNumber
evm_mine
eth_blockNumber
evm_mine
eth_blockNumber
evm_mine
eth_blockNumber
evm_mine
eth_blockNumber
evm_mine
eth_blockNumber
net_version
eth_getBlockByNumber
eth_estimateGas
eth_getBlockByNumber
eth_gasPrice
eth_sendTransaction

  Transaction: 0xd014301a034b33e936f9d16af4ca1517a9538eabe77a66268505a447565d2fef
  Gas usage: 52925
  Block number: 8
  Block time: Fri May 08 2026 02:09:36 GMT+0700 (Indochina Time)

eth_getTransactionReceipt
eth_blockNumber
evm_mine
eth_blockNumber
net_version
eth_getBlockByNumber
eth_estimateGas
eth_getBlockByNumber
eth_gasPrice
eth_sendTransaction

  Transaction: 0xf216111413fda99082cabbeb386acd4a07eed9e5272917fb1b117f3c38b5a95f
  Gas usage: 59539
  Block number: 10
  Block time: Fri May 08 2026 02:09:36 GMT+0700 (Indochina Time)

eth_getTransactionReceipt
eth_blockNumber
eth_getBalance
eth_getTransactionByHash
debug_traceTransaction
eth_getTransactionByHash
debug_traceTransaction
eth_getTransactionByHash
debug_traceTransaction
eth_getTransactionByHash
debug_traceTransaction

Received shutdown signal: SIGTERM
Shutting down…
Server has been shut down
