Using network 'development'.

{
  "ok": true,
  "graph_id": "",
  "pair": "C->G|evm|fund:cg",
  "pairKey": "C->G|evm|fund:cg",
  "contract": "CTLCOnly",
  "scenario": "best_claim",
  "deployGas": "0x11262f",
  "gasUsed": "68747",
  "disableGasUsed": "",
  "claimGasUsed": "68747",
  "refundGasUsed": "",
  "contractAddress": "0x6D06802f4Acc6dB6a442786DFB52d195223758CD",
  "startBlock": "0",
  "endBlock": "3",
  "finalContractBalanceWei": "0",
  "deployer": "0xdB6C13F772b3Ee656DA6C2F4D8d8fBfc441D9A88",
  "party": "0x5B40a0bDC3eE611842C5D3a5d8e8a529eed8e8D8",
  "counterparty": "0x10ddAc750A76564DfD870bE040Cd776Dcc28d67A",
  "fundingWei": "1000000000000000000",
  "timelocks": [
    7
  ],
  "transactions": [
    {
      "role": "deploy",
      "txHash": "0x30628ee9564984724eda132ec72f880e2db0c8af5ca3b476671a25b42a4fd170"
    },
    {
      "role": "fund",
      "txHash": "0x376bd01b209949ee54cb1d23dd52ebb09dc9a3b22d48b96e520027f37ed06996"
    },
    {
      "role": "claim",
      "txHash": "0x74638068239be897ba31c964a24a757ea9a1b9efffb25e5cd03a07cf7054f6b5",
      "level": 0,
      "option": 0
    }
  ],
  "txRoles": [
    {
      "role": "deploy",
      "txHash": "0x30628ee9564984724eda132ec72f880e2db0c8af5ca3b476671a25b42a4fd170"
    },
    {
      "role": "fund",
      "txHash": "0x376bd01b209949ee54cb1d23dd52ebb09dc9a3b22d48b96e520027f37ed06996"
    },
    {
      "role": "claim",
      "txHash": "0x74638068239be897ba31c964a24a757ea9a1b9efffb25e5cd03a07cf7054f6b5",
      "level": 0,
      "option": 0
    }
  ],
  "deployTxHash": "0x30628ee9564984724eda132ec72f880e2db0c8af5ca3b476671a25b42a4fd170",
  "fundTxHash": "0x376bd01b209949ee54cb1d23dd52ebb09dc9a3b22d48b96e520027f37ed06996",
  "claimTxHash": "0x74638068239be897ba31c964a24a757ea9a1b9efffb25e5cd03a07cf7054f6b5",
  "txHash": "0x74638068239be897ba31c964a24a757ea9a1b9efffb25e5cd03a07cf7054f6b5",
  "tx": "0x74638068239be897ba31c964a24a757ea9a1b9efffb25e5cd03a07cf7054f6b5"
}
