ganache v7.9.2 (@ganache/cli: 0.10.2, @ganache/core: 0.10.2)
Starting RPC server

Available Accounts
==================
(0) 0x788Ce56e48d3d5783d5A29835775EbFDfdcbAcaC (1000 ETH)
(1) 0x0C41bd846836ed01702e8FC1E1b7eBf3eCC5Df82 (1000 ETH)
(2) 0xE6F8252EA7844a0fD400e42E7F1393DFef425236 (1000 ETH)
(3) 0x312fcC8eebaa1e0DbdABbD3864900799C1Aff11D (1000 ETH)
(4) 0x7F2db1A7daBe000a1f8a0739e8aF1F1c104FFC91 (1000 ETH)
(5) 0xc8455687eeb28900019881260a36F3810A2cA794 (1000 ETH)
(6) 0xc952688fbE5801e981bc431041AFa52E8e3C8DF9 (1000 ETH)
(7) 0x6Ca68bFddB53f475100C23f0b09493d461dFb749 (1000 ETH)
(8) 0xf136F14B991320622216D198c6cf1aac8F449145 (1000 ETH)
(9) 0x4588a0f02661F116ce2221d5486A5C0480E379AA (1000 ETH)

Private Keys
==================
(0) 0x3db24bd767153da0c7c8fc79023ad19772c9de7fa25d693a9eafe483a14d21c1
(1) 0x4e5f5f708f4724c61a44709e622d8870fbd54c430a712d386adebe64b78cf198
(2) 0xc1fc0c5b9784d1df274541ab1420a5ebf42c896333c0620f32b5f745a8bbf446
(3) 0xac55fee53d5ba273034cdb444ddb908dfe158ed7cd66ee3adadb4cb0d1c4b993
(4) 0x93238066ce522d8d76ca107c5545b6ab1e3c0f2bdb89a24d25675973c3079cf1
(5) 0x4ed335677427c13d806a84e24832e979578e96dba408394ce5bcd1e33a9cdffc
(6) 0xb53a40750a8df2eb659a2b59403e352a0782bde8e7da713f4349bdd8bff079e2
(7) 0xf5c9bfbdc567b38bc2d6ad1e057107c4decce9154d1ee8108205af5d2f81730a
(8) 0xe1727a75f44b4264d21a979b2a2b3d6de302d2a244947859f90deb16c08c2572
(9) 0xb1083303762d84197ed4d3db82a9d2edd481d2e2dea2fc4ff546e76469c9123f

HD Wallet
==================
Mnemonic:      risk tenant toast draw dwarf advance onion label large grant argue toast
Base HD Path:  m/44'/60'/0'/0/{account_index}

Default Gas Price
==================
2000000000

BlockGas Limit
==================
30000000

Call Gas Limit
==================
50000000

Chain
==================
Hardfork: shanghai
Id:       1337

RPC Listening on 127.0.0.1:8545
web3_clientVersion
eth_blockNumber
net_version
eth_accounts
eth_accounts
eth_blockNumber
net_version
eth_getBlockByNumber
eth_estimateGas
eth_getBlockByNumber
eth_gasPrice
eth_sendTransaction

  Transaction: 0xe97c6518e26df7dc40d636f1be5e1a9d93a6812ce0c27122a7506bd82a9378b4
  Contract created: 0x3ea70ddf6525d595b211cb10f17d1f522c5aa8d6
  Gas usage: 1285274
  Block number: 1
  Block time: Fri May 08 2026 00:27:13 GMT+0700 (Indochina Time)

eth_getTransactionReceipt
eth_getCode
eth_getTransactionReceipt
eth_getBlockByNumber
eth_gasPrice
eth_sendTransaction

  Transaction: 0xe757397ad295926e5238352ae9ad65a07509220952dab36608167200415dfaf6
  Gas usage: 21055
  Block number: 2
  Block time: Fri May 08 2026 00:27:13 GMT+0700 (Indochina Time)

eth_getTransactionReceipt
net_version
eth_getBlockByNumber
eth_estimateGas
eth_getBlockByNumber
eth_gasPrice
eth_sendTransaction

  Transaction: 0x1e51d516db592bfb77ad6fb6366d2c4abfa842ecfcc45add2d640779ebc9e18d
  Gas usage: 75948
  Block number: 3
  Block time: Fri May 08 2026 00:27:13 GMT+0700 (Indochina Time)

eth_getTransactionReceipt
eth_blockNumber
eth_getBalance
eth_getTransactionByHash
debug_traceTransaction
eth_getTransactionByHash
debug_traceTransaction
eth_getTransactionByHash
debug_traceTransaction

Received shutdown signal: SIGTERM
Shutting down…
Server has been shut down
