ganache v7.9.2 (@ganache/cli: 0.10.2, @ganache/core: 0.10.2)
Starting RPC server

Available Accounts
==================
(0) 0x164B9bc254123F25B7922c647f7536acc7F2f33b (1000 ETH)
(1) 0xA10A45B35994b61c8bf7D6B1ff516630cF9f1BF6 (1000 ETH)
(2) 0x8aaeB9D9A5D9Ac88ec8f70611c6CBb7585f76F5B (1000 ETH)
(3) 0x467B12c1F9AbF5f0200094d8D9B5099d0F801789 (1000 ETH)
(4) 0x649267Aa260eEEaF1B9De65Bd35Fb15Eb1db70F4 (1000 ETH)
(5) 0xaD084a74012b75efC4a2a0F415b9d837efc616f1 (1000 ETH)
(6) 0xBaBbe99091B695d7Fb46eE7df50625F3ea0fA474 (1000 ETH)
(7) 0xf49F72cc5d42d4A61bb0359c4BCd1c51A69b3475 (1000 ETH)
(8) 0x004925008F9477EB770fdD4761bd88F5F15dD7ed (1000 ETH)
(9) 0x97e02322AaB3347c31391967E445a9BCa7514136 (1000 ETH)

Private Keys
==================
(0) 0xc6a7b363696d2e7008a028f41ed9cf4b2ba69f9d34881a7e44e43dffe7911641
(1) 0x2fc5562b8df426b3df0f16fbb965eec4cab1934e6a813a234005149b5b6aee0f
(2) 0x8008c860307dcd03779e440d3c674f0efa7feed2251e6d72d80c6f47ff4100a7
(3) 0x2010312140ee31af909803c074bbb5a7184ec0c0b4dd35ea39fe7f76a6b1f75d
(4) 0x88fb431bdb49a7c29140d2e45a0ffc4a0f3da451c639be66b57473a15b948021
(5) 0xedaade9957a7a0a240260c668a877b1d9fdb3fe2a11223b92b44913fe131e517
(6) 0xb3bb8f27be3fe0c77ce00aec2482b878db73b9c3fe3d1335b0e418dcc65161cf
(7) 0x97f7427712d633a2a9cfb53ad30170cff437d56c057bd1704a70be5d68a58e85
(8) 0x9b267f337911b2e48128335a27a87847f8dd6ada18c2fc2a014b828b9036d9ac
(9) 0xc420e667be61e17400ebf38e3ef1d7e0b5628d8d7f13fc29e110f5701ed52805

HD Wallet
==================
Mnemonic:      album bamboo cage defy capital inhale material host oyster deputy sound aspect
Base HD Path:  m/44'/60'/0'/0/{account_index}

Default Gas Price
==================
2000000000

BlockGas Limit
==================
30000000

Call Gas Limit
==================
50000000

Chain
==================
Hardfork: shanghai
Id:       1337

RPC Listening on 127.0.0.1:8545
web3_clientVersion
eth_blockNumber
net_version
eth_accounts
eth_accounts
eth_blockNumber
net_version
eth_getBlockByNumber
eth_estimateGas
eth_getBlockByNumber
eth_gasPrice
eth_sendTransaction

  Transaction: 0x4776544e298f09cafdfd0dbefe9aa04d4c238630c6b527c390daa27a33580d36
  Contract created: 0xc766d9d5b3a6ada10ed37f14f278e08bf630a6ae
  Gas usage: 1123899
  Block number: 1
  Block time: Thu May 07 2026 21:07:24 GMT+0700 (Indochina Time)

eth_getTransactionReceipt
eth_getCode
eth_getTransactionReceipt
eth_getBlockByNumber
eth_gasPrice
eth_sendTransaction

  Transaction: 0xe963e0f34ce088cbfedabac7985420166e458ac582ba8c5b41577f4c71d93365
  Gas usage: 21055
  Block number: 2
  Block time: Thu May 07 2026 21:07:24 GMT+0700 (Indochina Time)

eth_getTransactionReceipt
eth_blockNumber
evm_mine
eth_blockNumber
evm_mine
eth_blockNumber
evm_mine
eth_blockNumber
evm_mine
eth_blockNumber
evm_mine
eth_blockNumber
net_version
eth_getBlockByNumber
eth_estimateGas
eth_getBlockByNumber
eth_gasPrice
eth_sendTransaction

  Transaction: 0xf1100a95e5b4c61bf018f9548385661b58a7800b25c46d865592a733d91739ac
  Gas usage: 59561
  Block number: 8
  Block time: Thu May 07 2026 21:07:24 GMT+0700 (Indochina Time)

eth_getTransactionReceipt
eth_blockNumber
eth_getBalance
eth_getTransactionByHash
debug_traceTransaction
eth_getTransactionByHash
debug_traceTransaction
eth_getTransactionByHash
debug_traceTransaction

Received shutdown signal: SIGTERM
Shutting down…
Server has been shut down
