ganache v7.9.2 (@ganache/cli: 0.10.2, @ganache/core: 0.10.2)
Starting RPC server

Available Accounts
==================
(0) 0x87D0397C89b79Dd32499717EC1590Ebd40E3AF1B (1000 ETH)
(1) 0xDaF4284dcfD42C9DFE832591BEc45bB902b69dac (1000 ETH)
(2) 0x1DC94e07AC4e3B65ACA26E1b0984751AD115B6d5 (1000 ETH)
(3) 0xfaD062F96f21afE7D50a3b17E27E1C60B75Ef032 (1000 ETH)
(4) 0xB28085A6d51f6B9F6404180E4dA143f2Affd0b03 (1000 ETH)
(5) 0x0b7d21b5eE221724b871414Fb48f068cbA43FDf8 (1000 ETH)
(6) 0x1bE497F5fA0Faef09de2Cc75FF0b23d226B78CB4 (1000 ETH)
(7) 0x4B00878B0B00ff743b0AA581AA20FCFbED10490F (1000 ETH)
(8) 0x91A0F7c8eE6b09C70E53E2a9A01F4C41E158C692 (1000 ETH)
(9) 0x7B61976e02fB2fB0c5808AC60B73dBa1Ec330C04 (1000 ETH)

Private Keys
==================
(0) 0xc836b4cf5fc8c58a4e23f7883e4ef12c036d8b6e9ea1886e259b295840d35302
(1) 0x588b7f4f5a027c600c4280da433d468584dbb9134b3596eb6f94a51f5f82b9ef
(2) 0x82a5f2a6c33a62baf82afd20d75834ed85adc6e4881f22465f9cf72b6e0a0eb9
(3) 0xb537fdc992f77f56c74f1ea7b40f3fdba7844b6c4fe3de89fdfd9288a01a5231
(4) 0x417150faafc49a97b7276d6fcb481913f5d05127c5a84bcd6014af619bc6ef47
(5) 0xc53ab59725179a248dfa262da0c5fc19ed80e1ea68872154e83d22c99512ec4d
(6) 0x0257080bdce75ed5b475e3bcc172ff30cb2265882f4c042eeef010824f96cdb4
(7) 0xb1128e621a6ea632b19fbd41f2aaf8f2bc18d4f43742f29b7fd24a8b7718650b
(8) 0x719777ea438c39d9e9d48f416d38ef4407577f31f918248b7726fe6ef1b69782
(9) 0x2a9d10b31a526f15985f1942b54480e8c934d75fb7516e18f62ec687f64a0149

HD Wallet
==================
Mnemonic:      member potato interest text brisk beyond unknown seek ship solution attack crush
Base HD Path:  m/44'/60'/0'/0/{account_index}

Default Gas Price
==================
2000000000

BlockGas Limit
==================
30000000

Call Gas Limit
==================
50000000

Chain
==================
Hardfork: shanghai
Id:       1337

RPC Listening on 127.0.0.1:8545
web3_clientVersion
eth_blockNumber
net_version
eth_accounts
eth_accounts
eth_blockNumber
net_version
eth_getBlockByNumber
eth_estimateGas
eth_getBlockByNumber
eth_gasPrice
eth_sendTransaction

  Transaction: 0x4524bb2e0db8894fca1e320681414246c426be09925380e928709f1fd14939cf
  Contract created: 0xb8968f5414eb48d5a7a624676f6c3854145d4a0b
  Gas usage: 1100987
  Block number: 1
  Block time: Fri May 08 2026 03:11:39 GMT+0700 (Indochina Time)

eth_getTransactionReceipt
eth_getCode
eth_getTransactionReceipt
eth_getBlockByNumber
eth_gasPrice
eth_sendTransaction

  Transaction: 0x366b84632c28bac485b7faf36885634c642c130a9d6d5ea930c4d1bcac888135
  Gas usage: 21055
  Block number: 2
  Block time: Fri May 08 2026 03:11:39 GMT+0700 (Indochina Time)

eth_getTransactionReceipt
net_version
eth_getBlockByNumber
eth_estimateGas
eth_getBlockByNumber
eth_gasPrice
eth_sendTransaction

  Transaction: 0xcdf42fc4635367943c2ca59d1ea8f990f4f9134baf9430a5cb84dfd9a8b8db66
  Gas usage: 64620
  Block number: 3
  Block time: Fri May 08 2026 03:11:39 GMT+0700 (Indochina Time)

eth_getTransactionReceipt
eth_blockNumber
eth_getBalance
eth_getTransactionByHash
debug_traceTransaction
eth_getTransactionByHash
debug_traceTransaction
eth_getTransactionByHash
debug_traceTransaction

Received shutdown signal: SIGTERM
Shutting down…
Server has been shut down
