ganache v7.9.2 (@ganache/cli: 0.10.2, @ganache/core: 0.10.2)
Starting RPC server

Available Accounts
==================
(0) 0x3aE569D7671AF5d165B5151cDAC9B1b0CaC741AA (1000 ETH)
(1) 0x0eF19D53A9050ceb194441c525B032F67951cC7d (1000 ETH)
(2) 0xC4e1478fD60496D7eC5c417D9DcAA24E139f47cD (1000 ETH)
(3) 0x71DA8BD29BC6ccf7211E96536f68feDC53d2DCc0 (1000 ETH)
(4) 0xe4b7E54E12c358819a1cC5b1e396830d49015Af3 (1000 ETH)
(5) 0xC3d70E832AFb3e3406C69d45A7EdD8D92EE4d647 (1000 ETH)
(6) 0x7cf195590831867074F9D5DdCdDe620c6F195b0f (1000 ETH)
(7) 0xF955DA20f89DC17c2AC188437b12FA1e4390bF64 (1000 ETH)
(8) 0x57E81aB76642eBc61de79465C47A12EEc5Deef34 (1000 ETH)
(9) 0x786eC19843D4565b62A397497FA23B9464FFaf9b (1000 ETH)

Private Keys
==================
(0) 0x65c4548eb2bb62da0382831eaf0506bde98fd16210c33a7325c838d8e9d9edb1
(1) 0x40a059110467bb0045ceb5a9d0c80c95ab6fa9230f72f84e69febd4db4e1fa6e
(2) 0x3cac31adfb46ca2d78e6b6d50ddb5317257136556eda716ffe3a594ec81fa6b5
(3) 0xe2701d8a9e358138a2621d44212beaffd800343f302ce61367d686b58d270519
(4) 0x5a451428b43bf9977c54f22d47f3524fdf1ad7e5e0dde9e1ad49afd27d00a67a
(5) 0x6ef9d65cc2b4e2081243384e0febd595d7dffc7764a8be247b576f842e24f466
(6) 0x9b71c6311fffba9c989c3e401052515028f00559e02e699d36f1015b75dbd6cc
(7) 0x3a44985c92ad771debcc953e4730a68725af7ea0c2df36d415afba10453445c5
(8) 0x0d2a6ef3d50cec895672cad6e0dc0e48b431ac07aacc771161a0182c12fe474f
(9) 0xf7efbb9d066e82fda437e4e257bab82cf94a67282d13de84a3f2900fa7d206f2

HD Wallet
==================
Mnemonic:      custom unhappy cup hybrid cousin valve recipe thought fly region regular hat
Base HD Path:  m/44'/60'/0'/0/{account_index}

Default Gas Price
==================
2000000000

BlockGas Limit
==================
30000000

Call Gas Limit
==================
50000000

Chain
==================
Hardfork: shanghai
Id:       1337

RPC Listening on 127.0.0.1:8545
web3_clientVersion
eth_blockNumber
net_version
eth_accounts
eth_accounts
eth_blockNumber
net_version
eth_getBlockByNumber
eth_estimateGas
eth_getBlockByNumber
eth_gasPrice
eth_sendTransaction

  Transaction: 0x70ae595cef176b7bab934287a2d8765c955acf7d269c9f69ccd2631300fc4d50
  Contract created: 0xb7b784b3a2687964c3f72facb39e990ed406348c
  Gas usage: 1123899
  Block number: 1
  Block time: Fri May 08 2026 00:09:02 GMT+0700 (Indochina Time)

eth_getTransactionReceipt
eth_getCode
eth_getTransactionReceipt
eth_getBlockByNumber
eth_gasPrice
eth_sendTransaction

  Transaction: 0x3d081a73c89cb271a349623e0c3d404565a7f4fd49f616e9ad5bc5ee8b05e13e
  Gas usage: 21055
  Block number: 2
  Block time: Fri May 08 2026 00:09:02 GMT+0700 (Indochina Time)

eth_getTransactionReceipt
net_version
eth_getBlockByNumber
eth_estimateGas
eth_getBlockByNumber
eth_gasPrice
eth_sendTransaction

  Transaction: 0x6a95ef8938270edafa8cc3a22b1ef5e774a98a6673c4dd553e3f5bc8953e3698
  Gas usage: 68747
  Block number: 3
  Block time: Fri May 08 2026 00:09:02 GMT+0700 (Indochina Time)

eth_getTransactionReceipt
eth_blockNumber
eth_getBalance
eth_getTransactionByHash
debug_traceTransaction
eth_getTransactionByHash
debug_traceTransaction
eth_getTransactionByHash
debug_traceTransaction

Received shutdown signal: SIGTERM
Shutting down…
Server has been shut down
