ganache v7.9.2 (@ganache/cli: 0.10.2, @ganache/core: 0.10.2)
Starting RPC server

Available Accounts
==================
(0) 0x4D09200fa8464Cc78824b036eCa326098ec68FD5 (1000 ETH)
(1) 0x997cCB51FcdfDb31376597E4ed1168fd45625fa7 (1000 ETH)
(2) 0x2e502B06df387A9435788090Fd3C9e8939a826ed (1000 ETH)
(3) 0xedAc8607F8BCbd2D9DC2829A7C077c8Cf3d9A44f (1000 ETH)
(4) 0x4efFcf1e578d6A606B0efaba2cDBBF02de7B93bC (1000 ETH)
(5) 0xa8a75Dd6e16F1257178472dc0D7F348418C01932 (1000 ETH)
(6) 0x7559cEBa143727e497539759763296327362Ac48 (1000 ETH)
(7) 0x7596A8444473C7Be431A9de117692a588f79b8e5 (1000 ETH)
(8) 0xec2697439347bef75E378d51FcCb63839D039CD2 (1000 ETH)
(9) 0x762Aa95A4F71FaC3eCDD35929085EbcD415707B9 (1000 ETH)

Private Keys
==================
(0) 0xd37468c2b2ab591433e1627f510f43ec30ba85998f63ae4fd812303f3a9a88fd
(1) 0xb2f3dedf63e96ddc97c25d0afb262e82cfa0fe35bed5d3fe2e68f0c5a118a849
(2) 0x7f9e48924376634ede089e833e7cec81dec504f4e5b6c186ca3c9b2c9575480f
(3) 0x643a1a492c60ff3312bf4c5de71b1cf751e6bc879c3dbc25e0ce13d4cbe1b939
(4) 0x4120bbdaa19f45250fb15d37b430ad545ccfbe6c0d58c5bde7e481bd9738b3b0
(5) 0x340f51cba2497a54d7d1c693bd711834ba2c366b4f17eecdf38442c9a5ac2ce7
(6) 0x8ab2a1fd26783025631eb33cc0ceec0275c04292d4711589d8d5702106219de9
(7) 0x9e38a0e5eec630519a5aae91359d2a9317417826dc9f65bf2433bcab1f5f8ea9
(8) 0xb6712b3ee3ca76fa42c327584ede3e776f3e95d25f8f3ad72e3b320afc1d6bc9
(9) 0x5ef2dca9f6641c3ec092687ad02ad0ebb08da2518e6696138200fd8810580130

HD Wallet
==================
Mnemonic:      better direct polar lucky oblige cross breeze find funny thank disagree they
Base HD Path:  m/44'/60'/0'/0/{account_index}

Default Gas Price
==================
2000000000

BlockGas Limit
==================
30000000

Call Gas Limit
==================
50000000

Chain
==================
Hardfork: shanghai
Id:       1337

RPC Listening on 127.0.0.1:8545
web3_clientVersion
eth_blockNumber
net_version
eth_accounts
eth_accounts
eth_blockNumber
net_version
eth_getBlockByNumber
eth_estimateGas
eth_getBlockByNumber
eth_gasPrice
eth_sendTransaction

  Transaction: 0xba2c38807b979c15899c4c5146aa4c7eac9d7bad3cd642128e712c1f73fcedac
  Contract created: 0x58797831d1b1a2fe8b955fe91c37cdb40390577e
  Gas usage: 1445925
  Block number: 1
  Block time: Fri May 08 2026 00:39:39 GMT+0700 (Indochina Time)

eth_getTransactionReceipt
eth_getCode
eth_getTransactionReceipt
eth_getBlockByNumber
eth_gasPrice
eth_sendTransaction

  Transaction: 0xd0f2da39ec0e61c20ce9b83f648965cd02835b52ae25c0f1c038e50a0eacd251
  Gas usage: 21055
  Block number: 2
  Block time: Fri May 08 2026 00:39:39 GMT+0700 (Indochina Time)

eth_getTransactionReceipt
eth_blockNumber
evm_mine
eth_blockNumber
evm_mine
eth_blockNumber
evm_mine
eth_blockNumber
evm_mine
eth_blockNumber
evm_mine
eth_blockNumber
evm_mine
eth_blockNumber
net_version
eth_getBlockByNumber
eth_estimateGas
eth_getBlockByNumber
eth_gasPrice
eth_sendTransaction

  Transaction: 0x7005e9131459e6359a7d7448e06fd64bfad6dc9549680428aab6319b103edc78
  Gas usage: 52947
  Block number: 9
  Block time: Fri May 08 2026 00:39:39 GMT+0700 (Indochina Time)

eth_getTransactionReceipt
eth_blockNumber
net_version
eth_getBlockByNumber
eth_estimateGas
eth_getBlockByNumber
eth_gasPrice
eth_sendTransaction

  Transaction: 0xf1c162af66c1c63c1ab7711ea81df7fe094f3f7a1b0dfa44f9871deea7fadac3
  Gas usage: 35859
  Block number: 10
  Block time: Fri May 08 2026 00:39:39 GMT+0700 (Indochina Time)

eth_getTransactionReceipt
net_version
eth_getBlockByNumber
eth_estimateGas
eth_getBlockByNumber
eth_gasPrice
eth_sendTransaction

  Transaction: 0x00a8d0ba68e648ca190fbb5b5e62954df783af352fa3237b2c7c40f04154124c
  Gas usage: 81176
  Block number: 11
  Block time: Fri May 08 2026 00:39:39 GMT+0700 (Indochina Time)

eth_getTransactionReceipt
eth_blockNumber
eth_getBalance
eth_getTransactionByHash
debug_traceTransaction
eth_getTransactionByHash
debug_traceTransaction
eth_getTransactionByHash
debug_traceTransaction
eth_getTransactionByHash
debug_traceTransaction
eth_getTransactionByHash
debug_traceTransaction

Received shutdown signal: SIGTERM
Shutting down…
Server has been shut down
