ganache v7.9.2 (@ganache/cli: 0.10.2, @ganache/core: 0.10.2)
Starting RPC server

Available Accounts
==================
(0) 0x3D6cfE0D3A1E6ccb1e6C880e708278d0598F2CC9 (1000 ETH)
(1) 0x72183f955b00928BeA7d58159bc21CE0d6173dfF (1000 ETH)
(2) 0xbb12baA422E4EAc968b64C561dbF0bf2Db6915e1 (1000 ETH)
(3) 0x7f589388Fe191Da9aFD8AE33ed26fD6F25cd2da4 (1000 ETH)
(4) 0x8ebE67aF84F2c4938a22eBbA5A4203e13051b523 (1000 ETH)
(5) 0xF05F675394C3eC5090862564ad82fC6651112502 (1000 ETH)
(6) 0x427C6820b700D1cf02BbD313e54222e0DBCC1eCE (1000 ETH)
(7) 0xC1C4CC8d4f51Eb4e05a4C5Cd52132672Da9415fC (1000 ETH)
(8) 0x86d11c5c2f1fD6B629B91ed475a86356B25bf1A8 (1000 ETH)
(9) 0xB0e0eb08953234A17087213E2C064Af9C22D9c9D (1000 ETH)

Private Keys
==================
(0) 0xbb8e72c44b2902776e0f96f3a546cc0599880bed435a8cfe1c9cf8fb0da5a06f
(1) 0xa6b87b6e4124f6ea83cc86c0dba9590f7b73dd7cd90d09b7575c8d3ce9d78d30
(2) 0xbcda65cf89a313fa798ec05b505b7aed00379c99ffbcbdbe755b6bad04120774
(3) 0xdde62246d2d55709cbc0950137fd69d68994afa8a838f9a3b6e39f9d78f0e831
(4) 0x6a0b3af0548e6fc2ae7265f9c1b4c779d1a9cf857568a92a5876dd7ce2bd4842
(5) 0x03b83e9bfcff8ebc619ab15e3032bb9a575e6f589fed69efff6c78813dce0895
(6) 0x8ed5919f34efb9126a7e1ff681522214f9ba976fdf6552d809e427a662f64314
(7) 0x7638634da2b640ebde08bd82855cc3ef14d3abe6b22c6de290556218db7dabcf
(8) 0x9c3c785bd64784738dcd06f755ebdb0d63c1611f139f54ed0ee138906f5ff7cd
(9) 0x3b6abe6122c2cd6493a1c515b489cfb0ed8ce681d46ddf3453107ab54370205e

HD Wallet
==================
Mnemonic:      cotton tooth velvet curious dance once beyond cupboard shop antique solution disease
Base HD Path:  m/44'/60'/0'/0/{account_index}

Default Gas Price
==================
2000000000

BlockGas Limit
==================
30000000

Call Gas Limit
==================
50000000

Chain
==================
Hardfork: shanghai
Id:       1337

RPC Listening on 127.0.0.1:8545
web3_clientVersion
eth_blockNumber
net_version
eth_accounts
eth_accounts
eth_blockNumber
net_version
eth_getBlockByNumber
eth_estimateGas
eth_getBlockByNumber
eth_gasPrice
eth_sendTransaction

  Transaction: 0x28844affb1bc604f8458da92bd2d6518608b4c486554bd5107c915654134e02a
  Contract created: 0x40469f0d3c3105d06efcb4b6dd01b0e871dce755
  Gas usage: 1123887
  Block number: 1
  Block time: Thu May 07 2026 21:04:19 GMT+0700 (Indochina Time)

eth_getTransactionReceipt
eth_getCode
eth_getTransactionReceipt
eth_getBlockByNumber
eth_gasPrice
eth_sendTransaction

  Transaction: 0x32003912dd70241230f52ff8be3cacd37c18717f5f3027408c453e8a7f530c9a
  Gas usage: 21055
  Block number: 2
  Block time: Thu May 07 2026 21:04:19 GMT+0700 (Indochina Time)

eth_getTransactionReceipt
eth_blockNumber
evm_mine
eth_blockNumber
evm_mine
eth_blockNumber
evm_mine
eth_blockNumber
evm_mine
eth_blockNumber
evm_mine
eth_blockNumber
net_version
eth_getBlockByNumber
eth_estimateGas
eth_getBlockByNumber
eth_gasPrice
eth_sendTransaction

  Transaction: 0xf53f2731a0f9622f9fc82f16d61a87cd253286dd23ec04cdfd28f20fda793ddb
  Gas usage: 59561
  Block number: 8
  Block time: Thu May 07 2026 21:04:19 GMT+0700 (Indochina Time)

eth_getTransactionReceipt
eth_blockNumber
eth_getBalance
eth_getTransactionByHash
debug_traceTransaction
eth_getTransactionByHash
debug_traceTransaction
eth_getTransactionByHash
debug_traceTransaction

Received shutdown signal: SIGTERM
Shutting down…
Server has been shut down
