ganache v7.9.2 (@ganache/cli: 0.10.2, @ganache/core: 0.10.2)
Starting RPC server

Available Accounts
==================
(0) 0x924e8Ad06DA8dd6673FEbfC82fb188C7867d57Dc (1000 ETH)
(1) 0x0D2577E9e3fB9aAA4597bf531d71a87C6D3e5E32 (1000 ETH)
(2) 0xf23266f6a1438B4c179D19BB7ac3B0722663cd94 (1000 ETH)
(3) 0x9fA4549e7Ca113B9EF1600D49Cb6f369E87c730e (1000 ETH)
(4) 0x578a1922B7827bca7c8374517cc6518Dd436A657 (1000 ETH)
(5) 0x57e28a2dc7f98b4feb9366de4Bb0ea6969528eBD (1000 ETH)
(6) 0x1cC25D2b803bd7d54025fDECFa70BF61dAFDA311 (1000 ETH)
(7) 0xcE041c087C60C8cEA5698b2Fc493D55FA0Fea1ac (1000 ETH)
(8) 0x37841EA350F4509f5eCCb7b6AF33A95d082827D4 (1000 ETH)
(9) 0x0aaFd2483406FA5cf71649332be7B7e6e3B7ACB3 (1000 ETH)

Private Keys
==================
(0) 0x91f299f9553a47cacf31548d82c1793db03779ba617cfece716146d8b9f0d0e9
(1) 0x0877e4c2362bca26bf5a9f2edafdcc5c10a35c87dea9816ba2ef28fb446c2bbd
(2) 0x62e5c127830b5a2f7b95f0b009e9ff2f9eb86f1d792033a52b09dcefcbf79b99
(3) 0xe69b40f20dc00d8ba715514482120ac0d25b4f27d436744ccdc4aa5a32c29444
(4) 0x755e7c8ccf8ea80f4af4fe52f7be9bd9a1800b83e8b79fb88995ed3eb3faf304
(5) 0x7bf81012df5552879bfb28735db71753eea7e0d82823f4f87ebd51e14f929975
(6) 0x7dbac40515e7d1f2d881916454bca5a143aece6c633787317d3104bcd32b1a83
(7) 0x1b602f4141bb7011d0b0856156dd6d1a33588c8c41a5d193f8076078746d8f46
(8) 0xd16e5b5ad2288ee5d4a96108827ebd7d2fc36d46a0d4633f39c5667caadd3d16
(9) 0x1847b175ac2b5a33359a2c9b3daa6998c94884ee20ec03d4ee8eb53a2ad4105d

HD Wallet
==================
Mnemonic:      cotton ribbon girl weekend olive welcome surprise method very march champion skirt
Base HD Path:  m/44'/60'/0'/0/{account_index}

Default Gas Price
==================
2000000000

BlockGas Limit
==================
30000000

Call Gas Limit
==================
50000000

Chain
==================
Hardfork: shanghai
Id:       1337

RPC Listening on 127.0.0.1:8545
web3_clientVersion
eth_blockNumber
net_version
eth_accounts
eth_accounts
eth_blockNumber
net_version
eth_getBlockByNumber
eth_estimateGas
eth_getBlockByNumber
eth_gasPrice
eth_sendTransaction

  Transaction: 0xae60f911bd14d83d97a412e669f081805c5f71ba6bde812d1c98b71866bef256
  Contract created: 0xa11314007a1890490784b2e7b36dbd94854fd9b3
  Gas usage: 1123899
  Block number: 1
  Block time: Thu May 07 2026 21:55:12 GMT+0700 (Indochina Time)

eth_getTransactionReceipt
eth_getCode
eth_getTransactionReceipt
eth_getBlockByNumber
eth_gasPrice
eth_sendTransaction

  Transaction: 0x453c9b19d3f5ab979b2618e9fa5510fd696bc3399880cdf03b188fc0978be1fc
  Gas usage: 21055
  Block number: 2
  Block time: Thu May 07 2026 21:55:12 GMT+0700 (Indochina Time)

eth_getTransactionReceipt
net_version
eth_getBlockByNumber
eth_estimateGas
eth_getBlockByNumber
eth_gasPrice
eth_sendTransaction

  Transaction: 0x224eca58f9440a79acb78add0773b4754f8cc019d6339992fcb7e5fca03ae918
  Gas usage: 68735
  Block number: 3
  Block time: Thu May 07 2026 21:55:12 GMT+0700 (Indochina Time)

eth_getTransactionReceipt
eth_blockNumber
eth_getBalance
eth_getTransactionByHash
debug_traceTransaction
eth_getTransactionByHash
debug_traceTransaction
eth_getTransactionByHash
debug_traceTransaction

Received shutdown signal: SIGTERM
Shutting down…
Server has been shut down
