ganache v7.9.2 (@ganache/cli: 0.10.2, @ganache/core: 0.10.2)
Starting RPC server

Available Accounts
==================
(0) 0x37f6484B04EBFbF697CF120C5899119D66951f43 (1000 ETH)
(1) 0x138fe22B65F8F2B8061E58bc0f4dF0Df7D93D4ac (1000 ETH)
(2) 0xFC7c19c898f04e4e8F18fc368fB948d7a3565a44 (1000 ETH)
(3) 0xFd684cB5D0D883F404A7D6ddA89F7C36AbdcFCFa (1000 ETH)
(4) 0x5aeaAEcd5Ea95De7d233993B16BA9a7f7B28BbF7 (1000 ETH)
(5) 0x5f737913aC45Ce31dc6CFFF1Cff8f2aBd3fF7399 (1000 ETH)
(6) 0xd30E1620FDa68Ae4C23d6113E58A562e26aA0515 (1000 ETH)
(7) 0x16E0370038FEF701a4426d0fE2aD76C2fb9F57EB (1000 ETH)
(8) 0xCB2eFa05Cf542De3eD17E1739a23DFaBb4E877E3 (1000 ETH)
(9) 0x0Bc51ed944C3dd08391f8BD90ECd49af2B55bDd7 (1000 ETH)

Private Keys
==================
(0) 0x8a9ad756dddc1c7cf1d777097619616ef690ac2a935033e12414f20bd6c8a2b6
(1) 0x45a65b4fdfdc0dea888c4873c3e813b51e4aa73d65efe5660da0fdae653e661f
(2) 0x1afa256e443aeb94df09316d6807bde12ef523f78686f587dee152ab8ec2b3af
(3) 0x666df79e5bcfd20415bbcf1ed57e56254f1f6beab5ee6de24877f94bbe48100b
(4) 0x0a0b81eafa8efb09d36ee9bfa506dd21e045141122f56ffbcd40affc1da049d4
(5) 0xc510d96f9aa9963393609d7a054c58df7dc8c48b1d0c0d0b76877725bd74e56f
(6) 0x834d87813fe413c51d1b5bd6d58ae0eb3b16e5ab1788e56877fcf04f2fadd023
(7) 0x57fb936c64c378406fe908d07e7c4033c8be5685884032b68a92eaacf3f4af40
(8) 0x35e81cdbd1efdf1ba40896fec141ad42148061eb55a9d3da3cbcd65e4dd1ccf4
(9) 0x5a29cc118396b64e698cff77ec1fba6ae011aedb69227b4dfc345138f35b9c88

HD Wallet
==================
Mnemonic:      real earn slab coil boss puppy radar awful return tray recall guard
Base HD Path:  m/44'/60'/0'/0/{account_index}

Default Gas Price
==================
2000000000

BlockGas Limit
==================
30000000

Call Gas Limit
==================
50000000

Chain
==================
Hardfork: shanghai
Id:       1337

RPC Listening on 127.0.0.1:8545
web3_clientVersion
eth_blockNumber
net_version
eth_accounts
eth_accounts
eth_blockNumber
net_version
eth_getBlockByNumber
eth_estimateGas
eth_getBlockByNumber
eth_gasPrice
eth_sendTransaction

  Transaction: 0xbd009ebd31e505544f7f2f364e405bf55df0b576a8b798416971513b64432e96
  Contract created: 0x84c61eea4ec1dfa548ff02405df7f0ca908b4a6d
  Gas usage: 1653515
  Block number: 1
  Block time: Thu May 07 2026 21:04:51 GMT+0700 (Indochina Time)

eth_getTransactionReceipt
eth_getCode
eth_getTransactionReceipt
eth_getBlockByNumber
eth_gasPrice
eth_sendTransaction

  Transaction: 0x51932765a9a7cfddf4634acdde32b4c722c82e751b8e74263b75a3b8bf4dac59
  Gas usage: 21055
  Block number: 2
  Block time: Thu May 07 2026 21:04:51 GMT+0700 (Indochina Time)

eth_getTransactionReceipt
eth_blockNumber
evm_mine
eth_blockNumber
evm_mine
eth_blockNumber
evm_mine
eth_blockNumber
evm_mine
eth_blockNumber
evm_mine
eth_blockNumber
evm_mine
eth_blockNumber
evm_mine
eth_blockNumber
net_version
eth_getBlockByNumber
eth_estimateGas
eth_getBlockByNumber
eth_gasPrice
eth_sendTransaction

  Transaction: 0xd74760061985b9a82995f1193462f074a7862016d992f4e95c98eb3fe46e91a5
  Gas usage: 52925
  Block number: 10
  Block time: Thu May 07 2026 21:04:51 GMT+0700 (Indochina Time)

eth_getTransactionReceipt
eth_blockNumber
net_version
eth_getBlockByNumber
eth_estimateGas
eth_getBlockByNumber
eth_gasPrice
eth_sendTransaction

  Transaction: 0xae1ed1e45e1346dfeb3b9cba95bc02c4e1338cb86e2065b89b5468b9b47246c4
  Gas usage: 59539
  Block number: 11
  Block time: Thu May 07 2026 21:04:51 GMT+0700 (Indochina Time)

eth_getTransactionReceipt
eth_blockNumber
eth_getBalance
eth_getTransactionByHash
debug_traceTransaction
eth_getTransactionByHash
debug_traceTransaction
eth_getTransactionByHash
debug_traceTransaction
eth_getTransactionByHash
debug_traceTransaction

Received shutdown signal: SIGTERM
Shutting down…
Server has been shut down
