Using network 'development'.

{
  "ok": true,
  "graph_id": "",
  "pair": "B->F|evm|fund:bf",
  "pairKey": "B->F|evm|fund:bf",
  "contract": "CTLCOnly",
  "scenario": "refund",
  "deployGas": "0x117faf",
  "gasUsed": "59561",
  "disableGasUsed": "0",
  "claimGasUsed": "",
  "refundGasUsed": "59561",
  "contractAddress": "0x61c7207A5854991A85411bB135e263b4E8Bf46dD",
  "startBlock": "0",
  "endBlock": "9",
  "finalContractBalanceWei": "0",
  "deployer": "0x0F02d27F4E2bDe6797EfED0bf950a48eA75996d2",
  "party": "0x6e829e058eA871be56608E07d989728784b087F3",
  "counterparty": "0x1BA51cfF068332e61F0059B8Ce20165a72Fd4E0b",
  "fundingWei": "1000000000000000000",
  "timelocks": [
    8
  ],
  "transactions": [
    {
      "role": "deploy",
      "txHash": "0x87132701455ce4b73d7453af65ccb3e8694cf66a3e110677546a2d8039c03b51"
    },
    {
      "role": "fund",
      "txHash": "0xed8b6b47a9a20301f2cf0f00b908b9a8fbf402e6d6e61af1fc7c857878c9b9eb"
    },
    {
      "role": "refund",
      "txHash": "0x97f889bae9a3f0c7d8b373c1d314eb7f8e8dd3e51e8d555959b36ac68695c8ea",
      "level": 0
    }
  ],
  "txRoles": [
    {
      "role": "deploy",
      "txHash": "0x87132701455ce4b73d7453af65ccb3e8694cf66a3e110677546a2d8039c03b51"
    },
    {
      "role": "fund",
      "txHash": "0xed8b6b47a9a20301f2cf0f00b908b9a8fbf402e6d6e61af1fc7c857878c9b9eb"
    },
    {
      "role": "refund",
      "txHash": "0x97f889bae9a3f0c7d8b373c1d314eb7f8e8dd3e51e8d555959b36ac68695c8ea",
      "level": 0
    }
  ],
  "deployTxHash": "0x87132701455ce4b73d7453af65ccb3e8694cf66a3e110677546a2d8039c03b51",
  "fundTxHash": "0xed8b6b47a9a20301f2cf0f00b908b9a8fbf402e6d6e61af1fc7c857878c9b9eb",
  "refundTxHash": "0x97f889bae9a3f0c7d8b373c1d314eb7f8e8dd3e51e8d555959b36ac68695c8ea",
  "refundTx": "0x97f889bae9a3f0c7d8b373c1d314eb7f8e8dd3e51e8d555959b36ac68695c8ea"
}
