ganache v7.9.2 (@ganache/cli: 0.10.2, @ganache/core: 0.10.2)
Starting RPC server

Available Accounts
==================
(0) 0x8A615391F73Af7ea9116FF5C40A5c33AcAa82d19 (1000 ETH)
(1) 0xC818375b3D8C2526E0eD9151c74a1208f2B86263 (1000 ETH)
(2) 0xC28Cd321B05Fd071F0A7c7986A3d2d3bCb8a049f (1000 ETH)
(3) 0xD710Dd9E782ee827dd09d55067df9B1Daf3C7cea (1000 ETH)
(4) 0xBeC8D78828da4F5194C228CdD674170a5dD8b894 (1000 ETH)
(5) 0x9f23b1B0401D82d8280713F04573e85de3D2e868 (1000 ETH)
(6) 0xDA7360c39d5A95FC8E38465acFC570fbdcE694AB (1000 ETH)
(7) 0xA3eAfaFFb95552a6b6EdA251229A079D9F4b06D8 (1000 ETH)
(8) 0xbbE3b2798189e00FDD8E04188d41ffA2933002fB (1000 ETH)
(9) 0x5A0dF153FCD608EdF558fE61e4f91bb857A4AB09 (1000 ETH)

Private Keys
==================
(0) 0x0c4d773cff37a845a759cc4036d71b53d6b0e6135fbb21cce3dc552dd5f1c159
(1) 0x0048e6ed4c6e81ce217ae3a24745af6cbca722a0beaf352a6cdfb1dc154af553
(2) 0xe34b39c5de9f92a18a8a19a6062d3579170974fc96cc17d53fe9c6b082cb33f3
(3) 0x56e14fb4ca7066dd6dc64523c5cdcf78484de2aa127e66fb418749dd13dc1c40
(4) 0x174be73612d5055106b52ac2940cfc755476fb4a15d614f2fe5b99cf16ce0066
(5) 0xec0c832e5117b9f8a6571cdeb9b06c591186ad0d1bfb17e207d1b6b7c1013d43
(6) 0x2f75ddee30990ac22e23d5fe5522f3b9cb14dd190ffcb382849383b8bb157590
(7) 0xe988c88ed06794ab0daabec4e908013f895e4fba1c2766c4c7c310287f43b4c4
(8) 0x39911755835ffac89d5cc5e9574bb4d9b598e1ba679c613a94f42a0e31e4c0a1
(9) 0x3ddafa0af825be42e6236a6983f99fd601a152d28922d3aa25d2f0bab26a85ae

HD Wallet
==================
Mnemonic:      cradle negative swift charge island strong banner neither nest embrace spatial property
Base HD Path:  m/44'/60'/0'/0/{account_index}

Default Gas Price
==================
2000000000

BlockGas Limit
==================
30000000

Call Gas Limit
==================
50000000

Chain
==================
Hardfork: shanghai
Id:       1337

RPC Listening on 127.0.0.1:8545
web3_clientVersion
eth_blockNumber
net_version
eth_accounts
eth_accounts
eth_blockNumber
net_version
eth_getBlockByNumber
eth_estimateGas
eth_getBlockByNumber
eth_gasPrice
eth_sendTransaction

  Transaction: 0xdab112ed10137771cf8acced5863c1bd95b06220d5be31b953f8a0af5034fc6b
  Contract created: 0x9631039fcd9091fba6e859d98e0193e097b4162b
  Gas usage: 1100987
  Block number: 1
  Block time: Thu May 07 2026 22:24:41 GMT+0700 (Indochina Time)

eth_getTransactionReceipt
eth_getCode
eth_getTransactionReceipt
eth_getBlockByNumber
eth_gasPrice
eth_sendTransaction

  Transaction: 0x03cb6ceb89591d0084e20abcfa165453f83bda60dc2245d1fed04a1db818be64
  Gas usage: 21055
  Block number: 2
  Block time: Thu May 07 2026 22:24:41 GMT+0700 (Indochina Time)

eth_getTransactionReceipt
net_version
eth_getBlockByNumber
eth_estimateGas
eth_getBlockByNumber
eth_gasPrice
eth_sendTransaction

  Transaction: 0x9cfed0bcf3e50e62cbc25e70213f36a473e70937e08a8c1831aa05dec7a8d226
  Gas usage: 64620
  Block number: 3
  Block time: Thu May 07 2026 22:24:41 GMT+0700 (Indochina Time)

eth_getTransactionReceipt
eth_blockNumber
eth_getBalance
eth_getTransactionByHash
debug_traceTransaction
eth_getTransactionByHash
debug_traceTransaction
eth_getTransactionByHash
debug_traceTransaction

Received shutdown signal: SIGTERM
Shutting down…
Server has been shut down
