ganache v7.9.2 (@ganache/cli: 0.10.2, @ganache/core: 0.10.2)
Starting RPC server

Available Accounts
==================
(0) 0x83F4913Aa2D5438b6dbB30Fc7ed612e768F172D0 (1000 ETH)
(1) 0xA941514eE612fEeCf387911F778aD24E0A4D2E7f (1000 ETH)
(2) 0xCAe9F7cf37ec457B779Bab9e1d09D5bc25330b0C (1000 ETH)
(3) 0x5a4403Fe7349FD778f519DC2329008c03D130F83 (1000 ETH)
(4) 0x2675c1059da91B9D0b50D252C8747840EF70B771 (1000 ETH)
(5) 0xAA53fF38F987B5d1001D36B547804Df0D0c8aAFE (1000 ETH)
(6) 0x34834F5d686255ad2512A0F7017BdD8f764a54Cc (1000 ETH)
(7) 0x6A9555BA576b49cb6E80EF537917F267D4D73328 (1000 ETH)
(8) 0x527aF154cb4E12e677f932E2fd54Aa4d16963feD (1000 ETH)
(9) 0x7c2f96E265d18E2E8DAf34f4440A0D54DD00E1c3 (1000 ETH)

Private Keys
==================
(0) 0x2cf7331d96107508a30b46b72491d85b80177436d4f152a2fbc9da917ff3a377
(1) 0x7ce0544a94b8ba5b4f557fae79de0ebbf5c86441e4974f355f3e68cab2a26edd
(2) 0x3a3ebe9b63e9c6d66cc153852bc1f71b37c73b760952163c146df99e64990642
(3) 0x7a23f382ed70422ec8ffea80b8d13452f42dbd962adae35a484bfb2988c485a1
(4) 0x434b4369d74c090d85135ba1d4c3082eef18be03b5d117b0f3a45d4e2595bbc6
(5) 0xb75013d02508adef9849c1b670422ce29f67e2ac04a27ab579f94c5216354b61
(6) 0xecf8e6da727a8e5239e69253842a87613276e85ee1d7c99fe6d782d4286d27ba
(7) 0x63ffc701cb92235b5ecf15f2603b57a0063ec4b5f2cfd163d322c38a216a2dfe
(8) 0x93da4c6b4eea398a09ccb9a901b4677df8807b0c621735210be3b4e48c22476f
(9) 0xc72649a412a7f5b2fc6d5a143bed5efa373d58fc129cb42fc15328cb197b02bb

HD Wallet
==================
Mnemonic:      pulp admit stool device retire drill arena enrich various write pattern pulse
Base HD Path:  m/44'/60'/0'/0/{account_index}

Default Gas Price
==================
2000000000

BlockGas Limit
==================
30000000

Call Gas Limit
==================
50000000

Chain
==================
Hardfork: shanghai
Id:       1337

RPC Listening on 127.0.0.1:8545
web3_clientVersion
eth_blockNumber
net_version
eth_accounts
eth_accounts
eth_blockNumber
net_version
eth_getBlockByNumber
eth_estimateGas
eth_getBlockByNumber
eth_gasPrice
eth_sendTransaction

  Transaction: 0x6154cd682b926c01c1d74e40723c1922723b139f8c8128ea321616da66d8ef0b
  Contract created: 0xb3ae7ec1c6372b470d35c7f4a9c0a9768e53ea4f
  Gas usage: 1123899
  Block number: 1
  Block time: Fri May 08 2026 00:19:08 GMT+0700 (Indochina Time)

eth_getTransactionReceipt
eth_getCode
eth_getTransactionReceipt
eth_getBlockByNumber
eth_gasPrice
eth_sendTransaction

  Transaction: 0x08bcea5d72143b42bd6bab83282fd8ef6c852f168feb41576adaa3d58c07906e
  Gas usage: 21055
  Block number: 2
  Block time: Fri May 08 2026 00:19:08 GMT+0700 (Indochina Time)

eth_getTransactionReceipt
eth_blockNumber
evm_mine
eth_blockNumber
evm_mine
eth_blockNumber
evm_mine
eth_blockNumber
evm_mine
eth_blockNumber
evm_mine
eth_blockNumber
net_version
eth_getBlockByNumber
eth_estimateGas
eth_getBlockByNumber
eth_gasPrice
eth_sendTransaction

  Transaction: 0x5ebc2706dfb514b4a7b76f7aa06fab6ab863889ce76c18245bd4099ccf91bd61
  Gas usage: 59561
  Block number: 8
  Block time: Fri May 08 2026 00:19:08 GMT+0700 (Indochina Time)

eth_getTransactionReceipt
eth_blockNumber
eth_getBalance
eth_getTransactionByHash
debug_traceTransaction
eth_getTransactionByHash
debug_traceTransaction
eth_getTransactionByHash
debug_traceTransaction

Received shutdown signal: SIGTERM
Shutting down…
Server has been shut down
