Using network 'development'.

{
  "ok": true,
  "graph_id": "",
  "pair": "F->G|evm|fund:fg",
  "pairKey": "F->G|evm|fund:fg",
  "contract": "CTLCOnly",
  "scenario": "refund",
  "deployGas": "0x11263b",
  "gasUsed": "59561",
  "disableGasUsed": "0",
  "claimGasUsed": "",
  "refundGasUsed": "59561",
  "contractAddress": "0x8b5B24251a685B4f2f7770b74DDe2dA956DB5e73",
  "startBlock": "0",
  "endBlock": "8",
  "finalContractBalanceWei": "0",
  "deployer": "0xeF2EC9cF5d9C374828F44aD3d6196b74814b74F5",
  "party": "0xE9ccbC8B5e94A30871A2C38F191C7c718F92A998",
  "counterparty": "0xC7C7B07539B73abc405CC95585C6e5CB5B4e715F",
  "fundingWei": "1000000000000000000",
  "timelocks": [
    7
  ],
  "transactions": [
    {
      "role": "deploy",
      "txHash": "0x586098f32e67d86c75439e5735661d746567d72ade76c19edf622c2bb4c21754"
    },
    {
      "role": "fund",
      "txHash": "0xa4709db29d43d85b7d386787be39e2be8d8a8240fb71315f4aa0c2c2f769bc9d"
    },
    {
      "role": "refund",
      "txHash": "0x658a9a9513bdf46ab6d8b376703bd15205ebee841af691acc0a87136b31b6021",
      "level": 0
    }
  ],
  "txRoles": [
    {
      "role": "deploy",
      "txHash": "0x586098f32e67d86c75439e5735661d746567d72ade76c19edf622c2bb4c21754"
    },
    {
      "role": "fund",
      "txHash": "0xa4709db29d43d85b7d386787be39e2be8d8a8240fb71315f4aa0c2c2f769bc9d"
    },
    {
      "role": "refund",
      "txHash": "0x658a9a9513bdf46ab6d8b376703bd15205ebee841af691acc0a87136b31b6021",
      "level": 0
    }
  ],
  "deployTxHash": "0x586098f32e67d86c75439e5735661d746567d72ade76c19edf622c2bb4c21754",
  "fundTxHash": "0xa4709db29d43d85b7d386787be39e2be8d8a8240fb71315f4aa0c2c2f769bc9d",
  "refundTxHash": "0x658a9a9513bdf46ab6d8b376703bd15205ebee841af691acc0a87136b31b6021",
  "refundTx": "0x658a9a9513bdf46ab6d8b376703bd15205ebee841af691acc0a87136b31b6021"
}
