ganache v7.9.2 (@ganache/cli: 0.10.2, @ganache/core: 0.10.2)
Starting RPC server

Available Accounts
==================
(0) 0xD371D7a72E8361d9F5F12Db06E8bEc101b373cB5 (1000 ETH)
(1) 0x484fC1CD8a1470835763095dD061373D8B86e59c (1000 ETH)
(2) 0xb009fB3Bc6Fa3a9BCccA16C86151cfaa3Fb2fad1 (1000 ETH)
(3) 0xd672B900bc7f09D638CF0858370e7691bf4B8a5F (1000 ETH)
(4) 0xB28Ec1B4BcDef23c101b66CEDaC346798f7F3C5F (1000 ETH)
(5) 0x95a04bb542C0d588688f7ACf10C87bBee7Ed24E5 (1000 ETH)
(6) 0x0ff93F9cfb767BFe3619C4AAeE279E6Ca4555f93 (1000 ETH)
(7) 0x930597ee64d7ACBc067F8C945e8C5B3a6f5aefB8 (1000 ETH)
(8) 0xf9357e83Ea95D48CeDE9640bc114E1c97AC32dF8 (1000 ETH)
(9) 0x8c3bAa92f0AB1073dB262C50E1D575cBEeeC129C (1000 ETH)

Private Keys
==================
(0) 0xaecf13868d5d6dec3abe0b6005b446a878cec1f5d22fb50c554979d1bd96920f
(1) 0x7a983a04d262b36a8db8f6f586fbd12d295c528ea4aa622e890af343957dc5fd
(2) 0x6e631a8df25036f5f97745ba6e899e27eb499dce89c1b33a15416bd693afab76
(3) 0xe96b8bbbf7b88eab1fc47682bc0706a99a53307bd268cdcb2417d40e441490b8
(4) 0x62c8dc5c5d29f9bb6b731475e3c483acc018d62c620227ce932d20711a650490
(5) 0x2d61ef972cbc0e265f80dd148bf6a1238b9d8c18c611a9a673aed2d4799af752
(6) 0x8b514738549eb3523c358007dff486fc8b88d1b4800ef8b7f536846fa79194f7
(7) 0x07645f49dd29f307aea6b5c66af7ae59e4e40d852529e6565452121c83001bb3
(8) 0xb905c194eef3f617bfc5417a0937dd25dabc0ab373f62ad578c2c4db61bf7320
(9) 0x47b4724b97d3df01eb306834cacbd4f2e739253cd17e59b386fd3238f8b36681

HD Wallet
==================
Mnemonic:      multiply rude ginger just private parade average whisper fever predict credit produce
Base HD Path:  m/44'/60'/0'/0/{account_index}

Default Gas Price
==================
2000000000

BlockGas Limit
==================
30000000

Call Gas Limit
==================
50000000

Chain
==================
Hardfork: shanghai
Id:       1337

RPC Listening on 127.0.0.1:8545
web3_clientVersion
eth_blockNumber
net_version
eth_accounts
eth_accounts
eth_blockNumber
net_version
eth_getBlockByNumber
eth_estimateGas
eth_getBlockByNumber
eth_gasPrice
eth_sendTransaction

  Transaction: 0xa1ccc2ff9d9c6c2df5db5f23dd3f7b20000491796098b66eb1b1a913b2c053a7
  Contract created: 0xa77b70d52151579eb578a393764296509288e4d5
  Gas usage: 1285262
  Block number: 1
  Block time: Fri May 08 2026 01:40:43 GMT+0700 (Indochina Time)

eth_getTransactionReceipt
eth_getCode
eth_getTransactionReceipt
eth_getBlockByNumber
eth_gasPrice
eth_sendTransaction

  Transaction: 0x374d0879c7dc145d786727cf7e1f550abc4110521a66021853d4b27eff328a34
  Gas usage: 21055
  Block number: 2
  Block time: Fri May 08 2026 01:40:43 GMT+0700 (Indochina Time)

eth_getTransactionReceipt
net_version
eth_getBlockByNumber
eth_estimateGas
eth_getBlockByNumber
eth_gasPrice
eth_sendTransaction

  Transaction: 0xc6f8439b58d2f8826b257e8c56aeba8ed0bd44d0ac4c8f46f8df49e01fa7326f
  Gas usage: 75948
  Block number: 3
  Block time: Fri May 08 2026 01:40:43 GMT+0700 (Indochina Time)

eth_getTransactionReceipt
eth_blockNumber
eth_getBalance
eth_getTransactionByHash
debug_traceTransaction
eth_getTransactionByHash
debug_traceTransaction
eth_getTransactionByHash
debug_traceTransaction

Received shutdown signal: SIGTERM
Shutting down…
Server has been shut down
