Using network 'development'.

{
  "ok": true,
  "graph_id": "",
  "pair": "B->A|evm|fund:ba",
  "pairKey": "B->A|evm|fund:ba",
  "contract": "CTLCOnly",
  "scenario": "worst_claim",
  "deployGas": "0x10ccaf",
  "gasUsed": "64620",
  "disableGasUsed": "0",
  "claimGasUsed": "64620",
  "refundGasUsed": "",
  "contractAddress": "0x28b09E86a56278354767cBDe9db5681e4177BD83",
  "startBlock": "0",
  "endBlock": "3",
  "finalContractBalanceWei": "0",
  "deployer": "0x965A789f6B14495093074fF28e71170EF68A8419",
  "party": "0x80F4378E49891507c15346A7F09c1B6929129C70",
  "counterparty": "0x92080a096100d0a2980a76BC4Bc181B036f84055",
  "fundingWei": "1000000000000000000",
  "timelocks": [
    6
  ],
  "transactions": [
    {
      "role": "deploy",
      "txHash": "0x342ab79af8e874dc9659ab83ed5878ed84c1580ffec3fa4a6235eddb32600567"
    },
    {
      "role": "fund",
      "txHash": "0x6acd2d92cc2ee81a1880ce5c5e412e69869cc5854f80ea727d6095ea0e101595"
    },
    {
      "role": "claim",
      "txHash": "0xb6929e06c31cbedcc3dd89ba8e50871013119ac620dfeaf266a1491275489d10",
      "level": 0,
      "option": 0
    }
  ],
  "txRoles": [
    {
      "role": "deploy",
      "txHash": "0x342ab79af8e874dc9659ab83ed5878ed84c1580ffec3fa4a6235eddb32600567"
    },
    {
      "role": "fund",
      "txHash": "0x6acd2d92cc2ee81a1880ce5c5e412e69869cc5854f80ea727d6095ea0e101595"
    },
    {
      "role": "claim",
      "txHash": "0xb6929e06c31cbedcc3dd89ba8e50871013119ac620dfeaf266a1491275489d10",
      "level": 0,
      "option": 0
    }
  ],
  "deployTxHash": "0x342ab79af8e874dc9659ab83ed5878ed84c1580ffec3fa4a6235eddb32600567",
  "fundTxHash": "0x6acd2d92cc2ee81a1880ce5c5e412e69869cc5854f80ea727d6095ea0e101595",
  "claimTxHash": "0xb6929e06c31cbedcc3dd89ba8e50871013119ac620dfeaf266a1491275489d10",
  "txHash": "0xb6929e06c31cbedcc3dd89ba8e50871013119ac620dfeaf266a1491275489d10",
  "tx": "0xb6929e06c31cbedcc3dd89ba8e50871013119ac620dfeaf266a1491275489d10"
}
