Using network 'development'.

{
  "ok": true,
  "graph_id": "",
  "pair": "D->E|evm|fund:de",
  "pairKey": "D->E|evm|fund:de",
  "contract": "CTLCOnly",
  "scenario": "best_claim",
  "deployGas": "0x117fbb",
  "gasUsed": "72874",
  "disableGasUsed": "",
  "claimGasUsed": "72874",
  "refundGasUsed": "",
  "contractAddress": "0x6585A0955D27A2362d066f60bD64793A541F295D",
  "startBlock": "0",
  "endBlock": "3",
  "finalContractBalanceWei": "0",
  "deployer": "0x90336eB2586a798C678cf5691E7f1CFD200a43c0",
  "party": "0xB08820453A410dE8CB6FD1E4Eb5845218803dA2F",
  "counterparty": "0x1cfdfaf7A277AEfDCae20D7a76bCD51afDC23C92",
  "fundingWei": "1000000000000000000",
  "timelocks": [
    8
  ],
  "transactions": [
    {
      "role": "deploy",
      "txHash": "0xd9f2ec83d393decb8fa70dc7d7b77ec630361b04cafd8858be1c1888516ac043"
    },
    {
      "role": "fund",
      "txHash": "0xdc211adf5214adc1455f8cd04fcfad61e74a5ef2c80ad99838a434a5368e65ae"
    },
    {
      "role": "claim",
      "txHash": "0xe420af9d66e605d7e8d8fe27c9a96c8a5d58e2d4e5efb96d38a27a7a5abfef3a",
      "level": 0,
      "option": 0
    }
  ],
  "txRoles": [
    {
      "role": "deploy",
      "txHash": "0xd9f2ec83d393decb8fa70dc7d7b77ec630361b04cafd8858be1c1888516ac043"
    },
    {
      "role": "fund",
      "txHash": "0xdc211adf5214adc1455f8cd04fcfad61e74a5ef2c80ad99838a434a5368e65ae"
    },
    {
      "role": "claim",
      "txHash": "0xe420af9d66e605d7e8d8fe27c9a96c8a5d58e2d4e5efb96d38a27a7a5abfef3a",
      "level": 0,
      "option": 0
    }
  ],
  "deployTxHash": "0xd9f2ec83d393decb8fa70dc7d7b77ec630361b04cafd8858be1c1888516ac043",
  "fundTxHash": "0xdc211adf5214adc1455f8cd04fcfad61e74a5ef2c80ad99838a434a5368e65ae",
  "claimTxHash": "0xe420af9d66e605d7e8d8fe27c9a96c8a5d58e2d4e5efb96d38a27a7a5abfef3a",
  "txHash": "0xe420af9d66e605d7e8d8fe27c9a96c8a5d58e2d4e5efb96d38a27a7a5abfef3a",
  "tx": "0xe420af9d66e605d7e8d8fe27c9a96c8a5d58e2d4e5efb96d38a27a7a5abfef3a"
}
