ganache v7.9.2 (@ganache/cli: 0.10.2, @ganache/core: 0.10.2)
Starting RPC server

Available Accounts
==================
(0) 0xf47f8AbF5c74fb242399b47A84b276d62C45ed95 (1000 ETH)
(1) 0x968a13Ff09C0d61f90B4B77d72Da639C3a8D5439 (1000 ETH)
(2) 0xB1a40c083c6a20502625Cb7e91706Af60CeA98Ec (1000 ETH)
(3) 0xD6f546D342112b9A9185ad9d78f8a9B0A56A6170 (1000 ETH)
(4) 0x4a99354947D4D9ff9d960235dCa383D13da3cDC1 (1000 ETH)
(5) 0xbdB1344B8d5fbfb31E7d5555bf712F044E137B29 (1000 ETH)
(6) 0xC248527c96bC4D07A69a34Fe256097c5fc1CC803 (1000 ETH)
(7) 0x127f99c857c09Ef25618b32aa28fa8533ed79C91 (1000 ETH)
(8) 0xc2Bd2636AFF8AbABC93EfD98D1773407AAA9C734 (1000 ETH)
(9) 0xc938637d04a16C70cCEa3CcD620C4c9B6321bb3F (1000 ETH)

Private Keys
==================
(0) 0x27fc54892eb7fe54de081124aa0e1a300a8edeb757fb85b1dd1a11113fc6106f
(1) 0x0d8032afc524a13b1dc2c36a74c6b8b46d08735d5efeb5c25c7909c276b47e19
(2) 0x5c840c702e7d346d3734d7738c1af98a40ba74c83366a41052be561f8187c7e7
(3) 0xf5e658537e3191f493b6641b2d17e5b5bf327e25e8a25554419f1502e6fd4f34
(4) 0xc6d070a9dbbfbf5b36f49b9383624fac219625dfea05b492c866db0bc87caf34
(5) 0xfa3bd085de27328e655f2d9ac7740a2b06ed92abd47d7f8561703698545bb1a1
(6) 0xe80ec7097dd572cb3813d8f08218ed2549ee544de73ca4ce979e10ede8bbd8dc
(7) 0xf11280494bd757eac32d1830c39eb58c76f27b20cc4ad1ea065b33322032d419
(8) 0x1be211379d4a116968b0d2d9de6482b0d5fc8a54a4a408b0a0ad204598ecdcb8
(9) 0xa31b2eb9a5f99ad516e5164f7c102712f439940f3958c2e3c8523bf7414cdeab

HD Wallet
==================
Mnemonic:      robust twelve usage antique leave alley reward federal twist coast title perfect
Base HD Path:  m/44'/60'/0'/0/{account_index}

Default Gas Price
==================
2000000000

BlockGas Limit
==================
30000000

Call Gas Limit
==================
50000000

Chain
==================
Hardfork: shanghai
Id:       1337

RPC Listening on 127.0.0.1:8545
web3_clientVersion
eth_blockNumber
net_version
eth_accounts
eth_accounts
eth_blockNumber
net_version
eth_getBlockByNumber
eth_estimateGas
eth_getBlockByNumber
eth_gasPrice
eth_sendTransaction

  Transaction: 0xc83ebb01efbe8d5e78f947e308f8366b86066e91bc01504cdaef1eaa3dbec16d
  Contract created: 0x10c76f50f8e6b67532f2dcd27b54c6131114008f
  Gas usage: 1446800
  Block number: 1
  Block time: Fri May 08 2026 03:08:40 GMT+0700 (Indochina Time)

eth_getTransactionReceipt
eth_getCode
eth_getTransactionReceipt
eth_getBlockByNumber
eth_gasPrice
eth_sendTransaction

  Transaction: 0xd40ea2ad5817edaf048e7ec724407273ff8f8640958ccf50d745381f86f5bded
  Gas usage: 21055
  Block number: 2
  Block time: Fri May 08 2026 03:08:40 GMT+0700 (Indochina Time)

eth_getTransactionReceipt
eth_blockNumber
evm_mine
eth_blockNumber
evm_mine
eth_blockNumber
evm_mine
eth_blockNumber
evm_mine
eth_blockNumber
evm_mine
eth_blockNumber
evm_mine
eth_blockNumber
net_version
eth_getBlockByNumber
eth_estimateGas
eth_getBlockByNumber
eth_gasPrice
eth_sendTransaction

  Transaction: 0x01c521fca74d0e207f041eede4394a58915fb950daea86b7e65c8f186e671c1c
  Gas usage: 52925
  Block number: 9
  Block time: Fri May 08 2026 03:08:40 GMT+0700 (Indochina Time)

eth_getTransactionReceipt
eth_blockNumber
net_version
eth_getBlockByNumber
eth_estimateGas
eth_getBlockByNumber
eth_gasPrice
eth_sendTransaction

  Transaction: 0x854919bda23e808e131837fe6cf50d074b1ee2a73b9cdcef7dfcdb454c631c6d
  Gas usage: 59539
  Block number: 10
  Block time: Fri May 08 2026 03:08:40 GMT+0700 (Indochina Time)

eth_getTransactionReceipt
eth_blockNumber
eth_getBalance
eth_getTransactionByHash
debug_traceTransaction
eth_getTransactionByHash
debug_traceTransaction
eth_getTransactionByHash
debug_traceTransaction
eth_getTransactionByHash
debug_traceTransaction

Received shutdown signal: SIGTERM
Shutting down…
Server has been shut down
