Using network 'development'.

{
  "ok": true,
  "graph_id": "",
  "pair": "D->E|evm|fund:de",
  "pairKey": "D->E|evm|fund:de",
  "contract": "CTLCOnly",
  "scenario": "best_claim",
  "deployGas": "0x144e12",
  "gasUsed": "77001",
  "disableGasUsed": "",
  "claimGasUsed": "77001",
  "refundGasUsed": "",
  "contractAddress": "0xF76BCeCa4630E9Bfe7c6f77353edb63bbCe1B3b9",
  "startBlock": "0",
  "endBlock": "3",
  "finalContractBalanceWei": "0",
  "deployer": "0x76952Fa997C48bC0496b54Bec386A85f4e912118",
  "party": "0x014eb8756E3b87Cb5c741711A739f4A743eC9f51",
  "counterparty": "0x188800d78C6440b7E9072978801021b9D31AE74E",
  "fundingWei": "1000000000000000000",
  "timelocks": [
    9,
    10
  ],
  "transactions": [
    {
      "role": "deploy",
      "txHash": "0x5a696754d3e06b9f953a19f9fbb7274f1adda15a2adb71d543516c377a592217"
    },
    {
      "role": "fund",
      "txHash": "0x295cff16da40e1da79d14d2446258bdc130588ed5d86f4a3aeb6f134c93525bf"
    },
    {
      "role": "claim",
      "txHash": "0x09c177eb93620dafd5cca2e43f4a64ca28388359688ac01d1ceea51f26ff469d",
      "level": 0,
      "option": 0
    }
  ],
  "txRoles": [
    {
      "role": "deploy",
      "txHash": "0x5a696754d3e06b9f953a19f9fbb7274f1adda15a2adb71d543516c377a592217"
    },
    {
      "role": "fund",
      "txHash": "0x295cff16da40e1da79d14d2446258bdc130588ed5d86f4a3aeb6f134c93525bf"
    },
    {
      "role": "claim",
      "txHash": "0x09c177eb93620dafd5cca2e43f4a64ca28388359688ac01d1ceea51f26ff469d",
      "level": 0,
      "option": 0
    }
  ],
  "deployTxHash": "0x5a696754d3e06b9f953a19f9fbb7274f1adda15a2adb71d543516c377a592217",
  "fundTxHash": "0x295cff16da40e1da79d14d2446258bdc130588ed5d86f4a3aeb6f134c93525bf",
  "claimTxHash": "0x09c177eb93620dafd5cca2e43f4a64ca28388359688ac01d1ceea51f26ff469d",
  "txHash": "0x09c177eb93620dafd5cca2e43f4a64ca28388359688ac01d1ceea51f26ff469d",
  "tx": "0x09c177eb93620dafd5cca2e43f4a64ca28388359688ac01d1ceea51f26ff469d"
}
