ganache v7.9.2 (@ganache/cli: 0.10.2, @ganache/core: 0.10.2)
Starting RPC server

Available Accounts
==================
(0) 0x76952Fa997C48bC0496b54Bec386A85f4e912118 (1000 ETH)
(1) 0x4F883dd82cF6f7cf1DcDa86f90cbBC908eca8610 (1000 ETH)
(2) 0xa91d6E998DbCB24b632D09aFEE9A73003D6810F7 (1000 ETH)
(3) 0x7Ffd4fA7c45a4f9D636987b8Afc762C186dE26ba (1000 ETH)
(4) 0x014eb8756E3b87Cb5c741711A739f4A743eC9f51 (1000 ETH)
(5) 0x188800d78C6440b7E9072978801021b9D31AE74E (1000 ETH)
(6) 0xFfCE39a64caB6f57F938BCcC2181bcedc0161554 (1000 ETH)
(7) 0x782DF80D9C7F2a5b19182555A1F74eC1c8295E8F (1000 ETH)
(8) 0x533AB04BdA2114809DEFFDDFf38F3efEc2E8A7d0 (1000 ETH)
(9) 0x1b89658bbEc97Ddf668034208D695CE25cBc8DFF (1000 ETH)

Private Keys
==================
(0) 0xed69ef8dbb4fcfb274d57f6da9f036f67e4dc0cd1f5d7e9562b6b72216fb3b86
(1) 0x7ed418b6c21b56a36824e3c57bb52705feca95ad8894d6e7947be0316c8e5a9a
(2) 0x02ab1f0f46fd44c31fc0f1f73f0a1d06cb60e23e825a903b480bb0767e1bc421
(3) 0x612f64b347656ba13e641f1063d92326502be0753fd80bedd6d716ef528716c8
(4) 0x2b634f3aca3aad4316e4cd1c0ec903dbfc346bb798dc8ae7ef2e271dfb9a96d9
(5) 0x1b918b075b8c535697b17ff2fb3bbc8758a0f67eed3ea0e89f0e4385a4bbfb71
(6) 0x1ea3dbdce098740562432e33ee7bd060c4eb0ed6241c618898144a7e58c403ce
(7) 0xcab85620efcfcd59335cdbc3e5431ef79224f02404787a671daf723d5747255c
(8) 0x95c03167bdb2b846c4501d797d5d52aab442efb24b3778e7440edfc1109da0c2
(9) 0xc1f7eda37752d7cd5864341284030aa4f3789f108b616404a94aa2e8c0d04772

HD Wallet
==================
Mnemonic:      join kid party discover stove pyramid early maple aunt funny castle fiber
Base HD Path:  m/44'/60'/0'/0/{account_index}

Default Gas Price
==================
2000000000

BlockGas Limit
==================
30000000

Call Gas Limit
==================
50000000

Chain
==================
Hardfork: shanghai
Id:       1337

RPC Listening on 127.0.0.1:8545
web3_clientVersion
eth_blockNumber
net_version
eth_accounts
eth_accounts
eth_blockNumber
net_version
eth_getBlockByNumber
eth_estimateGas
eth_getBlockByNumber
eth_gasPrice
eth_sendTransaction

  Transaction: 0x5a696754d3e06b9f953a19f9fbb7274f1adda15a2adb71d543516c377a592217
  Contract created: 0xf76bceca4630e9bfe7c6f77353edb63bbce1b3b9
  Gas usage: 1330706
  Block number: 1
  Block time: Thu May 07 2026 21:36:41 GMT+0700 (Indochina Time)

eth_getTransactionReceipt
eth_getCode
eth_getTransactionReceipt
eth_getBlockByNumber
eth_gasPrice
eth_sendTransaction

  Transaction: 0x295cff16da40e1da79d14d2446258bdc130588ed5d86f4a3aeb6f134c93525bf
  Gas usage: 21055
  Block number: 2
  Block time: Thu May 07 2026 21:36:41 GMT+0700 (Indochina Time)

eth_getTransactionReceipt
net_version
eth_getBlockByNumber
eth_estimateGas
eth_getBlockByNumber
eth_gasPrice
eth_sendTransaction

  Transaction: 0x09c177eb93620dafd5cca2e43f4a64ca28388359688ac01d1ceea51f26ff469d
  Gas usage: 77001
  Block number: 3
  Block time: Thu May 07 2026 21:36:42 GMT+0700 (Indochina Time)

eth_getTransactionReceipt
eth_blockNumber
eth_getBalance
eth_getTransactionByHash
debug_traceTransaction
eth_getTransactionByHash
debug_traceTransaction
eth_getTransactionByHash
debug_traceTransaction

Received shutdown signal: SIGTERM
Shutting down…
Server has been shut down
