Using network 'development'.

{
  "ok": true,
  "graph_id": "",
  "pair": "E->F|evm|fund:ef",
  "pairKey": "E->F|evm|fund:ef",
  "contract": "CTLCMultipleEdges",
  "scenario": "best_claim",
  "deployGas": "0x139ca6",
  "gasUsed": "75936",
  "disableGasUsed": "",
  "claimGasUsed": "75936",
  "refundGasUsed": "",
  "contractAddress": "0x642ecb6271Ee8C12bB18C47D128cb0feB909dF98",
  "startBlock": "0",
  "endBlock": "3",
  "finalContractBalanceWei": "0",
  "deployer": "0x19BC0CAfB4F52bEd1ea5c1cF063Fa61D564CC245",
  "party": "0xcD780143d817B62C66C6CB3d0e9bA7de3E4dCc93",
  "counterparty": "0xFbfEdb63C343edc83e784ba6248D4d2486860C3B",
  "fundingWei": "1000000000000000000",
  "timelocks": [
    8
  ],
  "transactions": [
    {
      "role": "deploy",
      "txHash": "0xc72925523347ef7d5938c302f4fddc777652f7a084e76e7e0e38eb65c7c7617b"
    },
    {
      "role": "fund",
      "txHash": "0x1d6361913cab90a7e7e92f2879cdcfc424b0e2f19145161f6562b80114c3177f"
    },
    {
      "role": "claim",
      "txHash": "0x534f9bba5a03fbc43409152a6590f61e9b6a8eb69e840702f3d54db92e549b9c",
      "level": 0,
      "option": 0
    }
  ],
  "txRoles": [
    {
      "role": "deploy",
      "txHash": "0xc72925523347ef7d5938c302f4fddc777652f7a084e76e7e0e38eb65c7c7617b"
    },
    {
      "role": "fund",
      "txHash": "0x1d6361913cab90a7e7e92f2879cdcfc424b0e2f19145161f6562b80114c3177f"
    },
    {
      "role": "claim",
      "txHash": "0x534f9bba5a03fbc43409152a6590f61e9b6a8eb69e840702f3d54db92e549b9c",
      "level": 0,
      "option": 0
    }
  ],
  "deployTxHash": "0xc72925523347ef7d5938c302f4fddc777652f7a084e76e7e0e38eb65c7c7617b",
  "fundTxHash": "0x1d6361913cab90a7e7e92f2879cdcfc424b0e2f19145161f6562b80114c3177f",
  "claimTxHash": "0x534f9bba5a03fbc43409152a6590f61e9b6a8eb69e840702f3d54db92e549b9c",
  "txHash": "0x534f9bba5a03fbc43409152a6590f61e9b6a8eb69e840702f3d54db92e549b9c",
  "tx": "0x534f9bba5a03fbc43409152a6590f61e9b6a8eb69e840702f3d54db92e549b9c"
}
