Using network 'development'.

{
  "ok": true,
  "graph_id": "",
  "pair": "E->F|evm|fund:ef",
  "pairKey": "E->F|evm|fund:ef",
  "contract": "CTLCMultipleEdges",
  "scenario": "refund",
  "deployGas": "0x12e9a6",
  "gasUsed": "59539",
  "disableGasUsed": "0",
  "claimGasUsed": "",
  "refundGasUsed": "59539",
  "contractAddress": "0x0Fa8d180e5deEfdff659D5a2A267F44F81C94368",
  "startBlock": "0",
  "endBlock": "8",
  "finalContractBalanceWei": "0",
  "deployer": "0x88AbcEFDa6d8cb6DB21f520bb9df2A978A77BF10",
  "party": "0x12dD473ddC97236D1d0EBFb36BE9eD9605cC28f2",
  "counterparty": "0x3D96ebc46890eba698c5299539e9cbcCD520bd01",
  "fundingWei": "1000000000000000000",
  "timelocks": [
    7
  ],
  "transactions": [
    {
      "role": "deploy",
      "txHash": "0x1c6032892f7c9e8aad9ec1edd5687b4b1188857616fd1f5da4d0dd56cb8ba1dc"
    },
    {
      "role": "fund",
      "txHash": "0x98fe19e0baa98d12d66576bce761808031e6b3e4090f80f2bd58cb9362696d97"
    },
    {
      "role": "refund",
      "txHash": "0xdd60bdced83459d32dd48a9be410a090028f72ceed2d0ef96158a6e5f5ebf32c",
      "level": 0
    }
  ],
  "txRoles": [
    {
      "role": "deploy",
      "txHash": "0x1c6032892f7c9e8aad9ec1edd5687b4b1188857616fd1f5da4d0dd56cb8ba1dc"
    },
    {
      "role": "fund",
      "txHash": "0x98fe19e0baa98d12d66576bce761808031e6b3e4090f80f2bd58cb9362696d97"
    },
    {
      "role": "refund",
      "txHash": "0xdd60bdced83459d32dd48a9be410a090028f72ceed2d0ef96158a6e5f5ebf32c",
      "level": 0
    }
  ],
  "deployTxHash": "0x1c6032892f7c9e8aad9ec1edd5687b4b1188857616fd1f5da4d0dd56cb8ba1dc",
  "fundTxHash": "0x98fe19e0baa98d12d66576bce761808031e6b3e4090f80f2bd58cb9362696d97",
  "refundTxHash": "0xdd60bdced83459d32dd48a9be410a090028f72ceed2d0ef96158a6e5f5ebf32c",
  "refundTx": "0xdd60bdced83459d32dd48a9be410a090028f72ceed2d0ef96158a6e5f5ebf32c"
}
