ganache v7.9.2 (@ganache/cli: 0.10.2, @ganache/core: 0.10.2)
Starting RPC server

Available Accounts
==================
(0) 0x41426A77D6662006cc4FBef157896485D19BB901 (1000 ETH)
(1) 0x69Ae63c710BbEbeA9308B6f1B17FE2497E62DBD3 (1000 ETH)
(2) 0x079a1E3fCf0b31f27E6B4c93175BDf96f582FAc0 (1000 ETH)
(3) 0x950c5A5E687479ce0f4B953b30b51394cD8cB09F (1000 ETH)
(4) 0xD0B5E54A4d580730e19f0CE8ae17Df0541D72F36 (1000 ETH)
(5) 0x5361CFDd7C62b3dF1Ad183A297A882D21D769E7a (1000 ETH)
(6) 0x7Cf44cac06cC96d3B8e8F3F0091f8006cFc77af8 (1000 ETH)
(7) 0x3a2adC26a95D32B203DE544F3262fE855D091Afa (1000 ETH)
(8) 0x9dc1BB86A909A8a8209a14366B01Be0079fcbc72 (1000 ETH)
(9) 0x1349D4c9E2488048F53f6Dc825F6C3930643fcB1 (1000 ETH)

Private Keys
==================
(0) 0xab8f16159cd8c9bd0a88516121fe5eb5ae75787a07fdbe104ab9f17fd006e644
(1) 0xfbbb3c4968743dc446847bc5c46ce96f6cb1cff09e1e44210dc02c7c1ea370a4
(2) 0xded4b1a73907c52c7e058bbf72676d9d071bde01fd7d5ef1c617b9677b1b1196
(3) 0x98f3b56512131fca8c5bc9e83f8957f497204d51b1dae9010501a00ffea77eef
(4) 0x2948e2731b253c1c95b2210dd5de48533e39cd793a4fac491fc6f266de435bb2
(5) 0xd091a6eacca79758526afe098cfec6a4a545a302491ae351385318805cba66b1
(6) 0x7af4a01d6fc9304f5a42672091d60703a0b4707111d56ea4fbe462cdc4378498
(7) 0x8e5c3405e6b03c5b07448bef128d4fe65e5c55d8d70210768dc4bfc170425eba
(8) 0x8c198d124380d2f40f7206279101085522bc3bb5e54ac7f6b014a3903a71e7cf
(9) 0x945a6aafeae586c27c1d03096b615f61b9b0b9c6115d13a26db6c72f0c420d7d

HD Wallet
==================
Mnemonic:      hard relief urban file lobster tobacco emerge once area smile just pitch
Base HD Path:  m/44'/60'/0'/0/{account_index}

Default Gas Price
==================
2000000000

BlockGas Limit
==================
30000000

Call Gas Limit
==================
50000000

Chain
==================
Hardfork: shanghai
Id:       1337

RPC Listening on 127.0.0.1:8545
web3_clientVersion
eth_blockNumber
net_version
eth_accounts
eth_accounts
eth_blockNumber
net_version
eth_getBlockByNumber
eth_estimateGas
eth_getBlockByNumber
eth_gasPrice
eth_sendTransaction

  Transaction: 0x5c0a6e2a51e6e66e2dcf897b99323a505ee23f5d1a688b7097ce9c45a3cac191
  Contract created: 0x4f9dc5dba7c809ae7cf8dc69d7f44685f0d1848d
  Gas usage: 1538448
  Block number: 1
  Block time: Thu May 07 2026 21:19:56 GMT+0700 (Indochina Time)

eth_getTransactionReceipt
eth_getCode
eth_getTransactionReceipt
eth_getBlockByNumber
eth_gasPrice
eth_sendTransaction

  Transaction: 0x097725a7d558a37f6c04c0c0b444c5d34a62caf9f28354049730ba26ff221167
  Gas usage: 21055
  Block number: 2
  Block time: Thu May 07 2026 21:19:57 GMT+0700 (Indochina Time)

eth_getTransactionReceipt
net_version
eth_getBlockByNumber
eth_estimateGas
eth_getBlockByNumber
eth_gasPrice
eth_sendTransaction

  Transaction: 0x1ab00dce05a9c4d99238ac9a595b896c81c54b8cae034da93c20d8374513ad48
  Gas usage: 80267
  Block number: 3
  Block time: Thu May 07 2026 21:19:57 GMT+0700 (Indochina Time)

eth_getTransactionReceipt
eth_blockNumber
eth_getBalance
eth_getTransactionByHash
debug_traceTransaction
eth_getTransactionByHash
debug_traceTransaction
eth_getTransactionByHash
debug_traceTransaction

Received shutdown signal: SIGTERM
Shutting down…
Server has been shut down
