ganache v7.9.2 (@ganache/cli: 0.10.2, @ganache/core: 0.10.2)
Starting RPC server
web3_clientVersion

Available Accounts
==================
(0) 0x7C57aA43B5f0a6Ae135B46747E311581e8699968 (1000 ETH)
(1) 0x97F7F9cB78F7de078DaBe97128d00E1f2c92Ea98 (1000 ETH)
(2) 0x0eCbfe7f44e89b151b073ED1382144bE674c5B28 (1000 ETH)
(3) 0xe6A2627B344E81C110649a07dc9d17ccb5702062 (1000 ETH)
(4) 0x62a1DB58C313C1F5CB1FcD710c5F0f7a379979bE (1000 ETH)
(5) 0xE7Df0A44F64708689528Cf758CBBF00e58Ec6D51 (1000 ETH)
(6) 0x296F693F416720AD0425C1c8e88f2E170b2A26E8 (1000 ETH)
(7) 0x6140D81F17Bc579110175c681f6dEF58B69a7208 (1000 ETH)
(8) 0xcd546C7112FEFDF26907f6beC77abFBd671A9a7B (1000 ETH)
(9) 0x0BE74696676553B6862088990E921739543799c5 (1000 ETH)

Private Keys
==================
(0) 0x459f52f8b7ac9212d88d96a6acc7cc0e49d4ec3dc43860c5fc9912ed885649c8
(1) 0xb297700cb7bf136ea24e0054e6e5da5d48d68a1c9729c96384df2cf476db94c9
(2) 0x08665f880ecdde1da6241522494d051ad9b985da79d1eee5c198ac875bdbf886
(3) 0xf335fce37971c667f84a3d20bb77f09a96cb02a7f9b65d81ca862fc970d6593d
(4) 0x4e5d2a72a751e22abb4f11b29a205202bf26ad8f2283b80638f6e680b729005c
(5) 0x4d5ec7aa8d60e19965d65974982f0c470a2a1babbb741de6961fd1f7f58065c8
(6) 0xa509e7d81826aa183d8b4db3a977a9d1abdb3d3ec6600db08d59dbf0a312aafb
(7) 0x2ea1f592331cd80da976c37ddfb28e43a20d0c509f2054b0315373b949546761
(8) 0xd7d0caa12b842509470a7d74b7953cbfd483502ca11930c503aa82aa3e6e8a6e
(9) 0xaedd76996f1655bfc7917fe115df30e43875dde058106925a57afa0782a24a2d

HD Wallet
==================
Mnemonic:      market shine include suffer assist silver adapt rival deny seven wrap screen
Base HD Path:  m/44'/60'/0'/0/{account_index}

Default Gas Price
==================
2000000000

BlockGas Limit
==================
30000000

Call Gas Limit
==================
50000000

Chain
==================
Hardfork: shanghai
Id:       1337

RPC Listening on 127.0.0.1:8545
eth_blockNumber
net_version
eth_accounts
eth_accounts
eth_blockNumber
net_version
eth_getBlockByNumber
eth_estimateGas
eth_getBlockByNumber
eth_gasPrice
eth_sendTransaction

  Transaction: 0xec7eec05368ac3212f016e09bf9dd0e2be23cca54d4494c954ae9466cdd69b86
  Contract created: 0xcd36a87f684785854d274da97893536aca4580b0
  Gas usage: 1285274
  Block number: 1
  Block time: Thu May 07 2026 22:22:35 GMT+0700 (Indochina Time)

eth_getTransactionReceipt
eth_getCode
eth_getTransactionReceipt
eth_getBlockByNumber
eth_gasPrice
eth_sendTransaction

  Transaction: 0x392c5b6d0bc9f3f67a49fd8b016628b14c445d136379970fd022d5ab42f6a6ae
  Gas usage: 21055
  Block number: 2
  Block time: Thu May 07 2026 22:22:35 GMT+0700 (Indochina Time)

eth_getTransactionReceipt
net_version
eth_getBlockByNumber
eth_estimateGas
eth_getBlockByNumber
eth_gasPrice
eth_sendTransaction

  Transaction: 0x9e1b15e677bdc07987060de8721970beb075b79d2bf89a3ccb645a02006348ae
  Gas usage: 75948
  Block number: 3
  Block time: Thu May 07 2026 22:22:35 GMT+0700 (Indochina Time)

eth_getTransactionReceipt
eth_blockNumber
eth_getBalance
eth_getTransactionByHash
debug_traceTransaction
eth_getTransactionByHash
debug_traceTransaction
eth_getTransactionByHash
debug_traceTransaction

Received shutdown signal: SIGTERM
Shutting down…
Server has been shut down
