ganache v7.9.2 (@ganache/cli: 0.10.2, @ganache/core: 0.10.2)
Starting RPC server

Available Accounts
==================
(0) 0xd7A73F25FD894c8D61424d55414C4951cbc09361 (1000 ETH)
(1) 0xd86B6E4b7A82AB529818195744B2E848A5f0bB5D (1000 ETH)
(2) 0x8A10afF58d4118267402E5211cdeEbf9215DD081 (1000 ETH)
(3) 0x8FEE1c2FA43CdF9CB49aA3A298a4208173448660 (1000 ETH)
(4) 0xEaA26f54C8306f925e4a3b4491ca7BEE92996eBC (1000 ETH)
(5) 0xCfcAA854808BE7f54C2A5E92846b33463a0eFbA0 (1000 ETH)
(6) 0x6E5c84959a07664AA0db3fBF6a66EC66bBcDd5f2 (1000 ETH)
(7) 0x66bCBBd0e8d06a7958917Dcf697AA036Cc60c76c (1000 ETH)
(8) 0x5d2D825e7c21D83c727d9b7Efa4ae1Da2Bb6Fe05 (1000 ETH)
(9) 0x49B0991FaC36B8E803672831EeCd73d188e5c0c6 (1000 ETH)

Private Keys
==================
(0) 0x7559910d2a7578fd6e2abbba52715e5fde08e3157feed05f31505ddec13e86ed
(1) 0xb6c1ce8a562ad6a52c1f3b10b468fe792b9428e0ca428b4cdb774e5e6289f408
(2) 0xdfbf049d39b54f4ffce556323defdb75afe68594f2a7734d978977802b6e0361
(3) 0x135465dcb2ffd3d16840488a4109a3037e5179f43afc8aecccbeb96d62981c14
(4) 0x3c96a2857d1f19c5be5070ed152196852ae930e54f631658e7d014bd8371c5e4
(5) 0x3db6bf77c9c3f85ace814c4bc1408ca54ba45643dae8af98b926c3c23c4d3620
(6) 0x83df962e84a4b208dd24d6da9f4d3fada9f6c816a8ba286d16464b831df4e86a
(7) 0x216f59b8009b361020261a5d4947e3b3e1b6123cd8423ef09b8920f47ccb4662
(8) 0x0b645a5e04e984d13424c1d338f32d2e165481e5a8beaa45161a626727718cb0
(9) 0xfff402cf68194126b0309fde00cefc4952e249bb49033bfc2dd7b4e09a2fd1eb

HD Wallet
==================
Mnemonic:      opinion saddle chair unfair hamster embrace present maze property hawk allow salad
Base HD Path:  m/44'/60'/0'/0/{account_index}

Default Gas Price
==================
2000000000

BlockGas Limit
==================
30000000

Call Gas Limit
==================
50000000

Chain
==================
Hardfork: shanghai
Id:       1337

RPC Listening on 127.0.0.1:8545
web3_clientVersion
eth_blockNumber
net_version
eth_accounts
eth_accounts
eth_blockNumber
net_version
eth_getBlockByNumber
eth_estimateGas
eth_getBlockByNumber
eth_gasPrice
eth_sendTransaction

  Transaction: 0xb2939ee03e06ad8f1ab1d2149d24cd9b093c95f25d3b14198e41f1e57036e40b
  Contract created: 0xd5cc9b32903964ea03282db90adc1f2e3bbb2edc
  Gas usage: 1746213
  Block number: 1
  Block time: Thu May 07 2026 20:40:53 GMT+0700 (Indochina Time)

eth_getTransactionReceipt
eth_getCode
eth_getTransactionReceipt
eth_getBlockByNumber
eth_gasPrice
eth_sendTransaction

  Transaction: 0xe2bb1983602c4752af074cfb79409e5f769be9f0d5d8e565343de575dbd939e8
  Gas usage: 21055
  Block number: 2
  Block time: Thu May 07 2026 20:40:53 GMT+0700 (Indochina Time)

eth_getTransactionReceipt
eth_blockNumber
evm_mine
eth_blockNumber
evm_mine
eth_blockNumber
evm_mine
eth_blockNumber
evm_mine
eth_blockNumber
evm_mine
eth_blockNumber
net_version
eth_getBlockByNumber
eth_estimateGas
eth_getBlockByNumber
eth_gasPrice
eth_sendTransaction

  Transaction: 0xee9625275f92949d967224c75c2be812d423a7507761f6d548f3c6ea2c15ba6f
  Gas usage: 52925
  Block number: 8
  Block time: Thu May 07 2026 20:40:53 GMT+0700 (Indochina Time)

eth_getTransactionReceipt
eth_blockNumber
evm_mine
eth_blockNumber
net_version
eth_getBlockByNumber
eth_estimateGas
eth_getBlockByNumber
eth_gasPrice
eth_sendTransaction

  Transaction: 0x50f5e565d31fe3b8df07c40388324a75403cf9331f72799bc344ac5bf19e75af
  Gas usage: 59539
  Block number: 10
  Block time: Thu May 07 2026 20:40:53 GMT+0700 (Indochina Time)

eth_getTransactionReceipt
eth_blockNumber
eth_getBalance
eth_getTransactionByHash
debug_traceTransaction
eth_getTransactionByHash
debug_traceTransaction
eth_getTransactionByHash
debug_traceTransaction
eth_getTransactionByHash
debug_traceTransaction

Received shutdown signal: SIGTERM
Shutting down…
Server has been shut down
