COMMAND: python3 experiments/scale_trace/scripts/trace_result_json.py /home/aothuatgiadp/blockchain/project/CTLC-Implementation/experiments/scale_trace/runs/random_v1_50/D-_A_evm_fund_da_CTLCMultipleEdges_best_claim/result.json /home/aothuatgiadp/blockchain/project/CTLC-Implementation/experiments/scale_trace/runs/random_v1_50/D-_A_evm_fund_da_CTLCMultipleEdges_best_claim/trace.json
STATUS: 0

STDOUT:
{
  "graph_id": "",
  "pair": "D->A|evm|fund:da",
  "contract": "CTLCMultipleEdges",
  "scenario": "best_claim",
  "contractAddress": "0x326fF561D086A04eF528dd3f2773F7b8E3d43F1b",
  "traces": {
    "deploy": {
      "tx_hash": "0xb3a12ee38eb3d9fc9539b2307040f88f311be432f8388cfdb32eb10c6e6f2b19",
      "actual_calldata_bytes": 7753,
      "actual_sstore_count": 11,
      "actual_call_count": 0,
      "opcode_steps": 1984
    },
    "fund": {
      "tx_hash": "0xe46bb1a1f469381c2f9118572dfd55c01f2eab8ac02db0c7e5e4182a7c1a2ff0",
      "actual_calldata_bytes": 0,
      "actual_sstore_count": 0,
      "actual_call_count": 0,
      "opcode_steps": 13
    },
    "claim_level0": {
      "tx_hash": "0x505fb9bee1f358e9b0ad3af24cfb758ef2251d094210693935f573b1e4b6ac76",
      "actual_calldata_bytes": 228,
      "actual_sstore_count": 1,
      "actual_call_count": 1,
      "opcode_steps": 885
    }
  }
}


STDERR:

