Using network 'development'.

{
  "ok": true,
  "graph_id": "",
  "pair": "C->D|evm|fund:cd",
  "pairKey": "C->D|evm|fund:cd",
  "contract": "CTLCOnly",
  "scenario": "refund",
  "deployGas": "0x144e2a",
  "gasUsed": "112508",
  "disableGasUsed": "52947",
  "claimGasUsed": "",
  "refundGasUsed": "59561",
  "contractAddress": "0xC157d3dC3a360253Afd151767b03C1140059bce5",
  "startBlock": "0",
  "endBlock": "11",
  "finalContractBalanceWei": "0",
  "deployer": "0x657F615Ac43FfEF968664De2052d4934D6DB47A1",
  "party": "0xF0E879b7a131DC0EA15465FAAF0148dcba733084",
  "counterparty": "0xb7612B4650d849499E1748863C07444b994FD29B",
  "fundingWei": "1000000000000000000",
  "timelocks": [
    9,
    10
  ],
  "transactions": [
    {
      "role": "deploy",
      "txHash": "0x60a832b296e3e1b044903c0be404be7539bb054879f7f3d7ab4c8edf95a9f1d6"
    },
    {
      "role": "fund",
      "txHash": "0xdd9e1a60f1eeb91aad27609b855d1fb2ab1919bf262639b99ce473be15e7b58d"
    },
    {
      "role": "disable",
      "txHash": "0xc58854e58d78383bf9f96af7053c02942831acca9e230d6cb33e95632f075205",
      "level": 0
    },
    {
      "role": "refund",
      "txHash": "0xca8cf70b02ac41da16d025ac2eb75141587f910377550c90442bd87a5321a8e7",
      "level": 1
    }
  ],
  "txRoles": [
    {
      "role": "deploy",
      "txHash": "0x60a832b296e3e1b044903c0be404be7539bb054879f7f3d7ab4c8edf95a9f1d6"
    },
    {
      "role": "fund",
      "txHash": "0xdd9e1a60f1eeb91aad27609b855d1fb2ab1919bf262639b99ce473be15e7b58d"
    },
    {
      "role": "disable",
      "txHash": "0xc58854e58d78383bf9f96af7053c02942831acca9e230d6cb33e95632f075205",
      "level": 0
    },
    {
      "role": "refund",
      "txHash": "0xca8cf70b02ac41da16d025ac2eb75141587f910377550c90442bd87a5321a8e7",
      "level": 1
    }
  ],
  "deployTxHash": "0x60a832b296e3e1b044903c0be404be7539bb054879f7f3d7ab4c8edf95a9f1d6",
  "fundTxHash": "0xdd9e1a60f1eeb91aad27609b855d1fb2ab1919bf262639b99ce473be15e7b58d",
  "disableTxHashes": [
    "0xc58854e58d78383bf9f96af7053c02942831acca9e230d6cb33e95632f075205"
  ],
  "disableTxHash": "0xc58854e58d78383bf9f96af7053c02942831acca9e230d6cb33e95632f075205",
  "disableTx": "0xc58854e58d78383bf9f96af7053c02942831acca9e230d6cb33e95632f075205",
  "refundTxHash": "0xca8cf70b02ac41da16d025ac2eb75141587f910377550c90442bd87a5321a8e7",
  "refundTx": "0xca8cf70b02ac41da16d025ac2eb75141587f910377550c90442bd87a5321a8e7"
}
