ganache v7.9.2 (@ganache/cli: 0.10.2, @ganache/core: 0.10.2)
Starting RPC server

Available Accounts
==================
(0) 0xcbda4d51d1cA440d3C9947119354b95218f80847 (1000 ETH)
(1) 0xE06B4Ccd9737decb18A0ab301e9609152F7e6279 (1000 ETH)
(2) 0x54846d48f30d2B4EE59025Aa075C6e3eBea7eF04 (1000 ETH)
(3) 0xDEf11474Fa2039d34c3159a7B99D3e504DbAF9f5 (1000 ETH)
(4) 0xD4eEA0371B918E26fB4c21789A23544f954CBF6d (1000 ETH)
(5) 0xc9F4553A7A69E1A70478f74Ec041001D2f6C5a23 (1000 ETH)
(6) 0xC0E615AcD5b58125721f306Cd24488411bcca602 (1000 ETH)
(7) 0xe430ec36BE6e5e9708D2EE16560028f38C3e98Ef (1000 ETH)
(8) 0x6a594cEa4Ec8e9499C20E0B38E4Ac4C005F5216C (1000 ETH)
(9) 0x032E19dF26cde906FBeB403677F9E627630182ae (1000 ETH)

Private Keys
==================
(0) 0x937616b040393edae264f6dc88b7b5225cd0b2ed33d1e52815fba0f9d9ba1df4
(1) 0xf433b4344326099cd9db427579acde9b59cafcd434f5909243f6e90b2cf610a5
(2) 0x9895812d569cf46d7d36f0428d77c00c5a06ffebc782915629be0de1850027a6
(3) 0x08170f74f290e9a69f03eb2595e320540a58c0c061ca75bab535c0322e207e80
(4) 0xc8aaed0f266412dac42c6ca533f0a5cc2a860fd4b2c43ea828cb85b7477ea22a
(5) 0x9ab250e367527b3bcc07c71dd36df90398f469daf5f3987f2f711b0f86688ced
(6) 0x6d826b560baf7726a75f88f77e87ff5a1e1347e26b4d0a83fce0c9e94c4921e7
(7) 0x9a9f77065b1c9b4d863dad15fc5251333a0ff207acc9caec2a3ecbb0d927bae0
(8) 0x6d3a34d594dc704ef39257e42fa10f2a41d06992438b02802405ed2e480d890c
(9) 0xe54119d7d33ca2e480b3517bf84d25d615a5760db2de39de489aaaa6cdacf0e0

HD Wallet
==================
Mnemonic:      few actress rose resist dice dragon slice illness usage lecture scissors humor
Base HD Path:  m/44'/60'/0'/0/{account_index}

Default Gas Price
==================
2000000000

BlockGas Limit
==================
30000000

Call Gas Limit
==================
50000000

Chain
==================
Hardfork: shanghai
Id:       1337

RPC Listening on 127.0.0.1:8545
web3_clientVersion
eth_blockNumber
net_version
eth_accounts
eth_accounts
eth_blockNumber
net_version
eth_getBlockByNumber
eth_estimateGas
eth_getBlockByNumber
eth_gasPrice
eth_sendTransaction

  Transaction: 0xcc78fc3d23ee99efcbd8eed3e3436f56bb4d2d0ae4fd75d5f56a1bf68ac1a8fa
  Contract created: 0x0e54bfcb1d5c741d52d2a7f26a76a8f5b2b3128e
  Gas usage: 1100987
  Block number: 1
  Block time: Fri May 08 2026 03:23:30 GMT+0700 (Indochina Time)

eth_getTransactionReceipt
eth_getCode
eth_getTransactionReceipt
eth_getBlockByNumber
eth_gasPrice
eth_sendTransaction

  Transaction: 0x2d929892f7e0e6104289a4daca0613881a6a3d602ea83416195103cdc9dc3235
  Gas usage: 21055
  Block number: 2
  Block time: Fri May 08 2026 03:23:30 GMT+0700 (Indochina Time)

eth_getTransactionReceipt
net_version
eth_getBlockByNumber
eth_estimateGas
eth_getBlockByNumber
eth_gasPrice
eth_sendTransaction

  Transaction: 0xa24e5ea4ea9382f7ab0ee779da741c194e4fe97c1e3b8fe67c9c2bd3772fbde1
  Gas usage: 64620
  Block number: 3
  Block time: Fri May 08 2026 03:23:30 GMT+0700 (Indochina Time)

eth_getTransactionReceipt
eth_blockNumber
eth_getBalance
eth_getTransactionByHash
debug_traceTransaction
eth_getTransactionByHash
debug_traceTransaction
eth_getTransactionByHash
debug_traceTransaction

Received shutdown signal: SIGTERM
Shutting down…
Server has been shut down
