COMMAND: python3 experiments/scale_trace/scripts/trace_result_json.py /home/aothuatgiadp/blockchain/project/CTLC-Implementation/experiments/scale_trace/runs/random_v1_187/B-_C_evm_fund_bc_CTLCOnly_worst_claim/result.json /home/aothuatgiadp/blockchain/project/CTLC-Implementation/experiments/scale_trace/runs/random_v1_187/B-_C_evm_fund_bc_CTLCOnly_worst_claim/trace.json
STATUS: 0

STDOUT:
{
  "graph_id": "",
  "pair": "B->C|evm|fund:bc",
  "contract": "CTLCOnly",
  "scenario": "worst_claim",
  "contractAddress": "0xC132cc0007A79F8bB2eBC4B269f450A5C44d4fBc",
  "traces": {
    "deploy": {
      "tx_hash": "0xa2a03a1077b4b15b3f35a412024d48441b680b4e44840d8dc859edda0960df1c",
      "actual_calldata_bytes": 7155,
      "actual_sstore_count": 10,
      "actual_call_count": 0,
      "opcode_steps": 1462
    },
    "fund": {
      "tx_hash": "0x73bbcec879ef0a520439749f51495ca705b2851d3776e9689ed92da5ef330b27",
      "actual_calldata_bytes": 0,
      "actual_sstore_count": 0,
      "actual_call_count": 0,
      "opcode_steps": 13
    },
    "claim_level0": {
      "tx_hash": "0xc519e0abd7aa76012ea5bdf200dc1d13dc85b559cf763fbf759f36de209345ad",
      "actual_calldata_bytes": 388,
      "actual_sstore_count": 1,
      "actual_call_count": 1,
      "opcode_steps": 1475
    }
  }
}


STDERR:

