ganache v7.9.2 (@ganache/cli: 0.10.2, @ganache/core: 0.10.2)
Starting RPC server

Available Accounts
==================
(0) 0xAaa36E4Cc4a9A939A03DcB6c2bcbB723fC4A8e2B (1000 ETH)
(1) 0xBc6585c89ee61D65d6EF9e75d956C0FE95BE441B (1000 ETH)
(2) 0x2a9B674b79D9caCc1487287fb3dd5079affC7985 (1000 ETH)
(3) 0x5F8016F27501e3E96631a2494B358Be6F20F716D (1000 ETH)
(4) 0xddDAcAc9520dd584f7aF3f6CcCa87252FEbA50ac (1000 ETH)
(5) 0xf0E682bC4F481F520C665091dfE8e27d72915B1f (1000 ETH)
(6) 0x682742C6D462D8C444126F56EcfB18A3d2890b30 (1000 ETH)
(7) 0x9E92b6941f87baC91E1153400cCbbc5cB928B2d9 (1000 ETH)
(8) 0x988b5A476319d41ACbB6ebF71548d5d7cC854B6B (1000 ETH)
(9) 0xeA8e419dB7e727265E32862aEB372e4Cd2155B4b (1000 ETH)

Private Keys
==================
(0) 0x78c37febef7d8a07989c30fcae4fb318bef452a2ca4f84268ad078b4778027e2
(1) 0x7fbaeb15af469a3d6f515e692764e8e705da1540ea240f4eb25fe824c5405094
(2) 0x337a5f44528b9aa33a8d94896b76049ea9b90ad6d0c003b53bda5b33d061a9ff
(3) 0x1a004ff08343df67eacb75dc82593c71a0721a4acba5e2f0836bf860cff95fa0
(4) 0x2980908bb711cf5bff0cce08a9d37b0b40c52ddd0223d6dddb5589b3439d232e
(5) 0x1cd65e1c7e09cc76f2f0ed05bd44c03f27709b0e2d166d2ea626d48c20e70264
(6) 0x4f0233b323a644e0d311115bc5115972f483a6b1be0c627dd2598a7aabbee444
(7) 0x13dd6da4a577e938926fd765ffa2d3b4fa3175d0d796077064588edb904eba07
(8) 0x56cc599e1b8468c46a0ea967a794c7fefa9e85d004ec8de9286ccce4454ab9c3
(9) 0x7255df72549c864d9e94c2e62753f2e4ab45e1e6ada3067ee600fafd5e8f0b44

HD Wallet
==================
Mnemonic:      insane enlist useless sail large merge dwarf rib decrease denial source hurry
Base HD Path:  m/44'/60'/0'/0/{account_index}

Default Gas Price
==================
2000000000

BlockGas Limit
==================
30000000

Call Gas Limit
==================
50000000

Chain
==================
Hardfork: shanghai
Id:       1337

RPC Listening on 127.0.0.1:8545
web3_clientVersion
eth_blockNumber
net_version
eth_accounts
eth_accounts
eth_blockNumber
net_version
eth_getBlockByNumber
eth_estimateGas
eth_getBlockByNumber
eth_gasPrice
eth_sendTransaction

  Transaction: 0xb49eb48b8e8468f4614d3fe14d22d5b5ee413ad8fef4ef69a734e333eeb7b572
  Contract created: 0x1816073e182b9a16b4efb90f63a078d8fb0179c8
  Gas usage: 1123899
  Block number: 1
  Block time: Fri May 08 2026 03:34:02 GMT+0700 (Indochina Time)

eth_getTransactionReceipt
eth_getCode
eth_getTransactionReceipt
eth_getBlockByNumber
eth_gasPrice
eth_sendTransaction

  Transaction: 0xf0e13f1010764e4bd9fd626fe5a00e2f2005432afeace57c2d8b6435429431cb
  Gas usage: 21055
  Block number: 2
  Block time: Fri May 08 2026 03:34:02 GMT+0700 (Indochina Time)

eth_getTransactionReceipt
net_version
eth_getBlockByNumber
eth_estimateGas
eth_getBlockByNumber
eth_gasPrice
eth_sendTransaction

  Transaction: 0xa1eaa82d37aa076011ee59a2a506fe45de199863d4b731d6b35e9e678ec5b06c
  Gas usage: 68747
  Block number: 3
  Block time: Fri May 08 2026 03:34:02 GMT+0700 (Indochina Time)

eth_getTransactionReceipt
eth_blockNumber
eth_getBalance
eth_getTransactionByHash
debug_traceTransaction
eth_getTransactionByHash
debug_traceTransaction
eth_getTransactionByHash
debug_traceTransaction

Received shutdown signal: SIGTERM
Shutting down…
Server has been shut down
