ganache v7.9.2 (@ganache/cli: 0.10.2, @ganache/core: 0.10.2)
Starting RPC server

Available Accounts
==================
(0) 0x89CF3cd9Fa3D684a0E0e6D5BBb706e636Fa7a78A (1000 ETH)
(1) 0x72e1668fECc31b358d789dBc3C1F48db92D32Aaf (1000 ETH)
(2) 0x6Fb68Fd0BE3B907326ABaD42337b35d421CB319a (1000 ETH)
(3) 0xbA12d55181c39Be4380e76283dA63E9a8153932D (1000 ETH)
(4) 0x70F2AC0396b5D2Cc1965838E40CE88De4DB9C0BE (1000 ETH)
(5) 0x3392AE80f29c36556bB3977Ff9299Daa831e85f7 (1000 ETH)
(6) 0x9637F8a9e5B8cB5191F841C68ae6aE0746095842 (1000 ETH)
(7) 0xff4AaCE268F0160888F528d44CE6Bd1e3d363121 (1000 ETH)
(8) 0xbdA201005eA84932bA33f0b6F7948c7A3ab8F28E (1000 ETH)
(9) 0x249EEb9a86943f562C6FeeE02DE2e7960B903FDC (1000 ETH)

Private Keys
==================
(0) 0xbe23b5c87eaf834eaaad8ad5a6d032eaa3019e67afa4ed363e4d3ede1864c503
(1) 0xd9f956394140cc556551361886e25b7d0b9807e9e4ff24f1fdf1f91b3271519e
(2) 0x743e143f7efdc6935b2a421e21c03caedc49f13e54f1d1ec3eb0d0735b3cc8bd
(3) 0x524d1a242ee190ef1a61d0615d4688ad90d8171d191be4e07210761519a4ea99
(4) 0x6dd7d732bcc8e964d3c3c544a8c3c1f7d7b8d665c40d207ff1f77e3a4a26a5f1
(5) 0xf349289b812f64442a870d764f0a56e490e3c9c13722dd97710d77083b0f5656
(6) 0x7b4ff24c8bf7b0675a7adf53d434f99c38c77e6be81a20cb43691703880350d4
(7) 0x9d07f4bd564741f83407a4fb1199010d0e9fc1cd642f718cd9c4dd5042841293
(8) 0x35f9160dedd0f65ab6902f5aa85d9eb03524188ee20065b1381876a98c10b573
(9) 0xa105eb0ee1303828c4fd406e31c5cb65a1e351b47e7ac8c2797f4d684cc4b349

HD Wallet
==================
Mnemonic:      also initial primary also survey vocal core sphere police like saddle zone
Base HD Path:  m/44'/60'/0'/0/{account_index}

Default Gas Price
==================
2000000000

BlockGas Limit
==================
30000000

Call Gas Limit
==================
50000000

Chain
==================
Hardfork: shanghai
Id:       1337

RPC Listening on 127.0.0.1:8545
web3_clientVersion
eth_blockNumber
net_version
eth_accounts
eth_accounts
eth_blockNumber
net_version
eth_getBlockByNumber
eth_estimateGas
eth_getBlockByNumber
eth_gasPrice
eth_sendTransaction

  Transaction: 0xc49e09c8123c00c9461ba975b05c3c3cae52e06945c9e5f5af5f19a63996b9ca
  Contract created: 0x4a8311fcd963b59c3c7c62108c3837186aad6dc5
  Gas usage: 1239082
  Block number: 1
  Block time: Thu May 07 2026 21:31:01 GMT+0700 (Indochina Time)

eth_getTransactionReceipt
eth_getCode
eth_getTransactionReceipt
eth_getBlockByNumber
eth_gasPrice
eth_sendTransaction

  Transaction: 0x5dacd5d171d1ddc89d2a2ac02f6db9613910d12f28db180557850fb460476d2d
  Gas usage: 21055
  Block number: 2
  Block time: Thu May 07 2026 21:31:01 GMT+0700 (Indochina Time)

eth_getTransactionReceipt
eth_blockNumber
evm_mine
eth_blockNumber
evm_mine
eth_blockNumber
evm_mine
eth_blockNumber
evm_mine
eth_blockNumber
evm_mine
eth_blockNumber
net_version
eth_getBlockByNumber
eth_estimateGas
eth_getBlockByNumber
eth_gasPrice
eth_sendTransaction

  Transaction: 0x3ba398f1818d7e8592808c2df8ad382528c6fa9bb006d3cac77fca1a6abee18f
  Gas usage: 52947
  Block number: 8
  Block time: Thu May 07 2026 21:31:01 GMT+0700 (Indochina Time)

eth_getTransactionReceipt
eth_blockNumber
net_version
eth_getBlockByNumber
eth_estimateGas
eth_getBlockByNumber
eth_gasPrice
eth_sendTransaction

  Transaction: 0xd41e31982c9d9cdaaaefabe3865faef013d8df1a8b16951f4bf1ed5187ac8107
  Gas usage: 59561
  Block number: 9
  Block time: Thu May 07 2026 21:31:01 GMT+0700 (Indochina Time)

eth_getTransactionReceipt
eth_blockNumber
eth_getBalance
eth_getTransactionByHash
debug_traceTransaction
eth_getTransactionByHash
debug_traceTransaction
eth_getTransactionByHash
debug_traceTransaction
eth_getTransactionByHash
debug_traceTransaction

Received shutdown signal: SIGTERM
Shutting down…
Server has been shut down
