Using network 'development'.

{
  "ok": true,
  "graph_id": "",
  "pair": "F->G|evm|fund:fg",
  "pairKey": "F->G|evm|fund:fg",
  "contract": "CTLCOnly",
  "scenario": "best_claim",
  "deployGas": "0x11263b",
  "gasUsed": "68747",
  "disableGasUsed": "",
  "claimGasUsed": "68747",
  "refundGasUsed": "",
  "contractAddress": "0x69F4C5e8dbfCeB0728f3D868b5000963Fb217ad2",
  "startBlock": "0",
  "endBlock": "3",
  "finalContractBalanceWei": "0",
  "deployer": "0x606775955BD135f4bf829Ca3F305a8724f949946",
  "party": "0x2A19bd0843Cea4F9fFfA624154245021333fa3f9",
  "counterparty": "0x0c7cd741396172987eFF1c9d19D5115902dBfe66",
  "fundingWei": "1000000000000000000",
  "timelocks": [
    7
  ],
  "transactions": [
    {
      "role": "deploy",
      "txHash": "0xed09726c54772a9a9ee744b9b138204ac5ca62819c5c74782ba52f8f3d7a77ad"
    },
    {
      "role": "fund",
      "txHash": "0xd7d476400a1cab8349e1c20b94020bd578b6098845c51351770a38524a796ac8"
    },
    {
      "role": "claim",
      "txHash": "0x0a9c540ffe9010ad968f0018b26a02f1067ecfa5166508a8a1413cd4be766903",
      "level": 0,
      "option": 0
    }
  ],
  "txRoles": [
    {
      "role": "deploy",
      "txHash": "0xed09726c54772a9a9ee744b9b138204ac5ca62819c5c74782ba52f8f3d7a77ad"
    },
    {
      "role": "fund",
      "txHash": "0xd7d476400a1cab8349e1c20b94020bd578b6098845c51351770a38524a796ac8"
    },
    {
      "role": "claim",
      "txHash": "0x0a9c540ffe9010ad968f0018b26a02f1067ecfa5166508a8a1413cd4be766903",
      "level": 0,
      "option": 0
    }
  ],
  "deployTxHash": "0xed09726c54772a9a9ee744b9b138204ac5ca62819c5c74782ba52f8f3d7a77ad",
  "fundTxHash": "0xd7d476400a1cab8349e1c20b94020bd578b6098845c51351770a38524a796ac8",
  "claimTxHash": "0x0a9c540ffe9010ad968f0018b26a02f1067ecfa5166508a8a1413cd4be766903",
  "txHash": "0x0a9c540ffe9010ad968f0018b26a02f1067ecfa5166508a8a1413cd4be766903",
  "tx": "0x0a9c540ffe9010ad968f0018b26a02f1067ecfa5166508a8a1413cd4be766903"
}
