Using network 'development'.

{
  "ok": true,
  "graph_id": "",
  "pair": "G->A|evm|fund:ga",
  "pairKey": "G->A|evm|fund:ga",
  "contract": "CTLCMultipleEdges",
  "scenario": "best_claim",
  "deployGas": "0x12eb95",
  "gasUsed": "67334",
  "disableGasUsed": "",
  "claimGasUsed": "67334",
  "refundGasUsed": "",
  "contractAddress": "0x0a28c02a4492dc9F27549A59292a08af645DC0Ad",
  "startBlock": "0",
  "endBlock": "3",
  "finalContractBalanceWei": "0",
  "deployer": "0xcA494772f1265901264f55921eBa5c8bfa52C2Ae",
  "party": "0x2f9C80257174622F25E9EeD39C2fa41F75f85530",
  "counterparty": "0x24DdD4E6Be79426290f243E913Ba7dDaE206f8Db",
  "fundingWei": "1000000000000000000",
  "timelocks": [
    6
  ],
  "transactions": [
    {
      "role": "deploy",
      "txHash": "0x28fe4c5ff9e10200573bbfa76b154aab9296bba92fd2fe0e665c00f0dd8a1ed3"
    },
    {
      "role": "fund",
      "txHash": "0xc2f40fb1bc8cce4f7e5ea2c621ecd5308fe6a6f52d2d239dd07f035a441a9fdd"
    },
    {
      "role": "claim",
      "txHash": "0xbf9f03d67b98f498d0b3ddd6a1cf772c7bd61b56971d6aca63517e3d2b525358",
      "level": 0,
      "option": 0
    }
  ],
  "txRoles": [
    {
      "role": "deploy",
      "txHash": "0x28fe4c5ff9e10200573bbfa76b154aab9296bba92fd2fe0e665c00f0dd8a1ed3"
    },
    {
      "role": "fund",
      "txHash": "0xc2f40fb1bc8cce4f7e5ea2c621ecd5308fe6a6f52d2d239dd07f035a441a9fdd"
    },
    {
      "role": "claim",
      "txHash": "0xbf9f03d67b98f498d0b3ddd6a1cf772c7bd61b56971d6aca63517e3d2b525358",
      "level": 0,
      "option": 0
    }
  ],
  "deployTxHash": "0x28fe4c5ff9e10200573bbfa76b154aab9296bba92fd2fe0e665c00f0dd8a1ed3",
  "fundTxHash": "0xc2f40fb1bc8cce4f7e5ea2c621ecd5308fe6a6f52d2d239dd07f035a441a9fdd",
  "claimTxHash": "0xbf9f03d67b98f498d0b3ddd6a1cf772c7bd61b56971d6aca63517e3d2b525358",
  "txHash": "0xbf9f03d67b98f498d0b3ddd6a1cf772c7bd61b56971d6aca63517e3d2b525358",
  "tx": "0xbf9f03d67b98f498d0b3ddd6a1cf772c7bd61b56971d6aca63517e3d2b525358"
}
