ganache v7.9.2 (@ganache/cli: 0.10.2, @ganache/core: 0.10.2)
Starting RPC server

Available Accounts
==================
(0) 0xe80E9592F176F2Af33C2fB2De23A0AcC026371aF (1000 ETH)
(1) 0xF68E83361700503cbE3b1cf7fA3D82bC8524f913 (1000 ETH)
(2) 0x619d8f38Cf1dAc05C299F28BDd8d0cad58FacaE6 (1000 ETH)
(3) 0x8c89c945CEcD0aE2E374271880cCc304c656d308 (1000 ETH)
(4) 0x0A22538e24f25b3a29bfbC0Fa190005FA6823074 (1000 ETH)
(5) 0x736389439638Cc205b7823A6cf67e1674B95e101 (1000 ETH)
(6) 0xba907112360740E1ed56c2461604eA0fbDdBb0f7 (1000 ETH)
(7) 0x3AFe2dcdf655f2c3eab04493Ebb27E1FCaED5d92 (1000 ETH)
(8) 0xa9B566bB0b86A5734673429b6708a4cEDf363b30 (1000 ETH)
(9) 0x3eF402631e77FCA87f993DBE9C2927CcdFc3Fe6b (1000 ETH)

Private Keys
==================
(0) 0x3f8bd4ff2efbec5f154fd4f1caf563a63a7bec9a310b1a3ca11ef7fa06f5bf13
(1) 0x444f2841279fd6b56176694f1229dc56ce4f3f3e4332368069e0fcefbfe5986b
(2) 0x7003dd8790e8444496cb411f372f0c36ac69472278eea84220adf24fa7f3a030
(3) 0x2b10705b1f66fea176a7f4b65238d04e1eebfd87e2d85480901469bcc78a26b1
(4) 0x7488478f152ebc9f78ce809516154163e80004ffa544dd5162f857bddd1fd59f
(5) 0xed6f6fe49641330dff934467b9b566e3f09db7b7cd35456dfe0277002f361acd
(6) 0x66f7ebed55c75d39e505310d608592bd4c1073c28f9c13f8d8a1eac8b1b4b841
(7) 0xef6234996e7f5ecf40bc2dfa8ae0b15c5eeafd56fcfc473fe1d3ac95d74fb61e
(8) 0x8d022081104e5e9f8eac0d46240902bfd051ddffd0ce736321e96ac991284190
(9) 0xa1e74e59d391a249dee5fb69c866f0a6f5dc59debe9d44f7b8fd6bc5e35dcc3b

HD Wallet
==================
Mnemonic:      wagon swift choice great announce keen grow gadget midnight lesson problem jewel
Base HD Path:  m/44'/60'/0'/0/{account_index}

Default Gas Price
==================
2000000000

BlockGas Limit
==================
30000000

Call Gas Limit
==================
50000000

Chain
==================
Hardfork: shanghai
Id:       1337

RPC Listening on 127.0.0.1:8545
web3_clientVersion
eth_blockNumber
net_version
eth_accounts
eth_accounts
eth_blockNumber
net_version
eth_getBlockByNumber
eth_estimateGas
eth_getBlockByNumber
eth_gasPrice
eth_sendTransaction

  Transaction: 0x43dc77b317586807d46411e5f2654749e2c8027458379ac29e6116cc6c23d865
  Contract created: 0x253e5decb6e2a9567b352a4552c7f3f921b3cb64
  Gas usage: 1100963
  Block number: 1
  Block time: Thu May 07 2026 21:47:03 GMT+0700 (Indochina Time)

eth_getTransactionReceipt
eth_getCode
eth_getTransactionReceipt
eth_getBlockByNumber
eth_gasPrice
eth_sendTransaction

  Transaction: 0x547179b73550a3e0572f3259817d3fd78451136bc29db3e6ae557af4b75304c9
  Gas usage: 21055
  Block number: 2
  Block time: Thu May 07 2026 21:47:03 GMT+0700 (Indochina Time)

eth_getTransactionReceipt
eth_blockNumber
evm_mine
eth_blockNumber
evm_mine
eth_blockNumber
evm_mine
eth_blockNumber
evm_mine
eth_blockNumber
net_version
eth_getBlockByNumber
eth_estimateGas
eth_getBlockByNumber
eth_gasPrice
eth_sendTransaction

  Transaction: 0x3edbb447793b98aabfed40f1aca29820f27bd378b8833e37601e6294481898f5
  Gas usage: 59561
  Block number: 7
  Block time: Thu May 07 2026 21:47:03 GMT+0700 (Indochina Time)

eth_getTransactionReceipt
eth_blockNumber
eth_getBalance
eth_getTransactionByHash
debug_traceTransaction
eth_getTransactionByHash
debug_traceTransaction
eth_getTransactionByHash
debug_traceTransaction

Received shutdown signal: SIGTERM
Shutting down…
Server has been shut down
