Using network 'development'.

{
  "ok": true,
  "graph_id": "",
  "pair": "D->E|evm|fund:de",
  "pairKey": "D->E|evm|fund:de",
  "contract": "CTLCOnly",
  "scenario": "best_claim",
  "deployGas": "0x117fbb",
  "gasUsed": "72874",
  "disableGasUsed": "",
  "claimGasUsed": "72874",
  "refundGasUsed": "",
  "contractAddress": "0x3aCb22974573B9A6e51D6B254F90302236044804",
  "startBlock": "0",
  "endBlock": "3",
  "finalContractBalanceWei": "0",
  "deployer": "0xa80242C475B5e59f4bfBD8Afd34a63c53f7D7C4b",
  "party": "0x640a444a385Af58D1D40E1B854713f18D026aD3D",
  "counterparty": "0x45455140a44C42622e42864107662f4Ab091b09E",
  "fundingWei": "1000000000000000000",
  "timelocks": [
    8
  ],
  "transactions": [
    {
      "role": "deploy",
      "txHash": "0x29e4d1a1c5bf751159f27f7c2c0933ec76da636024d59bbc8d746233236db757"
    },
    {
      "role": "fund",
      "txHash": "0x40114955ba5cb45fd5cb6b21e25ccebe241cec13655a557c12ca808b405c1512"
    },
    {
      "role": "claim",
      "txHash": "0xc4b6664c26409f5583a8181f67ef7672bc115f4d15e36e6e38b453c0312276bd",
      "level": 0,
      "option": 0
    }
  ],
  "txRoles": [
    {
      "role": "deploy",
      "txHash": "0x29e4d1a1c5bf751159f27f7c2c0933ec76da636024d59bbc8d746233236db757"
    },
    {
      "role": "fund",
      "txHash": "0x40114955ba5cb45fd5cb6b21e25ccebe241cec13655a557c12ca808b405c1512"
    },
    {
      "role": "claim",
      "txHash": "0xc4b6664c26409f5583a8181f67ef7672bc115f4d15e36e6e38b453c0312276bd",
      "level": 0,
      "option": 0
    }
  ],
  "deployTxHash": "0x29e4d1a1c5bf751159f27f7c2c0933ec76da636024d59bbc8d746233236db757",
  "fundTxHash": "0x40114955ba5cb45fd5cb6b21e25ccebe241cec13655a557c12ca808b405c1512",
  "claimTxHash": "0xc4b6664c26409f5583a8181f67ef7672bc115f4d15e36e6e38b453c0312276bd",
  "txHash": "0xc4b6664c26409f5583a8181f67ef7672bc115f4d15e36e6e38b453c0312276bd",
  "tx": "0xc4b6664c26409f5583a8181f67ef7672bc115f4d15e36e6e38b453c0312276bd"
}
