Using network 'development'.

{
  "ok": true,
  "graph_id": "",
  "pair": "D->E|evm|fund:de",
  "pairKey": "D->E|evm|fund:de",
  "contract": "CTLCMultipleEdges",
  "scenario": "worst_claim",
  "deployGas": "0x161390",
  "gasUsed": "133204",
  "disableGasUsed": "52925",
  "claimGasUsed": "80279",
  "refundGasUsed": "",
  "contractAddress": "0x8FE3Db5687d47016aBBe390843F82D990B1F9524",
  "startBlock": "0",
  "endBlock": "10",
  "finalContractBalanceWei": "0",
  "deployer": "0xbB418aA95Dc4Ba463f9010fce247F1aC306b1914",
  "party": "0x18151629C5dA21598a8f23CA64647a5Be6E5Ecb1",
  "counterparty": "0x2ccaA8a9B67ACac6CF16219528bba5da7cb1D6Ba",
  "fundingWei": "1000000000000000000",
  "timelocks": [
    8,
    9
  ],
  "transactions": [
    {
      "role": "deploy",
      "txHash": "0x7445b2f2226647d74fe7157c43a086216d3202bae4b63dbc5a87ac6407b8b78c"
    },
    {
      "role": "fund",
      "txHash": "0xebc9696136965783e9d5530a7f5965e015f82718fda5474c2acb6517db7df896"
    },
    {
      "role": "disable",
      "txHash": "0x9098948e0fca6bd9a6dedc6670d766f741d8977ac9a5f67ae4ebb08d1c98acde",
      "level": 0
    },
    {
      "role": "claim",
      "txHash": "0x46453dc22b0cdbc6f53630fb37db86c98dfa5902fa66bbf6f88bedff0c0082a5",
      "level": 1,
      "option": 0
    }
  ],
  "txRoles": [
    {
      "role": "deploy",
      "txHash": "0x7445b2f2226647d74fe7157c43a086216d3202bae4b63dbc5a87ac6407b8b78c"
    },
    {
      "role": "fund",
      "txHash": "0xebc9696136965783e9d5530a7f5965e015f82718fda5474c2acb6517db7df896"
    },
    {
      "role": "disable",
      "txHash": "0x9098948e0fca6bd9a6dedc6670d766f741d8977ac9a5f67ae4ebb08d1c98acde",
      "level": 0
    },
    {
      "role": "claim",
      "txHash": "0x46453dc22b0cdbc6f53630fb37db86c98dfa5902fa66bbf6f88bedff0c0082a5",
      "level": 1,
      "option": 0
    }
  ],
  "deployTxHash": "0x7445b2f2226647d74fe7157c43a086216d3202bae4b63dbc5a87ac6407b8b78c",
  "fundTxHash": "0xebc9696136965783e9d5530a7f5965e015f82718fda5474c2acb6517db7df896",
  "disableTxHashes": [
    "0x9098948e0fca6bd9a6dedc6670d766f741d8977ac9a5f67ae4ebb08d1c98acde"
  ],
  "disableTxHash": "0x9098948e0fca6bd9a6dedc6670d766f741d8977ac9a5f67ae4ebb08d1c98acde",
  "disableTx": "0x9098948e0fca6bd9a6dedc6670d766f741d8977ac9a5f67ae4ebb08d1c98acde",
  "claimTxHash": "0x46453dc22b0cdbc6f53630fb37db86c98dfa5902fa66bbf6f88bedff0c0082a5",
  "txHash": "0x46453dc22b0cdbc6f53630fb37db86c98dfa5902fa66bbf6f88bedff0c0082a5",
  "tx": "0x46453dc22b0cdbc6f53630fb37db86c98dfa5902fa66bbf6f88bedff0c0082a5"
}
