ganache v7.9.2 (@ganache/cli: 0.10.2, @ganache/core: 0.10.2)
Starting RPC server

Available Accounts
==================
(0) 0x11EF1E83f8F1e990Df78C01aeafd4B5834800825 (1000 ETH)
(1) 0x476963504d67A7009bCB67CCE080368Ad6734eB9 (1000 ETH)
(2) 0x8cC940b553E092067D84827A78137eB510b0fB55 (1000 ETH)
(3) 0x574Da8eaD9562E169390cAEa9beAb73D8f77EC92 (1000 ETH)
(4) 0x8F0978371cAD717034Cc512257Dbb78148B3274E (1000 ETH)
(5) 0xdeAe5Caa28A1094176F78b96028d0719eaaeEC0E (1000 ETH)
(6) 0xC4C172EDC835EFFD49937AE4F434A4786D73dDb1 (1000 ETH)
(7) 0x79F4B9AC3164086Efc279D0627A081DF73D476Fb (1000 ETH)
(8) 0xBD1d539d2D2Bd3DF297f973e39660d6F463FCd63 (1000 ETH)
(9) 0x5bF9cdE7E03F21Da06D876e240b423dFcE8CcDb4 (1000 ETH)

Private Keys
==================
(0) 0xb7839af5f6d428cc8f53105226d3bff46596b0e209cc1297a5c6b83424b61bce
(1) 0x6178a77fdfc86a819add45b64ac0bb2f2018531e047f0a98b9c74af956bf1a13
(2) 0x281dcdb7383d47c672a99b38a66f08a000e5ef2ce72aa8b3ee1cfd2c62893675
(3) 0x55e02383ecf87fbc037d7f1dfcfbad6187cf345ed055e585dda4f7c663950727
(4) 0x5345f771f3f5b4a55d29e98da496837d21d8dd3bdc1499bc9a7ce4334e8ba1c9
(5) 0x1474ec24e40ac35c72311a0b202e18a6cf8fe1cffa815a602008b08377111385
(6) 0x11cf31b51986f821d93359a97ba61c7fa1044dec51e64f39fdcd8163e89c182d
(7) 0x2d39855392ab496fcf991ac3397f89ddae417bd41b080bffa9370f76fbafd285
(8) 0x1826a683f5f3efde994f4e3d3973f74874dba1997772cfcc38c6aec28b94760c
(9) 0x62e769674f6fe01572f9ea6463819faf668e95a91df0bdea240338755311f9f1

HD Wallet
==================
Mnemonic:      avoid inhale caution dice wise client travel stay flame join leg idea
Base HD Path:  m/44'/60'/0'/0/{account_index}

Default Gas Price
==================
2000000000

BlockGas Limit
==================
30000000

Call Gas Limit
==================
50000000

Chain
==================
Hardfork: shanghai
Id:       1337

RPC Listening on 127.0.0.1:8545
web3_clientVersion
eth_blockNumber
net_version
eth_accounts
eth_accounts
eth_blockNumber
net_version
eth_getBlockByNumber
eth_estimateGas
eth_getBlockByNumber
eth_gasPrice
eth_sendTransaction

  Transaction: 0xf9c3a1c206fd889cafa93090c2ffc393d6e871c79cc485e846237a933c99a36c
  Contract created: 0xfa1a42f8115726a729d449b0f5b77cc7aa8650c3
  Gas usage: 1653503
  Block number: 1
  Block time: Thu May 07 2026 22:08:45 GMT+0700 (Indochina Time)

eth_getTransactionReceipt
eth_getCode
eth_getTransactionReceipt
eth_getBlockByNumber
eth_gasPrice
eth_sendTransaction

  Transaction: 0xda24701731335fd09412399958666559e8f66f94863a4a8520e22427cb4c5838
  Gas usage: 21055
  Block number: 2
  Block time: Thu May 07 2026 22:08:46 GMT+0700 (Indochina Time)

eth_getTransactionReceipt
net_version
eth_getBlockByNumber
eth_estimateGas
eth_getBlockByNumber
eth_gasPrice
eth_sendTransaction

  Transaction: 0x3aadefc7a3ee71de91bf55ce45fe041529c4dd086fa041ba4556c009d622d3ce
  Gas usage: 80267
  Block number: 3
  Block time: Thu May 07 2026 22:08:46 GMT+0700 (Indochina Time)

eth_getTransactionReceipt
eth_blockNumber
eth_getBalance
eth_getTransactionByHash
debug_traceTransaction
eth_getTransactionByHash
debug_traceTransaction
eth_getTransactionByHash
debug_traceTransaction

Received shutdown signal: SIGTERM
Shutting down…
Server has been shut down
