COMMAND: python3 experiments/scale_trace/scripts/trace_result_json.py /home/aothuatgiadp/blockchain/project/CTLC-Implementation/experiments/scale_trace/runs/random_v1_116/E-_F_evm_fund_ef_CTLCMultipleEdges_best_claim/result.json /home/aothuatgiadp/blockchain/project/CTLC-Implementation/experiments/scale_trace/runs/random_v1_116/E-_F_evm_fund_ef_CTLCMultipleEdges_best_claim/trace.json
STATUS: 0

STDOUT:
{
  "graph_id": "",
  "pair": "E->F|evm|fund:ef",
  "contract": "CTLCMultipleEdges",
  "scenario": "best_claim",
  "contractAddress": "0xe19f9d25642822A61C2289E6F5c94d37Bf35efb3",
  "traces": {
    "deploy": {
      "tx_hash": "0x8f83cbcb8a82601d9168e251b8566347a21067cd28ba35662e1728c11fffee4d",
      "actual_calldata_bytes": 7817,
      "actual_sstore_count": 13,
      "actual_call_count": 0,
      "opcode_steps": 2160
    },
    "fund": {
      "tx_hash": "0x8b0225582cc2996bb6ea8ca4f66fd5ef7b80b9ad1fde84a7ae9ac9d0d2e82da4",
      "actual_calldata_bytes": 0,
      "actual_sstore_count": 0,
      "actual_call_count": 0,
      "opcode_steps": 13
    },
    "claim_level0": {
      "tx_hash": "0xa235016b1520b9ae1787fea32ed74d4d38d851e8f21a25010382cbf70a7f4738",
      "actual_calldata_bytes": 324,
      "actual_sstore_count": 1,
      "actual_call_count": 1,
      "opcode_steps": 1241
    }
  }
}


STDERR:

