ganache v7.9.2 (@ganache/cli: 0.10.2, @ganache/core: 0.10.2)
Starting RPC server

Available Accounts
==================
(0) 0xB55b966B5B5c4e467Fe494A58055b205cd0e7a00 (1000 ETH)
(1) 0xc8A2eD2172A1ef43529F0ECad095a83450541f46 (1000 ETH)
(2) 0x7A87AEbCf9F45307745198279e73fe353bc05Df2 (1000 ETH)
(3) 0xE7aFD508485808c1168d6e1a4679f1C05218e7F4 (1000 ETH)
(4) 0xCb565e3F07A781DA2f4aA7114cB62e31F9299383 (1000 ETH)
(5) 0xb35Cf850d6c5C19b80706D6e0A49251458DFD4a6 (1000 ETH)
(6) 0xAd4f26e37b0964A2F454f2E3ced09A67C692dD88 (1000 ETH)
(7) 0x220eF0FB9EF199b7970d04B20f6D5FEF113C49c4 (1000 ETH)
(8) 0xb300EE856979Cd8B3FdCAfD9594baa9da10f1c28 (1000 ETH)
(9) 0x4782e26ed1ecC42b2d8BfD7e1b59433417E184C4 (1000 ETH)

Private Keys
==================
(0) 0xef4aed9ecf9248d9ead8239dd24132b427de3c632d3fe0543dfd210b60936933
(1) 0x8fef557a9584fa046b15385c7cd7e0a9168b091622ed5b336c8f874670db581f
(2) 0xf8843c1620385b9814056aa37d96bb2092f3f928d93613b943bf473d597ba267
(3) 0x4285b5e22c19100a284763d8fdb87a07866a10ed047005412fcc1278208d2504
(4) 0x2374343999b14e894dda130352a20ec80a5f584d1f75a7c8a699ec4c745016a1
(5) 0x22fc99848f1226fb20ea7b06214201ef86e2e5094ae6002a2642ae6d4448e047
(6) 0x5605e3da2edd98c7653ab13fe09b00134e495820e1d7e5ad4794b3651b9aae78
(7) 0x1cb9e85d77d17b04e5b4c8ad6dea60e08e59cc845173c489505918b1f24c727e
(8) 0x9c34bf313a78b1c9ba5f63292efc8601c151a198a1ae7a61605073512fe5e6a6
(9) 0xc03b389e58de16dc3f152c5ec04e611be5382675cd81ad7ab3bc7002ef5fea58

HD Wallet
==================
Mnemonic:      arctic file tank morning switch pumpkin decrease silver better volume dawn shrug
Base HD Path:  m/44'/60'/0'/0/{account_index}

Default Gas Price
==================
2000000000

BlockGas Limit
==================
30000000

Call Gas Limit
==================
50000000

Chain
==================
Hardfork: shanghai
Id:       1337

RPC Listening on 127.0.0.1:8545
web3_clientVersion
eth_blockNumber
net_version
eth_accounts
eth_accounts
eth_blockNumber
net_version
eth_getBlockByNumber
eth_estimateGas
eth_getBlockByNumber
eth_gasPrice
eth_sendTransaction

  Transaction: 0xd5c44b6d629669c4a159781905123e5695292a9c355abdf5d486b81d534eeef6
  Contract created: 0xeee42d37b818caef237c938ec1bf3f4962806380
  Gas usage: 1123899
  Block number: 1
  Block time: Fri May 08 2026 03:21:10 GMT+0700 (Indochina Time)

eth_getTransactionReceipt
eth_getCode
eth_getTransactionReceipt
eth_getBlockByNumber
eth_gasPrice
eth_sendTransaction

  Transaction: 0x67584351741527e678f4d16e80dbd745ff39ba6c3cc8137c5be2420bb3955888
  Gas usage: 21055
  Block number: 2
  Block time: Fri May 08 2026 03:21:10 GMT+0700 (Indochina Time)

eth_getTransactionReceipt
net_version
eth_getBlockByNumber
eth_estimateGas
eth_getBlockByNumber
eth_gasPrice
eth_sendTransaction

  Transaction: 0xdd6bf8a8d33708ce906ae7f630295578789425c403eeedb0bab0a842e1327dad
  Gas usage: 68747
  Block number: 3
  Block time: Fri May 08 2026 03:21:10 GMT+0700 (Indochina Time)

eth_getTransactionReceipt
eth_blockNumber
eth_getBalance
eth_getTransactionByHash
debug_traceTransaction
eth_getTransactionByHash
debug_traceTransaction
eth_getTransactionByHash
debug_traceTransaction

Received shutdown signal: SIGTERM
Shutting down…
Server has been shut down
