ganache v7.9.2 (@ganache/cli: 0.10.2, @ganache/core: 0.10.2)
Starting RPC server

Available Accounts
==================
(0) 0x5D962fB131a651A165dA17a326363E95E8C79056 (1000 ETH)
(1) 0xF09Dca1Ada38c0ddD65AA6a1F6DbA21fEdB18C75 (1000 ETH)
(2) 0xDEFF2e176bf95D692A993cb2485F355fE27daA02 (1000 ETH)
(3) 0x13d6fFbfFd59Acee62eE9011d7E04CBd694dd2E0 (1000 ETH)
(4) 0xF0A7C8CA61E7E5A03971622F6361907dAA4B7a93 (1000 ETH)
(5) 0x1A242E2F291062012Da70421C55DbC1D85f2d615 (1000 ETH)
(6) 0x76A3cf18502CEf00691f84E3f7094Af074CeDc42 (1000 ETH)
(7) 0x5F1a16a56dd3c98EDb2F01053341Ba016510290e (1000 ETH)
(8) 0xAEE01b1a7ae74C93d6223382385Ce89631Ea7D2f (1000 ETH)
(9) 0xBE9f15e1a394A5938b11Cee7E74D2Db6450c1Af9 (1000 ETH)

Private Keys
==================
(0) 0xff4509f5dc87e1f55dbe2faef55a00f963a8ef40040865bc72d05242478913a0
(1) 0x250ada39f132909b4e8d426b4f52daef679043043035d45f0307b96b3ccee033
(2) 0xd1e46019814f8bab175612b9400d99f4f1c0ead53a7b405c0c865b346a0f33f0
(3) 0x529c2551331b20c0ecc8a6d9be9c9356c7a7d830c74ccda0883ecff3b5e65d67
(4) 0xa41f492f0bcbe1baddd2d60143966ae859046e5a51e007394ca4037fc773b724
(5) 0x6ce68262abc06ac003f16533d6845ac609ba01b044171abb0854d1a4f294ef34
(6) 0x44656316063d846de761a0fed82056b755029ef402e1c8fc6318686cd3c77367
(7) 0x8280958895ff9c01540d6fbce82e1a53101aafc9eb7e23c7547f557ed21665fe
(8) 0x8f68122609a096dc6248ae822b29e1d7e0ad3c974777ba1667f4a17d369d1600
(9) 0x11a592917eddecf9a8e2748c8e1b809bba9e3a4a32064f436cf92dbf1b11dd8c

HD Wallet
==================
Mnemonic:      rate indoor cake panel detect lonely bone identify elite detail grape rather
Base HD Path:  m/44'/60'/0'/0/{account_index}

Default Gas Price
==================
2000000000

BlockGas Limit
==================
30000000

Call Gas Limit
==================
50000000

Chain
==================
Hardfork: shanghai
Id:       1337

RPC Listening on 127.0.0.1:8545
web3_clientVersion
eth_blockNumber
net_version
eth_accounts
eth_accounts
eth_blockNumber
net_version
eth_getBlockByNumber
eth_estimateGas
eth_getBlockByNumber
eth_gasPrice
eth_sendTransaction

  Transaction: 0xb29dbf47c26c4d369da9165b1188a549a0b6939bea1cc4d131565d28653ab734
  Contract created: 0xbe70885b7697592288188a03f7c076734d86e0d1
  Gas usage: 1123899
  Block number: 1
  Block time: Fri May 08 2026 03:39:28 GMT+0700 (Indochina Time)

eth_getTransactionReceipt
eth_getCode
eth_getTransactionReceipt
eth_getBlockByNumber
eth_gasPrice
eth_sendTransaction

  Transaction: 0x77ceb624201b0fdf5eacc489198d7ffcd16a5508b5162fd1a1236bc61c43e2f3
  Gas usage: 21055
  Block number: 2
  Block time: Fri May 08 2026 03:39:28 GMT+0700 (Indochina Time)

eth_getTransactionReceipt
net_version
eth_getBlockByNumber
eth_estimateGas
eth_getBlockByNumber
eth_gasPrice
eth_sendTransaction

  Transaction: 0x251702d733fe7b75ebb1c5058dd9d9cc28658f59bca5405766c8437b0b4b2a15
  Gas usage: 68747
  Block number: 3
  Block time: Fri May 08 2026 03:39:28 GMT+0700 (Indochina Time)

eth_getTransactionReceipt
eth_blockNumber
eth_getBalance
eth_getTransactionByHash
debug_traceTransaction
eth_getTransactionByHash
debug_traceTransaction
eth_getTransactionByHash
debug_traceTransaction

Received shutdown signal: SIGTERM
Shutting down…
Server has been shut down
