ganache v7.9.2 (@ganache/cli: 0.10.2, @ganache/core: 0.10.2)
Starting RPC server

Available Accounts
==================
(0) 0x68456547510B387c6d58733aeDFb6435f439a249 (1000 ETH)
(1) 0x9e3130B84467AE9515198EC87DD64cE6382AF999 (1000 ETH)
(2) 0x9aa4669b590a0d8b0E10E0090781fd9A00601F57 (1000 ETH)
(3) 0x7e34896588Ab71D77431454fE117D5F0781407b0 (1000 ETH)
(4) 0x704e8cD9C8740046F967f93c6408e68D50c560A5 (1000 ETH)
(5) 0x04EDBF98294560e9C9bb57EAA57dD4308d1c2ceE (1000 ETH)
(6) 0x937e2496108B5c6a8Fd3AF903543F41528384044 (1000 ETH)
(7) 0x93699247D62F6e22239B670dDa6393b58455F3AD (1000 ETH)
(8) 0xebb3f2cAccEf012264fB06E9F38FDd522eEdE957 (1000 ETH)
(9) 0x832EBF0526247A5CEad43F7C63a137D8792b4639 (1000 ETH)

Private Keys
==================
(0) 0x2cc44e2304e35f9a6f0e835c51f3e2bf7681801fb55dee3798a7b3fdbdb39817
(1) 0x364731662f45bc93895c356f19334bf51a1edfdf95cb0d83fe543c6f74c8d2a3
(2) 0xb9718d3eb323f5d378298905a9c935a81b2e512c302f1f198674571a5570607f
(3) 0x14442ea02d8dcee2688fa512be882aa377e0b2a9eb1b3fad6754e0d891afbe26
(4) 0xec5b975b667c145f591fad0ca1e0078e49f8de931eb0bb6c10469f32d013ea77
(5) 0x7046af5714e6aef7427726dca66825621786fa96af98ee438affaffbbeb11f2c
(6) 0x45f639383eb6f768de34ac52748f1a94ceb5a508dcc3d885ba780ea77e3637a3
(7) 0x0edf73052a97a7df848d58ba05a1ba3dc613c2fe734ee8ffd23fc05eb0fcaa9d
(8) 0x65a5925e975c96396ffc580f28707c9143b5afded427c972467707c3a3e2aa3a
(9) 0x02adbda62d22376c8bc3a391472a24e6887a84c637ce991fe706230af30d6393

HD Wallet
==================
Mnemonic:      gather dynamic dress pulp eternal raise mistake virtual fortune approve arrow room
Base HD Path:  m/44'/60'/0'/0/{account_index}

Default Gas Price
==================
2000000000

BlockGas Limit
==================
30000000

Call Gas Limit
==================
50000000

Chain
==================
Hardfork: shanghai
Id:       1337

RPC Listening on 127.0.0.1:8545
web3_clientVersion
eth_blockNumber
net_version
eth_accounts
eth_accounts
eth_blockNumber
net_version
eth_getBlockByNumber
eth_estimateGas
eth_getBlockByNumber
eth_gasPrice
eth_sendTransaction

  Transaction: 0xac61a80de150e009f8fb402d2e08256d599ee769b38ab8cbee10dfe0e1c4f6ca
  Contract created: 0x77e6d6baf8ccc9de734b00c28e4727c4921744c1
  Gas usage: 1169711
  Block number: 1
  Block time: Fri May 08 2026 00:59:50 GMT+0700 (Indochina Time)

eth_getTransactionReceipt
eth_getCode
eth_getTransactionReceipt
eth_getBlockByNumber
eth_gasPrice
eth_sendTransaction

  Transaction: 0xce86444658015f644708e695adf7a8ff82bcf11e84684d861662f3350ba4582a
  Gas usage: 21055
  Block number: 2
  Block time: Fri May 08 2026 00:59:50 GMT+0700 (Indochina Time)

eth_getTransactionReceipt
net_version
eth_getBlockByNumber
eth_estimateGas
eth_getBlockByNumber
eth_gasPrice
eth_sendTransaction

  Transaction: 0xa48312727efdae9370bfb2eb69fae321699d1eee733a2881097976e63d37c728
  Gas usage: 77013
  Block number: 3
  Block time: Fri May 08 2026 00:59:50 GMT+0700 (Indochina Time)

eth_getTransactionReceipt
eth_blockNumber
eth_getBalance
eth_getTransactionByHash
debug_traceTransaction
eth_getTransactionByHash
debug_traceTransaction
eth_getTransactionByHash
debug_traceTransaction

Received shutdown signal: SIGTERM
Shutting down…
Server has been shut down
