ganache v7.9.2 (@ganache/cli: 0.10.2, @ganache/core: 0.10.2)
Starting RPC server

Available Accounts
==================
(0) 0x717E6bc13E355FEee159473e1Ee085C5d80EF030 (1000 ETH)
(1) 0xdc2B8EDdb0f9Ac2059709C2908c3aF095d14A8a2 (1000 ETH)
(2) 0x4d45F29BbDC784d300BFCb359A24b891bD76E242 (1000 ETH)
(3) 0xED01b17b42a835DE6CA6804E55EC5507CEEa1B38 (1000 ETH)
(4) 0x18Ef672ee68F7b0f50B0bF3E6a83847928E91aF8 (1000 ETH)
(5) 0x62f8A1946d9C34e943F06e3234642aEf5A7d713e (1000 ETH)
(6) 0x033b61D33bb4CA26e2A04F24e53784546F67819b (1000 ETH)
(7) 0x83dC2C91C050D5747B12cD808B06773BaC921281 (1000 ETH)
(8) 0xdCb09d8Aa9c14B0590912B728E2a39195279C1d1 (1000 ETH)
(9) 0xbcDF1e25e4e684e43D3A3b1144b1D6F735f64281 (1000 ETH)

Private Keys
==================
(0) 0x3b324afb6926bbda573bea1a430e0bde8d523779d94b5618b118db835f5b4735
(1) 0x5af617a248bc56fe372e829489a879bc293243d7d0f11fd1016e8003139cd4a0
(2) 0x05e03680b8c0ce431143406b435c53279d5476d8d3886da30bf50d676e412ab9
(3) 0xb704c6e444f076f122fe18d45a3475137cb0cddef51e769b3a79997cdac5775f
(4) 0x0b4ebe6f52f1aee9e491152e42962e720a21eaa3c55856192ddf70d7096c42af
(5) 0xfa18316c5f55ed44c3bd56cbcab7e3d4becfc74dd417043939b112cc0a62f7fc
(6) 0x956c3b53a3f5b6cc0a30616e66316e71f770e5056275b346aaa6656e520a2d95
(7) 0x15629dc5d9f8b7edcef66b91b2d36da50ac721d87ffde37e81ec6783015d15de
(8) 0xb45e924188ab0ff8e8ffa6af29452e3606d6041265a15fb84e83675aaf47f248
(9) 0xfb99265c8555e0c4ca1819d0a824f1b0f036d68c01f1027f0e81290fe6fb2868

HD Wallet
==================
Mnemonic:      galaxy movie erupt vital nerve sand rally cement mind sudden alley process
Base HD Path:  m/44'/60'/0'/0/{account_index}

Default Gas Price
==================
2000000000

BlockGas Limit
==================
30000000

Call Gas Limit
==================
50000000

Chain
==================
Hardfork: shanghai
Id:       1337

RPC Listening on 127.0.0.1:8545
web3_clientVersion
eth_blockNumber
net_version
eth_accounts
eth_accounts
eth_blockNumber
net_version
eth_getBlockByNumber
eth_estimateGas
eth_getBlockByNumber
eth_gasPrice
eth_sendTransaction

  Transaction: 0x4e7e9151f8b84c976e07f32652eca7c8ae91b2d59269896d6e7cdde5e7bbf540
  Contract created: 0xe95f3bcc19ef35c8504df29cf07cdc6fb542cb94
  Gas usage: 1123899
  Block number: 1
  Block time: Fri May 08 2026 00:20:10 GMT+0700 (Indochina Time)

eth_getTransactionReceipt
eth_getCode
eth_getTransactionReceipt
eth_getBlockByNumber
eth_gasPrice
eth_sendTransaction

  Transaction: 0x73064a99877ab4c922761ccbbfbc7ab9a060fb2e3d8cc8d14ef2e4c8eb9f7666
  Gas usage: 21055
  Block number: 2
  Block time: Fri May 08 2026 00:20:10 GMT+0700 (Indochina Time)

eth_getTransactionReceipt
eth_blockNumber
evm_mine
eth_blockNumber
evm_mine
eth_blockNumber
evm_mine
eth_blockNumber
evm_mine
eth_blockNumber
evm_mine
eth_blockNumber
net_version
eth_getBlockByNumber
eth_estimateGas
eth_getBlockByNumber
eth_gasPrice
eth_sendTransaction

  Transaction: 0x5b79f4f99c26b564ad031aa6a3e0aaa29c0f01948d0fb858bb9061c0aa65bc12
  Gas usage: 59561
  Block number: 8
  Block time: Fri May 08 2026 00:20:10 GMT+0700 (Indochina Time)

eth_getTransactionReceipt
eth_blockNumber
eth_getBalance
eth_getTransactionByHash
debug_traceTransaction
eth_getTransactionByHash
debug_traceTransaction
eth_getTransactionByHash
debug_traceTransaction

Received shutdown signal: SIGTERM
Shutting down…
Server has been shut down
