ganache v7.9.2 (@ganache/cli: 0.10.2, @ganache/core: 0.10.2)
Starting RPC server

Available Accounts
==================
(0) 0x74b1baf3bc3597ab11099a2eAd3feD55518a0A67 (1000 ETH)
(1) 0x1D8aa8f7965998C782a535a277E3285be32Cf9Cd (1000 ETH)
(2) 0x49d6a70c543a2692844e838f40d91b57c6F76078 (1000 ETH)
(3) 0x8c111d6Cb527a123C27f8DBC2b4434d858518B08 (1000 ETH)
(4) 0xBD487d90D9119Be965fEd4b85feF0e7d3Ef98C40 (1000 ETH)
(5) 0xD7A9b16d65d9Cf9479853fFd39431Ae54188C907 (1000 ETH)
(6) 0x6328BeF52bB500C00272855803f354F12c3b9FC7 (1000 ETH)
(7) 0x4DEbEb3681Ea50a3B3979AdCF552d4297EbB5d28 (1000 ETH)
(8) 0xC60533caa38466ec5dFb6B28f2a82833F0EdCF6E (1000 ETH)
(9) 0xc0415b4cE99F038769B260131dFdd1d6239a725F (1000 ETH)

Private Keys
==================
(0) 0xd6e9b37e9474aa9e1eee5391b72163959a648728b8bdc590fe5a83cf273cddeb
(1) 0x8e0f17cb2c8a1923f41b707e78c8b21c894bf42b1efd122ca2e8d5c1bf449f3b
(2) 0xb28f49e40e1497dbc899df5f8f781ddc19781251f27ff18c69bfb7d37774b896
(3) 0xf0e92136da3c110539259647454939b0aa8ab3b1bef08264d300048c590ce9b8
(4) 0xe6e0c1ef6663e5c18dc8de02bac2054c5f18876db41cb3dfad182a28a1670634
(5) 0x46dcff1a32d15b9a60af80f4dd28336b8bb982be53428d14453981f5bccad0c8
(6) 0xe46c9949c1f630ac87ac35f98750918f5620c58ea9ded6090c9800a152f64ab8
(7) 0x025a7daafa9c746ade541995a7b0d027976e0e535e48f8517c6b584bfe6c8afa
(8) 0x4d6342d3d89624c4d129098dfe59a67aee22d0f08ace0a99bd0bf7743e460946
(9) 0x53a0fda4ede83425caf42f486d2f93b92284eba7a05e28aff28041345e31d82d

HD Wallet
==================
Mnemonic:      artwork route miracle heavy onion opera sea engine visual green screen unlock
Base HD Path:  m/44'/60'/0'/0/{account_index}

Default Gas Price
==================
2000000000

BlockGas Limit
==================
30000000

Call Gas Limit
==================
50000000

Chain
==================
Hardfork: shanghai
Id:       1337

RPC Listening on 127.0.0.1:8545
web3_clientVersion
eth_blockNumber
net_version
eth_accounts
eth_accounts
eth_blockNumber
net_version
eth_getBlockByNumber
eth_estimateGas
eth_getBlockByNumber
eth_gasPrice
eth_sendTransaction

  Transaction: 0x43db51a10d3c80f6bcb793d3c9ff01d880e95ad591939fd13fe4fa115ccc6064
  Contract created: 0x69f44d3c723774eddfe125b56201ac7400263d84
  Gas usage: 1284894
  Block number: 1
  Block time: Fri May 08 2026 03:32:57 GMT+0700 (Indochina Time)

eth_getTransactionReceipt
eth_getCode
eth_getTransactionReceipt
eth_getBlockByNumber
eth_gasPrice
eth_sendTransaction

  Transaction: 0x3bb8f4db4db3f15740135b4c27ac34b1b8863fb25bae3266f73a8fbfb2c7507f
  Gas usage: 21055
  Block number: 2
  Block time: Fri May 08 2026 03:32:57 GMT+0700 (Indochina Time)

eth_getTransactionReceipt
eth_blockNumber
evm_mine
eth_blockNumber
evm_mine
eth_blockNumber
evm_mine
eth_blockNumber
evm_mine
eth_blockNumber
evm_mine
eth_blockNumber
evm_mine
eth_blockNumber
net_version
eth_getBlockByNumber
eth_estimateGas
eth_getBlockByNumber
eth_gasPrice
eth_sendTransaction

  Transaction: 0x05db71312bbcaba7b45ecab5b226824452ff0666f453290be83e336b21ff2936
  Gas usage: 52947
  Block number: 9
  Block time: Fri May 08 2026 03:32:57 GMT+0700 (Indochina Time)

eth_getTransactionReceipt
eth_blockNumber
net_version
eth_getBlockByNumber
eth_estimateGas
eth_getBlockByNumber
eth_gasPrice
eth_sendTransaction

  Transaction: 0x3853cb0cd9f6b24046265b4aa6cfd539843dd5ef62f62f1d72a818ee34d0c01e
  Gas usage: 59561
  Block number: 10
  Block time: Fri May 08 2026 03:32:57 GMT+0700 (Indochina Time)

eth_getTransactionReceipt
eth_blockNumber
eth_getBalance
eth_getTransactionByHash
debug_traceTransaction
eth_getTransactionByHash
debug_traceTransaction
eth_getTransactionByHash
debug_traceTransaction
eth_getTransactionByHash
debug_traceTransaction

Received shutdown signal: SIGTERM
Shutting down…
Server has been shut down
