ganache v7.9.2 (@ganache/cli: 0.10.2, @ganache/core: 0.10.2)
Starting RPC server

Available Accounts
==================
(0) 0x4330BB38375120F39dce38d1F96A1313436899e1 (1000 ETH)
(1) 0x54B59953e5f9E077FF727b84770f697B938e8aB0 (1000 ETH)
(2) 0x50186831120606865d59e769b06d16b22690dD2B (1000 ETH)
(3) 0xa87d8fa24889d0759E18A925D6ed7dC51566cB9F (1000 ETH)
(4) 0x2AC29decEa8D4208C47ECDa14CFbC9C28b700ef4 (1000 ETH)
(5) 0xFC2ad11dF62D60Bcf7A5E0097Ef44b90aA24Da59 (1000 ETH)
(6) 0x7f9b5cC9A98f9624B88f60fc8c63DB6Fb4b0e5AC (1000 ETH)
(7) 0x25D17A93e2344D10a6B6BBB4dB98Ed96560A6aD3 (1000 ETH)
(8) 0x0F43536aa226FE07632AB9bC494ee5ded6f775C5 (1000 ETH)
(9) 0x2fb293d5828f1B74d7871b8293932058D897779b (1000 ETH)

Private Keys
==================
(0) 0xfb6a7b4ebc2486df4a78bdf959a4b3585da398f47bca7060e483edf06db41237
(1) 0xd9853f60a0537885f919f16f9f46823a15306b727dab185527b71100050d5457
(2) 0xc914e99def9f94f17ce4e72846304d0f7214f804cfb7e39e942e29a62a0ddd8d
(3) 0x0558cae38eedc71e29624994e29f662e5b6ccf7ad917d49390c22181c829650d
(4) 0x6e8ac821f037b1737d1cfd50594b0a941f712698829ff4233bb72af549624264
(5) 0x0a0c6f2d4cda43f1dcda3f15d2bb81347ab8e4fb1e6f3dce837d7ac42c0d3758
(6) 0x9f45f5d4c9466b797cd2faa9d0443d6d74215fd7e68627f5acf4061c87e3a49e
(7) 0x7651a71352449541e2b04a811aa963f80bfbe57aea824684eedf81198f5e724c
(8) 0x0582fb0bff28021478b582e760e24e28df8728d083e606849d557df4bf3c256a
(9) 0x5b07968a86cf45dd5e5119c0111a55be2132f0e02aec8e2e18d351e04489dba3

HD Wallet
==================
Mnemonic:      tiger tool short draft erase plastic enroll brick damp keep worry hair
Base HD Path:  m/44'/60'/0'/0/{account_index}

Default Gas Price
==================
2000000000

BlockGas Limit
==================
30000000

Call Gas Limit
==================
50000000

Chain
==================
Hardfork: shanghai
Id:       1337

RPC Listening on 127.0.0.1:8545
web3_clientVersion
eth_blockNumber
net_version
eth_accounts
eth_accounts
eth_blockNumber
net_version
eth_getBlockByNumber
eth_estimateGas
eth_getBlockByNumber
eth_gasPrice
eth_sendTransaction

  Transaction: 0x4c9f410b55774dcbc677ada0be2ebd6839dda7631022c3e4f01f2c6b1460b829
  Contract created: 0x70f2fb71a014fd4ec885eca4e1c4c21fbb956430
  Gas usage: 1193638
  Block number: 1
  Block time: Fri May 08 2026 01:10:53 GMT+0700 (Indochina Time)

eth_getTransactionReceipt
eth_getCode
eth_getTransactionReceipt
eth_getBlockByNumber
eth_gasPrice
eth_sendTransaction

  Transaction: 0x316dad009464a5e27d740aea69baf8bf47b8e081694c27b8833c55c6e98a4816
  Gas usage: 21055
  Block number: 2
  Block time: Fri May 08 2026 01:10:53 GMT+0700 (Indochina Time)

eth_getTransactionReceipt
net_version
eth_getBlockByNumber
eth_estimateGas
eth_getBlockByNumber
eth_gasPrice
eth_sendTransaction

  Transaction: 0x6a218499cae061d95c245519e4e7951c00e67e16926a66fa189b4ddcd4d52b32
  Gas usage: 67334
  Block number: 3
  Block time: Fri May 08 2026 01:10:53 GMT+0700 (Indochina Time)

eth_getTransactionReceipt
eth_blockNumber
eth_getBalance
eth_getTransactionByHash
debug_traceTransaction
eth_getTransactionByHash
debug_traceTransaction
eth_getTransactionByHash
debug_traceTransaction

Received shutdown signal: SIGTERM
Shutting down…
Server has been shut down
