Using network 'development'.

{
  "ok": true,
  "graph_id": "",
  "pair": "B->C|evm|fund:bc",
  "pairKey": "B->C|evm|fund:bc",
  "contract": "CTLCMultipleEdges",
  "scenario": "best_claim",
  "deployGas": "0x2470b6",
  "gasUsed": "88906",
  "disableGasUsed": "",
  "claimGasUsed": "88906",
  "refundGasUsed": "",
  "contractAddress": "0x033231F02C31B17B0376b077677f9CE874f3829e",
  "startBlock": "0",
  "endBlock": "3",
  "finalContractBalanceWei": "0",
  "deployer": "0x6c15BF5266717D398945516cc8eC4117b0ecB1bC",
  "party": "0x91B316EAd0a2C59657fED73F26fd3Ba52589b35E",
  "counterparty": "0xBA788D82CE180e7D2d2e3A3ca5c55967fF315e0F",
  "fundingWei": "1000000000000000000",
  "timelocks": [
    11
  ],
  "transactions": [
    {
      "role": "deploy",
      "txHash": "0x5f17f116b980d6667bece254631386f6cb5e0752d7e0c7d5fb1f1b0c5642a1d9"
    },
    {
      "role": "fund",
      "txHash": "0xaffaebb0547120d8879e3e74d0b97ef13d3f2cea760a9e8e5add71cf615a3650"
    },
    {
      "role": "claim",
      "txHash": "0x53d1cb718cec2cc2f62f12199fe2e211507d308cd608419803db1540e4bf5bb6",
      "level": 0,
      "option": 0
    }
  ],
  "txRoles": [
    {
      "role": "deploy",
      "txHash": "0x5f17f116b980d6667bece254631386f6cb5e0752d7e0c7d5fb1f1b0c5642a1d9"
    },
    {
      "role": "fund",
      "txHash": "0xaffaebb0547120d8879e3e74d0b97ef13d3f2cea760a9e8e5add71cf615a3650"
    },
    {
      "role": "claim",
      "txHash": "0x53d1cb718cec2cc2f62f12199fe2e211507d308cd608419803db1540e4bf5bb6",
      "level": 0,
      "option": 0
    }
  ],
  "deployTxHash": "0x5f17f116b980d6667bece254631386f6cb5e0752d7e0c7d5fb1f1b0c5642a1d9",
  "fundTxHash": "0xaffaebb0547120d8879e3e74d0b97ef13d3f2cea760a9e8e5add71cf615a3650",
  "claimTxHash": "0x53d1cb718cec2cc2f62f12199fe2e211507d308cd608419803db1540e4bf5bb6",
  "txHash": "0x53d1cb718cec2cc2f62f12199fe2e211507d308cd608419803db1540e4bf5bb6",
  "tx": "0x53d1cb718cec2cc2f62f12199fe2e211507d308cd608419803db1540e4bf5bb6"
}
