ganache v7.9.2 (@ganache/cli: 0.10.2, @ganache/core: 0.10.2)
Starting RPC server

Available Accounts
==================
(0) 0xd2D487d2E6F811BA22Db4d9951ceBA7922a686dd (1000 ETH)
(1) 0x8C73Fae055e0159AE9E608A0426f5eF0E327Ed6F (1000 ETH)
(2) 0x5799969B3a0bc5771B437c57B01f41A133F30A05 (1000 ETH)
(3) 0x010646Bc74CFff0F79c45c5231633554E961f559 (1000 ETH)
(4) 0xe13319C84d75938E4E9814298bCb5b2f648A2791 (1000 ETH)
(5) 0x057590cA45017C48135257863b3abAac573f49D9 (1000 ETH)
(6) 0x5B68e6936CCB65bCF713ceF4D6C9B77C083F52c1 (1000 ETH)
(7) 0x4deCACb3485818011FD5650D4c3235b68c9Cd322 (1000 ETH)
(8) 0xe7daA4914e306adb66D91624bE90e8b2C4A658e5 (1000 ETH)
(9) 0xFfA14b183213B4Ad7c75C78a952de2597875f688 (1000 ETH)

Private Keys
==================
(0) 0xb62ef5a6cafdcf883043f0a4c677162a9faef190beae730553a091daf778c776
(1) 0x6314d49728a3d50820002ce3160c11518c77f2af2ab36b6553b6ec521d97d3e0
(2) 0x56215cc4cec9efe97d5b9dbf060b92a16aa090751c75f94bdb5bd0b8986e80ca
(3) 0xc0f08580fb773ee61f223f2903d2a03b91d53aa5201d1cc654b8a95c06d884b5
(4) 0x3a26a0f0b17f7624f9d7d761d27aece5b2c7ffd414e32b91132dacacfafc1551
(5) 0xe14208efe4ffd4e74166479e0ca33879773b3d459d6a3fd3b8f3d875d81865cb
(6) 0xf6c9eab716546e6678eb1341dde1a3fd8665d1ef8ab98964a734c3fa7438e236
(7) 0x9396d51ceeea6cd0666cd2a4367ce9bde5c3a47bf37541f4e438025d3dd85aee
(8) 0x1870c5ae0bb1f61e59a367d1de4c2015794446e8686fe461d5016823c4f456da
(9) 0x0829eeb303c1d000069fd9ef1632011ed2d303fa132ddfab721613582e66edc7

HD Wallet
==================
Mnemonic:      fuel slender surround surface wedding pink impulse wonder struggle absorb marriage crucial
Base HD Path:  m/44'/60'/0'/0/{account_index}

Default Gas Price
==================
2000000000

BlockGas Limit
==================
30000000

Call Gas Limit
==================
50000000

Chain
==================
Hardfork: shanghai
Id:       1337

RPC Listening on 127.0.0.1:8545
web3_clientVersion
eth_blockNumber
net_version
eth_accounts
eth_accounts
eth_blockNumber
net_version
eth_getBlockByNumber
eth_estimateGas
eth_getBlockByNumber
eth_gasPrice
eth_sendTransaction

  Transaction: 0xb2ad5449a34cf086177d41c6ebb682bfa8ef11b64a4b54de4495f34387e86bc9
  Contract created: 0xc24787de86ca3489c4df91e0ea55c31a7c3de21e
  Gas usage: 2182697
  Block number: 1
  Block time: Fri May 08 2026 02:02:14 GMT+0700 (Indochina Time)

eth_getTransactionReceipt
eth_getCode
eth_getTransactionReceipt
eth_getBlockByNumber
eth_gasPrice
eth_sendTransaction

  Transaction: 0x3249ad5cbcaec935fe561af81cc456a73c297f4648450e45a1b4cd82530ccfee
  Gas usage: 21055
  Block number: 2
  Block time: Fri May 08 2026 02:02:14 GMT+0700 (Indochina Time)

eth_getTransactionReceipt
eth_blockNumber
evm_mine
eth_blockNumber
evm_mine
eth_blockNumber
evm_mine
eth_blockNumber
evm_mine
eth_blockNumber
evm_mine
eth_blockNumber
evm_mine
eth_blockNumber
net_version
eth_getBlockByNumber
eth_estimateGas
eth_getBlockByNumber
eth_gasPrice
eth_sendTransaction

  Transaction: 0xc9639e62ca779212248d0035c69b5f2337660cae2f53a628cbe8fce5316f72c3
  Gas usage: 52925
  Block number: 9
  Block time: Fri May 08 2026 02:02:15 GMT+0700 (Indochina Time)

eth_getTransactionReceipt
eth_blockNumber
evm_mine
eth_blockNumber
net_version
eth_getBlockByNumber
eth_estimateGas
eth_getBlockByNumber
eth_gasPrice
eth_sendTransaction

  Transaction: 0x61554ed2bcfe524fcb596af40645423ceccf82aead0f7d8dafc2e944cdaa0442
  Gas usage: 35837
  Block number: 11
  Block time: Fri May 08 2026 02:02:15 GMT+0700 (Indochina Time)

eth_getTransactionReceipt
eth_blockNumber
net_version
eth_getBlockByNumber
eth_estimateGas
eth_getBlockByNumber
eth_gasPrice
eth_sendTransaction

  Transaction: 0x9ef5dabdbd14dab8e09595970960c6fb775055b46a1938714b93a6ff8f586b03
  Gas usage: 59539
  Block number: 12
  Block time: Fri May 08 2026 02:02:15 GMT+0700 (Indochina Time)

eth_getTransactionReceipt
eth_blockNumber
eth_getBalance
eth_getTransactionByHash
debug_traceTransaction
eth_getTransactionByHash
debug_traceTransaction
eth_getTransactionByHash
debug_traceTransaction
eth_getTransactionByHash
debug_traceTransaction
eth_getTransactionByHash
debug_traceTransaction

Received shutdown signal: SIGTERM
Shutting down…
Server has been shut down
