Using network 'development'.

{
  "ok": true,
  "graph_id": "",
  "pair": "D->B|evm|fund:db",
  "pairKey": "D->B|evm|fund:db",
  "contract": "CTLCMultipleEdges",
  "scenario": "best_claim",
  "deployGas": "0x139ca6",
  "gasUsed": "75948",
  "disableGasUsed": "",
  "claimGasUsed": "75948",
  "refundGasUsed": "",
  "contractAddress": "0x20bF01EC101071B7E870DC4C9FcA5E765A2a1e50",
  "startBlock": "0",
  "endBlock": "3",
  "finalContractBalanceWei": "0",
  "deployer": "0xcFF63D2B1e0BEF31BC3a8FC29f069c01A44B05de",
  "party": "0x50d82B80d7875d0Cb0dC7f7D23240d75C0F12f69",
  "counterparty": "0xb55fcE2BDcB9b8A5f1647646Ed3319C39509026f",
  "fundingWei": "1000000000000000000",
  "timelocks": [
    8
  ],
  "transactions": [
    {
      "role": "deploy",
      "txHash": "0x9b0cf6eb0364834f685d5e683f7c5c7f00895c0dd38ed07730c3c321a3b9fcba"
    },
    {
      "role": "fund",
      "txHash": "0xfb1dcf7bfd6ac86ad27eb51065bbaf98de84371f8a1d8b5178835f1e2711c155"
    },
    {
      "role": "claim",
      "txHash": "0x5730e2b8186fecb198d6630a40d1f53fce5a766374dc9927b175ce91b558ac9b",
      "level": 0,
      "option": 0
    }
  ],
  "txRoles": [
    {
      "role": "deploy",
      "txHash": "0x9b0cf6eb0364834f685d5e683f7c5c7f00895c0dd38ed07730c3c321a3b9fcba"
    },
    {
      "role": "fund",
      "txHash": "0xfb1dcf7bfd6ac86ad27eb51065bbaf98de84371f8a1d8b5178835f1e2711c155"
    },
    {
      "role": "claim",
      "txHash": "0x5730e2b8186fecb198d6630a40d1f53fce5a766374dc9927b175ce91b558ac9b",
      "level": 0,
      "option": 0
    }
  ],
  "deployTxHash": "0x9b0cf6eb0364834f685d5e683f7c5c7f00895c0dd38ed07730c3c321a3b9fcba",
  "fundTxHash": "0xfb1dcf7bfd6ac86ad27eb51065bbaf98de84371f8a1d8b5178835f1e2711c155",
  "claimTxHash": "0x5730e2b8186fecb198d6630a40d1f53fce5a766374dc9927b175ce91b558ac9b",
  "txHash": "0x5730e2b8186fecb198d6630a40d1f53fce5a766374dc9927b175ce91b558ac9b",
  "tx": "0x5730e2b8186fecb198d6630a40d1f53fce5a766374dc9927b175ce91b558ac9b"
}
