Using network 'development'.

{
  "ok": true,
  "graph_id": "",
  "pair": "B->C|evm|fund:bc",
  "pairKey": "B->C|evm|fund:bc",
  "contract": "CTLCMultipleEdges",
  "scenario": "refund",
  "deployGas": "0x15029a",
  "gasUsed": "59539",
  "disableGasUsed": "0",
  "claimGasUsed": "",
  "refundGasUsed": "59539",
  "contractAddress": "0x9d89C3cCB93A862BD755a3dfAdc0652EFDbd80af",
  "startBlock": "0",
  "endBlock": "11",
  "finalContractBalanceWei": "0",
  "deployer": "0x4f4efc73A3A0EC69E5202f3e14cDf5586217B403",
  "party": "0x17B4088bF057E8A4Dec0C10f6dB1a4a2D7e7Dd77",
  "counterparty": "0x7C469b3351af09306F14FDB5128c722a6BE14dFA",
  "fundingWei": "1000000000000000000",
  "timelocks": [
    10
  ],
  "transactions": [
    {
      "role": "deploy",
      "txHash": "0x151530e849d8710f7319b706ec08b39633a8069ab91d3bf9a56a99a8b347931f"
    },
    {
      "role": "fund",
      "txHash": "0x31e50136804cbf07405296b302fd2c11451f088a754f7a1c16a4c9f58d26ae2a"
    },
    {
      "role": "refund",
      "txHash": "0x17211dfea11be38fc663bffcf4833b088de57379499b87776e4f4666808a5e44",
      "level": 0
    }
  ],
  "txRoles": [
    {
      "role": "deploy",
      "txHash": "0x151530e849d8710f7319b706ec08b39633a8069ab91d3bf9a56a99a8b347931f"
    },
    {
      "role": "fund",
      "txHash": "0x31e50136804cbf07405296b302fd2c11451f088a754f7a1c16a4c9f58d26ae2a"
    },
    {
      "role": "refund",
      "txHash": "0x17211dfea11be38fc663bffcf4833b088de57379499b87776e4f4666808a5e44",
      "level": 0
    }
  ],
  "deployTxHash": "0x151530e849d8710f7319b706ec08b39633a8069ab91d3bf9a56a99a8b347931f",
  "fundTxHash": "0x31e50136804cbf07405296b302fd2c11451f088a754f7a1c16a4c9f58d26ae2a",
  "refundTxHash": "0x17211dfea11be38fc663bffcf4833b088de57379499b87776e4f4666808a5e44",
  "refundTx": "0x17211dfea11be38fc663bffcf4833b088de57379499b87776e4f4666808a5e44"
}
