ganache v7.9.2 (@ganache/cli: 0.10.2, @ganache/core: 0.10.2)
Starting RPC server
web3_clientVersion

Available Accounts
==================
(0) 0x0613630CA4717a33974b29a7D728f6E6ca61AC19 (1000 ETH)
(1) 0x041866E9C27B669E6105aE83560d897e8c74787d (1000 ETH)
(2) 0xf6F607244949Ec803a5077A9a8807811Bd7656d7 (1000 ETH)
(3) 0x9ea1a9a2332dE5Df5e858BA66D942c9CF8828850 (1000 ETH)
(4) 0x452Bc2687643C1B453f5Fd058c345B41E4FD6047 (1000 ETH)
(5) 0xdCa8e4037E39869E3510bCcef3c28F2be0939297 (1000 ETH)
(6) 0x53383d60C1b7848AF0d350A99C61E25280054634 (1000 ETH)
(7) 0x3376baF3EF7681eFd895aC7Db6eb52667cFAcb5F (1000 ETH)
(8) 0xCD4b47AEba3C0a2e60524E8de6A0c88dC8d45dEF (1000 ETH)
(9) 0xAD407D63cC0D34f2F9B6F1A08d5FF7a4E32fa04a (1000 ETH)

Private Keys
==================
(0) 0x7f100ef464204066554f928e1d58b142adb14e420f2a879b057cb12ab328dbd8
(1) 0x50d118eb5f84f1bbeac6959279459a38f72445776dbbe939a707f1e2c0b58bab
(2) 0x83bd2e9300dae8dbbeab8ddc250e4c5c3c4c352c2a95d87cb7e316eda36af041
(3) 0xce1d23c5f53ce025679cb247d4092f5965d33f4927bf8054c98e830a4f2975c9
(4) 0xc8329732987f3d6bf0abe406bf8badc8242f0e16026bb47e4322eef8183e18af
(5) 0xa68b4507e35e08f0c2dd54b51d28e45173d6eaa97c854e98ac81413e6edfc495
(6) 0x4f43708b6e37d8ff8c04ddee14036a164e5de43cec49348c2e85570c41689a31
(7) 0xb1fad0383872726b4ce4b9765e7a0e414fddc9f09ffaa3257174361d4a36a40f
(8) 0xc933b6462cedd3e29395e3012a1e1a62163354cb499903a530c74db4d7cbccb9
(9) 0xfe21f049c2d90664b8a505d7450a51b3e7f88245460d285c981857bf16b46127

HD Wallet
==================
Mnemonic:      ecology chronic subject reveal owner guard april adjust diagram eagle video slide
Base HD Path:  m/44'/60'/0'/0/{account_index}

Default Gas Price
==================
2000000000

BlockGas Limit
==================
30000000

Call Gas Limit
==================
50000000

Chain
==================
Hardfork: shanghai
Id:       1337

RPC Listening on 127.0.0.1:8545
eth_blockNumber
net_version
eth_accounts
eth_accounts
eth_blockNumber
net_version
eth_getBlockByNumber
eth_estimateGas
eth_getBlockByNumber
eth_gasPrice
eth_sendTransaction

  Transaction: 0x4c77f925a9864780cab5374330a08be3cb3ebd6fbd110cd31ce91bb018993b9b
  Contract created: 0x767b82049cd335a8ceab51c1616493d1a57af352
  Gas usage: 1100975
  Block number: 1
  Block time: Thu May 07 2026 21:04:22 GMT+0700 (Indochina Time)

eth_getTransactionReceipt
eth_getCode
eth_getTransactionReceipt
eth_getBlockByNumber
eth_gasPrice
eth_sendTransaction

  Transaction: 0x1b9f990ea2c62bba6d49eb7cba520d61c6d31ad8b1905f17e5958bf312ae75b4
  Gas usage: 21055
  Block number: 2
  Block time: Thu May 07 2026 21:04:22 GMT+0700 (Indochina Time)

eth_getTransactionReceipt
net_version
eth_getBlockByNumber
eth_estimateGas
eth_getBlockByNumber
eth_gasPrice
eth_sendTransaction

  Transaction: 0x76cfb28b8857985d00cc2dee8028045b314e1c63fbdc4021d6b6f3fc6b29d3e5
  Gas usage: 64620
  Block number: 3
  Block time: Thu May 07 2026 21:04:22 GMT+0700 (Indochina Time)

eth_getTransactionReceipt
eth_blockNumber
eth_getBalance
eth_getTransactionByHash
debug_traceTransaction
eth_getTransactionByHash
debug_traceTransaction
eth_getTransactionByHash
debug_traceTransaction

Received shutdown signal: SIGTERM
Shutting down…
Server has been shut down
