Using network 'development'.

{
  "ok": true,
  "graph_id": "",
  "pair": "E->F|evm|fund:ef",
  "pairKey": "E->F|evm|fund:ef",
  "contract": "CTLCOnly",
  "scenario": "best_claim",
  "deployGas": "0x12e82a",
  "gasUsed": "68735",
  "disableGasUsed": "",
  "claimGasUsed": "68735",
  "refundGasUsed": "",
  "contractAddress": "0x1D9a059955C62EB0084Be1F5E4515409f0D92600",
  "startBlock": "0",
  "endBlock": "3",
  "finalContractBalanceWei": "0",
  "deployer": "0x493e3A732D7598383F1d7a4844973Ba23c42f676",
  "party": "0x38804B93Fead9c6D906e46c2177644bf712f6825",
  "counterparty": "0xb197712dd62C111f3Ff84eB998e6301925a4c34d",
  "fundingWei": "1000000000000000000",
  "timelocks": [
    7,
    8
  ],
  "transactions": [
    {
      "role": "deploy",
      "txHash": "0xe0f52aa8ef974f0057b4aa11fb2e85b2b32583d679abd86bf0217ceb9cb75b0c"
    },
    {
      "role": "fund",
      "txHash": "0x95ea8e5e0fdddce99227d39a5f09eea046762c41812a55c53cde9d4725db5293"
    },
    {
      "role": "claim",
      "txHash": "0x4be903a8605b7697766214195fd47043d6092361f352dae9cab7e8aeaf5b84d5",
      "level": 0,
      "option": 0
    }
  ],
  "txRoles": [
    {
      "role": "deploy",
      "txHash": "0xe0f52aa8ef974f0057b4aa11fb2e85b2b32583d679abd86bf0217ceb9cb75b0c"
    },
    {
      "role": "fund",
      "txHash": "0x95ea8e5e0fdddce99227d39a5f09eea046762c41812a55c53cde9d4725db5293"
    },
    {
      "role": "claim",
      "txHash": "0x4be903a8605b7697766214195fd47043d6092361f352dae9cab7e8aeaf5b84d5",
      "level": 0,
      "option": 0
    }
  ],
  "deployTxHash": "0xe0f52aa8ef974f0057b4aa11fb2e85b2b32583d679abd86bf0217ceb9cb75b0c",
  "fundTxHash": "0x95ea8e5e0fdddce99227d39a5f09eea046762c41812a55c53cde9d4725db5293",
  "claimTxHash": "0x4be903a8605b7697766214195fd47043d6092361f352dae9cab7e8aeaf5b84d5",
  "txHash": "0x4be903a8605b7697766214195fd47043d6092361f352dae9cab7e8aeaf5b84d5",
  "tx": "0x4be903a8605b7697766214195fd47043d6092361f352dae9cab7e8aeaf5b84d5"
}
