Using network 'development'.

{
  "ok": true,
  "graph_id": "",
  "pair": "B->C|evm|fund:bc",
  "pairKey": "B->C|evm|fund:bc",
  "contract": "CTLCOnly",
  "scenario": "worst_claim",
  "deployGas": "0x1232a3",
  "gasUsed": "81164",
  "disableGasUsed": "0",
  "claimGasUsed": "81164",
  "refundGasUsed": "",
  "contractAddress": "0xD0bA3b4C20d2e15B53458F5A6A3eE793efa41F54",
  "startBlock": "0",
  "endBlock": "3",
  "finalContractBalanceWei": "0",
  "deployer": "0x4674cefF76455033bE85d9Af68669Ace94A6D0C0",
  "party": "0x9c7e5617CE9a47cdaF82128cC526aD5E46a742cf",
  "counterparty": "0x0F44e9B8e03ac80004ee8eAfF625bDF12D2Ad6F5",
  "fundingWei": "1000000000000000000",
  "timelocks": [
    10
  ],
  "transactions": [
    {
      "role": "deploy",
      "txHash": "0xf76d5648580dde8d7555dfc792435dd62bb710f262e96491934eaff308425e8e"
    },
    {
      "role": "fund",
      "txHash": "0x4dad856b27b24540923c726c6c8a150938e650446c71461975de8623fd25f4a7"
    },
    {
      "role": "claim",
      "txHash": "0xcb494eb0818d23897f5baceeadd42e0b30c97ce2ee54720d08984ada51ba7b19",
      "level": 0,
      "option": 0
    }
  ],
  "txRoles": [
    {
      "role": "deploy",
      "txHash": "0xf76d5648580dde8d7555dfc792435dd62bb710f262e96491934eaff308425e8e"
    },
    {
      "role": "fund",
      "txHash": "0x4dad856b27b24540923c726c6c8a150938e650446c71461975de8623fd25f4a7"
    },
    {
      "role": "claim",
      "txHash": "0xcb494eb0818d23897f5baceeadd42e0b30c97ce2ee54720d08984ada51ba7b19",
      "level": 0,
      "option": 0
    }
  ],
  "deployTxHash": "0xf76d5648580dde8d7555dfc792435dd62bb710f262e96491934eaff308425e8e",
  "fundTxHash": "0x4dad856b27b24540923c726c6c8a150938e650446c71461975de8623fd25f4a7",
  "claimTxHash": "0xcb494eb0818d23897f5baceeadd42e0b30c97ce2ee54720d08984ada51ba7b19",
  "txHash": "0xcb494eb0818d23897f5baceeadd42e0b30c97ce2ee54720d08984ada51ba7b19",
  "tx": "0xcb494eb0818d23897f5baceeadd42e0b30c97ce2ee54720d08984ada51ba7b19"
}
