ganache v7.9.2 (@ganache/cli: 0.10.2, @ganache/core: 0.10.2)
Starting RPC server

Available Accounts
==================
(0) 0x32A80b83df8A62c3fA58EF9c5e965786028B1349 (1000 ETH)
(1) 0xF32848205aD9dFAb571729c2c9a38a599C73Ce02 (1000 ETH)
(2) 0xc05640D25F00846Cd495418AD558dEd459F0C5Ca (1000 ETH)
(3) 0x6335385F3891C77d73443E18bC03bB5EF2677d29 (1000 ETH)
(4) 0x89CcE466708dC58EC688b4a3F6a2f6c36c4d2842 (1000 ETH)
(5) 0x463289C97f7378FAa5AbFfcD5AFB3f8c764eE3e1 (1000 ETH)
(6) 0x6201bfD4D99Be4F04876bC6650737A08072879a8 (1000 ETH)
(7) 0x02DDC64cFfd9CC52744977CDa9256F6C92307206 (1000 ETH)
(8) 0xC4C8a7a23cb4aa5d28cD7D028d411A8C81719022 (1000 ETH)
(9) 0xa262da8D62F85B7Dc9c4dD2a77A05a1874E49713 (1000 ETH)

Private Keys
==================
(0) 0x1e5c2a64bc78de20f53b4509a9fe4aac30a67f620c82a0d1321c0bad58198275
(1) 0x0741e598536322f55f71c08fc43201d6e966b64dc9578b3de7a77a98b78ec6a6
(2) 0x99671a53a8305b5305a8f8a4c5ab2a34c3c58ba16db8c0e99657d3cd50fadb28
(3) 0xe3569780d5289a9ea7d350bad4ef881b4aac403593d4225d706c69b8f20beae2
(4) 0xdc9f94dfc75d0277828bd40c0f74bac70e5fdb2a183093d7e753d424b4bffa01
(5) 0xab5fbd9a7b0d8904f6519fa5b4fdd08ba10666a0f9c2539376c4a401c0cbf748
(6) 0xa9244ebd8c4ac97245038d22f3d10a804779a3addd7e161756eb3b733ba91dc6
(7) 0x3a69deca3a37c6082056915911073699923f1a2185830db5ed5fdaa9b9df13be
(8) 0xd7d43ca5ca4cfe5f0bda4371167d9f40e167e5b2969ee0e98d647df67aed5365
(9) 0x5e88ba7474eae2cb6091c5714d2f366844e22be41da16cada68a65eda26ac951

HD Wallet
==================
Mnemonic:      wage train park useless crumble promote gun limit captain pencil carry announce
Base HD Path:  m/44'/60'/0'/0/{account_index}

Default Gas Price
==================
2000000000

BlockGas Limit
==================
30000000

Call Gas Limit
==================
50000000

Chain
==================
Hardfork: shanghai
Id:       1337

RPC Listening on 127.0.0.1:8545
web3_clientVersion
eth_blockNumber
net_version
eth_accounts
eth_accounts
eth_blockNumber
net_version
eth_getBlockByNumber
eth_estimateGas
eth_getBlockByNumber
eth_gasPrice
eth_sendTransaction

  Transaction: 0x48dcc194165c63c760ad0ff3b3223279bc7aa652eff7d9d655fc227273707349
  Contract created: 0xea338eaaa479d404c7bc338f61f7910b71f0df17
  Gas usage: 1146811
  Block number: 1
  Block time: Thu May 07 2026 21:06:53 GMT+0700 (Indochina Time)

eth_getTransactionReceipt
eth_getCode
eth_getTransactionReceipt
eth_getBlockByNumber
eth_gasPrice
eth_sendTransaction

  Transaction: 0x94d7ccf95127cef6dfed809893ad5c686b9bce00d55c1436f5350dabd4810b23
  Gas usage: 21055
  Block number: 2
  Block time: Thu May 07 2026 21:06:53 GMT+0700 (Indochina Time)

eth_getTransactionReceipt
net_version
eth_getBlockByNumber
eth_estimateGas
eth_getBlockByNumber
eth_gasPrice
eth_sendTransaction

  Transaction: 0xff2ef276bb72bc3d9d44e6c1f58cedf423b4989a8df983294c57c5b475bced41
  Gas usage: 72874
  Block number: 3
  Block time: Thu May 07 2026 21:06:53 GMT+0700 (Indochina Time)

eth_getTransactionReceipt
eth_blockNumber
eth_getBalance
eth_getTransactionByHash
debug_traceTransaction
eth_getTransactionByHash
debug_traceTransaction
eth_getTransactionByHash
debug_traceTransaction

Received shutdown signal: SIGTERM
Shutting down…
Server has been shut down
