COMMAND: python3 experiments/scale_trace/scripts/trace_result_json.py /home/aothuatgiadp/blockchain/project/CTLC-Implementation/experiments/scale_trace/runs/random_v1_182/C-_A_evm_fund_ca_CTLCMultipleEdges_worst_claim/result.json /home/aothuatgiadp/blockchain/project/CTLC-Implementation/experiments/scale_trace/runs/random_v1_182/C-_A_evm_fund_ca_CTLCMultipleEdges_worst_claim/trace.json
STATUS: 0

STDOUT:
{
  "graph_id": "",
  "pair": "C->A|evm|fund:ca",
  "contract": "CTLCMultipleEdges",
  "scenario": "worst_claim",
  "contractAddress": "0x0F0Cc5a39EE94Bd73AB322Af636f6610096d0A86",
  "traces": {
    "deploy": {
      "tx_hash": "0x118130ec057ebd8b84273547bbf75d94bbbfb28420f5c268e3af284b330d6467",
      "actual_calldata_bytes": 7753,
      "actual_sstore_count": 11,
      "actual_call_count": 0,
      "opcode_steps": 1984
    },
    "fund": {
      "tx_hash": "0xd141d2382dfe1d16e75ae7c354b136a1cac84a126eae72708d447b6935d71835",
      "actual_calldata_bytes": 0,
      "actual_sstore_count": 0,
      "actual_call_count": 0,
      "opcode_steps": 13
    },
    "claim_level0": {
      "tx_hash": "0x6cfec5cb04241a3e4829e64800c247ebfd936b6d77e4cf6e759db20e888be3ab",
      "actual_calldata_bytes": 228,
      "actual_sstore_count": 1,
      "actual_call_count": 1,
      "opcode_steps": 885
    }
  }
}


STDERR:

