ganache v7.9.2 (@ganache/cli: 0.10.2, @ganache/core: 0.10.2)
Starting RPC server
web3_clientVersion

Available Accounts
==================
(0) 0x8803fa975B609E55b2ecABc841DFa1d44abD5bc5 (1000 ETH)
(1) 0x97AeEa70041929656f5853e61755D0c86721bc33 (1000 ETH)
(2) 0x369483c1af54bD4F702b0Efa2Ff7fC777903fE71 (1000 ETH)
(3) 0xFec3109Be10509663Eb71c679774A31e717FA195 (1000 ETH)
(4) 0x9a61b576198d97e4c83F871038B298FB0BBb8F1A (1000 ETH)
(5) 0x9c96ad923464dF2E52629cdd132E157812D5E845 (1000 ETH)
(6) 0xe7fbF78D53a7Ff940947d8795f6FA12e61C00e8F (1000 ETH)
(7) 0xd7A8C2037519f7Bb1BB228598Edc729eAaF4Ab78 (1000 ETH)
(8) 0xeeF7aB2126E9fC9667EF70fB3eDfdf3b05A56AF3 (1000 ETH)
(9) 0x82A12aD998fFf3ad39d3CA3dB3956964e3C1BD07 (1000 ETH)

Private Keys
==================
(0) 0x2396cfddccef8b139076bed3d27397d718db21ae5413178d8ca4f8c8fb5ef07f
(1) 0x2d2eb6df54e09f70282988d59863739df6ab1d56368ad2659f3554a83cab7db6
(2) 0x6fc8acfcbf3b8df2672cf5456d4af8ff8d3a25ba240e071ee09faa6ab164caca
(3) 0xad7437d6a85735c4a1d5502346d67a9a878b7b7b139f53919098ecdb2328a6c9
(4) 0xa4dd7debedf114d35440461ee75300aad83f431dab1513045df85c143deaa7b8
(5) 0xfc6bd2f15af232893051e3caa9486c3691af892d2b9a9bfd0d721d57062d87af
(6) 0xa232d0193a19ee1c038fedeead9e3ec39c7d5972ab3eeed8186fe6b6db2d19a1
(7) 0xf88d03fe4dfb41bb166f06f183fe6714ca109408e4746f782e638c16c4680f9a
(8) 0x8fa0335ab37277fa3a935ca875fa7b4cd9b759771917c1ce271fcd73dbc25684
(9) 0xb8a1751999248b6167ec4042525075f2ca1e307b80e358079630db4def8950f5

HD Wallet
==================
Mnemonic:      average tongue bag galaxy blur clerk artefact census audit anchor razor scatter
Base HD Path:  m/44'/60'/0'/0/{account_index}

Default Gas Price
==================
2000000000

BlockGas Limit
==================
30000000

Call Gas Limit
==================
50000000

Chain
==================
Hardfork: shanghai
Id:       1337

RPC Listening on 127.0.0.1:8545
eth_blockNumber
net_version
eth_accounts
eth_accounts
eth_blockNumber
net_version
eth_getBlockByNumber
eth_estimateGas
eth_getBlockByNumber
eth_gasPrice
eth_sendTransaction

  Transaction: 0x0deb73ed94470837530e192467a68d9ad08293e0821741fa8ae727018948a01a
  Contract created: 0xb22dd8e3ea67bc9c62dd8a74f572d71ea193a862
  Gas usage: 1376934
  Block number: 1
  Block time: Thu May 07 2026 21:18:23 GMT+0700 (Indochina Time)

eth_getTransactionReceipt
eth_getCode
eth_getTransactionReceipt
eth_getBlockByNumber
eth_gasPrice
eth_sendTransaction

  Transaction: 0x69a172fced4bfaf90f745efd42ae981fa705e8efde47710100d63815aec7b8a3
  Gas usage: 21055
  Block number: 2
  Block time: Thu May 07 2026 21:18:23 GMT+0700 (Indochina Time)

eth_getTransactionReceipt
net_version
eth_getBlockByNumber
eth_estimateGas
eth_getBlockByNumber
eth_gasPrice
eth_sendTransaction

  Transaction: 0x6c863655e9cbbd66b247672b0725810507a85467aa70a74286c8ca29ac8efb49
  Gas usage: 84598
  Block number: 3
  Block time: Thu May 07 2026 21:18:23 GMT+0700 (Indochina Time)

eth_getTransactionReceipt
eth_blockNumber
eth_getBalance
eth_getTransactionByHash
debug_traceTransaction
eth_getTransactionByHash
debug_traceTransaction
eth_getTransactionByHash
debug_traceTransaction

Received shutdown signal: SIGTERM
Shutting down…
Server has been shut down
