COMMAND: python3 experiments/scale_trace/scripts/trace_result_json.py /home/aothuatgiadp/blockchain/project/CTLC-Implementation/experiments/scale_trace/runs/random_v1_151/D-_E_evm_fund_de_CTLCOnly_best_claim/result.json /home/aothuatgiadp/blockchain/project/CTLC-Implementation/experiments/scale_trace/runs/random_v1_151/D-_E_evm_fund_de_CTLCOnly_best_claim/trace.json
STATUS: 0

STDOUT:
{
  "graph_id": "",
  "pair": "D->E|evm|fund:de",
  "contract": "CTLCOnly",
  "scenario": "best_claim",
  "contractAddress": "0x3fB5AC0ddfB56514F8c5C59E190F15086bE71926",
  "traces": {
    "deploy": {
      "tx_hash": "0x49876e6095ce56c8687eea2a4fed38ac47fae52254df21d7f3e823783e117bfa",
      "actual_calldata_bytes": 7155,
      "actual_sstore_count": 10,
      "actual_call_count": 0,
      "opcode_steps": 1462
    },
    "fund": {
      "tx_hash": "0x317eab9a4f3ee038a5e92276a0fd6de4e05107cb0f146ee4740ec1926bec0b8c",
      "actual_calldata_bytes": 0,
      "actual_sstore_count": 0,
      "actual_call_count": 0,
      "opcode_steps": 13
    },
    "claim_level0": {
      "tx_hash": "0xc6d25c5b631e48488225526fd196ab0f6bbc4aa522e97637336ac5bb81270788",
      "actual_calldata_bytes": 388,
      "actual_sstore_count": 1,
      "actual_call_count": 1,
      "opcode_steps": 1475
    }
  }
}


STDERR:

