COMMAND: python3 experiments/scale_trace/scripts/trace_result_json.py /home/aothuatgiadp/blockchain/project/CTLC-Implementation/experiments/scale_trace/runs/random_v1_10/E-_G_evm_fund_eg_CTLCOnly_refund/result.json /home/aothuatgiadp/blockchain/project/CTLC-Implementation/experiments/scale_trace/runs/random_v1_10/E-_G_evm_fund_eg_CTLCOnly_refund/trace.json
STATUS: 0

STDOUT:
{
  "graph_id": "",
  "pair": "E->G|evm|fund:eg",
  "contract": "CTLCOnly",
  "scenario": "refund",
  "contractAddress": "0x686EE049d5595291a744c38aC13e39C5821dbDb5",
  "traces": {
    "deploy": {
      "tx_hash": "0x87a4007480c206027470396981a743d153a4b91705f82139e93ac84b590ab4e5",
      "actual_calldata_bytes": 7123,
      "actual_sstore_count": 9,
      "actual_call_count": 0,
      "opcode_steps": 1374
    },
    "fund": {
      "tx_hash": "0xe6d6eec0eee925bce7b095bcf4a52a62fbf5b573616a9d39aaa3cbe52f4f34b4",
      "actual_calldata_bytes": 0,
      "actual_sstore_count": 0,
      "actual_call_count": 0,
      "opcode_steps": 13
    },
    "refund_level0": {
      "tx_hash": "0xbae3e0802d1d53cf2bc1d8209ec6eab23ea7a10049f935eeb4ccd21c4ad81dcf",
      "actual_calldata_bytes": 4,
      "actual_sstore_count": 1,
      "actual_call_count": 1,
      "opcode_steps": 229
    }
  }
}


STDERR:

