ganache v7.9.2 (@ganache/cli: 0.10.2, @ganache/core: 0.10.2)
Starting RPC server

Available Accounts
==================
(0) 0x7f7EC56e1B20F69DAee618A50fC570E09328138e (1000 ETH)
(1) 0x830B6813a67f8C92D74D2C7779f7ACC60333cb1f (1000 ETH)
(2) 0xc87BaB48c48745E1914E27813FdFEADE7582f221 (1000 ETH)
(3) 0xD6EB796A70b0c538E1f5f10B12224ce298250B49 (1000 ETH)
(4) 0xa3339BFad1c10263904F8a214841A45de0f84353 (1000 ETH)
(5) 0x084bBcf3C692eB14C6f3d7105B41094c167f649e (1000 ETH)
(6) 0xf406e7Ac8eeC6530b9Affd37B2109B513053b5bF (1000 ETH)
(7) 0xF7e8Cf959d1bb5Fe4C4Acfc391Bf162A8d5D0b44 (1000 ETH)
(8) 0x5550f63d1F2B5241D65b1d1600CDF8BC79c154Fc (1000 ETH)
(9) 0x7ea1787514cc6bd0d9e5290Bc330Cb5A5b5A301a (1000 ETH)

Private Keys
==================
(0) 0x62b9d583b54e2f3ff6391e5cca984a04465aed40c62daf2a2edc0bb27483c0c4
(1) 0x2416090f467741c952dc40a47a765bb2edbfb7e4dd963c290a83330be274cf4e
(2) 0x6a37250c82d3ea998bf26390acb780c455fc5dee3a32fe6b09056073935cb49e
(3) 0xdc63821dea23bcca189a31cf9fde7ac46f6a107d37fd30ebf2a8cd61d4a34647
(4) 0xdadb98e298502ed417e806089ef16806825484b0e8ed220b5e5d032bbf5643d1
(5) 0x93c39680aa8581195bac926f649c0df105d68d18bac102f80b74c206d19134b1
(6) 0x0eb12519180d8e11de149c14f35e66192a99dba81b0bc77f9bda9e66c5839c0c
(7) 0x47a00822084c58371fa36adc31c88fa062e1431d1acd97cefdef5dadee2b141d
(8) 0x9568c0bf01081b5e59bd3b3c459a4f5be1416b9509b9fcf0fcc75ca623472518
(9) 0xf08a1ad30fe05f4b0ae0e5788e747f789b0a62545bf77c7c4646a50b168ad41b

HD Wallet
==================
Mnemonic:      expand antique virtual ramp lock noble spy short mechanic cancel awful dinosaur
Base HD Path:  m/44'/60'/0'/0/{account_index}

Default Gas Price
==================
2000000000

BlockGas Limit
==================
30000000

Call Gas Limit
==================
50000000

Chain
==================
Hardfork: shanghai
Id:       1337

RPC Listening on 127.0.0.1:8545
web3_clientVersion
eth_blockNumber
net_version
eth_accounts
eth_accounts
eth_blockNumber
net_version
eth_getBlockByNumber
eth_estimateGas
eth_getBlockByNumber
eth_gasPrice
eth_sendTransaction

  Transaction: 0x829050ecaf7a2d47de2010d6e0da99cdf5a800855fad0396e96ab132ae271389
  Contract created: 0x8a4b9189e865ec75bf6546fe3b83159a0f3343b3
  Gas usage: 1123899
  Block number: 1
  Block time: Fri May 08 2026 00:26:37 GMT+0700 (Indochina Time)

eth_getTransactionReceipt
eth_getCode
eth_getTransactionReceipt
eth_getBlockByNumber
eth_gasPrice
eth_sendTransaction

  Transaction: 0x47fd87d25d3665d9bcea7d57b4194b3c74c69240b974d72ada61fdb177446c03
  Gas usage: 21055
  Block number: 2
  Block time: Fri May 08 2026 00:26:37 GMT+0700 (Indochina Time)

eth_getTransactionReceipt
eth_blockNumber
evm_mine
eth_blockNumber
evm_mine
eth_blockNumber
evm_mine
eth_blockNumber
evm_mine
eth_blockNumber
evm_mine
eth_blockNumber
net_version
eth_getBlockByNumber
eth_estimateGas
eth_getBlockByNumber
eth_gasPrice
eth_sendTransaction

  Transaction: 0x0213f6fa159b37db021d5b04da5624915e1384b319a113661572af2f6638f716
  Gas usage: 59561
  Block number: 8
  Block time: Fri May 08 2026 00:26:37 GMT+0700 (Indochina Time)

eth_getTransactionReceipt
eth_blockNumber
eth_getBalance
eth_getTransactionByHash
debug_traceTransaction
eth_getTransactionByHash
debug_traceTransaction
eth_getTransactionByHash
debug_traceTransaction

Received shutdown signal: SIGTERM
Shutting down…
Server has been shut down
