ganache v7.9.2 (@ganache/cli: 0.10.2, @ganache/core: 0.10.2)
Starting RPC server

Available Accounts
==================
(0) 0xaCbe4575d4fcBa184199b24A1a6069ced14911b3 (1000 ETH)
(1) 0xE3750FA00072EE03486cE6135B6B2D91c74a4F61 (1000 ETH)
(2) 0x0052d7ff9F2Cc7Ab73327a142f3eD0e72360c2da (1000 ETH)
(3) 0xb8Ba024d488622AFB9F69A0fC628fE9636750D82 (1000 ETH)
(4) 0x1D724FA9DeD77058e57E90Ef026AA51320375FC7 (1000 ETH)
(5) 0xfffA850D5104C7618e43AfFa3297D75921b9Be40 (1000 ETH)
(6) 0x8A8e82180839D63ED64F36508B292228b12F4609 (1000 ETH)
(7) 0xfe69CBe817FDB9e9139CD8288aa83EfE5d365Cb7 (1000 ETH)
(8) 0x9c4Fd8809973352971cdAD5A8962917b92574b9E (1000 ETH)
(9) 0xE33Cf7A2cC2Eb199842706bD1D6EE4d80CCa2494 (1000 ETH)

Private Keys
==================
(0) 0xb4afde1605ca4ee8e78eb29a15f743a1bbf7bbe9b683ee19e6bbef60139116ad
(1) 0x59e7a55b91d28409414d6f152d24ec2b9844a86e59db5e28a0b4951687080f1e
(2) 0x7028e4cf453f8d15a0480f8da15aa8b5615e70c4e67623ca2f287275cac0321f
(3) 0xb6a0b1c25b6b0a30317d1f5e40eff6c51da3374028cc265eee12ec0c17149902
(4) 0xd880d2810bc9140f48a5928441973ebd016bb1497b042aaaee8cefc78e03efeb
(5) 0x718bd693976668bcdcdcd422dd1ea7f3a5629b25f6a1e6dc76d6060a372aea2e
(6) 0x9743bd1076d8473e943713fc62278c61f6785c7882f6ea2fe694c1b4f7f5fac1
(7) 0x043dd84c0bec1c760fb99e18ee18abdd7d91c03953af8afc0b4908f3bf7eaa5b
(8) 0x8df78852a4faaf2e76bf65d8725e262a087f7a137ba393fabae9bbd4af182d97
(9) 0xc2560b2489f26c74c97a21ec5e454e616768c443a43686b5e20f286fc8b066ab

HD Wallet
==================
Mnemonic:      trophy begin stairs improve tape skin anchor street frequent gym riot fly
Base HD Path:  m/44'/60'/0'/0/{account_index}

Default Gas Price
==================
2000000000

BlockGas Limit
==================
30000000

Call Gas Limit
==================
50000000

Chain
==================
Hardfork: shanghai
Id:       1337

RPC Listening on 127.0.0.1:8545
web3_clientVersion
eth_blockNumber
net_version
eth_accounts
eth_accounts
eth_blockNumber
net_version
eth_getBlockByNumber
eth_estimateGas
eth_getBlockByNumber
eth_gasPrice
eth_sendTransaction

  Transaction: 0x11a679853be0d7167c5b12a066ec0e6473c226061821e9a26067786d6efb71c8
  Contract created: 0x723cbcceabc5ee267274650a4c17f8555cab47c4
  Gas usage: 1284882
  Block number: 1
  Block time: Thu May 07 2026 22:27:22 GMT+0700 (Indochina Time)

eth_getTransactionReceipt
eth_getCode
eth_getTransactionReceipt
eth_getBlockByNumber
eth_gasPrice
eth_sendTransaction

  Transaction: 0x81aa40fc190f36303667402798432de383f52e9cef7c2325f44d0f3e3be830ef
  Gas usage: 21055
  Block number: 2
  Block time: Thu May 07 2026 22:27:22 GMT+0700 (Indochina Time)

eth_getTransactionReceipt
eth_blockNumber
evm_mine
eth_blockNumber
evm_mine
eth_blockNumber
evm_mine
eth_blockNumber
evm_mine
eth_blockNumber
evm_mine
eth_blockNumber
evm_mine
eth_blockNumber
net_version
eth_getBlockByNumber
eth_estimateGas
eth_getBlockByNumber
eth_gasPrice
eth_sendTransaction

  Transaction: 0x64f1801ba9194d3c470f8e025d6ccd8b11c45e9188fe7f213ae4d824215f8ff7
  Gas usage: 52947
  Block number: 9
  Block time: Thu May 07 2026 22:27:22 GMT+0700 (Indochina Time)

eth_getTransactionReceipt
eth_blockNumber
net_version
eth_getBlockByNumber
eth_estimateGas
eth_getBlockByNumber
eth_gasPrice
eth_sendTransaction

  Transaction: 0xd5af85f7e7acf9445f687349895cc6f1222736798a1f4d705fb6527296b1fe55
  Gas usage: 59561
  Block number: 10
  Block time: Thu May 07 2026 22:27:22 GMT+0700 (Indochina Time)

eth_getTransactionReceipt
eth_blockNumber
eth_getBalance
eth_getTransactionByHash
debug_traceTransaction
eth_getTransactionByHash
debug_traceTransaction
eth_getTransactionByHash
debug_traceTransaction
eth_getTransactionByHash
debug_traceTransaction

Received shutdown signal: SIGTERM
Shutting down…
Server has been shut down
