ganache v7.9.2 (@ganache/cli: 0.10.2, @ganache/core: 0.10.2)
Starting RPC server

Available Accounts
==================
(0) 0x6c7e387A96a05580Bc15394d8d25872Ed700F9A9 (1000 ETH)
(1) 0xb049674E163B2B30Dc4f4dB663de9335C0Cc7b49 (1000 ETH)
(2) 0x83792858B535b56d857a26F13C009Cc9Fce6d546 (1000 ETH)
(3) 0x2E850e2c9F073d1297DdC2836855b1670d0aAEB5 (1000 ETH)
(4) 0xA846397205E537A4156DA308e21Db5BC95ec730E (1000 ETH)
(5) 0x1AA43C11bBd25Cc82A95E0dF4aD9CF27FF0959d3 (1000 ETH)
(6) 0x3728Db02375Fd4908eeCcD57917c0ee3D6541305 (1000 ETH)
(7) 0xf2a06899cC9f5815a8Ae210bC733B20E831b793a (1000 ETH)
(8) 0xD47F38216B575079EE022073e29b85b45eb2a15c (1000 ETH)
(9) 0x06fBCf2Ca0bA0be6E08101BE6461397f548F985f (1000 ETH)

Private Keys
==================
(0) 0x4a8b7cdfdec7a075b88f32a8e117f7416832f30f9b36cea47364232fedf4afab
(1) 0x2a0f2f9124a4304efd23c9f9f8d01224c48391118ab4ea83bf16e53b377f3584
(2) 0xdeef9bd3617274fb56c9487bf25f88cc318025d717aaac3157e67f8d118a4db1
(3) 0x788d5457b366ed9ddddfbe1abdd48cd2e678acb619fc7fd0aca9b233fa2f39f5
(4) 0x49c89a9bf0629f7da7a73f5637255c4c320ee7122bf092a2692d85e9fc6a01ff
(5) 0xc0f34b02afa247556ce0d72596fd6cb4dbf8edc21a2f55a57898c11c0fed7895
(6) 0xd09d9901ffd6415f34df4206c75cd716923a3681566ed4516263546413741a1c
(7) 0x0a8762861fb77ab198186cc2142f5a0ecea8d03156d5ebc682999ded071e6ee7
(8) 0x5476381f414e3a0a5020c86a52d682ae60a1b1505815c2a5b91137ab3f9cd54a
(9) 0xb73a539b8530d7dc3b74ac6640d8c8352c8e20f7d58ccb01bc24925cbe57bba4

HD Wallet
==================
Mnemonic:      frog online rare distance town illegal seed ticket seminar excite latin talk
Base HD Path:  m/44'/60'/0'/0/{account_index}

Default Gas Price
==================
2000000000

BlockGas Limit
==================
30000000

Call Gas Limit
==================
50000000

Chain
==================
Hardfork: shanghai
Id:       1337

RPC Listening on 127.0.0.1:8545
web3_clientVersion
eth_blockNumber
net_version
eth_accounts
eth_accounts
eth_blockNumber
net_version
eth_getBlockByNumber
eth_estimateGas
eth_getBlockByNumber
eth_gasPrice
eth_sendTransaction

  Transaction: 0x75181f9ba81df2244e17443263e032de8aacc0071573491f3dc6e4d4c9a456ab
  Contract created: 0xf9696bd92a5cff01ce437944bebd389f7e61ea44
  Gas usage: 1699950
  Block number: 1
  Block time: Thu May 07 2026 20:20:41 GMT+0700 (Indochina Time)

eth_getTransactionReceipt
eth_getCode
eth_getTransactionReceipt
eth_getBlockByNumber
eth_gasPrice
eth_sendTransaction

  Transaction: 0xfa37a5de314513d9deb3c8ae15a203e2f98b9d5c5191fba2dfbfcdb13660eeed
  Gas usage: 21055
  Block number: 2
  Block time: Thu May 07 2026 20:20:41 GMT+0700 (Indochina Time)

eth_getTransactionReceipt
eth_blockNumber
evm_mine
eth_blockNumber
evm_mine
eth_blockNumber
evm_mine
eth_blockNumber
evm_mine
eth_blockNumber
evm_mine
eth_blockNumber
net_version
eth_getBlockByNumber
eth_estimateGas
eth_getBlockByNumber
eth_gasPrice
eth_sendTransaction

  Transaction: 0xc8dc0b3844c239e352cfd4d7556beb04ebe7953ad260a315d470b631703e1de3
  Gas usage: 52925
  Block number: 8
  Block time: Thu May 07 2026 20:20:41 GMT+0700 (Indochina Time)

eth_getTransactionReceipt
eth_blockNumber
evm_mine
eth_blockNumber
net_version
eth_getBlockByNumber
eth_estimateGas
eth_getBlockByNumber
eth_gasPrice
eth_sendTransaction

  Transaction: 0xf1234eabaa6f14b3c1b4d1accf087d26577722ba6be36ede0f255c0f50f009ed
  Gas usage: 35837
  Block number: 10
  Block time: Thu May 07 2026 20:20:41 GMT+0700 (Indochina Time)

eth_getTransactionReceipt
eth_blockNumber
evm_mine
eth_blockNumber
net_version
eth_getBlockByNumber
eth_estimateGas
eth_getBlockByNumber
eth_gasPrice
eth_sendTransaction

  Transaction: 0x13c8800a4049cf2d81f2ed73036c453fe9f38e39661be11717d255cb4e699c60
  Gas usage: 59539
  Block number: 12
  Block time: Thu May 07 2026 20:20:41 GMT+0700 (Indochina Time)

eth_getTransactionReceipt
eth_blockNumber
eth_getBalance
eth_getTransactionByHash
debug_traceTransaction
eth_getTransactionByHash
debug_traceTransaction
eth_getTransactionByHash
debug_traceTransaction
eth_getTransactionByHash
debug_traceTransaction
eth_getTransactionByHash
debug_traceTransaction

Received shutdown signal: SIGTERM
Shutting down…
Server has been shut down
