COMMAND: python3 experiments/scale_trace/scripts/trace_result_json.py /home/aothuatgiadp/blockchain/project/CTLC-Implementation/experiments/scale_trace/runs/random_v1_58/B-_C_evm_fund_bc_CTLCMultipleEdges_refund/result.json /home/aothuatgiadp/blockchain/project/CTLC-Implementation/experiments/scale_trace/runs/random_v1_58/B-_C_evm_fund_bc_CTLCMultipleEdges_refund/trace.json
STATUS: 0

STDOUT:
{
  "graph_id": "",
  "pair": "B->C|evm|fund:bc",
  "contract": "CTLCMultipleEdges",
  "scenario": "refund",
  "contractAddress": "0x80D1Ac97Ee1Ad2F21301F849b999106FC752Db6b",
  "traces": {
    "deploy": {
      "tx_hash": "0x45a5f810556748bc66626885fe512631a940e33ee1a2c31dabe7db33776cb92c",
      "actual_calldata_bytes": 8937,
      "actual_sstore_count": 41,
      "actual_call_count": 0,
      "opcode_steps": 6288
    },
    "fund": {
      "tx_hash": "0x234b61d14ab8892f02f9bd483296eb2cdbb0b6acda9ac51c86b3375684a13fcc",
      "actual_calldata_bytes": 0,
      "actual_sstore_count": 0,
      "actual_call_count": 0,
      "opcode_steps": 13
    },
    "disable_level0": {
      "tx_hash": "0x131e00c3e9891c0d4c93abe02906dcb67f9d3c4bd8819aa905baadc189171146",
      "actual_calldata_bytes": 36,
      "actual_sstore_count": 1,
      "actual_call_count": 0,
      "opcode_steps": 300
    },
    "refund_level1": {
      "tx_hash": "0x564c58913be0dbe7b995dd3f5a788bacc48a75bdc98d5716eb5fe146b2e3cfb4",
      "actual_calldata_bytes": 4,
      "actual_sstore_count": 1,
      "actual_call_count": 1,
      "opcode_steps": 224
    }
  }
}


STDERR:

