Using network 'development'.

{
  "ok": true,
  "graph_id": "",
  "pair": "E->F|evm|fund:ef",
  "pairKey": "E->F|evm|fund:ef",
  "contract": "CTLCMultipleEdges",
  "scenario": "refund",
  "deployGas": "0x166d1c",
  "gasUsed": "112464",
  "disableGasUsed": "52925",
  "claimGasUsed": "",
  "refundGasUsed": "59539",
  "contractAddress": "0x7F7320Fe8F90d17E17BF2DceF70D511e50A971D9",
  "startBlock": "0",
  "endBlock": "11",
  "finalContractBalanceWei": "0",
  "deployer": "0x2DA41b616Ae1bD42fC41115A0226A00eF7EaF736",
  "party": "0xf67595fb05bf9792F937914B88E14a63f43c384f",
  "counterparty": "0xE1FdD78494B61241b643bc7F1129E65F3EA01037",
  "fundingWei": "1000000000000000000",
  "timelocks": [
    8,
    10
  ],
  "transactions": [
    {
      "role": "deploy",
      "txHash": "0xb25374de29ead23338f1e98620b5f29f39f6bc72058900ab93e68c9174c5ec96"
    },
    {
      "role": "fund",
      "txHash": "0xd32d947cddcf2b940de9ecc1f303437d823dc7d5a49bd3c4105d6ed8fcfd3fd5"
    },
    {
      "role": "disable",
      "txHash": "0xe170ef82119a0fd91004183b2539e5f28a9256720dfd7dbc7bbddbb4e6be2ce0",
      "level": 0
    },
    {
      "role": "refund",
      "txHash": "0xe077d6126a1d11478f14adb659cd32845326cee1f94d45d1c333c7fb466529af",
      "level": 1
    }
  ],
  "txRoles": [
    {
      "role": "deploy",
      "txHash": "0xb25374de29ead23338f1e98620b5f29f39f6bc72058900ab93e68c9174c5ec96"
    },
    {
      "role": "fund",
      "txHash": "0xd32d947cddcf2b940de9ecc1f303437d823dc7d5a49bd3c4105d6ed8fcfd3fd5"
    },
    {
      "role": "disable",
      "txHash": "0xe170ef82119a0fd91004183b2539e5f28a9256720dfd7dbc7bbddbb4e6be2ce0",
      "level": 0
    },
    {
      "role": "refund",
      "txHash": "0xe077d6126a1d11478f14adb659cd32845326cee1f94d45d1c333c7fb466529af",
      "level": 1
    }
  ],
  "deployTxHash": "0xb25374de29ead23338f1e98620b5f29f39f6bc72058900ab93e68c9174c5ec96",
  "fundTxHash": "0xd32d947cddcf2b940de9ecc1f303437d823dc7d5a49bd3c4105d6ed8fcfd3fd5",
  "disableTxHashes": [
    "0xe170ef82119a0fd91004183b2539e5f28a9256720dfd7dbc7bbddbb4e6be2ce0"
  ],
  "disableTxHash": "0xe170ef82119a0fd91004183b2539e5f28a9256720dfd7dbc7bbddbb4e6be2ce0",
  "disableTx": "0xe170ef82119a0fd91004183b2539e5f28a9256720dfd7dbc7bbddbb4e6be2ce0",
  "refundTxHash": "0xe077d6126a1d11478f14adb659cd32845326cee1f94d45d1c333c7fb466529af",
  "refundTx": "0xe077d6126a1d11478f14adb659cd32845326cee1f94d45d1c333c7fb466529af"
}
