Using network 'development'.

{
  "ok": true,
  "graph_id": "",
  "pair": "B->C|evm|fund:bc",
  "pairKey": "B->C|evm|fund:bc",
  "contract": "CTLCOnly",
  "scenario": "best_claim",
  "deployGas": "0x144e1e",
  "gasUsed": "77013",
  "disableGasUsed": "",
  "claimGasUsed": "77013",
  "refundGasUsed": "",
  "contractAddress": "0xfD3f949d63BbB7BAF2BF62212e49Dc345a6c7274",
  "startBlock": "0",
  "endBlock": "3",
  "finalContractBalanceWei": "0",
  "deployer": "0xed6618124732eaefB4E656011D401c282e5aD984",
  "party": "0x084Ec7D77b6526A8caF7DD14F67D1799fBb3dEBb",
  "counterparty": "0xF415331DE4c43b84D31D981d32936C8105213e33",
  "fundingWei": "1000000000000000000",
  "timelocks": [
    9,
    10
  ],
  "transactions": [
    {
      "role": "deploy",
      "txHash": "0x274225cc9cb9bc330579f2258555281d8244513764413f58aca2266af7ae0883"
    },
    {
      "role": "fund",
      "txHash": "0x7fe3a05f3b428ddd9fdd3e3b16fbdff34cbdd53849a6b5142ffbb6e2d8a7dd61"
    },
    {
      "role": "claim",
      "txHash": "0xbd08ad6eb2ece4e63a6ddef3aab882aa2dd844c966eef146692672e474fb51c4",
      "level": 0,
      "option": 0
    }
  ],
  "txRoles": [
    {
      "role": "deploy",
      "txHash": "0x274225cc9cb9bc330579f2258555281d8244513764413f58aca2266af7ae0883"
    },
    {
      "role": "fund",
      "txHash": "0x7fe3a05f3b428ddd9fdd3e3b16fbdff34cbdd53849a6b5142ffbb6e2d8a7dd61"
    },
    {
      "role": "claim",
      "txHash": "0xbd08ad6eb2ece4e63a6ddef3aab882aa2dd844c966eef146692672e474fb51c4",
      "level": 0,
      "option": 0
    }
  ],
  "deployTxHash": "0x274225cc9cb9bc330579f2258555281d8244513764413f58aca2266af7ae0883",
  "fundTxHash": "0x7fe3a05f3b428ddd9fdd3e3b16fbdff34cbdd53849a6b5142ffbb6e2d8a7dd61",
  "claimTxHash": "0xbd08ad6eb2ece4e63a6ddef3aab882aa2dd844c966eef146692672e474fb51c4",
  "txHash": "0xbd08ad6eb2ece4e63a6ddef3aab882aa2dd844c966eef146692672e474fb51c4",
  "tx": "0xbd08ad6eb2ece4e63a6ddef3aab882aa2dd844c966eef146692672e474fb51c4"
}
