ganache v7.9.2 (@ganache/cli: 0.10.2, @ganache/core: 0.10.2)
Starting RPC server

Available Accounts
==================
(0) 0xf5A4f5F2c5B3aF3C212Aa6B65f304cde4C96E300 (1000 ETH)
(1) 0x1114c27d9604Ae0e9D2fC11cE3Cc00245E304589 (1000 ETH)
(2) 0x12df1ba76D23658c2D476762Ad595825681403F5 (1000 ETH)
(3) 0x82AF1cEC72af04c1112d65d6B35Fd8a1C7adAF1a (1000 ETH)
(4) 0x3ae36BA0577aFc7Bd7082396B05E99C34CcAC4A3 (1000 ETH)
(5) 0xB429a08aeec753d62085A46a259c09690Cd8652b (1000 ETH)
(6) 0x75737F02659a5bd86f5A6797Ba6848370BcB1d40 (1000 ETH)
(7) 0x8c8c0c1a402575068bB875c32dE680e1B299a165 (1000 ETH)
(8) 0xD429bDaF155D2aD65d1f83073b4C2f321B1D9C10 (1000 ETH)
(9) 0xb137188a2178Fed5D70239eF609F5b4D424EDB11 (1000 ETH)

Private Keys
==================
(0) 0xf459110c4027fb14f79456b05906582649ef12fe1c14a2a2d1f85ca0c1909869
(1) 0xcee5133c623ad04238582666937f43f80ed7f529d29b070dddc27d5b25cd8a50
(2) 0x643bc37515dc638c25d597ae3b3854f090140b9903146f31f61200dd2537a7ae
(3) 0x15ac6e9073412b935cb7f94c294d48e287ffdc11e356f0cae855403d939e07b0
(4) 0x81bf9779f2bc65f669da6a185c52a46aa1b5245a8032c09e18b86d36d59ad240
(5) 0x43cb1d3127209049a9caf621e783ad85ec7adf17013bcfc3360c3f9cbbe18baa
(6) 0xb72ae9ef51d91fd5dfc9e3a82b2c942b93babb8211f3a348be9ebf324f2e0b70
(7) 0x0c5c156f5a19d7022722cb79f281bbfe3e24a6aa54fda722183413040b5b6a60
(8) 0x77687d60060445a4ee526b9edac75988bb3a759807dd92109de5b25a926b5ca3
(9) 0xfd3bfaf9897d029eb55612f4fa6a04e6ae78342d4a6cb98b387a9998a96ede84

HD Wallet
==================
Mnemonic:      uncover frame theme museum bonus idle into lamp middle repair turkey damage
Base HD Path:  m/44'/60'/0'/0/{account_index}

Default Gas Price
==================
2000000000

BlockGas Limit
==================
30000000

Call Gas Limit
==================
50000000

Chain
==================
Hardfork: shanghai
Id:       1337

RPC Listening on 127.0.0.1:8545
web3_clientVersion
eth_blockNumber
net_version
eth_accounts
eth_accounts
eth_blockNumber
net_version
eth_getBlockByNumber
eth_estimateGas
eth_getBlockByNumber
eth_gasPrice
eth_sendTransaction

  Transaction: 0x75d8bc6881c321dd2b30fc1f0a6e27e1a2682fd4cc5d504f05e1fcca24475caf
  Contract created: 0x878cd0bc33c89670caf1d1518aa19250a7b42de8
  Gas usage: 1561256
  Block number: 1
  Block time: Fri May 08 2026 00:00:45 GMT+0700 (Indochina Time)

eth_getTransactionReceipt
eth_getCode
eth_getTransactionReceipt
eth_getBlockByNumber
eth_gasPrice
eth_sendTransaction

  Transaction: 0x48af61c281dfc226178257a30164a1edf2e4507e72828be3f1a82c7edba01db0
  Gas usage: 21055
  Block number: 2
  Block time: Fri May 08 2026 00:00:45 GMT+0700 (Indochina Time)

eth_getTransactionReceipt
net_version
eth_getBlockByNumber
eth_estimateGas
eth_getBlockByNumber
eth_gasPrice
eth_sendTransaction

  Transaction: 0x79ab9eef7a90bec0ef87a7aa2285df8e5d7d12e6416dfa7d887ac76753a7e5f1
  Gas usage: 80267
  Block number: 3
  Block time: Fri May 08 2026 00:00:45 GMT+0700 (Indochina Time)

eth_getTransactionReceipt
eth_blockNumber
eth_getBalance
eth_getTransactionByHash
debug_traceTransaction
eth_getTransactionByHash
debug_traceTransaction
eth_getTransactionByHash
debug_traceTransaction

Received shutdown signal: SIGTERM
Shutting down…
Server has been shut down
