COMMAND: python3 experiments/scale_trace/scripts/trace_result_json.py /home/aothuatgiadp/blockchain/project/CTLC-Implementation/experiments/scale_trace/runs/random_v1_185/C-_D_evm_fund_cd_CTLCMultipleEdges_worst_claim/result.json /home/aothuatgiadp/blockchain/project/CTLC-Implementation/experiments/scale_trace/runs/random_v1_185/C-_D_evm_fund_cd_CTLCMultipleEdges_worst_claim/trace.json
STATUS: 0

STDOUT:
{
  "graph_id": "",
  "pair": "C->D|evm|fund:cd",
  "contract": "CTLCMultipleEdges",
  "scenario": "worst_claim",
  "contractAddress": "0x8d0c8ca94a50E48F774e870935f22904394B373F",
  "traces": {
    "deploy": {
      "tx_hash": "0x15c804da89997a53ed4f55506f5c1c0f19d1512876d370d4a3a5d87fb0c32df1",
      "actual_calldata_bytes": 7945,
      "actual_sstore_count": 16,
      "actual_call_count": 0,
      "opcode_steps": 2641
    },
    "fund": {
      "tx_hash": "0x0adb79d89d949c5f4953d662bb217d2da1fc82d47a80dd3d85b3c81dafd64be5",
      "actual_calldata_bytes": 0,
      "actual_sstore_count": 0,
      "actual_call_count": 0,
      "opcode_steps": 13
    },
    "claim_level0": {
      "tx_hash": "0xeecf5f5c333a7b79d53c8ae7d4208c63e49d06d1d486d45be3f3abed30f7f501",
      "actual_calldata_bytes": 324,
      "actual_sstore_count": 1,
      "actual_call_count": 1,
      "opcode_steps": 1241
    }
  }
}


STDERR:

