Using network 'development'.

{
  "ok": true,
  "graph_id": "",
  "pair": "C->A|evm|fund:ca",
  "pairKey": "C->A|evm|fund:ca",
  "contract": "CTLCOnly",
  "scenario": "worst_claim",
  "deployGas": "0x10ccbb",
  "gasUsed": "64620",
  "disableGasUsed": "0",
  "claimGasUsed": "64620",
  "refundGasUsed": "",
  "contractAddress": "0x199c41D1C80C2B94914e879DFd4675eb3cf98AcC",
  "startBlock": "0",
  "endBlock": "3",
  "finalContractBalanceWei": "0",
  "deployer": "0xc47cE58b389fd658AE7481338eF9b6cF49b6b85c",
  "party": "0x19DE2fbD18b0E802d64ED25dDC565f4924451e4D",
  "counterparty": "0x3eCfFb2a3b8ce43c728B0C403cc406c58CD04A0c",
  "fundingWei": "1000000000000000000",
  "timelocks": [
    6
  ],
  "transactions": [
    {
      "role": "deploy",
      "txHash": "0x3c9d0751d8d10d8adae89f94462b88bf221fd4dfa842abe63ec485df02fc5b84"
    },
    {
      "role": "fund",
      "txHash": "0xad733578799ef206c636b32bc918d8342d09d72b9665f6abd745607a23d6cce4"
    },
    {
      "role": "claim",
      "txHash": "0xa14ce484093ee9bf2275b6e21c2bd54edd809aecfa8e3c98bfee6136ba6f04a4",
      "level": 0,
      "option": 0
    }
  ],
  "txRoles": [
    {
      "role": "deploy",
      "txHash": "0x3c9d0751d8d10d8adae89f94462b88bf221fd4dfa842abe63ec485df02fc5b84"
    },
    {
      "role": "fund",
      "txHash": "0xad733578799ef206c636b32bc918d8342d09d72b9665f6abd745607a23d6cce4"
    },
    {
      "role": "claim",
      "txHash": "0xa14ce484093ee9bf2275b6e21c2bd54edd809aecfa8e3c98bfee6136ba6f04a4",
      "level": 0,
      "option": 0
    }
  ],
  "deployTxHash": "0x3c9d0751d8d10d8adae89f94462b88bf221fd4dfa842abe63ec485df02fc5b84",
  "fundTxHash": "0xad733578799ef206c636b32bc918d8342d09d72b9665f6abd745607a23d6cce4",
  "claimTxHash": "0xa14ce484093ee9bf2275b6e21c2bd54edd809aecfa8e3c98bfee6136ba6f04a4",
  "txHash": "0xa14ce484093ee9bf2275b6e21c2bd54edd809aecfa8e3c98bfee6136ba6f04a4",
  "tx": "0xa14ce484093ee9bf2275b6e21c2bd54edd809aecfa8e3c98bfee6136ba6f04a4"
}
