Using network 'development'.

{
  "ok": true,
  "graph_id": "",
  "pair": "C->E|evm|fund:ce",
  "pairKey": "C->E|evm|fund:ce",
  "contract": "CTLCOnly",
  "scenario": "worst_claim",
  "deployGas": "0x112623",
  "gasUsed": "68747",
  "disableGasUsed": "0",
  "claimGasUsed": "68747",
  "refundGasUsed": "",
  "contractAddress": "0x751417b88FF251a98659857201F0Fcc528e1B1bA",
  "startBlock": "0",
  "endBlock": "3",
  "finalContractBalanceWei": "0",
  "deployer": "0xE1AEA40894c38f8B9f0B5C3a02018f54B227a574",
  "party": "0x534716142F42a74adAFa81c2F7190300F3ba7e02",
  "counterparty": "0x6Cf92a4f8983f2B7D6B53BA793C7e28aAEf18f00",
  "fundingWei": "1000000000000000000",
  "timelocks": [
    7
  ],
  "transactions": [
    {
      "role": "deploy",
      "txHash": "0x573ba1a4c33b7cb85b409c6b5bd78ccc81d17907f5ca938422528731a50d9b2c"
    },
    {
      "role": "fund",
      "txHash": "0xef48439f46affe4072f6a28185ae959d3a71de6cc9063c54abca4cb9c9d7664d"
    },
    {
      "role": "claim",
      "txHash": "0x316ed3ebe6dda2739b945e71995ccb9d1a5e9bb94bb96dc054b4ddedd3a39c37",
      "level": 0,
      "option": 0
    }
  ],
  "txRoles": [
    {
      "role": "deploy",
      "txHash": "0x573ba1a4c33b7cb85b409c6b5bd78ccc81d17907f5ca938422528731a50d9b2c"
    },
    {
      "role": "fund",
      "txHash": "0xef48439f46affe4072f6a28185ae959d3a71de6cc9063c54abca4cb9c9d7664d"
    },
    {
      "role": "claim",
      "txHash": "0x316ed3ebe6dda2739b945e71995ccb9d1a5e9bb94bb96dc054b4ddedd3a39c37",
      "level": 0,
      "option": 0
    }
  ],
  "deployTxHash": "0x573ba1a4c33b7cb85b409c6b5bd78ccc81d17907f5ca938422528731a50d9b2c",
  "fundTxHash": "0xef48439f46affe4072f6a28185ae959d3a71de6cc9063c54abca4cb9c9d7664d",
  "claimTxHash": "0x316ed3ebe6dda2739b945e71995ccb9d1a5e9bb94bb96dc054b4ddedd3a39c37",
  "txHash": "0x316ed3ebe6dda2739b945e71995ccb9d1a5e9bb94bb96dc054b4ddedd3a39c37",
  "tx": "0x316ed3ebe6dda2739b945e71995ccb9d1a5e9bb94bb96dc054b4ddedd3a39c37"
}
