ganache v7.9.2 (@ganache/cli: 0.10.2, @ganache/core: 0.10.2)
Starting RPC server

Available Accounts
==================
(0) 0x21a1165245CB7B2951b3115d646130b195947130 (1000 ETH)
(1) 0xe7a5907B06dB9B7A2F6303A79F6B7Acaf6202097 (1000 ETH)
(2) 0x0259B2Ea2401E4d2DddaECDcC06B6cc7E4ba92ad (1000 ETH)
(3) 0xCE60D94ddf567937A147c3A4a79a4B12943013b9 (1000 ETH)
(4) 0xb50e1fB316841b1298944a749bc6055fa9aB0A74 (1000 ETH)
(5) 0x65206040D994c2d51aae0e73bD32e1B92E2F10ed (1000 ETH)
(6) 0xf320dFd6697fB5895e39e0dE167081F508005544 (1000 ETH)
(7) 0xDE1b57174c0ed6182D405B65bDA89938041f4685 (1000 ETH)
(8) 0xE17D1093C9dD61b2556D7635809F560A4e797FB3 (1000 ETH)
(9) 0xDb603e77d5DEA93607aa46d339b22cFa91BFD6AE (1000 ETH)

Private Keys
==================
(0) 0xd762153c90723d36380279f991a0163fdba50ba348d9d84908850f1b35b75b47
(1) 0x2306c2659b6caec2f33c0af957bc080fee4ce4b005f112b30da239a7fab8fb1b
(2) 0xaafd1653db37cc7dd4ed471d94204c6d505de26221c93efc79700304cfae2721
(3) 0xd254e4fad2e4d06fbb5e7854fcd59c9bd2289e5aaa22e9afd7af6b55de145ed9
(4) 0x975e6f61173ec3cb30979b8e9e952722f00af76259efda429447b499d4b0e5ff
(5) 0xa62230c823ae6ebe493101e17ba342bcfad766a9fe720c6537737d4a9e2a2c3f
(6) 0x0eb0221b80bf0854d2d5434ec8cdc055cca0e2259eb33ec655c0dab78759af18
(7) 0x881a389c0e65935aae9da232b332185725124be21046de1ae59925d25e9acdd5
(8) 0x6db86ba3b85401a5bf931dc36ee9c158384f7d50db2ac64382b4b634ba2e7e0b
(9) 0x7a47297784cd96053231f9756d23a1fcc220ad9fbcb5e48c7072fca5d9a9d043

HD Wallet
==================
Mnemonic:      learn wasp pond shoot play salt fat sand decorate pave seven library
Base HD Path:  m/44'/60'/0'/0/{account_index}

Default Gas Price
==================
2000000000

BlockGas Limit
==================
30000000

Call Gas Limit
==================
50000000

Chain
==================
Hardfork: shanghai
Id:       1337

RPC Listening on 127.0.0.1:8545
web3_clientVersion
eth_blockNumber
net_version
eth_accounts
eth_accounts
eth_blockNumber
net_version
eth_getBlockByNumber
eth_estimateGas
eth_getBlockByNumber
eth_gasPrice
eth_sendTransaction

  Transaction: 0x4dd2abea841c183cb0fc8c513dda7209e66969f2992029002ca92efcb9892735
  Contract created: 0xdd12cab029820fd17ebf061047a67ecc9cc7191a
  Gas usage: 1239070
  Block number: 1
  Block time: Fri May 08 2026 01:07:11 GMT+0700 (Indochina Time)

eth_getTransactionReceipt
eth_getCode
eth_getTransactionReceipt
eth_getBlockByNumber
eth_gasPrice
eth_sendTransaction

  Transaction: 0x11916582ec35ec23459360018bc4f4b9ec851eefd61d88f4d8f762006e4a3c56
  Gas usage: 21055
  Block number: 2
  Block time: Fri May 08 2026 01:07:11 GMT+0700 (Indochina Time)

eth_getTransactionReceipt
eth_blockNumber
evm_mine
eth_blockNumber
evm_mine
eth_blockNumber
evm_mine
eth_blockNumber
evm_mine
eth_blockNumber
evm_mine
eth_blockNumber
net_version
eth_getBlockByNumber
eth_estimateGas
eth_getBlockByNumber
eth_gasPrice
eth_sendTransaction

  Transaction: 0xb7d4b89043e351499394a7ee415f527409becc40473a8000868010c64c5679f0
  Gas usage: 52947
  Block number: 8
  Block time: Fri May 08 2026 01:07:11 GMT+0700 (Indochina Time)

eth_getTransactionReceipt
net_version
eth_getBlockByNumber
eth_estimateGas
eth_getBlockByNumber
eth_gasPrice
eth_sendTransaction

  Transaction: 0xcb359ed522015fdb792cc85e399acd1030d3bdda69640af42a448d1ad0704372
  Gas usage: 72886
  Block number: 9
  Block time: Fri May 08 2026 01:07:11 GMT+0700 (Indochina Time)

eth_getTransactionReceipt
eth_blockNumber
eth_getBalance
eth_getTransactionByHash
debug_traceTransaction
eth_getTransactionByHash
debug_traceTransaction
eth_getTransactionByHash
debug_traceTransaction
eth_getTransactionByHash
debug_traceTransaction

Received shutdown signal: SIGTERM
Shutting down…
Server has been shut down
