Using network 'development'.

{
  "ok": true,
  "graph_id": "",
  "pair": "E->A|evm|fund:ea",
  "pairKey": "E->A|evm|fund:ea",
  "contract": "CTLCOnly",
  "scenario": "best_claim",
  "deployGas": "0x10ccbb",
  "gasUsed": "64620",
  "disableGasUsed": "",
  "claimGasUsed": "64620",
  "refundGasUsed": "",
  "contractAddress": "0xd3758FD6f8521bD0836Ea58e7775b83492fD639A",
  "startBlock": "0",
  "endBlock": "3",
  "finalContractBalanceWei": "0",
  "deployer": "0x8ACb9ee1Eae0E3919dd445cCDc7a18D740761514",
  "party": "0x131c1354fDBA689a3AF4C7dEA580ACd294cC35Be",
  "counterparty": "0x4dF30489cd8ADF4F093ae17CbE8382648440d151",
  "fundingWei": "1000000000000000000",
  "timelocks": [
    6
  ],
  "transactions": [
    {
      "role": "deploy",
      "txHash": "0x30f76e7ea12a0730b3c5d2b523afa8c1ce22875329dfaaa460bb6c53ba46bb6c"
    },
    {
      "role": "fund",
      "txHash": "0xe809049c8e290d846617de3274b47cfbea375bc6ef1e9b4fa63c53652be265ea"
    },
    {
      "role": "claim",
      "txHash": "0x9228d6fc4f0952677a13e36f82c43091606ee864413c5d27f1b4c61f3a359520",
      "level": 0,
      "option": 0
    }
  ],
  "txRoles": [
    {
      "role": "deploy",
      "txHash": "0x30f76e7ea12a0730b3c5d2b523afa8c1ce22875329dfaaa460bb6c53ba46bb6c"
    },
    {
      "role": "fund",
      "txHash": "0xe809049c8e290d846617de3274b47cfbea375bc6ef1e9b4fa63c53652be265ea"
    },
    {
      "role": "claim",
      "txHash": "0x9228d6fc4f0952677a13e36f82c43091606ee864413c5d27f1b4c61f3a359520",
      "level": 0,
      "option": 0
    }
  ],
  "deployTxHash": "0x30f76e7ea12a0730b3c5d2b523afa8c1ce22875329dfaaa460bb6c53ba46bb6c",
  "fundTxHash": "0xe809049c8e290d846617de3274b47cfbea375bc6ef1e9b4fa63c53652be265ea",
  "claimTxHash": "0x9228d6fc4f0952677a13e36f82c43091606ee864413c5d27f1b4c61f3a359520",
  "txHash": "0x9228d6fc4f0952677a13e36f82c43091606ee864413c5d27f1b4c61f3a359520",
  "tx": "0x9228d6fc4f0952677a13e36f82c43091606ee864413c5d27f1b4c61f3a359520"
}
