ganache v7.9.2 (@ganache/cli: 0.10.2, @ganache/core: 0.10.2)
Starting RPC server
web3_clientVersion

Available Accounts
==================
(0) 0xDEfE7bb777d72Fd3327dD86c0e41512AbFc99978 (1000 ETH)
(1) 0x4A7c18D7370A017885c8fCc4f46e91491178CD60 (1000 ETH)
(2) 0x7CB0FaEE85831eAA8A445A15E87642f537D10EF2 (1000 ETH)
(3) 0xe6Afc989649F539eaADf8bF57cA4755339efCe4a (1000 ETH)
(4) 0x5ad9bfE131A9169b0a4CA7235DF91b21aBcA5Bd7 (1000 ETH)
(5) 0x260F51a50EeAB5f68E2f69fe5784e917c62cf980 (1000 ETH)
(6) 0x07469ff146EB153ABb4D69C8545d695542Fb5c9a (1000 ETH)
(7) 0x441280DB5Fd2c1E20D84407cF2216FCd6C70A056 (1000 ETH)
(8) 0xFbe1B1F8A241f26927387079f5a775107BC9e4C9 (1000 ETH)
(9) 0x37635A5d2557c8abC912F2d4a33a76de94B05f64 (1000 ETH)

Private Keys
==================
(0) 0x8586830ea762dddb113ac4a4885da2441393663f418567c98935991a07f9aa20
(1) 0xcc14b96511a131d605bbfa319e0ecce21f63743f24282a2475f955c94b17876c
(2) 0x618cc05df10d2112fe203475154c28311c91ff12b709a399934994ddbc6862d1
(3) 0x7c6dd42421a4cebaac0a37a4710e153f6e98af5552211a839a5b426bf1ae08e7
(4) 0x32f2d623238aed97b76332c0f08832c157f091bff153fa1c662d1d8ad7af168e
(5) 0x88c06e988c38b01f39b52834ff198e5ab029037c5dbe0b969dd7a222e329d6ae
(6) 0x35372bb5a5a7460222e564ef917477895b9d32465cefd99c2d8cab170d3feb29
(7) 0x332c95beb193ed835717e7b1b20e63058f3c05c9b5d8d1ce4fd71ce8e43a11d4
(8) 0x8f6bbeb3555297c17e8635a7a96d5ae55c67170518c7c35332da84fa198ad321
(9) 0x91949615b918cb1d41df22a47089dcad0bf2a357db29abf483be15569ffb4785

HD Wallet
==================
Mnemonic:      card rookie large kiss above doll virtual inform moment visual next genius
Base HD Path:  m/44'/60'/0'/0/{account_index}

Default Gas Price
==================
2000000000

BlockGas Limit
==================
30000000

Call Gas Limit
==================
50000000

Chain
==================
Hardfork: shanghai
Id:       1337

RPC Listening on 127.0.0.1:8545
eth_blockNumber
net_version
eth_accounts
eth_accounts
eth_blockNumber
net_version
eth_getBlockByNumber
eth_estimateGas
eth_getBlockByNumber
eth_gasPrice
eth_sendTransaction

  Transaction: 0x4266dfe176bdfd9a9ed016848b5a31990a680c52860b651fee1176e4e32fad3f
  Contract created: 0x73739833a5b1e978d457a9dfa944cf4db1c21834
  Gas usage: 1331110
  Block number: 1
  Block time: Thu May 07 2026 20:33:01 GMT+0700 (Indochina Time)

eth_getTransactionReceipt
eth_getCode
eth_getTransactionReceipt
eth_getBlockByNumber
eth_gasPrice
eth_sendTransaction

  Transaction: 0xf87537103c65aab13f12b24f13095f64604ae8eab24f90f977d4e2dd6f532431
  Gas usage: 21055
  Block number: 2
  Block time: Thu May 07 2026 20:33:01 GMT+0700 (Indochina Time)

eth_getTransactionReceipt
net_version
eth_getBlockByNumber
eth_estimateGas
eth_getBlockByNumber
eth_gasPrice
eth_sendTransaction

  Transaction: 0x89fa5b155ef31c6e8842184beb4b1ee7d63b4a5f5a349c3bddb66c4d53da7490
  Gas usage: 80267
  Block number: 3
  Block time: Thu May 07 2026 20:33:01 GMT+0700 (Indochina Time)

eth_getTransactionReceipt
eth_blockNumber
eth_getBalance
eth_getTransactionByHash
debug_traceTransaction
eth_getTransactionByHash
debug_traceTransaction
eth_getTransactionByHash
debug_traceTransaction

Received shutdown signal: SIGTERM
Shutting down…
Server has been shut down
