ganache v7.9.2 (@ganache/cli: 0.10.2, @ganache/core: 0.10.2)
Starting RPC server

Available Accounts
==================
(0) 0x490b35dC0f641e4b28a8CB550C32d3B7ca6836b3 (1000 ETH)
(1) 0x96cd948c121E240AE4617a287B02DDe4143dfAf3 (1000 ETH)
(2) 0x0Ee111A4E3BCD3Af5f909F4F5AF43ce6A685EE4d (1000 ETH)
(3) 0x015d7B8dDE758A7e29EE47dbc375a2271c097B81 (1000 ETH)
(4) 0xc63D5E19Ff380d1468a26f8FE2CA24f40b4bbE7c (1000 ETH)
(5) 0x9Eff480E6dab43e2BDDB4E74B62a4742AB6C4046 (1000 ETH)
(6) 0x768D48E1d66AD8F42EBef848849becFbB8ad90d6 (1000 ETH)
(7) 0x02Ba98413Bb06D7bb65721615FC289f7957c1Aa8 (1000 ETH)
(8) 0xb13501C39594862C85b4286c91680196Fd84C73b (1000 ETH)
(9) 0x51d20DDdC96D71F1d5d2CfDdDB30CC9730d1c5dB (1000 ETH)

Private Keys
==================
(0) 0xb023ba72b13e5f60798b2d05ecd0b135aebba7ef730736eb78cc2bb205fe0daa
(1) 0xd9e37bad03603cb0a910d5987b41efa35e2a5a21196f628c2364230a4a5222d1
(2) 0x166e789743cea3a15a3e9ab1cab0c80c69fcaff3eaeacd36bba42588f8deaa54
(3) 0x301160a5f81521b43aac06d0043edc6c01c4b6c1c10e22992c889aed11ea2449
(4) 0xbfccf417e90f2c1fb2e3d477effb94ec7195190658a33b7bae5ed19d5c81eff4
(5) 0xb8b7cbde8bb9cfef25f99cc53d167ae5949bd1a27b61c9e6fefe5d09998ce5fa
(6) 0x2252310e2750686a57f3a53a61eb36d6f642f27529fb31a017c8dce6cc9b9555
(7) 0x66b5e33a47c88205bd05d30557de3aba74ad07e382d008e962e12385ed9b717b
(8) 0x303923d106f61737d1781c2579f78ea0ab34ab7c18a518b2c4793944d14c8809
(9) 0x85cf534f2e01d401003f86f48a83ed9e2f8227d26380b4dfe7fa543202773042

HD Wallet
==================
Mnemonic:      answer balance vicious tone bright risk satoshi alter kit face mix impulse
Base HD Path:  m/44'/60'/0'/0/{account_index}

Default Gas Price
==================
2000000000

BlockGas Limit
==================
30000000

Call Gas Limit
==================
50000000

Chain
==================
Hardfork: shanghai
Id:       1337

RPC Listening on 127.0.0.1:8545
web3_clientVersion
eth_blockNumber
net_version
eth_accounts
eth_accounts
eth_blockNumber
net_version
eth_getBlockByNumber
eth_estimateGas
eth_getBlockByNumber
eth_gasPrice
eth_sendTransaction

  Transaction: 0xee1c4e578bd9c3021ea9a70aa019864a1c8dffd3224362847a03805228c1ae31
  Contract created: 0xc5a25b27cde0972a14f1f1d3246095b271a30d31
  Gas usage: 1607184
  Block number: 1
  Block time: Fri May 08 2026 02:27:42 GMT+0700 (Indochina Time)

eth_getTransactionReceipt
eth_getCode
eth_getTransactionReceipt
eth_getBlockByNumber
eth_gasPrice
eth_sendTransaction

  Transaction: 0xced0959024e67438b2900dee19ac2443877e1d98891e9f0059a5a7c654cf3477
  Gas usage: 21055
  Block number: 2
  Block time: Fri May 08 2026 02:27:42 GMT+0700 (Indochina Time)

eth_getTransactionReceipt
net_version
eth_getBlockByNumber
eth_estimateGas
eth_getBlockByNumber
eth_gasPrice
eth_sendTransaction

  Transaction: 0xc6f6bf1ac068fbfec434792e41833d545824ef0cce827e9478f6181f73b90349
  Gas usage: 84598
  Block number: 3
  Block time: Fri May 08 2026 02:27:42 GMT+0700 (Indochina Time)

eth_getTransactionReceipt
eth_blockNumber
eth_getBalance
eth_getTransactionByHash
debug_traceTransaction
eth_getTransactionByHash
debug_traceTransaction
eth_getTransactionByHash
debug_traceTransaction

Received shutdown signal: SIGTERM
Shutting down…
Server has been shut down
