Using network 'development'.

{
  "ok": true,
  "graph_id": "",
  "pair": "E->F|evm|fund:ef",
  "pairKey": "E->F|evm|fund:ef",
  "contract": "CTLCMultipleEdges",
  "scenario": "worst_claim",
  "deployGas": "0x17d77a",
  "gasUsed": "169029",
  "disableGasUsed": "88762",
  "claimGasUsed": "80267",
  "refundGasUsed": "",
  "contractAddress": "0x7c7d09709a619b45B3936950aC45Fbeb88CCcd9e",
  "startBlock": "0",
  "endBlock": "10",
  "finalContractBalanceWei": "0",
  "deployer": "0x560c89E3052b4A7681cFA1dda797FEA6021Efbd3",
  "party": "0x411D1DbF3B77013bC42Ff54F360Ad296CfA65bb0",
  "counterparty": "0x4bEd4762eF111F28bc3C83Efa42aFfd962379712",
  "fundingWei": "1000000000000000000",
  "timelocks": [
    7,
    8,
    9
  ],
  "transactions": [
    {
      "role": "deploy",
      "txHash": "0x871148650304407cefc9532d94eb6c765ab023250fd2131a70380defbae8f8a3"
    },
    {
      "role": "fund",
      "txHash": "0x84fcabfac3253ffc01723369fd0b7016506f6a2a701c4beb39881f7ccc42639e"
    },
    {
      "role": "disable",
      "txHash": "0xf966e132d2ab51618d50f9fcb2c08b28149eb3aff166d3d2502596be519f4805",
      "level": 0
    },
    {
      "role": "disable",
      "txHash": "0x8f9212ef8d292e0d12d65bd0e936dc4cfa095e2f3920e7ab9bef06f4eb77197d",
      "level": 1
    },
    {
      "role": "claim",
      "txHash": "0xbeafc1892fe5355ff7a579049255a973211c9b93783a2b63b2b0be714d95f6dc",
      "level": 2,
      "option": 0
    }
  ],
  "txRoles": [
    {
      "role": "deploy",
      "txHash": "0x871148650304407cefc9532d94eb6c765ab023250fd2131a70380defbae8f8a3"
    },
    {
      "role": "fund",
      "txHash": "0x84fcabfac3253ffc01723369fd0b7016506f6a2a701c4beb39881f7ccc42639e"
    },
    {
      "role": "disable",
      "txHash": "0xf966e132d2ab51618d50f9fcb2c08b28149eb3aff166d3d2502596be519f4805",
      "level": 0
    },
    {
      "role": "disable",
      "txHash": "0x8f9212ef8d292e0d12d65bd0e936dc4cfa095e2f3920e7ab9bef06f4eb77197d",
      "level": 1
    },
    {
      "role": "claim",
      "txHash": "0xbeafc1892fe5355ff7a579049255a973211c9b93783a2b63b2b0be714d95f6dc",
      "level": 2,
      "option": 0
    }
  ],
  "deployTxHash": "0x871148650304407cefc9532d94eb6c765ab023250fd2131a70380defbae8f8a3",
  "fundTxHash": "0x84fcabfac3253ffc01723369fd0b7016506f6a2a701c4beb39881f7ccc42639e",
  "disableTxHashes": [
    "0xf966e132d2ab51618d50f9fcb2c08b28149eb3aff166d3d2502596be519f4805",
    "0x8f9212ef8d292e0d12d65bd0e936dc4cfa095e2f3920e7ab9bef06f4eb77197d"
  ],
  "disableTxHash": "0xf966e132d2ab51618d50f9fcb2c08b28149eb3aff166d3d2502596be519f4805",
  "disableTx": "0xf966e132d2ab51618d50f9fcb2c08b28149eb3aff166d3d2502596be519f4805",
  "claimTxHash": "0xbeafc1892fe5355ff7a579049255a973211c9b93783a2b63b2b0be714d95f6dc",
  "txHash": "0xbeafc1892fe5355ff7a579049255a973211c9b93783a2b63b2b0be714d95f6dc",
  "tx": "0xbeafc1892fe5355ff7a579049255a973211c9b93783a2b63b2b0be714d95f6dc"
}
