COMMAND: python3 experiments/scale_trace/scripts/trace_result_json.py /home/aothuatgiadp/blockchain/project/CTLC-Implementation/experiments/scale_trace/runs/random_v1_42/D-_A_evm_fund_da_CTLCOnly_refund/result.json /home/aothuatgiadp/blockchain/project/CTLC-Implementation/experiments/scale_trace/runs/random_v1_42/D-_A_evm_fund_da_CTLCOnly_refund/trace.json
STATUS: 0

STDOUT:
{
  "graph_id": "",
  "pair": "D->A|evm|fund:da",
  "contract": "CTLCOnly",
  "scenario": "refund",
  "contractAddress": "0x5c79690319D56D13732Bd05564b2B5D36831193A",
  "traces": {
    "deploy": {
      "tx_hash": "0xbee355ca252ec45843f381eea0636c37544077ae7533face82edc1c8e027cf88",
      "actual_calldata_bytes": 7091,
      "actual_sstore_count": 8,
      "actual_call_count": 0,
      "opcode_steps": 1286
    },
    "fund": {
      "tx_hash": "0x5d1da277d3e023821a9d3a114581365a82f08ed79d74be662ebd8539614353b7",
      "actual_calldata_bytes": 0,
      "actual_sstore_count": 0,
      "actual_call_count": 0,
      "opcode_steps": 13
    },
    "refund_level0": {
      "tx_hash": "0x73645b6751d1ec4ba3fa1ac8bf8383f27c60f32fe85f29f816c87d5193383c3d",
      "actual_calldata_bytes": 4,
      "actual_sstore_count": 1,
      "actual_call_count": 1,
      "opcode_steps": 229
    }
  }
}


STDERR:

