Using network 'development'.

{
  "ok": true,
  "graph_id": "",
  "pair": "F->G|evm|fund:fg",
  "pairKey": "F->G|evm|fund:fg",
  "contract": "CTLCOnly",
  "scenario": "best_claim",
  "deployGas": "0x12e82a",
  "gasUsed": "68747",
  "disableGasUsed": "",
  "claimGasUsed": "68747",
  "refundGasUsed": "",
  "contractAddress": "0x5E866d0bB5832DE934115eD95eBD35c1916aE85a",
  "startBlock": "0",
  "endBlock": "3",
  "finalContractBalanceWei": "0",
  "deployer": "0xFdb998148c504fFE6d5e573a34C6C30908b55FA0",
  "party": "0x4D26D037b39aB2836A28c739a05152047808daCb",
  "counterparty": "0x50af214a464690FE7d8c10b07893f10A9e768b53",
  "fundingWei": "1000000000000000000",
  "timelocks": [
    7,
    8
  ],
  "transactions": [
    {
      "role": "deploy",
      "txHash": "0x5b81f5bf28164cdc8a779b88f69b768fbd4c2284acbc5685d664bbeed4ddf6e8"
    },
    {
      "role": "fund",
      "txHash": "0x9c5696acf313e6c752c53b2c87d16093188f450d4ab31d5c110ba53681c118d5"
    },
    {
      "role": "claim",
      "txHash": "0xd0d3eb24380ccf67876c1a8d3230e22dcbc2ca573214b0a898307cb4a8e655ff",
      "level": 0,
      "option": 0
    }
  ],
  "txRoles": [
    {
      "role": "deploy",
      "txHash": "0x5b81f5bf28164cdc8a779b88f69b768fbd4c2284acbc5685d664bbeed4ddf6e8"
    },
    {
      "role": "fund",
      "txHash": "0x9c5696acf313e6c752c53b2c87d16093188f450d4ab31d5c110ba53681c118d5"
    },
    {
      "role": "claim",
      "txHash": "0xd0d3eb24380ccf67876c1a8d3230e22dcbc2ca573214b0a898307cb4a8e655ff",
      "level": 0,
      "option": 0
    }
  ],
  "deployTxHash": "0x5b81f5bf28164cdc8a779b88f69b768fbd4c2284acbc5685d664bbeed4ddf6e8",
  "fundTxHash": "0x9c5696acf313e6c752c53b2c87d16093188f450d4ab31d5c110ba53681c118d5",
  "claimTxHash": "0xd0d3eb24380ccf67876c1a8d3230e22dcbc2ca573214b0a898307cb4a8e655ff",
  "txHash": "0xd0d3eb24380ccf67876c1a8d3230e22dcbc2ca573214b0a898307cb4a8e655ff",
  "tx": "0xd0d3eb24380ccf67876c1a8d3230e22dcbc2ca573214b0a898307cb4a8e655ff"
}
