Using network 'development'.

{
  "ok": true,
  "graph_id": "",
  "pair": "B->D|evm|fund:bd",
  "pairKey": "B->D|evm|fund:bd",
  "contract": "CTLCOnly",
  "scenario": "best_claim",
  "deployGas": "0x117fbb",
  "gasUsed": "72874",
  "disableGasUsed": "",
  "claimGasUsed": "72874",
  "refundGasUsed": "",
  "contractAddress": "0x5185469f501DEa13814D59B2Ac65edB080188357",
  "startBlock": "0",
  "endBlock": "3",
  "finalContractBalanceWei": "0",
  "deployer": "0xAE6Fc3034126ea723300061D3aD823CB54e37D5F",
  "party": "0x54F83b6e9a9846536e603D554538E6368D14A877",
  "counterparty": "0xaBf45799a82297dcf29b5A65133eE3cFDeD14CD7",
  "fundingWei": "1000000000000000000",
  "timelocks": [
    8
  ],
  "transactions": [
    {
      "role": "deploy",
      "txHash": "0x42be22252b7e38192cc0684e6e7e33d4d1a77744531b5c1c1d081fe3b131afd3"
    },
    {
      "role": "fund",
      "txHash": "0xb2b870498b2d8d266c05653316a1f695cfbb13da793b0cee0c441a71b0f3acc5"
    },
    {
      "role": "claim",
      "txHash": "0x94d79c2522382984dc332bae9408ebc6a65257ac460a5ee9905e76c3f193bbbe",
      "level": 0,
      "option": 0
    }
  ],
  "txRoles": [
    {
      "role": "deploy",
      "txHash": "0x42be22252b7e38192cc0684e6e7e33d4d1a77744531b5c1c1d081fe3b131afd3"
    },
    {
      "role": "fund",
      "txHash": "0xb2b870498b2d8d266c05653316a1f695cfbb13da793b0cee0c441a71b0f3acc5"
    },
    {
      "role": "claim",
      "txHash": "0x94d79c2522382984dc332bae9408ebc6a65257ac460a5ee9905e76c3f193bbbe",
      "level": 0,
      "option": 0
    }
  ],
  "deployTxHash": "0x42be22252b7e38192cc0684e6e7e33d4d1a77744531b5c1c1d081fe3b131afd3",
  "fundTxHash": "0xb2b870498b2d8d266c05653316a1f695cfbb13da793b0cee0c441a71b0f3acc5",
  "claimTxHash": "0x94d79c2522382984dc332bae9408ebc6a65257ac460a5ee9905e76c3f193bbbe",
  "txHash": "0x94d79c2522382984dc332bae9408ebc6a65257ac460a5ee9905e76c3f193bbbe",
  "tx": "0x94d79c2522382984dc332bae9408ebc6a65257ac460a5ee9905e76c3f193bbbe"
}
