Using network 'development'.

{
  "ok": true,
  "graph_id": "",
  "pair": "C->D|evm|fund:cd",
  "pairKey": "C->D|evm|fund:cd",
  "contract": "CTLCOnly",
  "scenario": "best_claim",
  "deployGas": "0x11d93b",
  "gasUsed": "77013",
  "disableGasUsed": "",
  "claimGasUsed": "77013",
  "refundGasUsed": "",
  "contractAddress": "0x6a2b7AE1c1E1e4cB0fC44fC6de0ebB58f8c4ee0D",
  "startBlock": "0",
  "endBlock": "3",
  "finalContractBalanceWei": "0",
  "deployer": "0x46D4366392FB506657324e31B92284501fa28210",
  "party": "0xF893Dc1a94Fe8c54E0A9386FF50C627988C27269",
  "counterparty": "0x3Ed00231a3C5fbBb594a3a4922Ab75F191e7128C",
  "fundingWei": "1000000000000000000",
  "timelocks": [
    9
  ],
  "transactions": [
    {
      "role": "deploy",
      "txHash": "0x6689f02b188975d7dedc79a025d48c33d579f394ae5e5819b8a2af8b15a80e2a"
    },
    {
      "role": "fund",
      "txHash": "0x0891ddce85e657bbd0439e2df1354f26766818c12e50eec4a5d2765e6c75be2b"
    },
    {
      "role": "claim",
      "txHash": "0xf3759dff677e65aa72aca880719a0f9e617d834a4a025497b24eb66d6ab9de37",
      "level": 0,
      "option": 0
    }
  ],
  "txRoles": [
    {
      "role": "deploy",
      "txHash": "0x6689f02b188975d7dedc79a025d48c33d579f394ae5e5819b8a2af8b15a80e2a"
    },
    {
      "role": "fund",
      "txHash": "0x0891ddce85e657bbd0439e2df1354f26766818c12e50eec4a5d2765e6c75be2b"
    },
    {
      "role": "claim",
      "txHash": "0xf3759dff677e65aa72aca880719a0f9e617d834a4a025497b24eb66d6ab9de37",
      "level": 0,
      "option": 0
    }
  ],
  "deployTxHash": "0x6689f02b188975d7dedc79a025d48c33d579f394ae5e5819b8a2af8b15a80e2a",
  "fundTxHash": "0x0891ddce85e657bbd0439e2df1354f26766818c12e50eec4a5d2765e6c75be2b",
  "claimTxHash": "0xf3759dff677e65aa72aca880719a0f9e617d834a4a025497b24eb66d6ab9de37",
  "txHash": "0xf3759dff677e65aa72aca880719a0f9e617d834a4a025497b24eb66d6ab9de37",
  "tx": "0xf3759dff677e65aa72aca880719a0f9e617d834a4a025497b24eb66d6ab9de37"
}
