Using network 'development'.

{
  "ok": true,
  "graph_id": "",
  "pair": "B->A|evm|fund:ba",
  "pairKey": "B->A|evm|fund:ba",
  "contract": "CTLCOnly",
  "scenario": "best_claim",
  "deployGas": "0x10ccbb",
  "gasUsed": "64620",
  "disableGasUsed": "",
  "claimGasUsed": "64620",
  "refundGasUsed": "",
  "contractAddress": "0xBda6eD6A7C1d9bB7F071829fBB50254119bc5000",
  "startBlock": "0",
  "endBlock": "3",
  "finalContractBalanceWei": "0",
  "deployer": "0x2eCa60cb8068E9A9a000bE8A60b08403272e303f",
  "party": "0x3adf49904ea09C4540f61C645fcF2aA02340C9cb",
  "counterparty": "0x4BeA640a1689a1f9A74B3086c8aC30E8Bc527986",
  "fundingWei": "1000000000000000000",
  "timelocks": [
    6
  ],
  "transactions": [
    {
      "role": "deploy",
      "txHash": "0xc43082ab00512265f28c3c24f5cf3b14d0d3b65a01741f09d30e73c333591bc5"
    },
    {
      "role": "fund",
      "txHash": "0x3e7eeee42535909402c45830accfae5ef5b1688ac1d558e87a72dd60883d9cb4"
    },
    {
      "role": "claim",
      "txHash": "0x2e781e26bda68f75ef962845e0b179abbfabfb29bf0cded0ca7c38750e3bfb2f",
      "level": 0,
      "option": 0
    }
  ],
  "txRoles": [
    {
      "role": "deploy",
      "txHash": "0xc43082ab00512265f28c3c24f5cf3b14d0d3b65a01741f09d30e73c333591bc5"
    },
    {
      "role": "fund",
      "txHash": "0x3e7eeee42535909402c45830accfae5ef5b1688ac1d558e87a72dd60883d9cb4"
    },
    {
      "role": "claim",
      "txHash": "0x2e781e26bda68f75ef962845e0b179abbfabfb29bf0cded0ca7c38750e3bfb2f",
      "level": 0,
      "option": 0
    }
  ],
  "deployTxHash": "0xc43082ab00512265f28c3c24f5cf3b14d0d3b65a01741f09d30e73c333591bc5",
  "fundTxHash": "0x3e7eeee42535909402c45830accfae5ef5b1688ac1d558e87a72dd60883d9cb4",
  "claimTxHash": "0x2e781e26bda68f75ef962845e0b179abbfabfb29bf0cded0ca7c38750e3bfb2f",
  "txHash": "0x2e781e26bda68f75ef962845e0b179abbfabfb29bf0cded0ca7c38750e3bfb2f",
  "tx": "0x2e781e26bda68f75ef962845e0b179abbfabfb29bf0cded0ca7c38750e3bfb2f"
}
