ganache v7.9.2 (@ganache/cli: 0.10.2, @ganache/core: 0.10.2)
Starting RPC server

Available Accounts
==================
(0) 0x2C68926E17CE7EDCbB3fd0E5c05970E1A3B19d67 (1000 ETH)
(1) 0xe0d5eF2Ffc07d5b23b9B53E01a1d92500c9eCeEe (1000 ETH)
(2) 0xE9Ac472F5c640a1E11f736860Ff2dFB692f956e5 (1000 ETH)
(3) 0xd14B32Af4e7bbA0069989eD91e5C61406ea01413 (1000 ETH)
(4) 0x320dd55851e0388071f5418Ca2B051D8e0aaE32B (1000 ETH)
(5) 0x78E32fCC70b5f1AA8242233aBe741233901310E7 (1000 ETH)
(6) 0x16AcdB1F7b8A03E06a75D3B72900c5d9e5Ffa61A (1000 ETH)
(7) 0x1A469C38976EC2bAC654B4bB2fA0B2F995Cf6a8d (1000 ETH)
(8) 0xae2DF8c93865F755E6bDF3cFe78B76b28C2Fe5DE (1000 ETH)
(9) 0x59241d2F70C195A8Ec9f351052e379C3918aE8DB (1000 ETH)

Private Keys
==================
(0) 0x387f453fb0635ac979c4d8b63e41bd95a410adb9287e4bd0a2ff97a308b1406e
(1) 0xa4e6d726223c8140a52e0a5a083302a26d92977232f8fe853dad59c03fe40282
(2) 0xcd1f0783518c9025e0db54c8597fad84a7a741a383b16a9f3d6e4ec26cc91700
(3) 0x600003f1b5c3e9d644c4617af746ae4f3449c4e94f858d0c009d9188f18e5d6e
(4) 0x40c8f1c2f68f78ad4844ae96fb94017de2d3443497343d6544e0643db4954669
(5) 0x8a8868c4cd7c690b2734a60442fa9307cedb1a21546a63ec8f0876ecf1c3c6ce
(6) 0x5a51a16b156d973f640c86f7b0970c27227866e15b264343ba5984a90cd8c41d
(7) 0x9e2e5f73813023fb378b53d356345909fea7813efbefcd8083dfa0799577f1fe
(8) 0x25aaadf8144d064ced32afbcd1e0406cfb0ff4e606cd29fb214f778a1be88174
(9) 0x4aee9078fe5b7b6b4c3cbf76d65bb5140a827cdd1a58a9639205c1f18b429065

HD Wallet
==================
Mnemonic:      tray push force camp small fog ready green business shadow physical wage
Base HD Path:  m/44'/60'/0'/0/{account_index}

Default Gas Price
==================
2000000000

BlockGas Limit
==================
30000000

Call Gas Limit
==================
50000000

Chain
==================
Hardfork: shanghai
Id:       1337

RPC Listening on 127.0.0.1:8545
web3_clientVersion
eth_blockNumber
net_version
eth_accounts
eth_accounts
eth_blockNumber
net_version
eth_getBlockByNumber
eth_estimateGas
eth_getBlockByNumber
eth_gasPrice
eth_sendTransaction

  Transaction: 0x6e04eea577cf0a08c1b6d795579d103344ab0742c02708d0fe5b2699e7553240
  Contract created: 0xf3ae9cedd805df4c7bbbe474833ac24eefc0451d
  Gas usage: 1745774
  Block number: 1
  Block time: Fri May 08 2026 00:35:32 GMT+0700 (Indochina Time)

eth_getTransactionReceipt
eth_getCode
eth_getTransactionReceipt
eth_getBlockByNumber
eth_gasPrice
eth_sendTransaction

  Transaction: 0x0765326661ebbd9c54eaaee89079faacb1a01e03378adf5940fae4c3246537a1
  Gas usage: 21055
  Block number: 2
  Block time: Fri May 08 2026 00:35:32 GMT+0700 (Indochina Time)

eth_getTransactionReceipt
net_version
eth_getBlockByNumber
eth_estimateGas
eth_getBlockByNumber
eth_gasPrice
eth_sendTransaction

  Transaction: 0x5fa5fbc3e4c7896b86032349a601a6cad032f06b5302a7de8a94ccd938706874
  Gas usage: 80267
  Block number: 3
  Block time: Fri May 08 2026 00:35:32 GMT+0700 (Indochina Time)

eth_getTransactionReceipt
eth_blockNumber
eth_getBalance
eth_getTransactionByHash
debug_traceTransaction
eth_getTransactionByHash
debug_traceTransaction
eth_getTransactionByHash
debug_traceTransaction

Received shutdown signal: SIGTERM
Shutting down…
Server has been shut down
