ganache v7.9.2 (@ganache/cli: 0.10.2, @ganache/core: 0.10.2)
Starting RPC server

Available Accounts
==================
(0) 0xdbfFA647a6257F2685BCF3f17af48AD4929E267A (1000 ETH)
(1) 0x88df21EA90a7693D1B7530fe20Ef570677ba0BdE (1000 ETH)
(2) 0x33aba13655B58B706217946A27Efb232967728bE (1000 ETH)
(3) 0xE7bd01c2CED74322e6e063BB5e42BDcAe16d2413 (1000 ETH)
(4) 0x5c5e2Dfcd8F370E6aAd29899EC7F55507fB1b491 (1000 ETH)
(5) 0xd95f00Be18E4c56cC895C34E872CE31122c12031 (1000 ETH)
(6) 0x3e0256335A6A5eB50117a707739256561Ab798D0 (1000 ETH)
(7) 0x0C761598BC94CcFbC18AA7De1888502229740251 (1000 ETH)
(8) 0x827e06a723C6f0E836c75A0E742800f136eaB3B2 (1000 ETH)
(9) 0xf61656Fb6fcA9ff79c273D9B2Dc2207dC9D2DFA4 (1000 ETH)

Private Keys
==================
(0) 0xa25555433b9cd4fe338c4526f425b361dd3fd42d7c1c52c6d940b9e519391e84
(1) 0xf0beacc7360eb23480468e749d74292ebf9dbcc0c47faecd749e366a7f8dc57d
(2) 0x037ac480edbc19a8f1a0d739b8098cc63862169379557a557b3a7fee2f4abe9e
(3) 0x3a287d5178f0abdcc6b0eb03165132786845db5352ed843cf3b82687b8a59e24
(4) 0x1e6172d8be22bd5f3a4e982f784276030ef264072a8942f575c11d7d332085f7
(5) 0x48d1a641f7ac3dad1b69c25d1cdd219d71c858b333749330b9bd78c02af304ea
(6) 0x612e9d7a4cc063f74d785c84a491b800bc07d980d1cfee175209f535f604f9d5
(7) 0x593b5a1030e7f880c914359041a51e3162ae930da05394a7e38a74d0ee6e798c
(8) 0xdb1b2ae18fb1a08cd4ebe7ff2b2c0403fe87799c0a455bd4a02335ea19480ae0
(9) 0x38fa01198fc850753240497d5dde979d6facba6be5f7d3d4cb362d96890fd112

HD Wallet
==================
Mnemonic:      keep word solar cliff tray admit page boy position divide erupt capable
Base HD Path:  m/44'/60'/0'/0/{account_index}

Default Gas Price
==================
2000000000

BlockGas Limit
==================
30000000

Call Gas Limit
==================
50000000

Chain
==================
Hardfork: shanghai
Id:       1337

RPC Listening on 127.0.0.1:8545
web3_clientVersion
eth_blockNumber
net_version
eth_accounts
eth_accounts
eth_blockNumber
net_version
eth_getBlockByNumber
eth_estimateGas
eth_getBlockByNumber
eth_gasPrice
eth_sendTransaction

  Transaction: 0xee024d5d0b2708b80288eba2828bbe4cc07411c44fd00096cec869daef259ad4
  Contract created: 0x937e0bf116ea99a3c237701be4839206afbbf053
  Gas usage: 1377441
  Block number: 1
  Block time: Fri May 08 2026 03:24:33 GMT+0700 (Indochina Time)

eth_getTransactionReceipt
eth_getCode
eth_getTransactionReceipt
eth_getBlockByNumber
eth_gasPrice
eth_sendTransaction

  Transaction: 0xe89a54ee32986d4b484d7d99a158731214c6e3c95478a42861cecad31a7dcb3e
  Gas usage: 21055
  Block number: 2
  Block time: Fri May 08 2026 03:24:33 GMT+0700 (Indochina Time)

eth_getTransactionReceipt
net_version
eth_getBlockByNumber
eth_estimateGas
eth_getBlockByNumber
eth_gasPrice
eth_sendTransaction

  Transaction: 0x1870accc27cdd7a89f78ec082a323a29cb020daa971be3b5e851db45572ffb78
  Gas usage: 75948
  Block number: 3
  Block time: Fri May 08 2026 03:24:33 GMT+0700 (Indochina Time)

eth_getTransactionReceipt
eth_blockNumber
eth_getBalance
eth_getTransactionByHash
debug_traceTransaction
eth_getTransactionByHash
debug_traceTransaction
eth_getTransactionByHash
debug_traceTransaction

Received shutdown signal: SIGTERM
Shutting down…
Server has been shut down
