ganache v7.9.2 (@ganache/cli: 0.10.2, @ganache/core: 0.10.2)
Starting RPC server

Available Accounts
==================
(0) 0xFf8523194592e9f7717ce80aAE696B1f3406293b (1000 ETH)
(1) 0xCd7775dF6426752FfC83b71A1f6d74649a3f6423 (1000 ETH)
(2) 0x57aa001B067bB472E71c85ade1950E224Fd4CAF4 (1000 ETH)
(3) 0xA5bB643CD48Ed97834a8f41244fc662e712c56bf (1000 ETH)
(4) 0x5734ff2fC3f8C2056a4CA8065489431C0D8c2300 (1000 ETH)
(5) 0x61Dc27e510bc988dA29a67341a0B2990E1de6277 (1000 ETH)
(6) 0x16C29fcbca7158d51E0167ACB6DfE9BB7a3E6CF5 (1000 ETH)
(7) 0x08C723Dfa54EB95946484e885919B2A6704f3f3E (1000 ETH)
(8) 0x7418f0379ae40240b669FB1771e92504E8127ce8 (1000 ETH)
(9) 0xdd050fD323d1714CF29f0344A6993a76229237C9 (1000 ETH)

Private Keys
==================
(0) 0x2569853cd39d8736faed3c1dee133d5d7f5408290d4d8ab246bde582cdfca8a1
(1) 0x43ed5ec1e3acb94b680eaab00fcc68d034f3b855f33e7191676845c7c08da309
(2) 0x115fb749d952ec7ef768d9352cc9a1de95b287b7fb7bb5ccd75236a6910b1ed6
(3) 0x84d316204cac2d600e97023daaf49ffcd587ffc64ba7e8ed4a604b0116d0dde8
(4) 0x2899e198bc50945124d7524e730163997da51786e7656a2d47481454b50cafc0
(5) 0xb8abce08fd0ea84055980f4b406c7461ca1e1662f0ee4f745983ecf24602be0f
(6) 0x78d546c117fba751dc4c5726540562643c48520ec55651cb8e98bd3e7cf5189f
(7) 0x3d25df86fbecae819c0c2020a7267543f79ab74b4805058ec8f4b6a452580c7a
(8) 0xb8fdf4f078d4fbd41f37c814517bfa27021d80224dbb834b0e5536eb3bd931c9
(9) 0x2f32af329097c2fb60bc259e7e4c58bb61753335a4193c86a72c46189314aae0

HD Wallet
==================
Mnemonic:      suffer spy attend afford weekend celery equip urban soft frost gadget soon
Base HD Path:  m/44'/60'/0'/0/{account_index}

Default Gas Price
==================
2000000000

BlockGas Limit
==================
30000000

Call Gas Limit
==================
50000000

Chain
==================
Hardfork: shanghai
Id:       1337

RPC Listening on 127.0.0.1:8545
web3_clientVersion
eth_blockNumber
net_version
eth_accounts
eth_accounts
eth_blockNumber
net_version
eth_getBlockByNumber
eth_estimateGas
eth_getBlockByNumber
eth_gasPrice
eth_sendTransaction

  Transaction: 0x80be4048db9a795a1929b82e93405693f700d123f5d0e345025f1bc3e89b120b
  Contract created: 0xc7b92238466a9e1f9ba40bd430603eb48f0e602f
  Gas usage: 1515512
  Block number: 1
  Block time: Thu May 07 2026 22:25:14 GMT+0700 (Indochina Time)

eth_getTransactionReceipt
eth_getCode
eth_getTransactionReceipt
eth_getBlockByNumber
eth_gasPrice
eth_sendTransaction

  Transaction: 0xae5bd508a393401472da5d60dba6485fe0ec5f7f86148081a84f4883790fea00
  Gas usage: 21055
  Block number: 2
  Block time: Thu May 07 2026 22:25:15 GMT+0700 (Indochina Time)

eth_getTransactionReceipt
eth_blockNumber
evm_mine
eth_blockNumber
evm_mine
eth_blockNumber
evm_mine
eth_blockNumber
evm_mine
eth_blockNumber
evm_mine
eth_blockNumber
evm_mine
eth_blockNumber
net_version
eth_getBlockByNumber
eth_estimateGas
eth_getBlockByNumber
eth_gasPrice
eth_sendTransaction

  Transaction: 0x73294b31e50a502caa4e36e2b5d60bf15c4dc035fb6b4a315aba8e48a64fbc00
  Gas usage: 52925
  Block number: 9
  Block time: Thu May 07 2026 22:25:15 GMT+0700 (Indochina Time)

eth_getTransactionReceipt
net_version
eth_getBlockByNumber
eth_estimateGas
eth_getBlockByNumber
eth_gasPrice
eth_sendTransaction

  Transaction: 0x891c7f861c438fa6b64fab5118ff1154777f55fc9b8f3edd143ce2ff22c12702
  Gas usage: 84610
  Block number: 10
  Block time: Thu May 07 2026 22:25:15 GMT+0700 (Indochina Time)

eth_getTransactionReceipt
eth_blockNumber
eth_getBalance
eth_getTransactionByHash
debug_traceTransaction
eth_getTransactionByHash
debug_traceTransaction
eth_getTransactionByHash
debug_traceTransaction
eth_getTransactionByHash
debug_traceTransaction

Received shutdown signal: SIGTERM
Shutting down…
Server has been shut down
