ganache v7.9.2 (@ganache/cli: 0.10.2, @ganache/core: 0.10.2)
Starting RPC server

Available Accounts
==================
(0) 0x1E9A3E4392AdC87F6836C4361A7E8C6237511460 (1000 ETH)
(1) 0xDF2FCd3676aB6B1B15a58dbCA837BC0eAa3Fbb97 (1000 ETH)
(2) 0xdc535670562f9A05644a42320084410E485bAcBC (1000 ETH)
(3) 0x71e004b311fBa5646D7BB60521d639d9483Aa12a (1000 ETH)
(4) 0x603780da3ABd397255545B64BeE1ab2ddFdbEfc8 (1000 ETH)
(5) 0x5d9A5528A7b9B025bccbDd56A9799FbaE91EE3b5 (1000 ETH)
(6) 0x08f556f856154Ca7b5859dD5c7a5aE67a4C2f546 (1000 ETH)
(7) 0x4667C3673AEc9F0f7be31A9A1b7FBa95abFf6155 (1000 ETH)
(8) 0x9aE8e35Db1d37717fC9912fF07c83f45857e831c (1000 ETH)
(9) 0x3e594618cb5c1eC96915039159073Cae533720D4 (1000 ETH)

Private Keys
==================
(0) 0x56f505bed57018cbe93867d9bf157cada45fe1adde3fff6926ec926cd395120e
(1) 0xf99a28083aaba0857499cd478f2c84d6b9032b0c981fbd0d290ec3980a87cc69
(2) 0x03bc560d75bdad945d8050e351fe51a1ec59ae88d4c60b973a49b11d323c958d
(3) 0x065f4313c8ce624eaba6ca35bf01848a45f816beb4c7ba8764717b3797323d38
(4) 0xd2b022b1fc23f88b9258a291e93b4d1be383cb7891038901877fe48a09a6110c
(5) 0xbaf8ae8ae363b133776fce1409c1e5d729d8a454745042a443ce755ffda73dd5
(6) 0xfe0921aa70ef3cf7b50d2d4d2f27b0f1c9b1de8918444fbb086dffdd81d493c9
(7) 0xf62871e1271f0cdaa81d08e38e6c06f200c070ba69188384be5fdd350c6d0680
(8) 0x3ae7211e2b32ae0430ee3b7bc123dedad693c90aa21c7d6e7533ed41812cbb01
(9) 0x1efa578414f080acab2c90d5b86b5a990f0a99c479d22b89dc4ffcfe78919d87

HD Wallet
==================
Mnemonic:      volume whip extend upper hotel excite paddle afraid earth step casino swamp
Base HD Path:  m/44'/60'/0'/0/{account_index}

Default Gas Price
==================
2000000000

BlockGas Limit
==================
30000000

Call Gas Limit
==================
50000000

Chain
==================
Hardfork: shanghai
Id:       1337

RPC Listening on 127.0.0.1:8545
web3_clientVersion
eth_blockNumber
net_version
eth_accounts
eth_accounts
eth_blockNumber
net_version
eth_getBlockByNumber
eth_estimateGas
eth_getBlockByNumber
eth_gasPrice
eth_sendTransaction

  Transaction: 0x46ac7946c96a803701f9a4777ec4d388d4385ae474d72a19eafe40ff35399937
  Contract created: 0xef22557ff649be0c2d5b02a58681657f76d7b021
  Gas usage: 1469584
  Block number: 1
  Block time: Fri May 08 2026 03:42:41 GMT+0700 (Indochina Time)

eth_getTransactionReceipt
eth_getCode
eth_getTransactionReceipt
eth_getBlockByNumber
eth_gasPrice
eth_sendTransaction

  Transaction: 0x865c7bd597cc9caa679c7ed6d27b3665caaa00dbb7ac6b3c5a3aa370af29238a
  Gas usage: 21055
  Block number: 2
  Block time: Fri May 08 2026 03:42:41 GMT+0700 (Indochina Time)

eth_getTransactionReceipt
net_version
eth_getBlockByNumber
eth_estimateGas
eth_getBlockByNumber
eth_gasPrice
eth_sendTransaction

  Transaction: 0xa78f4d2a9c1df06c160a55909035a13e0fc6f080f0097c0fdcae621c7434aff7
  Gas usage: 75924
  Block number: 3
  Block time: Fri May 08 2026 03:42:41 GMT+0700 (Indochina Time)

eth_getTransactionReceipt
eth_blockNumber
eth_getBalance
eth_getTransactionByHash
debug_traceTransaction
eth_getTransactionByHash
debug_traceTransaction
eth_getTransactionByHash
debug_traceTransaction

Received shutdown signal: SIGTERM
Shutting down…
Server has been shut down
