ganache v7.9.2 (@ganache/cli: 0.10.2, @ganache/core: 0.10.2)
Starting RPC server

Available Accounts
==================
(0) 0x6e0C9AA89c5C2dDd25736fcFaD5A50FDA066A292 (1000 ETH)
(1) 0x2855ff553D337895f1b88d57a25C1FdA7Edb0335 (1000 ETH)
(2) 0x3ACB609B736C08a41a50CcCF5e4751b672244000 (1000 ETH)
(3) 0x9E6603170B46C74247eF6F69969671765208f5C3 (1000 ETH)
(4) 0xe2F167516e4e0c8c422f2aDc5426855F8aC4d40b (1000 ETH)
(5) 0xD74735b4C1f991dDA2713dAF85289e53a2c10216 (1000 ETH)
(6) 0x66d356ca521fdF2e93E7C677D9Ca1622e2125fF0 (1000 ETH)
(7) 0xA02B03cB77356D072330b5bB9e8dCc6a5FB8bc2e (1000 ETH)
(8) 0x320D1dDAe437f9c78E5998AC3E5aD242eeB70aa9 (1000 ETH)
(9) 0xa086febE8058A1A9441178E35ffa256828FF6b13 (1000 ETH)

Private Keys
==================
(0) 0x761ab480139fac5bd70ca1a6e4a985a9c831d378cbee04f89c885daf04896c22
(1) 0xde7f74ced1ffd883540c71124afb8e4c0fe30b4b29f9a2db54658cd9bda433ac
(2) 0xebdd7a49e99b2836aeee6dd1b026bf2913245e110ee1be29a1d65e83b9084951
(3) 0xdf58e178b6e0e00c597d6aa2a07c667b3a5dd30f704cac896ffc36e6f3b2b23b
(4) 0x6f3882f70ea8ef71bc409d2c0ac804cd44fb145d8887ce64d2bfd53e0916fc0d
(5) 0xefae5971e36f21ef70476316f540faf7e1f9031b1f998d5810cdb060d1ce99f2
(6) 0xe8a5e15fe04d590609be9a890dbb760be517c1f341086c3430d4b30446a1b2a1
(7) 0xef30a3d14228c33977f38eb6d22dd8062d91782bd537ed116119c3aec9b360bc
(8) 0xdd6b8686e0572a5da4a111fbb448826635a05ab8b0d63e2eee44265a6dad3b49
(9) 0xfa5bf72442265da0b46512feab2ae1ab7ab235223e6181d4ead6ccb161d7f022

HD Wallet
==================
Mnemonic:      monitor letter honey direct camera slush wedding depend symbol moral diagram maple
Base HD Path:  m/44'/60'/0'/0/{account_index}

Default Gas Price
==================
2000000000

BlockGas Limit
==================
30000000

Call Gas Limit
==================
50000000

Chain
==================
Hardfork: shanghai
Id:       1337

RPC Listening on 127.0.0.1:8545
web3_clientVersion
eth_blockNumber
net_version
eth_accounts
eth_accounts
eth_blockNumber
net_version
eth_getBlockByNumber
eth_estimateGas
eth_getBlockByNumber
eth_gasPrice
eth_sendTransaction

  Transaction: 0xcc7be9f6a64057274a9366f8a09cb84445cb6ac1d9fe9c7decf9f8ebee02281a
  Contract created: 0xc42d82387787261eea19a52578a5567a297a1195
  Gas usage: 1515524
  Block number: 1
  Block time: Fri May 08 2026 02:11:44 GMT+0700 (Indochina Time)

eth_getTransactionReceipt
eth_getCode
eth_getTransactionReceipt
eth_getBlockByNumber
eth_gasPrice
eth_sendTransaction

  Transaction: 0x823e821fd52d0ecb5879982e4f547e8ad2e904840e3a38f3def6c47b4d1f982f
  Gas usage: 21055
  Block number: 2
  Block time: Fri May 08 2026 02:11:44 GMT+0700 (Indochina Time)

eth_getTransactionReceipt
eth_blockNumber
evm_mine
eth_blockNumber
evm_mine
eth_blockNumber
evm_mine
eth_blockNumber
evm_mine
eth_blockNumber
evm_mine
eth_blockNumber
evm_mine
eth_blockNumber
evm_mine
eth_blockNumber
net_version
eth_getBlockByNumber
eth_estimateGas
eth_getBlockByNumber
eth_gasPrice
eth_sendTransaction

  Transaction: 0x681238691372a551cc9d9fe4436351722d2f97bcff4370b9bf363ac8363d2cda
  Gas usage: 52925
  Block number: 10
  Block time: Fri May 08 2026 02:11:44 GMT+0700 (Indochina Time)

eth_getTransactionReceipt
net_version
eth_getBlockByNumber
eth_estimateGas
eth_getBlockByNumber
eth_gasPrice
eth_sendTransaction

  Transaction: 0x3baa90f2eaa67044b18cfd20821da45be25ffd1bd5f83b675ab567ae4f405114
  Gas usage: 84610
  Block number: 11
  Block time: Fri May 08 2026 02:11:44 GMT+0700 (Indochina Time)

eth_getTransactionReceipt
eth_blockNumber
eth_getBalance
eth_getTransactionByHash
debug_traceTransaction
eth_getTransactionByHash
debug_traceTransaction
eth_getTransactionByHash
debug_traceTransaction
eth_getTransactionByHash
debug_traceTransaction

Received shutdown signal: SIGTERM
Shutting down…
Server has been shut down
