COMMAND: python3 experiments/scale_trace/scripts/trace_result_json.py /home/aothuatgiadp/blockchain/project/CTLC-Implementation/experiments/scale_trace/runs/random_v1_1/B-_F_evm_fund_bf_CTLCOnly_refund/result.json /home/aothuatgiadp/blockchain/project/CTLC-Implementation/experiments/scale_trace/runs/random_v1_1/B-_F_evm_fund_bf_CTLCOnly_refund/trace.json
STATUS: 0

STDOUT:
{
  "graph_id": "",
  "pair": "B->F|evm|fund:bf",
  "contract": "CTLCOnly",
  "scenario": "refund",
  "contractAddress": "0xE918862D99ec40B9a6EFc81bb0A63EeD333292aa",
  "traces": {
    "deploy": {
      "tx_hash": "0xc7eb961e72aa618411023dd07a8e1caf92def0f5ad7ed818e030bc8328cd73a6",
      "actual_calldata_bytes": 7123,
      "actual_sstore_count": 9,
      "actual_call_count": 0,
      "opcode_steps": 1374
    },
    "fund": {
      "tx_hash": "0x4d66c35ce784d344b3b012824792342c1f950535c7300ebb2cd089633add3782",
      "actual_calldata_bytes": 0,
      "actual_sstore_count": 0,
      "actual_call_count": 0,
      "opcode_steps": 13
    },
    "refund_level0": {
      "tx_hash": "0x4fb90fc060bf9b9bec894d587494925ab0223b7d01965dc9cfb75bb7e8177bb7",
      "actual_calldata_bytes": 4,
      "actual_sstore_count": 1,
      "actual_call_count": 1,
      "opcode_steps": 229
    }
  }
}


STDERR:

