Using network 'development'.

{
  "ok": true,
  "graph_id": "",
  "pair": "D->E|evm|fund:de",
  "pairKey": "D->E|evm|fund:de",
  "contract": "CTLCOnly",
  "scenario": "refund",
  "deployGas": "0x139b1e",
  "gasUsed": "112508",
  "disableGasUsed": "52947",
  "claimGasUsed": "",
  "refundGasUsed": "59561",
  "contractAddress": "0x090237790D550E7cdcF0a8Eb5Cd3600652EFacf8",
  "startBlock": "0",
  "endBlock": "10",
  "finalContractBalanceWei": "0",
  "deployer": "0x42f46F5B917CE593857bd101969262cB792cd9c8",
  "party": "0x4c906d17DDED844177C0bf1BA4FB817E1B2c0691",
  "counterparty": "0x5CA24f357966E77710E36a0500579a07aD83E88f",
  "fundingWei": "1000000000000000000",
  "timelocks": [
    8,
    9
  ],
  "transactions": [
    {
      "role": "deploy",
      "txHash": "0x036c76a21028bdd90dfd806faa6eeab5cd04d33e3ef2e6b002668d257fe1cb97"
    },
    {
      "role": "fund",
      "txHash": "0x5c79d6b31a7364361881e2eae670a860e4d6ab23db88814ae33efe4e9dd86e49"
    },
    {
      "role": "disable",
      "txHash": "0x4bf5d8c2b4d2b4b6508945351ccabb7f1cf82fa0e1bec0c7842646cc2307d80f",
      "level": 0
    },
    {
      "role": "refund",
      "txHash": "0x6a3692f8fe77a7c296868025b0735221c78300bf0b78f3368eaaadc240a70ad5",
      "level": 1
    }
  ],
  "txRoles": [
    {
      "role": "deploy",
      "txHash": "0x036c76a21028bdd90dfd806faa6eeab5cd04d33e3ef2e6b002668d257fe1cb97"
    },
    {
      "role": "fund",
      "txHash": "0x5c79d6b31a7364361881e2eae670a860e4d6ab23db88814ae33efe4e9dd86e49"
    },
    {
      "role": "disable",
      "txHash": "0x4bf5d8c2b4d2b4b6508945351ccabb7f1cf82fa0e1bec0c7842646cc2307d80f",
      "level": 0
    },
    {
      "role": "refund",
      "txHash": "0x6a3692f8fe77a7c296868025b0735221c78300bf0b78f3368eaaadc240a70ad5",
      "level": 1
    }
  ],
  "deployTxHash": "0x036c76a21028bdd90dfd806faa6eeab5cd04d33e3ef2e6b002668d257fe1cb97",
  "fundTxHash": "0x5c79d6b31a7364361881e2eae670a860e4d6ab23db88814ae33efe4e9dd86e49",
  "disableTxHashes": [
    "0x4bf5d8c2b4d2b4b6508945351ccabb7f1cf82fa0e1bec0c7842646cc2307d80f"
  ],
  "disableTxHash": "0x4bf5d8c2b4d2b4b6508945351ccabb7f1cf82fa0e1bec0c7842646cc2307d80f",
  "disableTx": "0x4bf5d8c2b4d2b4b6508945351ccabb7f1cf82fa0e1bec0c7842646cc2307d80f",
  "refundTxHash": "0x6a3692f8fe77a7c296868025b0735221c78300bf0b78f3368eaaadc240a70ad5",
  "refundTx": "0x6a3692f8fe77a7c296868025b0735221c78300bf0b78f3368eaaadc240a70ad5"
}
