COMMAND: python3 experiments/scale_trace/scripts/trace_result_json.py /home/aothuatgiadp/blockchain/project/CTLC-Implementation/experiments/scale_trace/runs/random_v1_291/F-_G_evm_fund_fg_CTLCOnly_refund/result.json /home/aothuatgiadp/blockchain/project/CTLC-Implementation/experiments/scale_trace/runs/random_v1_291/F-_G_evm_fund_fg_CTLCOnly_refund/trace.json
STATUS: 0

STDOUT:
{
  "graph_id": "",
  "pair": "F->G|evm|fund:fg",
  "contract": "CTLCOnly",
  "scenario": "refund",
  "contractAddress": "0x61fe7b5DBd785b4f109c761C31A99B7804E0ba44",
  "traces": {
    "deploy": {
      "tx_hash": "0x1117b93e6aeac98a1cea08e708a75a2d34baab1741ca8e8400a5f65d2cc640c2",
      "actual_calldata_bytes": 7123,
      "actual_sstore_count": 9,
      "actual_call_count": 0,
      "opcode_steps": 1374
    },
    "fund": {
      "tx_hash": "0xe83f742fdafbc00c263f6e2109771dc65c323c802b1bd7edaff74b57fcdca6eb",
      "actual_calldata_bytes": 0,
      "actual_sstore_count": 0,
      "actual_call_count": 0,
      "opcode_steps": 13
    },
    "refund_level0": {
      "tx_hash": "0x820733b9233a6cfe9db58be4c125752862e5f6e19271bba3a7a901ddf4411a2c",
      "actual_calldata_bytes": 4,
      "actual_sstore_count": 1,
      "actual_call_count": 1,
      "opcode_steps": 229
    }
  }
}


STDERR:

