ganache v7.9.2 (@ganache/cli: 0.10.2, @ganache/core: 0.10.2)
Starting RPC server

Available Accounts
==================
(0) 0x2cc60a2c102ab7d37e320Bd14e1c1BD1379B76f5 (1000 ETH)
(1) 0x649BaccdBa55B2D6e466D12cf0A209A9f7b8C916 (1000 ETH)
(2) 0xc164B7bA52f6aCB92741B5Fa2424C76E47B81c1C (1000 ETH)
(3) 0x9BADA7a527658e89523DE5fCB88075B7E7Af7839 (1000 ETH)
(4) 0xd51bc5D51Aa5dE5C4094cd3C7AdDbF7fD59c02Ca (1000 ETH)
(5) 0xC74c6700bDa399B7C2d668D823e86557fD1d0617 (1000 ETH)
(6) 0x7638DD3634e235697706c3320b9A4E2e7f9D73d9 (1000 ETH)
(7) 0xae2C90F1bde4920275673b178b77428AeED4AF31 (1000 ETH)
(8) 0x6Eb3C39B1Aa25B20b5D616FfbA9fb8d927650758 (1000 ETH)
(9) 0xf156d47033B6c120E004a0e7323DEb71ee071947 (1000 ETH)

Private Keys
==================
(0) 0x26b5d7a8416537d8a76b135a6d9bbca57e4ace72470bac8592354f507c78d62a
(1) 0x13dbf82acd6c34a84e3d82d3df2e34cf59e7958c87ad9ad9c4dafdfcd7d932c8
(2) 0x8ccc6f23a1d4ebaf5cb4a36808e124524d4e75fb322dc3657bee7376d7eb235c
(3) 0x8c840dd4003b11e6f33cdac50d58e78c30349e483a9178edc413d85da5e0ece7
(4) 0x3d702920bb8668944ad7b9ff1367830113a3a374229c77261646aec87b14d956
(5) 0x388ec698d09a981284b6ed47682838a3c40a0bd5a7d286d4f23e394f6dcbe9b3
(6) 0x57ec638a56a80c8705f65e8fa8a5c06398886e31bedbd2b6368518062be08152
(7) 0x4d2cea38f15a7a2876875c0492e31a636c7eabee62ac536e96523a3f4fbd8b29
(8) 0x39276be5c71dc8b6e6dc348d4180bdc9f007444bd123acaf5cb072d6df0cdc54
(9) 0xcb10d39da930034dcf246e5108eee03353ba86a11ba23c0682df2a49952478fc

HD Wallet
==================
Mnemonic:      much topple fun gauge puzzle cloth rifle reject valley spice antique vacant
Base HD Path:  m/44'/60'/0'/0/{account_index}

Default Gas Price
==================
2000000000

BlockGas Limit
==================
30000000

Call Gas Limit
==================
50000000

Chain
==================
Hardfork: shanghai
Id:       1337

RPC Listening on 127.0.0.1:8545
web3_clientVersion
eth_blockNumber
net_version
eth_accounts
eth_accounts
eth_blockNumber
net_version
eth_getBlockByNumber
eth_estimateGas
eth_getBlockByNumber
eth_gasPrice
eth_sendTransaction

  Transaction: 0xde6750191816aa4c78446f1e6b7d3b4aae45c7e885eba46506e9a3d0790a7028
  Contract created: 0x22975856ba041be4e8bd1c1544d8ca3b9dc5a146
  Gas usage: 1123887
  Block number: 1
  Block time: Fri May 08 2026 02:47:23 GMT+0700 (Indochina Time)

eth_getTransactionReceipt
eth_getCode
eth_getTransactionReceipt
eth_getBlockByNumber
eth_gasPrice
eth_sendTransaction

  Transaction: 0xc6c20c17d4237248fae5bfdc8c1a71e97ff09c0f260623c238a3b4b06a7a1197
  Gas usage: 21055
  Block number: 2
  Block time: Fri May 08 2026 02:47:23 GMT+0700 (Indochina Time)

eth_getTransactionReceipt
net_version
eth_getBlockByNumber
eth_estimateGas
eth_getBlockByNumber
eth_gasPrice
eth_sendTransaction

  Transaction: 0x1c66a4af533d7d0522269158d9615f15dab5688eb5e0917a872f62b7c1f47ef4
  Gas usage: 68747
  Block number: 3
  Block time: Fri May 08 2026 02:47:23 GMT+0700 (Indochina Time)

eth_getTransactionReceipt
eth_blockNumber
eth_getBalance
eth_getTransactionByHash
debug_traceTransaction
eth_getTransactionByHash
debug_traceTransaction
eth_getTransactionByHash
debug_traceTransaction

Received shutdown signal: SIGTERM
Shutting down…
Server has been shut down
