Using network 'development'.

{
  "ok": true,
  "graph_id": "",
  "pair": "F->D|evm|fund:fd",
  "pairKey": "F->D|evm|fund:fd",
  "contract": "CTLCOnly",
  "scenario": "best_claim",
  "deployGas": "0x117faf",
  "gasUsed": "72874",
  "disableGasUsed": "",
  "claimGasUsed": "72874",
  "refundGasUsed": "",
  "contractAddress": "0xf3a0b4CEa36413068Cf421Cd3Bf210Fe4A12CcAE",
  "startBlock": "0",
  "endBlock": "3",
  "finalContractBalanceWei": "0",
  "deployer": "0x27342363343Ad25Ac82f62Be01a2BC7C9d469e60",
  "party": "0x467EFD84ED6DBcEd9E9F2ECB2ABA92C625FaDC2A",
  "counterparty": "0x17ef0924505e0d598A3D0843b4F91E00544FeAa7",
  "fundingWei": "1000000000000000000",
  "timelocks": [
    8
  ],
  "transactions": [
    {
      "role": "deploy",
      "txHash": "0x20391964cc3f97556e9e702a610bf5909b2c0227aa5724fc705ddc1ff02902f0"
    },
    {
      "role": "fund",
      "txHash": "0xec867ee75dc2026c74b4ea149c500e1c7ceaf92a4720dbe794a85431ef3429fb"
    },
    {
      "role": "claim",
      "txHash": "0x0d9cbb58bd6d13c746bb2677667ad482d7d57e3a18204294a18582f43506ae8c",
      "level": 0,
      "option": 0
    }
  ],
  "txRoles": [
    {
      "role": "deploy",
      "txHash": "0x20391964cc3f97556e9e702a610bf5909b2c0227aa5724fc705ddc1ff02902f0"
    },
    {
      "role": "fund",
      "txHash": "0xec867ee75dc2026c74b4ea149c500e1c7ceaf92a4720dbe794a85431ef3429fb"
    },
    {
      "role": "claim",
      "txHash": "0x0d9cbb58bd6d13c746bb2677667ad482d7d57e3a18204294a18582f43506ae8c",
      "level": 0,
      "option": 0
    }
  ],
  "deployTxHash": "0x20391964cc3f97556e9e702a610bf5909b2c0227aa5724fc705ddc1ff02902f0",
  "fundTxHash": "0xec867ee75dc2026c74b4ea149c500e1c7ceaf92a4720dbe794a85431ef3429fb",
  "claimTxHash": "0x0d9cbb58bd6d13c746bb2677667ad482d7d57e3a18204294a18582f43506ae8c",
  "txHash": "0x0d9cbb58bd6d13c746bb2677667ad482d7d57e3a18204294a18582f43506ae8c",
  "tx": "0x0d9cbb58bd6d13c746bb2677667ad482d7d57e3a18204294a18582f43506ae8c"
}
