ganache v7.9.2 (@ganache/cli: 0.10.2, @ganache/core: 0.10.2)
Starting RPC server

Available Accounts
==================
(0) 0x382abe01834CBD9D72fB3022046F63D30DA6A00A (1000 ETH)
(1) 0x35D840c5a9c1c5EEf9716c797D433f27d5e3D87E (1000 ETH)
(2) 0x4288AE218bBeA13C171D567b0be73584a3827e53 (1000 ETH)
(3) 0x115A14191F29B2a239DCB902F6644bBc44184259 (1000 ETH)
(4) 0xec2892560Ab58b4e1Bfd0dB24031E7E02Ac2f2a4 (1000 ETH)
(5) 0x709166755A04bc27ea6298E484c416AaD31b0fFe (1000 ETH)
(6) 0x78Df471e1Ff316C1D744EB9498edDd1da08B547E (1000 ETH)
(7) 0x7fb396Cf0b15147b3C7aF39e947491f49844D953 (1000 ETH)
(8) 0x1Bd57C8C9482c1911d6D35A1E57C8c5d9df82752 (1000 ETH)
(9) 0xbDEC36E5e2a135F3fB7Ce6faEDC3A2537004D658 (1000 ETH)

Private Keys
==================
(0) 0x190e295b277f683306f403103bfba69f1b452eed6b676695a0a568b93807c189
(1) 0x0434aa0377e0135119728186d428f3b770f3029b3b064a462e4549fcd1b79bbb
(2) 0x226b29644cae4860bc1c22d9dfa8477e66bc2233e4a6de738c7b0ddc4211cc61
(3) 0x230d26dd1880e2dc6b553f4717904536c8ab4bdda8db9d789901f3b39ca1618a
(4) 0xd4f7d0cda0b647c19c371d9e7ba95334f9e8e4b3e797d68aba0c832aef5fa6c3
(5) 0x1268b7f2423aa0c8833f79de80c36ee9cd7c17b96e7e0989c3cf06d1eb54aeb3
(6) 0xe3025de6e991d164d0ef6d564f63ae5f15b4a3d946b5ca1ee94b419e3de49006
(7) 0xdf7dfb25b257ff478547a2371254958e73f7c56b09a0045a6cb431f9a2e4b11a
(8) 0x5e5055e5803b61bc8ecda69541d36c29660e6f083c028832906e6ac5b453d0eb
(9) 0xac0922dd828b0755e2c4d3ace9a06dc2498e00d21454b06edadd853c63a91e95

HD Wallet
==================
Mnemonic:      fury sunset envelope frozen lumber habit picnic imitate coyote bullet cover antique
Base HD Path:  m/44'/60'/0'/0/{account_index}

Default Gas Price
==================
2000000000

BlockGas Limit
==================
30000000

Call Gas Limit
==================
50000000

Chain
==================
Hardfork: shanghai
Id:       1337

RPC Listening on 127.0.0.1:8545
web3_clientVersion
eth_blockNumber
net_version
eth_accounts
eth_accounts
eth_blockNumber
net_version
eth_getBlockByNumber
eth_estimateGas
eth_getBlockByNumber
eth_gasPrice
eth_sendTransaction

  Transaction: 0xa83ecedb9396c44088882287339abef961f525ba37b2fbdfdcbc38a9ff8dea02
  Contract created: 0x4b8656e41f15574e967f62cf05960e38f92faaf9
  Gas usage: 1100975
  Block number: 1
  Block time: Thu May 07 2026 21:57:59 GMT+0700 (Indochina Time)

eth_getTransactionReceipt
eth_getCode
eth_getTransactionReceipt
eth_getBlockByNumber
eth_gasPrice
eth_sendTransaction

  Transaction: 0xd383b1cf0f468372003bdea1af2f3493eca9eddaf0693de0306915ef0a2d247f
  Gas usage: 21055
  Block number: 2
  Block time: Thu May 07 2026 21:57:59 GMT+0700 (Indochina Time)

eth_getTransactionReceipt
net_version
eth_getBlockByNumber
eth_estimateGas
eth_getBlockByNumber
eth_gasPrice
eth_sendTransaction

  Transaction: 0xc00a09e344f3adabcb9a14232d3120115445042e89c05177ccda05cf73a06663
  Gas usage: 64620
  Block number: 3
  Block time: Thu May 07 2026 21:57:59 GMT+0700 (Indochina Time)

eth_getTransactionReceipt
eth_blockNumber
eth_getBalance
eth_getTransactionByHash
debug_traceTransaction
eth_getTransactionByHash
debug_traceTransaction
eth_getTransactionByHash
debug_traceTransaction

Received shutdown signal: SIGTERM
Shutting down…
Server has been shut down
