COMMAND: python3 experiments/scale_trace/scripts/trace_result_json.py /home/aothuatgiadp/blockchain/project/CTLC-Implementation/experiments/scale_trace/runs/random_v1_110/C-_D_evm_fund_cd_CTLCOnly_worst_claim/result.json /home/aothuatgiadp/blockchain/project/CTLC-Implementation/experiments/scale_trace/runs/random_v1_110/C-_D_evm_fund_cd_CTLCOnly_worst_claim/trace.json
STATUS: 0

STDOUT:
{
  "graph_id": "",
  "pair": "C->D|evm|fund:cd",
  "contract": "CTLCOnly",
  "scenario": "worst_claim",
  "contractAddress": "0xC3500c9608ecB193c19BbD6d9485d2aE96F5e806",
  "traces": {
    "deploy": {
      "tx_hash": "0xb374b5eedc3e7534f5e122b546752d689f4d562d51d4c56524bced6277a71062",
      "actual_calldata_bytes": 7155,
      "actual_sstore_count": 10,
      "actual_call_count": 0,
      "opcode_steps": 1462
    },
    "fund": {
      "tx_hash": "0xbba7ce6bc25477038fcc47921a64d9607d93291d5eb589b7a67a9b0f765a28ed",
      "actual_calldata_bytes": 0,
      "actual_sstore_count": 0,
      "actual_call_count": 0,
      "opcode_steps": 13
    },
    "claim_level0": {
      "tx_hash": "0x5e356a5f4c6e7b4299c4299e7447a39a2fd84183005eb16770709dea7c2ba8bf",
      "actual_calldata_bytes": 388,
      "actual_sstore_count": 1,
      "actual_call_count": 1,
      "opcode_steps": 1475
    }
  }
}


STDERR:

