ganache v7.9.2 (@ganache/cli: 0.10.2, @ganache/core: 0.10.2)
Starting RPC server

Available Accounts
==================
(0) 0x42Fe6690F0e2f35Cdae7Ce827462786e00334Da6 (1000 ETH)
(1) 0x03D8265B93AA7535Ccf72fB4Ec9AF06D24c3875A (1000 ETH)
(2) 0xC8be8c4e95aAFF51A0008824D92871Eea6901C02 (1000 ETH)
(3) 0xf9f6186c84a650E84f2d1f111cb5B5Ab99D05438 (1000 ETH)
(4) 0xa868D53E676525Ea5c79241073Adace1aC3b2B1c (1000 ETH)
(5) 0x7E65D2a0415240aa1fa14E12A01D3EF1ADb4FbCF (1000 ETH)
(6) 0xc0CA65D76137561246b2A47E57aeA55EB9b7ca59 (1000 ETH)
(7) 0xbe5C50eD6F97Bb2bBbb9D27001eA4450Ef798317 (1000 ETH)
(8) 0xf78eE8EcD6A2d509d77CFFabEc62aFB07c54bBa3 (1000 ETH)
(9) 0x6d30De96BC3Ec3c0Cb5d5C6d51ce27EEdAEED330 (1000 ETH)

Private Keys
==================
(0) 0x34608caef0123ca9ce57d225e30a05c626f1157982f4bb437ea4062d63b2f4ef
(1) 0xb67d42e876305f9b67a6e5b619c6072666d5fb405bda2b3558231bf39c81b9ab
(2) 0x3249c71da22c0783c51d9b97383f9ef802a707a5c9d83c2b153e662ad087921a
(3) 0x7626bd1b6a2a477f6f97f01a8c4629e5f07dc3b01c0d97eac24c512b95c88eec
(4) 0xc7c010de2e714faf2d627a0d6b37e8d62b5ca806b0256a363ab6e3aeb9aa7d91
(5) 0x443c2d9702222a1780dd22bd1e492b97a8c742a105a02afaf6cb0eac3b654779
(6) 0xc6968806023326d2b9e9f696cf991dcef94da088c73db20290107bd86205dd3d
(7) 0xe525bb33deb60c37d9361992f9e62ceb7195dbf5f1fda87fa150d1d46e5b905c
(8) 0x25638faa774fbc952780bbebf1bbe3343b356a278c75c511df6d0e5b9ba3e01f
(9) 0xf114ff9bb7847c3bcc4f5aa2e6f42dc375df202e85bc66ada09e8721434892af

HD Wallet
==================
Mnemonic:      title upgrade calm recall surge must gallery gallery provide slide forget fall
Base HD Path:  m/44'/60'/0'/0/{account_index}

Default Gas Price
==================
2000000000

BlockGas Limit
==================
30000000

Call Gas Limit
==================
50000000

Chain
==================
Hardfork: shanghai
Id:       1337

RPC Listening on 127.0.0.1:8545
web3_clientVersion
eth_blockNumber
net_version
eth_accounts
eth_accounts
eth_blockNumber
net_version
eth_getBlockByNumber
eth_estimateGas
eth_getBlockByNumber
eth_gasPrice
eth_sendTransaction

  Transaction: 0x4216a9acbd521115a6e03485b4853a82d4db0bad0c920d725559f8252d7cdfe5
  Contract created: 0x3e2134a98bcf1b7a24eb4f95bffc309050d961e2
  Gas usage: 1239462
  Block number: 1
  Block time: Fri May 08 2026 03:32:08 GMT+0700 (Indochina Time)

eth_getTransactionReceipt
eth_getCode
eth_getTransactionReceipt
eth_getBlockByNumber
eth_gasPrice
eth_sendTransaction

  Transaction: 0x5715efa453b6c293d9570d8abbda1104ce994290d383ee12760234061d19c05e
  Gas usage: 21055
  Block number: 2
  Block time: Fri May 08 2026 03:32:08 GMT+0700 (Indochina Time)

eth_getTransactionReceipt
net_version
eth_getBlockByNumber
eth_estimateGas
eth_getBlockByNumber
eth_gasPrice
eth_sendTransaction

  Transaction: 0x219bc859b07407f69813e2ee268afa1a2f32453c4105c8b07c89c088ce4f2434
  Gas usage: 71641
  Block number: 3
  Block time: Fri May 08 2026 03:32:09 GMT+0700 (Indochina Time)

eth_getTransactionReceipt
eth_blockNumber
eth_getBalance
eth_getTransactionByHash
debug_traceTransaction
eth_getTransactionByHash
debug_traceTransaction
eth_getTransactionByHash
debug_traceTransaction

Received shutdown signal: SIGTERM
Shutting down…
Server has been shut down
