Using network 'development'.

{
  "ok": true,
  "graph_id": "",
  "pair": "E->F|evm|fund:ef",
  "pairKey": "E->F|evm|fund:ef",
  "contract": "CTLCOnly",
  "scenario": "worst_claim",
  "deployGas": "0x11263b",
  "gasUsed": "68735",
  "disableGasUsed": "0",
  "claimGasUsed": "68735",
  "refundGasUsed": "",
  "contractAddress": "0x1c5B0F8Fc35D63C6F07a6a6B167c77A55F26AD6A",
  "startBlock": "0",
  "endBlock": "3",
  "finalContractBalanceWei": "0",
  "deployer": "0x69059CE2979D4d7D4BB4C380949A9351BE22E185",
  "party": "0xa1819Ffc5519FB763C8F3fEab43ef17130c43642",
  "counterparty": "0xa17edC8244029B530bE9B9a98915D626015D40FE",
  "fundingWei": "1000000000000000000",
  "timelocks": [
    7
  ],
  "transactions": [
    {
      "role": "deploy",
      "txHash": "0x664baa2394ce346e5fd26580ca2de6f835f37cda054235aed041ee8240e33dc8"
    },
    {
      "role": "fund",
      "txHash": "0xdb4d256a26128b99e7cab9cc4ad7cf0ca62dd0b75cb89b1160a979522de4674c"
    },
    {
      "role": "claim",
      "txHash": "0xfb35d5a108b94583a23c48ba6885b393d861fa2025031e1428cd967bffe95a0b",
      "level": 0,
      "option": 0
    }
  ],
  "txRoles": [
    {
      "role": "deploy",
      "txHash": "0x664baa2394ce346e5fd26580ca2de6f835f37cda054235aed041ee8240e33dc8"
    },
    {
      "role": "fund",
      "txHash": "0xdb4d256a26128b99e7cab9cc4ad7cf0ca62dd0b75cb89b1160a979522de4674c"
    },
    {
      "role": "claim",
      "txHash": "0xfb35d5a108b94583a23c48ba6885b393d861fa2025031e1428cd967bffe95a0b",
      "level": 0,
      "option": 0
    }
  ],
  "deployTxHash": "0x664baa2394ce346e5fd26580ca2de6f835f37cda054235aed041ee8240e33dc8",
  "fundTxHash": "0xdb4d256a26128b99e7cab9cc4ad7cf0ca62dd0b75cb89b1160a979522de4674c",
  "claimTxHash": "0xfb35d5a108b94583a23c48ba6885b393d861fa2025031e1428cd967bffe95a0b",
  "txHash": "0xfb35d5a108b94583a23c48ba6885b393d861fa2025031e1428cd967bffe95a0b",
  "tx": "0xfb35d5a108b94583a23c48ba6885b393d861fa2025031e1428cd967bffe95a0b"
}
