ganache v7.9.2 (@ganache/cli: 0.10.2, @ganache/core: 0.10.2)
Starting RPC server

Available Accounts
==================
(0) 0xEacEb834633263309b6A8080926d4Fab0955d89F (1000 ETH)
(1) 0x08A91Fe3c1466bA8C95EB8074d706C25B9bd1504 (1000 ETH)
(2) 0x5abC3766a771d29Af2D4B7553E43c432F56cF1f3 (1000 ETH)
(3) 0x41A9D0D4DE99c5E89E17423949546fbcBcdd7d52 (1000 ETH)
(4) 0x39c331E389695955242D833aBf346b350De118aD (1000 ETH)
(5) 0x5770fbcA9Fc2950563844e0B4C1ABBA96e0d63E4 (1000 ETH)
(6) 0x3bfBf663D92A1fe1BE98c1a4df380A0912EB8203 (1000 ETH)
(7) 0xa63653b41781E2aE3cB19D008F02086B42BE50D5 (1000 ETH)
(8) 0xb5f81Db7816caEB1D543E5562EE871Ffa85F73ce (1000 ETH)
(9) 0x27335BFB726DA5dEf8cf0F42e0DaE63fB0063f17 (1000 ETH)

Private Keys
==================
(0) 0xd239587448be8b3ad6a13d625bd84f44735fbb051162ff48014ab6d68e746840
(1) 0x8e66e8e066c944f1c2c79a3145c5cd08e1a9bd9209d688a7e07c9f5c4087adde
(2) 0x5e77737c25927459ea1548f94da09d0b8687bcf92545468605fb8fbcd15293ee
(3) 0x10dfcf36846c53483f4f618167d11475581aa42eed5032e944af61af2e03b37b
(4) 0x4f14f00e102b6888c8001c0e0d00410a9e9843a933a6f08982dde1b7e5d0859e
(5) 0xa181c4d98ed9206a7f5ab178a4290e362f1123442fd788d62897d4c68db5a7cd
(6) 0xe43fab52729534bc5cd7f73be040ebe86268f29ac45a520aaab00314d57e02e3
(7) 0x929adbc44ec6658a7c98bc2eab305abeea4b61660b1a3db177054a412433d583
(8) 0x19b0326885d2d26c4326be26189ea8c1207a38fbce5ac067838311597ca1ed4a
(9) 0x118d4aa3c17a25ade7adc3e762615ddbbfcea97a47c04e0d271e320bb1c66913

HD Wallet
==================
Mnemonic:      mirror exhaust iron teach banner element retreat brisk icon saddle joy spawn
Base HD Path:  m/44'/60'/0'/0/{account_index}

Default Gas Price
==================
2000000000

BlockGas Limit
==================
30000000

Call Gas Limit
==================
50000000

Chain
==================
Hardfork: shanghai
Id:       1337

RPC Listening on 127.0.0.1:8545
web3_clientVersion
eth_blockNumber
net_version
eth_accounts
eth_accounts
eth_blockNumber
net_version
eth_getBlockByNumber
eth_estimateGas
eth_getBlockByNumber
eth_gasPrice
eth_sendTransaction

  Transaction: 0x4c85ac48e2bb96d8ac29594ad916be7c4823415ef57cdc6dd3a1f375cac9250c
  Contract created: 0x26fa228a1e542ac5a0a975baa0c98be2857cf6d4
  Gas usage: 1146811
  Block number: 1
  Block time: Fri May 08 2026 00:41:26 GMT+0700 (Indochina Time)

eth_getTransactionReceipt
eth_getCode
eth_getTransactionReceipt
eth_getBlockByNumber
eth_gasPrice
eth_sendTransaction

  Transaction: 0xd9c476ee45289c22e082f84232c7672e353ebd76c7f0ee611b0463c1ebf07dba
  Gas usage: 21055
  Block number: 2
  Block time: Fri May 08 2026 00:41:26 GMT+0700 (Indochina Time)

eth_getTransactionReceipt
eth_blockNumber
evm_mine
eth_blockNumber
evm_mine
eth_blockNumber
evm_mine
eth_blockNumber
evm_mine
eth_blockNumber
evm_mine
eth_blockNumber
evm_mine
eth_blockNumber
net_version
eth_getBlockByNumber
eth_estimateGas
eth_getBlockByNumber
eth_gasPrice
eth_sendTransaction

  Transaction: 0x4e4880d04f55c7b2b553b2640ef84f9882695b87bae705f670d3c7adf64f46d2
  Gas usage: 59561
  Block number: 9
  Block time: Fri May 08 2026 00:41:26 GMT+0700 (Indochina Time)

eth_getTransactionReceipt
eth_blockNumber
eth_getBalance
eth_getTransactionByHash
debug_traceTransaction
eth_getTransactionByHash
debug_traceTransaction
eth_getTransactionByHash
debug_traceTransaction

Received shutdown signal: SIGTERM
Shutting down…
Server has been shut down
