ganache v7.9.2 (@ganache/cli: 0.10.2, @ganache/core: 0.10.2)
Starting RPC server

Available Accounts
==================
(0) 0xF3E2ee9E0F8054DF4c11235BE32959518097b648 (1000 ETH)
(1) 0x2075ab20232eE08895FEeb8921f6493E40AffE06 (1000 ETH)
(2) 0x992E526fF3e70689f4fAdb0AB84A055d136A8082 (1000 ETH)
(3) 0x0621a1D6B6992032095406897dE4feB00490e3Cc (1000 ETH)
(4) 0x1b99996bE7dDbbbc57Dd201c69ED2094E48E7c39 (1000 ETH)
(5) 0xabdFa349bd563cf7303402B87E32Fe2DA7229fad (1000 ETH)
(6) 0xCCC3c93E62e1A968Dc3B60135c811dF3385aba5B (1000 ETH)
(7) 0xb4eE1929f45281ED2aD23F95F6A12E255031E67D (1000 ETH)
(8) 0x63fF69343EF047342f6d2b80466B76E88Ddcf897 (1000 ETH)
(9) 0x8c9523724328d0252faDf860aF2eB7130E20887D (1000 ETH)

Private Keys
==================
(0) 0x8a72715ac8e2c35d2cafabdcf09db0c6ef20eb6af941f916a4447e3976f0e513
(1) 0xd2d214002b44c7bb7d10ee7b619d9b19d0141319e09e3d83b87eb1c2f0438aa4
(2) 0x82fbef4cadfd821bbbe131ca67fad671deb7a4bc79e2b085f8f2fee0d3359d5f
(3) 0x469cf4d9ac52375ce8e8c9cd5c1218af6bda0eb68f41739b4b1115476f72f35c
(4) 0xec46d6484347f6cb38141bad7f8224e20c7209a9b773f16d3e9546d1ab1fe7d9
(5) 0xc67f71018b6ffdfd8c86c84fdb481a7e92cb72eedaa834fb46cb67fa18f51ffa
(6) 0x803085cc899facc1daba8b3bf941494a5719c4bddc2c2aafc7b5bfdc7d647591
(7) 0x0639dc4318f3566242342329d63b47049a98e6339d152aef9a827d635f14ca6b
(8) 0x2c5b1cce7db38f65714aae91505bca9d2f41243690cf5786a35b467551e1a7f7
(9) 0x96a4e2cec5f58b591289aedb2fe0edc944b8e54b4cb6a3d2ca9f2140c27b4a53

HD Wallet
==================
Mnemonic:      click dizzy mushroom differ entire tonight opinion slide royal siren grab federal
Base HD Path:  m/44'/60'/0'/0/{account_index}

Default Gas Price
==================
2000000000

BlockGas Limit
==================
30000000

Call Gas Limit
==================
50000000

Chain
==================
Hardfork: shanghai
Id:       1337

RPC Listening on 127.0.0.1:8545
web3_clientVersion
eth_blockNumber
net_version
eth_accounts
eth_accounts
eth_blockNumber
net_version
eth_getBlockByNumber
eth_estimateGas
eth_getBlockByNumber
eth_gasPrice
eth_sendTransaction

  Transaction: 0x40a80a585b993e491437c6ec27d3e4f00427974dae0f0fa435172e9ae2e6a8f8
  Contract created: 0x00b577a9b0e2f0e9f0589a4ccc4b6c84b7c13563
  Gas usage: 3424502
  Block number: 1
  Block time: Thu May 07 2026 20:30:13 GMT+0700 (Indochina Time)

eth_getTransactionReceipt
eth_getCode
eth_getTransactionReceipt
eth_getBlockByNumber
eth_gasPrice
eth_sendTransaction

  Transaction: 0xf81c05f21f1a05e3671ae99ee78df24b048f7e0c96517aba5c977cf48cad8c06
  Gas usage: 21055
  Block number: 2
  Block time: Thu May 07 2026 20:30:13 GMT+0700 (Indochina Time)

eth_getTransactionReceipt
eth_blockNumber
evm_mine
eth_blockNumber
evm_mine
eth_blockNumber
evm_mine
eth_blockNumber
evm_mine
eth_blockNumber
evm_mine
eth_blockNumber
evm_mine
eth_blockNumber
evm_mine
eth_blockNumber
net_version
eth_getBlockByNumber
eth_estimateGas
eth_getBlockByNumber
eth_gasPrice
eth_sendTransaction

  Transaction: 0xe84dfbb3e8ef29e1c2b5c3939ea2189b27cdb8cd0a56747518b95da22ff35e96
  Gas usage: 52925
  Block number: 10
  Block time: Thu May 07 2026 20:30:13 GMT+0700 (Indochina Time)

eth_getTransactionReceipt
eth_blockNumber
net_version
eth_getBlockByNumber
eth_estimateGas
eth_getBlockByNumber
eth_gasPrice
eth_sendTransaction

  Transaction: 0x82f16811953764e85568d6297ca458e1955efd3335d03c3e62f162464954e105
  Gas usage: 35837
  Block number: 11
  Block time: Thu May 07 2026 20:30:13 GMT+0700 (Indochina Time)

eth_getTransactionReceipt
net_version
eth_getBlockByNumber
eth_estimateGas
eth_getBlockByNumber
eth_gasPrice
eth_sendTransaction

  Transaction: 0x017accd77bc67b2f4cd978f40a74bdd3b557f37c664558a34ca776c7edc61d5d
  Gas usage: 88918
  Block number: 12
  Block time: Thu May 07 2026 20:30:13 GMT+0700 (Indochina Time)

eth_getTransactionReceipt
eth_blockNumber
eth_getBalance
eth_getTransactionByHash
debug_traceTransaction
eth_getTransactionByHash
debug_traceTransaction
eth_getTransactionByHash
debug_traceTransaction
eth_getTransactionByHash
debug_traceTransaction
eth_getTransactionByHash
debug_traceTransaction

Received shutdown signal: SIGTERM
Shutting down…
Server has been shut down
