Using network 'development'.

{
  "ok": true,
  "graph_id": "",
  "pair": "G->A|evm|fund:ga",
  "pairKey": "G->A|evm|fund:ga",
  "contract": "CTLCOnly",
  "scenario": "refund",
  "deployGas": "0x10ccaf",
  "gasUsed": "59561",
  "disableGasUsed": "0",
  "claimGasUsed": "",
  "refundGasUsed": "59561",
  "contractAddress": "0xAA2118f4f357bb81Bc147E8CC97259213A1fAe0c",
  "startBlock": "0",
  "endBlock": "7",
  "finalContractBalanceWei": "0",
  "deployer": "0x0dBc3968E3050Dd5184223FC121BCcB210957712",
  "party": "0x8bA6f2E6a0bd5Bbb2ff8700d2d1EeAD27E3dF1CE",
  "counterparty": "0xc84809B2161250902Da82451f76BA81574f8CFE9",
  "fundingWei": "1000000000000000000",
  "timelocks": [
    6
  ],
  "transactions": [
    {
      "role": "deploy",
      "txHash": "0x086292f02d89926e39cdb368f99bfcc6ddd1183e39a91cb18dd3fe747ecede75"
    },
    {
      "role": "fund",
      "txHash": "0x63660ab2de91dc33c33d50b4eb194d3e838ed39e432e656b20809c8cd14e9cc1"
    },
    {
      "role": "refund",
      "txHash": "0xe8ebee34d8688acbe69bb301b495e517d177dffcf9e183b0637cae2412f121c9",
      "level": 0
    }
  ],
  "txRoles": [
    {
      "role": "deploy",
      "txHash": "0x086292f02d89926e39cdb368f99bfcc6ddd1183e39a91cb18dd3fe747ecede75"
    },
    {
      "role": "fund",
      "txHash": "0x63660ab2de91dc33c33d50b4eb194d3e838ed39e432e656b20809c8cd14e9cc1"
    },
    {
      "role": "refund",
      "txHash": "0xe8ebee34d8688acbe69bb301b495e517d177dffcf9e183b0637cae2412f121c9",
      "level": 0
    }
  ],
  "deployTxHash": "0x086292f02d89926e39cdb368f99bfcc6ddd1183e39a91cb18dd3fe747ecede75",
  "fundTxHash": "0x63660ab2de91dc33c33d50b4eb194d3e838ed39e432e656b20809c8cd14e9cc1",
  "refundTxHash": "0xe8ebee34d8688acbe69bb301b495e517d177dffcf9e183b0637cae2412f121c9",
  "refundTx": "0xe8ebee34d8688acbe69bb301b495e517d177dffcf9e183b0637cae2412f121c9"
}
