ganache v7.9.2 (@ganache/cli: 0.10.2, @ganache/core: 0.10.2)
Starting RPC server

Available Accounts
==================
(0) 0xCE0eD4BA5D92C50BCcb578D87619D89db5CaC59A (1000 ETH)
(1) 0x6C39c02EFEa01608Bf90D30Eb304a1fa6d0e6d44 (1000 ETH)
(2) 0x6213F763B8a2052178423812A8F3f26E0D346Ad8 (1000 ETH)
(3) 0x25b1079FA0EBdA3Db71bfd7647Dd0E6352BaBbcd (1000 ETH)
(4) 0x009918031187de00Dc19b519aD58619ec4d14E84 (1000 ETH)
(5) 0xd9070E5F41d0D297c56Df35F11E53902dB14C51F (1000 ETH)
(6) 0xEA13A7b704197690B5C6E6f7373c8696d558A82A (1000 ETH)
(7) 0x966fe61586D47cB47b1558A01052823143c4e260 (1000 ETH)
(8) 0x654B2f212F66da4512e0Bb04e00C33a8267A5940 (1000 ETH)
(9) 0xd1bD70f32A5F40C5E0bd1849B454c4abd59459b7 (1000 ETH)

Private Keys
==================
(0) 0xec3bb518b9fd06883c8a3acf7ea7026915cb69d4b318ad90f581bcb5057b2829
(1) 0x3c141ba43d7bb6535c007cff1629bffe823541129333e5dbc982efdc2e8a80a7
(2) 0xaae17baf8036635372ce4b0406ee110706c9592e4de01c6f6f8268cec747fbe9
(3) 0xb6cd794771e2b4cbe396105e958e43d31639b8eef4064868dcb78051b22a6483
(4) 0xf2257e608a74eeadfbf76d9a0cea03a329b298d9150e2322ab77b0a19658b2b8
(5) 0x920d8bd84d88aea4e8088103fa383cb05bc545ee04f8ad779f00a785a0ab2747
(6) 0x59fed14a2b58b92334682cfe47315c77efa23ae24743e2816fa706b34cd1a77d
(7) 0x65c7aaac8adcaccc836adce112ea594e497b79696395f182fdda30bb74f7d7d1
(8) 0x2cead11c7158f897143421d14858eee2e2762ed58d28afbfbddcc89961fbea9d
(9) 0x90505a53fff575a2fed1b8f6d2eb7b597349e2a230cbbe03d91e62c249c1afea

HD Wallet
==================
Mnemonic:      captain parrot key blanket certain few review card result welcome false practice
Base HD Path:  m/44'/60'/0'/0/{account_index}

Default Gas Price
==================
2000000000

BlockGas Limit
==================
30000000

Call Gas Limit
==================
50000000

Chain
==================
Hardfork: shanghai
Id:       1337

RPC Listening on 127.0.0.1:8545
web3_clientVersion
eth_blockNumber
net_version
eth_accounts
eth_accounts
eth_blockNumber
net_version
eth_getBlockByNumber
eth_estimateGas
eth_getBlockByNumber
eth_gasPrice
eth_sendTransaction

  Transaction: 0x5f618829fe83ae00fd94a91cbfe464d30fa2242f34360b451eb2ea46ba46aeb3
  Contract created: 0x33281eebfc2b90439d7710b5f836c8e6a6640787
  Gas usage: 1100987
  Block number: 1
  Block time: Thu May 07 2026 20:21:46 GMT+0700 (Indochina Time)

eth_getTransactionReceipt
eth_getCode
eth_getTransactionReceipt
eth_getBlockByNumber
eth_gasPrice
eth_sendTransaction

  Transaction: 0xe2a2e598b5853e77399cd7d221bfb765590ab7f5d1c4bd1b6eaaad6807d64249
  Gas usage: 21055
  Block number: 2
  Block time: Thu May 07 2026 20:21:46 GMT+0700 (Indochina Time)

eth_getTransactionReceipt
eth_blockNumber
evm_mine
eth_blockNumber
evm_mine
eth_blockNumber
evm_mine
eth_blockNumber
evm_mine
eth_blockNumber
net_version
eth_getBlockByNumber
eth_estimateGas
eth_getBlockByNumber
eth_gasPrice
eth_sendTransaction

  Transaction: 0x4f36cfb3c235b545ff85e4e806ff91e8dce592d4886f0cfbe63287c2d3a2cb92
  Gas usage: 59561
  Block number: 7
  Block time: Thu May 07 2026 20:21:46 GMT+0700 (Indochina Time)

eth_getTransactionReceipt
eth_blockNumber
eth_getBalance
eth_getTransactionByHash
debug_traceTransaction
eth_getTransactionByHash
debug_traceTransaction
eth_getTransactionByHash
debug_traceTransaction

Received shutdown signal: SIGTERM
Shutting down…
Server has been shut down
