ganache v7.9.2 (@ganache/cli: 0.10.2, @ganache/core: 0.10.2)
Starting RPC server
web3_clientVersion

Available Accounts
==================
(0) 0xD53eeECdb30663548DDc87B417FE864f0d999d78 (1000 ETH)
(1) 0x27849b4B530E28801B37A5D8e93dB6a8744aE006 (1000 ETH)
(2) 0x29E87e61e200e615017e12a5917f4e3aC677Ae31 (1000 ETH)
(3) 0xFb545FB6B1D15177877D58f65eE975Fd5aa451b6 (1000 ETH)
(4) 0xf8274804E369CFfd379Ee5170A1E0Fe6f768C432 (1000 ETH)
(5) 0x3E84bDc1F6BF7f1FD07c9A38106FAD1836905664 (1000 ETH)
(6) 0x0665993A3970263750421bdA24F124Bc382B3700 (1000 ETH)
(7) 0x1C45475b2Cf2D52A4C1973FBe9f6aF6A9D37842D (1000 ETH)
(8) 0x5f61c244dc9c63E7073963e49E7E82d62Ea26cfE (1000 ETH)
(9) 0xa2165Ca3D8a09aa59807634a733985E0a723EeA6 (1000 ETH)

Private Keys
==================
(0) 0x8873490247e9417db81adc19a1c65d729a55c99f078fbe9c68c47c96dbde7f2e
(1) 0x0498ea2fcb483866e03c77051fe5093b209f4173b4c3ee6ac13f8106d32839d4
(2) 0xdfd7c959144700d8dfa44969396996107955d9919f97b22166422e7f6ffae1de
(3) 0xdd080a3fa1a9598f4d57622caa0202c1812c3b7f291674efded1840d11099540
(4) 0xcba974521ffed6487eceaf6bcd631745fb1fd343aae03c4b8fedccd1c25269f1
(5) 0x8128b7d55dc46ab8bd9f434f77b5fc13bc2531c76cc364ce0f6d8cc96131c4f8
(6) 0x8c34b90449ebddeddb6a4d8427ce070addb187cc936f3dc80dbeab87623221c9
(7) 0x7f4c77a9736f28e37c032dda5f21a6d951d6ba2f79542c170a1d77895b92ad1f
(8) 0x44677fe39721d8f942ad43a8ba50bdfd5e69a97f187d33a946837f2609781e70
(9) 0x2a3b0082466c6d0320b913a5be320b3638d4ba9b945e40c223b0c3c8d29655c7

HD Wallet
==================
Mnemonic:      ski reduce correct material hobby business about next quiz install despair fringe
Base HD Path:  m/44'/60'/0'/0/{account_index}

Default Gas Price
==================
2000000000

BlockGas Limit
==================
30000000

Call Gas Limit
==================
50000000

Chain
==================
Hardfork: shanghai
Id:       1337

RPC Listening on 127.0.0.1:8545
eth_blockNumber
net_version
eth_accounts
eth_accounts
eth_blockNumber
net_version
eth_getBlockByNumber
eth_estimateGas
eth_getBlockByNumber
eth_gasPrice
eth_sendTransaction

  Transaction: 0x33cc6e3d24b0036d0ad85c7686a81db868c67d7d6d29a1da74b20703a7492b25
  Contract created: 0x862b10425de55c7d586e36a3d8eb0b2278831d19
  Gas usage: 1261982
  Block number: 1
  Block time: Thu May 07 2026 21:02:24 GMT+0700 (Indochina Time)

eth_getTransactionReceipt
eth_getCode
eth_getTransactionReceipt
eth_getBlockByNumber
eth_gasPrice
eth_sendTransaction

  Transaction: 0xc16b61f3e547c48be3587f3d2064eae2561d0152caf7501a68f8e43d1ab5827d
  Gas usage: 21055
  Block number: 2
  Block time: Thu May 07 2026 21:02:24 GMT+0700 (Indochina Time)

eth_getTransactionReceipt
eth_blockNumber
evm_mine
eth_blockNumber
evm_mine
eth_blockNumber
evm_mine
eth_blockNumber
evm_mine
eth_blockNumber
evm_mine
eth_blockNumber
net_version
eth_getBlockByNumber
eth_estimateGas
eth_getBlockByNumber
eth_gasPrice
eth_sendTransaction

  Transaction: 0x1ee6c4c3bdb4629e0ec850382c119c1dbd31f2c6e84e0d9efd985eef520c439d
  Gas usage: 52947
  Block number: 8
  Block time: Thu May 07 2026 21:02:24 GMT+0700 (Indochina Time)

eth_getTransactionReceipt
eth_blockNumber
evm_mine
eth_blockNumber
net_version
eth_getBlockByNumber
eth_estimateGas
eth_getBlockByNumber
eth_gasPrice
eth_sendTransaction

  Transaction: 0x0fa40b5b9a8caf952389e644fcd59136278691095547411c1715f168bcf14681
  Gas usage: 59561
  Block number: 10
  Block time: Thu May 07 2026 21:02:24 GMT+0700 (Indochina Time)

eth_getTransactionReceipt
eth_blockNumber
eth_getBalance
eth_getTransactionByHash
debug_traceTransaction
eth_getTransactionByHash
debug_traceTransaction
eth_getTransactionByHash
debug_traceTransaction
eth_getTransactionByHash
debug_traceTransaction

Received shutdown signal: SIGTERM
Shutting down…
Server has been shut down
