COMMAND: python3 experiments/scale_trace/scripts/trace_result_json.py /home/aothuatgiadp/blockchain/project/CTLC-Implementation/experiments/scale_trace/runs/random_v1_121/D-_E_evm_fund_de_CTLCOnly_refund/result.json /home/aothuatgiadp/blockchain/project/CTLC-Implementation/experiments/scale_trace/runs/random_v1_121/D-_E_evm_fund_de_CTLCOnly_refund/trace.json
STATUS: 0

STDOUT:
{
  "graph_id": "",
  "pair": "D->E|evm|fund:de",
  "contract": "CTLCOnly",
  "scenario": "refund",
  "contractAddress": "0x862b10425de55c7d586e36A3d8Eb0B2278831d19",
  "traces": {
    "deploy": {
      "tx_hash": "0x33cc6e3d24b0036d0ad85c7686a81db868c67d7d6d29a1da74b20703a7492b25",
      "actual_calldata_bytes": 7347,
      "actual_sstore_count": 15,
      "actual_call_count": 0,
      "opcode_steps": 2264
    },
    "fund": {
      "tx_hash": "0xc16b61f3e547c48be3587f3d2064eae2561d0152caf7501a68f8e43d1ab5827d",
      "actual_calldata_bytes": 0,
      "actual_sstore_count": 0,
      "actual_call_count": 0,
      "opcode_steps": 13
    },
    "disable_level0": {
      "tx_hash": "0x1ee6c4c3bdb4629e0ec850382c119c1dbd31f2c6e84e0d9efd985eef520c439d",
      "actual_calldata_bytes": 36,
      "actual_sstore_count": 1,
      "actual_call_count": 0,
      "opcode_steps": 305
    },
    "refund_level1": {
      "tx_hash": "0x0fa40b5b9a8caf952389e644fcd59136278691095547411c1715f168bcf14681",
      "actual_calldata_bytes": 4,
      "actual_sstore_count": 1,
      "actual_call_count": 1,
      "opcode_steps": 229
    }
  }
}


STDERR:

