ganache v7.9.2 (@ganache/cli: 0.10.2, @ganache/core: 0.10.2)
Starting RPC server

Available Accounts
==================
(0) 0x6258a8E3090B9Af489C004Cce8EF60B8BeD2c28c (1000 ETH)
(1) 0xAD0898C6bea1e05b0Ab07D81dB27d68aCff8257b (1000 ETH)
(2) 0x5EFE8e1a5bFD959245C83CE8dB485FF491c1ce04 (1000 ETH)
(3) 0x16c738FB3A2F7972CFea8EF710543cE71e4f25B4 (1000 ETH)
(4) 0x4d05C5de31aff544346E68606D928a51265381C6 (1000 ETH)
(5) 0x6E242D53E62706EB6576009462518e8C1E16D8C7 (1000 ETH)
(6) 0xBa7948ffB8fC9D4e913161CcB4e326FdAa56c91d (1000 ETH)
(7) 0x719b3FfFdB7A345ea6b090f458Fc0d69820c1D43 (1000 ETH)
(8) 0xB27084880595C446721035f06F6DA43D5390Eee3 (1000 ETH)
(9) 0x90E055d18009485a65516d169eCB3e6349C269e3 (1000 ETH)

Private Keys
==================
(0) 0x4fbbd86e77618ddc54a8219446cea29bfce19fb53861dea3b10d02f2ab146b45
(1) 0xe90328865e28fc1f913a0148f2b0c624445c99d0a22fff3c5044f18a12a07753
(2) 0x3c0030ef16a3780c0ccd2a46e94e77ab5d6254bc7c41421b56f8936a2a8b9d14
(3) 0x10a70ec781e982bd6e833567b6cf93cac91d381ce85554db0e0fd2967367e454
(4) 0x5f4222a1454af9096d4b01a9161f779a1bd4ef507c3e8e259a4c6901c56136d0
(5) 0xf862ff4697d5ba69a7d9468ebdbf933328fb904d4868b54694a43298b87b5ecb
(6) 0xeafe7c0ba4f334a5e50c184abd71f0893a5fdb70b05a285e0120a02fbb0557ff
(7) 0x4d4f53cd71d2f148b9bb3467e03541e145703824cca736ef8b87e8c739d7a73d
(8) 0xb1f3f2b2677135fc0f7bee6266f920ea23a24f1a6730ec927da5e1963d36eb10
(9) 0x6d4efeb6ec134dd0a620c70a6ad803ca47923d88df9db8fd45d53960d8dfe440

HD Wallet
==================
Mnemonic:      critic track detect timber delay library kind water theory allow kingdom slow
Base HD Path:  m/44'/60'/0'/0/{account_index}

Default Gas Price
==================
2000000000

BlockGas Limit
==================
30000000

Call Gas Limit
==================
50000000

Chain
==================
Hardfork: shanghai
Id:       1337

RPC Listening on 127.0.0.1:8545
web3_clientVersion
eth_blockNumber
net_version
eth_accounts
eth_accounts
eth_blockNumber
net_version
eth_getBlockByNumber
eth_estimateGas
eth_getBlockByNumber
eth_gasPrice
eth_sendTransaction

  Transaction: 0x00341adaed9c97c9562237d9f994c27efd00cbfdcc4196c5e03f4539dcfe5c8b
  Contract created: 0x0c5a6bae8b11d10b2248a93ffb321af202ce1ebe
  Gas usage: 1146811
  Block number: 1
  Block time: Thu May 07 2026 21:06:55 GMT+0700 (Indochina Time)

eth_getTransactionReceipt
eth_getCode
eth_getTransactionReceipt
eth_getBlockByNumber
eth_gasPrice
eth_sendTransaction

  Transaction: 0x5e136969577701fa002a378810db722cdf6c433c2abb0e629bc53eda50b5ad48
  Gas usage: 21055
  Block number: 2
  Block time: Thu May 07 2026 21:06:55 GMT+0700 (Indochina Time)

eth_getTransactionReceipt
eth_blockNumber
evm_mine
eth_blockNumber
evm_mine
eth_blockNumber
evm_mine
eth_blockNumber
evm_mine
eth_blockNumber
evm_mine
eth_blockNumber
evm_mine
eth_blockNumber
net_version
eth_getBlockByNumber
eth_estimateGas
eth_getBlockByNumber
eth_gasPrice
eth_sendTransaction

  Transaction: 0x11e7e289db7c808aac265461e375283817b0d2bb92f9ac1d2985c93f1b478e59
  Gas usage: 59561
  Block number: 9
  Block time: Thu May 07 2026 21:06:56 GMT+0700 (Indochina Time)

eth_getTransactionReceipt
eth_blockNumber
eth_getBalance
eth_getTransactionByHash
debug_traceTransaction
eth_getTransactionByHash
debug_traceTransaction
eth_getTransactionByHash
debug_traceTransaction

Received shutdown signal: SIGTERM
Shutting down…
Server has been shut down
