Using network 'development'.

{
  "ok": true,
  "graph_id": "",
  "pair": "D->E|evm|fund:de",
  "pairKey": "D->E|evm|fund:de",
  "contract": "CTLCMultipleEdges",
  "scenario": "best_claim",
  "deployGas": "0x23c066",
  "gasUsed": "80267",
  "disableGasUsed": "",
  "claimGasUsed": "80267",
  "refundGasUsed": "",
  "contractAddress": "0x4eD3F391f66A8Ba8DECCB474f40E991742108767",
  "startBlock": "0",
  "endBlock": "3",
  "finalContractBalanceWei": "0",
  "deployer": "0xC0C70d11D7789e106e5f29cc25B2004A9A26BbA7",
  "party": "0xdf58164f3bA5adAcFB3c9650A9fA9881Ca83B7F0",
  "counterparty": "0xD8f015885063033B989c56C6A9DfD5DbD0A09efD",
  "fundingWei": "1000000000000000000",
  "timelocks": [
    9,
    11
  ],
  "transactions": [
    {
      "role": "deploy",
      "txHash": "0xd13d7cbaaf802a85262c352f1b4fc039cfc9bfc4669da9a2dae6f0f0a0edc45a"
    },
    {
      "role": "fund",
      "txHash": "0x98d1860d36668af93b765743b81f8909d5586788987ad60af8ddbb3cd8dd1fbe"
    },
    {
      "role": "claim",
      "txHash": "0x8e908f265f86dc1c55e02261aa56d9cd217efa89fc8db6b916fb42f45861f6e3",
      "level": 0,
      "option": 0
    }
  ],
  "txRoles": [
    {
      "role": "deploy",
      "txHash": "0xd13d7cbaaf802a85262c352f1b4fc039cfc9bfc4669da9a2dae6f0f0a0edc45a"
    },
    {
      "role": "fund",
      "txHash": "0x98d1860d36668af93b765743b81f8909d5586788987ad60af8ddbb3cd8dd1fbe"
    },
    {
      "role": "claim",
      "txHash": "0x8e908f265f86dc1c55e02261aa56d9cd217efa89fc8db6b916fb42f45861f6e3",
      "level": 0,
      "option": 0
    }
  ],
  "deployTxHash": "0xd13d7cbaaf802a85262c352f1b4fc039cfc9bfc4669da9a2dae6f0f0a0edc45a",
  "fundTxHash": "0x98d1860d36668af93b765743b81f8909d5586788987ad60af8ddbb3cd8dd1fbe",
  "claimTxHash": "0x8e908f265f86dc1c55e02261aa56d9cd217efa89fc8db6b916fb42f45861f6e3",
  "txHash": "0x8e908f265f86dc1c55e02261aa56d9cd217efa89fc8db6b916fb42f45861f6e3",
  "tx": "0x8e908f265f86dc1c55e02261aa56d9cd217efa89fc8db6b916fb42f45861f6e3"
}
