ganache v7.9.2 (@ganache/cli: 0.10.2, @ganache/core: 0.10.2)
Starting RPC server
web3_clientVersion

Available Accounts
==================
(0) 0x5C2Bf728FFb9d232aa1f31681d2458E05F3fa57B (1000 ETH)
(1) 0x843fD4fd20DcdC7609AcD12457Fae6C60dDBF9b9 (1000 ETH)
(2) 0xba554c334dD592f7Ed021B20c2ccccedB1f82c66 (1000 ETH)
(3) 0x8CFc2496fb0a793EE7e2aE921c5ce584a450146A (1000 ETH)
(4) 0x7b475eF7474A3dE9d305F2dD35A731910c647ee5 (1000 ETH)
(5) 0x2c707f86370c1421A8122b9BcA48da75E0F4930a (1000 ETH)
(6) 0x25f59d2c587090fA29Accf481a579A0d45CeB951 (1000 ETH)
(7) 0x3ab7E4CA940898bbC2F9A9A7Ba65B3dEd782B3AF (1000 ETH)
(8) 0x8555801752A70FA09b94a0A1d12Dd197B2cd1eAA (1000 ETH)
(9) 0x547A6Daf58A134E9A84545aF229929826283B233 (1000 ETH)

Private Keys
==================
(0) 0xd4d7d8bf498da3d876696fa73407bb0229f4599d60fa35126787e9d0b8a5a802
(1) 0x2f13d1dc21fe2ba430d5c05cd4713fa32f1789023bbb04afde591eb787f10f46
(2) 0x7d7145ef673618d6c297a53b6e6b39038a43ea5f3b2b3cd42204552a6d9efe44
(3) 0x422e796fc8b6fd7b256667791d3bc2d496467c1e71c21f26f9b15a66314d2816
(4) 0xfbe061140111f1c0ff92b7b824821fc846c6e7a01c12e880965db6ac5e7425cd
(5) 0xdb0b0515457a354bd4489ae9b898f6ff2096462c29fef203ff623c933d8a0162
(6) 0x0c934b9ce959c3bb59cf3ce534549f7a295ec527492a571007f30bd1bf9864f8
(7) 0x9b69d67267f2f60f2d557bc712ad5970934e58a1b229018d6ece8f31480da57e
(8) 0x2f00e38cb8881548f9d7258c650cc647d9b6625f0a62b5e8de44d7440caccefb
(9) 0x8c95a1bbce70c9f776be951432d2dbec5f5c91c93e0ededd16e1e1312ec9a153

HD Wallet
==================
Mnemonic:      guilt sure left essay tackle horror extra around bulb pilot girl sing
Base HD Path:  m/44'/60'/0'/0/{account_index}

Default Gas Price
==================
2000000000

BlockGas Limit
==================
30000000

Call Gas Limit
==================
50000000

Chain
==================
Hardfork: shanghai
Id:       1337

RPC Listening on 127.0.0.1:8545
eth_blockNumber
net_version
eth_accounts
eth_accounts
eth_blockNumber
net_version
eth_getBlockByNumber
eth_estimateGas
eth_getBlockByNumber
eth_gasPrice
eth_sendTransaction

  Transaction: 0xa24b2555ed0c4d538d746fe5de46130c14e8649bec44ff410ddbd5bad9076c23
  Contract created: 0x514452f1934c5b4ad9d9236384d6c42be6475f15
  Gas usage: 1239462
  Block number: 1
  Block time: Thu May 07 2026 21:17:20 GMT+0700 (Indochina Time)

eth_getTransactionReceipt
eth_getCode
eth_getTransactionReceipt
eth_getBlockByNumber
eth_gasPrice
eth_sendTransaction

  Transaction: 0xab579e26e0cb36949b8739f33a913c7f559a5d90bf7c68d4f568906cf7a00ab3
  Gas usage: 21055
  Block number: 2
  Block time: Thu May 07 2026 21:17:20 GMT+0700 (Indochina Time)

eth_getTransactionReceipt
net_version
eth_getBlockByNumber
eth_estimateGas
eth_getBlockByNumber
eth_gasPrice
eth_sendTransaction

  Transaction: 0x3c7565e1897ad8af3349bbd75a32951a4a4cdc9642111e29424c1f16c6fe70d6
  Gas usage: 71641
  Block number: 3
  Block time: Thu May 07 2026 21:17:20 GMT+0700 (Indochina Time)

eth_getTransactionReceipt
eth_blockNumber
eth_getBalance
eth_getTransactionByHash
debug_traceTransaction
eth_getTransactionByHash
debug_traceTransaction
eth_getTransactionByHash
debug_traceTransaction

Received shutdown signal: SIGTERM
Shutting down…
Server has been shut down
