Using network 'development'.

{
  "ok": true,
  "graph_id": "",
  "pair": "D->E|evm|fund:de",
  "pairKey": "D->E|evm|fund:de",
  "contract": "CTLCMultipleEdges",
  "scenario": "best_claim",
  "deployGas": "0x19942f",
  "gasUsed": "80267",
  "disableGasUsed": "",
  "claimGasUsed": "80267",
  "refundGasUsed": "",
  "contractAddress": "0xfd7b328490217c45ed045c3EB8cE73f97f40d46a",
  "startBlock": "0",
  "endBlock": "3",
  "finalContractBalanceWei": "0",
  "deployer": "0x7E500d8a6f24bE4ef32AEFfC33a9aEBf9b172bDF",
  "party": "0xcD3b98e7E5F50247F5783691CAbB7017bFBAFE3E",
  "counterparty": "0xee62Eb8D23D4E0bBB945e650eD4c036900b1aFC5",
  "fundingWei": "1000000000000000000",
  "timelocks": [
    9
  ],
  "transactions": [
    {
      "role": "deploy",
      "txHash": "0xf5cbf60421363108e682090bc6948888c430d0c4ab3c3f0edfa4b294060c415a"
    },
    {
      "role": "fund",
      "txHash": "0xb88a290b6acf98376d6d4db4e91a1bfad8aced0a117f7a36b20aaeffcc1bbe8b"
    },
    {
      "role": "claim",
      "txHash": "0xd95215f6d88b216725f38072832f47adc7377c9038c6b7006fad6bc0ed4f422f",
      "level": 0,
      "option": 0
    }
  ],
  "txRoles": [
    {
      "role": "deploy",
      "txHash": "0xf5cbf60421363108e682090bc6948888c430d0c4ab3c3f0edfa4b294060c415a"
    },
    {
      "role": "fund",
      "txHash": "0xb88a290b6acf98376d6d4db4e91a1bfad8aced0a117f7a36b20aaeffcc1bbe8b"
    },
    {
      "role": "claim",
      "txHash": "0xd95215f6d88b216725f38072832f47adc7377c9038c6b7006fad6bc0ed4f422f",
      "level": 0,
      "option": 0
    }
  ],
  "deployTxHash": "0xf5cbf60421363108e682090bc6948888c430d0c4ab3c3f0edfa4b294060c415a",
  "fundTxHash": "0xb88a290b6acf98376d6d4db4e91a1bfad8aced0a117f7a36b20aaeffcc1bbe8b",
  "claimTxHash": "0xd95215f6d88b216725f38072832f47adc7377c9038c6b7006fad6bc0ed4f422f",
  "txHash": "0xd95215f6d88b216725f38072832f47adc7377c9038c6b7006fad6bc0ed4f422f",
  "tx": "0xd95215f6d88b216725f38072832f47adc7377c9038c6b7006fad6bc0ed4f422f"
}
