ganache v7.9.2 (@ganache/cli: 0.10.2, @ganache/core: 0.10.2)
Starting RPC server

Available Accounts
==================
(0) 0x1282C966C706e3eCF3b3383Ef69F470e589ed30C (1000 ETH)
(1) 0xCDe4C748204E599b7a31E802b37600f3D3bbA940 (1000 ETH)
(2) 0xc4922D6E9149861D6093f1F2A02a61C2e9f180c0 (1000 ETH)
(3) 0x8C862F06208Ab988127362b1308F9fe278faa06B (1000 ETH)
(4) 0x6aD924556eeb447c0C8e4420e00bBb1FD0490f22 (1000 ETH)
(5) 0x973133489CD06E41258ccc4136B7045bA5Cf95f8 (1000 ETH)
(6) 0xfB64B16c5979e1725a23d774CB980F373c464B93 (1000 ETH)
(7) 0xfABBA0a0dcF27a877E3CBE2c436a6690De995b01 (1000 ETH)
(8) 0x8935F1c6e66AD3B96298Cb97A8BDCc3A5732378a (1000 ETH)
(9) 0xde2Daf2e30248b84a5bA8910B6A1F9Ba34557BF2 (1000 ETH)

Private Keys
==================
(0) 0x3d5c24d0211fec6460fe6ae9a73ce13655ffc8b02b04a05594e1dc7272f6182a
(1) 0x428df2926c63de246983bff63fd25dca987d5e294605ccb3c261b26468d6796b
(2) 0x07f2033ca65090b0dd6cb4b72bff5a279da7f7fe71231818263f4d9e337f4abc
(3) 0xbb74feabfe2327da9bcc6ca859fb6fb971201eace20079b567b52089815462ed
(4) 0x14f27ee88968db7ac25c92d9ac83c80edaeee221d7ea01e8fb16180842f34b94
(5) 0xa61969367b75b189ae8e57fde3454391587c11be29edbeffc46dabc7eb5cf6ca
(6) 0x041168bdf34aa68288c70343f4e86d702c88400de0448eee4dfc57e1d1746692
(7) 0x8b3c145b0a6b4ae9a19c668e2c0c4210cfb4033d7b48b58ecb59133f1ecb1cfc
(8) 0x1fd762c26a1408e1044ce61af287372e6ce98cf2d6a10222a878378d2b4f322c
(9) 0x26ee9d46284c9e2c9d52ab1832c147d4dc194d7bf27d50d2ac481c26be46eb83

HD Wallet
==================
Mnemonic:      deliver recall angle olive night allow gold solve blast defense oxygen two
Base HD Path:  m/44'/60'/0'/0/{account_index}

Default Gas Price
==================
2000000000

BlockGas Limit
==================
30000000

Call Gas Limit
==================
50000000

Chain
==================
Hardfork: shanghai
Id:       1337

RPC Listening on 127.0.0.1:8545
web3_clientVersion
eth_blockNumber
net_version
eth_accounts
eth_accounts
eth_blockNumber
net_version
eth_getBlockByNumber
eth_estimateGas
eth_getBlockByNumber
eth_gasPrice
eth_sendTransaction

  Transaction: 0xa179087d2ed2c58e1b71d33d1b62a40af6f4836ae99323ecf482c0d0aaa1569a
  Contract created: 0xa08c2a985da1f93e9f8881f8c8d1d51c13bc604c
  Gas usage: 1146811
  Block number: 1
  Block time: Thu May 07 2026 20:19:28 GMT+0700 (Indochina Time)

eth_getTransactionReceipt
eth_getCode
eth_getTransactionReceipt
eth_getBlockByNumber
eth_gasPrice
eth_sendTransaction

  Transaction: 0x6e5f0a30217774c2e34e4b50531b0e8f8993c5e2b89eaabfe0e95f2b83b1a21f
  Gas usage: 21055
  Block number: 2
  Block time: Thu May 07 2026 20:19:28 GMT+0700 (Indochina Time)

eth_getTransactionReceipt
net_version
eth_getBlockByNumber
eth_estimateGas
eth_getBlockByNumber
eth_gasPrice
eth_sendTransaction

  Transaction: 0x00e323f9c9fdb930c99d4e12e0d94f2b37920454ce1928d25ca87d269846e14b
  Gas usage: 72862
  Block number: 3
  Block time: Thu May 07 2026 20:19:28 GMT+0700 (Indochina Time)

eth_getTransactionReceipt
eth_blockNumber
eth_getBalance
eth_getTransactionByHash
debug_traceTransaction
eth_getTransactionByHash
debug_traceTransaction
eth_getTransactionByHash
debug_traceTransaction

Received shutdown signal: SIGTERM
Shutting down…
Server has been shut down
