Using network 'development'.

{
  "ok": true,
  "graph_id": "",
  "pair": "C->A|evm|fund:ca",
  "pairKey": "C->A|evm|fund:ca",
  "contract": "CTLCOnly",
  "scenario": "worst_claim",
  "deployGas": "0x10ccbb",
  "gasUsed": "64620",
  "disableGasUsed": "0",
  "claimGasUsed": "64620",
  "refundGasUsed": "",
  "contractAddress": "0x7D1DBc5b0894C098b23ef9775659A48BeB24aA76",
  "startBlock": "0",
  "endBlock": "3",
  "finalContractBalanceWei": "0",
  "deployer": "0x27eDD52Cc2395Ab0e4bFF645B6C6262f46D379A8",
  "party": "0x6DB2B50AD86920ecAd64c2D41278FF34ae557182",
  "counterparty": "0xd9EB6e539a0b0869e5fE48248b7FE6eE4fe730aB",
  "fundingWei": "1000000000000000000",
  "timelocks": [
    6
  ],
  "transactions": [
    {
      "role": "deploy",
      "txHash": "0x50b77de4e74cc2dc6aa5cc4de6b0ede537982f4c09db6f55ac56d2848d13215e"
    },
    {
      "role": "fund",
      "txHash": "0x45dc0d350fe4052c63d5ae5a0092ef0d8c7ee98f6d26e4391db6466c040a1b68"
    },
    {
      "role": "claim",
      "txHash": "0xd90d5f57387bc982096f6a97bc1885945fe76ecac92c72235337a35d02f3f52a",
      "level": 0,
      "option": 0
    }
  ],
  "txRoles": [
    {
      "role": "deploy",
      "txHash": "0x50b77de4e74cc2dc6aa5cc4de6b0ede537982f4c09db6f55ac56d2848d13215e"
    },
    {
      "role": "fund",
      "txHash": "0x45dc0d350fe4052c63d5ae5a0092ef0d8c7ee98f6d26e4391db6466c040a1b68"
    },
    {
      "role": "claim",
      "txHash": "0xd90d5f57387bc982096f6a97bc1885945fe76ecac92c72235337a35d02f3f52a",
      "level": 0,
      "option": 0
    }
  ],
  "deployTxHash": "0x50b77de4e74cc2dc6aa5cc4de6b0ede537982f4c09db6f55ac56d2848d13215e",
  "fundTxHash": "0x45dc0d350fe4052c63d5ae5a0092ef0d8c7ee98f6d26e4391db6466c040a1b68",
  "claimTxHash": "0xd90d5f57387bc982096f6a97bc1885945fe76ecac92c72235337a35d02f3f52a",
  "txHash": "0xd90d5f57387bc982096f6a97bc1885945fe76ecac92c72235337a35d02f3f52a",
  "tx": "0xd90d5f57387bc982096f6a97bc1885945fe76ecac92c72235337a35d02f3f52a"
}
