COMMAND: python3 experiments/scale_trace/scripts/trace_result_json.py /home/aothuatgiadp/blockchain/project/CTLC-Implementation/experiments/scale_trace/runs/random_v1_31/D-_B_evm_fund_db_CTLCOnly_best_claim/result.json /home/aothuatgiadp/blockchain/project/CTLC-Implementation/experiments/scale_trace/runs/random_v1_31/D-_B_evm_fund_db_CTLCOnly_best_claim/trace.json
STATUS: 0

STDOUT:
{
  "graph_id": "",
  "pair": "D->B|evm|fund:db",
  "contract": "CTLCOnly",
  "scenario": "best_claim",
  "contractAddress": "0x7B061dF7A407385a53654F6375e5a4CfAb28bb15",
  "traces": {
    "deploy": {
      "tx_hash": "0x9748b966ffe4f598948cc37478eefde7916ebe7c677bfdcbe5c94e81015d62a4",
      "actual_calldata_bytes": 7379,
      "actual_sstore_count": 16,
      "actual_call_count": 0,
      "opcode_steps": 2352
    },
    "fund": {
      "tx_hash": "0x5a845588d091a9b6644e50f8002c638b1fb37d7c617f3baaea1e16e65250b5af",
      "actual_calldata_bytes": 0,
      "actual_sstore_count": 0,
      "actual_call_count": 0,
      "opcode_steps": 13
    },
    "claim_level0": {
      "tx_hash": "0x478587839a1b6bea0a2908e98ad5c7e993c34f6855ed230c7a9b283e5394ad81",
      "actual_calldata_bytes": 388,
      "actual_sstore_count": 1,
      "actual_call_count": 1,
      "opcode_steps": 1475
    }
  }
}


STDERR:

