COMMAND: python3 experiments/scale_trace/scripts/trace_result_json.py /home/aothuatgiadp/blockchain/project/CTLC-Implementation/experiments/scale_trace/runs/random_v1_26/B-_C_evm_fund_bc_CTLCMultipleEdges_worst_claim/result.json /home/aothuatgiadp/blockchain/project/CTLC-Implementation/experiments/scale_trace/runs/random_v1_26/B-_C_evm_fund_bc_CTLCMultipleEdges_worst_claim/trace.json
STATUS: 0

STDOUT:
{
  "graph_id": "",
  "pair": "B->C|evm|fund:bc",
  "contract": "CTLCMultipleEdges",
  "scenario": "worst_claim",
  "contractAddress": "0xb536eb9780a90567d65fD67306B9e00D965ba013",
  "traces": {
    "deploy": {
      "tx_hash": "0x11e878da8864ab0dc1de87d7e825c424ac563253e602efc5697d8580d7c3bbfa",
      "actual_calldata_bytes": 8105,
      "actual_sstore_count": 20,
      "actual_call_count": 0,
      "opcode_steps": 3355
    },
    "fund": {
      "tx_hash": "0xf2a875ee02abb3be6765d93957be5698ae49c0907135c6b58de8902dcfe1832b",
      "actual_calldata_bytes": 0,
      "actual_sstore_count": 0,
      "actual_call_count": 0,
      "opcode_steps": 13
    },
    "disable_level0": {
      "tx_hash": "0x3ac845a5f222b7219e5c51acee32be91fb4ebf5b04b9f48e2b1f172b2ad33c75",
      "actual_calldata_bytes": 36,
      "actual_sstore_count": 1,
      "actual_call_count": 0,
      "opcode_steps": 300
    },
    "claim_level1": {
      "tx_hash": "0x2c9be505cee82721b050b61b9ca2f8687e8352214e0713f2663d4c55045bab12",
      "actual_calldata_bytes": 420,
      "actual_sstore_count": 1,
      "actual_call_count": 1,
      "opcode_steps": 1597
    }
  }
}


STDERR:

