ganache v7.9.2 (@ganache/cli: 0.10.2, @ganache/core: 0.10.2)
Starting RPC server

Available Accounts
==================
(0) 0x7C34297e4cB064e13A0Af1640Bd2eD496bE0a150 (1000 ETH)
(1) 0xE985Ee8e8E8EC054c9C2436Fc704A2194df746b3 (1000 ETH)
(2) 0x84a266D499D04FBEc4aA3fC8CB5A1B24B9Dd2f34 (1000 ETH)
(3) 0xF1126F8312d11fb9b87A9998E3B24fD05C59daAd (1000 ETH)
(4) 0x1bF3a2598D440eB15b162afB16e5dE0f63dAd9Ca (1000 ETH)
(5) 0x91C1685D364026f63b6f78931cDdf85823C258ba (1000 ETH)
(6) 0xdec08291775457163775979458aFf91F06f813A4 (1000 ETH)
(7) 0xa6907d85F826aF01B771c0E95d003053E4B44aF8 (1000 ETH)
(8) 0x68A7A9Db4Ad28d039Fd4dF4C7d23871A21914EAa (1000 ETH)
(9) 0x0aDD25611F1505d7888C921A33F985D0A914283a (1000 ETH)

Private Keys
==================
(0) 0x8836b7abff43365b4dfb300d89e0c71d06a170832cceb091770141c4ff7895f6
(1) 0x43bc9fe1a67a2cb30c470930f4f1ef41d8aaa86afa7a6557fcc94b339d6e1e3d
(2) 0x93da51c39cd59a00295687e827223ea403f848f555e5009815c2e00a846cd526
(3) 0xb6846513fc67100b0d72556d33200b969fc3a70430f5b4741e4f8750a463e2b5
(4) 0x417a192a20e12dc49e952773f2233543f1a239e3c336b9c83c29683b828bfb0f
(5) 0x852c307ec5add5b218f0d1ff2fa1181be6794892a98ced455e03e13e8d960534
(6) 0x6e0da24e1511eaa1ac18ce6289e299e5b29acd503914a52a9159612d08fcfdb8
(7) 0xf41a112434a7d3f4dcaecddc11fc046d06d3284f2748dab7b2308d13fb89ce10
(8) 0x97920611c7d7ca6a06c50846bcea559d93f9070de64967923b00c8830eb01328
(9) 0xe9dc81ef021b0c8d55008d9b599c1091681cf7d10e076a8fa1f7d6769be529da

HD Wallet
==================
Mnemonic:      where dinner half pony turtle hover apple small reopen dust inquiry industry
Base HD Path:  m/44'/60'/0'/0/{account_index}

Default Gas Price
==================
2000000000

BlockGas Limit
==================
30000000

Call Gas Limit
==================
50000000

Chain
==================
Hardfork: shanghai
Id:       1337

RPC Listening on 127.0.0.1:8545
web3_clientVersion
eth_blockNumber
net_version
eth_accounts
eth_accounts
eth_blockNumber
net_version
eth_getBlockByNumber
eth_estimateGas
eth_getBlockByNumber
eth_gasPrice
eth_sendTransaction

  Transaction: 0x678937b52821824b6688df98772d6a91416ff80e8fe57f26c3d55374905bb056
  Contract created: 0x7e3a012ecb84bcccf419228b31cba03487052ee3
  Gas usage: 1353630
  Block number: 1
  Block time: Fri May 08 2026 01:51:18 GMT+0700 (Indochina Time)

eth_getTransactionReceipt
eth_getCode
eth_getTransactionReceipt
eth_getBlockByNumber
eth_gasPrice
eth_sendTransaction

  Transaction: 0x6dc95edf518414bbd09c8b77c357efe9e21383a8f7b51b72a651853e9e30847d
  Gas usage: 21055
  Block number: 2
  Block time: Fri May 08 2026 01:51:18 GMT+0700 (Indochina Time)

eth_getTransactionReceipt
eth_blockNumber
evm_mine
eth_blockNumber
evm_mine
eth_blockNumber
evm_mine
eth_blockNumber
evm_mine
eth_blockNumber
evm_mine
eth_blockNumber
evm_mine
eth_blockNumber
evm_mine
eth_blockNumber
net_version
eth_getBlockByNumber
eth_estimateGas
eth_getBlockByNumber
eth_gasPrice
eth_sendTransaction

  Transaction: 0x3eb81be37c8958411a57dcb29935fcb16c793f52051c167121fdb9fa48a22340
  Gas usage: 52947
  Block number: 10
  Block time: Fri May 08 2026 01:51:18 GMT+0700 (Indochina Time)

eth_getTransactionReceipt
eth_blockNumber
evm_mine
eth_blockNumber
net_version
eth_getBlockByNumber
eth_estimateGas
eth_getBlockByNumber
eth_gasPrice
eth_sendTransaction

  Transaction: 0x0b219e5f95ba4ffa48b3cf19ef89fc953d0506aea8d7886097b90e36356f5e5d
  Gas usage: 59561
  Block number: 12
  Block time: Fri May 08 2026 01:51:18 GMT+0700 (Indochina Time)

eth_getTransactionReceipt
eth_blockNumber
eth_getBalance
eth_getTransactionByHash
debug_traceTransaction
eth_getTransactionByHash
debug_traceTransaction
eth_getTransactionByHash
debug_traceTransaction
eth_getTransactionByHash
debug_traceTransaction

Received shutdown signal: SIGTERM
Shutting down…
Server has been shut down
