COMMAND: python3 experiments/scale_trace/scripts/trace_result_json.py /home/aothuatgiadp/blockchain/project/CTLC-Implementation/experiments/scale_trace/runs/random_v1_112/F-_G_evm_fund_fg_CTLCOnly_refund/result.json /home/aothuatgiadp/blockchain/project/CTLC-Implementation/experiments/scale_trace/runs/random_v1_112/F-_G_evm_fund_fg_CTLCOnly_refund/trace.json
STATUS: 0

STDOUT:
{
  "graph_id": "",
  "pair": "F->G|evm|fund:fg",
  "contract": "CTLCOnly",
  "scenario": "refund",
  "contractAddress": "0xE8F7324Cb9010e156777c387Ca561D3d88f1c883",
  "traces": {
    "deploy": {
      "tx_hash": "0xd456443faea6d728cda82d429fc3377db661baa50753fbdaff2306bff6465164",
      "actual_calldata_bytes": 7123,
      "actual_sstore_count": 9,
      "actual_call_count": 0,
      "opcode_steps": 1374
    },
    "fund": {
      "tx_hash": "0x802c7d7ae6cc17fb02dd24ca455339071a33e1299187c171085f936dc499acf1",
      "actual_calldata_bytes": 0,
      "actual_sstore_count": 0,
      "actual_call_count": 0,
      "opcode_steps": 13
    },
    "refund_level0": {
      "tx_hash": "0x2f53618f8ce9bb9b988fdfd76407b6aeea02ecc76371de1012771dc25c518245",
      "actual_calldata_bytes": 4,
      "actual_sstore_count": 1,
      "actual_call_count": 1,
      "opcode_steps": 229
    }
  }
}


STDERR:

