COMMAND: python3 experiments/scale_trace/scripts/trace_result_json.py /home/aothuatgiadp/blockchain/project/CTLC-Implementation/experiments/scale_trace/runs/random_v1_65/E-_F_evm_fund_ef_CTLCOnly_best_claim/result.json /home/aothuatgiadp/blockchain/project/CTLC-Implementation/experiments/scale_trace/runs/random_v1_65/E-_F_evm_fund_ef_CTLCOnly_best_claim/trace.json
STATUS: 0

STDOUT:
{
  "graph_id": "",
  "pair": "E->F|evm|fund:ef",
  "contract": "CTLCOnly",
  "scenario": "best_claim",
  "contractAddress": "0xD9d22c66286C5d93FDA96Bac3b0Cdd07a1583185",
  "traces": {
    "deploy": {
      "tx_hash": "0xcaef419a44739a65b825d92de61a72488ae4c18105d04e2e18f7820545c52406",
      "actual_calldata_bytes": 7571,
      "actual_sstore_count": 21,
      "actual_call_count": 0,
      "opcode_steps": 3154
    },
    "fund": {
      "tx_hash": "0xc661234c76397da72717ac4fb53208aac5fc6ede048cf11c2e6ff2cada2fc42f",
      "actual_calldata_bytes": 0,
      "actual_sstore_count": 0,
      "actual_call_count": 0,
      "opcode_steps": 13
    },
    "claim_level0": {
      "tx_hash": "0x0e19a29d1f297ccacd53a0e9cde6a8c92822e187cc6433ef5b5d0cd6e9906218",
      "actual_calldata_bytes": 292,
      "actual_sstore_count": 1,
      "actual_call_count": 1,
      "opcode_steps": 1134
    }
  }
}


STDERR:

