Using network 'development'.

{
  "ok": true,
  "graph_id": "",
  "pair": "C->D|evm|fund:cd",
  "pairKey": "C->D|evm|fund:cd",
  "contract": "CTLCOnly",
  "scenario": "refund",
  "deployGas": "0x11263b",
  "gasUsed": "59561",
  "disableGasUsed": "0",
  "claimGasUsed": "",
  "refundGasUsed": "59561",
  "contractAddress": "0x0C9788560b5bE05256784DfD46De7fE4E73fab3b",
  "startBlock": "0",
  "endBlock": "8",
  "finalContractBalanceWei": "0",
  "deployer": "0x02d71A70E1d2aD255477eE33616835D59d01b123",
  "party": "0x4111C90a2d0Bd0df481EDDD6855e5B21b19B3115",
  "counterparty": "0xaE9eBB4b69Da95A747C42dafE4769EA23aA98484",
  "fundingWei": "1000000000000000000",
  "timelocks": [
    7
  ],
  "transactions": [
    {
      "role": "deploy",
      "txHash": "0x5f1c010a8ff9ba7668fc4410a4ab450d3890650d7cc0d291379049ae34509d81"
    },
    {
      "role": "fund",
      "txHash": "0x5be29571be1adde21671a822a7d1428760c2089aee02a0352a8d556b4e192513"
    },
    {
      "role": "refund",
      "txHash": "0x53ff5579615d36220bb760d8b3899deee6d65b3871553ec0610416798a51a039",
      "level": 0
    }
  ],
  "txRoles": [
    {
      "role": "deploy",
      "txHash": "0x5f1c010a8ff9ba7668fc4410a4ab450d3890650d7cc0d291379049ae34509d81"
    },
    {
      "role": "fund",
      "txHash": "0x5be29571be1adde21671a822a7d1428760c2089aee02a0352a8d556b4e192513"
    },
    {
      "role": "refund",
      "txHash": "0x53ff5579615d36220bb760d8b3899deee6d65b3871553ec0610416798a51a039",
      "level": 0
    }
  ],
  "deployTxHash": "0x5f1c010a8ff9ba7668fc4410a4ab450d3890650d7cc0d291379049ae34509d81",
  "fundTxHash": "0x5be29571be1adde21671a822a7d1428760c2089aee02a0352a8d556b4e192513",
  "refundTxHash": "0x53ff5579615d36220bb760d8b3899deee6d65b3871553ec0610416798a51a039",
  "refundTx": "0x53ff5579615d36220bb760d8b3899deee6d65b3871553ec0610416798a51a039"
}
