ganache v7.9.2 (@ganache/cli: 0.10.2, @ganache/core: 0.10.2)
Starting RPC server

Available Accounts
==================
(0) 0x3f6EF15FeE0df70D3587F3bc0723b8Dc1230164f (1000 ETH)
(1) 0x73814A5d14852b818B6ACC9368d6266AbD4c0D89 (1000 ETH)
(2) 0xd45CD5828954500Af0E9cEe1768C08dbb20B0214 (1000 ETH)
(3) 0xC4F0e18a4B982523705d2272Ff4ced1AbD25e167 (1000 ETH)
(4) 0x396958AE75B0F8Dc89CEB0404F9019D96BAe5a9b (1000 ETH)
(5) 0x7A6c56e1597735e9a22Fb5532a4D398b0E096935 (1000 ETH)
(6) 0x69a5645C20F25B86Ee3a22FF56413634ec8208c3 (1000 ETH)
(7) 0x814F4283cacdac57eE9F55e2f66Dec6356DB57a4 (1000 ETH)
(8) 0xEf1085d7C836192756a05DEB0d2B530c55919402 (1000 ETH)
(9) 0x5f9191e16B67c0DDca97F9B3715be67140a2eE24 (1000 ETH)

Private Keys
==================
(0) 0x8c4a147c07e10fa42cd68e7bc1f50569fbf12dd03545279c61bd581607e1e2c6
(1) 0x2032342ebeec5d5975020773339f3c3325e8aba3a76bb187c6a921c4197fab07
(2) 0x6bff0074b1766a99d1de3c1c318961b8c28c50219a491251e5e23454564815c5
(3) 0x7b1413da421669252df7fd8ad1eb659af16bcc9e0b0ac167d7132c5c80d5ddbe
(4) 0x598238127c36b08ab6ac5b18f8d79e167787eb2199174b7940408ea269962440
(5) 0xc1c76fff28af0c8866fc73130610f894d2fefb8ad11dc4e5420865c6005fc82c
(6) 0x06de2dfd471602358cdb0d673dd6a6c9e6145cb5b24e7676a198a2de25ed9911
(7) 0xbe6a5860935f07f1fa5965cbcb694ce7c6f824e87e290be5db1617e33e8188df
(8) 0x276a05f4c1ea2f398efb4e67b5ad8b2852b2e6a5cd7913b62f2931da96d78519
(9) 0x69d5363acd96093dae9f1316581623d5e99abdb19792489bd4b5da2fccb0fd6a

HD Wallet
==================
Mnemonic:      glad immune surround candy scout mule come slender wise snap embrace cage
Base HD Path:  m/44'/60'/0'/0/{account_index}

Default Gas Price
==================
2000000000

BlockGas Limit
==================
30000000

Call Gas Limit
==================
50000000

Chain
==================
Hardfork: shanghai
Id:       1337

RPC Listening on 127.0.0.1:8545
web3_clientVersion
eth_blockNumber
net_version
eth_accounts
eth_accounts
eth_blockNumber
net_version
eth_getBlockByNumber
eth_estimateGas
eth_getBlockByNumber
eth_gasPrice
eth_sendTransaction

  Transaction: 0xc751890246fbefec1823771e86430012299390baaa3497ba252a79a0a5124671
  Contract created: 0x42764b9146ee81f6820e196b2b1c87f7eac56ac6
  Gas usage: 1100987
  Block number: 1
  Block time: Thu May 07 2026 20:35:57 GMT+0700 (Indochina Time)

eth_getTransactionReceipt
eth_getCode
eth_getTransactionReceipt
eth_getBlockByNumber
eth_gasPrice
eth_sendTransaction

  Transaction: 0x0e55184229067305e234b454aac886c2417e4325cfa54cacb8654922d7d68dbb
  Gas usage: 21055
  Block number: 2
  Block time: Thu May 07 2026 20:35:57 GMT+0700 (Indochina Time)

eth_getTransactionReceipt
net_version
eth_getBlockByNumber
eth_estimateGas
eth_getBlockByNumber
eth_gasPrice
eth_sendTransaction

  Transaction: 0xec9a3ad2598648a93146f7e08c9b59d5264e35ebbe0639bfab1589f8cda85e5e
  Gas usage: 64620
  Block number: 3
  Block time: Thu May 07 2026 20:35:57 GMT+0700 (Indochina Time)

eth_getTransactionReceipt
eth_blockNumber
eth_getBalance
eth_getTransactionByHash
debug_traceTransaction
eth_getTransactionByHash
debug_traceTransaction
eth_getTransactionByHash
debug_traceTransaction

Received shutdown signal: SIGTERM
Shutting down…
Server has been shut down
