Using network 'development'.

{
  "ok": true,
  "graph_id": "",
  "pair": "B->A|evm|fund:ba",
  "pairKey": "B->A|evm|fund:ba",
  "contract": "CTLCOnly",
  "scenario": "best_claim",
  "deployGas": "0x10ccaf",
  "gasUsed": "64620",
  "disableGasUsed": "",
  "claimGasUsed": "64620",
  "refundGasUsed": "",
  "contractAddress": "0x944965e65184d08eA659052d50F7976d81220f82",
  "startBlock": "0",
  "endBlock": "3",
  "finalContractBalanceWei": "0",
  "deployer": "0xa7008c089a0Ebf793580322c561B63d77D4F2990",
  "party": "0x86868ec07c8CDFbe67a48319477B15a97FDD051D",
  "counterparty": "0x7DD9d4FD96461E4a94ce05b4126566dA53684C71",
  "fundingWei": "1000000000000000000",
  "timelocks": [
    6
  ],
  "transactions": [
    {
      "role": "deploy",
      "txHash": "0xfb37dc216e9976d617d04f0c5414184b77bbb45535981cb9bd0be862f33d5696"
    },
    {
      "role": "fund",
      "txHash": "0xfd136e23884071d529204023c5b0c850180062107878c24e7eeacdc6284aa46f"
    },
    {
      "role": "claim",
      "txHash": "0xff157e15d9e244d28b5524b28c0c8330150a2342d6e05da7ed7218c7499c006e",
      "level": 0,
      "option": 0
    }
  ],
  "txRoles": [
    {
      "role": "deploy",
      "txHash": "0xfb37dc216e9976d617d04f0c5414184b77bbb45535981cb9bd0be862f33d5696"
    },
    {
      "role": "fund",
      "txHash": "0xfd136e23884071d529204023c5b0c850180062107878c24e7eeacdc6284aa46f"
    },
    {
      "role": "claim",
      "txHash": "0xff157e15d9e244d28b5524b28c0c8330150a2342d6e05da7ed7218c7499c006e",
      "level": 0,
      "option": 0
    }
  ],
  "deployTxHash": "0xfb37dc216e9976d617d04f0c5414184b77bbb45535981cb9bd0be862f33d5696",
  "fundTxHash": "0xfd136e23884071d529204023c5b0c850180062107878c24e7eeacdc6284aa46f",
  "claimTxHash": "0xff157e15d9e244d28b5524b28c0c8330150a2342d6e05da7ed7218c7499c006e",
  "txHash": "0xff157e15d9e244d28b5524b28c0c8330150a2342d6e05da7ed7218c7499c006e",
  "tx": "0xff157e15d9e244d28b5524b28c0c8330150a2342d6e05da7ed7218c7499c006e"
}
