COMMAND: python3 experiments/scale_trace/scripts/trace_result_json.py /home/aothuatgiadp/blockchain/project/CTLC-Implementation/experiments/scale_trace/runs/random_v1_86/D-_E_evm_fund_de_CTLCOnly_worst_claim/result.json /home/aothuatgiadp/blockchain/project/CTLC-Implementation/experiments/scale_trace/runs/random_v1_86/D-_E_evm_fund_de_CTLCOnly_worst_claim/trace.json
STATUS: 0

STDOUT:
{
  "graph_id": "",
  "pair": "D->E|evm|fund:de",
  "contract": "CTLCOnly",
  "scenario": "worst_claim",
  "contractAddress": "0xE3ade3903B5831B005F17Fa28a779CF8F5977BfB",
  "traces": {
    "deploy": {
      "tx_hash": "0x0534f544be93329b66b01dc53239d92e419db944a008f5511699d6b24ecee72f",
      "actual_calldata_bytes": 7123,
      "actual_sstore_count": 9,
      "actual_call_count": 0,
      "opcode_steps": 1374
    },
    "fund": {
      "tx_hash": "0x36bd1a9d0495800a1c1fde3829efc4f113a7626f215884efa10234dcf9b46c6c",
      "actual_calldata_bytes": 0,
      "actual_sstore_count": 0,
      "actual_call_count": 0,
      "opcode_steps": 13
    },
    "claim_level0": {
      "tx_hash": "0x7699e4e1349d15e4a1bee93c1aeebe48366efe9f2ba874b5d2312175c68cbec8",
      "actual_calldata_bytes": 292,
      "actual_sstore_count": 1,
      "actual_call_count": 1,
      "opcode_steps": 1134
    }
  }
}


STDERR:

