ganache v7.9.2 (@ganache/cli: 0.10.2, @ganache/core: 0.10.2)
Starting RPC server

Available Accounts
==================
(0) 0xc8f75CC539d92104c07aF7376b1010d82D3646d1 (1000 ETH)
(1) 0xC26D7AdbcD81Fa1FfE80d9806707D7640A330b42 (1000 ETH)
(2) 0x8f641CBf5E26296ddF894e1D65bb1a3f2C521774 (1000 ETH)
(3) 0x8f502C54c12CCC2eb4EDd583818407c963587c18 (1000 ETH)
(4) 0x362b42d7CA23AA6d957663285400228abCBD2A96 (1000 ETH)
(5) 0x0A13A17876D4d1d3797E5cF2b9D6DA55ccBbcef0 (1000 ETH)
(6) 0xA501258d021a466922311e11Ba24E33a24d4226d (1000 ETH)
(7) 0x616D757E66ef0c2d18f86C281ccfFA0431c57CAF (1000 ETH)
(8) 0x8A63ac27d9Ee5366D703cC95fd145F804880c8EA (1000 ETH)
(9) 0xeb9Bd26b5995fc62A3F9A5dcBB33a458aCbd455E (1000 ETH)

Private Keys
==================
(0) 0x206bd8d96ad69026289ea3e4b859e59ae2d37e59e42dd501139d4c3bdde45cac
(1) 0x754eaab5e7caf6b00976ec5894a661d8c8d4d93488b429091a243f74c7067bb5
(2) 0x571fda38d93b4e1047fa06bebb0187680386e414951aa246fce73ad960e09de2
(3) 0xa0122906e25252990686538d779bfcac406167d864fdd94390a48d225886686f
(4) 0xefa6737a065e76266a3de4073915496e1ab7e790ea8310c215e823f4b7c5075c
(5) 0xb005fa3722d7024b7eda627a5f79df350f0b1f53af56ab7ecd794de1617cbd9e
(6) 0xb61f726435d1f8927ef9bc9551cde337faf155eaa4263385bc43034e54611dd9
(7) 0x87db855ad9621a83c9c3ff57f0c9868f02780055966865d113e355b46d04aa37
(8) 0x577844e8178808fb3ad2e46d145da5ee26f8e981065f8e198e0a8b7b64e52040
(9) 0x5bab94cefb1bf290ec26b6dc2408548ef5be442e7b9ae64a8f7f22a1de591ba5

HD Wallet
==================
Mnemonic:      put stay fault pond believe debris crawl frown hat auto witness arch
Base HD Path:  m/44'/60'/0'/0/{account_index}

Default Gas Price
==================
2000000000

BlockGas Limit
==================
30000000

Call Gas Limit
==================
50000000

Chain
==================
Hardfork: shanghai
Id:       1337

RPC Listening on 127.0.0.1:8545
web3_clientVersion
eth_blockNumber
net_version
eth_accounts
eth_accounts
eth_blockNumber
net_version
eth_getBlockByNumber
eth_estimateGas
eth_getBlockByNumber
eth_gasPrice
eth_sendTransaction

  Transaction: 0xe0f5a17a0001dea6c00ab0e1fa8604ef4d00a0b085a5f3439c7ceb2e86b1683c
  Contract created: 0xcaca979d0584a6a34913ccee1faa79346bfbb86f
  Gas usage: 1239082
  Block number: 1
  Block time: Thu May 07 2026 21:30:58 GMT+0700 (Indochina Time)

eth_getTransactionReceipt
eth_getCode
eth_getTransactionReceipt
eth_getBlockByNumber
eth_gasPrice
eth_sendTransaction

  Transaction: 0x48d4307b4814bdc641f42d670fc13f9e1aaaa2f48428c637dd14282b97cdbb53
  Gas usage: 21055
  Block number: 2
  Block time: Thu May 07 2026 21:30:58 GMT+0700 (Indochina Time)

eth_getTransactionReceipt
eth_blockNumber
evm_mine
eth_blockNumber
evm_mine
eth_blockNumber
evm_mine
eth_blockNumber
evm_mine
eth_blockNumber
evm_mine
eth_blockNumber
net_version
eth_getBlockByNumber
eth_estimateGas
eth_getBlockByNumber
eth_gasPrice
eth_sendTransaction

  Transaction: 0x860f8218f3e2183d9fd4b6d11479d4036e10c02778dcf760d5edc2b064a21f4d
  Gas usage: 52947
  Block number: 8
  Block time: Thu May 07 2026 21:30:58 GMT+0700 (Indochina Time)

eth_getTransactionReceipt
net_version
eth_getBlockByNumber
eth_estimateGas
eth_getBlockByNumber
eth_gasPrice
eth_sendTransaction

  Transaction: 0xaff4ef90dd27e9203869118f70df896bebeaabb43ddee5af07f585503863d372
  Gas usage: 72886
  Block number: 9
  Block time: Thu May 07 2026 21:30:58 GMT+0700 (Indochina Time)

eth_getTransactionReceipt
eth_blockNumber
eth_getBalance
eth_getTransactionByHash
debug_traceTransaction
eth_getTransactionByHash
debug_traceTransaction
eth_getTransactionByHash
debug_traceTransaction
eth_getTransactionByHash
debug_traceTransaction

Received shutdown signal: SIGTERM
Shutting down…
Server has been shut down
