ganache v7.9.2 (@ganache/cli: 0.10.2, @ganache/core: 0.10.2)
Starting RPC server

Available Accounts
==================
(0) 0x1d3606CDA5CD2Aac5274B7a832656319CBE9589f (1000 ETH)
(1) 0x217F9EcD525109c4Fb94062B7792Dc34F01f0D84 (1000 ETH)
(2) 0x581e5b717242A2025b44D71a83F48eD6232E7c7a (1000 ETH)
(3) 0xe59C7088aE728cCE0Fe7c9343167B55956a46fc1 (1000 ETH)
(4) 0x97542fcbbF72C720190C1aC0dA5A3E6fC6d7aCB1 (1000 ETH)
(5) 0x3959b971F23fA86485EA204C4a84B01c403BF39f (1000 ETH)
(6) 0xD859EDBa1bC12C53960509cc902D2754fCb2752E (1000 ETH)
(7) 0x69e3065408A022e8A9B327DEcF8D95B0fE179300 (1000 ETH)
(8) 0x4956521D2a4a5A32daB2E634BB16504e70eF95eF (1000 ETH)
(9) 0xe10F646439848900aAF8d608797D338feB8a75a1 (1000 ETH)

Private Keys
==================
(0) 0x7e11fe23e7ebf58162d94a8b766ab25b78df03fdf1f1946b027822166b7ca273
(1) 0xfd171a9e447dd8934ebc74b472b2ae2dbcf43b94237c4e56ac05913049b02019
(2) 0x58fcb800b7c001a3cea1408e867fff29c3da1b002851c188d90e45f8d00f50c7
(3) 0xbe1f6e056c3b58c9628c1507aa4530f244810c98f15a62ed33f80d20451cb176
(4) 0xfb21c10458599a38267bdf83de97b5c8b6dd16b7576c9816e233522677909fc8
(5) 0xda49cadf6af242b4344ab21efe3d61d8d7d3bf40a978e27ef0cfcbcb88982861
(6) 0x20a8586e14d9b1b872e3ec4f5276a5339427c86a3ee5b00b69c0c8725d8ee667
(7) 0x62a2027d2761a19cacb3627a67b07002c28d6bd0348bdc5a6615481d3a523f5e
(8) 0x65da96120dd1c11cd6bea71fbc3928d287a0fb89e4cf24505e8586672a1d9bbb
(9) 0xc6168314c64faf5f75df57c8735932523d1cd9b6cad50f3897bcc7e57e1007d2

HD Wallet
==================
Mnemonic:      settle home mistake proof disorder promote pink upon harbor thing symbol client
Base HD Path:  m/44'/60'/0'/0/{account_index}

Default Gas Price
==================
2000000000

BlockGas Limit
==================
30000000

Call Gas Limit
==================
50000000

Chain
==================
Hardfork: shanghai
Id:       1337

RPC Listening on 127.0.0.1:8545
web3_clientVersion
eth_blockNumber
net_version
eth_accounts
eth_accounts
eth_blockNumber
net_version
eth_getBlockByNumber
eth_estimateGas
eth_getBlockByNumber
eth_gasPrice
eth_sendTransaction

  Transaction: 0x968908b5d6aeecde5afa63cf6a6f2b23752e331ada8ac4de68a20db53346b5c3
  Contract created: 0xa61c1648ee790d417636454254bcbfedefcfe003
  Gas usage: 1100987
  Block number: 1
  Block time: Fri May 08 2026 03:31:12 GMT+0700 (Indochina Time)

eth_getTransactionReceipt
eth_getCode
eth_getTransactionReceipt
eth_getBlockByNumber
eth_gasPrice
eth_sendTransaction

  Transaction: 0x42b2776ce2316bc5c22b6cddef42e26d80b63b8aa19510ab5c88ace52e23b6b3
  Gas usage: 21055
  Block number: 2
  Block time: Fri May 08 2026 03:31:12 GMT+0700 (Indochina Time)

eth_getTransactionReceipt
net_version
eth_getBlockByNumber
eth_estimateGas
eth_getBlockByNumber
eth_gasPrice
eth_sendTransaction

  Transaction: 0x1c22ad69a5d946bdc1abd4dacc46a638e4c9c2391ac21bcc3d5eb120fad31639
  Gas usage: 64620
  Block number: 3
  Block time: Fri May 08 2026 03:31:12 GMT+0700 (Indochina Time)

eth_getTransactionReceipt
eth_blockNumber
eth_getBalance
eth_getTransactionByHash
debug_traceTransaction
eth_getTransactionByHash
debug_traceTransaction
eth_getTransactionByHash
debug_traceTransaction

Received shutdown signal: SIGTERM
Shutting down…
Server has been shut down
