Using network 'development'.

{
  "ok": true,
  "graph_id": "",
  "pair": "C->A|evm|fund:ca",
  "pairKey": "C->A|evm|fund:ca",
  "contract": "CTLCOnly",
  "scenario": "best_claim",
  "deployGas": "0x10ccbb",
  "gasUsed": "64620",
  "disableGasUsed": "",
  "claimGasUsed": "64620",
  "refundGasUsed": "",
  "contractAddress": "0x033B8AfA2263e9886D74781C9149A710cf2313C6",
  "startBlock": "0",
  "endBlock": "3",
  "finalContractBalanceWei": "0",
  "deployer": "0xfdefc7D05379e6F16648Cc953d036b0a57Cb5c09",
  "party": "0xE8A8B44b3B0d365947427976C781386508f033a6",
  "counterparty": "0x6250CC0Acfdc35c936F69874A2a5EB990c5Db4c9",
  "fundingWei": "1000000000000000000",
  "timelocks": [
    6
  ],
  "transactions": [
    {
      "role": "deploy",
      "txHash": "0x9fab38ca80fca66a5740b9f742afa51a8bfdda106a4be2e61959c40ad6b45f3a"
    },
    {
      "role": "fund",
      "txHash": "0xa19dbeb0d40f40afb1260230bc2e161fc5cc3f8fc89b39272565de5f926960c0"
    },
    {
      "role": "claim",
      "txHash": "0x62000bdcead8808d577e78273ab0d870c885651179a9a60b768bee1fc1bd75c9",
      "level": 0,
      "option": 0
    }
  ],
  "txRoles": [
    {
      "role": "deploy",
      "txHash": "0x9fab38ca80fca66a5740b9f742afa51a8bfdda106a4be2e61959c40ad6b45f3a"
    },
    {
      "role": "fund",
      "txHash": "0xa19dbeb0d40f40afb1260230bc2e161fc5cc3f8fc89b39272565de5f926960c0"
    },
    {
      "role": "claim",
      "txHash": "0x62000bdcead8808d577e78273ab0d870c885651179a9a60b768bee1fc1bd75c9",
      "level": 0,
      "option": 0
    }
  ],
  "deployTxHash": "0x9fab38ca80fca66a5740b9f742afa51a8bfdda106a4be2e61959c40ad6b45f3a",
  "fundTxHash": "0xa19dbeb0d40f40afb1260230bc2e161fc5cc3f8fc89b39272565de5f926960c0",
  "claimTxHash": "0x62000bdcead8808d577e78273ab0d870c885651179a9a60b768bee1fc1bd75c9",
  "txHash": "0x62000bdcead8808d577e78273ab0d870c885651179a9a60b768bee1fc1bd75c9",
  "tx": "0x62000bdcead8808d577e78273ab0d870c885651179a9a60b768bee1fc1bd75c9"
}
