ganache v7.9.2 (@ganache/cli: 0.10.2, @ganache/core: 0.10.2)
Starting RPC server

Available Accounts
==================
(0) 0xfdefc7D05379e6F16648Cc953d036b0a57Cb5c09 (1000 ETH)
(1) 0x6250CC0Acfdc35c936F69874A2a5EB990c5Db4c9 (1000 ETH)
(2) 0x55DF2E4fd007359ec784e4eB078ad51e91426c69 (1000 ETH)
(3) 0xE8A8B44b3B0d365947427976C781386508f033a6 (1000 ETH)
(4) 0xFb6a0DC5c7281a06f5c11731d8eF9edCaccAC600 (1000 ETH)
(5) 0xdE7664EDD59aA832e96d9129594a25c04aE80A41 (1000 ETH)
(6) 0x4f7C2BAfCC235D7Ced5Fe49d1238e77Df2be7f48 (1000 ETH)
(7) 0xdA081B4661e297cf8f05F695e4d19343BcD438e5 (1000 ETH)
(8) 0x5e52315E573F0dFF32011F71917392BB69898347 (1000 ETH)
(9) 0x9216f03020709A6949E284948Fe46f0b8eC01864 (1000 ETH)

Private Keys
==================
(0) 0x2803059021176c658ea425d06e228fdaef7259e90886b3998da262fba034f4fe
(1) 0x5d46b622c4162165383b8d30af2ced6f0918ebc103f90a0961311db2beaf4a76
(2) 0x80ed3cd6afd2ba3b4969a6170dac2ede87628abb8899bf01e89df952be3dfd98
(3) 0xa0029f24e16edf4bb7b8af4e8353b542572992571afee9f0d64e14244fd72287
(4) 0xd4267b9c83a98596697c40fab47f0a685bd1cf84f827d970cbf31ef7a9bdc1fc
(5) 0x9bb348ea28a26896d095a9c0663a70bb58f76149991fe1a2d391d645b36b23f2
(6) 0xe2f72d611e8f7b4dc2039aae16ae05dbaa06670d8a0093e3c8d07b92e30e1d37
(7) 0xdeeb44431d48df304865322eb4b6f925d74322ccc4693c8ab437d64cdd147d7c
(8) 0xa49f88e88076fb8ab24730462ac3995969ee720275d075c25c2331ba0905147e
(9) 0xc4fce03daf39754311f1c163d6196a9bd2a685fee59dffbfe36d2a3ab39336e4

HD Wallet
==================
Mnemonic:      rare wedding south leave shallow noodle thumb elephant identify pride piece fork
Base HD Path:  m/44'/60'/0'/0/{account_index}

Default Gas Price
==================
2000000000

BlockGas Limit
==================
30000000

Call Gas Limit
==================
50000000

Chain
==================
Hardfork: shanghai
Id:       1337

RPC Listening on 127.0.0.1:8545
web3_clientVersion
eth_blockNumber
net_version
eth_accounts
eth_accounts
eth_blockNumber
net_version
eth_getBlockByNumber
eth_estimateGas
eth_getBlockByNumber
eth_gasPrice
eth_sendTransaction

  Transaction: 0x9fab38ca80fca66a5740b9f742afa51a8bfdda106a4be2e61959c40ad6b45f3a
  Contract created: 0x033b8afa2263e9886d74781c9149a710cf2313c6
  Gas usage: 1100987
  Block number: 1
  Block time: Fri May 08 2026 02:05:22 GMT+0700 (Indochina Time)

eth_getTransactionReceipt
eth_getCode
eth_getTransactionReceipt
eth_getBlockByNumber
eth_gasPrice
eth_sendTransaction

  Transaction: 0xa19dbeb0d40f40afb1260230bc2e161fc5cc3f8fc89b39272565de5f926960c0
  Gas usage: 21055
  Block number: 2
  Block time: Fri May 08 2026 02:05:22 GMT+0700 (Indochina Time)

eth_getTransactionReceipt
net_version
eth_getBlockByNumber
eth_estimateGas
eth_getBlockByNumber
eth_gasPrice
eth_sendTransaction

  Transaction: 0x62000bdcead8808d577e78273ab0d870c885651179a9a60b768bee1fc1bd75c9
  Gas usage: 64620
  Block number: 3
  Block time: Fri May 08 2026 02:05:22 GMT+0700 (Indochina Time)

eth_getTransactionReceipt
eth_blockNumber
eth_getBalance
eth_getTransactionByHash
debug_traceTransaction
eth_getTransactionByHash
debug_traceTransaction
eth_getTransactionByHash
debug_traceTransaction

Received shutdown signal: SIGTERM
Shutting down…
Server has been shut down
