ganache v7.9.2 (@ganache/cli: 0.10.2, @ganache/core: 0.10.2)
Starting RPC server

Available Accounts
==================
(0) 0x236d83a28E252B6ffbA21FeB9A666065BBd5AE82 (1000 ETH)
(1) 0x41be45075401467F9f34E50ae266B9bED56538Cb (1000 ETH)
(2) 0xe71259868FF6272A093213A138adAD7dC1804122 (1000 ETH)
(3) 0xFdCf1E345B07b97A853d7C8C59e929C1C7CD98d6 (1000 ETH)
(4) 0x3217Ca17d712904Afba23E21836bdC7f79b765b8 (1000 ETH)
(5) 0x55f6625D031745bA546D59697f9EfF3C70b1EB7b (1000 ETH)
(6) 0x7e3FF60C5fFAf07DB4e34ce00A7A756d11344542 (1000 ETH)
(7) 0xe45C26014C44007c95864dAd7B76cB53B0338fa6 (1000 ETH)
(8) 0x80B9ce3769D73d43C848ccdd10A4B2A63f808B54 (1000 ETH)
(9) 0xFD6076392CE64826309f123cdB27aC232E959025 (1000 ETH)

Private Keys
==================
(0) 0x13d1cc83a23281244e8b5a480346b01f3b07e221206b64946a093fd6d86716c2
(1) 0x5202a1db6ce5e93e31e551fafce6ab8e024083456e1ef4458f484edcd955badc
(2) 0x90fa0db874326860b2182d3c5deb9f18a52947fffa71b90a4eac6c246403a471
(3) 0xcaf83a96ba370a589310642975aec8b83fa7131de622fe2f1152f54158fe41d8
(4) 0xa9c1bf0c72bb5127bfe290efb55a864b1660350429bd11410a5d8fbb44750ebe
(5) 0xc741fbb471dbc1e9b337d8ff012eea721855f450f597d0499b4a1c8b0f57cc49
(6) 0xd6288f35218a39c022f2d22c3e1e6aaa3b899faaa6aa0b9085b03953adb9383e
(7) 0x8f7a138d622600abd0d2ee1a7b46233ee5af5f5a8a15c94cc2e2a6a3c9a0e845
(8) 0x453c7817c0db3601c2283a5167c8e10996c2eace580544f8d072397d70a456f5
(9) 0xa12a855fc10065deb1095566324a697aacec182f9638207ffb57aedfcb3d11cc

HD Wallet
==================
Mnemonic:      surge neither assault normal success build icon match congress tuition armed tornado
Base HD Path:  m/44'/60'/0'/0/{account_index}

Default Gas Price
==================
2000000000

BlockGas Limit
==================
30000000

Call Gas Limit
==================
50000000

Chain
==================
Hardfork: shanghai
Id:       1337

RPC Listening on 127.0.0.1:8545
web3_clientVersion
eth_blockNumber
net_version
eth_accounts
eth_accounts
eth_blockNumber
net_version
eth_getBlockByNumber
eth_estimateGas
eth_getBlockByNumber
eth_gasPrice
eth_sendTransaction

  Transaction: 0xf201f9271460aeec45619831901b67bb67cd547f8c5a4ce15eb074f7b5581a1f
  Contract created: 0xf2b5100ba912b9ba54b7c5eff9eed63ef9d29d50
  Gas usage: 1100987
  Block number: 1
  Block time: Thu May 07 2026 20:22:18 GMT+0700 (Indochina Time)

eth_getTransactionReceipt
eth_getCode
eth_getTransactionReceipt
eth_getBlockByNumber
eth_gasPrice
eth_sendTransaction

  Transaction: 0x2da301fd9ffc9f8fbea88b10a585d2f9dd56c92b767d8041d524027020c9240e
  Gas usage: 21055
  Block number: 2
  Block time: Thu May 07 2026 20:22:18 GMT+0700 (Indochina Time)

eth_getTransactionReceipt
eth_blockNumber
evm_mine
eth_blockNumber
evm_mine
eth_blockNumber
evm_mine
eth_blockNumber
evm_mine
eth_blockNumber
net_version
eth_getBlockByNumber
eth_estimateGas
eth_getBlockByNumber
eth_gasPrice
eth_sendTransaction

  Transaction: 0xb589be7dfbe18f50271940f172f962069a213247c034dae058b6315f1a91a63e
  Gas usage: 59561
  Block number: 7
  Block time: Thu May 07 2026 20:22:18 GMT+0700 (Indochina Time)

eth_getTransactionReceipt
eth_blockNumber
eth_getBalance
eth_getTransactionByHash
debug_traceTransaction
eth_getTransactionByHash
debug_traceTransaction
eth_getTransactionByHash
debug_traceTransaction

Received shutdown signal: SIGTERM
Shutting down…
Server has been shut down
