COMMAND: python3 experiments/scale_trace/scripts/trace_result_json.py /home/aothuatgiadp/blockchain/project/CTLC-Implementation/experiments/scale_trace/runs/random_v1_238/C-_D_evm_fund_cd_CTLCMultipleEdges_worst_claim/result.json /home/aothuatgiadp/blockchain/project/CTLC-Implementation/experiments/scale_trace/runs/random_v1_238/C-_D_evm_fund_cd_CTLCMultipleEdges_worst_claim/trace.json
STATUS: 0

STDOUT:
{
  "graph_id": "",
  "pair": "C->D|evm|fund:cd",
  "contract": "CTLCMultipleEdges",
  "scenario": "worst_claim",
  "contractAddress": "0x2F28ac3213377643b87D39DC12c5C4A18AF2065b",
  "traces": {
    "deploy": {
      "tx_hash": "0x4c6c9deb8b7a228182d3020941f18bd0c9f7941b742793dba6a8d2933f8485f5",
      "actual_calldata_bytes": 7945,
      "actual_sstore_count": 17,
      "actual_call_count": 0,
      "opcode_steps": 2512
    },
    "fund": {
      "tx_hash": "0xd399e4e64b32f08e9c8354eec91b8eb617975a39ea72216486f7bb5c71f4e508",
      "actual_calldata_bytes": 0,
      "actual_sstore_count": 0,
      "actual_call_count": 0,
      "opcode_steps": 13
    },
    "claim_level0": {
      "tx_hash": "0xe5c46b8a64b6d8f58ba3de5b0e3ddfd1897596ef9a8ca66332cd361278d3c606",
      "actual_calldata_bytes": 516,
      "actual_sstore_count": 1,
      "actual_call_count": 1,
      "opcode_steps": 1953
    }
  }
}


STDERR:

