Using network 'development'.

{
  "ok": true,
  "graph_id": "",
  "pair": "F->G|evm|fund:fg",
  "pairKey": "F->G|evm|fund:fg",
  "contract": "CTLCMultipleEdges",
  "scenario": "best_claim",
  "deployGas": "0x12e99a",
  "gasUsed": "71641",
  "disableGasUsed": "",
  "claimGasUsed": "71641",
  "refundGasUsed": "",
  "contractAddress": "0x23D465ec7D350589dE4FAc6967885de455F38486",
  "startBlock": "0",
  "endBlock": "3",
  "finalContractBalanceWei": "0",
  "deployer": "0x0B2C3437751f5CC142ee19b3cA8c20F16507409D",
  "party": "0xaBc3889946D1961996167B41912850711085138e",
  "counterparty": "0x067087eA26249eF97E57F7Ec80990589546863cF",
  "fundingWei": "1000000000000000000",
  "timelocks": [
    7
  ],
  "transactions": [
    {
      "role": "deploy",
      "txHash": "0x220fad7606751cbee59d39f818f743a57bc12d999ebabbccb7cac43da4a503b4"
    },
    {
      "role": "fund",
      "txHash": "0x677d1f1888fb945c7f4b1afbb9ec43b74b0c8d6bd0054d40a51137d57e970013"
    },
    {
      "role": "claim",
      "txHash": "0x65ec41f04e2c74e695d08ecff482a7569a0d468a9fe909a4b3aec790d882ed1c",
      "level": 0,
      "option": 0
    }
  ],
  "txRoles": [
    {
      "role": "deploy",
      "txHash": "0x220fad7606751cbee59d39f818f743a57bc12d999ebabbccb7cac43da4a503b4"
    },
    {
      "role": "fund",
      "txHash": "0x677d1f1888fb945c7f4b1afbb9ec43b74b0c8d6bd0054d40a51137d57e970013"
    },
    {
      "role": "claim",
      "txHash": "0x65ec41f04e2c74e695d08ecff482a7569a0d468a9fe909a4b3aec790d882ed1c",
      "level": 0,
      "option": 0
    }
  ],
  "deployTxHash": "0x220fad7606751cbee59d39f818f743a57bc12d999ebabbccb7cac43da4a503b4",
  "fundTxHash": "0x677d1f1888fb945c7f4b1afbb9ec43b74b0c8d6bd0054d40a51137d57e970013",
  "claimTxHash": "0x65ec41f04e2c74e695d08ecff482a7569a0d468a9fe909a4b3aec790d882ed1c",
  "txHash": "0x65ec41f04e2c74e695d08ecff482a7569a0d468a9fe909a4b3aec790d882ed1c",
  "tx": "0x65ec41f04e2c74e695d08ecff482a7569a0d468a9fe909a4b3aec790d882ed1c"
}
