COMMAND: python3 experiments/scale_trace/scripts/trace_result_json.py /home/aothuatgiadp/blockchain/project/CTLC-Implementation/experiments/scale_trace/runs/random_v1_299/B-_D_evm_fund_bd_CTLCOnly_refund/result.json /home/aothuatgiadp/blockchain/project/CTLC-Implementation/experiments/scale_trace/runs/random_v1_299/B-_D_evm_fund_bd_CTLCOnly_refund/trace.json
STATUS: 0

STDOUT:
{
  "graph_id": "",
  "pair": "B->D|evm|fund:bd",
  "contract": "CTLCOnly",
  "scenario": "refund",
  "contractAddress": "0x3e718c0df0aeDD81Be99b14CaE185a5404Ff643A",
  "traces": {
    "deploy": {
      "tx_hash": "0x7fcfc0b0905727bd9153bb2a2389b1f5742b28bfc9d6cf29a36dd9f88abb720b",
      "actual_calldata_bytes": 7155,
      "actual_sstore_count": 10,
      "actual_call_count": 0,
      "opcode_steps": 1462
    },
    "fund": {
      "tx_hash": "0xa035080bd8b67d3fb5c30f1f11b9e305f384f492d29af04aa695423f80036298",
      "actual_calldata_bytes": 0,
      "actual_sstore_count": 0,
      "actual_call_count": 0,
      "opcode_steps": 13
    },
    "refund_level0": {
      "tx_hash": "0x1f3548af2a2af32768df8829f3c37406dc797a044860804d7637c30e16db8aa2",
      "actual_calldata_bytes": 4,
      "actual_sstore_count": 1,
      "actual_call_count": 1,
      "opcode_steps": 229
    }
  }
}


STDERR:

