ganache v7.9.2 (@ganache/cli: 0.10.2, @ganache/core: 0.10.2)
Starting RPC server

Available Accounts
==================
(0) 0x5bBeF2D23E32834339eB275D327174F2F145E6a7 (1000 ETH)
(1) 0x9B501A88be49e0eA63Df54B1D5631EcfC66Df326 (1000 ETH)
(2) 0x96E118BCD5c9E660A3C7Dfe7a71151AAD4c347e0 (1000 ETH)
(3) 0x5b806F08C04fecA98234d358fdBB681E4B6e0d5f (1000 ETH)
(4) 0x9cd21b1614705Fb3E70d9821cdeE9D99E26e75Ac (1000 ETH)
(5) 0x669D27e29CE58B1d44c44A3e00c3Afa65Be22784 (1000 ETH)
(6) 0xD1CfE19A0d805aB57F2cA98f31e9c46C9aDBda31 (1000 ETH)
(7) 0x24Fb318B1bBb1585ee9972a09261729a5e0909F7 (1000 ETH)
(8) 0x5F34759300a536992Db70B2F1B21623905525d60 (1000 ETH)
(9) 0x8B04aa8f581142802F7d5582bebf25Fb3C8baF9B (1000 ETH)

Private Keys
==================
(0) 0xd42adf89e7faaab2cd7465aedfdb6b900b81ef660b62cbef8358edbc65142deb
(1) 0xc7f29562b1101ebb3b9bffc9d62be91bc20a50d8573d97dcc6bae04952021285
(2) 0x10465243fe100cea55736ebb8a5d40c7a676b4644c1490e1a7d3ac4bd2f977fc
(3) 0x38c80f39a86a4fd2271b03f4de6fd3c53950873e638baedc49adae0d0480f323
(4) 0x5780690e96e0fc25ab7257bbee695b192caf8f74b9bc7942fb6dfc50a88517e4
(5) 0x6c13252078378cd70c7db450d393a93d9c92628b33b17132001cc02478e8e665
(6) 0x202e1f3583f19c473de4c584cb71b29aec12ea26486317852fa30926788009fb
(7) 0xd53d46774f2ebb3f2abff9f7d1eed97d683d111618f4f349fb515f6d6a002bf7
(8) 0x540a3fcec39b34ea75ce495ffd05fc6e2616a4b599378a2974b5c93280572916
(9) 0x02759e675e1dddfa3bf84e2a5f9f5f46a467580e0a1d200d3444711512f1f0a6

HD Wallet
==================
Mnemonic:      name excite parade harbor gift whip oxygen green dog dragon leader frog
Base HD Path:  m/44'/60'/0'/0/{account_index}

Default Gas Price
==================
2000000000

BlockGas Limit
==================
30000000

Call Gas Limit
==================
50000000

Chain
==================
Hardfork: shanghai
Id:       1337

RPC Listening on 127.0.0.1:8545
web3_clientVersion
eth_blockNumber
net_version
eth_accounts
eth_accounts
eth_blockNumber
net_version
eth_getBlockByNumber
eth_estimateGas
eth_getBlockByNumber
eth_gasPrice
eth_sendTransaction

  Transaction: 0x3da6fbf6ba3c7d34a9085912d4ed634ef47e4fefb5802dac7197bca41534dea8
  Contract created: 0xc51636992b7b9477deb43f930488e6ecab9e993f
  Gas usage: 1193638
  Block number: 1
  Block time: Fri May 08 2026 02:41:32 GMT+0700 (Indochina Time)

eth_getTransactionReceipt
eth_getCode
eth_getTransactionReceipt
eth_getBlockByNumber
eth_gasPrice
eth_sendTransaction

  Transaction: 0x705e4ea19b27fec06d7459badbfa6bff3614cda14a397f09fb06929544e2cf45
  Gas usage: 21055
  Block number: 2
  Block time: Fri May 08 2026 02:41:32 GMT+0700 (Indochina Time)

eth_getTransactionReceipt
net_version
eth_getBlockByNumber
eth_estimateGas
eth_getBlockByNumber
eth_gasPrice
eth_sendTransaction

  Transaction: 0xc1f8746854a85365e16176c1ccb9097e69dc8eb0c58a043c6236a4d7a68f2203
  Gas usage: 67334
  Block number: 3
  Block time: Fri May 08 2026 02:41:32 GMT+0700 (Indochina Time)

eth_getTransactionReceipt
eth_blockNumber
eth_getBalance
eth_getTransactionByHash
debug_traceTransaction
eth_getTransactionByHash
debug_traceTransaction
eth_getTransactionByHash
debug_traceTransaction

Received shutdown signal: SIGTERM
Shutting down…
Server has been shut down
