COMMAND: python3 experiments/scale_trace/scripts/trace_result_json.py /home/aothuatgiadp/blockchain/project/CTLC-Implementation/experiments/scale_trace/runs/random_v1_168/D-_G_evm_fund_dg_CTLCOnly_best_claim/result.json /home/aothuatgiadp/blockchain/project/CTLC-Implementation/experiments/scale_trace/runs/random_v1_168/D-_G_evm_fund_dg_CTLCOnly_best_claim/trace.json
STATUS: 0

STDOUT:
{
  "graph_id": "",
  "pair": "D->G|evm|fund:dg",
  "contract": "CTLCOnly",
  "scenario": "best_claim",
  "contractAddress": "0x60DBff59A1c8A9C6A55b1Ecb4794ba5010cFB74d",
  "traces": {
    "deploy": {
      "tx_hash": "0x47a596523cecb3a68c43ae756d8a593dfd8a594cb5c78d88fb5cd4f02ee5cd22",
      "actual_calldata_bytes": 7123,
      "actual_sstore_count": 9,
      "actual_call_count": 0,
      "opcode_steps": 1374
    },
    "fund": {
      "tx_hash": "0x7b38d63089b304b321bd78d5b60a1660940c18a742f154205b3b8c56943ddab0",
      "actual_calldata_bytes": 0,
      "actual_sstore_count": 0,
      "actual_call_count": 0,
      "opcode_steps": 13
    },
    "claim_level0": {
      "tx_hash": "0x93e0b5b2ea0955c07985dc6c3fa5a58f035c8b4efd86c8236aaf1646f321749d",
      "actual_calldata_bytes": 292,
      "actual_sstore_count": 1,
      "actual_call_count": 1,
      "opcode_steps": 1134
    }
  }
}


STDERR:

