Using network 'development'.

{
  "ok": true,
  "graph_id": "",
  "pair": "D->G|evm|fund:dg",
  "pairKey": "D->G|evm|fund:dg",
  "contract": "CTLCOnly",
  "scenario": "refund",
  "deployGas": "0x11263b",
  "gasUsed": "59561",
  "disableGasUsed": "0",
  "claimGasUsed": "",
  "refundGasUsed": "59561",
  "contractAddress": "0x716bf60535ED613dd269fE417c3f68d95f99E2f4",
  "startBlock": "0",
  "endBlock": "8",
  "finalContractBalanceWei": "0",
  "deployer": "0x7deb3A5c665968d7a582D157517ec3c75a027Eaa",
  "party": "0xe254526FD06FED73d375c4C1fec49307c4335f66",
  "counterparty": "0xe3F5580AF32504d5aE55b3945f4C88AFE7C14Ad9",
  "fundingWei": "1000000000000000000",
  "timelocks": [
    7
  ],
  "transactions": [
    {
      "role": "deploy",
      "txHash": "0x6278e92fe4bfe3e3177091de47f23ff1cd108965d28db9154e29afc8416a9da1"
    },
    {
      "role": "fund",
      "txHash": "0x726eaed59abf0bdb9b7377389e70f21d33a12d1b28368ef0bee8df8269f0cbff"
    },
    {
      "role": "refund",
      "txHash": "0x0ab219a6dd5f1990a6e8dc7111e620d159504384006de18169986f864102c265",
      "level": 0
    }
  ],
  "txRoles": [
    {
      "role": "deploy",
      "txHash": "0x6278e92fe4bfe3e3177091de47f23ff1cd108965d28db9154e29afc8416a9da1"
    },
    {
      "role": "fund",
      "txHash": "0x726eaed59abf0bdb9b7377389e70f21d33a12d1b28368ef0bee8df8269f0cbff"
    },
    {
      "role": "refund",
      "txHash": "0x0ab219a6dd5f1990a6e8dc7111e620d159504384006de18169986f864102c265",
      "level": 0
    }
  ],
  "deployTxHash": "0x6278e92fe4bfe3e3177091de47f23ff1cd108965d28db9154e29afc8416a9da1",
  "fundTxHash": "0x726eaed59abf0bdb9b7377389e70f21d33a12d1b28368ef0bee8df8269f0cbff",
  "refundTxHash": "0x0ab219a6dd5f1990a6e8dc7111e620d159504384006de18169986f864102c265",
  "refundTx": "0x0ab219a6dd5f1990a6e8dc7111e620d159504384006de18169986f864102c265"
}
