COMMAND: python3 experiments/scale_trace/scripts/trace_result_json.py /home/aothuatgiadp/blockchain/project/CTLC-Implementation/experiments/scale_trace/runs/random_v1_283/C-_E_evm_fund_ce_CTLCOnly_worst_claim/result.json /home/aothuatgiadp/blockchain/project/CTLC-Implementation/experiments/scale_trace/runs/random_v1_283/C-_E_evm_fund_ce_CTLCOnly_worst_claim/trace.json
STATUS: 0

STDOUT:
{
  "graph_id": "",
  "pair": "C->E|evm|fund:ce",
  "contract": "CTLCOnly",
  "scenario": "worst_claim",
  "contractAddress": "0xd50cbf97280672495C6EEE0f698be50eecDeBEFa",
  "traces": {
    "deploy": {
      "tx_hash": "0xf5c194ca99eff29c4aa68ecf8795ed5328502600b4ec8e32f4ecad4058661157",
      "actual_calldata_bytes": 7155,
      "actual_sstore_count": 10,
      "actual_call_count": 0,
      "opcode_steps": 1462
    },
    "fund": {
      "tx_hash": "0xf47f42aca83f6c33ef653f1c4ed7da934292e7f9240be34f3c35d4d9f389bf5b",
      "actual_calldata_bytes": 0,
      "actual_sstore_count": 0,
      "actual_call_count": 0,
      "opcode_steps": 13
    },
    "claim_level0": {
      "tx_hash": "0x8fff9cdf8a7a4b472e1f0efadbbae256f4a6704e53ac58adfca6a9c943ab8d63",
      "actual_calldata_bytes": 388,
      "actual_sstore_count": 1,
      "actual_call_count": 1,
      "opcode_steps": 1475
    }
  }
}


STDERR:

