ganache v7.9.2 (@ganache/cli: 0.10.2, @ganache/core: 0.10.2)
Starting RPC server

Available Accounts
==================
(0) 0x98488985FC702E7FaA901B19453229aA79b36A3e (1000 ETH)
(1) 0x7cE3ad0C7e6788a7cF8fc5e87D0908407922CF26 (1000 ETH)
(2) 0x3c2a60485F6cD95176DeE0A3c868cEA114DB8975 (1000 ETH)
(3) 0xec41518D13cF2F0302eD5A30Ae577a0E6BB3E9c6 (1000 ETH)
(4) 0x5870870E6641995587E70E722c3bD40D4C411E5b (1000 ETH)
(5) 0x2028B90888529C6Ba269673a18bfA6b77C501baF (1000 ETH)
(6) 0xE2746707AF62917c3e09a091D9077c3B9e7c8D87 (1000 ETH)
(7) 0xA6Bb91cA45C24951de058b017651FA511c3D526B (1000 ETH)
(8) 0x5F05E5E71235eB589CC0584Ce22A45B37cAf3Af3 (1000 ETH)
(9) 0xa442d63A8cbc3E1E8458f37a95D6174859e59e43 (1000 ETH)

Private Keys
==================
(0) 0xe545551e518c6a4c637e4aa0c2fee1c3514e57cd836ffaf36f74eb1511766ff6
(1) 0x7a686161a8b60605cf08bcd564cd5d9abeb86bfccdd0f3aec6c42866c8cd4297
(2) 0x7f7f755911a211d6f17dba37712f929a10c313e74e8c3e01f1aac5cde8f1e54b
(3) 0xc68be8c1b6be2facc6f6e12858bbf86cf4393a557e05ae16fb201a53078744ad
(4) 0xb6f4e4ac199a7fd904558e125233feca09e436657df81d842b87b00e11fdf4ea
(5) 0x90247f45940a290e2ca4def56142aa02c06e9ddfe3f52e48a7ca3ba9c4c9ef35
(6) 0xc4ab914dfb57c9fac9a7a51e2263c0129a2571cd74bbf1522328afb47b8d0d97
(7) 0x69bed7682bdefe0134652a1722ef6dee292e8b8516d122f9191b821fd1db8f66
(8) 0x91d37620bb2be2201e4453e9541da1cfb128a497a997ece0c63f5ae4c4b4e1d2
(9) 0x086fc2c9b12baa6d936a5b9116f4a66c158e9b918c1a29f629b510ac290e8e5a

HD Wallet
==================
Mnemonic:      hold pizza sentence awful curious success clump defy deer ramp bring glimpse
Base HD Path:  m/44'/60'/0'/0/{account_index}

Default Gas Price
==================
2000000000

BlockGas Limit
==================
30000000

Call Gas Limit
==================
50000000

Chain
==================
Hardfork: shanghai
Id:       1337

RPC Listening on 127.0.0.1:8545
web3_clientVersion
eth_blockNumber
net_version
eth_accounts
eth_accounts
eth_blockNumber
net_version
eth_getBlockByNumber
eth_estimateGas
eth_getBlockByNumber
eth_gasPrice
eth_sendTransaction

  Transaction: 0xd73b906635fc4812b4796ac703d2d259fdde7ceb12c4d20d34df6d842e648e8a
  Contract created: 0x4e4ef20f35d1f1c0f3b1104bb7fb38d188f17b19
  Gas usage: 1100987
  Block number: 1
  Block time: Thu May 07 2026 21:59:10 GMT+0700 (Indochina Time)

eth_getTransactionReceipt
eth_getCode
eth_getTransactionReceipt
eth_getBlockByNumber
eth_gasPrice
eth_sendTransaction

  Transaction: 0x496e9d77525c628889647a9a181fd6c4cc107cf8e71b925e4e919f4c7a1874d1
  Gas usage: 21055
  Block number: 2
  Block time: Thu May 07 2026 21:59:10 GMT+0700 (Indochina Time)

eth_getTransactionReceipt
net_version
eth_getBlockByNumber
eth_estimateGas
eth_getBlockByNumber
eth_gasPrice
eth_sendTransaction

  Transaction: 0xaf21ea4d3bb5bba6befda90e7b160f50cbf5caa41b29524e9dbc4142a5b2c3fd
  Gas usage: 64620
  Block number: 3
  Block time: Thu May 07 2026 21:59:10 GMT+0700 (Indochina Time)

eth_getTransactionReceipt
eth_blockNumber
eth_getBalance
eth_getTransactionByHash
debug_traceTransaction
eth_getTransactionByHash
debug_traceTransaction
eth_getTransactionByHash
debug_traceTransaction

Received shutdown signal: SIGTERM
Shutting down…
Server has been shut down
