Using network 'development'.

{
  "ok": true,
  "graph_id": "",
  "pair": "C->D|evm|fund:cd",
  "pairKey": "C->D|evm|fund:cd",
  "contract": "CTLCMultipleEdges",
  "scenario": "refund",
  "deployGas": "0x166c90",
  "gasUsed": "59539",
  "disableGasUsed": "0",
  "claimGasUsed": "",
  "refundGasUsed": "59539",
  "contractAddress": "0x0113fB68dE11561b6A8d40fF6CB7F1380A1909fd",
  "startBlock": "0",
  "endBlock": "9",
  "finalContractBalanceWei": "0",
  "deployer": "0x3d0526E67Bb9B60C2a2069a71cdc7Df9f6761597",
  "party": "0x0d983132fABeC33b8E8216B67B5c2E164EF48D52",
  "counterparty": "0xBF0167a0cd9ae08D2552A6Ba2049648f27c89f4D",
  "fundingWei": "1000000000000000000",
  "timelocks": [
    8
  ],
  "transactions": [
    {
      "role": "deploy",
      "txHash": "0x4d81fff0c0ff177cfe0c2d4957963f5d60e7f1e2aea9a0f3203a3d648a0708ce"
    },
    {
      "role": "fund",
      "txHash": "0xe5a316cb641b2bc1ea439a8f67cfc98eca4478285ced5a9d95172872448121ce"
    },
    {
      "role": "refund",
      "txHash": "0x144a4888d4c5d215c15d347958771f73e81383193c2a13462eae141a38d89874",
      "level": 0
    }
  ],
  "txRoles": [
    {
      "role": "deploy",
      "txHash": "0x4d81fff0c0ff177cfe0c2d4957963f5d60e7f1e2aea9a0f3203a3d648a0708ce"
    },
    {
      "role": "fund",
      "txHash": "0xe5a316cb641b2bc1ea439a8f67cfc98eca4478285ced5a9d95172872448121ce"
    },
    {
      "role": "refund",
      "txHash": "0x144a4888d4c5d215c15d347958771f73e81383193c2a13462eae141a38d89874",
      "level": 0
    }
  ],
  "deployTxHash": "0x4d81fff0c0ff177cfe0c2d4957963f5d60e7f1e2aea9a0f3203a3d648a0708ce",
  "fundTxHash": "0xe5a316cb641b2bc1ea439a8f67cfc98eca4478285ced5a9d95172872448121ce",
  "refundTxHash": "0x144a4888d4c5d215c15d347958771f73e81383193c2a13462eae141a38d89874",
  "refundTx": "0x144a4888d4c5d215c15d347958771f73e81383193c2a13462eae141a38d89874"
}
