Using network 'development'.

{
  "ok": true,
  "graph_id": "",
  "pair": "D->E|evm|fund:de",
  "pairKey": "D->E|evm|fund:de",
  "contract": "CTLCMultipleEdges",
  "scenario": "best_claim",
  "deployGas": "0x28ad8d",
  "gasUsed": "80267",
  "disableGasUsed": "",
  "claimGasUsed": "80267",
  "refundGasUsed": "",
  "contractAddress": "0xa550dEbf2b47a4EeEc862b6ff16bB108899cf199",
  "startBlock": "0",
  "endBlock": "3",
  "finalContractBalanceWei": "0",
  "deployer": "0xcD2f260741Bc41e539d3cb68b9CDa87584aF6E53",
  "party": "0xF0382ea1fEC61F758f6BdA88df05838C140a506D",
  "counterparty": "0xcD3bC6Cfae4c12e65D2eE43793Ec99dE2DFe2116",
  "fundingWei": "1000000000000000000",
  "timelocks": [
    9,
    10
  ],
  "transactions": [
    {
      "role": "deploy",
      "txHash": "0x5150b182f26e9d9d44bba7b8a4f67b874aeca192efbf4751e6ab187208e81935"
    },
    {
      "role": "fund",
      "txHash": "0x0790e8bccd1a9661a8b95f30102b01ac90f18b6ab1fbbfa1b237367fe3992dca"
    },
    {
      "role": "claim",
      "txHash": "0x751a30fd18545e02cfc1ff75f5906e51fa8d953fc22fc1a15f8e03fb57bbfe41",
      "level": 0,
      "option": 0
    }
  ],
  "txRoles": [
    {
      "role": "deploy",
      "txHash": "0x5150b182f26e9d9d44bba7b8a4f67b874aeca192efbf4751e6ab187208e81935"
    },
    {
      "role": "fund",
      "txHash": "0x0790e8bccd1a9661a8b95f30102b01ac90f18b6ab1fbbfa1b237367fe3992dca"
    },
    {
      "role": "claim",
      "txHash": "0x751a30fd18545e02cfc1ff75f5906e51fa8d953fc22fc1a15f8e03fb57bbfe41",
      "level": 0,
      "option": 0
    }
  ],
  "deployTxHash": "0x5150b182f26e9d9d44bba7b8a4f67b874aeca192efbf4751e6ab187208e81935",
  "fundTxHash": "0x0790e8bccd1a9661a8b95f30102b01ac90f18b6ab1fbbfa1b237367fe3992dca",
  "claimTxHash": "0x751a30fd18545e02cfc1ff75f5906e51fa8d953fc22fc1a15f8e03fb57bbfe41",
  "txHash": "0x751a30fd18545e02cfc1ff75f5906e51fa8d953fc22fc1a15f8e03fb57bbfe41",
  "tx": "0x751a30fd18545e02cfc1ff75f5906e51fa8d953fc22fc1a15f8e03fb57bbfe41"
}
