ganache v7.9.2 (@ganache/cli: 0.10.2, @ganache/core: 0.10.2)
Starting RPC server

Available Accounts
==================
(0) 0x33b3dA261163D951a7b7fb1b30665b6ef5C37F94 (1000 ETH)
(1) 0xf563A7358692e7aE6C17259c78FDc6628cC17faF (1000 ETH)
(2) 0x8AC865E81916A204DdE407E20caa4F1181E09fd2 (1000 ETH)
(3) 0x46E3618890F692999290d66bb4a9dF75711314dB (1000 ETH)
(4) 0x17c4081bf6986CaEA44a8667b723e84B77dcE2aB (1000 ETH)
(5) 0xFf7ad8e1CD9bD4a813659dE0Ae3f4F7549e1DE81 (1000 ETH)
(6) 0x8404a697018220EaD135aA16483d2724AC3A66A5 (1000 ETH)
(7) 0x30d5091BB90E64D51F14F331ECF72a612393fB81 (1000 ETH)
(8) 0x16869C840ea0E2323cb5C558E2B587E3C4B49670 (1000 ETH)
(9) 0x4A45759D9de5eb7D6Eb0cbCF64165BAA046A8BC7 (1000 ETH)

Private Keys
==================
(0) 0xe6b396a9ce173fa17270bc7083896289f58d78482ac91cf006794828c3fa23f5
(1) 0x08b8289f926b8cc0be64003f4f3af27e11fc001df6b09def88c2132782859f6c
(2) 0x2ebb8f0e9c4c6a0a8d42091facae3ed7a02685a54bbc35f4c7cf38c513ad0077
(3) 0x8116991ed18a5a20f705913ffd7668e66734a76d0d3b94a6a073beb47c379d54
(4) 0xd1e358673da7aee75e10d14bbd519ab1c6bc455892f0228fe3e4c34509c9249b
(5) 0xb1e0a5c8f4d5fc0dccc5b56314f04f24c004308d63d8dab6b97cff104e5a6261
(6) 0xfe1c206d44e3b543f5e2b67a43074b2574e43f4eb01c9d50330294496beb38de
(7) 0x11f2083877cf5591abee19a8d07c34bcfe8228ba193241a3a935bc260c468255
(8) 0xd10e41cf93965144261fd3ddd394d710f55d48d5e71fe7ea0610c176fe168c75
(9) 0xc9524697f94b81c72d834097ac341c868a16833c194613da1e83343a0e8b98bb

HD Wallet
==================
Mnemonic:      hammer horror hip advance sleep clerk damp force wrong globe front spy
Base HD Path:  m/44'/60'/0'/0/{account_index}

Default Gas Price
==================
2000000000

BlockGas Limit
==================
30000000

Call Gas Limit
==================
50000000

Chain
==================
Hardfork: shanghai
Id:       1337

RPC Listening on 127.0.0.1:8545
web3_clientVersion
eth_blockNumber
net_version
eth_accounts
eth_accounts
eth_blockNumber
net_version
eth_getBlockByNumber
eth_estimateGas
eth_getBlockByNumber
eth_gasPrice
eth_sendTransaction

  Transaction: 0xf8beedde91dc127cd464a6fa0171d33e8d1d27a7df9ea0dccaecdeaa0284b969
  Contract created: 0xa8ac68e8e6a812a4aa6e17fab79c4171e086d026
  Gas usage: 1561867
  Block number: 1
  Block time: Fri May 08 2026 03:24:27 GMT+0700 (Indochina Time)

eth_getTransactionReceipt
eth_getCode
eth_getTransactionReceipt
eth_getBlockByNumber
eth_gasPrice
eth_sendTransaction

  Transaction: 0x36caf1c528c9ebb47f26e39f216f6c2f4347c76b9cdf03f2c77b47ea7f4ccde9
  Gas usage: 21055
  Block number: 2
  Block time: Fri May 08 2026 03:24:27 GMT+0700 (Indochina Time)

eth_getTransactionReceipt
eth_blockNumber
evm_mine
eth_blockNumber
evm_mine
eth_blockNumber
evm_mine
eth_blockNumber
evm_mine
eth_blockNumber
evm_mine
eth_blockNumber
evm_mine
eth_blockNumber
net_version
eth_getBlockByNumber
eth_estimateGas
eth_getBlockByNumber
eth_gasPrice
eth_sendTransaction

  Transaction: 0xb51e709063fcb8f1922e4232886bb9d06e91de45b0a3bde55ae116e0ffcae718
  Gas usage: 52925
  Block number: 9
  Block time: Fri May 08 2026 03:24:27 GMT+0700 (Indochina Time)

eth_getTransactionReceipt
net_version
eth_getBlockByNumber
eth_estimateGas
eth_getBlockByNumber
eth_gasPrice
eth_sendTransaction

  Transaction: 0x3834b617f1a26cfd4c8600d7912843370899f09f41bd25e74f61d1f8d05875d5
  Gas usage: 80279
  Block number: 10
  Block time: Fri May 08 2026 03:24:27 GMT+0700 (Indochina Time)

eth_getTransactionReceipt
eth_blockNumber
eth_getBalance
eth_getTransactionByHash
debug_traceTransaction
eth_getTransactionByHash
debug_traceTransaction
eth_getTransactionByHash
debug_traceTransaction
eth_getTransactionByHash
debug_traceTransaction

Received shutdown signal: SIGTERM
Shutting down…
Server has been shut down
