Using network 'development'.

{
  "ok": true,
  "graph_id": "",
  "pair": "B->C|evm|fund:bc",
  "pairKey": "B->C|evm|fund:bc",
  "contract": "CTLCMultipleEdges",
  "scenario": "best_claim",
  "deployGas": "0x1cc227",
  "gasUsed": "71641",
  "disableGasUsed": "",
  "claimGasUsed": "71641",
  "refundGasUsed": "",
  "contractAddress": "0xE347b5046709b75A9d02ea708C6EF06660600200",
  "startBlock": "0",
  "endBlock": "3",
  "finalContractBalanceWei": "0",
  "deployer": "0xBc24612328d1Dd3f3B4ea442907EDA1a2fB2d245",
  "party": "0x18664Eb5854Dd93dC587e62384F29B9491AC5A7d",
  "counterparty": "0x3076CA02dEDBD48d98f26C0b9Ed732215fEd4245",
  "fundingWei": "1000000000000000000",
  "timelocks": [
    7,
    9
  ],
  "transactions": [
    {
      "role": "deploy",
      "txHash": "0x8fb979e7359523c03bc2c14d08aad45725327a8124b939407bb923f1c6acb15f"
    },
    {
      "role": "fund",
      "txHash": "0xef0230b4d9f4912fa55600abd9d31161687c24e2e30f18bc79bdf5683ca7f5d5"
    },
    {
      "role": "claim",
      "txHash": "0x3e7b4e5d201caa47fdce9390b64c38edcc81a6a40b67f81cb7717fadd923c986",
      "level": 0,
      "option": 0
    }
  ],
  "txRoles": [
    {
      "role": "deploy",
      "txHash": "0x8fb979e7359523c03bc2c14d08aad45725327a8124b939407bb923f1c6acb15f"
    },
    {
      "role": "fund",
      "txHash": "0xef0230b4d9f4912fa55600abd9d31161687c24e2e30f18bc79bdf5683ca7f5d5"
    },
    {
      "role": "claim",
      "txHash": "0x3e7b4e5d201caa47fdce9390b64c38edcc81a6a40b67f81cb7717fadd923c986",
      "level": 0,
      "option": 0
    }
  ],
  "deployTxHash": "0x8fb979e7359523c03bc2c14d08aad45725327a8124b939407bb923f1c6acb15f",
  "fundTxHash": "0xef0230b4d9f4912fa55600abd9d31161687c24e2e30f18bc79bdf5683ca7f5d5",
  "claimTxHash": "0x3e7b4e5d201caa47fdce9390b64c38edcc81a6a40b67f81cb7717fadd923c986",
  "txHash": "0x3e7b4e5d201caa47fdce9390b64c38edcc81a6a40b67f81cb7717fadd923c986",
  "tx": "0x3e7b4e5d201caa47fdce9390b64c38edcc81a6a40b67f81cb7717fadd923c986"
}
