COMMAND: python3 experiments/scale_trace/scripts/trace_result_json.py /home/aothuatgiadp/blockchain/project/CTLC-Implementation/experiments/scale_trace/runs/random_v1_79/G-_A_evm_fund_ga_CTLCOnly_refund/result.json /home/aothuatgiadp/blockchain/project/CTLC-Implementation/experiments/scale_trace/runs/random_v1_79/G-_A_evm_fund_ga_CTLCOnly_refund/trace.json
STATUS: 0

STDOUT:
{
  "graph_id": "",
  "pair": "G->A|evm|fund:ga",
  "contract": "CTLCOnly",
  "scenario": "refund",
  "contractAddress": "0x4110b02a5250b06476c3C1F5a647a2d18898b286",
  "traces": {
    "deploy": {
      "tx_hash": "0x66a61cf58c7ff0645ac65af36138d2744c8830f7b384f470be7a5811e3c27d3a",
      "actual_calldata_bytes": 7091,
      "actual_sstore_count": 8,
      "actual_call_count": 0,
      "opcode_steps": 1286
    },
    "fund": {
      "tx_hash": "0x3e654527d908ed020bc8b5a869f5ee225cfacb7dc5bbb476a9b02e9e7fa3e173",
      "actual_calldata_bytes": 0,
      "actual_sstore_count": 0,
      "actual_call_count": 0,
      "opcode_steps": 13
    },
    "refund_level0": {
      "tx_hash": "0x63a024a4e521abaea803148755458927388354a4f569830a17f0abb84a9d94b9",
      "actual_calldata_bytes": 4,
      "actual_sstore_count": 1,
      "actual_call_count": 1,
      "opcode_steps": 229
    }
  }
}


STDERR:

