COMMAND: python3 experiments/scale_trace/scripts/trace_result_json.py /home/aothuatgiadp/blockchain/project/CTLC-Implementation/experiments/scale_trace/runs/random_v1_259/D-_E_evm_fund_de_CTLCMultipleEdges_best_claim/result.json /home/aothuatgiadp/blockchain/project/CTLC-Implementation/experiments/scale_trace/runs/random_v1_259/D-_E_evm_fund_de_CTLCMultipleEdges_best_claim/trace.json
STATUS: 0

STDOUT:
{
  "graph_id": "",
  "pair": "D->E|evm|fund:de",
  "contract": "CTLCMultipleEdges",
  "scenario": "best_claim",
  "contractAddress": "0xD0c21ce0aE4e984e69364ef1d7B519034b6a15B2",
  "traces": {
    "deploy": {
      "tx_hash": "0xc5250d5d8e3a2f6dc67b44f99096a8cec976e0a32f6c1ba04427a21ed76e05c8",
      "actual_calldata_bytes": 8521,
      "actual_sstore_count": 32,
      "actual_call_count": 0,
      "opcode_steps": 4483
    },
    "fund": {
      "tx_hash": "0xe2b2caf8205b51596a790151b13bd79e63aeeed05d0f280b9822332f4881a11a",
      "actual_calldata_bytes": 0,
      "actual_sstore_count": 0,
      "actual_call_count": 0,
      "opcode_steps": 13
    },
    "claim_level0": {
      "tx_hash": "0x3a9aeab9c90d9ad87b848456a5752cac28c1aff5647ced1750097fbdab0470eb",
      "actual_calldata_bytes": 516,
      "actual_sstore_count": 1,
      "actual_call_count": 1,
      "opcode_steps": 1953
    }
  }
}


STDERR:

