ganache v7.9.2 (@ganache/cli: 0.10.2, @ganache/core: 0.10.2)
Starting RPC server

Available Accounts
==================
(0) 0xA0cCC612C99f648fcA3A07613cA38A327F854957 (1000 ETH)
(1) 0xa59A9143faf37f8Bf719c0C9526339C0b81F3090 (1000 ETH)
(2) 0xE8265A34227402d3E360c5B03e5B4F8C36837C97 (1000 ETH)
(3) 0x364c8cC36602a0D83Fab40C953298fa437d14C45 (1000 ETH)
(4) 0xDdF5eC09A72Fb95DA4a7950668DfEf1C5FCD563A (1000 ETH)
(5) 0x322C14a28E97c15F7B47a606c43fe47fF8b3C5f7 (1000 ETH)
(6) 0x80E434fA32e08df6508Caeaeead56683399c8aBA (1000 ETH)
(7) 0x511A04e1956cEC78e62bC5a4859717F73C19921E (1000 ETH)
(8) 0x1c3AC1568f0aE6De13bA79d9f89316baf6F9bb9f (1000 ETH)
(9) 0x4D8429dF707a974E72DF360Ce03b3bb64b33B953 (1000 ETH)

Private Keys
==================
(0) 0x1ce116d4ceecbd914b59325bb1037f3b1b3695e0123b330ac9de6f9cc3931e34
(1) 0x31a1a955ea7b46a07f5fdf95361e6171177e9964ccce54e77480799d8c5dc26b
(2) 0x6b9d079994b9a7334da53761f00519b8c07740b101fb74680172b6ad66fe13b5
(3) 0x67cf3a9ed72077cdd76f282665829d4c37c2c2a1a52db34be1dd69d6cff1e37b
(4) 0x3452c7ed61b99c253bbfc9bd669a60e3097c868df37e0f09ed16c2179603b324
(5) 0xc922dc36103e15295e0ffe8d904aff4d7953dd7be077e6d0942d3bca5036f915
(6) 0x4d37407113fbdd79a79b5e09e8c7b3d24eda45c2f3dfeea40dc8602894438953
(7) 0x141bb8cd9249c1c09a46b05a1b70cc412271d9ed61cd307b027bc23cea05afdc
(8) 0x5e7ce6524296d4b75b32c1baf38db127067d68601b91a43de49b87887950a02f
(9) 0x5259ac51014f27277938e50482bbc310aaad4276f45b39be39ae55e0e7c34b68

HD Wallet
==================
Mnemonic:      scout biology adult about review scout burger edge cluster focus audit display
Base HD Path:  m/44'/60'/0'/0/{account_index}

Default Gas Price
==================
2000000000

BlockGas Limit
==================
30000000

Call Gas Limit
==================
50000000

Chain
==================
Hardfork: shanghai
Id:       1337

RPC Listening on 127.0.0.1:8545
web3_clientVersion
eth_blockNumber
net_version
eth_accounts
eth_accounts
eth_blockNumber
net_version
eth_getBlockByNumber
eth_estimateGas
eth_getBlockByNumber
eth_gasPrice
eth_sendTransaction

  Transaction: 0x920d6e335408a2d9c03b5af5712da04d17395443fe26abc053b009b2297d30fb
  Contract created: 0x1129a84b49b3df06ae5ff67c01a991096dbd0914
  Gas usage: 1330718
  Block number: 1
  Block time: Fri May 08 2026 01:38:22 GMT+0700 (Indochina Time)

eth_getTransactionReceipt
eth_getCode
eth_getTransactionReceipt
eth_getBlockByNumber
eth_gasPrice
eth_sendTransaction

  Transaction: 0x32b6e3af9ba9b197b4668b6ef1497f489316bf754f6bde8a90edfcb1f2f9ead6
  Gas usage: 21055
  Block number: 2
  Block time: Fri May 08 2026 01:38:22 GMT+0700 (Indochina Time)

eth_getTransactionReceipt
eth_blockNumber
evm_mine
eth_blockNumber
evm_mine
eth_blockNumber
evm_mine
eth_blockNumber
evm_mine
eth_blockNumber
evm_mine
eth_blockNumber
evm_mine
eth_blockNumber
evm_mine
eth_blockNumber
net_version
eth_getBlockByNumber
eth_estimateGas
eth_getBlockByNumber
eth_gasPrice
eth_sendTransaction

  Transaction: 0x742442d30b7425725aabe91d341363ba1724f07c954ced1b8a6b8a9d22f6c2cb
  Gas usage: 52947
  Block number: 10
  Block time: Fri May 08 2026 01:38:22 GMT+0700 (Indochina Time)

eth_getTransactionReceipt
net_version
eth_getBlockByNumber
eth_estimateGas
eth_getBlockByNumber
eth_gasPrice
eth_sendTransaction

  Transaction: 0x1fc21edd17d15bf7423fb389df5260baa11a3b8a504c83b9fb0e314bd7e16b28
  Gas usage: 81176
  Block number: 11
  Block time: Fri May 08 2026 01:38:22 GMT+0700 (Indochina Time)

eth_getTransactionReceipt
eth_blockNumber
eth_getBalance
eth_getTransactionByHash
debug_traceTransaction
eth_getTransactionByHash
debug_traceTransaction
eth_getTransactionByHash
debug_traceTransaction
eth_getTransactionByHash
debug_traceTransaction

Received shutdown signal: SIGTERM
Shutting down…
Server has been shut down
