ganache v7.9.2 (@ganache/cli: 0.10.2, @ganache/core: 0.10.2)
Starting RPC server

Available Accounts
==================
(0) 0x85629F53237531a7B84677cD00b4Ef3C62d36eFd (1000 ETH)
(1) 0xb91E4A3e76f105b0fC8f59B80BC6Da8d00717bdF (1000 ETH)
(2) 0x666A76AE89fFD2422Df9fC02A2A43706603BD682 (1000 ETH)
(3) 0x416b81AA9921afC241E6Cca869886506E51e1f5d (1000 ETH)
(4) 0xd75CFB12420e93A0A112CE9Df5c61ed11eAa1F65 (1000 ETH)
(5) 0x0206883bF43a5A125aD83B67172683F9b592f66b (1000 ETH)
(6) 0x42f49700220976978f9873769eb0B53Db35B5758 (1000 ETH)
(7) 0x7f54E9207bff1e2AdBc0a36a18BaC0ab22eb32FD (1000 ETH)
(8) 0xa6e0ca346618F138AFAC5dFF78E0Cd12d210917D (1000 ETH)
(9) 0x1aBF5414E1f5B016dacc7C382caa94A68cEBdB4A (1000 ETH)

Private Keys
==================
(0) 0xad5e21f279074ad2187423f6c475df92e0852365e0a1d93bf1f304d4e9cbe59d
(1) 0x183e927b910764cf6a3b444c119a79b29a819d8443bc2fb66b1079471e9f9721
(2) 0xbb628c6fa74345b3ce5d96fb67aebcab7434501eba2b1a7cb16f53df1779c580
(3) 0xdc9682a5d2a7b2b04805cec3063aa8dcc9c6324e9cc9c585ff66527e118adddc
(4) 0x0bfc5483fdce6252a8a994d99ea27ce0bdfab7e0dbd029bd9c320dbaa228622e
(5) 0x6f7ded52e71209ca43611637febea2008dee8919fc0c3ad71513e117a4a99960
(6) 0x7f343733440218ba74e1639bb2c003ae4fab07cce4504593dd82cf99892a434f
(7) 0xca8748804722b78586ab4763bd111fd1621958a3eb4dd268e5b7bf19184ab2bb
(8) 0x4e308f57bfb6bb14ae6e6428b43a2dc181079abcfc3b87860170fc888450a285
(9) 0x7df4ef9ac230c1dcfd76259f3b6794b317f32fc8df0002f32227a27e4a462faf

HD Wallet
==================
Mnemonic:      flee come goat collect upon fox clarify fish index sadness oven web
Base HD Path:  m/44'/60'/0'/0/{account_index}

Default Gas Price
==================
2000000000

BlockGas Limit
==================
30000000

Call Gas Limit
==================
50000000

Chain
==================
Hardfork: shanghai
Id:       1337

RPC Listening on 127.0.0.1:8545
web3_clientVersion
eth_blockNumber
net_version
eth_accounts
eth_accounts
eth_blockNumber
net_version
eth_getBlockByNumber
eth_estimateGas
eth_getBlockByNumber
eth_gasPrice
eth_sendTransaction

  Transaction: 0x83641d65dd08b4c776bf41d529970484b7be776898dad1dd90133c7b7a281b27
  Contract created: 0x62d5d95bedb223932ca81f7e8b7cd5bfa95b9aec
  Gas usage: 3816053
  Block number: 1
  Block time: Thu May 07 2026 22:28:36 GMT+0700 (Indochina Time)

eth_getTransactionReceipt
eth_getCode
eth_getTransactionReceipt
eth_getBlockByNumber
eth_gasPrice
eth_sendTransaction

  Transaction: 0xb0c835712333dca906ae285dca6645f542649119a518b30d3bd4dcda33c66542
  Gas usage: 21055
  Block number: 2
  Block time: Thu May 07 2026 22:28:36 GMT+0700 (Indochina Time)

eth_getTransactionReceipt
eth_blockNumber
evm_mine
eth_blockNumber
evm_mine
eth_blockNumber
evm_mine
eth_blockNumber
evm_mine
eth_blockNumber
evm_mine
eth_blockNumber
evm_mine
eth_blockNumber
evm_mine
eth_blockNumber
net_version
eth_getBlockByNumber
eth_estimateGas
eth_getBlockByNumber
eth_gasPrice
eth_sendTransaction

  Transaction: 0x698b13cf9d2fb51229f477e363df1b533b96adc56d1a977ae6b25f48857d5f4f
  Gas usage: 52925
  Block number: 10
  Block time: Thu May 07 2026 22:28:36 GMT+0700 (Indochina Time)

eth_getTransactionReceipt
net_version
eth_getBlockByNumber
eth_estimateGas
eth_getBlockByNumber
eth_gasPrice
eth_sendTransaction

  Transaction: 0x86f232aeb0c8da7d1e5531460ed1f6798f269c0fb9212bb123e00a1cf0cefd1f
  Gas usage: 84610
  Block number: 11
  Block time: Thu May 07 2026 22:28:36 GMT+0700 (Indochina Time)

eth_getTransactionReceipt
eth_blockNumber
eth_getBalance
eth_getTransactionByHash
debug_traceTransaction
eth_getTransactionByHash
debug_traceTransaction
eth_getTransactionByHash
debug_traceTransaction
eth_getTransactionByHash
debug_traceTransaction

Received shutdown signal: SIGTERM
Shutting down…
Server has been shut down
