ganache v7.9.2 (@ganache/cli: 0.10.2, @ganache/core: 0.10.2)
Starting RPC server

Available Accounts
==================
(0) 0xE0B2a34A5304c85F00FfA9eDAe872739FFd16034 (1000 ETH)
(1) 0xae96CE69a6AeFf03DA2d837B4727EB8505Bb3bF4 (1000 ETH)
(2) 0x1828C3d782C8376e73b1bb0Fc525075b908E737a (1000 ETH)
(3) 0x2984200E1b34775d407951EF5DbaA28777fcC614 (1000 ETH)
(4) 0xaD1D28c3412A9E3Bbe817a099d76D40d0e6b5373 (1000 ETH)
(5) 0x88093Cf5546CC0256Dc4976a68cff109260567B9 (1000 ETH)
(6) 0x0A0dd6903D738F9cc7a0065BA7B1C9eeC7BDAC61 (1000 ETH)
(7) 0x4b16ed7CfbF20FB211F2A0aA23561320B6f0A924 (1000 ETH)
(8) 0x608720BAEDe40Fa05C6D6Ab361DE0e5b33DA47Ad (1000 ETH)
(9) 0xCD5D3e63fcAe8C9445E5c2A615CD0A573732746D (1000 ETH)

Private Keys
==================
(0) 0xa7671cbdc6f5ae0e36ce04d2903591ec633d2b6e5acfa56857023f7c6805b5e2
(1) 0x55233235698e22e9b06d3834dbc432c7d65272784fc8f88281d12e6d9cbddf54
(2) 0xba719609a510ea7a06166b95da42a712e80f17610b0d997503eacb96582d5d44
(3) 0xf3a42d2392119edf78c57eabc77344f1a11035f6e69ea26ded36a8e2fd444557
(4) 0xdd875e61fbed17de4b27c32a409a752841a3b7b6f89d6c264904aa18d931247f
(5) 0xf071f15be1f242850cbd3a9bc714c491a0d99d145aecfe71acebd9700a53ff48
(6) 0xa8976d692591efa1dd88e9fef43651213399ad79d0fe510af038a6a81b2f4b45
(7) 0x1b7c0b7437e30441299f863a373877cc757df5d73638059dcc06979cf94f3f08
(8) 0x97327eea1bb356cfcf95716d34adfb6008297035e7c7689b7c284683338419bb
(9) 0xa83ed3dd6b6a0046081ed859db1f42ef9b5a9d9de5042eb106a5c85bfbd7a14e

HD Wallet
==================
Mnemonic:      exile camera blast spoon salad endorse simple either isolate drink distance aware
Base HD Path:  m/44'/60'/0'/0/{account_index}

Default Gas Price
==================
2000000000

BlockGas Limit
==================
30000000

Call Gas Limit
==================
50000000

Chain
==================
Hardfork: shanghai
Id:       1337

RPC Listening on 127.0.0.1:8545
web3_clientVersion
eth_blockNumber
net_version
eth_accounts
eth_accounts
eth_blockNumber
net_version
eth_getBlockByNumber
eth_estimateGas
eth_getBlockByNumber
eth_gasPrice
eth_sendTransaction

  Transaction: 0x53861ecf8cbdcb2e8b90f7494aa00385e5d477bbfaa25f042effcf508180f670
  Contract created: 0x0ff3b7e2ce38962bffd0198bf0b1884fbf4f2c8f
  Gas usage: 1239082
  Block number: 1
  Block time: Fri May 08 2026 03:40:09 GMT+0700 (Indochina Time)

eth_getTransactionReceipt
eth_getCode
eth_getTransactionReceipt
eth_getBlockByNumber
eth_gasPrice
eth_sendTransaction

  Transaction: 0xbb79b4262ed41566500aaa54f8a4548e0c0454e497334176f597ff5fc4702503
  Gas usage: 21055
  Block number: 2
  Block time: Fri May 08 2026 03:40:09 GMT+0700 (Indochina Time)

eth_getTransactionReceipt
eth_blockNumber
evm_mine
eth_blockNumber
evm_mine
eth_blockNumber
evm_mine
eth_blockNumber
evm_mine
eth_blockNumber
evm_mine
eth_blockNumber
net_version
eth_getBlockByNumber
eth_estimateGas
eth_getBlockByNumber
eth_gasPrice
eth_sendTransaction

  Transaction: 0x0cbedb761a6b16269347965c3ee579ae94bfd048183a56ad7135b706065f8b60
  Gas usage: 52947
  Block number: 8
  Block time: Fri May 08 2026 03:40:09 GMT+0700 (Indochina Time)

eth_getTransactionReceipt
net_version
eth_getBlockByNumber
eth_estimateGas
eth_getBlockByNumber
eth_gasPrice
eth_sendTransaction

  Transaction: 0x63d09bf83e871e30ab7807ffba0b89483d725712dc21bf93d146619f28d56d1b
  Gas usage: 72886
  Block number: 9
  Block time: Fri May 08 2026 03:40:09 GMT+0700 (Indochina Time)

eth_getTransactionReceipt
eth_blockNumber
eth_getBalance
eth_getTransactionByHash
debug_traceTransaction
eth_getTransactionByHash
debug_traceTransaction
eth_getTransactionByHash
debug_traceTransaction
eth_getTransactionByHash
debug_traceTransaction

Received shutdown signal: SIGTERM
Shutting down…
Server has been shut down
