ganache v7.9.2 (@ganache/cli: 0.10.2, @ganache/core: 0.10.2)
Starting RPC server

Available Accounts
==================
(0) 0x346FeEC5bAA89d8A2Cd4c046a575fa06310e84f9 (1000 ETH)
(1) 0x2faf98E81da5871aC73528A37dEB816Cd6aAcbB9 (1000 ETH)
(2) 0x3C874ED35017a53e7702A28E0B8E61442326CCEc (1000 ETH)
(3) 0x357761c62FEa7a42036Ff1210B992B4EafB33A71 (1000 ETH)
(4) 0xdb6E1150cFA79DF288086784fF206903A8E365f6 (1000 ETH)
(5) 0x39390ee12fC15CE0A57B0441EAd73AF25bCee26D (1000 ETH)
(6) 0xFFB47aD7f4C3855d01b46caD8191F8a79e02cd24 (1000 ETH)
(7) 0xBa8B643043D80F8c49865d87c7A24AE6fE4deb62 (1000 ETH)
(8) 0x56Aa90985C35B00101Ed419a3526aBC18f64BC27 (1000 ETH)
(9) 0x8832D2f59D276FEa370ba539872B8788882A439d (1000 ETH)

Private Keys
==================
(0) 0xe71e04c50d0f9ffeab19e68b59ee9af00da3526acec68eef32c05b97af6cc44b
(1) 0x32ef12430f497e9d17f864ce0c6f73c8a13c16d03b9e313a032dd711bd3a568e
(2) 0xc49c68b57bfae32ba553a32a16f7823429d5247d5f0370f67061e13fc0f35e30
(3) 0xafc87b642417c32724897b86ae4e2b81b0253ffdeb3012ea74302d2a6ee89985
(4) 0x815bd4663816cb72de2f28ad0131f6015e43969828836c8eb1eca751bb6561fe
(5) 0x15a29e122ad6f788ee1fd01010bef038636f68a2b4b714e04c4effefeb788926
(6) 0x90218add4a3cd24c6c7b4e3f9c69734ab60d16089c26334fa1b242b721d0cd03
(7) 0x09da0521afdad65fb2f88ce33dc587397e5cd179600fac30360249f7409c7499
(8) 0x3906da7198b4e8dc18d4138d16e4a9b7fa32648f208151cd0e837bf99a80dad7
(9) 0xced71db698252729dc3584ee9ba89ee41c9c88d5a8a72943fd14f84afec3729a

HD Wallet
==================
Mnemonic:      assault symptom river buzz only above minute action coral novel run walk
Base HD Path:  m/44'/60'/0'/0/{account_index}

Default Gas Price
==================
2000000000

BlockGas Limit
==================
30000000

Call Gas Limit
==================
50000000

Chain
==================
Hardfork: shanghai
Id:       1337

RPC Listening on 127.0.0.1:8545
web3_clientVersion
eth_blockNumber
net_version
eth_accounts
eth_accounts
eth_blockNumber
net_version
eth_getBlockByNumber
eth_estimateGas
eth_getBlockByNumber
eth_gasPrice
eth_sendTransaction

  Transaction: 0x7c5c4a6d6dbc276afbb54392f08a2da11d39580bc985100b7aed5bccbb05845a
  Contract created: 0x5281aa528cc6975f934ec165a8b6c49b4dae41df
  Gas usage: 1400964
  Block number: 1
  Block time: Thu May 07 2026 20:59:07 GMT+0700 (Indochina Time)

eth_getTransactionReceipt
eth_getCode
eth_getTransactionReceipt
eth_getBlockByNumber
eth_gasPrice
eth_sendTransaction

  Transaction: 0xd315e3cef42da78072d5776496bff4b7f5d05defadff8f335675acbbc8e593bb
  Gas usage: 21055
  Block number: 2
  Block time: Thu May 07 2026 20:59:07 GMT+0700 (Indochina Time)

eth_getTransactionReceipt
eth_blockNumber
evm_mine
eth_blockNumber
evm_mine
eth_blockNumber
evm_mine
eth_blockNumber
evm_mine
eth_blockNumber
evm_mine
eth_blockNumber
net_version
eth_getBlockByNumber
eth_estimateGas
eth_getBlockByNumber
eth_gasPrice
eth_sendTransaction

  Transaction: 0x7b5038ccab06438472adae3489f32e9fbf5ddda1d1ab8f77caae4b3eea0b7a5a
  Gas usage: 52925
  Block number: 8
  Block time: Thu May 07 2026 20:59:07 GMT+0700 (Indochina Time)

eth_getTransactionReceipt
eth_blockNumber
net_version
eth_getBlockByNumber
eth_estimateGas
eth_getBlockByNumber
eth_gasPrice
eth_sendTransaction

  Transaction: 0x00775e5b14803faf4815b24845017819c35e66cd3e20c75a574ef6a097276df4
  Gas usage: 59539
  Block number: 9
  Block time: Thu May 07 2026 20:59:07 GMT+0700 (Indochina Time)

eth_getTransactionReceipt
eth_blockNumber
eth_getBalance
eth_getTransactionByHash
debug_traceTransaction
eth_getTransactionByHash
debug_traceTransaction
eth_getTransactionByHash
debug_traceTransaction
eth_getTransactionByHash
debug_traceTransaction

Received shutdown signal: SIGTERM
Shutting down…
Server has been shut down
