ganache v7.9.2 (@ganache/cli: 0.10.2, @ganache/core: 0.10.2)
Starting RPC server

Available Accounts
==================
(0) 0x1BB226A82061e4576f2EeA8E4C4442A445642eE8 (1000 ETH)
(1) 0x40f1A6425E10db46d0208272CaB234e1afFDa9Ba (1000 ETH)
(2) 0x18A2835224fE7f54b0E9F5e61dB67fa2D1dfa0C7 (1000 ETH)
(3) 0x61774B34D6E3F3907d9B1B42c84fB2C9A664f316 (1000 ETH)
(4) 0x436c6137cF997425b1B2c86a52dC47974Cdf5e4a (1000 ETH)
(5) 0x5dc12e1D69FE3f64Dda55638eE9f4CceDe152ca2 (1000 ETH)
(6) 0xfCc78ccA9B0a7F35b2030cC48a5aF25e5D1BC3b9 (1000 ETH)
(7) 0x60B330436Bf6a1c3debc176E6396a5cf589e1bD4 (1000 ETH)
(8) 0x68e6b6943EA50DE45D0938E30D937a15640b3d84 (1000 ETH)
(9) 0x602Ba9A87e6Ad4B1907765863d76596e00966e81 (1000 ETH)

Private Keys
==================
(0) 0xda1e0dce751f90b03ec1c15810d0bda3bc30f8068a63d90647a7dd5d1352efea
(1) 0x848e305a94d4834e43a1eea539e240140385dee04ad7b0f5977739e13c838843
(2) 0xec00dedcab027246e7d06b8b72f9632bd012cf41ad014b81b86954eaaa093dec
(3) 0x1189f792c57788384fdca4a614740541e573acda7a95f2a2ba4922ca477749ec
(4) 0xa42c5ea2549611bc3587c09b93c76295e99cbcac67ee2d1129df2312d75b5665
(5) 0xb4b1c5c3d9610c5dc5a2ed3394cbeb859a3d4b295a10d63ac99427a8c413d648
(6) 0x32a0028baf814aedc528744bc359211c14507786aa810a71ff2ee848e36bfab6
(7) 0xd824ba4acf646bc6b5885fb7d307c48c033c35c61612f012bcd2244587f9e803
(8) 0xb2806832ad33734c2ea2ccf43317bb04d05029a2da40e3be3012ee905a9ed16e
(9) 0x68b2271448331303b9b87d2c0adbd6f20dec056d941e0e1569a3fa0bc44a513a

HD Wallet
==================
Mnemonic:      quit describe canvas friend green flock regular bounce despair walk prison false
Base HD Path:  m/44'/60'/0'/0/{account_index}

Default Gas Price
==================
2000000000

BlockGas Limit
==================
30000000

Call Gas Limit
==================
50000000

Chain
==================
Hardfork: shanghai
Id:       1337

RPC Listening on 127.0.0.1:8545
web3_clientVersion
eth_blockNumber
net_version
eth_accounts
eth_accounts
eth_blockNumber
net_version
eth_getBlockByNumber
eth_estimateGas
eth_getBlockByNumber
eth_gasPrice
eth_sendTransaction

  Transaction: 0x86cdf654a3a206e0a07334d388a5bfb4d530acb37b1bfc6aa3f9e69e4a769758
  Contract created: 0x6053ab023936ff76c7da224aa20a9f5145201315
  Gas usage: 1100987
  Block number: 1
  Block time: Fri May 08 2026 00:44:36 GMT+0700 (Indochina Time)

eth_getTransactionReceipt
eth_getCode
eth_getTransactionReceipt
eth_getBlockByNumber
eth_gasPrice
eth_sendTransaction

  Transaction: 0x05fd5518bb4f283c072acda9f64ee62446fb4a4107fa972cd44071dca8a6b386
  Gas usage: 21055
  Block number: 2
  Block time: Fri May 08 2026 00:44:36 GMT+0700 (Indochina Time)

eth_getTransactionReceipt
eth_blockNumber
evm_mine
eth_blockNumber
evm_mine
eth_blockNumber
evm_mine
eth_blockNumber
evm_mine
eth_blockNumber
net_version
eth_getBlockByNumber
eth_estimateGas
eth_getBlockByNumber
eth_gasPrice
eth_sendTransaction

  Transaction: 0x7f2cc0557a8170236286c67c05b63633808308d9dfa3a1327c39f4d645d99526
  Gas usage: 59561
  Block number: 7
  Block time: Fri May 08 2026 00:44:37 GMT+0700 (Indochina Time)

eth_getTransactionReceipt
eth_blockNumber
eth_getBalance
eth_getTransactionByHash
debug_traceTransaction
eth_getTransactionByHash
debug_traceTransaction
eth_getTransactionByHash
debug_traceTransaction

Received shutdown signal: SIGTERM
Shutting down…
Server has been shut down
