ganache v7.9.2 (@ganache/cli: 0.10.2, @ganache/core: 0.10.2)
Starting RPC server

Available Accounts
==================
(0) 0x9b837A57BB382f629Fef5FDbCedE432E5fF3Ee45 (1000 ETH)
(1) 0x56CB1922D28f9E5A3ebf698bC4c405269a12b8cD (1000 ETH)
(2) 0xC7e753dB4c8fFFE4318AC075B276fA1F74e3c82b (1000 ETH)
(3) 0x6b620D39E13009d4E71571C23c1f0e0328b2AaF0 (1000 ETH)
(4) 0x75Ac6b1609563c3E6EDc83B733e0dcb1bf43ee6C (1000 ETH)
(5) 0xba97D78cA23275a6b9D15cBe36E0828Eb44ab8e6 (1000 ETH)
(6) 0x1084E26B13f5160DBc2d85B13c383dcAf1324598 (1000 ETH)
(7) 0xD1f2c4Aaa472807ca265a0ab450BC715903237AD (1000 ETH)
(8) 0x0E552D9488B39B2601aeD64Cd123B8bB1A2F0B59 (1000 ETH)
(9) 0x8d45d46abfe25DDF955b7Db923C7d0e17d282bAb (1000 ETH)

Private Keys
==================
(0) 0x135c6e0a30794f27dd43bccada42b5e8aebc30fe00e63382249b6e72bdb99ae2
(1) 0x4832e122840dab1ebdaf8d64a0ea96c9a159d95ab23fe30e1db28c335cd09db2
(2) 0xd75e325bc398a4d04d43f3007aeeebdd9249884f3907f571fd9c444d4868aca3
(3) 0x3bf593ff9e574568af1731bd5225a81f3288733d83d698955a4a654db03d0dbb
(4) 0x5599a8ae393254d9db56fe7007e96f6e4f7d28bae1204c824fa3e0c36b0ebe1e
(5) 0x0ea3a6d509f4d216f6c461c65b246f095674fab2586741c8e51120676bda1a1d
(6) 0x5a4817313fdd8abbe2207720c37b783b32bda853594c28cb86b8ff81825bb97b
(7) 0xeef89b41600fad0bba48b206deb535d57e2d485b389ac1355989b7a62fbb7fc5
(8) 0xd20bad0e03c28c71883244b39dc7d41cb38385148013dd56e994a258af2a4514
(9) 0x87a010d267afcaa5cbe906a0679c97ecaaced4141d04a12ae349d661190dd83c

HD Wallet
==================
Mnemonic:      approve autumn pony coffee purse glow aunt snap axis entire shy asthma
Base HD Path:  m/44'/60'/0'/0/{account_index}

Default Gas Price
==================
2000000000

BlockGas Limit
==================
30000000

Call Gas Limit
==================
50000000

Chain
==================
Hardfork: shanghai
Id:       1337

RPC Listening on 127.0.0.1:8545
web3_clientVersion
eth_blockNumber
net_version
eth_accounts
eth_accounts
eth_blockNumber
net_version
eth_getBlockByNumber
eth_estimateGas
eth_getBlockByNumber
eth_gasPrice
eth_sendTransaction

  Transaction: 0x3d2172fb9bf295665fad39e6221555874927cd01996e165bf59074c69b6577b1
  Contract created: 0x98b8dbbc449cf142b868ec8ac2d3e88f0d15e383
  Gas usage: 1123899
  Block number: 1
  Block time: Fri May 08 2026 01:19:58 GMT+0700 (Indochina Time)

eth_getTransactionReceipt
eth_getCode
eth_getTransactionReceipt
eth_getBlockByNumber
eth_gasPrice
eth_sendTransaction

  Transaction: 0x323b19e32c8c5c5dd8edad8de8982a75c36443cf2ec9f187e0240efb9dd9884c
  Gas usage: 21055
  Block number: 2
  Block time: Fri May 08 2026 01:19:58 GMT+0700 (Indochina Time)

eth_getTransactionReceipt
net_version
eth_getBlockByNumber
eth_estimateGas
eth_getBlockByNumber
eth_gasPrice
eth_sendTransaction

  Transaction: 0x02c6edde7b93fac84fa6f955c45af26948b49eab51dff0e866c626d799267f6a
  Gas usage: 68735
  Block number: 3
  Block time: Fri May 08 2026 01:19:58 GMT+0700 (Indochina Time)

eth_getTransactionReceipt
eth_blockNumber
eth_getBalance
eth_getTransactionByHash
debug_traceTransaction
eth_getTransactionByHash
debug_traceTransaction
eth_getTransactionByHash
debug_traceTransaction

Received shutdown signal: SIGTERM
Shutting down…
Server has been shut down
