ganache v7.9.2 (@ganache/cli: 0.10.2, @ganache/core: 0.10.2)
Starting RPC server

Available Accounts
==================
(0) 0x396C3C55e34Bdf48F49F55E4B9bC77D1beCBA281 (1000 ETH)
(1) 0xC63c932a3D0a793A526de606fABB17184E9a1719 (1000 ETH)
(2) 0x3a465F45Cb16f5eEae72dFC976653C81c9247493 (1000 ETH)
(3) 0xD84cbA64daE03a47fE9408224610EB4d982B637B (1000 ETH)
(4) 0x12cF7B823E172b3ddBd74431Cd7D50fFBd67315b (1000 ETH)
(5) 0xEAe0C30dcBa2E32b3430c5a6631B79a01939991D (1000 ETH)
(6) 0x5293Fde50f9ba3ea3bAd95120e68aA7a8ec434c0 (1000 ETH)
(7) 0xEe216906Cb927dC7Db54f30cf1ab2804e530610E (1000 ETH)
(8) 0x6aeBDD21A7fc84745faFC1B64A1216218fc67ea3 (1000 ETH)
(9) 0xD46153d95C84aF8aCE73f1a02b994e62be6aA5b4 (1000 ETH)

Private Keys
==================
(0) 0xd739ac088ac031fbd31adbef180588e0f5625da3c1b59dedddafd19ae59fb6d5
(1) 0xcc0f4bcb33e5896c5ae2832b80e8590f2c0d0e90b19757818b12b7da0321aede
(2) 0x9a0ef5cb745bcb56f05012d44357bc175aea0cc7cc45d4c639366e6a344a27f7
(3) 0x09565de7817b156761990f70a98f5ca41888d22c120f4ac3545923e251bc9cad
(4) 0x7458709ed18764e680664ca88d9789287d555aede5f006aeb1a54363aa47a37f
(5) 0xd665e3b4e719f26ca0b030fce7ee6327a7124ebf874f73c6137aa2ebc4ded49d
(6) 0x659abf867fe3992c201b7d846dc255683af6f82ef5c403e6a082d091ea9a5548
(7) 0x31f6b4cc9575f2f320fa9ca87a1983f8b6ffb57e23e7a316940ac5f1ebbb4674
(8) 0x306d6b1b8eccecc77ba66b47f8b11283456f9a1c3689e90201ee92ffdee0c8eb
(9) 0x40570b4cc795345d0a4a8834eaec7a5aa2237ac41b8951c86a6f269a009afde4

HD Wallet
==================
Mnemonic:      trumpet critic snap lottery hero useless join clutch joke grant labor sibling
Base HD Path:  m/44'/60'/0'/0/{account_index}

Default Gas Price
==================
2000000000

BlockGas Limit
==================
30000000

Call Gas Limit
==================
50000000

Chain
==================
Hardfork: shanghai
Id:       1337

RPC Listening on 127.0.0.1:8545
web3_clientVersion
eth_blockNumber
net_version
eth_accounts
eth_accounts
eth_blockNumber
net_version
eth_getBlockByNumber
eth_estimateGas
eth_getBlockByNumber
eth_gasPrice
eth_sendTransaction

  Transaction: 0x73026036ac424acda3286ea448af81760f3139ceb11e1bae5d714df7e593a7d6
  Contract created: 0xbcf5e960364ee6a118de679858c4c7d23fb8d976
  Gas usage: 1861372
  Block number: 1
  Block time: Fri May 08 2026 00:38:33 GMT+0700 (Indochina Time)

eth_getTransactionReceipt
eth_getCode
eth_getTransactionReceipt
eth_getBlockByNumber
eth_gasPrice
eth_sendTransaction

  Transaction: 0xe2bfe6eed72f1196d07a1377b837d88f28b51d9b72f9424c9fb6dcc780fd352d
  Gas usage: 21055
  Block number: 2
  Block time: Fri May 08 2026 00:38:33 GMT+0700 (Indochina Time)

eth_getTransactionReceipt
eth_blockNumber
evm_mine
eth_blockNumber
evm_mine
eth_blockNumber
evm_mine
eth_blockNumber
evm_mine
eth_blockNumber
evm_mine
eth_blockNumber
net_version
eth_getBlockByNumber
eth_estimateGas
eth_getBlockByNumber
eth_gasPrice
eth_sendTransaction

  Transaction: 0x505ff0d98dd494727e9fb0568203dcc7a04083862e050d97b5708274cf3434d0
  Gas usage: 52925
  Block number: 8
  Block time: Fri May 08 2026 00:38:33 GMT+0700 (Indochina Time)

eth_getTransactionReceipt
eth_blockNumber
evm_mine
eth_blockNumber
evm_mine
eth_blockNumber
net_version
eth_getBlockByNumber
eth_estimateGas
eth_getBlockByNumber
eth_gasPrice
eth_sendTransaction

  Transaction: 0x3ae377a766868546b3101d22fda24aefa790c6471d6d66d24a8454d2fa357ca8
  Gas usage: 35837
  Block number: 11
  Block time: Fri May 08 2026 00:38:33 GMT+0700 (Indochina Time)

eth_getTransactionReceipt
net_version
eth_getBlockByNumber
eth_estimateGas
eth_getBlockByNumber
eth_gasPrice
eth_sendTransaction

  Transaction: 0xb00f77b64cfb0e18e3984a6c34866b583639ea2e85956b3b8a36aee648dd8554
  Gas usage: 88906
  Block number: 12
  Block time: Fri May 08 2026 00:38:33 GMT+0700 (Indochina Time)

eth_getTransactionReceipt
eth_blockNumber
eth_getBalance
eth_getTransactionByHash
debug_traceTransaction
eth_getTransactionByHash
debug_traceTransaction
eth_getTransactionByHash
debug_traceTransaction
eth_getTransactionByHash
debug_traceTransaction
eth_getTransactionByHash
debug_traceTransaction

Received shutdown signal: SIGTERM
Shutting down…
Server has been shut down
