ganache v7.9.2 (@ganache/cli: 0.10.2, @ganache/core: 0.10.2)
Starting RPC server
web3_clientVersion

Available Accounts
==================
(0) 0x5F28f7006593b2eD18FD552c252B7F6c2f560cA7 (1000 ETH)
(1) 0xeA8E38DBa13788eD306fBCe93a3b3FdBD0Bb36Af (1000 ETH)
(2) 0x35D3D1f9a4420CB9928468b6983454ECC650B7AB (1000 ETH)
(3) 0x941D75067f6cd22F8e5780574bABF2F26ca33Ab0 (1000 ETH)
(4) 0xAe313981368596194487AB1385ed54a2CD44D78b (1000 ETH)
(5) 0x397A2B8938AC997e5e1d5348634e23148CC7D13F (1000 ETH)
(6) 0xA3DD35641500D0060ED14709ec540660C06F52b5 (1000 ETH)
(7) 0x7b807194cEA58dA2F270F436be84cb44D93099E8 (1000 ETH)
(8) 0xD68e3b9EC16fd7cd4e20c3C35719E514a822bf24 (1000 ETH)
(9) 0xb2780869acA8F865C167D78996053821ADa7C69B (1000 ETH)

Private Keys
==================
(0) 0x333a1b9bf9c246247f1fde2ab57c9f9a11763559baee158f2e3534b96f516959
(1) 0x84a4ca9537db96275b43aa5758620116e7b717f084e8253de16d36fac11de73c
(2) 0xbf6e0b9a6bc96c6ba781a905a032514283f98e0fd2c033778d7dc48114596b90
(3) 0x0483333b412cd4e178abe74a0f2ea7e51511a80dd2d11109fdac8e3a9f444e77
(4) 0x739d86819fc371ed97ee5f962ea398e8c6b6380a93d9030324304a21648a3fbd
(5) 0x91e23230e95e31e3a76c230c1c248be979dc1f729361f1e512ba96f2e828ccee
(6) 0x911bf75b404d08b891e07af14b59b3e627159a30966c0f6afa6c8d090964abc8
(7) 0x9ab21cdeea5551b4882ba95d4544b9cb2acc22e2467b759d2702664b39e35fed
(8) 0xd94c424409d8390d63ca13cb8c5d15f25557cde6502090e6367b7189e4e9e532
(9) 0xdd4a18a160c7889ba9feacd6c9323fba415cc202f65575c5835d241b0e379775

HD Wallet
==================
Mnemonic:      govern bracket heart hint gloom negative describe stuff crash drum minor concert
Base HD Path:  m/44'/60'/0'/0/{account_index}

Default Gas Price
==================
2000000000

BlockGas Limit
==================
30000000

Call Gas Limit
==================
50000000

Chain
==================
Hardfork: shanghai
Id:       1337

RPC Listening on 127.0.0.1:8545
eth_blockNumber
net_version
eth_accounts
eth_accounts
eth_blockNumber
net_version
eth_getBlockByNumber
eth_estimateGas
eth_getBlockByNumber
eth_gasPrice
eth_sendTransaction

  Transaction: 0xe473779289ce0ba0b2da9e6c39d8492dfdbb1cbfd5fdae27b7223faf3c93e6d9
  Contract created: 0x6744b59876543bfd70da61be8041fed22dac076b
  Gas usage: 1422758
  Block number: 1
  Block time: Fri May 08 2026 02:31:26 GMT+0700 (Indochina Time)

eth_getTransactionReceipt
eth_getCode
eth_getTransactionReceipt
eth_getBlockByNumber
eth_gasPrice
eth_sendTransaction

  Transaction: 0x3cd4e6f4e5d0260b4daf2e22e9cf8bf37a4ca0a25e33fd6f6ac697c9c4c18027
  Gas usage: 21055
  Block number: 2
  Block time: Fri May 08 2026 02:31:26 GMT+0700 (Indochina Time)

eth_getTransactionReceipt
net_version
eth_getBlockByNumber
eth_estimateGas
eth_getBlockByNumber
eth_gasPrice
eth_sendTransaction

  Transaction: 0x40d4e36b010c483f6bdf45b424570dd3577846d3e5ff65392f3e163e585597aa
  Gas usage: 88906
  Block number: 3
  Block time: Fri May 08 2026 02:31:26 GMT+0700 (Indochina Time)

eth_getTransactionReceipt
eth_blockNumber
eth_getBalance
eth_getTransactionByHash
debug_traceTransaction
eth_getTransactionByHash
debug_traceTransaction
eth_getTransactionByHash
debug_traceTransaction

Received shutdown signal: SIGTERM
Shutting down…
Server has been shut down
