ganache v7.9.2 (@ganache/cli: 0.10.2, @ganache/core: 0.10.2)
Starting RPC server

Available Accounts
==================
(0) 0x7dB1A601287568d0641C5d35951E96bC92D9766d (1000 ETH)
(1) 0x1a543C9A309d76bA1a219E7B4F52353581c00Ad6 (1000 ETH)
(2) 0x3C3801bB6E9d2CAC677614a85FA21F3e9191342E (1000 ETH)
(3) 0xb16F2c3B520bAc86C6eC21ec87526b50f2A50032 (1000 ETH)
(4) 0x218C6a6a0cd2e7A95Dcb551Cb24cdA05eE0dEb84 (1000 ETH)
(5) 0x7614e3eFEE6e35688794b5f0D350fBAFBf7ED004 (1000 ETH)
(6) 0x3429Ec29C9C30bB998DF223c6De003Df819c22a0 (1000 ETH)
(7) 0xcC388853019aB4B28256c8e4c9aDee67ec4634E4 (1000 ETH)
(8) 0x508c1C5183cD5ffA2fFfd8E38b983e2F35bBBC7D (1000 ETH)
(9) 0x40B9920Eb9cab2de14C7c3e483CfD10725c638CA (1000 ETH)

Private Keys
==================
(0) 0xf49a738e4ca6ac5f516f86dff041d0f0007370d53c1f32b72d5add736be408de
(1) 0x1a25a55a7865e0c3482c272bc912dea9271c63dd1c1dfb30e5e7490f7b15c9af
(2) 0xb8dcf4fea632f7d0d40190b55b8fe4fa1b01e79a4b5112e13bd70072db8c0ac3
(3) 0x189febfd3978f43cbc75f50bb72a1caeb56fd25fc642138719d6517c403c7e6a
(4) 0x0366ce82ed8b00462d25cf3ced97b2b2f19a662fbbec4b721e07f85a4307ed45
(5) 0x0cc886612289602f4c7f85f45da6c6eae9d22a7b591711bc8a5b4a092348d15d
(6) 0xd38a2f6f5f7b81fbd7b5136bcfc95c7ee055243bc489f42fc9949638575c864c
(7) 0xb1035a56a9598fc99be415ab29d7a41f2e0b7440bccc3da241f651d963beb94f
(8) 0xf6c759b438077d797a2fddea256bc356dda0a1cf5a7c9bc2b7a2583a807d22b4
(9) 0xde7201d62f4f1886a2ee3bb05b18847afe2540cb8e7024460d2fd6af3b4da716

HD Wallet
==================
Mnemonic:      toy fabric worth moral crumble tiny mule gain giant great wool toddler
Base HD Path:  m/44'/60'/0'/0/{account_index}

Default Gas Price
==================
2000000000

BlockGas Limit
==================
30000000

Call Gas Limit
==================
50000000

Chain
==================
Hardfork: shanghai
Id:       1337

RPC Listening on 127.0.0.1:8545
web3_clientVersion
eth_blockNumber
net_version
eth_accounts
eth_accounts
eth_blockNumber
net_version
eth_getBlockByNumber
eth_estimateGas
eth_getBlockByNumber
eth_gasPrice
eth_sendTransaction

  Transaction: 0xc0671e436231dac1099a8b34b69cc5c96eedb33dd38906e800606522e64047ef
  Contract created: 0x072bda4268db4be8169f481d4ae841e118d46b99
  Gas usage: 1838460
  Block number: 1
  Block time: Fri May 08 2026 03:16:06 GMT+0700 (Indochina Time)

eth_getTransactionReceipt
eth_getCode
eth_getTransactionReceipt
eth_getBlockByNumber
eth_gasPrice
eth_sendTransaction

  Transaction: 0xc5d1f6240912e866224c9ca675e22831071ff83e8226cff2ca26f83b52a2eb6d
  Gas usage: 21055
  Block number: 2
  Block time: Fri May 08 2026 03:16:07 GMT+0700 (Indochina Time)

eth_getTransactionReceipt
net_version
eth_getBlockByNumber
eth_estimateGas
eth_getBlockByNumber
eth_gasPrice
eth_sendTransaction

  Transaction: 0x7113cd2b9eb24e30ee18d5b4a56242c90d2411709822f09de1d5980d5617c8d4
  Gas usage: 75948
  Block number: 3
  Block time: Fri May 08 2026 03:16:07 GMT+0700 (Indochina Time)

eth_getTransactionReceipt
eth_blockNumber
eth_getBalance
eth_getTransactionByHash
debug_traceTransaction
eth_getTransactionByHash
debug_traceTransaction
eth_getTransactionByHash
debug_traceTransaction

Received shutdown signal: SIGTERM
Shutting down…
Server has been shut down
