ganache v7.9.2 (@ganache/cli: 0.10.2, @ganache/core: 0.10.2)
Starting RPC server

Available Accounts
==================
(0) 0xA4b7a06c8Dd6d52F1DC452FA10DCE4B1eE0a4ffe (1000 ETH)
(1) 0xf2D466117639aD573Bb9FB6466075126a27e9408 (1000 ETH)
(2) 0xD520Fa354fe322E7110d2D2E63094e74A5F6201F (1000 ETH)
(3) 0x8edaF52F3A270258E123cC59dC655c87143bc399 (1000 ETH)
(4) 0xbD806f431E6E6A3BC9CF1a2Ae7798c3617CBDF6C (1000 ETH)
(5) 0x5cFDF4d5b8178DE4c1Dad92927f7923b39Ac6D66 (1000 ETH)
(6) 0xf40dFb7EbBfF74f245585088713BB95202F6A67b (1000 ETH)
(7) 0xfcd6A8F08690eA37Bab50C8Fc93A38731e928b1B (1000 ETH)
(8) 0x8273C5fa31894A40E5DD018B42AbE516e73B084C (1000 ETH)
(9) 0xbcbe6979929aE9755b1707e283e2d70Baac44C90 (1000 ETH)

Private Keys
==================
(0) 0xb297d5789c9ee9d4ee2cb8b558e370cc304aea4ec43904f69819f4c7460c39e1
(1) 0x26882a05e4551ed0b5100f09b0f60f2744c3319685586618e5deef53faa33300
(2) 0x6748a34a0aef26f4b9051d2d445068211aaff46ebdab20c746c5c74f57240a22
(3) 0xba85abe9ca0874afb33a6ff118309453205c98953b503b6c8b926ffd8deede7a
(4) 0x496dfb80ef9a1485717f0da45869e3cbd10dc5e1ca5ffc62cea3f14d9c0f203d
(5) 0x5a3c04cdd01a4a5af5639d5a3e97e33779764eea6de99edfc066d80676624194
(6) 0x56560384fdcb5910df75e0df0997ea4099fa7350fa64446363f4d24cb412f91b
(7) 0x9b258f1b2f690c865f0f015de7ab6c1cfb9dbc9d6a1d0e9db8d8fab1fb00b94e
(8) 0x057da17f1e4082f586cd08f135046bef03b9bfd23affc2c6c8957d20ca693193
(9) 0x5acacd56051677efe542bc852b107f83845c490b7ff7a043895677a1556a9d98

HD Wallet
==================
Mnemonic:      goddess pause asset nephew lava poet produce rally version crack grain treat
Base HD Path:  m/44'/60'/0'/0/{account_index}

Default Gas Price
==================
2000000000

BlockGas Limit
==================
30000000

Call Gas Limit
==================
50000000

Chain
==================
Hardfork: shanghai
Id:       1337

RPC Listening on 127.0.0.1:8545
web3_clientVersion
eth_blockNumber
net_version
eth_accounts
eth_accounts
eth_blockNumber
net_version
eth_getBlockByNumber
eth_estimateGas
eth_getBlockByNumber
eth_gasPrice
eth_sendTransaction

  Transaction: 0xeb027cd474a5ecc6faf75b06e90d88007550b5626ddcb5e7a5430510649ac2c2
  Contract created: 0xf0f52478f076bfd96c19f89fd3d2d55423b068db
  Gas usage: 1239082
  Block number: 1
  Block time: Thu May 07 2026 20:40:09 GMT+0700 (Indochina Time)

eth_getTransactionReceipt
eth_getCode
eth_getTransactionReceipt
eth_getBlockByNumber
eth_gasPrice
eth_sendTransaction

  Transaction: 0x90df9cabf5d3ba8cfbf4e698bc599409ca99fe56a68d4b3feb65e22da1e95005
  Gas usage: 21055
  Block number: 2
  Block time: Thu May 07 2026 20:40:09 GMT+0700 (Indochina Time)

eth_getTransactionReceipt
eth_blockNumber
evm_mine
eth_blockNumber
evm_mine
eth_blockNumber
evm_mine
eth_blockNumber
evm_mine
eth_blockNumber
evm_mine
eth_blockNumber
net_version
eth_getBlockByNumber
eth_estimateGas
eth_getBlockByNumber
eth_gasPrice
eth_sendTransaction

  Transaction: 0x6d9f7af11477585c6652b4ba2e00b8487a34846bb0bd926335ec829792fa4f19
  Gas usage: 52947
  Block number: 8
  Block time: Thu May 07 2026 20:40:09 GMT+0700 (Indochina Time)

eth_getTransactionReceipt
net_version
eth_getBlockByNumber
eth_estimateGas
eth_getBlockByNumber
eth_gasPrice
eth_sendTransaction

  Transaction: 0xd50b22f6fc16ee4c8467d7839b3f23f5d0cad514b54109d45096fdd271c9849d
  Gas usage: 72886
  Block number: 9
  Block time: Thu May 07 2026 20:40:10 GMT+0700 (Indochina Time)

eth_getTransactionReceipt
eth_blockNumber
eth_getBalance
eth_getTransactionByHash
debug_traceTransaction
eth_getTransactionByHash
debug_traceTransaction
eth_getTransactionByHash
debug_traceTransaction
eth_getTransactionByHash
debug_traceTransaction

Received shutdown signal: SIGTERM
Shutting down…
Server has been shut down
