Using network 'development'.

{
  "ok": true,
  "graph_id": "",
  "pair": "F->B|evm|fund:fb",
  "pairKey": "F->B|evm|fund:fb",
  "contract": "CTLCMultipleEdges",
  "scenario": "best_claim",
  "deployGas": "0x172010",
  "gasUsed": "80255",
  "disableGasUsed": "",
  "claimGasUsed": "80255",
  "refundGasUsed": "",
  "contractAddress": "0x17607Cc6e844eD92ae76b272B16e1a42138B16F4",
  "startBlock": "0",
  "endBlock": "3",
  "finalContractBalanceWei": "0",
  "deployer": "0x51a6c1cE7A758fF7654FB9CA69ce39dC1308aC4F",
  "party": "0x36422E4EE9690deeEF4C2fE762ca438e6CFC8637",
  "counterparty": "0x4BC724344d5441668402e26507a25c6F15b57B45",
  "fundingWei": "1000000000000000000",
  "timelocks": [
    9,
    10
  ],
  "transactions": [
    {
      "role": "deploy",
      "txHash": "0xd67db03b5e5202bf871fa4a06e135f84eeb77ae0ca8a646d992f88bf60402e84"
    },
    {
      "role": "fund",
      "txHash": "0x36f95cdeddffe588e0b701e32fcd58f311133713824dcfa6c7caf836190b335a"
    },
    {
      "role": "claim",
      "txHash": "0xe3171fbb91f0e01e71289d979e5c5d786207949e9b862ffb249f8e95edf9feed",
      "level": 0,
      "option": 0
    }
  ],
  "txRoles": [
    {
      "role": "deploy",
      "txHash": "0xd67db03b5e5202bf871fa4a06e135f84eeb77ae0ca8a646d992f88bf60402e84"
    },
    {
      "role": "fund",
      "txHash": "0x36f95cdeddffe588e0b701e32fcd58f311133713824dcfa6c7caf836190b335a"
    },
    {
      "role": "claim",
      "txHash": "0xe3171fbb91f0e01e71289d979e5c5d786207949e9b862ffb249f8e95edf9feed",
      "level": 0,
      "option": 0
    }
  ],
  "deployTxHash": "0xd67db03b5e5202bf871fa4a06e135f84eeb77ae0ca8a646d992f88bf60402e84",
  "fundTxHash": "0x36f95cdeddffe588e0b701e32fcd58f311133713824dcfa6c7caf836190b335a",
  "claimTxHash": "0xe3171fbb91f0e01e71289d979e5c5d786207949e9b862ffb249f8e95edf9feed",
  "txHash": "0xe3171fbb91f0e01e71289d979e5c5d786207949e9b862ffb249f8e95edf9feed",
  "tx": "0xe3171fbb91f0e01e71289d979e5c5d786207949e9b862ffb249f8e95edf9feed"
}
