COMMAND: python3 experiments/scale_trace/scripts/trace_result_json.py /home/aothuatgiadp/blockchain/project/CTLC-Implementation/experiments/scale_trace/runs/random_v1_296/F-_B_evm_fund_fb_CTLCMultipleEdges_best_claim/result.json /home/aothuatgiadp/blockchain/project/CTLC-Implementation/experiments/scale_trace/runs/random_v1_296/F-_B_evm_fund_fb_CTLCMultipleEdges_best_claim/trace.json
STATUS: 0

STDOUT:
{
  "graph_id": "",
  "pair": "F->B|evm|fund:fb",
  "contract": "CTLCMultipleEdges",
  "scenario": "best_claim",
  "contractAddress": "0x17607Cc6e844eD92ae76b272B16e1a42138B16F4",
  "traces": {
    "deploy": {
      "tx_hash": "0xd67db03b5e5202bf871fa4a06e135f84eeb77ae0ca8a646d992f88bf60402e84",
      "actual_calldata_bytes": 8265,
      "actual_sstore_count": 25,
      "actual_call_count": 0,
      "opcode_steps": 3795
    },
    "fund": {
      "tx_hash": "0x36f95cdeddffe588e0b701e32fcd58f311133713824dcfa6c7caf836190b335a",
      "actual_calldata_bytes": 0,
      "actual_sstore_count": 0,
      "actual_call_count": 0,
      "opcode_steps": 13
    },
    "claim_level0": {
      "tx_hash": "0xe3171fbb91f0e01e71289d979e5c5d786207949e9b862ffb249f8e95edf9feed",
      "actual_calldata_bytes": 516,
      "actual_sstore_count": 1,
      "actual_call_count": 1,
      "opcode_steps": 1953
    }
  }
}


STDERR:

