Using network 'development'.

{
  "ok": true,
  "graph_id": "",
  "pair": "C->B|evm|fund:cb",
  "pairKey": "C->B|evm|fund:cb",
  "contract": "CTLCMultipleEdges",
  "scenario": "refund",
  "deployGas": "0x1502a6",
  "gasUsed": "59539",
  "disableGasUsed": "0",
  "claimGasUsed": "",
  "refundGasUsed": "59539",
  "contractAddress": "0x959AC270A0671565838A4Fa36CFa483c896DAb13",
  "startBlock": "0",
  "endBlock": "11",
  "finalContractBalanceWei": "0",
  "deployer": "0x7c46d044cF72821C9Be44BB7Df7041c769924149",
  "party": "0x75F7D4A3D6B0eD1F2B14E0d33f0818e75d4F2F93",
  "counterparty": "0x767b1d9d27Aea290EfAa2f31f2e8c8591B549035",
  "fundingWei": "1000000000000000000",
  "timelocks": [
    10
  ],
  "transactions": [
    {
      "role": "deploy",
      "txHash": "0xfb3deacb3e7f9a35f555f418369a42314810cd732bbfcb8573e49a830c5cf2b0"
    },
    {
      "role": "fund",
      "txHash": "0x441af82f6b26e925cd9a85b685ef344f435a1eecb36bcbc99bee99be1134c4bc"
    },
    {
      "role": "refund",
      "txHash": "0xf46768b1892f3867127468e3648e4bd557217832f0fc7f71a83d8747f26f86f4",
      "level": 0
    }
  ],
  "txRoles": [
    {
      "role": "deploy",
      "txHash": "0xfb3deacb3e7f9a35f555f418369a42314810cd732bbfcb8573e49a830c5cf2b0"
    },
    {
      "role": "fund",
      "txHash": "0x441af82f6b26e925cd9a85b685ef344f435a1eecb36bcbc99bee99be1134c4bc"
    },
    {
      "role": "refund",
      "txHash": "0xf46768b1892f3867127468e3648e4bd557217832f0fc7f71a83d8747f26f86f4",
      "level": 0
    }
  ],
  "deployTxHash": "0xfb3deacb3e7f9a35f555f418369a42314810cd732bbfcb8573e49a830c5cf2b0",
  "fundTxHash": "0x441af82f6b26e925cd9a85b685ef344f435a1eecb36bcbc99bee99be1134c4bc",
  "refundTxHash": "0xf46768b1892f3867127468e3648e4bd557217832f0fc7f71a83d8747f26f86f4",
  "refundTx": "0xf46768b1892f3867127468e3648e4bd557217832f0fc7f71a83d8747f26f86f4"
}
