Using network 'development'.

{
  "ok": true,
  "graph_id": "",
  "pair": "B->C|evm|fund:bc",
  "pairKey": "B->C|evm|fund:bc",
  "contract": "CTLCMultipleEdges",
  "scenario": "worst_claim",
  "deployGas": "0x166c84",
  "gasUsed": "75948",
  "disableGasUsed": "0",
  "claimGasUsed": "75948",
  "refundGasUsed": "",
  "contractAddress": "0xf06577350Cf0C325E1fbb6bed0e6E49f32e70B2D",
  "startBlock": "0",
  "endBlock": "3",
  "finalContractBalanceWei": "0",
  "deployer": "0xA6c9E070fcD7355F4Ca8664A98B3f2FB372f9AaC",
  "party": "0x7BC9635f1213DDad2966eb8f54c74CAa37790eda",
  "counterparty": "0x8BA0F4e78aB0569362CB43230DF24C2598f8862F",
  "fundingWei": "1000000000000000000",
  "timelocks": [
    8
  ],
  "transactions": [
    {
      "role": "deploy",
      "txHash": "0x0a4c34be668ccbf1017fd83076adc7cc1c948b6bf2879ed07f2b05eca6356564"
    },
    {
      "role": "fund",
      "txHash": "0xa9b07accf49e31b6fd9e383750a889ade517311920d50294cdbebd3602dcb0ae"
    },
    {
      "role": "claim",
      "txHash": "0x6a3830e563ad254e36f577e9a2acfd40cb6eab3c78450c39075159c6c500a71a",
      "level": 0,
      "option": 0
    }
  ],
  "txRoles": [
    {
      "role": "deploy",
      "txHash": "0x0a4c34be668ccbf1017fd83076adc7cc1c948b6bf2879ed07f2b05eca6356564"
    },
    {
      "role": "fund",
      "txHash": "0xa9b07accf49e31b6fd9e383750a889ade517311920d50294cdbebd3602dcb0ae"
    },
    {
      "role": "claim",
      "txHash": "0x6a3830e563ad254e36f577e9a2acfd40cb6eab3c78450c39075159c6c500a71a",
      "level": 0,
      "option": 0
    }
  ],
  "deployTxHash": "0x0a4c34be668ccbf1017fd83076adc7cc1c948b6bf2879ed07f2b05eca6356564",
  "fundTxHash": "0xa9b07accf49e31b6fd9e383750a889ade517311920d50294cdbebd3602dcb0ae",
  "claimTxHash": "0x6a3830e563ad254e36f577e9a2acfd40cb6eab3c78450c39075159c6c500a71a",
  "txHash": "0x6a3830e563ad254e36f577e9a2acfd40cb6eab3c78450c39075159c6c500a71a",
  "tx": "0x6a3830e563ad254e36f577e9a2acfd40cb6eab3c78450c39075159c6c500a71a"
}
