ganache v7.9.2 (@ganache/cli: 0.10.2, @ganache/core: 0.10.2)
Starting RPC server

Available Accounts
==================
(0) 0xE96D33b9C034C7aD41E3FCcc95a6Cb8C3Bb9020d (1000 ETH)
(1) 0xF1C175D65e18C5E75CC6e9C2aceEB439fad1e180 (1000 ETH)
(2) 0x61a8c9630E448DdDE17918B0dAf68aEd2e91F1Ad (1000 ETH)
(3) 0x7e0CE06ade6dBC1326D89cf8810aBF469F029B10 (1000 ETH)
(4) 0x169782692eb5569DCDdc82f07a319cf70681d001 (1000 ETH)
(5) 0x7118E3455F9935D25F92686BbbbfA35040b6A28c (1000 ETH)
(6) 0x0de51c5317597D1b99EbfC9Dd82985B0b61FdC8c (1000 ETH)
(7) 0xc58A70BfBaAcFaC155EF8DEeb87a3253874016b6 (1000 ETH)
(8) 0xC4E040C8B3E18684c38AfdE8A695D5f19b1c940E (1000 ETH)
(9) 0x0132ea0D0D1BF419065A27C90C130b2bF0608A1a (1000 ETH)

Private Keys
==================
(0) 0x6edf9713bf31cb3850b8499cc0f53ce557d44054767fc08a8fe990c3cd39cea5
(1) 0x0d73a490c3ebcce14efec23aa541920d3d790224374b82789afa4b84367e9ef9
(2) 0x01e5bc9efb866248baea86047e6c586159b46c443520b638de11a7fb448bfb33
(3) 0x92a44e06e84f3344d68c7bd6863a0f358c0f89fc3579eea12a8bca7ebdad8bb5
(4) 0xaa871fbb26e240d67768ddb553c8d856d89dcb95d31c82199c3ca161395fcc7c
(5) 0x52831e9dbb7da7a816d6b1039843fb40e670ead941d30daa63921aa60173aecb
(6) 0x50f4b034f674cb71dc28046bb9dce3e320d085bc76c01884bf15f30051d41386
(7) 0xb7a48947a7016cf83224fb4ea972a503c3d5f2875447f8810124a69c71fcf200
(8) 0x4fb68cda317bb2752bf1a367dc8d793295c093b27189d64cdabb3c2d01655e1f
(9) 0x81735dd7214fc8cef5098e70879ec0dd4151d8cdef335e66519f1441b6d5d0e3

HD Wallet
==================
Mnemonic:      castle benefit win tuition desert antenna scrub split brown ticket leaf acquire
Base HD Path:  m/44'/60'/0'/0/{account_index}

Default Gas Price
==================
2000000000

BlockGas Limit
==================
30000000

Call Gas Limit
==================
50000000

Chain
==================
Hardfork: shanghai
Id:       1337

RPC Listening on 127.0.0.1:8545
web3_clientVersion
eth_blockNumber
net_version
eth_accounts
eth_accounts
eth_blockNumber
net_version
eth_getBlockByNumber
eth_estimateGas
eth_getBlockByNumber
eth_gasPrice
eth_sendTransaction

  Transaction: 0x933b8e88f2bdd2d1e75787aeb8b81b6fc120f359748acc8d57cd492ba7860967
  Contract created: 0x62879a19fdc8567f1dbdfcc528d12a9b4af84673
  Gas usage: 1100987
  Block number: 1
  Block time: Fri May 08 2026 00:13:55 GMT+0700 (Indochina Time)

eth_getTransactionReceipt
eth_getCode
eth_getTransactionReceipt
eth_getBlockByNumber
eth_gasPrice
eth_sendTransaction

  Transaction: 0x03a6d4151f817bf9168088e49b10dbb919bb9512b046fe9c40bf52ff49700ac5
  Gas usage: 21055
  Block number: 2
  Block time: Fri May 08 2026 00:13:55 GMT+0700 (Indochina Time)

eth_getTransactionReceipt
eth_blockNumber
evm_mine
eth_blockNumber
evm_mine
eth_blockNumber
evm_mine
eth_blockNumber
evm_mine
eth_blockNumber
net_version
eth_getBlockByNumber
eth_estimateGas
eth_getBlockByNumber
eth_gasPrice
eth_sendTransaction

  Transaction: 0x73aad6f3bcf9d2cb1d1122e28b76e71aaae0482de33f07310a86be27151486a5
  Gas usage: 59561
  Block number: 7
  Block time: Fri May 08 2026 00:13:55 GMT+0700 (Indochina Time)

eth_getTransactionReceipt
eth_blockNumber
eth_getBalance
eth_getTransactionByHash
debug_traceTransaction
eth_getTransactionByHash
debug_traceTransaction
eth_getTransactionByHash
debug_traceTransaction

Received shutdown signal: SIGTERM
Shutting down…
Server has been shut down
