Using network 'development'.

{
  "ok": true,
  "graph_id": "",
  "pair": "B->A|evm|fund:ba",
  "pairKey": "B->A|evm|fund:ba",
  "contract": "CTLCOnly",
  "scenario": "refund",
  "deployGas": "0x10ccbb",
  "gasUsed": "59561",
  "disableGasUsed": "0",
  "claimGasUsed": "",
  "refundGasUsed": "59561",
  "contractAddress": "0x267a75033433Db9F191FAA6Ee10c431958f405ab",
  "startBlock": "0",
  "endBlock": "7",
  "finalContractBalanceWei": "0",
  "deployer": "0x8D6bcf0B62FE620e13131F6a8B8806393d0Efb44",
  "party": "0x81537cC1BA9DC6AD4eFFE1FeC7279147992110F6",
  "counterparty": "0x30F792c966ee3D6f1a264C33A292e374f443A991",
  "fundingWei": "1000000000000000000",
  "timelocks": [
    6
  ],
  "transactions": [
    {
      "role": "deploy",
      "txHash": "0x069488d6d5d8f59cda993efc0824b1387af15154baf14429d68d8d0de0c3e342"
    },
    {
      "role": "fund",
      "txHash": "0xe472ef2d77b9eb4cbfbb8c9cd9f24569b9c4e91a34e0cee708bb56e07eb3b141"
    },
    {
      "role": "refund",
      "txHash": "0xc534ad2d7ece68c71e417c6a252e0f518bb1ad379e74818f1c031e10d563a1d9",
      "level": 0
    }
  ],
  "txRoles": [
    {
      "role": "deploy",
      "txHash": "0x069488d6d5d8f59cda993efc0824b1387af15154baf14429d68d8d0de0c3e342"
    },
    {
      "role": "fund",
      "txHash": "0xe472ef2d77b9eb4cbfbb8c9cd9f24569b9c4e91a34e0cee708bb56e07eb3b141"
    },
    {
      "role": "refund",
      "txHash": "0xc534ad2d7ece68c71e417c6a252e0f518bb1ad379e74818f1c031e10d563a1d9",
      "level": 0
    }
  ],
  "deployTxHash": "0x069488d6d5d8f59cda993efc0824b1387af15154baf14429d68d8d0de0c3e342",
  "fundTxHash": "0xe472ef2d77b9eb4cbfbb8c9cd9f24569b9c4e91a34e0cee708bb56e07eb3b141",
  "refundTxHash": "0xc534ad2d7ece68c71e417c6a252e0f518bb1ad379e74818f1c031e10d563a1d9",
  "refundTx": "0xc534ad2d7ece68c71e417c6a252e0f518bb1ad379e74818f1c031e10d563a1d9"
}
