ganache v7.9.2 (@ganache/cli: 0.10.2, @ganache/core: 0.10.2)
Starting RPC server

Available Accounts
==================
(0) 0xa56155218eeDe1A49261F84396840ca74e5B57A3 (1000 ETH)
(1) 0x64ec4a5F39Ec7638A08766046668B0F1689BAFFb (1000 ETH)
(2) 0x12ed35c706CB40DD8F4A8B9f851E0fe1a839b9F9 (1000 ETH)
(3) 0x70bb1Ff4EA8953d7F71AB5081c3B338b1E2AcfD7 (1000 ETH)
(4) 0x4Bd1f418Ce230D095243e91a72e59496B482b539 (1000 ETH)
(5) 0x17931C0b7fe4F9F6FD33BbDEd5C9dA0127831d49 (1000 ETH)
(6) 0x9eF860Be11f1A4A6313559b26669f7eB5B3c6C51 (1000 ETH)
(7) 0x3eA9a858e2Fe0DBA01F3A579c55Be371A6d8FB37 (1000 ETH)
(8) 0xdED8bcacCa1286e0cc3fD2934D1690Fa8c7138A9 (1000 ETH)
(9) 0x32fDa61e956Eee15Ee06728E7DbC3E42f7388C5a (1000 ETH)

Private Keys
==================
(0) 0x285ad6b17e08b92fc56cc0fe71079c03b02afeb9757e9a47e55efffdf07bc1cc
(1) 0x7195652e6013b1d7e483c7ab2be9c5594bda4bb7667911154783619bf84d3c74
(2) 0x66460caf066b90d26bfedf32f5a7880814fedacfd246a55177fbf819cd6e2e81
(3) 0x89c61e4292ae724439b544354ec4281fd6dc8df16cccff48cbed0b019a1d8e17
(4) 0xe4a88842ddd52b57f020f18de6b2c27ac8300a43270486389d7aa5f36ba961e9
(5) 0xc7d3c1473aa6a8fc6633edca56f921350555e27fe93bab4e703aaf0a06be95fe
(6) 0xddc7be299c21f105736dea41b16b4e15716b5fc57d68e5064b59e8418b886bd1
(7) 0xe4a0aa0ebfd25c34f690caa0b9d599be608f25e6459c5ae0d6ab5effe77a4f81
(8) 0x1f1e663a149906be92cc1eb6d6d7755f27e8df7d084af3060540611a672c9598
(9) 0x870e91276058e3fdfcd8909a94de18ea2123cd8bb4ccc53cac524ce29fc0e22b

HD Wallet
==================
Mnemonic:      alert involve drastic sight unhappy grace leg digital already october scare arrow
Base HD Path:  m/44'/60'/0'/0/{account_index}

Default Gas Price
==================
2000000000

BlockGas Limit
==================
30000000

Call Gas Limit
==================
50000000

Chain
==================
Hardfork: shanghai
Id:       1337

RPC Listening on 127.0.0.1:8545
web3_clientVersion
eth_blockNumber
net_version
eth_accounts
eth_accounts
eth_blockNumber
net_version
eth_getBlockByNumber
eth_estimateGas
eth_getBlockByNumber
eth_gasPrice
eth_sendTransaction

  Transaction: 0x8e251e80e004df2af6490dbf70252d0531aa3cb6107a259af7d5e79550093165
  Contract created: 0x17833ce5dfcceb5883c1043a2892441c49b29efc
  Gas usage: 1123887
  Block number: 1
  Block time: Fri May 08 2026 02:04:48 GMT+0700 (Indochina Time)

eth_getTransactionReceipt
eth_getCode
eth_getTransactionReceipt
eth_getBlockByNumber
eth_gasPrice
eth_sendTransaction

  Transaction: 0xfd30b6ea1d065c2d832000802af155035321cbe38243eea7c954bc2bbc8f813e
  Gas usage: 21055
  Block number: 2
  Block time: Fri May 08 2026 02:04:48 GMT+0700 (Indochina Time)

eth_getTransactionReceipt
eth_blockNumber
evm_mine
eth_blockNumber
evm_mine
eth_blockNumber
evm_mine
eth_blockNumber
evm_mine
eth_blockNumber
evm_mine
eth_blockNumber
net_version
eth_getBlockByNumber
eth_estimateGas
eth_getBlockByNumber
eth_gasPrice
eth_sendTransaction

  Transaction: 0x2c24a7af63d9fc6d7592f69a2708cf9c7033e7349ed3cd4169ff79ee0369feba
  Gas usage: 59561
  Block number: 8
  Block time: Fri May 08 2026 02:04:48 GMT+0700 (Indochina Time)

eth_getTransactionReceipt
eth_blockNumber
eth_getBalance
eth_getTransactionByHash
debug_traceTransaction
eth_getTransactionByHash
debug_traceTransaction
eth_getTransactionByHash
debug_traceTransaction

Received shutdown signal: SIGTERM
Shutting down…
Server has been shut down
