ganache v7.9.2 (@ganache/cli: 0.10.2, @ganache/core: 0.10.2)
Starting RPC server

Available Accounts
==================
(0) 0xFb4255907208dEe408B09F55D3C8D03Efe767888 (1000 ETH)
(1) 0xbefac187A3FA9EFF4fd4763C2c1bAA3eEEC23Ba9 (1000 ETH)
(2) 0x9A5107b8051905e6D2d1aeF9CE5dE1699E9Ba256 (1000 ETH)
(3) 0x01bD9C92c75206FFa15AF4e602CC0e635A78Dd18 (1000 ETH)
(4) 0xfEDF946F1eBe3970F9981588a68AB0139c739842 (1000 ETH)
(5) 0x441Da5c53Ca365257E1fA0ba39eAef416AfA7f82 (1000 ETH)
(6) 0xb8A840E9203adAbd0e68BE3C5cC2B765f1b18f24 (1000 ETH)
(7) 0x16B67a2c6028be408CD4BE5233Ba5c175c343450 (1000 ETH)
(8) 0xC33324f7062b7FBF03E9Ffc7cC3c17A7B6C25d8C (1000 ETH)
(9) 0x57dBf818bAff2c9d6f88710094898e0452aF6Aee (1000 ETH)

Private Keys
==================
(0) 0xa6abfbf01acceb74dce4d4b00b0f83ea7d56f78c7ab1b685c3f4083bd4eac7ac
(1) 0x8fc02c6ed15acaa7aefe2347ac0d49a1c46701c264ef86f994201222b21540eb
(2) 0x29369764331dd4bb913ef0c667103629999b0516848c798bd49f7a71ce130a5f
(3) 0xa3dbbef09c025e6bca88c74ee3145d59c8aa15447386651ce80441ddab121de1
(4) 0x2a278c805ec41178f7e545ccdf801b4296dd4941b835f44c3332860e86b5841d
(5) 0x10ebb37166d38b63958271e5205aec02dc7462bec4330f74f17b6b878ad9d224
(6) 0xea91506601936c6f1b02005cd7423a33cd07606cbfd717210d7eafe6c42a9f26
(7) 0xfef4c4b2f528ab2d005ac8526bc19f00f953e60eb528cc732894648ab93de885
(8) 0x96eadf34aa7d35ff79da7d5f687914ba114adcc92c1f37e201cace033b108809
(9) 0xec11ab7cf7487d85210cf4ad320a692ee7eef7ebeafc7a0ea927de0caf41117b

HD Wallet
==================
Mnemonic:      cupboard decline hospital language clap all symptom cycle mail basket eternal pistol
Base HD Path:  m/44'/60'/0'/0/{account_index}

Default Gas Price
==================
2000000000

BlockGas Limit
==================
30000000

Call Gas Limit
==================
50000000

Chain
==================
Hardfork: shanghai
Id:       1337

RPC Listening on 127.0.0.1:8545
web3_clientVersion
eth_blockNumber
net_version
eth_accounts
eth_accounts
eth_blockNumber
net_version
eth_getBlockByNumber
eth_estimateGas
eth_getBlockByNumber
eth_gasPrice
eth_sendTransaction

  Transaction: 0x6d97db4064fb09c376b287a31e86e59e0c0e71a51a221f0c5d2df6abc9cea25e
  Contract created: 0x1ebd841c41eac4e85b1f74a54e659d3500a6fb83
  Gas usage: 1100987
  Block number: 1
  Block time: Fri May 08 2026 02:37:44 GMT+0700 (Indochina Time)

eth_getTransactionReceipt
eth_getCode
eth_getTransactionReceipt
eth_getBlockByNumber
eth_gasPrice
eth_sendTransaction

  Transaction: 0x98ffe0a2b38e8367c20c7a8ae66a6eaf58b25c609943623ebcc0f398961adb87
  Gas usage: 21055
  Block number: 2
  Block time: Fri May 08 2026 02:37:45 GMT+0700 (Indochina Time)

eth_getTransactionReceipt
net_version
eth_getBlockByNumber
eth_estimateGas
eth_getBlockByNumber
eth_gasPrice
eth_sendTransaction

  Transaction: 0x6e5ce6521fda8f6dbb349488f4a721183bcac841db5d1b61c90c9abbdaf91e2e
  Gas usage: 64620
  Block number: 3
  Block time: Fri May 08 2026 02:37:45 GMT+0700 (Indochina Time)

eth_getTransactionReceipt
eth_blockNumber
eth_getBalance
eth_getTransactionByHash
debug_traceTransaction
eth_getTransactionByHash
debug_traceTransaction
eth_getTransactionByHash
debug_traceTransaction

Received shutdown signal: SIGTERM
Shutting down…
Server has been shut down
