Using network 'development'.

{
  "ok": true,
  "graph_id": "",
  "pair": "B->C|evm|fund:bc",
  "pairKey": "B->C|evm|fund:bc",
  "contract": "CTLCMultipleEdges",
  "scenario": "refund",
  "deployGas": "0x15b59a",
  "gasUsed": "59539",
  "disableGasUsed": "0",
  "claimGasUsed": "",
  "refundGasUsed": "59539",
  "contractAddress": "0x69E0Ef3864c8B81Eb8D4044dB51bBA3539516eD0",
  "startBlock": "0",
  "endBlock": "12",
  "finalContractBalanceWei": "0",
  "deployer": "0x0C250e25fbFd20e2D4c6956803077EDfFE56e913",
  "party": "0x0697287f48287F870c0A014500873830dDB1FD2d",
  "counterparty": "0xDcC736Bc2E455d63be688FaAAd1604ec8ef64f1A",
  "fundingWei": "1000000000000000000",
  "timelocks": [
    11
  ],
  "transactions": [
    {
      "role": "deploy",
      "txHash": "0x36ee7ccf090fe6e551d92e329bf917cfb6c2e45e2c3a3c63d1863d01c99d8bee"
    },
    {
      "role": "fund",
      "txHash": "0x83e29d8aca6fd9b07cb3edad29c79c415579b1e51f49f5c2dec95f3ab5260069"
    },
    {
      "role": "refund",
      "txHash": "0xeda71929bb0772c677b7435fda714e34295f8c55b3019b3eb800d1c9398511bb",
      "level": 0
    }
  ],
  "txRoles": [
    {
      "role": "deploy",
      "txHash": "0x36ee7ccf090fe6e551d92e329bf917cfb6c2e45e2c3a3c63d1863d01c99d8bee"
    },
    {
      "role": "fund",
      "txHash": "0x83e29d8aca6fd9b07cb3edad29c79c415579b1e51f49f5c2dec95f3ab5260069"
    },
    {
      "role": "refund",
      "txHash": "0xeda71929bb0772c677b7435fda714e34295f8c55b3019b3eb800d1c9398511bb",
      "level": 0
    }
  ],
  "deployTxHash": "0x36ee7ccf090fe6e551d92e329bf917cfb6c2e45e2c3a3c63d1863d01c99d8bee",
  "fundTxHash": "0x83e29d8aca6fd9b07cb3edad29c79c415579b1e51f49f5c2dec95f3ab5260069",
  "refundTxHash": "0xeda71929bb0772c677b7435fda714e34295f8c55b3019b3eb800d1c9398511bb",
  "refundTx": "0xeda71929bb0772c677b7435fda714e34295f8c55b3019b3eb800d1c9398511bb"
}
