ganache v7.9.2 (@ganache/cli: 0.10.2, @ganache/core: 0.10.2)
Starting RPC server
web3_clientVersion

Available Accounts
==================
(0) 0xFadaAfb7DcD0550dbDff2fd67d8EDb5bFb1FF6B2 (1000 ETH)
(1) 0x4b3e0F1876DE893f468E4aD2C4eC4c8446aB80EB (1000 ETH)
(2) 0x3664eac5B85966226cf6ee1303Cca65cEF76CD76 (1000 ETH)
(3) 0xC65d8A52d556b342d7152E0CAd4A8aB958D3B588 (1000 ETH)
(4) 0xB21f6450D21c1B19283eCA68430a4D1115411c75 (1000 ETH)
(5) 0xeC50da323f8159BFAD8B4bfF6153E1A8dDb010a0 (1000 ETH)
(6) 0x0d4EbD8fdA60a8A3C941039Fc4A8f6f2511F4B87 (1000 ETH)
(7) 0x936EEab68F2789A7cfab4f7963Fa023Da3c61C4e (1000 ETH)
(8) 0xc6784d00Ff872028e81f1A0916e67d3A1ffa1816 (1000 ETH)
(9) 0x0371660186aE54c0efaDdbC944A971C232D3fa94 (1000 ETH)

Private Keys
==================
(0) 0x84a611670efe2142b6ab491df14d6075dc941e16b724eabf626b9770669b7b36
(1) 0x19cb6a1078f5bd0678c1f0aeca8bd27ecedb36845246aeeed3939a50432b460b
(2) 0x7dfcdecf32a901e17bb37b45750c34236c02d5981e98b50cde95629ae7ac8708
(3) 0x2cbd4ce1d64eaf624d3da45db651cac163c611f2a0fe1e1b801d423681301e67
(4) 0x3b4a851202934d938c1cb8f5e6b9f5435d5414c2299b9ea439f7424e1f54118c
(5) 0x65bbcbe71a31f9e0f19e6d30c0ef0dbea5a0acece9e0a5b96278cc4b0927cc5c
(6) 0x46331cc9bd6bb15c47f7dc14436fcf6cca225f8d3b177bd861b383209a6aa47b
(7) 0x950a9701b98181101ab2eecff00f3493e4d676643ede97b3da81b2b431305e9c
(8) 0xcf8e7a26f35327f6ef0da96c59615e3fdffc03fd1acef47818f8d2980c43f9b2
(9) 0x265207f4665ad1467e38f6952f099617c9c004323523fa0a39c4caa20fe2a31c

HD Wallet
==================
Mnemonic:      unable rebel object salt puppy muscle margin forget flush ketchup lamp furnace
Base HD Path:  m/44'/60'/0'/0/{account_index}

Default Gas Price
==================
2000000000

BlockGas Limit
==================
30000000

Call Gas Limit
==================
50000000

Chain
==================
Hardfork: shanghai
Id:       1337

RPC Listening on 127.0.0.1:8545
eth_blockNumber
net_version
eth_accounts
eth_accounts
eth_blockNumber
net_version
eth_getBlockByNumber
eth_estimateGas
eth_getBlockByNumber
eth_gasPrice
eth_sendTransaction

  Transaction: 0x256c5e681e0857b9776aad9e506524f51d561cfbfade4f4be78807d3e3f1d7a0
  Contract created: 0x3ae711f398bf6a591bded886503e987a96b1bde8
  Gas usage: 1100987
  Block number: 1
  Block time: Thu May 07 2026 22:17:45 GMT+0700 (Indochina Time)

eth_getTransactionReceipt
eth_getCode
eth_getTransactionReceipt
eth_getBlockByNumber
eth_gasPrice
eth_sendTransaction

  Transaction: 0x1f156553e344df0b63c21fd53e7782067a159ccd5b1b53848deedf942c33935d
  Gas usage: 21055
  Block number: 2
  Block time: Thu May 07 2026 22:17:45 GMT+0700 (Indochina Time)

eth_getTransactionReceipt
eth_blockNumber
evm_mine
eth_blockNumber
evm_mine
eth_blockNumber
evm_mine
eth_blockNumber
evm_mine
eth_blockNumber
net_version
eth_getBlockByNumber
eth_estimateGas
eth_getBlockByNumber
eth_gasPrice
eth_sendTransaction

  Transaction: 0x4f16e9bdcf04c734e2bfbabf5ec2a4da78c7921c310daab18755fb030a643160
  Gas usage: 59561
  Block number: 7
  Block time: Thu May 07 2026 22:17:45 GMT+0700 (Indochina Time)

eth_getTransactionReceipt
eth_blockNumber
eth_getBalance
eth_getTransactionByHash
debug_traceTransaction
eth_getTransactionByHash
debug_traceTransaction
eth_getTransactionByHash
debug_traceTransaction

Received shutdown signal: SIGTERM
Shutting down…
Server has been shut down
