ganache v7.9.2 (@ganache/cli: 0.10.2, @ganache/core: 0.10.2)
Starting RPC server

Available Accounts
==================
(0) 0x60aAC51C0Eb31e12E5fEF413DB380C1114647fc1 (1000 ETH)
(1) 0x454033556a5Ee02cF028382C24D400ED776902ae (1000 ETH)
(2) 0x06295EB0bDa258F79CFEA50c49d4075BF72680ba (1000 ETH)
(3) 0x5d1C577A05e7dC9C6d0528439926ae3965834B0F (1000 ETH)
(4) 0xe27059c960E7E801bE585959fb855296134dA281 (1000 ETH)
(5) 0xbfd45d11D61777DDcF8327de268Edc9c065e72A3 (1000 ETH)
(6) 0x529A83585EF17143D89791F0aD01Dd2D1A174703 (1000 ETH)
(7) 0xa424040334F46Fc4589f26eA77A7FAd2e79500E2 (1000 ETH)
(8) 0xEdB20a7855Afc7F07c09fab27200e2958fbb6F6E (1000 ETH)
(9) 0x0Fe0BE27f2617c57a4F7cbBE3aF36b7D975fC7a6 (1000 ETH)

Private Keys
==================
(0) 0xf4a32f818f05c770e444838e60db7024fe4218a5325897063522a52943520706
(1) 0xe1f28685ac6fd21bc37a164711e8681d48d63b5bed6aa7ade1ef3cdee445b709
(2) 0x2c9743c65d57816683c3b00a3641343ce47511c1deca7f5a2674f1ab91d40f95
(3) 0x86d957c4c158303ee388042343274e8063d3768f7c3770a1c3bcd8d227ad1937
(4) 0x75957f15c515c5f2610c42a6651e96b7a3df476a2f169205b2d9cb19558bbb5b
(5) 0x2cb935291aa385a68293d62c556901068ee4bb01d2d78f26efbf3f6f67058db2
(6) 0xd75c0bc0a56f48d14fc3fb2ecb92ef434d99de6b7d423dec73f536fd0907433a
(7) 0x169735cf07f092d3f67181b207c06d0060af62f2c5bbe0326de173ce9835d4ec
(8) 0xf9ff70e6c37963293215d489bca3d48410a3dca33d21c6beb9714636a714f463
(9) 0xa0fced56d111748b10ef750fa5e0b8e6337b7b77eac60ee8684cbdcc56e59dd9

HD Wallet
==================
Mnemonic:      despair hood wire tumble sister employ lava voyage planet nose embody unveil
Base HD Path:  m/44'/60'/0'/0/{account_index}

Default Gas Price
==================
2000000000

BlockGas Limit
==================
30000000

Call Gas Limit
==================
50000000

Chain
==================
Hardfork: shanghai
Id:       1337

RPC Listening on 127.0.0.1:8545
web3_clientVersion
eth_blockNumber
net_version
eth_accounts
eth_accounts
eth_blockNumber
net_version
eth_getBlockByNumber
eth_estimateGas
eth_getBlockByNumber
eth_gasPrice
eth_sendTransaction

  Transaction: 0xab98bf3794a0b29ed9f8308a66986132a480734e98cc6ab48cc05da980874a27
  Contract created: 0x3b47c5f5d8f7dd02b7d06d3cf35cbea426ed78b4
  Gas usage: 1193626
  Block number: 1
  Block time: Fri May 08 2026 01:03:55 GMT+0700 (Indochina Time)

eth_getTransactionReceipt
eth_getCode
eth_getTransactionReceipt
eth_getBlockByNumber
eth_gasPrice
eth_sendTransaction

  Transaction: 0x005965a0e37d5b8dba156326b2c4e3b090fe3a50d19ba3f4243cee35ff725277
  Gas usage: 21055
  Block number: 2
  Block time: Fri May 08 2026 01:03:55 GMT+0700 (Indochina Time)

eth_getTransactionReceipt
eth_blockNumber
evm_mine
eth_blockNumber
evm_mine
eth_blockNumber
evm_mine
eth_blockNumber
evm_mine
eth_blockNumber
net_version
eth_getBlockByNumber
eth_estimateGas
eth_getBlockByNumber
eth_gasPrice
eth_sendTransaction

  Transaction: 0xbeecd9bf822690b013f76237faca3df84fc96bd93a5677ac9465089bf243f64d
  Gas usage: 59539
  Block number: 7
  Block time: Fri May 08 2026 01:03:55 GMT+0700 (Indochina Time)

eth_getTransactionReceipt
eth_blockNumber
eth_getBalance
eth_getTransactionByHash
debug_traceTransaction
eth_getTransactionByHash
debug_traceTransaction
eth_getTransactionByHash
debug_traceTransaction

Received shutdown signal: SIGTERM
Shutting down…
Server has been shut down
