COMMAND: python3 experiments/scale_trace/scripts/trace_result_json.py /home/aothuatgiadp/blockchain/project/CTLC-Implementation/experiments/scale_trace/runs/random_v1_208/E-_A_evm_fund_ea_CTLCOnly_refund/result.json /home/aothuatgiadp/blockchain/project/CTLC-Implementation/experiments/scale_trace/runs/random_v1_208/E-_A_evm_fund_ea_CTLCOnly_refund/trace.json
STATUS: 0

STDOUT:
{
  "graph_id": "",
  "pair": "E->A|evm|fund:ea",
  "contract": "CTLCOnly",
  "scenario": "refund",
  "contractAddress": "0x16501f88da80bD7793187bcEE9D0128648C7B78e",
  "traces": {
    "deploy": {
      "tx_hash": "0xd3af3317e1564960b2349e334bb6fd2e253f202831450f3a4ea81aa62bbf2abc",
      "actual_calldata_bytes": 7091,
      "actual_sstore_count": 8,
      "actual_call_count": 0,
      "opcode_steps": 1286
    },
    "fund": {
      "tx_hash": "0x23e949ea8cff1c31b6a096bde136dbae3b4a51cc2afaca9b7e03792200997552",
      "actual_calldata_bytes": 0,
      "actual_sstore_count": 0,
      "actual_call_count": 0,
      "opcode_steps": 13
    },
    "refund_level0": {
      "tx_hash": "0x7af490d24eb5c41f1c59cf5685ec0bae51caa06be8b4193f775feb3bb90fadbd",
      "actual_calldata_bytes": 4,
      "actual_sstore_count": 1,
      "actual_call_count": 1,
      "opcode_steps": 229
    }
  }
}


STDERR:

