ganache v7.9.2 (@ganache/cli: 0.10.2, @ganache/core: 0.10.2)
Starting RPC server

Available Accounts
==================
(0) 0xac0EBbfB39B0c3145D8f9F20F31B5f3Ec5515216 (1000 ETH)
(1) 0xfd45c060c845b0554415Fea6b7164af96C080bE1 (1000 ETH)
(2) 0xe4AAA457Ff2FB7B4248dF4fa5B0544865Ee7a990 (1000 ETH)
(3) 0x8DdD0f772F94E21a9b92fac28b6871047deBEb33 (1000 ETH)
(4) 0x69Ab6513576c75215b1a5c2268971E5724220235 (1000 ETH)
(5) 0x76b8C776C3290bbB57745CA89aad2745B101e6e8 (1000 ETH)
(6) 0xad24a57C705BD36320C6961308665b08103F5C1E (1000 ETH)
(7) 0xcB7889F7fD73d8343e2CC3f3252564D0B9be166d (1000 ETH)
(8) 0x3Fb5818e47091524d7096B3D19ebF627F0e55895 (1000 ETH)
(9) 0x52740E00b4e7d37Ba19Ce916aa4679C9c639f8fB (1000 ETH)

Private Keys
==================
(0) 0x83a74a329078d98e2c5086316685a8b872eaf1e9a6baed7da0497842cfdda46d
(1) 0x273966aeefa4d9d6f29991df8a4571d1abb2f3c881fe3310ad23227a94fe92fb
(2) 0x4eae8ed9294410a65cac9712c731bb047a528c34924e516ec0dbebda51c26f59
(3) 0x4d6760d17144cc87f6e67975bc02faa78c0d098dee06a6c5b5bb7347a2fc9e08
(4) 0x61ccb0e5e924db62932045d19883e7aaa1c1f9d1eaa00799b9e0d1be8f1262fd
(5) 0x1dfe328fdede14256c72c831902ea09b9409e49288e73d8fbebb85df27187aea
(6) 0x7fbca797092bad7f3c1be2b733ed77770a9114a2a6281a7b70aed41353c92ce2
(7) 0x972ee08b80f0a95e911df2e21d6db4468cfacefe13aaa39e7afef6fe305d41ce
(8) 0x93bf68b89b6af4a1acfe0404a53b0f6943f91d4c57dba1f4db4990b5f7436d03
(9) 0x84cbeb26c2983304a9bdb27c1bcb95815cd4e8754fda5c1b9e4e2ecea6e0a903

HD Wallet
==================
Mnemonic:      master tiger fatal cross mercy hobby venue cactus cotton multiply novel corn
Base HD Path:  m/44'/60'/0'/0/{account_index}

Default Gas Price
==================
2000000000

BlockGas Limit
==================
30000000

Call Gas Limit
==================
50000000

Chain
==================
Hardfork: shanghai
Id:       1337

RPC Listening on 127.0.0.1:8545
web3_clientVersion
eth_blockNumber
net_version
eth_accounts
eth_accounts
eth_blockNumber
net_version
eth_getBlockByNumber
eth_estimateGas
eth_getBlockByNumber
eth_gasPrice
eth_sendTransaction

  Transaction: 0x4035af50ca659447da7bcb5df24c60e280681c9383fdf8c14337ce05e08df12c
  Contract created: 0x91c6160e4b2b9bb9992d8fd23a84b0a46a877d16
  Gas usage: 1100987
  Block number: 1
  Block time: Fri May 08 2026 01:05:20 GMT+0700 (Indochina Time)

eth_getTransactionReceipt
eth_getCode
eth_getTransactionReceipt
eth_getBlockByNumber
eth_gasPrice
eth_sendTransaction

  Transaction: 0xcc3a6830a1e4e9843348aecbccb6b33b1ab024867fd3e5d9381f7cdb30388bb4
  Gas usage: 21055
  Block number: 2
  Block time: Fri May 08 2026 01:05:20 GMT+0700 (Indochina Time)

eth_getTransactionReceipt
eth_blockNumber
evm_mine
eth_blockNumber
evm_mine
eth_blockNumber
evm_mine
eth_blockNumber
evm_mine
eth_blockNumber
net_version
eth_getBlockByNumber
eth_estimateGas
eth_getBlockByNumber
eth_gasPrice
eth_sendTransaction

  Transaction: 0x704fb95c565494e19d4fad227e6af0411d51f56d69a169d22eea52a5bb8a2c21
  Gas usage: 59561
  Block number: 7
  Block time: Fri May 08 2026 01:05:20 GMT+0700 (Indochina Time)

eth_getTransactionReceipt
eth_blockNumber
eth_getBalance
eth_getTransactionByHash
debug_traceTransaction
eth_getTransactionByHash
debug_traceTransaction
eth_getTransactionByHash
debug_traceTransaction

Received shutdown signal: SIGTERM
Shutting down…
Server has been shut down
