ganache v7.9.2 (@ganache/cli: 0.10.2, @ganache/core: 0.10.2)
Starting RPC server

Available Accounts
==================
(0) 0xe5F9c446D2e20b6Af9a3A46dD9AdeACEaeE1438a (1000 ETH)
(1) 0xff5F4D31A6574d8A56F7eA4a408B67640932074f (1000 ETH)
(2) 0x14fF77dE4C4E39aCF273658D19e32E96B8D34d35 (1000 ETH)
(3) 0x1004Df3766Fde77143E3432559bBb88dAc955e98 (1000 ETH)
(4) 0xFcD95936Fe2413900a7f6ACB266d58abd3eFD3B6 (1000 ETH)
(5) 0x243cA2cC8308Fe073e85a1457a34352ADB5Bee25 (1000 ETH)
(6) 0x25268f83Efd845971593a2e32976a40C2D0b79bb (1000 ETH)
(7) 0x58f0d4790519bE0cBB9bb4FF7fc7B2AF41591464 (1000 ETH)
(8) 0x086846032f3462909284BeC6753E7334CeF71dF4 (1000 ETH)
(9) 0x90d404941F1eeD1cd55841908e22C15E3f2FA402 (1000 ETH)

Private Keys
==================
(0) 0x5af901864b7d96a66177d109e8bc3672a8e83fbbd3633711a05ad044e506de8d
(1) 0x9ef544aae9c683340d689542d0b6ec03c1c38445fdd8ad3473b39a4d78464693
(2) 0xb583e363b3899b1d4f9587f166199241fe8d7d379c28f9204ac2ca2fae5eff30
(3) 0x85b5cff0124047441a3a0f505184a5bfcc821dab2b1d9d8da8ddd675b8f68d57
(4) 0x0f80cd5fe61aadf546486318aa0fdc39e0477e3239cca2f52ef65090b1713d1b
(5) 0x173b5f52187a0eb3c63ff3cf99b40114ad7ebb2c6315ddd18dd9ffdd8a352986
(6) 0xe45c8927a1b2d94e5b7a7e8ad416e439456cf72d9835bda20dd2c1e187db1941
(7) 0x8733393119c503eb46cf3a6d140eebff2a80e1da46d561b31e0884d272fe0477
(8) 0xd14744a7d2fb2221796b2fb9f6fa5f3db1c6dc96f8ce5546efd077fcb4d6bae1
(9) 0xca182f91892c8850fb2e1ae48d79de23ee8fe0cd0d5beb87b45507cfc0a23fc5

HD Wallet
==================
Mnemonic:      surprise tomorrow you decline motor success fashion green outdoor question pistol immense
Base HD Path:  m/44'/60'/0'/0/{account_index}

Default Gas Price
==================
2000000000

BlockGas Limit
==================
30000000

Call Gas Limit
==================
50000000

Chain
==================
Hardfork: shanghai
Id:       1337

RPC Listening on 127.0.0.1:8545
web3_clientVersion
eth_blockNumber
net_version
eth_accounts
eth_accounts
eth_blockNumber
net_version
eth_getBlockByNumber
eth_estimateGas
eth_getBlockByNumber
eth_gasPrice
eth_sendTransaction

  Transaction: 0x3d5005d7dbcf0f0d16a7ab3c5f9cf639010b315b953694271dc1860d03d6e2e5
  Contract created: 0x449991659876cf946032c3735721d03952bbcefc
  Gas usage: 1239058
  Block number: 1
  Block time: Fri May 08 2026 01:06:36 GMT+0700 (Indochina Time)

eth_getTransactionReceipt
eth_getCode
eth_getTransactionReceipt
eth_getBlockByNumber
eth_gasPrice
eth_sendTransaction

  Transaction: 0x50948ac60db7dc5d7ca2bd05a5e4e83983115ac46629b72b26e4bcdd4296911d
  Gas usage: 21055
  Block number: 2
  Block time: Fri May 08 2026 01:06:36 GMT+0700 (Indochina Time)

eth_getTransactionReceipt
eth_blockNumber
evm_mine
eth_blockNumber
evm_mine
eth_blockNumber
evm_mine
eth_blockNumber
evm_mine
eth_blockNumber
evm_mine
eth_blockNumber
net_version
eth_getBlockByNumber
eth_estimateGas
eth_getBlockByNumber
eth_gasPrice
eth_sendTransaction

  Transaction: 0x6f0af4b11021cac5d4c413e3d7f68ca01881f7607882320e7f87860c5026145f
  Gas usage: 52947
  Block number: 8
  Block time: Fri May 08 2026 01:06:36 GMT+0700 (Indochina Time)

eth_getTransactionReceipt
net_version
eth_getBlockByNumber
eth_estimateGas
eth_getBlockByNumber
eth_gasPrice
eth_sendTransaction

  Transaction: 0xd53c500ae5e9e0e6cba9837cc920da11443328f78ea6164efaac82836ef74cb2
  Gas usage: 72886
  Block number: 9
  Block time: Fri May 08 2026 01:06:36 GMT+0700 (Indochina Time)

eth_getTransactionReceipt
eth_blockNumber
eth_getBalance
eth_getTransactionByHash
debug_traceTransaction
eth_getTransactionByHash
debug_traceTransaction
eth_getTransactionByHash
debug_traceTransaction
eth_getTransactionByHash
debug_traceTransaction

Received shutdown signal: SIGTERM
Shutting down…
Server has been shut down
