ganache v7.9.2 (@ganache/cli: 0.10.2, @ganache/core: 0.10.2)
Starting RPC server

Available Accounts
==================
(0) 0x674a1a0DFd04ea7192B30e86C5B8dCcAF9c16FA3 (1000 ETH)
(1) 0x702198668dE1dD3583B563dC54DCA7522AE00326 (1000 ETH)
(2) 0x4b13F6D79A9cB5F753B6ecB3589b0111054290Ca (1000 ETH)
(3) 0x83d6267d1b9863BA40D1C9b98c9df603F236b8d1 (1000 ETH)
(4) 0x0Ba198E0F8347FF7120AdBa836AC18E7A48E0558 (1000 ETH)
(5) 0x76986aCAA2DE53B37cE6458DC7f556362a95FcAF (1000 ETH)
(6) 0x019C6207778ce2739CD116aE7C3c511D45B361E0 (1000 ETH)
(7) 0x3AfC612b65745f7b60e72ACd14fe7D34714e9F88 (1000 ETH)
(8) 0x9F082e0c0A8ca9723fC462B58D08fd374f436ca9 (1000 ETH)
(9) 0x5146852591569f72Dbb042E15255E4a50cce7ce5 (1000 ETH)

Private Keys
==================
(0) 0x5b383d6cbeb631922ae5cd432c9b72d3862fe22f689c89825faed83d77cecf0a
(1) 0xb56292d65d8a877e1d767a8ff88c947eab8ba65125f0c05f9b59ab5e5af4afc4
(2) 0x78a718484e5e3a57bc63c9fade23022366876d5b7d32184e57c1303008e75489
(3) 0x254e159a95110c6d1a757e8343467c9895de38db4747aa88240b7bdc8f15d967
(4) 0x72c5fbd4c0015259470dfec368a8302906b735f1dfe70bcda2559af76154d6b6
(5) 0xbb4605ddc9a309e0b598894560f8411886612ffade7c655169950cc3932a53d5
(6) 0xa0a1b20f5dbc7545dd04b55a96ba8148e49a6081764aeae67a8372f9122b563e
(7) 0x9da9a387d0c2cd3e549a706f7c7881b03d6007c3bff24f06c70addac6b4d5d79
(8) 0x623f0115e32d36a8be8d4d568b10d29909af091534ad23284d70031b30431ae9
(9) 0xbd2adee01f85272f0ab7ae5192e81aa7830ec4944788bd79674d652ded0a4f52

HD Wallet
==================
Mnemonic:      skin salt fluid walk oval cook tobacco nothing twice summer rabbit float
Base HD Path:  m/44'/60'/0'/0/{account_index}

Default Gas Price
==================
2000000000

BlockGas Limit
==================
30000000

Call Gas Limit
==================
50000000

Chain
==================
Hardfork: shanghai
Id:       1337

RPC Listening on 127.0.0.1:8545
web3_clientVersion
eth_blockNumber
net_version
eth_accounts
eth_accounts
eth_blockNumber
net_version
eth_getBlockByNumber
eth_estimateGas
eth_getBlockByNumber
eth_gasPrice
eth_sendTransaction

  Transaction: 0xd9c0437cf0e0ba8ebcdab7dd4c825412a393d25d454474a960055056a7d36f8b
  Contract created: 0xe184f5cfba8d317a4761cca76d32d0129b41a7d6
  Gas usage: 1470231
  Block number: 1
  Block time: Fri May 08 2026 00:44:58 GMT+0700 (Indochina Time)

eth_getTransactionReceipt
eth_getCode
eth_getTransactionReceipt
eth_getBlockByNumber
eth_gasPrice
eth_sendTransaction

  Transaction: 0x92cb123d459b24be12027264cf9189cc557c6a9139fdaaa34c6d80bf04b35a62
  Gas usage: 21055
  Block number: 2
  Block time: Fri May 08 2026 00:44:58 GMT+0700 (Indochina Time)

eth_getTransactionReceipt
eth_blockNumber
evm_mine
eth_blockNumber
evm_mine
eth_blockNumber
evm_mine
eth_blockNumber
evm_mine
eth_blockNumber
evm_mine
eth_blockNumber
net_version
eth_getBlockByNumber
eth_estimateGas
eth_getBlockByNumber
eth_gasPrice
eth_sendTransaction

  Transaction: 0xf73bd9a9f395d7c36b1a31c424b82a4ba17b6533e97baf5146d0207b1bf039fe
  Gas usage: 52925
  Block number: 8
  Block time: Fri May 08 2026 00:44:58 GMT+0700 (Indochina Time)

eth_getTransactionReceipt
eth_blockNumber
net_version
eth_getBlockByNumber
eth_estimateGas
eth_getBlockByNumber
eth_gasPrice
eth_sendTransaction

  Transaction: 0x81fdd05ed434f1e6e83c93529a62ee9901829369037b166642935f14831c0956
  Gas usage: 59539
  Block number: 9
  Block time: Fri May 08 2026 00:44:58 GMT+0700 (Indochina Time)

eth_getTransactionReceipt
eth_blockNumber
eth_getBalance
eth_getTransactionByHash
debug_traceTransaction
eth_getTransactionByHash
debug_traceTransaction
eth_getTransactionByHash
debug_traceTransaction
eth_getTransactionByHash
debug_traceTransaction

Received shutdown signal: SIGTERM
Shutting down…
Server has been shut down
