ganache v7.9.2 (@ganache/cli: 0.10.2, @ganache/core: 0.10.2)
Starting RPC server

Available Accounts
==================
(0) 0x08DF51b63e2FC9E7B55C160190d21987f2BC6684 (1000 ETH)
(1) 0xEe5E63533ac02aC065d837f7575712084484c0D2 (1000 ETH)
(2) 0x4eD15222572000C4C9DDB39dfC2D054dB051951f (1000 ETH)
(3) 0xcBdcaFaB26aE0CDf57f47E96bf41b49788c8c660 (1000 ETH)
(4) 0x7F813dea280bc1ea556Bba21ac6C61B63561281c (1000 ETH)
(5) 0x00961d1c69e560E81c986cE93136823134156a83 (1000 ETH)
(6) 0xBf6643951196b3C7DaD0895F5501cdAE05E51B78 (1000 ETH)
(7) 0xC4872a20464E8e8cE885DF4F44B6a9fEC797Fa91 (1000 ETH)
(8) 0x89904D10a04778Cad95d80a1917F70c6809A5b14 (1000 ETH)
(9) 0x683523d565793686B8173C9bDaF9D705b3dF237e (1000 ETH)

Private Keys
==================
(0) 0x8dece860aa8402c1725c0a8a98e9b5140a7ddae583f2705d9b0310569de16ce6
(1) 0x652af2bd2b5dc2cf14f043b1129de3d414cd674b13e0de6fbe5e3f4bdd6eb169
(2) 0x5c28a201f84ff4cce31646a43edb98562fd9361663673ed79c4d1f255c1c2b38
(3) 0x8db700c823a8f91f1460b0bf093a74f34efce2528996b68598173836ce5704f3
(4) 0xbb1baf32ea14d71c6f3990b94c7df62aacd8acabd8e33a76e3782af53e716721
(5) 0x6b27755e8f55eeaa716688359c50c155d9c969f078dcf8b0d3aeeaeb0a9f47ac
(6) 0x05e667ecc03a31587000056d673dcbe94673a19796c0e3f92f25a9b4990ca41c
(7) 0x30ab900e55181600a3e68dca21c80682d3ad06542d0ba5152668c74c9ce51c67
(8) 0x8f3a2d232370f9484a82c0ebf81f9861c638daa15dbe470b92652ee848908fe8
(9) 0xbca804e42a8b68afa136aaa4e9f331ef673bb4a06676a5b445a471766fc42db8

HD Wallet
==================
Mnemonic:      error scheme educate blind travel outer icon champion mixture prefer push friend
Base HD Path:  m/44'/60'/0'/0/{account_index}

Default Gas Price
==================
2000000000

BlockGas Limit
==================
30000000

Call Gas Limit
==================
50000000

Chain
==================
Hardfork: shanghai
Id:       1337

RPC Listening on 127.0.0.1:8545
web3_clientVersion
eth_blockNumber
net_version
eth_accounts
eth_accounts
eth_blockNumber
net_version
eth_getBlockByNumber
eth_estimateGas
eth_getBlockByNumber
eth_gasPrice
eth_sendTransaction

  Transaction: 0xc4538584638eb322aa69cf0538993a10927739a9850c1221d282825a3140c7d4
  Contract created: 0x655292305084f39d89de1ff0b79c070f095b94a5
  Gas usage: 1400940
  Block number: 1
  Block time: Thu May 07 2026 20:25:08 GMT+0700 (Indochina Time)

eth_getTransactionReceipt
eth_getCode
eth_getTransactionReceipt
eth_getBlockByNumber
eth_gasPrice
eth_sendTransaction

  Transaction: 0x3063b06ba9e68da1825396df7cc5591d88d514cc8fa4fdc7092c2ff92290167f
  Gas usage: 21055
  Block number: 2
  Block time: Thu May 07 2026 20:25:08 GMT+0700 (Indochina Time)

eth_getTransactionReceipt
net_version
eth_getBlockByNumber
eth_estimateGas
eth_getBlockByNumber
eth_gasPrice
eth_sendTransaction

  Transaction: 0x61f6a56addd027f09195e057321798b2ea34113c30acddb7047725b158e892ef
  Gas usage: 71617
  Block number: 3
  Block time: Thu May 07 2026 20:25:08 GMT+0700 (Indochina Time)

eth_getTransactionReceipt
eth_blockNumber
eth_getBalance
eth_getTransactionByHash
debug_traceTransaction
eth_getTransactionByHash
debug_traceTransaction
eth_getTransactionByHash
debug_traceTransaction

Received shutdown signal: SIGTERM
Shutting down…
Server has been shut down
