ganache v7.9.2 (@ganache/cli: 0.10.2, @ganache/core: 0.10.2)
Starting RPC server

Available Accounts
==================
(0) 0xf1bD21Dd5C7E8E0d78B7E6bF86D6A34F0579b510 (1000 ETH)
(1) 0x2ABaCC5484e5eCC88e7BF84F64435ada6a92513A (1000 ETH)
(2) 0xcf8283C1ED747763C8ea18e1cfF7FfD0566B9290 (1000 ETH)
(3) 0x5F8f41074Cd91be0F4E883777adFA7a7D15EB608 (1000 ETH)
(4) 0x228F553c881954526e3AfaEfBF12fe3712CCC326 (1000 ETH)
(5) 0xe19dA2a8F4d292F758d0eEBd4A1d921962b873a3 (1000 ETH)
(6) 0x2493Bf1F5c70F1aDDEB9b94f6935c50773525858 (1000 ETH)
(7) 0xB039b494e1205669C6d2c3761dCaa8AfF68763B3 (1000 ETH)
(8) 0xe99d55134df000CCFF689b63633fb58AFfF23331 (1000 ETH)
(9) 0x472567ff13766F36D7DF5cc93D103D2231c2529A (1000 ETH)

Private Keys
==================
(0) 0x34ce8252a6cb141d8ea76ff1838cd86235642297812fd3d6bac22ca29fc53926
(1) 0x5750144088edec53524f4724d25f6ac12c29db72cefe733a2c8b41915ff618ac
(2) 0x2eb90a722b6e9ec4a5e5a5617dc878b4dcc186a4d125547816c5e8e7a9af957a
(3) 0x7797d644bdbdb201441fcd5bb92b8d9f4ad0bad8ca4685fc3f378e9aec28b445
(4) 0xf11c3307bda02c1b2cdc36e271b17c79668ba47a5b29ef885bfb1501f423d9a2
(5) 0x2b88d4117fdce473b65e207aa71b8805985a7acf0c6fcd033bc911c744b29ecb
(6) 0xfee8674e547389ff9f07158784d9ed584f7b017a40cab1679f45c8e50a02fe8b
(7) 0x150cb657e181379c1f858ae47f532fdb504783e176418b6c22f4004b5aa62250
(8) 0xa4e08027a08bf6984ce6ae69cb67d795ea18aaa82cf48345fac0fee47b3994b8
(9) 0x12ceba9120b7ef55b5b4b071c14467402b2d5935809ed056861e073f67e51407

HD Wallet
==================
Mnemonic:      access ritual snack disagree green leader super box flee ethics dress distance
Base HD Path:  m/44'/60'/0'/0/{account_index}

Default Gas Price
==================
2000000000

BlockGas Limit
==================
30000000

Call Gas Limit
==================
50000000

Chain
==================
Hardfork: shanghai
Id:       1337

RPC Listening on 127.0.0.1:8545
web3_clientVersion
eth_blockNumber
net_version
eth_accounts
eth_accounts
eth_blockNumber
net_version
eth_getBlockByNumber
eth_estimateGas
eth_getBlockByNumber
eth_gasPrice
eth_sendTransaction

  Transaction: 0xfe443d94a75df569dee7d4a2503ecca513695f4a185ca4fc415f40a7741a098e
  Contract created: 0x4324184b47c6de89af18f06b48e0867105feb2fc
  Gas usage: 1193638
  Block number: 1
  Block time: Fri May 08 2026 01:41:07 GMT+0700 (Indochina Time)

eth_getTransactionReceipt
eth_getCode
eth_getTransactionReceipt
eth_getBlockByNumber
eth_gasPrice
eth_sendTransaction

  Transaction: 0x4ef497d63659798a2e7010d5aa7fe4f28efe71d7cbc2c892ead2f2009a903032
  Gas usage: 21055
  Block number: 2
  Block time: Fri May 08 2026 01:41:07 GMT+0700 (Indochina Time)

eth_getTransactionReceipt
net_version
eth_getBlockByNumber
eth_estimateGas
eth_getBlockByNumber
eth_gasPrice
eth_sendTransaction

  Transaction: 0x833ae166337638d52122a159cf8a34578666975f23becfbd950a583777e23131
  Gas usage: 67334
  Block number: 3
  Block time: Fri May 08 2026 01:41:07 GMT+0700 (Indochina Time)

eth_getTransactionReceipt
eth_blockNumber
eth_getBalance
eth_getTransactionByHash
debug_traceTransaction
eth_getTransactionByHash
debug_traceTransaction
eth_getTransactionByHash
debug_traceTransaction

Received shutdown signal: SIGTERM
Shutting down…
Server has been shut down
