ganache v7.9.2 (@ganache/cli: 0.10.2, @ganache/core: 0.10.2)
Starting RPC server

Available Accounts
==================
(0) 0x24f7551700fc851fa9058ffbD8e69846093Fd2Be (1000 ETH)
(1) 0x784D2Fe2Ec4145F30112Eaf00CA8E069306868EE (1000 ETH)
(2) 0x3501babBF511b9898d31C8183d1F0D2D252Ad668 (1000 ETH)
(3) 0x7B489a6bFe4Ce0Af7b26EdBBecBF29dC076d1BDB (1000 ETH)
(4) 0x0f7514E69DaAA16B469dc5815BFCbe4452e77740 (1000 ETH)
(5) 0x354384908e486C3c03883Aae2A29441613F1c0b7 (1000 ETH)
(6) 0xE3c1BE2aE5F79cd6270B48645b4135185eB71Fdc (1000 ETH)
(7) 0xb40DCef641166Cb51c6587413bE25029bcE45405 (1000 ETH)
(8) 0x3122d15E35CCD829a2A6B241a6980a8c8f2E3a09 (1000 ETH)
(9) 0x04b9A6502BA4cccb2AA72A319F0F584266Fe5cFB (1000 ETH)

Private Keys
==================
(0) 0x84a7a3aca4a6555c28ed74b3127cc0315eb815403db58a8781d68d7fafac846d
(1) 0xa6cef671383e1d5bb5acbaceb99d4b6b91f2bd5198694b69d989ee248a33401a
(2) 0x702dc30d77f33b32194f753d3794f5bb8600f0ad0a02376cb82e364d1fe34418
(3) 0x6ef279fbe040f45cc4b612d133eb156aefa9900bf3f1629758bd50de14e4c151
(4) 0xd06a6daa3408b93676ea98b344a241f17556f8398a28d873cfc24f6fe666b057
(5) 0xeac78dc008bfef71247538236b3a76c8a938bda686baeb06d8372d2abb6c0782
(6) 0xae22d5f72ba7d709f95e46999c0fb2e686c8646b47d4a39960aa122e446fbc8f
(7) 0x472a40ac6b757c31430428d5edfb88824eeaeb28c840f44989032ec04ce8e30b
(8) 0x3c17d0023ebfc21e028ef33261ac9c11a04fa8be08cd7701343486b2dbf9ea0a
(9) 0x3cdf6d0c18d505fe35f765f88345287ddc6f2f7c72a0ba345817aa6c2471bc1d

HD Wallet
==================
Mnemonic:      wrist pear notice eternal shadow used dove motor casino web conduct hidden
Base HD Path:  m/44'/60'/0'/0/{account_index}

Default Gas Price
==================
2000000000

BlockGas Limit
==================
30000000

Call Gas Limit
==================
50000000

Chain
==================
Hardfork: shanghai
Id:       1337

RPC Listening on 127.0.0.1:8545
web3_clientVersion
eth_blockNumber
net_version
eth_accounts
eth_accounts
eth_blockNumber
net_version
eth_getBlockByNumber
eth_estimateGas
eth_getBlockByNumber
eth_gasPrice
eth_sendTransaction

  Transaction: 0x27f32866dc856789bbc1f9349e25051e05e852f9aaa29bbd7081f0953de2129e
  Contract created: 0xbbfc3ad47eb49ea3e112eb9245599ac1e84a4554
  Gas usage: 1123899
  Block number: 1
  Block time: Thu May 07 2026 23:58:34 GMT+0700 (Indochina Time)

eth_getTransactionReceipt
eth_getCode
eth_getTransactionReceipt
eth_getBlockByNumber
eth_gasPrice
eth_sendTransaction

  Transaction: 0x82632c890ecc9e7021401f24fea2e1d383abd5a1d6685833df444ff0ffa351ef
  Gas usage: 21055
  Block number: 2
  Block time: Thu May 07 2026 23:58:34 GMT+0700 (Indochina Time)

eth_getTransactionReceipt
net_version
eth_getBlockByNumber
eth_estimateGas
eth_getBlockByNumber
eth_gasPrice
eth_sendTransaction

  Transaction: 0xb997f766651c4646a4c6e6f6c90c6ec22f767ed513a1636a5fd11581577b6faa
  Gas usage: 68747
  Block number: 3
  Block time: Thu May 07 2026 23:58:34 GMT+0700 (Indochina Time)

eth_getTransactionReceipt
eth_blockNumber
eth_getBalance
eth_getTransactionByHash
debug_traceTransaction
eth_getTransactionByHash
debug_traceTransaction
eth_getTransactionByHash
debug_traceTransaction

Received shutdown signal: SIGTERM
Shutting down…
Server has been shut down
