ganache v7.9.2 (@ganache/cli: 0.10.2, @ganache/core: 0.10.2)
Starting RPC server

Available Accounts
==================
(0) 0x8920B1b4eB1Ef3Fe2b8012bf4aFc18ba8c3505d4 (1000 ETH)
(1) 0x2009E419e283f4Dff565ecd92703AaF24202719f (1000 ETH)
(2) 0x7058d11C401eb2560D2B5B9B3Bf7e74806d44eED (1000 ETH)
(3) 0x7A5e7B83017785Cb92FE1F6D7BE5636821a1B55E (1000 ETH)
(4) 0x6cAB9EE570E33d8b2802cf36B7146B4311C6137A (1000 ETH)
(5) 0xc7Ad608F796F654A8bC0ec321Ab9FffC56370507 (1000 ETH)
(6) 0x3B5bFd275d813568DF643aB4Fdc0618f787435Db (1000 ETH)
(7) 0x4c5A8e599E3C385C42fC5d7b167fA706841e7ce6 (1000 ETH)
(8) 0x6CD6673256Ef22927eA998924d9C7db105bab261 (1000 ETH)
(9) 0x2A59a36303Fa33d685c13cfa4259B778723B576f (1000 ETH)

Private Keys
==================
(0) 0xb738a1a992bd000fc509fe6e6e1cea0cc06ae5c612264d6f22d9d6703e16ad33
(1) 0x00f08873de84fc40d36b5ca62bb077b685785a637f440cc2325128ec6e022321
(2) 0xae05327c5892c16e820d33abb7d3f1ebfcdc672c8ef14130b0c036c0a343c94b
(3) 0xdc64eb12722fe14c370a5939695744e6b43f2517d9e4cef11cd9aafeb2822878
(4) 0x2f9b8e0f4a7aec8c7ce3327119f307784bd34add8495f336b87519daa99a174d
(5) 0x804dec060d10b73a532b33ebe30963d125369f668f2ef044d7fb3bf5eb2c7b04
(6) 0x58a6c2b06802a530155db9880ceb5a19a910df10b3e70a31ee5185cc4049636b
(7) 0x5d9d84ab2483fc6dc5cd20445ca56b415de4da47cc6cad5844254b0030971a68
(8) 0x16bae48f11bf1016a99716b862de35922ba5ab2da4dd3582e9458000c68dccc3
(9) 0x53d3b90ccb9dca267050460290245bfa56e0943771db0ce070905f7eb79401c5

HD Wallet
==================
Mnemonic:      cream shell sustain absorb tail tunnel grunt worth viable brown cram crowd
Base HD Path:  m/44'/60'/0'/0/{account_index}

Default Gas Price
==================
2000000000

BlockGas Limit
==================
30000000

Call Gas Limit
==================
50000000

Chain
==================
Hardfork: shanghai
Id:       1337

RPC Listening on 127.0.0.1:8545
web3_clientVersion
eth_blockNumber
net_version
eth_accounts
eth_accounts
eth_blockNumber
net_version
eth_getBlockByNumber
eth_estimateGas
eth_getBlockByNumber
eth_gasPrice
eth_sendTransaction

  Transaction: 0x3e81a6e4fe4cc4bf3b1497177840e6b57578e7784d0d39b777677cf60ae6973f
  Contract created: 0x0b3296f932f16333768ca963c1e154c55cc523a2
  Gas usage: 1515524
  Block number: 1
  Block time: Fri May 08 2026 02:01:31 GMT+0700 (Indochina Time)

eth_getTransactionReceipt
eth_getCode
eth_getTransactionReceipt
eth_getBlockByNumber
eth_gasPrice
eth_sendTransaction

  Transaction: 0xd8891a4d4f3eff43442e7cdb5f57776edd6546906742ec1a1c6c22164778bfea
  Gas usage: 21055
  Block number: 2
  Block time: Fri May 08 2026 02:01:31 GMT+0700 (Indochina Time)

eth_getTransactionReceipt
net_version
eth_getBlockByNumber
eth_estimateGas
eth_getBlockByNumber
eth_gasPrice
eth_sendTransaction

  Transaction: 0xeea5e91c3367e23c0a72b8347d4ec8c3aedf1503cc278666ff622040623dce83
  Gas usage: 75948
  Block number: 3
  Block time: Fri May 08 2026 02:01:31 GMT+0700 (Indochina Time)

eth_getTransactionReceipt
eth_blockNumber
eth_getBalance
eth_getTransactionByHash
debug_traceTransaction
eth_getTransactionByHash
debug_traceTransaction
eth_getTransactionByHash
debug_traceTransaction

Received shutdown signal: SIGTERM
Shutting down…
Server has been shut down
