COMMAND: python3 experiments/scale_trace/scripts/trace_result_json.py /home/aothuatgiadp/blockchain/project/CTLC-Implementation/experiments/scale_trace/runs/random_v1_181/E-_A_evm_fund_ea_CTLCOnly_worst_claim/result.json /home/aothuatgiadp/blockchain/project/CTLC-Implementation/experiments/scale_trace/runs/random_v1_181/E-_A_evm_fund_ea_CTLCOnly_worst_claim/trace.json
STATUS: 0

STDOUT:
{
  "graph_id": "",
  "pair": "E->A|evm|fund:ea",
  "contract": "CTLCOnly",
  "scenario": "worst_claim",
  "contractAddress": "0x63670057B2A7Eae8b51579C79bEC36558300BF8D",
  "traces": {
    "deploy": {
      "tx_hash": "0xa28e7ad25810c703c23a0d8525471fffda8fda92ef574c09a1a4cb055d0bb0c8",
      "actual_calldata_bytes": 7091,
      "actual_sstore_count": 8,
      "actual_call_count": 0,
      "opcode_steps": 1286
    },
    "fund": {
      "tx_hash": "0x23e7dd68250d489be79468e4c041887c10861101dbe89e5548507bd8a7e11cd6",
      "actual_calldata_bytes": 0,
      "actual_sstore_count": 0,
      "actual_call_count": 0,
      "opcode_steps": 13
    },
    "claim_level0": {
      "tx_hash": "0xf30fbe09d9932cfea92ee806a8309e18813f36707ad31a7be7f9e034ce87df13",
      "actual_calldata_bytes": 196,
      "actual_sstore_count": 1,
      "actual_call_count": 1,
      "opcode_steps": 793
    }
  }
}


STDERR:

