Using network 'development'.

{
  "ok": true,
  "graph_id": "",
  "pair": "B->D|evm|fund:bd",
  "pairKey": "B->D|evm|fund:bd",
  "contract": "CTLCOnly",
  "scenario": "worst_claim",
  "deployGas": "0x1232bb",
  "gasUsed": "81140",
  "disableGasUsed": "0",
  "claimGasUsed": "81140",
  "refundGasUsed": "",
  "contractAddress": "0xd3B25E65d4BDa7Fb9C2413b8bc43637c52dE23E9",
  "startBlock": "0",
  "endBlock": "3",
  "finalContractBalanceWei": "0",
  "deployer": "0x8667e35Dd71106379e9c9aC2288d57ad0FD37f4b",
  "party": "0x96b0f5DC4133cd9eD1D6b3d4737B7bd57AB1B225",
  "counterparty": "0x0522eE8E9F658aCf0dB150CC83d8575eCDf509BA",
  "fundingWei": "1000000000000000000",
  "timelocks": [
    10
  ],
  "transactions": [
    {
      "role": "deploy",
      "txHash": "0x4305fab915e509996d1eaf88ea0bb357a4ced68c93ca040363f437710d0061fe"
    },
    {
      "role": "fund",
      "txHash": "0x141ee79337baf0fbb935d037c85a3bcb98dcd858e6fac1109e04139ebb9e5f4a"
    },
    {
      "role": "claim",
      "txHash": "0xf6c162490bdcc85a303651b3b6008501350ac5128cf1b444bac251c3acb9cc1b",
      "level": 0,
      "option": 0
    }
  ],
  "txRoles": [
    {
      "role": "deploy",
      "txHash": "0x4305fab915e509996d1eaf88ea0bb357a4ced68c93ca040363f437710d0061fe"
    },
    {
      "role": "fund",
      "txHash": "0x141ee79337baf0fbb935d037c85a3bcb98dcd858e6fac1109e04139ebb9e5f4a"
    },
    {
      "role": "claim",
      "txHash": "0xf6c162490bdcc85a303651b3b6008501350ac5128cf1b444bac251c3acb9cc1b",
      "level": 0,
      "option": 0
    }
  ],
  "deployTxHash": "0x4305fab915e509996d1eaf88ea0bb357a4ced68c93ca040363f437710d0061fe",
  "fundTxHash": "0x141ee79337baf0fbb935d037c85a3bcb98dcd858e6fac1109e04139ebb9e5f4a",
  "claimTxHash": "0xf6c162490bdcc85a303651b3b6008501350ac5128cf1b444bac251c3acb9cc1b",
  "txHash": "0xf6c162490bdcc85a303651b3b6008501350ac5128cf1b444bac251c3acb9cc1b",
  "tx": "0xf6c162490bdcc85a303651b3b6008501350ac5128cf1b444bac251c3acb9cc1b"
}
