ganache v7.9.2 (@ganache/cli: 0.10.2, @ganache/core: 0.10.2)
Starting RPC server

Available Accounts
==================
(0) 0xE9364A7891c20D557c3244cB8b42FAA2C6699588 (1000 ETH)
(1) 0xC51B2f94b41C0AB83F6b5b83363e532adB6e60Ac (1000 ETH)
(2) 0x71c1c8Ea045EDc6545B234D8220fCd8A2be1bb73 (1000 ETH)
(3) 0x8Fb42c7Ed433DD29E97743D6C8F168e6b5DE42A3 (1000 ETH)
(4) 0xfd6588295906c58b98734dab40032ABFcF12d9F8 (1000 ETH)
(5) 0x2a75Ad10770Ec87F9bBEC0B0209a81a2F74FcA6D (1000 ETH)
(6) 0xAbB179F80dD08Ea76f9832cC706E342BB226b550 (1000 ETH)
(7) 0x7fCCFc4f676ccf79dEDeBb92D79Ed136eD65D087 (1000 ETH)
(8) 0x116Aadd5bc129209cD4B0E7b6e642cbD38e31a8B (1000 ETH)
(9) 0x53a52d9d874ba256C9E6cE98a5AdD2EE2775A829 (1000 ETH)

Private Keys
==================
(0) 0x16621174282e6e5f405ba6839f4be78b3d557dfc52411a5519d84d322d62cd38
(1) 0x90f2d82d3271fa5281c451183ca638dda6fdfb064ddb5674215b289550b1ac3f
(2) 0x6409c6aba4a9b15daf21535fedcf90429dfe6c9bc659253117a877ec75072469
(3) 0x5c4d6db4c43c92318d90e1e1603f889e81ead873c093a20db74515a9f353e7bf
(4) 0x9e462b8afafda100287a8bb64b56d289271a275cd0677223fdca310028d43e87
(5) 0x3342e908940218f61a955410dd94eaba14b41c7c263da937af595fae489b4a57
(6) 0x9bb340d5f0fb52e5f89379d017aab032ec2f137b49b288aef73d3207c4a374ed
(7) 0x76b7387357e10be098bc8031049bd04aa648d7ceaa4ad3ace142afa9fa5a9bc1
(8) 0x85c5caffdf19d859d88fa5a0ac99d58cb6c657eaf8fa55a2c09deed02b628ece
(9) 0x761b9051fece1b0423071c3abed3c4656c2c141e105047a68e054907a28574da

HD Wallet
==================
Mnemonic:      urban boat target version taxi dune happy point daring pause foster impose
Base HD Path:  m/44'/60'/0'/0/{account_index}

Default Gas Price
==================
2000000000

BlockGas Limit
==================
30000000

Call Gas Limit
==================
50000000

Chain
==================
Hardfork: shanghai
Id:       1337

RPC Listening on 127.0.0.1:8545
web3_clientVersion
eth_blockNumber
net_version
eth_accounts
eth_accounts
eth_blockNumber
net_version
eth_getBlockByNumber
eth_estimateGas
eth_getBlockByNumber
eth_gasPrice
eth_sendTransaction

  Transaction: 0xff7ef2959060c192d33559d53eb1eb4291b04868227ea0f7620e72e71da12d26
  Contract created: 0xe8cfa0bfb87e9d8aac7ff85645fa6b12181bd809
  Gas usage: 1284906
  Block number: 1
  Block time: Fri May 08 2026 02:12:05 GMT+0700 (Indochina Time)

eth_getTransactionReceipt
eth_getCode
eth_getTransactionReceipt
eth_getBlockByNumber
eth_gasPrice
eth_sendTransaction

  Transaction: 0xc8aaccbca7505f8a902187ba8352c47302ba8d8778492b8e277f31390c4b67a0
  Gas usage: 21055
  Block number: 2
  Block time: Fri May 08 2026 02:12:05 GMT+0700 (Indochina Time)

eth_getTransactionReceipt
eth_blockNumber
evm_mine
eth_blockNumber
evm_mine
eth_blockNumber
evm_mine
eth_blockNumber
evm_mine
eth_blockNumber
evm_mine
eth_blockNumber
evm_mine
eth_blockNumber
net_version
eth_getBlockByNumber
eth_estimateGas
eth_getBlockByNumber
eth_gasPrice
eth_sendTransaction

  Transaction: 0x4e553e265939ad302d0b9927200f19f2c737465d94201e5f7ef26a0f0b0135a4
  Gas usage: 52947
  Block number: 9
  Block time: Fri May 08 2026 02:12:06 GMT+0700 (Indochina Time)

eth_getTransactionReceipt
net_version
eth_getBlockByNumber
eth_estimateGas
eth_getBlockByNumber
eth_gasPrice
eth_sendTransaction

  Transaction: 0x7f9439614db604d1dfc2d08a75a75e2a2b4d4de4a2209f489843c94a35b0c796
  Gas usage: 77025
  Block number: 10
  Block time: Fri May 08 2026 02:12:06 GMT+0700 (Indochina Time)

eth_getTransactionReceipt
eth_blockNumber
eth_getBalance
eth_getTransactionByHash
debug_traceTransaction
eth_getTransactionByHash
debug_traceTransaction
eth_getTransactionByHash
debug_traceTransaction
eth_getTransactionByHash
debug_traceTransaction

Received shutdown signal: SIGTERM
Shutting down…
Server has been shut down
