Using network 'development'.

{
  "ok": true,
  "graph_id": "",
  "pair": "E->F|evm|fund:ef",
  "pairKey": "E->F|evm|fund:ef",
  "contract": "CTLCOnly",
  "scenario": "worst_claim",
  "deployGas": "0x139b2a",
  "gasUsed": "129972",
  "disableGasUsed": "52947",
  "claimGasUsed": "77025",
  "refundGasUsed": "",
  "contractAddress": "0x7C292B1E6f368e9E5776Ad8472C2aCF2f8EEe06d",
  "startBlock": "0",
  "endBlock": "10",
  "finalContractBalanceWei": "0",
  "deployer": "0x2139EF49441A925aCbEEc12647cdFeC55B105C62",
  "party": "0x5AeaB14a60804aDA6CBED79bA5df3488C2fC7cFc",
  "counterparty": "0x83B63ea4A77317B0CaAdE703109Fc3D8C31343a9",
  "fundingWei": "1000000000000000000",
  "timelocks": [
    8,
    9
  ],
  "transactions": [
    {
      "role": "deploy",
      "txHash": "0x530b1829e35f4d5d24b07fe5415784f748f1086b7f410f5f9cf454472b05da47"
    },
    {
      "role": "fund",
      "txHash": "0xdec61a2ee98c7af5f2352a50c8ab45a9672a2af00c6de67033219579d93be3f1"
    },
    {
      "role": "disable",
      "txHash": "0x81274550e671d06243ebbadf5420cf45d800ba92482e6bd6709d00cfacad16fe",
      "level": 0
    },
    {
      "role": "claim",
      "txHash": "0x4ebf95673cf7d54ee40baf937a57c86f6e29540d7015ab853a3f70b06b3e29ea",
      "level": 1,
      "option": 0
    }
  ],
  "txRoles": [
    {
      "role": "deploy",
      "txHash": "0x530b1829e35f4d5d24b07fe5415784f748f1086b7f410f5f9cf454472b05da47"
    },
    {
      "role": "fund",
      "txHash": "0xdec61a2ee98c7af5f2352a50c8ab45a9672a2af00c6de67033219579d93be3f1"
    },
    {
      "role": "disable",
      "txHash": "0x81274550e671d06243ebbadf5420cf45d800ba92482e6bd6709d00cfacad16fe",
      "level": 0
    },
    {
      "role": "claim",
      "txHash": "0x4ebf95673cf7d54ee40baf937a57c86f6e29540d7015ab853a3f70b06b3e29ea",
      "level": 1,
      "option": 0
    }
  ],
  "deployTxHash": "0x530b1829e35f4d5d24b07fe5415784f748f1086b7f410f5f9cf454472b05da47",
  "fundTxHash": "0xdec61a2ee98c7af5f2352a50c8ab45a9672a2af00c6de67033219579d93be3f1",
  "disableTxHashes": [
    "0x81274550e671d06243ebbadf5420cf45d800ba92482e6bd6709d00cfacad16fe"
  ],
  "disableTxHash": "0x81274550e671d06243ebbadf5420cf45d800ba92482e6bd6709d00cfacad16fe",
  "disableTx": "0x81274550e671d06243ebbadf5420cf45d800ba92482e6bd6709d00cfacad16fe",
  "claimTxHash": "0x4ebf95673cf7d54ee40baf937a57c86f6e29540d7015ab853a3f70b06b3e29ea",
  "txHash": "0x4ebf95673cf7d54ee40baf937a57c86f6e29540d7015ab853a3f70b06b3e29ea",
  "tx": "0x4ebf95673cf7d54ee40baf937a57c86f6e29540d7015ab853a3f70b06b3e29ea"
}
