Using network 'development'.

{
  "ok": true,
  "graph_id": "",
  "pair": "D->A|evm|fund:da",
  "pairKey": "D->A|evm|fund:da",
  "contract": "CTLCOnly",
  "scenario": "refund",
  "deployGas": "0x10ccbb",
  "gasUsed": "59561",
  "disableGasUsed": "0",
  "claimGasUsed": "",
  "refundGasUsed": "59561",
  "contractAddress": "0x15bD5FEcC0aA770AEbEf0712162Be66D534EF3D2",
  "startBlock": "0",
  "endBlock": "7",
  "finalContractBalanceWei": "0",
  "deployer": "0xd1fc6f54fDe54c1029cbff24e2cF0c0B82e0f2C9",
  "party": "0x2755943577959DB0cAF63C75d91087A5f7fb9d19",
  "counterparty": "0xdDdC016CF48F5baD9f852a48406d097d939e5B75",
  "fundingWei": "1000000000000000000",
  "timelocks": [
    6
  ],
  "transactions": [
    {
      "role": "deploy",
      "txHash": "0xe5b12b0421d09986f90cf186444cefe5764a26f9e5347357ac76b1fe39f5b3b6"
    },
    {
      "role": "fund",
      "txHash": "0xb0bb139cec15003d3b202546d755af00b27d83357067c89e16558b39c322468e"
    },
    {
      "role": "refund",
      "txHash": "0x84f872c614e3e8a2001430347c45460e39da14d970c0218f12b655a83345c676",
      "level": 0
    }
  ],
  "txRoles": [
    {
      "role": "deploy",
      "txHash": "0xe5b12b0421d09986f90cf186444cefe5764a26f9e5347357ac76b1fe39f5b3b6"
    },
    {
      "role": "fund",
      "txHash": "0xb0bb139cec15003d3b202546d755af00b27d83357067c89e16558b39c322468e"
    },
    {
      "role": "refund",
      "txHash": "0x84f872c614e3e8a2001430347c45460e39da14d970c0218f12b655a83345c676",
      "level": 0
    }
  ],
  "deployTxHash": "0xe5b12b0421d09986f90cf186444cefe5764a26f9e5347357ac76b1fe39f5b3b6",
  "fundTxHash": "0xb0bb139cec15003d3b202546d755af00b27d83357067c89e16558b39c322468e",
  "refundTxHash": "0x84f872c614e3e8a2001430347c45460e39da14d970c0218f12b655a83345c676",
  "refundTx": "0x84f872c614e3e8a2001430347c45460e39da14d970c0218f12b655a83345c676"
}
