COMMAND: python3 experiments/scale_trace/scripts/trace_result_json.py /home/aothuatgiadp/blockchain/project/CTLC-Implementation/experiments/scale_trace/runs/random_v1_171/C-_D_evm_fund_cd_CTLCMultipleEdges_refund/result.json /home/aothuatgiadp/blockchain/project/CTLC-Implementation/experiments/scale_trace/runs/random_v1_171/C-_D_evm_fund_cd_CTLCMultipleEdges_refund/trace.json
STATUS: 0

STDOUT:
{
  "graph_id": "",
  "pair": "C->D|evm|fund:cd",
  "contract": "CTLCMultipleEdges",
  "scenario": "refund",
  "contractAddress": "0xb763673165191B91483Af72B68b82e0fE9F8B2b2",
  "traces": {
    "deploy": {
      "tx_hash": "0xf8bd89d0cc742010f5ba80922d903dd7e2306d060a4b7a5bd57e098b9423d863",
      "actual_calldata_bytes": 8233,
      "actual_sstore_count": 25,
      "actual_call_count": 0,
      "opcode_steps": 3433
    },
    "fund": {
      "tx_hash": "0xd3f7a8bc8f1c5405dec5ba2be1daef15eadb90eb999f4af5f532927a059cf9cf",
      "actual_calldata_bytes": 0,
      "actual_sstore_count": 0,
      "actual_call_count": 0,
      "opcode_steps": 13
    },
    "refund_level0": {
      "tx_hash": "0x6f6444d55cc332e6effbd7d2a8ec99823f1ee83a1fdee2b94f7cb75cfeedb6f8",
      "actual_calldata_bytes": 4,
      "actual_sstore_count": 1,
      "actual_call_count": 1,
      "opcode_steps": 224
    }
  }
}


STDERR:

