ganache v7.9.2 (@ganache/cli: 0.10.2, @ganache/core: 0.10.2)
Starting RPC server

Available Accounts
==================
(0) 0x27656fD5853cB43fA8E03c0E5D9b5169F1481007 (1000 ETH)
(1) 0x9D6EE1C1ABCC00F1c2019d2A1d4d2E3332393921 (1000 ETH)
(2) 0x8202A31e075Fe182Bb021EC75Ebbc7b721e12B92 (1000 ETH)
(3) 0x306CD4Aac958CbC6a29bc933a10377c969EA3946 (1000 ETH)
(4) 0xF8E749718B2E161fbcF78DE3AD426689a4569065 (1000 ETH)
(5) 0xFdb8b192F3d49e9B9A91B90eC0ABC9CB37360c23 (1000 ETH)
(6) 0xd44DB0865E18Ed3c92b3AcCeACcb56227941b543 (1000 ETH)
(7) 0x5832332b834a38f81A0b7e4c9Eb36D349978cF4b (1000 ETH)
(8) 0x25B27a26615253F78992f374074A4d03Ca67B1d2 (1000 ETH)
(9) 0x89e0Ec058250b7Ccb2Cba1336197cd73bf82CAE8 (1000 ETH)

Private Keys
==================
(0) 0xe5b7b8d04d3b95106a8cbde2859b79d3885b9faf58dde3e4ada2fa71b9c099ae
(1) 0x6c3fbec7206e32f65a57466e0a4833b8669c9d0b7897e3d6eafc0278fd8addf7
(2) 0xee9cfb56c59f95abc011115b0facfa6796d8e830ffd9b4c9ab2df9d89b4c0514
(3) 0x7761029b6e9370aba651890012c73491e4c843e101fc0f896f35c879b4c99553
(4) 0xc0e9fdc43dfadb977695b9fd2307b1281300cba0ac8fcced9b34b4347e9bb6a2
(5) 0x1ecbc85caec5f4c41afbe63ea10f6da970c6d36bd88a6f8bbfea00c8cf18a827
(6) 0x63127f6d4ad696abdeb70c57d1457da4ec10364bbd885e2e8f1a2fb76b111890
(7) 0xe0b1c2b292315dd57933eac9c665206e8b4e618b6a1ac6235d4751c4380776ae
(8) 0xa347cb94d9786a7e31d098e6cc8746e3144bada92f411a7ce0604a2e29eddd4f
(9) 0xab05904fba77cca6de4c4253548cfe097b476b4ccd8e36f70eea747b46e3f83c

HD Wallet
==================
Mnemonic:      toe grab aisle finger tower release crack gap athlete cup custom upper
Base HD Path:  m/44'/60'/0'/0/{account_index}

Default Gas Price
==================
2000000000

BlockGas Limit
==================
30000000

Call Gas Limit
==================
50000000

Chain
==================
Hardfork: shanghai
Id:       1337

RPC Listening on 127.0.0.1:8545
web3_clientVersion
eth_blockNumber
net_version
eth_accounts
eth_accounts
eth_blockNumber
net_version
eth_getBlockByNumber
eth_estimateGas
eth_getBlockByNumber
eth_gasPrice
eth_sendTransaction

  Transaction: 0xd5c2f513f796f860c52f9ff76be32d6966913307cd345a13f8f809c182b03821
  Contract created: 0x2c34937891554cdce5ee79c8c52abef48368250b
  Gas usage: 1100975
  Block number: 1
  Block time: Fri May 08 2026 00:05:14 GMT+0700 (Indochina Time)

eth_getTransactionReceipt
eth_getCode
eth_getTransactionReceipt
eth_getBlockByNumber
eth_gasPrice
eth_sendTransaction

  Transaction: 0x4863f0a4104455188c1075370d0b7892da958016e974b6c84e8930c4ea85e774
  Gas usage: 21055
  Block number: 2
  Block time: Fri May 08 2026 00:05:14 GMT+0700 (Indochina Time)

eth_getTransactionReceipt
net_version
eth_getBlockByNumber
eth_estimateGas
eth_getBlockByNumber
eth_gasPrice
eth_sendTransaction

  Transaction: 0x5a568b264510e499ab1991a9134ec92f1ed1896ebc243f73e89c604d47a1a941
  Gas usage: 64620
  Block number: 3
  Block time: Fri May 08 2026 00:05:14 GMT+0700 (Indochina Time)

eth_getTransactionReceipt
eth_blockNumber
eth_getBalance
eth_getTransactionByHash
debug_traceTransaction
eth_getTransactionByHash
debug_traceTransaction
eth_getTransactionByHash
debug_traceTransaction

Received shutdown signal: SIGTERM
Shutting down…
Server has been shut down
