Using network 'development'.

{
  "ok": true,
  "graph_id": "",
  "pair": "C->D|evm|fund:cd",
  "pairKey": "C->D|evm|fund:cd",
  "contract": "CTLCOnly",
  "scenario": "worst_claim",
  "deployGas": "0x117fbb",
  "gasUsed": "72874",
  "disableGasUsed": "0",
  "claimGasUsed": "72874",
  "refundGasUsed": "",
  "contractAddress": "0x908E8FBaaB8f3030F6DE0459232Dda34EB71E03D",
  "startBlock": "0",
  "endBlock": "3",
  "finalContractBalanceWei": "0",
  "deployer": "0x0E2D5017e2c4a5AB3b5cF374fDfF20FdBf3E799a",
  "party": "0xcB268bE0c72F2e7731d3AC5408793e42b94e281a",
  "counterparty": "0xD68775Bf553dB7Ded6Be653Cb38980434f87EF08",
  "fundingWei": "1000000000000000000",
  "timelocks": [
    8
  ],
  "transactions": [
    {
      "role": "deploy",
      "txHash": "0x668ad8a7280c9e8fa8a56868b798a11b790492d5e1ebe44663192f0ac038814d"
    },
    {
      "role": "fund",
      "txHash": "0xa17ee5d3314468c7b0e99ed7160efb0eff96dca74677c06f5d12eed246bed465"
    },
    {
      "role": "claim",
      "txHash": "0x14c329c5f802ba25eb3d150eecbce7b33e4f2f121a2d13397045f192fd6d65d1",
      "level": 0,
      "option": 0
    }
  ],
  "txRoles": [
    {
      "role": "deploy",
      "txHash": "0x668ad8a7280c9e8fa8a56868b798a11b790492d5e1ebe44663192f0ac038814d"
    },
    {
      "role": "fund",
      "txHash": "0xa17ee5d3314468c7b0e99ed7160efb0eff96dca74677c06f5d12eed246bed465"
    },
    {
      "role": "claim",
      "txHash": "0x14c329c5f802ba25eb3d150eecbce7b33e4f2f121a2d13397045f192fd6d65d1",
      "level": 0,
      "option": 0
    }
  ],
  "deployTxHash": "0x668ad8a7280c9e8fa8a56868b798a11b790492d5e1ebe44663192f0ac038814d",
  "fundTxHash": "0xa17ee5d3314468c7b0e99ed7160efb0eff96dca74677c06f5d12eed246bed465",
  "claimTxHash": "0x14c329c5f802ba25eb3d150eecbce7b33e4f2f121a2d13397045f192fd6d65d1",
  "txHash": "0x14c329c5f802ba25eb3d150eecbce7b33e4f2f121a2d13397045f192fd6d65d1",
  "tx": "0x14c329c5f802ba25eb3d150eecbce7b33e4f2f121a2d13397045f192fd6d65d1"
}
