ganache v7.9.2 (@ganache/cli: 0.10.2, @ganache/core: 0.10.2)
Starting RPC server

Available Accounts
==================
(0) 0xB94faeB1473dC9A206AA288a03413157d78f8336 (1000 ETH)
(1) 0x0378CDEAa67DF7A0F76e4cbfe9885D6C84511073 (1000 ETH)
(2) 0xD33f49d7843E7e10e94c27EDb0752E4EA6d4aA06 (1000 ETH)
(3) 0x108d84bC18Fd17aC641Fc7e99d5949B0C3FA7DDA (1000 ETH)
(4) 0x4936f8D9bCf8Ca9F9f4d5CF43e0F3F652C548Fef (1000 ETH)
(5) 0x55D407e0f064dd7d4D0630D5ff4bc06089756F6f (1000 ETH)
(6) 0x423A3CA6EA877395B0910E06306040FF129f867d (1000 ETH)
(7) 0x9B541B16c4dbadfA8355b97B1486E48778c495C3 (1000 ETH)
(8) 0x671fb70d237F37a1Aadae7613390cfd9596d54ca (1000 ETH)
(9) 0x7c86f4E612e9F2cF23e06dCAF7bDc3D9233257Ce (1000 ETH)

Private Keys
==================
(0) 0x2f2804cc4d9212c5bdcc3aa561bbafb62ed5187e001338589cec11bb9d4ce304
(1) 0x6169f566802b1215d2fd191ef0a3b1625f54df7576de05008e71a36fe453c6e7
(2) 0x8caf1fa11ccdecb4b2e91240cd61eaf81f82736176a571097503310df4581d2d
(3) 0xf05bded97d3744ee4d42a83dbce2b68f7561a803456de78c3387bbc01f074633
(4) 0xd2d452946857e0a40a25e7f7cec911d58bc3ae45a1934ea617865929bad33ec1
(5) 0xbfbec45dc3ca4392bf62e452ed63c61cfdd026845dba01dd9c60477d9b01740c
(6) 0xaf82394589dd906db03cef7bb7487dcd11ac6d4befa372d61cef89b77e299183
(7) 0xa3e9213957f5dd13d4608c8cd512876e3b4c96d098f402f2f88518ae41201295
(8) 0x80b7b48650dc6443e53ef5eb7748144530874d2d89e8e50ed04ddf3f28bb69c0
(9) 0x14e4d09ff3ff2e04f34652a2f745427f31450cb142b46b96ddb789456389f828

HD Wallet
==================
Mnemonic:      alter test flip tone stage enlist welcome practice burst laptop ship blush
Base HD Path:  m/44'/60'/0'/0/{account_index}

Default Gas Price
==================
2000000000

BlockGas Limit
==================
30000000

Call Gas Limit
==================
50000000

Chain
==================
Hardfork: shanghai
Id:       1337

RPC Listening on 127.0.0.1:8545
web3_clientVersion
eth_blockNumber
net_version
eth_accounts
eth_accounts
eth_blockNumber
net_version
eth_getBlockByNumber
eth_estimateGas
eth_getBlockByNumber
eth_gasPrice
eth_sendTransaction

  Transaction: 0x8d9a09463dd15cbda06917d7c880b5bfa605b4738e366e026bc5edd259cfd96b
  Contract created: 0x5e8fa1a03dd55a52216e02a5322333c1852951c4
  Gas usage: 1285274
  Block number: 1
  Block time: Thu May 07 2026 21:26:06 GMT+0700 (Indochina Time)

eth_getTransactionReceipt
eth_getCode
eth_getTransactionReceipt
eth_getBlockByNumber
eth_gasPrice
eth_sendTransaction

  Transaction: 0x26ca44566a2ee943a10f8d7c55b6cee6fc6d370700c3fb27bf1cc26ea7a2d59b
  Gas usage: 21055
  Block number: 2
  Block time: Thu May 07 2026 21:26:06 GMT+0700 (Indochina Time)

eth_getTransactionReceipt
eth_blockNumber
evm_mine
eth_blockNumber
evm_mine
eth_blockNumber
evm_mine
eth_blockNumber
evm_mine
eth_blockNumber
evm_mine
eth_blockNumber
evm_mine
eth_blockNumber
net_version
eth_getBlockByNumber
eth_estimateGas
eth_getBlockByNumber
eth_gasPrice
eth_sendTransaction

  Transaction: 0xdcfabf6be025f2d893cda2cb6cbb404cfd7fd33fc2ad29c25b22e87ae37437bc
  Gas usage: 59539
  Block number: 9
  Block time: Thu May 07 2026 21:26:06 GMT+0700 (Indochina Time)

eth_getTransactionReceipt
eth_blockNumber
eth_getBalance
eth_getTransactionByHash
debug_traceTransaction
eth_getTransactionByHash
debug_traceTransaction
eth_getTransactionByHash
debug_traceTransaction

Received shutdown signal: SIGTERM
Shutting down…
Server has been shut down
