ganache v7.9.2 (@ganache/cli: 0.10.2, @ganache/core: 0.10.2)
Starting RPC server

Available Accounts
==================
(0) 0x6C00cd81A327F77481367e7F689aD2536194ec48 (1000 ETH)
(1) 0xAAd7bd13CeDA7D0D53FA44C78dfDe5A0b080f858 (1000 ETH)
(2) 0x6D196E5742A9c1f176671E531b5A63076396F1BC (1000 ETH)
(3) 0x4A35dC249E69e02f00255abF5Df455012f6F8709 (1000 ETH)
(4) 0x974198e4204203dDaeDD7d218195b0B4970502F4 (1000 ETH)
(5) 0x37e91c84b64710E9c26206045C4d2feCCD8C8755 (1000 ETH)
(6) 0x9265b04131ce62D442A8C14C6FC77950b379872d (1000 ETH)
(7) 0x5fB8E4C14E37CD05Cf5D2a010B47cCe3E25d7Eb9 (1000 ETH)
(8) 0x6d05cDA6Ab41Aa0200A0537B2ebCb0404E6F59bf (1000 ETH)
(9) 0x0f95714Ca572aD452c9571516aB294122BDD461f (1000 ETH)

Private Keys
==================
(0) 0xacd54076f15b3da85f830cf877d6dd93c2400c13623597b644fc79caefbb9bbf
(1) 0xc2ef46d02fb546db8f2101e1afcb1ef90f8b33d78c1656ea37d27585ccb409c9
(2) 0x717f6d4ad44d43b571fa44bf2d1e2627b4aa62701d6ab64837ede48de800f403
(3) 0xa7466438ad7f4758ae563cd777b9bc5de55b7fd73752afcc4edf4cb7dbdfc799
(4) 0x3a8159364768af0495438ceacdec87ea1a2def4c97f08c61c9398d4110d5886d
(5) 0x5e13b9c24e0c6b43ec1cec8aa2d1cde941f62f2c157c716c41d6474d3fbaa6c2
(6) 0xfe8002307a42d8bdd2b9389a9d526eb5391862eb358e7f9edc21eff8458daea3
(7) 0xb022e334d213d6480247818cefbddd36fe2259493727930e5fa120ea649edd2e
(8) 0xfa62f164dcbbf4307d01167db822130f8a0a9593025f717f04ab0e4f1e25d608
(9) 0xc057cb988d80cd8ff62c5cbfdc78649a666234c7c715e4e4e04b6741bae4fe5b

HD Wallet
==================
Mnemonic:      nice dose voice tennis settle license own finger evil illegal wrestle public
Base HD Path:  m/44'/60'/0'/0/{account_index}

Default Gas Price
==================
2000000000

BlockGas Limit
==================
30000000

Call Gas Limit
==================
50000000

Chain
==================
Hardfork: shanghai
Id:       1337

RPC Listening on 127.0.0.1:8545
web3_clientVersion
eth_blockNumber
net_version
eth_accounts
eth_accounts
eth_blockNumber
net_version
eth_getBlockByNumber
eth_estimateGas
eth_getBlockByNumber
eth_gasPrice
eth_sendTransaction

  Transaction: 0x2fe576159299f40c5388ecc9f54f6302371f3909387e588fc6f5c873d5d1386c
  Contract created: 0x7418f7f0fc84d4e5b774502a266bc82ce88139a4
  Gas usage: 1285262
  Block number: 1
  Block time: Thu May 07 2026 21:56:16 GMT+0700 (Indochina Time)

eth_getTransactionReceipt
eth_getCode
eth_getTransactionReceipt
eth_getBlockByNumber
eth_gasPrice
eth_sendTransaction

  Transaction: 0x1db692a5bd7724579ce5d09d9ac62dafef921eac37f8f19d5feb6d33f47688a3
  Gas usage: 21055
  Block number: 2
  Block time: Thu May 07 2026 21:56:16 GMT+0700 (Indochina Time)

eth_getTransactionReceipt
net_version
eth_getBlockByNumber
eth_estimateGas
eth_getBlockByNumber
eth_gasPrice
eth_sendTransaction

  Transaction: 0x91e75960d59ba52fe300408a86b4392aec50d82bbedb62b3816d069bfe68d08d
  Gas usage: 75948
  Block number: 3
  Block time: Thu May 07 2026 21:56:16 GMT+0700 (Indochina Time)

eth_getTransactionReceipt
eth_blockNumber
eth_getBalance
eth_getTransactionByHash
debug_traceTransaction
eth_getTransactionByHash
debug_traceTransaction
eth_getTransactionByHash
debug_traceTransaction

Received shutdown signal: SIGTERM
Shutting down…
Server has been shut down
