Using network 'development'.

{
  "ok": true,
  "graph_id": "",
  "pair": "C->G|evm|fund:cg",
  "pairKey": "C->G|evm|fund:cg",
  "contract": "CTLCOnly",
  "scenario": "worst_claim",
  "deployGas": "0x11263b",
  "gasUsed": "68735",
  "disableGasUsed": "0",
  "claimGasUsed": "68735",
  "refundGasUsed": "",
  "contractAddress": "0xde82676dD7ccF7a88D343B0cd13a71B3A28FFe1d",
  "startBlock": "0",
  "endBlock": "3",
  "finalContractBalanceWei": "0",
  "deployer": "0xB55A445cDd532A1EBa4d2e11f381e77EfF6eEFe8",
  "party": "0x54d8b742fDDf257A64Cf7e2Ed486A6a082dfC117",
  "counterparty": "0x2EA884C83f9FCb719F520eaB6D2e761F5e32Bf6c",
  "fundingWei": "1000000000000000000",
  "timelocks": [
    7
  ],
  "transactions": [
    {
      "role": "deploy",
      "txHash": "0x8084827498646cc56de32599ae22e8bdb69be48d40f167fd9ce64854d740a23f"
    },
    {
      "role": "fund",
      "txHash": "0x0670851e82274c4f76b963c7606409d2a15ef921b671592d2f297c026bb2adf0"
    },
    {
      "role": "claim",
      "txHash": "0xc5bbf8549d967668362da7154c102b38b3c372c4a2026ef65c9e6f2a0866ee85",
      "level": 0,
      "option": 0
    }
  ],
  "txRoles": [
    {
      "role": "deploy",
      "txHash": "0x8084827498646cc56de32599ae22e8bdb69be48d40f167fd9ce64854d740a23f"
    },
    {
      "role": "fund",
      "txHash": "0x0670851e82274c4f76b963c7606409d2a15ef921b671592d2f297c026bb2adf0"
    },
    {
      "role": "claim",
      "txHash": "0xc5bbf8549d967668362da7154c102b38b3c372c4a2026ef65c9e6f2a0866ee85",
      "level": 0,
      "option": 0
    }
  ],
  "deployTxHash": "0x8084827498646cc56de32599ae22e8bdb69be48d40f167fd9ce64854d740a23f",
  "fundTxHash": "0x0670851e82274c4f76b963c7606409d2a15ef921b671592d2f297c026bb2adf0",
  "claimTxHash": "0xc5bbf8549d967668362da7154c102b38b3c372c4a2026ef65c9e6f2a0866ee85",
  "txHash": "0xc5bbf8549d967668362da7154c102b38b3c372c4a2026ef65c9e6f2a0866ee85",
  "tx": "0xc5bbf8549d967668362da7154c102b38b3c372c4a2026ef65c9e6f2a0866ee85"
}
