ganache v7.9.2 (@ganache/cli: 0.10.2, @ganache/core: 0.10.2)
Starting RPC server

Available Accounts
==================
(0) 0xf2c07311f9F2787cc4D811a253BEBCe86576F776 (1000 ETH)
(1) 0x3B147FAC6c96347f2b695bF88d8E2dA99f7EA9ad (1000 ETH)
(2) 0x3263d45980eE39F7A94cB73fdde2f0c1d96A995b (1000 ETH)
(3) 0xb75F8B6ee2788309bfa693bc6Bb43cfa7d089308 (1000 ETH)
(4) 0x84407D0bff488D6b3F8A77896Bd0dd7f7010454F (1000 ETH)
(5) 0x3a66aF505E84323Be602147dC1F783B05343CCEB (1000 ETH)
(6) 0x51F72B666b6dD14774B5617977a10BfAC3fC9Ab9 (1000 ETH)
(7) 0x58B5708a101B2256C018ae86F3FE638a6825766d (1000 ETH)
(8) 0xA933BB0CDEe7Ef6d6502Ed73475c0Fb8c342AEeE (1000 ETH)
(9) 0x9D01d783ac335e81c1cbA743E94b18CDb6Dd74D8 (1000 ETH)

Private Keys
==================
(0) 0x0a71f0ee8e7145c614aa09cb298e475670e5b62dcbc43673a1d2c905147d8a93
(1) 0x8b06c2fce8ba6e086b06f975c8a03794a7f2fd795b1b34ec09873174d3f98fa7
(2) 0xecb33e9580574da186ac8e020945e3f65a6e2ff6d74f165281c59fb2a44731ea
(3) 0x189aaf9d249bcfbd032bb5dc9be071957c43ec8eabbd5b05ddad15046b7c70c0
(4) 0x4466365299e72bf1a55883f1354f541503f267d8787f9770b9a60cc974e5f7c1
(5) 0x221e788d7f8fb6911af6921eba88f085d7b8f52800ccd559941dd5756ffd0a41
(6) 0x934946f5d6257c661c62454511cf95a926a16db02f3ae5a550a3ad7663d4849d
(7) 0x7f0b92383c3761958a44ddd4348939261932c6deb584395d0fe71661287387f7
(8) 0x185db7d85e25dab5a1118f592f2a6f82f82fe34a75020cf0ed0f9500092faeed
(9) 0x44551f9a0e6996aa6778a71e20d8ce08c66360a1c7ebb4998da3e73a651e7b79

HD Wallet
==================
Mnemonic:      arrest salute promote machine fiction pumpkin assault suffer illegal author during animal
Base HD Path:  m/44'/60'/0'/0/{account_index}

Default Gas Price
==================
2000000000

BlockGas Limit
==================
30000000

Call Gas Limit
==================
50000000

Chain
==================
Hardfork: shanghai
Id:       1337

RPC Listening on 127.0.0.1:8545
web3_clientVersion
eth_blockNumber
net_version
eth_accounts
eth_accounts
eth_blockNumber
net_version
eth_getBlockByNumber
eth_estimateGas
eth_getBlockByNumber
eth_gasPrice
eth_sendTransaction

  Transaction: 0x32e9fe0ba482fe2f5e28831343f92a91780b7bbc06ef0186c0700cb601c94ea8
  Contract created: 0x192eed9af4c995cdc58e5dcc0be066b44ba29929
  Gas usage: 1906573
  Block number: 1
  Block time: Fri May 08 2026 03:39:55 GMT+0700 (Indochina Time)

eth_getTransactionReceipt
eth_getCode
eth_getTransactionReceipt
eth_getBlockByNumber
eth_gasPrice
eth_sendTransaction

  Transaction: 0xbbfa71b03d12c6c562ff8a1bb3fb0c7350ee7faaa4bfef7f6e1992ec60e3eb4c
  Gas usage: 21055
  Block number: 2
  Block time: Fri May 08 2026 03:39:56 GMT+0700 (Indochina Time)

eth_getTransactionReceipt
net_version
eth_getBlockByNumber
eth_estimateGas
eth_getBlockByNumber
eth_gasPrice
eth_sendTransaction

  Transaction: 0x17c07b766b5a12d09daf06e1ec0c51912706a47fa9240398857f4af6028261c2
  Gas usage: 80267
  Block number: 3
  Block time: Fri May 08 2026 03:39:56 GMT+0700 (Indochina Time)

eth_getTransactionReceipt
eth_blockNumber
eth_getBalance
eth_getTransactionByHash
debug_traceTransaction
eth_getTransactionByHash
debug_traceTransaction
eth_getTransactionByHash
debug_traceTransaction

Received shutdown signal: SIGTERM
Shutting down…
Server has been shut down
