Using network 'development'.

{
  "ok": true,
  "graph_id": "",
  "pair": "B->C|evm|fund:bc",
  "pairKey": "B->C|evm|fund:bc",
  "contract": "CTLCOnly",
  "scenario": "refund",
  "deployGas": "0x117faf",
  "gasUsed": "59561",
  "disableGasUsed": "0",
  "claimGasUsed": "",
  "refundGasUsed": "59561",
  "contractAddress": "0x78129Be39598d7C6161B1C367f0F789BC24D21Df",
  "startBlock": "0",
  "endBlock": "9",
  "finalContractBalanceWei": "0",
  "deployer": "0xB99a5B3737d1d3bd28dEabA2bb5227e53b05B3Fc",
  "party": "0xC54dB89f1a7EFAca399f48c07CF3298D0a17C3d9",
  "counterparty": "0xb10A4E147a5b8a3165cfcff32f8a2678AFaaA5bF",
  "fundingWei": "1000000000000000000",
  "timelocks": [
    8
  ],
  "transactions": [
    {
      "role": "deploy",
      "txHash": "0x4a9cef8f75cfbc6f407b5f0db534c230456a9985ec9088d99d378701b5d02fc8"
    },
    {
      "role": "fund",
      "txHash": "0x3d1597a4a90c8ac306158f2b996e797f25e89448a7f067c50c1a2b1e55b71769"
    },
    {
      "role": "refund",
      "txHash": "0x0fd0a0f8573b39107f170c74f21d6a7b6968c51a9642cefea08efa4f3ac7e4a8",
      "level": 0
    }
  ],
  "txRoles": [
    {
      "role": "deploy",
      "txHash": "0x4a9cef8f75cfbc6f407b5f0db534c230456a9985ec9088d99d378701b5d02fc8"
    },
    {
      "role": "fund",
      "txHash": "0x3d1597a4a90c8ac306158f2b996e797f25e89448a7f067c50c1a2b1e55b71769"
    },
    {
      "role": "refund",
      "txHash": "0x0fd0a0f8573b39107f170c74f21d6a7b6968c51a9642cefea08efa4f3ac7e4a8",
      "level": 0
    }
  ],
  "deployTxHash": "0x4a9cef8f75cfbc6f407b5f0db534c230456a9985ec9088d99d378701b5d02fc8",
  "fundTxHash": "0x3d1597a4a90c8ac306158f2b996e797f25e89448a7f067c50c1a2b1e55b71769",
  "refundTxHash": "0x0fd0a0f8573b39107f170c74f21d6a7b6968c51a9642cefea08efa4f3ac7e4a8",
  "refundTx": "0x0fd0a0f8573b39107f170c74f21d6a7b6968c51a9642cefea08efa4f3ac7e4a8"
}
