COMMAND: python3 experiments/scale_trace/scripts/trace_result_json.py /home/aothuatgiadp/blockchain/project/CTLC-Implementation/experiments/scale_trace/runs/random_v1_48/F-_A_evm_fund_fa_CTLCOnly_worst_claim/result.json /home/aothuatgiadp/blockchain/project/CTLC-Implementation/experiments/scale_trace/runs/random_v1_48/F-_A_evm_fund_fa_CTLCOnly_worst_claim/trace.json
STATUS: 0

STDOUT:
{
  "graph_id": "",
  "pair": "F->A|evm|fund:fa",
  "contract": "CTLCOnly",
  "scenario": "worst_claim",
  "contractAddress": "0x08fadc835D93912ed7717CeB70f0F953f7a6ca5C",
  "traces": {
    "deploy": {
      "tx_hash": "0xa86cf5b969d14a398acafae096e814e4a3be5fff7a0ba45ea5080fbf3ebc924d",
      "actual_calldata_bytes": 7091,
      "actual_sstore_count": 8,
      "actual_call_count": 0,
      "opcode_steps": 1286
    },
    "fund": {
      "tx_hash": "0xf2ee255bf318dc7fc74ab5728b230cbac66eaaed7a8db72b89f1d7bfb3f6ba08",
      "actual_calldata_bytes": 0,
      "actual_sstore_count": 0,
      "actual_call_count": 0,
      "opcode_steps": 13
    },
    "claim_level0": {
      "tx_hash": "0x5746083d76a836930d6caa314e3de44c7052b907e09852f1d6d9a2856d246321",
      "actual_calldata_bytes": 196,
      "actual_sstore_count": 1,
      "actual_call_count": 1,
      "opcode_steps": 793
    }
  }
}


STDERR:

