ganache v7.9.2 (@ganache/cli: 0.10.2, @ganache/core: 0.10.2)
Starting RPC server

Available Accounts
==================
(0) 0xbae6b7E33f496A16Ff79492CEC1fCe97BACf3B13 (1000 ETH)
(1) 0xb5274524a944e8F23eE393D789639d40C1bdF31E (1000 ETH)
(2) 0x10461c08A7C4F8e857C83cCA61A6F7c57c4355BD (1000 ETH)
(3) 0x1815029Ca08F76d0B762D217365cd1f1F9291409 (1000 ETH)
(4) 0xb43B3Ef849457647de4d691dF4094398D0715eD6 (1000 ETH)
(5) 0x328f9Ac3185AAEBA55fE58B3E4037829dd0AE475 (1000 ETH)
(6) 0x122A17fb3534FF44FAC9D75Fe24b3967c7EC9e96 (1000 ETH)
(7) 0x1D6c5FF8738e4b8668d23182bebE91953fd19d99 (1000 ETH)
(8) 0xDE07e5D0FBcD345957733F579D5698330C54D961 (1000 ETH)
(9) 0x4fBd1f7375946071fD3CC9CEDF012c44cAAd2843 (1000 ETH)

Private Keys
==================
(0) 0x42f622a71ea7b47f03971a0979c00d9c34cc73fa0565712b5c7abfd99f030db4
(1) 0x7bf41d4ea64aa321b8f87c86375ac91b900a83258211fdd5e2d1653289176587
(2) 0xab7af3b3fc395738a7e116c5a64f40fb400810b5990da15c85bbdfbe34650b4f
(3) 0xc50722b3e49bafdcc4a3f8c489cd7f5425e92749a8682eed801d082820d4c387
(4) 0x1dad45cbefe5d7faa9ab49c8357a8c44555d4d9e716f47c87ea37d58ed5be3a9
(5) 0xab3c47b00d1b7b732d242064cb02381977d6a337c5ba35bc3c30674bb0649334
(6) 0x0fffd2bfd45a54ac73507b09f4bb701da4846d2f5b7e843c09f08460414a707f
(7) 0x30494a0078ef3a37f7a7f21bfd882af7173fb294973d5f52bd7f162af5f562c4
(8) 0xa5b1be67eef8d2d5b05321915eb61c54a1ab24fd6119f4059a38b7b247c6abb9
(9) 0x910bdd15bd51ce4335659e6c1cb610ca6507d9983b8c85b60e35091b7df420e9

HD Wallet
==================
Mnemonic:      huge marriage subject menu local upon lady ecology notable sword hub inquiry
Base HD Path:  m/44'/60'/0'/0/{account_index}

Default Gas Price
==================
2000000000

BlockGas Limit
==================
30000000

Call Gas Limit
==================
50000000

Chain
==================
Hardfork: shanghai
Id:       1337

RPC Listening on 127.0.0.1:8545
web3_clientVersion
eth_blockNumber
net_version
eth_accounts
eth_accounts
eth_blockNumber
net_version
eth_getBlockByNumber
eth_estimateGas
eth_getBlockByNumber
eth_gasPrice
eth_sendTransaction

  Transaction: 0xf843fc503b05568a5b65376bea9e39baa2b3127a4cba2769852870b4a1259f60
  Contract created: 0x34bee63606eb5080c9fadf5a13047ba73683b18d
  Gas usage: 1239070
  Block number: 1
  Block time: Fri May 08 2026 00:17:57 GMT+0700 (Indochina Time)

eth_getTransactionReceipt
eth_getCode
eth_getTransactionReceipt
eth_getBlockByNumber
eth_gasPrice
eth_sendTransaction

  Transaction: 0x25b4cea9ab739870a703eeed6a1f64ce8879c53f5a30ca07bddeec9eb8f6987a
  Gas usage: 21055
  Block number: 2
  Block time: Fri May 08 2026 00:17:57 GMT+0700 (Indochina Time)

eth_getTransactionReceipt
net_version
eth_getBlockByNumber
eth_estimateGas
eth_getBlockByNumber
eth_gasPrice
eth_sendTransaction

  Transaction: 0x2649bfb3426301868acf0e91566a85e28c2ad73a47ddd9ec63de5d13139eddef
  Gas usage: 68747
  Block number: 3
  Block time: Fri May 08 2026 00:17:57 GMT+0700 (Indochina Time)

eth_getTransactionReceipt
eth_blockNumber
eth_getBalance
eth_getTransactionByHash
debug_traceTransaction
eth_getTransactionByHash
debug_traceTransaction
eth_getTransactionByHash
debug_traceTransaction

Received shutdown signal: SIGTERM
Shutting down…
Server has been shut down
