ganache v7.9.2 (@ganache/cli: 0.10.2, @ganache/core: 0.10.2)
Starting RPC server

Available Accounts
==================
(0) 0x4F57Fb02C24a9BAE9Dcd24B1aADa94A348520805 (1000 ETH)
(1) 0xc80208d3565c82468a11DcdD221abD18A57ECf22 (1000 ETH)
(2) 0xF33224B1683AE62cC886352F40426289431ec04D (1000 ETH)
(3) 0x5edc88181235330C08BF95015A752F7f7e17CF8D (1000 ETH)
(4) 0xF14e037C6bA07B825912B84E816cBd5707150b86 (1000 ETH)
(5) 0x1e1161446cFAA6060c98D7f2a3aDdb9e8cD001a8 (1000 ETH)
(6) 0x002b181D5a1B4bd1C5D10641b92A011eA53bBDb7 (1000 ETH)
(7) 0xcEc50a3a16B5F0F20312F7438E1E83075c8f5A00 (1000 ETH)
(8) 0xCF2FD076964cb98A9f17b85E9644dDe4B8D0c597 (1000 ETH)
(9) 0x5484DB84A230D851Ff0996Db654c7B7780D1D0D9 (1000 ETH)

Private Keys
==================
(0) 0x55681317c7ae0cede4fb6016140efe5d7f254fe96190de6030ac6377cdc9083b
(1) 0x0a3b2a2ab4518fae15d678e6571d5f2856ef2b371d99c1fd4b6906f2281e7fd3
(2) 0x1350d33d8b3d3545697f8e92199f5f5fd1b8fcc70c550b53ea3e68449275f2c8
(3) 0xa7e35fdcfabab07c3b661d3c3a1329988a71ad03243f9841042e21237526175f
(4) 0x676543a9781aa8a89a4aaff3bee21ea92211402cc9b02eee08f705231f7575d6
(5) 0xed3c25901316177805407975615a9a14fc64eeb536f420b818ca08cc4eaf4528
(6) 0x653f358fb0418516b22cd135175815212fe66e6b4ee0f1ceca7311af75493040
(7) 0x9edda3ad8f78b715de0f61d4c2a57d2472babc226f143747121281b7b97e2790
(8) 0xf76b646a3ae3c0246b7deafe4c723d49d05a6eb361c7c690b433b7a321073a3f
(9) 0xc21527f3dd21d851e842890cafa07f78b19ac12df1f9ab41dfb9af1d79f38e91

HD Wallet
==================
Mnemonic:      correct biology actor reunion crowd deny gap another indoor bachelor silent harbor
Base HD Path:  m/44'/60'/0'/0/{account_index}

Default Gas Price
==================
2000000000

BlockGas Limit
==================
30000000

Call Gas Limit
==================
50000000

Chain
==================
Hardfork: shanghai
Id:       1337

RPC Listening on 127.0.0.1:8545
web3_clientVersion
eth_blockNumber
net_version
eth_accounts
eth_accounts
eth_blockNumber
net_version
eth_getBlockByNumber
eth_estimateGas
eth_getBlockByNumber
eth_gasPrice
eth_sendTransaction

  Transaction: 0x314eed2eefdcd163d4573539ab46c78231a9480c2eb4bd49a0109ffcac72de42
  Contract created: 0x510702f80bab9359e3858e79af2e81cc404542c9
  Gas usage: 1976970
  Block number: 1
  Block time: Thu May 07 2026 21:20:45 GMT+0700 (Indochina Time)

eth_getTransactionReceipt
eth_getCode
eth_getTransactionReceipt
eth_getBlockByNumber
eth_gasPrice
eth_sendTransaction

  Transaction: 0xb498f29d23abb729801565d7b643b11b556bf8d6c222a346dfaa4def22d25e76
  Gas usage: 21055
  Block number: 2
  Block time: Thu May 07 2026 21:20:45 GMT+0700 (Indochina Time)

eth_getTransactionReceipt
eth_blockNumber
evm_mine
eth_blockNumber
evm_mine
eth_blockNumber
evm_mine
eth_blockNumber
evm_mine
eth_blockNumber
evm_mine
eth_blockNumber
net_version
eth_getBlockByNumber
eth_estimateGas
eth_getBlockByNumber
eth_gasPrice
eth_sendTransaction

  Transaction: 0xc3ad670dcadea8c065ce82fac25f329774fd715dd856da0ffcd18d50a22dec16
  Gas usage: 52925
  Block number: 8
  Block time: Thu May 07 2026 21:20:45 GMT+0700 (Indochina Time)

eth_getTransactionReceipt
eth_blockNumber
net_version
eth_getBlockByNumber
eth_estimateGas
eth_getBlockByNumber
eth_gasPrice
eth_sendTransaction

  Transaction: 0x2a161b43aaa331bc3cbfb8e39ac8c8fe56e12194434ca3e88430fd7cd775e9f6
  Gas usage: 35837
  Block number: 9
  Block time: Thu May 07 2026 21:20:45 GMT+0700 (Indochina Time)

eth_getTransactionReceipt
net_version
eth_getBlockByNumber
eth_estimateGas
eth_getBlockByNumber
eth_gasPrice
eth_sendTransaction

  Transaction: 0x46941c450677b0df856ad8fc54d1ed31a16e4b7beb042bc4549a7c828552034d
  Gas usage: 80279
  Block number: 10
  Block time: Thu May 07 2026 21:20:46 GMT+0700 (Indochina Time)

eth_getTransactionReceipt
eth_blockNumber
eth_getBalance
eth_getTransactionByHash
debug_traceTransaction
eth_getTransactionByHash
debug_traceTransaction
eth_getTransactionByHash
debug_traceTransaction
eth_getTransactionByHash
debug_traceTransaction
eth_getTransactionByHash
debug_traceTransaction

Received shutdown signal: SIGTERM
Shutting down…
Server has been shut down
