ganache v7.9.2 (@ganache/cli: 0.10.2, @ganache/core: 0.10.2)
Starting RPC server

Available Accounts
==================
(0) 0x98b932098E875CE726cf3448c241FC4517Eb4c52 (1000 ETH)
(1) 0x9b48B5678fFf2B51A7d0F407BAbF8f760c5E11eE (1000 ETH)
(2) 0xb15aB8860D7e10Cbc51b6a45CB8C3f47e88472aa (1000 ETH)
(3) 0x6484DcBB9b7DF39010138cad53a3fBAB7AFFfA2A (1000 ETH)
(4) 0xD24d2Bf5AC2D7523dd16C399dfe23E6D42F6dB43 (1000 ETH)
(5) 0x28a0a329DD9C6e0A8c9aF1ed7F0e9579FB14f308 (1000 ETH)
(6) 0x9d406512b013F428BD28bB710249996c0051641F (1000 ETH)
(7) 0xc42893d2E1c4345A1e0F76DE979a37AF287E990D (1000 ETH)
(8) 0x17FC9AD61164cA44DbD742D98707d84d68e05F15 (1000 ETH)
(9) 0xBD00B139BC80A6f1177fFf0D5D4876Ea3E74B22A (1000 ETH)

Private Keys
==================
(0) 0x28c9b9a8a19317f2a8c62cd5ee2af6c4950badf18daf88b64fcffba4ff72ccd9
(1) 0x710dc53471e00714ed39207af0d6682ec8a341d94eee96790fa7d96843792f82
(2) 0xec79e1e58805b9f02b5fe4651cc1dd25f39e880f8bd273943063d8dbd3fab03c
(3) 0xebfc6a23c49b52cfedfa54ac22fde8b012631d814b87d3867ff181bf4681677b
(4) 0x111eff32056485162eaf1b984b3f543fcdc89e184c642c181bb92c7042498dcf
(5) 0xae497588e311d7abc43ea29c03ec420def4e6c41ca088517e059b55a3781f368
(6) 0x82906b5be84bbdfa83f027843532ee1d169c7ce210feab6c72405d08b39799d2
(7) 0x1e7e07dcd942731a5771e24bd35165d557b7ceec3b84a81b4e259aaabdb8dd76
(8) 0xbfa0ec43847fafdcdf192573d9ffab395c532330cd5b85d6804b16964fad1c22
(9) 0x40c51e5bb92f16a18eba02bbcc809645a2caace60c95c8c7054f9f6c19dd1bc4

HD Wallet
==================
Mnemonic:      music visa matter barrel unknown broken lonely screen woman fame panic twice
Base HD Path:  m/44'/60'/0'/0/{account_index}

Default Gas Price
==================
2000000000

BlockGas Limit
==================
30000000

Call Gas Limit
==================
50000000

Chain
==================
Hardfork: shanghai
Id:       1337

RPC Listening on 127.0.0.1:8545
web3_clientVersion
eth_blockNumber
net_version
eth_accounts
eth_accounts
eth_blockNumber
net_version
eth_getBlockByNumber
eth_estimateGas
eth_getBlockByNumber
eth_gasPrice
eth_sendTransaction

  Transaction: 0xb3dac8a2792ef686d9a994c685d20bcc06f8c5a1a46abe710feb786bf55d37e2
  Contract created: 0x41ecb480b7424724989f8968010eb467ed1aad82
  Gas usage: 1146811
  Block number: 1
  Block time: Fri May 08 2026 03:33:59 GMT+0700 (Indochina Time)

eth_getTransactionReceipt
eth_getCode
eth_getTransactionReceipt
eth_getBlockByNumber
eth_gasPrice
eth_sendTransaction

  Transaction: 0x54d99aaaab968a8cdce81f5f3ac60e99d8c42b405ac52121605221795efe2fb5
  Gas usage: 21055
  Block number: 2
  Block time: Fri May 08 2026 03:33:59 GMT+0700 (Indochina Time)

eth_getTransactionReceipt
eth_blockNumber
evm_mine
eth_blockNumber
evm_mine
eth_blockNumber
evm_mine
eth_blockNumber
evm_mine
eth_blockNumber
evm_mine
eth_blockNumber
evm_mine
eth_blockNumber
net_version
eth_getBlockByNumber
eth_estimateGas
eth_getBlockByNumber
eth_gasPrice
eth_sendTransaction

  Transaction: 0xc10acbba5b32cf5b55ac69b0acf42d38ca9733875f04b89f71b11568619916cb
  Gas usage: 59561
  Block number: 9
  Block time: Fri May 08 2026 03:33:59 GMT+0700 (Indochina Time)

eth_getTransactionReceipt
eth_blockNumber
eth_getBalance
eth_getTransactionByHash
debug_traceTransaction
eth_getTransactionByHash
debug_traceTransaction
eth_getTransactionByHash
debug_traceTransaction

Received shutdown signal: SIGTERM
Shutting down…
Server has been shut down
