ganache v7.9.2 (@ganache/cli: 0.10.2, @ganache/core: 0.10.2)
Starting RPC server

Available Accounts
==================
(0) 0x1dEaa228eD753425f8424421A0d337b1E98C9418 (1000 ETH)
(1) 0x5a80059936033BAA63f2B13Eb506a80057793421 (1000 ETH)
(2) 0x1c334b610B2719c0419F6eF13E948679f726Ed12 (1000 ETH)
(3) 0x883F961e6d784F82ffbD406339228308fBebEbb6 (1000 ETH)
(4) 0x7b6641185e8f6A055EC0c068b9164DF2497353f1 (1000 ETH)
(5) 0xa32C8874A3597f0Bd4ED05961b94d79157e0693E (1000 ETH)
(6) 0xa75397420343567E45DE6f7ab36d4b8988Eae51d (1000 ETH)
(7) 0x16Aa5295A2a7a7f72B5Cb661EA5BAf1ee5Bb2B3B (1000 ETH)
(8) 0x5cF70f4B7D5971949Bc5A74393c403E51ed623F4 (1000 ETH)
(9) 0x90a335045145D15da06A1CE0Da56C63B6E2AB1Ac (1000 ETH)

Private Keys
==================
(0) 0x3194d6923edc954cdbe86d4309330c4d9ba4bf6186dec067eb18224948fdfee1
(1) 0x4f9b6eda4aa33e38058acd9f84d528d1ac954281fcb9e920f89783433e975362
(2) 0x6098abe8267e36ac2bb694cea29e9874cf439f68e507b25f66eaa95b01ddd781
(3) 0xc08d0ef42319a75b66d7f16eabff88eb63ccb8ffe5ff6d288b8ac9f25d17112d
(4) 0x8b26c413a0f3a3ebede3fb154bb4b5e75742fc6a69930d43939457200f228738
(5) 0x2af981ccff5c1cc4877076fd7b503b10e3eebb1771235ddd182145f642b3f8d9
(6) 0xb3b14b94a78a70fbcd51422e76fcc59468e1aa1feb09b897c0ec920533f7a17f
(7) 0xf5e14e54c6ce25bf6aa2f5c5d36d6f03c75c8c9c043b4aee23aacbbd5db67e28
(8) 0x6bb169d732595990f86c96bd90aa0c1fed031a247a42b661a1da7c9bc4296a88
(9) 0xee90c9d2c7e0b909233af3bc5749863098ce5fe76524f8387cc27b9adf2a643f

HD Wallet
==================
Mnemonic:      narrow enable cool file junk fish ice draft dynamic raw cliff bag
Base HD Path:  m/44'/60'/0'/0/{account_index}

Default Gas Price
==================
2000000000

BlockGas Limit
==================
30000000

Call Gas Limit
==================
50000000

Chain
==================
Hardfork: shanghai
Id:       1337

RPC Listening on 127.0.0.1:8545
web3_clientVersion
eth_blockNumber
net_version
eth_accounts
eth_accounts
eth_blockNumber
net_version
eth_getBlockByNumber
eth_estimateGas
eth_getBlockByNumber
eth_gasPrice
eth_sendTransaction

  Transaction: 0x14d9f61957fa5e3e55819ddaaaf1b38f6bce03e77109de217cad470a51f5f77c
  Contract created: 0x8dcd4bfa2dd202744c78bcd32aa7c61c5784696f
  Gas usage: 1100975
  Block number: 1
  Block time: Thu May 07 2026 22:11:07 GMT+0700 (Indochina Time)

eth_getTransactionReceipt
eth_getCode
eth_getTransactionReceipt
eth_getBlockByNumber
eth_gasPrice
eth_sendTransaction

  Transaction: 0x8a19a412f142b5bfcd025792b66d3875b7ca698c6c1de36b5590304ba9b18e78
  Gas usage: 21055
  Block number: 2
  Block time: Thu May 07 2026 22:11:07 GMT+0700 (Indochina Time)

eth_getTransactionReceipt
eth_blockNumber
evm_mine
eth_blockNumber
evm_mine
eth_blockNumber
evm_mine
eth_blockNumber
evm_mine
eth_blockNumber
net_version
eth_getBlockByNumber
eth_estimateGas
eth_getBlockByNumber
eth_gasPrice
eth_sendTransaction

  Transaction: 0x557a65be39e075d0569acac43fd3289f29f2ac42c652fec00bf65d2cc9f94584
  Gas usage: 59561
  Block number: 7
  Block time: Thu May 07 2026 22:11:07 GMT+0700 (Indochina Time)

eth_getTransactionReceipt
eth_blockNumber
eth_getBalance
eth_getTransactionByHash
debug_traceTransaction
eth_getTransactionByHash
debug_traceTransaction
eth_getTransactionByHash
debug_traceTransaction

Received shutdown signal: SIGTERM
Shutting down…
Server has been shut down
