ganache v7.9.2 (@ganache/cli: 0.10.2, @ganache/core: 0.10.2)
Starting RPC server

Available Accounts
==================
(0) 0xd3694F561D15e3bA5dBED3eC3317bcF22EE30699 (1000 ETH)
(1) 0x9F4d44E3cC3CE6EBdD783C69B529A605A1604c76 (1000 ETH)
(2) 0xb4DADdB50594BBDDfC7fc570D33220230D2690fd (1000 ETH)
(3) 0xb81D6D85bDa2f6D13CCb139afD4e110E31BD47f9 (1000 ETH)
(4) 0x70C7F99536B00fe5314b7C942be4015e17499dbC (1000 ETH)
(5) 0xbe9a787877809F0cE684F324A2Ba3F176AdAdcB1 (1000 ETH)
(6) 0x7194bd8bfD06B46bA18c2F29285654EF3339eA15 (1000 ETH)
(7) 0xC5405B8630ccD4dB4f7d5c73424C3B2a98b34558 (1000 ETH)
(8) 0x7D46309f9546D721Eb0EEC88C28ea3Bd3832B168 (1000 ETH)
(9) 0x0b81D837c34E27Bd18C316419e37A9302572E95d (1000 ETH)

Private Keys
==================
(0) 0xb07c4a8ead8578aead526ed2c069cac983309ee819365587b76366ead2aafabf
(1) 0x58ba217156ea7aedb032e98b502372d19e78fdafc75e36209021e36416d82eef
(2) 0x5e1b93cff85cffbc92d015adc474e8c081204f66a00339552749e645ac92e71b
(3) 0x0a19383494f74424d028d6c6e6e0d20ecc67cf23d499898f107353b740dd51ac
(4) 0x9e22ac4fc87356a25a63cb916e1d237287c1e012c84dbdcea7840518ac9548ad
(5) 0x07a7219ab2e912fc002110704004e67b2cb4bcf7738114402e6286a64e5c533c
(6) 0x1fe40d8f40dfa76c1d9b4a9068eb2c68626fec22ef3c5a80716fbbaacc9dc048
(7) 0xf7e5a55f7b7084ca6da91000409827523a74295d8d81018f1fc2d5f92d2b3177
(8) 0x84aee648ef2a24a3c0fa1273bed683c700f6044f1e8e89a013a28e051251d93b
(9) 0x3ba7c195f1261578a7517b52da178b2f467c5e95130c4c946c823bc265e9a603

HD Wallet
==================
Mnemonic:      life tool culture midnight wood blood cat artwork pencil lounge bar carpet
Base HD Path:  m/44'/60'/0'/0/{account_index}

Default Gas Price
==================
2000000000

BlockGas Limit
==================
30000000

Call Gas Limit
==================
50000000

Chain
==================
Hardfork: shanghai
Id:       1337

RPC Listening on 127.0.0.1:8545
web3_clientVersion
eth_blockNumber
net_version
eth_accounts
eth_accounts
eth_blockNumber
net_version
eth_getBlockByNumber
eth_estimateGas
eth_getBlockByNumber
eth_gasPrice
eth_sendTransaction

  Transaction: 0xa4463d335d452f27b01bd915ffb78870abb09aca38d7aef178d67a90e9cda96e
  Contract created: 0x3412d70470dbb6341138167b41a3ac0f1cda0544
  Gas usage: 1123899
  Block number: 1
  Block time: Fri May 08 2026 02:51:48 GMT+0700 (Indochina Time)

eth_getTransactionReceipt
eth_getCode
eth_getTransactionReceipt
eth_getBlockByNumber
eth_gasPrice
eth_sendTransaction

  Transaction: 0x0f17f43b2dde3bd4188f74de40346f169c73e00a6474df6fa50e6a5336787c14
  Gas usage: 21055
  Block number: 2
  Block time: Fri May 08 2026 02:51:48 GMT+0700 (Indochina Time)

eth_getTransactionReceipt
eth_blockNumber
evm_mine
eth_blockNumber
evm_mine
eth_blockNumber
evm_mine
eth_blockNumber
evm_mine
eth_blockNumber
evm_mine
eth_blockNumber
net_version
eth_getBlockByNumber
eth_estimateGas
eth_getBlockByNumber
eth_gasPrice
eth_sendTransaction

  Transaction: 0xf5c12f360514f7ac6604534b4ca580e2fe2368fb5a4711c637b10cd2834a5853
  Gas usage: 59561
  Block number: 8
  Block time: Fri May 08 2026 02:51:49 GMT+0700 (Indochina Time)

eth_getTransactionReceipt
eth_blockNumber
eth_getBalance
eth_getTransactionByHash
debug_traceTransaction
eth_getTransactionByHash
debug_traceTransaction
eth_getTransactionByHash
debug_traceTransaction

Received shutdown signal: SIGTERM
Shutting down…
Server has been shut down
