COMMAND: python3 experiments/scale_trace/scripts/trace_result_json.py /home/aothuatgiadp/blockchain/project/CTLC-Implementation/experiments/scale_trace/runs/random_v1_151/F-_A_evm_fund_fa_CTLCOnly_worst_claim/result.json /home/aothuatgiadp/blockchain/project/CTLC-Implementation/experiments/scale_trace/runs/random_v1_151/F-_A_evm_fund_fa_CTLCOnly_worst_claim/trace.json
STATUS: 0

STDOUT:
{
  "graph_id": "",
  "pair": "F->A|evm|fund:fa",
  "contract": "CTLCOnly",
  "scenario": "worst_claim",
  "contractAddress": "0xd0DB710229Ce0Df33Bff4C3dD484F7673814Cec8",
  "traces": {
    "deploy": {
      "tx_hash": "0x48901b95d08c3ecbf924da2c497ead9d3077e62c5f07de3d53d2a42a34b06298",
      "actual_calldata_bytes": 7091,
      "actual_sstore_count": 8,
      "actual_call_count": 0,
      "opcode_steps": 1286
    },
    "fund": {
      "tx_hash": "0x4b74a31f9920db6595bb8acd757f1ada19262a0e27c7671a94f85539b6e3693d",
      "actual_calldata_bytes": 0,
      "actual_sstore_count": 0,
      "actual_call_count": 0,
      "opcode_steps": 13
    },
    "claim_level0": {
      "tx_hash": "0x520cfbb3f3deb07f667f0bf72788c9c3e8c76ff8080d97eec8f96a1f7e480b5a",
      "actual_calldata_bytes": 196,
      "actual_sstore_count": 1,
      "actual_call_count": 1,
      "opcode_steps": 793
    }
  }
}


STDERR:

