ganache v7.9.2 (@ganache/cli: 0.10.2, @ganache/core: 0.10.2)
Starting RPC server

Available Accounts
==================
(0) 0x60d8eAf55CE139b961dAAe7af490886ae578566b (1000 ETH)
(1) 0x74d42fA75Ce36c978c378E6EDDDcdf29d27d09e0 (1000 ETH)
(2) 0x469b3bF2c86dd9cE16764B6015a3C60C2BF26A08 (1000 ETH)
(3) 0x49D416dd08439b5abEAc232Ee990f0182d259Bd0 (1000 ETH)
(4) 0x297f7DA792cF7256Ec3162858e7aeF43456FF918 (1000 ETH)
(5) 0x4abBD5BECe53851D4CC9486727DdCFB62a6CEc0f (1000 ETH)
(6) 0x5A6799CB27b13476D1c6AdA3109CCe8E94D413b8 (1000 ETH)
(7) 0x2C32C8f8071dF4416a14Dd8BB0D04EBFce0d7A4F (1000 ETH)
(8) 0x6454DEaF923b7a39ef2B12EBE7cEeDfaBBd8008A (1000 ETH)
(9) 0x5Ba35a21bE250f789eF7a31ce55A8fB8b50B2452 (1000 ETH)

Private Keys
==================
(0) 0x084e0810060291aa1868c6c54a0c3d12120b7d6d4d480cd9a3dc76f59f09c786
(1) 0x8fa7859364c7a13c1d9471c1a5f23d3c5996ff05864e91f611680ea58ae83c86
(2) 0xe3669693a6513c849be7331ddcf36350ccacb91888a21124a789233995a13ed6
(3) 0x6dfd368e86ffa3ad0652e44a82c725614dc85b468a94dc57d25cc99305560b13
(4) 0x0170a1884fc6aa6080f3d11c6df80aa74f0a13553bf58b095be1537454245061
(5) 0xb6c00d3333a78835b64b587180c405efe1cbb4c599a1a7c21a31c23c42f436bf
(6) 0x0da083aef12b04d4b1d364029309c78d0772779de5e7728daa3168f85d6b74c0
(7) 0x39b446eb0f606a91415d7316297a4ab4e144b779b350872501d7353637fe614a
(8) 0x32ae4cd6178b1d4bfee5cc635a31518bc8c676478e3e3de3cb7f94b068366d22
(9) 0xfeb822a855b09d0bdfc580ef748ca30ccaf6a575f92761b3592c367bd0a61eb0

HD Wallet
==================
Mnemonic:      amused absurd shrimp oxygen pulp culture effort story forest order energy wisdom
Base HD Path:  m/44'/60'/0'/0/{account_index}

Default Gas Price
==================
2000000000

BlockGas Limit
==================
30000000

Call Gas Limit
==================
50000000

Chain
==================
Hardfork: shanghai
Id:       1337

RPC Listening on 127.0.0.1:8545
web3_clientVersion
eth_blockNumber
net_version
eth_accounts
eth_accounts
eth_blockNumber
net_version
eth_getBlockByNumber
eth_estimateGas
eth_getBlockByNumber
eth_gasPrice
eth_sendTransaction

  Transaction: 0xdbbb6d2b82668dac419c6214630dbf1cf689aa1183c8d0d93458fcce95ed0ca1
  Contract created: 0xff43403b11ba8374cd76e65b1583b32c0e75ac31
  Gas usage: 1146811
  Block number: 1
  Block time: Fri May 08 2026 03:30:47 GMT+0700 (Indochina Time)

eth_getTransactionReceipt
eth_getCode
eth_getTransactionReceipt
eth_getBlockByNumber
eth_gasPrice
eth_sendTransaction

  Transaction: 0x32dfc79962d5865aa7c28b01ba0a63f8556f4ac355db24af4e385ba55adfd705
  Gas usage: 21055
  Block number: 2
  Block time: Fri May 08 2026 03:30:47 GMT+0700 (Indochina Time)

eth_getTransactionReceipt
net_version
eth_getBlockByNumber
eth_estimateGas
eth_getBlockByNumber
eth_gasPrice
eth_sendTransaction

  Transaction: 0xb90066f6c9e49a093500ba57dea3a05f802fbd90e39e4e336268ab4f4cd53875
  Gas usage: 72874
  Block number: 3
  Block time: Fri May 08 2026 03:30:47 GMT+0700 (Indochina Time)

eth_getTransactionReceipt
eth_blockNumber
eth_getBalance
eth_getTransactionByHash
debug_traceTransaction
eth_getTransactionByHash
debug_traceTransaction
eth_getTransactionByHash
debug_traceTransaction

Received shutdown signal: SIGTERM
Shutting down…
Server has been shut down
