ganache v7.9.2 (@ganache/cli: 0.10.2, @ganache/core: 0.10.2)
Starting RPC server

Available Accounts
==================
(0) 0x27bc94B679efB3012f157C17dD5EB54f69772521 (1000 ETH)
(1) 0x986a295411C7203Ac497E14C62a4f4b0426c14E9 (1000 ETH)
(2) 0x9DC97644DEA1EC09FFB2C199c3F59947E25b4fD7 (1000 ETH)
(3) 0xFCe914Faf89EcC943993aB7FF37b75F2b83e44Cd (1000 ETH)
(4) 0x5133e653BB904e2BA3a989053D79aca8EB6D35c5 (1000 ETH)
(5) 0x4251cc15D30397418A8FB2617212ac530215386d (1000 ETH)
(6) 0x08ebE9C2596A088Df3a6d3ce7ea531c11C0502Ac (1000 ETH)
(7) 0x6e1d29C9c820b1433b2DaE711CcF1e2E383DeDD8 (1000 ETH)
(8) 0x804B3b4886Fe86b43AC8D2Fd6180C2BdA50e0b63 (1000 ETH)
(9) 0xa19e735f8e9A28C244Eedf685FdC1Da404332A71 (1000 ETH)

Private Keys
==================
(0) 0x4d3ace4abc6ce19417e01e1a8afa6e18aba1892b58dca36bad9d523d6304f54b
(1) 0x49531b40dc58b84fce22e28e14e3b74ab370f5b800d71dc311fbd9fd1b7d8921
(2) 0x7aa53b12a401c45185892d46a533a2023d328bea3837cdad53ee8624e48fb466
(3) 0x95c92dcf6267c9ef2b7b50e359194ec77ab25871a2946c7ef97a33897f224600
(4) 0x52e0081e1ee6c33e45aa6c09fd09e203753bb9e5622e8a55a227ae51a01c61bc
(5) 0xfe28fc07f25101eb33318ecbad498a297ddd03b2f19b6006d9082ed77099bd96
(6) 0xeb870f368b8a3de33756c01482870a0779be4353739f2419093fdd76628be762
(7) 0x0ef06752ffae770de1582e55b0eae5c5927c99bf931064cba5c63da3ca478f59
(8) 0xc7c3c55849f6f322cbd4a814e231bb5732646f50d57b889e8c2078dc0eea9364
(9) 0x70780606c8e13edec360634b231b894d5c9a8696878a63a329cd103252fe90a4

HD Wallet
==================
Mnemonic:      pass liberty begin fitness they prize critic ozone onion engage news comfort
Base HD Path:  m/44'/60'/0'/0/{account_index}

Default Gas Price
==================
2000000000

BlockGas Limit
==================
30000000

Call Gas Limit
==================
50000000

Chain
==================
Hardfork: shanghai
Id:       1337

RPC Listening on 127.0.0.1:8545
web3_clientVersion
eth_blockNumber
net_version
eth_accounts
eth_accounts
eth_blockNumber
net_version
eth_getBlockByNumber
eth_estimateGas
eth_getBlockByNumber
eth_gasPrice
eth_sendTransaction

  Transaction: 0xe9fb70100ca55581f3273e6ea62c399b2e06cd0156bcd3878bc5ef895704ecdf
  Contract created: 0xef9474a311d0224ad99b124475e553dd24a3b86a
  Gas usage: 1192635
  Block number: 1
  Block time: Fri May 08 2026 00:31:56 GMT+0700 (Indochina Time)

eth_getTransactionReceipt
eth_getCode
eth_getTransactionReceipt
eth_getBlockByNumber
eth_gasPrice
eth_sendTransaction

  Transaction: 0x8b44bb08574b47ecf1ff05e434946a5426bd464aa07272447007151151c9fbb8
  Gas usage: 21055
  Block number: 2
  Block time: Fri May 08 2026 00:31:56 GMT+0700 (Indochina Time)

eth_getTransactionReceipt
net_version
eth_getBlockByNumber
eth_estimateGas
eth_getBlockByNumber
eth_gasPrice
eth_sendTransaction

  Transaction: 0xf5616768a92c061c73c84cb74e9bdaa3bd0ed5c88ec679913ba2efe58c621cb3
  Gas usage: 81164
  Block number: 3
  Block time: Fri May 08 2026 00:31:57 GMT+0700 (Indochina Time)

eth_getTransactionReceipt
eth_blockNumber
eth_getBalance
eth_getTransactionByHash
debug_traceTransaction
eth_getTransactionByHash
debug_traceTransaction
eth_getTransactionByHash
debug_traceTransaction

Received shutdown signal: SIGTERM
Shutting down…
Server has been shut down
