ganache v7.9.2 (@ganache/cli: 0.10.2, @ganache/core: 0.10.2)
Starting RPC server

Available Accounts
==================
(0) 0x48bF0f9E9Ef09516A9c2785843dA9346e4022A5c (1000 ETH)
(1) 0x108F8D9B6915101f68295AdA753fa4E0c9E4AD69 (1000 ETH)
(2) 0x9C22c88308c1A915dE323CD3a24E2c9d3dE51c54 (1000 ETH)
(3) 0x2a6b228F8bCe7feFB14A9ce9EC8feEE76DC142fd (1000 ETH)
(4) 0xea3EbDF34a35765D76B22Fe8469D289759cDEe5B (1000 ETH)
(5) 0x0397bD45D7F5645BEcfab1bFf23C346d2167609b (1000 ETH)
(6) 0x5317E8920F589DA89D3aB20C5aF0866Dce5bF42D (1000 ETH)
(7) 0xf91EA719D8bceC6BDa9FC68E5C904E1378C0cfb0 (1000 ETH)
(8) 0xe3589983bd4FBBC3cadbce3ff0F7178399Ce7886 (1000 ETH)
(9) 0x099f98848b08779c991A4DB9EDf3434dA654E4F0 (1000 ETH)

Private Keys
==================
(0) 0xd8ce64c4c80855c4c728c41ef0e87e6c89809dd3d16eeb664bb98b009fa371d7
(1) 0x4fc0c303b3249b32e3bb699cb6709957a65f6889a13bee63e182a316ecaaa6ca
(2) 0x283efb4e21ab6c35170446956accd5b8903a06a48a30319a13613cc996c6f38b
(3) 0xf4ce4693aecd22261d7d30c0491d1f2f7f3485084c13459a13671f8d11fd0f69
(4) 0x9c19aa8ccd51f9bdd0222aaf7f70abaae96429dd5df0eb1420f75cb68f7e189d
(5) 0xd42b21e3c6b4d311fe7f8995dad20098869ff65a27d0a1b684f56345bbe231b0
(6) 0xdd0c0731c9aad0cf89e4bd711d5e98dd15703b196657d2169a46165a7f8b6842
(7) 0x12ffc8d6791951be1210ea670567911fc65a41843c2332f92cc1a49b0dcdfa82
(8) 0xef5ab06ef8290f7061a9fe9519da95f18f731d69029594a6663394f212fada1b
(9) 0x6ac286ac577bc9a87f45c1bfc355d1c5f081dcf4db0913cf9fc97be0e5108bde

HD Wallet
==================
Mnemonic:      disagree toilet surprise sing dry acid gasp scale wrong smile antique glass
Base HD Path:  m/44'/60'/0'/0/{account_index}

Default Gas Price
==================
2000000000

BlockGas Limit
==================
30000000

Call Gas Limit
==================
50000000

Chain
==================
Hardfork: shanghai
Id:       1337

RPC Listening on 127.0.0.1:8545
web3_clientVersion
eth_blockNumber
net_version
eth_accounts
eth_accounts
eth_blockNumber
net_version
eth_getBlockByNumber
eth_estimateGas
eth_getBlockByNumber
eth_gasPrice
eth_sendTransaction

  Transaction: 0x81e0e6ab791b592c58def82235c94ced7a092df4631054c71517c5337884e52e
  Contract created: 0x5704b2dab22360443d8205af9c7fd2af3a4d5fee
  Gas usage: 1100987
  Block number: 1
  Block time: Fri May 08 2026 00:08:57 GMT+0700 (Indochina Time)

eth_getTransactionReceipt
eth_getCode
eth_getTransactionReceipt
eth_getBlockByNumber
eth_gasPrice
eth_sendTransaction

  Transaction: 0x51575a9fd0a36043dd9ba55c1ecda6ba31a9202aefd6c402e54601cf5e9cb43c
  Gas usage: 21055
  Block number: 2
  Block time: Fri May 08 2026 00:08:57 GMT+0700 (Indochina Time)

eth_getTransactionReceipt
net_version
eth_getBlockByNumber
eth_estimateGas
eth_getBlockByNumber
eth_gasPrice
eth_sendTransaction

  Transaction: 0x2e53871d8fd29bae8757d19950103a556269df117fb41263f856b98288c858ce
  Gas usage: 64620
  Block number: 3
  Block time: Fri May 08 2026 00:08:57 GMT+0700 (Indochina Time)

eth_getTransactionReceipt
eth_blockNumber
eth_getBalance
eth_getTransactionByHash
debug_traceTransaction
eth_getTransactionByHash
debug_traceTransaction
eth_getTransactionByHash
debug_traceTransaction

Received shutdown signal: SIGTERM
Shutting down…
Server has been shut down
