Using network 'development'.

{
  "ok": true,
  "graph_id": "",
  "pair": "C->A|evm|fund:ca",
  "pairKey": "C->A|evm|fund:ca",
  "contract": "CTLCOnly",
  "scenario": "refund",
  "deployGas": "0x10ccbb",
  "gasUsed": "59561",
  "disableGasUsed": "0",
  "claimGasUsed": "",
  "refundGasUsed": "59561",
  "contractAddress": "0xcC27ABd22C205A77145A5C5440C02dE18829abdF",
  "startBlock": "0",
  "endBlock": "7",
  "finalContractBalanceWei": "0",
  "deployer": "0x1B182124939A6817E64453a1e6e2Ad5B002F30fC",
  "party": "0x21dc386edf662D0F75DEca0d2730359E4ACdf0f2",
  "counterparty": "0x25C7CE4e69cC53367fE734AEFE2597D4AF33F9D4",
  "fundingWei": "1000000000000000000",
  "timelocks": [
    6
  ],
  "transactions": [
    {
      "role": "deploy",
      "txHash": "0x07ff470e3f42c91a2b0b427378daeadec45696d1944981d8e96ef4fd4046763b"
    },
    {
      "role": "fund",
      "txHash": "0xe23bf3b61904c619e0531d1467a2a93687865ad3a188203db6cd3f2e10912b26"
    },
    {
      "role": "refund",
      "txHash": "0x6551e50593da990227f539673e68a8fe0e532b6a186faf145dc2bd9df3933d95",
      "level": 0
    }
  ],
  "txRoles": [
    {
      "role": "deploy",
      "txHash": "0x07ff470e3f42c91a2b0b427378daeadec45696d1944981d8e96ef4fd4046763b"
    },
    {
      "role": "fund",
      "txHash": "0xe23bf3b61904c619e0531d1467a2a93687865ad3a188203db6cd3f2e10912b26"
    },
    {
      "role": "refund",
      "txHash": "0x6551e50593da990227f539673e68a8fe0e532b6a186faf145dc2bd9df3933d95",
      "level": 0
    }
  ],
  "deployTxHash": "0x07ff470e3f42c91a2b0b427378daeadec45696d1944981d8e96ef4fd4046763b",
  "fundTxHash": "0xe23bf3b61904c619e0531d1467a2a93687865ad3a188203db6cd3f2e10912b26",
  "refundTxHash": "0x6551e50593da990227f539673e68a8fe0e532b6a186faf145dc2bd9df3933d95",
  "refundTx": "0x6551e50593da990227f539673e68a8fe0e532b6a186faf145dc2bd9df3933d95"
}
