ganache v7.9.2 (@ganache/cli: 0.10.2, @ganache/core: 0.10.2)
Starting RPC server

Available Accounts
==================
(0) 0x48e92a1E2636DDE0D2a6481Fb268a0E8c5d36b6C (1000 ETH)
(1) 0x7742f3A5c0668a63ab9A37d8923c8fa68aa902a4 (1000 ETH)
(2) 0xF6fA1c53391282C05141E4f23bC750A616795D5d (1000 ETH)
(3) 0x8165b2911Cb1E319B1217c3d23548dC8079faE8E (1000 ETH)
(4) 0x1D82e3B074254ca8f8E2984e70a9bdF0C8635A9C (1000 ETH)
(5) 0xEa96581dd0244F3d84577CeB1fbb828AafBBC77f (1000 ETH)
(6) 0xA47FdA906cFFE7d64993B4B788754C88C4191b4F (1000 ETH)
(7) 0x6bbed33356D21a5a93921768bcccC38bb878AA37 (1000 ETH)
(8) 0x73AC3B9001899C2A592D061FaB4f6EFB164Cd00d (1000 ETH)
(9) 0x9FAE44668ab7606523b254DB2edD183860447375 (1000 ETH)

Private Keys
==================
(0) 0xf9e305d1e50ca3c1868b534acf338edfb3510b6a9d206e0f07a586807028096c
(1) 0xcd19862c64a4f49767618c1287b47465d1624b6d34680b6a3e92aa2d41327f45
(2) 0x7f9559dec8bbc18207f3a2dc6fec579c967093687173cfffb440168b3dc77de7
(3) 0xf9aa3fa259578a19aac8896f90c1983819318348daf658ae625845c4739591ad
(4) 0xc29c5f7ff22cd29c1fe022e964f3426f7ce2b7759ca14c0ca028006c9c0e3953
(5) 0x08bd4f06ae21ebd83ef75fe1c6180f04a69b45709c499cf4f03a75ba707a2801
(6) 0xde41b79db112c0ece582823a1d8ffabd72f42da9033a446a48a16e3910e67ae3
(7) 0x04bc17162826b3187b0966e09b9f81017b149dfe0315757e510cc0cc0ebaaea2
(8) 0x23f3f34b1359ef147f5349bae78605e2cb00bcf86b794a2f6ccbe1fca8a5be67
(9) 0x469249b3c700a134315671fe46483b7cb5a1c75c5f97d6a3ceca46a1b5fc4d60

HD Wallet
==================
Mnemonic:      excuse merge inside curve praise result crane muscle sense silver royal illness
Base HD Path:  m/44'/60'/0'/0/{account_index}

Default Gas Price
==================
2000000000

BlockGas Limit
==================
30000000

Call Gas Limit
==================
50000000

Chain
==================
Hardfork: shanghai
Id:       1337

RPC Listening on 127.0.0.1:8545
web3_clientVersion
eth_blockNumber
net_version
eth_accounts
eth_accounts
eth_blockNumber
net_version
eth_getBlockByNumber
eth_estimateGas
eth_getBlockByNumber
eth_gasPrice
eth_sendTransaction

  Transaction: 0xc766e30724ff886a492f2a40095d734b2dc15cc810c717ee24613b0622f91868
  Contract created: 0x1a684f8b056cbeb96c6cb86043f8aced0f0bfaaa
  Gas usage: 1284894
  Block number: 1
  Block time: Fri May 08 2026 02:17:11 GMT+0700 (Indochina Time)

eth_getTransactionReceipt
eth_getCode
eth_getTransactionReceipt
eth_getBlockByNumber
eth_gasPrice
eth_sendTransaction

  Transaction: 0xf6732a59b5a34a76f073467b777cf2dece37c9a76752cb8ea833cad026381c1f
  Gas usage: 21055
  Block number: 2
  Block time: Fri May 08 2026 02:17:11 GMT+0700 (Indochina Time)

eth_getTransactionReceipt
eth_blockNumber
evm_mine
eth_blockNumber
evm_mine
eth_blockNumber
evm_mine
eth_blockNumber
evm_mine
eth_blockNumber
evm_mine
eth_blockNumber
evm_mine
eth_blockNumber
net_version
eth_getBlockByNumber
eth_estimateGas
eth_getBlockByNumber
eth_gasPrice
eth_sendTransaction

  Transaction: 0x9c3ba7b98595aec6ea2359fa44c2fc646cb917f4ed9384e40fb67fcf3a17f8b1
  Gas usage: 52947
  Block number: 9
  Block time: Fri May 08 2026 02:17:11 GMT+0700 (Indochina Time)

eth_getTransactionReceipt
net_version
eth_getBlockByNumber
eth_estimateGas
eth_getBlockByNumber
eth_gasPrice
eth_sendTransaction

  Transaction: 0x166421d00a9d9128c912a183a01740839cff24ed30d0efbb0831f67077770909
  Gas usage: 77025
  Block number: 10
  Block time: Fri May 08 2026 02:17:11 GMT+0700 (Indochina Time)

eth_getTransactionReceipt
eth_blockNumber
eth_getBalance
eth_getTransactionByHash
debug_traceTransaction
eth_getTransactionByHash
debug_traceTransaction
eth_getTransactionByHash
debug_traceTransaction
eth_getTransactionByHash
debug_traceTransaction

Received shutdown signal: SIGTERM
Shutting down…
Server has been shut down
