ganache v7.9.2 (@ganache/cli: 0.10.2, @ganache/core: 0.10.2)
Starting RPC server

Available Accounts
==================
(0) 0xDC7B0C17F1eDb2E5550575230D1F01FCBDBDFd8d (1000 ETH)
(1) 0x5DD08E5c6392AdF14dFD1C160C7E5D7de3388850 (1000 ETH)
(2) 0xF117CB8DD9bC6868D6864F06E117be1E5E4F06E2 (1000 ETH)
(3) 0xfC41A58D9FC8AE2B52B32E8bf0e3B0B94B9981aB (1000 ETH)
(4) 0xac6FD144c62042C52aCaE91C6A570d1B918B2B33 (1000 ETH)
(5) 0xFb8dCAe6f6376Ba2bF1fEa24e52F6B1151b6A0ea (1000 ETH)
(6) 0xBE89750afAEcEF9AF678E9cDEcCA05b03c29e21B (1000 ETH)
(7) 0xA3C22E9470F47e2d8f92A33f1202968758482b77 (1000 ETH)
(8) 0x9b0B8E79F4DcAea7028A0b414218C0c6EA1B84A7 (1000 ETH)
(9) 0xdEd6388C1592CfCDC4D1e08de640db2c712E9aDa (1000 ETH)

Private Keys
==================
(0) 0xdbd285957a7a81d518abb7f2eb588172a1eef388f88977b12118b2ea62ef7461
(1) 0x5c1e10520d154f7a53a7c7217ae4fabf8c1a876ad06f43a6632ac5a3e0c3fe65
(2) 0xc55c75297d231494c1ff21751af6a3c730be1c3e3e6ffacb7e2d53f82cbab368
(3) 0x29ea73b0b9328d4c40409d4f5cc2bda08b42c3e9903918a67f188d9deee619f5
(4) 0xa7c0d3368122d23d5d2c933eba4b72c999e2afe3e74b6cf9adc3cab6c5a05a79
(5) 0xb27b286c75d2b01460262b22a2beae01abe86eda5fd7cb6edefc4a5f087b0f22
(6) 0x456d6c615f3fad204af97979c548e566fcb34f625c83f240d41df491103f9897
(7) 0xb28e663c5654e45ab41e52bfc56223088135c01d8a5e0ff549e74c85099ae2ca
(8) 0xbea5e8fb84e9610cf4c7130f5f4561c47d3c16ae4f82340428cae480496e7f51
(9) 0x585feaf23552b803da4406297af704204b7e3f6f4ad209bb1bbf17aaba32b4ac

HD Wallet
==================
Mnemonic:      hour assume galaxy rival meadow acid wink please aerobic below settle silly
Base HD Path:  m/44'/60'/0'/0/{account_index}

Default Gas Price
==================
2000000000

BlockGas Limit
==================
30000000

Call Gas Limit
==================
50000000

Chain
==================
Hardfork: shanghai
Id:       1337

RPC Listening on 127.0.0.1:8545
web3_clientVersion
eth_blockNumber
net_version
eth_accounts
eth_accounts
eth_blockNumber
net_version
eth_getBlockByNumber
eth_estimateGas
eth_getBlockByNumber
eth_gasPrice
eth_sendTransaction

  Transaction: 0x245bbed4293133b89f3b692d521de90310fabdee2d3e779729a17af9a753e8b1
  Contract created: 0xd79003d2f7eb0a0dba6e0545539e0717511cdd4c
  Gas usage: 1469608
  Block number: 1
  Block time: Fri May 08 2026 01:20:30 GMT+0700 (Indochina Time)

eth_getTransactionReceipt
eth_getCode
eth_getTransactionReceipt
eth_getBlockByNumber
eth_gasPrice
eth_sendTransaction

  Transaction: 0xe1e3e41841f7e93b7d1a7f9cebe9f2c93dee4dbc516243defcb83f8f033ae35a
  Gas usage: 21055
  Block number: 2
  Block time: Fri May 08 2026 01:20:30 GMT+0700 (Indochina Time)

eth_getTransactionReceipt
eth_blockNumber
evm_mine
eth_blockNumber
evm_mine
eth_blockNumber
evm_mine
eth_blockNumber
evm_mine
eth_blockNumber
evm_mine
eth_blockNumber
evm_mine
eth_blockNumber
net_version
eth_getBlockByNumber
eth_estimateGas
eth_getBlockByNumber
eth_gasPrice
eth_sendTransaction

  Transaction: 0x93d8d87275f26acbb4e37436466ab2e665da368a68a484774d740cb949d1faac
  Gas usage: 59539
  Block number: 9
  Block time: Fri May 08 2026 01:20:30 GMT+0700 (Indochina Time)

eth_getTransactionReceipt
eth_blockNumber
eth_getBalance
eth_getTransactionByHash
debug_traceTransaction
eth_getTransactionByHash
debug_traceTransaction
eth_getTransactionByHash
debug_traceTransaction

Received shutdown signal: SIGTERM
Shutting down…
Server has been shut down
