COMMAND: python3 experiments/scale_trace/scripts/trace_result_json.py /home/aothuatgiadp/blockchain/project/CTLC-Implementation/experiments/scale_trace/runs/random_v1_162/F-_A_evm_fund_fa_CTLCOnly_best_claim/result.json /home/aothuatgiadp/blockchain/project/CTLC-Implementation/experiments/scale_trace/runs/random_v1_162/F-_A_evm_fund_fa_CTLCOnly_best_claim/trace.json
STATUS: 0

STDOUT:
{
  "graph_id": "",
  "pair": "F->A|evm|fund:fa",
  "contract": "CTLCOnly",
  "scenario": "best_claim",
  "contractAddress": "0xa1DCBA8C792E67cCF66605301FB427287A96a9D0",
  "traces": {
    "deploy": {
      "tx_hash": "0x2a0360236a584d78bb819fffe645f5af16c298963c4480742d9b7687748d5482",
      "actual_calldata_bytes": 7091,
      "actual_sstore_count": 8,
      "actual_call_count": 0,
      "opcode_steps": 1286
    },
    "fund": {
      "tx_hash": "0x1733c87a80234ca0de1191ab6ab4c73661c00b4bea8846ab5fe6751eb1c3eb7e",
      "actual_calldata_bytes": 0,
      "actual_sstore_count": 0,
      "actual_call_count": 0,
      "opcode_steps": 13
    },
    "claim_level0": {
      "tx_hash": "0x66529887d6f9ae989ff3d99a06f96d0277dc21dde73b80ddf748e6891006c2be",
      "actual_calldata_bytes": 196,
      "actual_sstore_count": 1,
      "actual_call_count": 1,
      "opcode_steps": 793
    }
  }
}


STDERR:

