ganache v7.9.2 (@ganache/cli: 0.10.2, @ganache/core: 0.10.2)
Starting RPC server

Available Accounts
==================
(0) 0x568cE3248fEe77dd20eA0A8F27Eed66535FC2152 (1000 ETH)
(1) 0x3E25b2312Cbcb737cCD0c87B204c376f118C1ecc (1000 ETH)
(2) 0x5A6f2Da6293CD3b2E958fFf6d75F427dc1b3706E (1000 ETH)
(3) 0x44B4992063ad833dBA353106AA7B396349bFEcDe (1000 ETH)
(4) 0x2999CAA606a21f08eeAd0Cd8f30591b72Be771D3 (1000 ETH)
(5) 0x60830Bd14351ddA7a3781f9A7cAdDdC142C01De3 (1000 ETH)
(6) 0x2e51f94e9cdcD47d8C7fB0E47C213A37855649A4 (1000 ETH)
(7) 0x442C81Ac319fAD445242a769D721C0bc8be7bAfa (1000 ETH)
(8) 0x98CbdDAF80724e5c7A3aeE4d299a08859BbC236c (1000 ETH)
(9) 0xf4dA2A64d95cCdcdCf04a7cafc36643A51b1b59f (1000 ETH)

Private Keys
==================
(0) 0x5b36e4630182264cb20d1fe6d2b714e0cbb5cd8d546348fc9a4ed6052059b23a
(1) 0x8b5bb13118d705a87f5fac939ad65bc155a7732fd801c2e3ded1b0ab85353b94
(2) 0x41c0f0ddbb84008f2d060b454085ca9aac796598fd392f7ce4fa5b3a3a4ca36a
(3) 0x9f03b0c4d2e1ec533f372962e416514bff671fcad84d78d7a3096ef4a0b4c106
(4) 0x2d7e8f74483eadf75b125501a4a4d1a070c0e6dc5ea286b2240a7dfaa612b87e
(5) 0x79b7582ee52f59ca1260d2a5e1a68542ef299b69fdc4e7518c16c0d3a5d4f8bb
(6) 0x556bbfe9bd9578da5886597e76674597fcb6515b6ff6caea72fcd25e71d4ef17
(7) 0x12e55f67613dd83bae33831410d977c2c182031fc9d99429af18dc224e08e30e
(8) 0x869610bd7beec66660b13f42e44927489d0111e2cdf122cddae2010d95393346
(9) 0x3fcc0810bc7dc7c38a88df303e995eb7e85a3ee1474d7fc21e7d853164ed7827

HD Wallet
==================
Mnemonic:      top silver agent budget crumble list damage better tell unit pact spider
Base HD Path:  m/44'/60'/0'/0/{account_index}

Default Gas Price
==================
2000000000

BlockGas Limit
==================
30000000

Call Gas Limit
==================
50000000

Chain
==================
Hardfork: shanghai
Id:       1337

RPC Listening on 127.0.0.1:8545
web3_clientVersion
eth_blockNumber
net_version
eth_accounts
eth_accounts
eth_blockNumber
net_version
eth_getBlockByNumber
eth_estimateGas
eth_getBlockByNumber
eth_gasPrice
eth_sendTransaction

  Transaction: 0x17f8a228c383c54b417509a86705838c751dd88c9d3db260bcb122248edfd608
  Contract created: 0x63b3a57fa5a77fcc519b1c3909bf50cd81c1ef1d
  Gas usage: 2850944
  Block number: 1
  Block time: Fri May 08 2026 00:37:53 GMT+0700 (Indochina Time)

eth_getTransactionReceipt
eth_getCode
eth_getTransactionReceipt
eth_getBlockByNumber
eth_gasPrice
eth_sendTransaction

  Transaction: 0x1b6f0d692e5e61b5597b74511c02169ae04a82fabb96d34a724b4495aa54e43b
  Gas usage: 21055
  Block number: 2
  Block time: Fri May 08 2026 00:37:53 GMT+0700 (Indochina Time)

eth_getTransactionReceipt
eth_blockNumber
evm_mine
eth_blockNumber
evm_mine
eth_blockNumber
evm_mine
eth_blockNumber
evm_mine
eth_blockNumber
evm_mine
eth_blockNumber
net_version
eth_getBlockByNumber
eth_estimateGas
eth_getBlockByNumber
eth_gasPrice
eth_sendTransaction

  Transaction: 0x0954c516074185289784b4caad49c6b70e9163fafc49aca6ddf1e92c4d71bd0a
  Gas usage: 52925
  Block number: 8
  Block time: Fri May 08 2026 00:37:53 GMT+0700 (Indochina Time)

eth_getTransactionReceipt
eth_blockNumber
evm_mine
eth_blockNumber
net_version
eth_getBlockByNumber
eth_estimateGas
eth_getBlockByNumber
eth_gasPrice
eth_sendTransaction

  Transaction: 0x8bfadbf1989af59b5f2e16535bcdaf1afaa254f86dd551284724d53c18f3911a
  Gas usage: 35837
  Block number: 10
  Block time: Fri May 08 2026 00:37:53 GMT+0700 (Indochina Time)

eth_getTransactionReceipt
eth_blockNumber
net_version
eth_getBlockByNumber
eth_estimateGas
eth_getBlockByNumber
eth_gasPrice
eth_sendTransaction

  Transaction: 0xea5798ffd763765e2ac7b967b13af2ac3548129f214ecaa1aaf4da0c10fe38bd
  Gas usage: 59539
  Block number: 11
  Block time: Fri May 08 2026 00:37:53 GMT+0700 (Indochina Time)

eth_getTransactionReceipt
eth_blockNumber
eth_getBalance
eth_getTransactionByHash
debug_traceTransaction
eth_getTransactionByHash
debug_traceTransaction
eth_getTransactionByHash
debug_traceTransaction
eth_getTransactionByHash
debug_traceTransaction
eth_getTransactionByHash
debug_traceTransaction

Received shutdown signal: SIGTERM
Shutting down…
Server has been shut down
