Using network 'development'.

{
  "ok": true,
  "graph_id": "",
  "pair": "C->A|evm|fund:ca",
  "pairKey": "C->A|evm|fund:ca",
  "contract": "CTLCOnly",
  "scenario": "refund",
  "deployGas": "0x10ccaf",
  "gasUsed": "59561",
  "disableGasUsed": "0",
  "claimGasUsed": "",
  "refundGasUsed": "59561",
  "contractAddress": "0xceF398a1bE227A51Ff1D88123553191C0c3fce34",
  "startBlock": "0",
  "endBlock": "7",
  "finalContractBalanceWei": "0",
  "deployer": "0xa9C91ae9d520c6375A4E3674d004490ce8fd4315",
  "party": "0x5188008ca7C8aF79920F2dCB136653b6544e7617",
  "counterparty": "0x2127b2E58Ac214ffd0Fd3CE945e1E653Dd1147C7",
  "fundingWei": "1000000000000000000",
  "timelocks": [
    6
  ],
  "transactions": [
    {
      "role": "deploy",
      "txHash": "0xd993b7641475b69651aa5c2094e3897cc6f45ad25c9275d30d171b9ecac8b62c"
    },
    {
      "role": "fund",
      "txHash": "0x775b27ac73dae20850a22b9fb1129348a9bda36d40d5ab42ef2bb6740be3fa3a"
    },
    {
      "role": "refund",
      "txHash": "0xe8048946340a790522038b2f1284a6ebc16690be26761255a2630e8555d31a72",
      "level": 0
    }
  ],
  "txRoles": [
    {
      "role": "deploy",
      "txHash": "0xd993b7641475b69651aa5c2094e3897cc6f45ad25c9275d30d171b9ecac8b62c"
    },
    {
      "role": "fund",
      "txHash": "0x775b27ac73dae20850a22b9fb1129348a9bda36d40d5ab42ef2bb6740be3fa3a"
    },
    {
      "role": "refund",
      "txHash": "0xe8048946340a790522038b2f1284a6ebc16690be26761255a2630e8555d31a72",
      "level": 0
    }
  ],
  "deployTxHash": "0xd993b7641475b69651aa5c2094e3897cc6f45ad25c9275d30d171b9ecac8b62c",
  "fundTxHash": "0x775b27ac73dae20850a22b9fb1129348a9bda36d40d5ab42ef2bb6740be3fa3a",
  "refundTxHash": "0xe8048946340a790522038b2f1284a6ebc16690be26761255a2630e8555d31a72",
  "refundTx": "0xe8048946340a790522038b2f1284a6ebc16690be26761255a2630e8555d31a72"
}
