ganache v7.9.2 (@ganache/cli: 0.10.2, @ganache/core: 0.10.2)
Starting RPC server

Available Accounts
==================
(0) 0xC88eD3af02c8a3c8EBDcA209634DD02c78CaF187 (1000 ETH)
(1) 0x4dABA536cd81562e80D80309Ec1a1fC31d6DA0D6 (1000 ETH)
(2) 0x83D2eD74f9bF99b6cE2836f04461B3908D57EC27 (1000 ETH)
(3) 0xecbc7D7B1452483B42336264ae91357e98026E6A (1000 ETH)
(4) 0xa0d1cC1d96a38ff046CC5c426873386f5cc95c2B (1000 ETH)
(5) 0xf05de3DB275fDb8A3516EFe62e16474F53965A2c (1000 ETH)
(6) 0x61A4bE7ea7A040893afCC04ec89B32b8190a64C3 (1000 ETH)
(7) 0xB09B0d7998EB8DCe40E431e0823f7e0cD69BE0b9 (1000 ETH)
(8) 0x4B8b9BD08BaF760E4155258752E4616a754A49e2 (1000 ETH)
(9) 0x97ac69bc202c68B4C9B2ce8A612C4705EF980df0 (1000 ETH)

Private Keys
==================
(0) 0x82c2e2cff41bfd4591926232b7989e3a33eb6e43664fd02afa83b3262425904c
(1) 0xb1e4dda917ea4b1a8e34b3b1499b6cfa993107982754d99873c2a9b5578a6e80
(2) 0x276ed2b682565277ff4aa0cc230b7e9dcc8af2b6c476f87fccbc1134afb34116
(3) 0x1c2673341824dde869e8d1fcb8b4abf68fdb96399ed4b5f78929a69d197f6fa0
(4) 0xc28cdbd9bb96179cd1c762c84ce8097ef7a928d4904b26ecfb190bae202915d9
(5) 0xd87dc899ac3d8b90bda1503533457879172d5614290b96045d7ddec30151e027
(6) 0x36cdf87c541661a4425b43c2deffd90f20da1f28eb2c462ba87b8255c0d0e777
(7) 0x511b396e97dec5b56171394a403af090802f4083221f560b897405417ca35fac
(8) 0x47e97611f439b7550596fa934ab8553b7eb894861cf16b77fdde83080a636f91
(9) 0x0519a0d32e1aeed5f5beee70bec1b97cbc2a0e5bd664b49254864aa365f2014a

HD Wallet
==================
Mnemonic:      castle dinosaur knife sister quiz idle spread dog morning guitar source arch
Base HD Path:  m/44'/60'/0'/0/{account_index}

Default Gas Price
==================
2000000000

BlockGas Limit
==================
30000000

Call Gas Limit
==================
50000000

Chain
==================
Hardfork: shanghai
Id:       1337

RPC Listening on 127.0.0.1:8545
web3_clientVersion
eth_blockNumber
net_version
eth_accounts
eth_accounts
eth_blockNumber
net_version
eth_getBlockByNumber
eth_estimateGas
eth_getBlockByNumber
eth_gasPrice
eth_sendTransaction

  Transaction: 0x6683cda4f20acbde7cd463eb2f7d7e71b3eeb6cbdbc115cc8b857ca39b5460e3
  Contract created: 0x3f8777162b3cdea0a69a993479d5599eacec4bb6
  Gas usage: 1146799
  Block number: 1
  Block time: Thu May 07 2026 22:04:56 GMT+0700 (Indochina Time)

eth_getTransactionReceipt
eth_getCode
eth_getTransactionReceipt
eth_getBlockByNumber
eth_gasPrice
eth_sendTransaction

  Transaction: 0xbf22040fbee99b0089b420856e1128c1ff849d8503b30287c6bd1be56ed33741
  Gas usage: 21055
  Block number: 2
  Block time: Thu May 07 2026 22:04:56 GMT+0700 (Indochina Time)

eth_getTransactionReceipt
net_version
eth_getBlockByNumber
eth_estimateGas
eth_getBlockByNumber
eth_gasPrice
eth_sendTransaction

  Transaction: 0x0e68ef15e3ed34fe37e3ac5fdc174154adfc6b31839c03055f6b993b3338ba3c
  Gas usage: 72862
  Block number: 3
  Block time: Thu May 07 2026 22:04:56 GMT+0700 (Indochina Time)

eth_getTransactionReceipt
eth_blockNumber
eth_getBalance
eth_getTransactionByHash
debug_traceTransaction
eth_getTransactionByHash
debug_traceTransaction
eth_getTransactionByHash
debug_traceTransaction

Received shutdown signal: SIGTERM
Shutting down…
Server has been shut down
