ganache v7.9.2 (@ganache/cli: 0.10.2, @ganache/core: 0.10.2)
Starting RPC server

Available Accounts
==================
(0) 0x0e0D8e8c4e5B9C6DB9eB0B12FB351ea27FbA92AB (1000 ETH)
(1) 0x70500661031654441Ba9424B58140E951dbE443f (1000 ETH)
(2) 0x6298513904a4d3674d6A99142B729B2E9f59bA15 (1000 ETH)
(3) 0xd59E76f583A242b7976aBe90b9ED2a0839317C5f (1000 ETH)
(4) 0x53d981C76B23d17fEC5Eeae64cFd33e9B9F9E1aD (1000 ETH)
(5) 0x5B92E2BA88BAf61ee544Ce1bbc2F67Ae3e99796D (1000 ETH)
(6) 0x67E532C8cDba6aE83cb779B35Bc557C5dd1Ed7E6 (1000 ETH)
(7) 0xDDb433926c5d9454808a420e11DEE351484b67C3 (1000 ETH)
(8) 0x871B93e878Cea8B7B444a8eEb7444e8C178BBA13 (1000 ETH)
(9) 0x253Cd364bD3C3E1EA891874F659988689b5F0086 (1000 ETH)

Private Keys
==================
(0) 0x449111028059e636503eca644e9c2c0fdd6fdfd21b47067255da4a43486a3157
(1) 0x9f481bd04d2725ea1502146b532f9e0c69f1851c6a77429193578ed9a16701e7
(2) 0x481ed88dea6ad2add08c349b7d74b0a3f461ecb68ad4e97fb1e0d5177b03941a
(3) 0xb6fd4dc01b1ef5558887c35aa45e2b21ea1ddddc0121c334dc7d3a48a6cdf562
(4) 0xe44f96925a7bcb5c8ac1b05bce3692b67038a207ef01715fe38b0bfc63079db8
(5) 0x9724857bb9695f8cfa740b666691efba19b3e6415b9c691f85e0b9bc12d29fd4
(6) 0x8f8581a620864bab0a4e622e617a889372e14ab3a77b3a09b7cfced4f4a6387f
(7) 0x44dd9922d75d28b33c2f866ae8f3215536659938195adf98b5fc915b6d0b31e8
(8) 0x2ac12d1ada215db12c2248281f1877150c6fc34e05178eafc4aeec9e246d5df7
(9) 0xc0d3a06a3bf99fd1aea62f93abcebdfbdb3c4362cb3b382ca2ca9f469073d159

HD Wallet
==================
Mnemonic:      medal equal license wool picture identify north goddess also puppy inhale lawn
Base HD Path:  m/44'/60'/0'/0/{account_index}

Default Gas Price
==================
2000000000

BlockGas Limit
==================
30000000

Call Gas Limit
==================
50000000

Chain
==================
Hardfork: shanghai
Id:       1337

RPC Listening on 127.0.0.1:8545
web3_clientVersion
eth_blockNumber
net_version
eth_accounts
eth_accounts
eth_blockNumber
net_version
eth_getBlockByNumber
eth_estimateGas
eth_getBlockByNumber
eth_gasPrice
eth_sendTransaction

  Transaction: 0x1a4b20ade3acc2c98f33b106ed8d87a2979c7eec4e8f32b6c365b819227594fe
  Contract created: 0xe260568b2c293ec02670d2c57270eb981b11ebea
  Gas usage: 1100987
  Block number: 1
  Block time: Thu May 07 2026 22:33:10 GMT+0700 (Indochina Time)

eth_getTransactionReceipt
eth_getCode
eth_getTransactionReceipt
eth_getBlockByNumber
eth_gasPrice
eth_sendTransaction

  Transaction: 0xcaaf4d2e1e1b079ebfda825a31da21f5b090c5ade932b1f1f02909d5906135d8
  Gas usage: 21055
  Block number: 2
  Block time: Thu May 07 2026 22:33:10 GMT+0700 (Indochina Time)

eth_getTransactionReceipt
eth_blockNumber
evm_mine
eth_blockNumber
evm_mine
eth_blockNumber
evm_mine
eth_blockNumber
evm_mine
eth_blockNumber
net_version
eth_getBlockByNumber
eth_estimateGas
eth_getBlockByNumber
eth_gasPrice
eth_sendTransaction

  Transaction: 0xd121d9cc4d786c3cf10ae20258d3f275a1fa2bee00c456cd50f5fe9fd1a3489f
  Gas usage: 59561
  Block number: 7
  Block time: Thu May 07 2026 22:33:10 GMT+0700 (Indochina Time)

eth_getTransactionReceipt
eth_blockNumber
eth_getBalance
eth_getTransactionByHash
debug_traceTransaction
eth_getTransactionByHash
debug_traceTransaction
eth_getTransactionByHash
debug_traceTransaction

Received shutdown signal: SIGTERM
Shutting down…
Server has been shut down
