Using network 'development'.

{
  "ok": true,
  "graph_id": "",
  "pair": "D->A|evm|fund:da",
  "pairKey": "D->A|evm|fund:da",
  "contract": "CTLCOnly",
  "scenario": "refund",
  "deployGas": "0x10ccbb",
  "gasUsed": "59561",
  "disableGasUsed": "0",
  "claimGasUsed": "",
  "refundGasUsed": "59561",
  "contractAddress": "0xfc5C2e5FB010D01687Bf31E98348aA5Acd43A0fd",
  "startBlock": "0",
  "endBlock": "7",
  "finalContractBalanceWei": "0",
  "deployer": "0x4ab9c763483b036d35422B3e07d59Af938233386",
  "party": "0x3Ca05577193c5042601b97D4EB6a74681dfbd089",
  "counterparty": "0xd0bEdfb5cB65a755852c44F613021ea6640755Ce",
  "fundingWei": "1000000000000000000",
  "timelocks": [
    6
  ],
  "transactions": [
    {
      "role": "deploy",
      "txHash": "0xd2ed934305ddf22149e6536b56a0bf3222a6c662d4c12f8f3dd21dd212d5c4f4"
    },
    {
      "role": "fund",
      "txHash": "0x9fce53768679f44ad670b9535dcd52c531f7f736eb769502fca372d9c02cd97e"
    },
    {
      "role": "refund",
      "txHash": "0xce26a2a16d42fab0ac49ad2906dcb9edb11d9e0c1ca95e744dbcd244d85ca6a6",
      "level": 0
    }
  ],
  "txRoles": [
    {
      "role": "deploy",
      "txHash": "0xd2ed934305ddf22149e6536b56a0bf3222a6c662d4c12f8f3dd21dd212d5c4f4"
    },
    {
      "role": "fund",
      "txHash": "0x9fce53768679f44ad670b9535dcd52c531f7f736eb769502fca372d9c02cd97e"
    },
    {
      "role": "refund",
      "txHash": "0xce26a2a16d42fab0ac49ad2906dcb9edb11d9e0c1ca95e744dbcd244d85ca6a6",
      "level": 0
    }
  ],
  "deployTxHash": "0xd2ed934305ddf22149e6536b56a0bf3222a6c662d4c12f8f3dd21dd212d5c4f4",
  "fundTxHash": "0x9fce53768679f44ad670b9535dcd52c531f7f736eb769502fca372d9c02cd97e",
  "refundTxHash": "0xce26a2a16d42fab0ac49ad2906dcb9edb11d9e0c1ca95e744dbcd244d85ca6a6",
  "refundTx": "0xce26a2a16d42fab0ac49ad2906dcb9edb11d9e0c1ca95e744dbcd244d85ca6a6"
}
