ganache v7.9.2 (@ganache/cli: 0.10.2, @ganache/core: 0.10.2)
Starting RPC server

Available Accounts
==================
(0) 0x5fe024dE017F452DA9480f01b16923C77ed4b8D3 (1000 ETH)
(1) 0x183469768342bE0308aE18780296E7FF02B80Cab (1000 ETH)
(2) 0xbDfcC5F9091EF7774D179F82fec41CcfaB31e354 (1000 ETH)
(3) 0x1d47A2B071F293bf8d6d297641Df60F4251aA1FC (1000 ETH)
(4) 0x50CCEf5119B6f962Bc918b4E27291991fa3c8dD1 (1000 ETH)
(5) 0x307B6462A2B89aafBea36c71A23FBCeAe5b4569d (1000 ETH)
(6) 0xad987895674D00Db19CE21b63C5A0d00901bcc59 (1000 ETH)
(7) 0xDE74DD13f176E7E9DAE22F23442f42aFB1123511 (1000 ETH)
(8) 0x7E3eB48f671973D51269179FdEeA71C789fD1892 (1000 ETH)
(9) 0x71d81A2A2176964f26ED2E86148dcCacB4Cfd5A0 (1000 ETH)

Private Keys
==================
(0) 0x4704c8e6c5c856d3831d5dfcc8536337acdc049f26ccfed8d92b8cb6159eba38
(1) 0x613a8c366809200da723b1a51ffcc0e540c0921c325a7daa04a84faa283da03b
(2) 0xe067e983bf507d3c24c6fab255d44e2991fe64beba3d1a5c64aafcda688c6d1d
(3) 0x4d612b7ffda83e0baf54c307af8d79182205d5552c6e633b749a9b357809273b
(4) 0x740c9895fb4cb2137dc2faf0242ccae365f4d5617eac68c4b566a0ae8d705c17
(5) 0x29f0362c3a553eef1210a57241849705416cbeeae1fc5615cdf749d652b97ca2
(6) 0xefa9ea6f4b20ae24321330113556d74ef148edcb614a1ff55ebe45d215a8f516
(7) 0x5794f5f8c0161b9efbc39a93dc632d7c42bb300fb6b3ff6449c1337294cd67fc
(8) 0xc6482f564d7d4349c52938eebd2d1cfb10b63bcf912c1aa309709f01efff313c
(9) 0xc30d7f0ba9d9f47c6a12dd2c2fc4b571d185048aea5f1f2d826ded9ba3db98d2

HD Wallet
==================
Mnemonic:      immune velvet canyon artist there damage walk ensure phrase laptop dinner grocery
Base HD Path:  m/44'/60'/0'/0/{account_index}

Default Gas Price
==================
2000000000

BlockGas Limit
==================
30000000

Call Gas Limit
==================
50000000

Chain
==================
Hardfork: shanghai
Id:       1337

RPC Listening on 127.0.0.1:8545
web3_clientVersion
eth_blockNumber
net_version
eth_accounts
eth_accounts
eth_blockNumber
net_version
eth_getBlockByNumber
eth_estimateGas
eth_getBlockByNumber
eth_gasPrice
eth_sendTransaction

  Transaction: 0xb6f3df4bd0555de7b0b189fef9ba39b15e46a324514e70f86ea0eb193b8b877e
  Contract created: 0xdf6496a1d0b3f3cc2a2fae301f9dd8865f6e20e6
  Gas usage: 1146787
  Block number: 1
  Block time: Fri May 08 2026 02:15:00 GMT+0700 (Indochina Time)

eth_getTransactionReceipt
eth_getCode
eth_getTransactionReceipt
eth_getBlockByNumber
eth_gasPrice
eth_sendTransaction

  Transaction: 0x410f641160123247f88407df00e0bb66485d96152299633a32ad021e4664ece8
  Gas usage: 21055
  Block number: 2
  Block time: Fri May 08 2026 02:15:01 GMT+0700 (Indochina Time)

eth_getTransactionReceipt
net_version
eth_getBlockByNumber
eth_estimateGas
eth_getBlockByNumber
eth_gasPrice
eth_sendTransaction

  Transaction: 0x31058fde0955a66fdbfe102541b3b091fe387db3a6909e1019ea8b41ec3c8c17
  Gas usage: 72862
  Block number: 3
  Block time: Fri May 08 2026 02:15:01 GMT+0700 (Indochina Time)

eth_getTransactionReceipt
eth_blockNumber
eth_getBalance
eth_getTransactionByHash
debug_traceTransaction
eth_getTransactionByHash
debug_traceTransaction
eth_getTransactionByHash
debug_traceTransaction

Received shutdown signal: SIGTERM
Shutting down…
Server has been shut down
