ganache v7.9.2 (@ganache/cli: 0.10.2, @ganache/core: 0.10.2)
Starting RPC server

Available Accounts
==================
(0) 0xE342FBc9e4F95fCD1dBAd895Ef7812d35DbEe3Fd (1000 ETH)
(1) 0xF8a2A690A33A5C675F41B1fc2c1fBF02dA2F0380 (1000 ETH)
(2) 0x6FBcAcb4557C296453e4241fB2aB0D924DA9F401 (1000 ETH)
(3) 0x55764d39d8935DF4ebd76747F511E79512249475 (1000 ETH)
(4) 0xd0c65e03f883397cB68e4D171E7bEe6245be2cfe (1000 ETH)
(5) 0xfDB43296AFaC84A8F140F3e22B799C907D70B7AE (1000 ETH)
(6) 0x5F8637D2236883EfDd6583699E33dECef7E74125 (1000 ETH)
(7) 0xA793459994C0eb4748F62651233dA075bDe1Ab6a (1000 ETH)
(8) 0x56dB0a97Ca2F8C9F5a54eED50CE326500bFCA891 (1000 ETH)
(9) 0x17A7D7E3d4d14c05d90Bc6b59f6b00A2Cf7d2F85 (1000 ETH)

Private Keys
==================
(0) 0x0cb4c407191a0bc7fd4781e5c6b6f5855fc9f447bcbe4a384f34198c8065d164
(1) 0x3ae1d3907f6e0b5a06cd4e28fdc6ab1e1f093431376f9546a62ef2bf0bf03ba9
(2) 0x0faedfa4c6657ae97b6ff353a3ac15204f2fb96cba1677fd6a785228603097dc
(3) 0xf30960ef0d782f6b3a9380b472a3a7e310111e980de16d2b1a963460f8bfb221
(4) 0xbaea08d71ff730d2b117341d6c2dedef7f0c375c5009acce8ac2346b1a5deb36
(5) 0x998475b7c0d966c800ce5711c5b75d055190db676ded8b2acf9f4687da4548d8
(6) 0xe46efb386a7ed086520b206e5fcc0877ecd9ad650ca642bf1ca063f0161e73d3
(7) 0xbfdea1524e65bed2fe7e2eeebaf56636cdc6cd4cbaf74ebd97c229a2c85796d0
(8) 0x6f2b63385d12f03632277a924ace15361f917a5d7a58db9cffad1c06edeefcb2
(9) 0x1e630d57af3ac08febbe6c3e88795bdbc22d0d2b4eeca8d1020e98b99acc1ea2

HD Wallet
==================
Mnemonic:      pear cloud thought tribe prison warm damp avocado nut duty enhance assist
Base HD Path:  m/44'/60'/0'/0/{account_index}

Default Gas Price
==================
2000000000

BlockGas Limit
==================
30000000

Call Gas Limit
==================
50000000

Chain
==================
Hardfork: shanghai
Id:       1337

RPC Listening on 127.0.0.1:8545
web3_clientVersion
eth_blockNumber
net_version
eth_accounts
eth_accounts
eth_blockNumber
net_version
eth_getBlockByNumber
eth_estimateGas
eth_getBlockByNumber
eth_gasPrice
eth_sendTransaction

  Transaction: 0xb6b68ebc220addf350701a18b00cab0a6a946535d376b33f5877c710545df76c
  Contract created: 0x19ab1444e7568e0460c5cb1a6f1ce24d9d385de5
  Gas usage: 1100987
  Block number: 1
  Block time: Fri May 08 2026 01:13:33 GMT+0700 (Indochina Time)

eth_getTransactionReceipt
eth_getCode
eth_getTransactionReceipt
eth_getBlockByNumber
eth_gasPrice
eth_sendTransaction

  Transaction: 0x95e0271f84f81d269a245ff35d8bd06c784d647f7ff6394990680f5901bacfb3
  Gas usage: 21055
  Block number: 2
  Block time: Fri May 08 2026 01:13:33 GMT+0700 (Indochina Time)

eth_getTransactionReceipt
eth_blockNumber
evm_mine
eth_blockNumber
evm_mine
eth_blockNumber
evm_mine
eth_blockNumber
evm_mine
eth_blockNumber
net_version
eth_getBlockByNumber
eth_estimateGas
eth_getBlockByNumber
eth_gasPrice
eth_sendTransaction

  Transaction: 0xeed6481407a7fd458034b108dae923d200148e1bb4645fc538a741e10af52b8c
  Gas usage: 59561
  Block number: 7
  Block time: Fri May 08 2026 01:13:33 GMT+0700 (Indochina Time)

eth_getTransactionReceipt
eth_blockNumber
eth_getBalance
eth_getTransactionByHash
debug_traceTransaction
eth_getTransactionByHash
debug_traceTransaction
eth_getTransactionByHash
debug_traceTransaction

Received shutdown signal: SIGTERM
Shutting down…
Server has been shut down
