Using network 'development'.

{
  "ok": true,
  "graph_id": "",
  "pair": "B->C|evm|fund:bc",
  "pairKey": "B->C|evm|fund:bc",
  "contract": "CTLCMultipleEdges",
  "scenario": "worst_claim",
  "deployGas": "0x144fa6",
  "gasUsed": "80267",
  "disableGasUsed": "0",
  "claimGasUsed": "80267",
  "refundGasUsed": "",
  "contractAddress": "0x54699550EF46eb07fbf51CA97E20577035f8681a",
  "startBlock": "0",
  "endBlock": "3",
  "finalContractBalanceWei": "0",
  "deployer": "0xb6830B843637B8f9a53Df5EF5Fc7D0A88349babD",
  "party": "0xEb117b052E3Add060914C76220A8AA87DFCdA91b",
  "counterparty": "0xF7d76e1Ea73eEfef88D17C0B348616f9Bb7011c1",
  "fundingWei": "1000000000000000000",
  "timelocks": [
    9
  ],
  "transactions": [
    {
      "role": "deploy",
      "txHash": "0xe8d0cab823c6147837ffa675986c814dd079b2787cb5461fcdde1b9f7aa195ee"
    },
    {
      "role": "fund",
      "txHash": "0x355d6ebc49189e04cf1232f3bcc148f80575bde9be18a44c62e9a49d0662a6d7"
    },
    {
      "role": "claim",
      "txHash": "0x9bef7d92cf5afa68dbeeb5d8a8f6d955b3d1cc319f174a73818b8ea0b3b69521",
      "level": 0,
      "option": 0
    }
  ],
  "txRoles": [
    {
      "role": "deploy",
      "txHash": "0xe8d0cab823c6147837ffa675986c814dd079b2787cb5461fcdde1b9f7aa195ee"
    },
    {
      "role": "fund",
      "txHash": "0x355d6ebc49189e04cf1232f3bcc148f80575bde9be18a44c62e9a49d0662a6d7"
    },
    {
      "role": "claim",
      "txHash": "0x9bef7d92cf5afa68dbeeb5d8a8f6d955b3d1cc319f174a73818b8ea0b3b69521",
      "level": 0,
      "option": 0
    }
  ],
  "deployTxHash": "0xe8d0cab823c6147837ffa675986c814dd079b2787cb5461fcdde1b9f7aa195ee",
  "fundTxHash": "0x355d6ebc49189e04cf1232f3bcc148f80575bde9be18a44c62e9a49d0662a6d7",
  "claimTxHash": "0x9bef7d92cf5afa68dbeeb5d8a8f6d955b3d1cc319f174a73818b8ea0b3b69521",
  "txHash": "0x9bef7d92cf5afa68dbeeb5d8a8f6d955b3d1cc319f174a73818b8ea0b3b69521",
  "tx": "0x9bef7d92cf5afa68dbeeb5d8a8f6d955b3d1cc319f174a73818b8ea0b3b69521"
}
