ganache v7.9.2 (@ganache/cli: 0.10.2, @ganache/core: 0.10.2)
Starting RPC server

Available Accounts
==================
(0) 0x7e8B8089Afbf4677a712Cb5c28Da13adEfB4937c (1000 ETH)
(1) 0xF07A55F6708B337587a65963edAF6aC7E4ae4a67 (1000 ETH)
(2) 0x7f8D3eDD3A618b8456DdCBACB200B95B8a5781EA (1000 ETH)
(3) 0x09b3150BB4336F59dEc3C545665C069c694a0E54 (1000 ETH)
(4) 0x843e04faA44aA659c1c8E866842bda25da8B6921 (1000 ETH)
(5) 0xd412A8FCB1AEc2c91250121B6A4101C853695b89 (1000 ETH)
(6) 0x993a37f55F1654d05F2A9DAece3E16a127351ad2 (1000 ETH)
(7) 0x7B8E877Af39711569672F7A339787c8A7ae0aC1b (1000 ETH)
(8) 0x7cA61E390eb6F636513E4c8F713Fb3449DBE4E09 (1000 ETH)
(9) 0x13b1D6aFDc94c7aC7930B57351d4C0E015d90aB5 (1000 ETH)

Private Keys
==================
(0) 0xe4d8fbab797e7cf476c989a66adb6255bb8b3c582435ea886d6c9ca112acfd6b
(1) 0x3f2799f1d91a464427c0e22e88fab2b7a698dbef439e7ab7202cd0d569b196ee
(2) 0x072d7f2e7e4914e8db3581a88f7dc42e9a524f44a7ae65f4f9a67889fa22c49c
(3) 0xe3748970e8a35727743e9d92571cf8ad4767f111440e3e2797aa275a8adcde0c
(4) 0xe2de1abca7acca8c12b9aea8c58d1f34093357697f887f481dc9e1c8ff1f8064
(5) 0x78078d7eded60e09d437de6c4d179f886ae20d6bb8fc756d7028a33e05d5247d
(6) 0xc40e02721aada44d3dba84c5245edd0df65e7c873dfa8b77dde082083c864c32
(7) 0x0cd5cbc65d11efeebbc84ba1d2d6a14be81d801d666e40767a841e89d21b3fc6
(8) 0xb678e42618d62d9673978861ed402f80015a872fb760eb4161d6abce2bb79e8b
(9) 0x84e9736ea19379cdcc6a2205ba7439dd8551c88b20ef125a31d6544d8d900be3

HD Wallet
==================
Mnemonic:      double method wear valve powder leopard dragon lunar health face symptom deliver
Base HD Path:  m/44'/60'/0'/0/{account_index}

Default Gas Price
==================
2000000000

BlockGas Limit
==================
30000000

Call Gas Limit
==================
50000000

Chain
==================
Hardfork: shanghai
Id:       1337

RPC Listening on 127.0.0.1:8545
web3_clientVersion
eth_blockNumber
net_version
eth_accounts
eth_accounts
eth_blockNumber
net_version
eth_getBlockByNumber
eth_estimateGas
eth_getBlockByNumber
eth_gasPrice
eth_sendTransaction

  Transaction: 0xefb985017ddb55037be1c43fd6bdf273de45154f07e521b5cceb8a6924d74a6e
  Contract created: 0xaf2e2fcb3f729ebfa7a78f9adb0b069ffa226c44
  Gas usage: 1146799
  Block number: 1
  Block time: Fri May 08 2026 03:00:16 GMT+0700 (Indochina Time)

eth_getTransactionReceipt
eth_getCode
eth_getTransactionReceipt
eth_getBlockByNumber
eth_gasPrice
eth_sendTransaction

  Transaction: 0xf1d3778b076ceeab6f838697d0ca7f6cbd7f963fea3cd6e19f39502a1b6ad3b0
  Gas usage: 21055
  Block number: 2
  Block time: Fri May 08 2026 03:00:16 GMT+0700 (Indochina Time)

eth_getTransactionReceipt
net_version
eth_getBlockByNumber
eth_estimateGas
eth_getBlockByNumber
eth_gasPrice
eth_sendTransaction

  Transaction: 0x1c7b17df49bb6da261e94ab9438d80570a77afee9c2f90e69eaebb006b60f620
  Gas usage: 72874
  Block number: 3
  Block time: Fri May 08 2026 03:00:16 GMT+0700 (Indochina Time)

eth_getTransactionReceipt
eth_blockNumber
eth_getBalance
eth_getTransactionByHash
debug_traceTransaction
eth_getTransactionByHash
debug_traceTransaction
eth_getTransactionByHash
debug_traceTransaction

Received shutdown signal: SIGTERM
Shutting down…
Server has been shut down
