ganache v7.9.2 (@ganache/cli: 0.10.2, @ganache/core: 0.10.2)
Starting RPC server

Available Accounts
==================
(0) 0x0edc850B3519a11DfF2bb3759066751DAeb421dd (1000 ETH)
(1) 0xE8496E762d6468cB1620F1Bc5426cE8f4543BaBC (1000 ETH)
(2) 0x9ac27573b06628aEB70dc83b244e79130aCA865c (1000 ETH)
(3) 0x077c819163702EcFa0Ca08ba59Cbe25a43a600df (1000 ETH)
(4) 0xCa08CcD96a5d0a92e1e5Bfa4587103d6fE3Da25C (1000 ETH)
(5) 0x581A2Ae329a8f0F38Ac9c1e1347c99d08Bf735A0 (1000 ETH)
(6) 0x8Db1631A0F139bA8Ec7206474fE2fe31Df2c8607 (1000 ETH)
(7) 0x9921696f5073B4309Dfb7ecCA4e7436f7a1272d2 (1000 ETH)
(8) 0xB09E8bc01e6445E95B0561Db31a69983eD001deD (1000 ETH)
(9) 0xeD49999260E52321F4F06c2bdd0D93fb4C3f1106 (1000 ETH)

Private Keys
==================
(0) 0x0ea4ccfd23133f680e508bae32269361520457b1bcaf5dc4a152849cb10b5b75
(1) 0x68f4d024a8d3393cb1c44ae8fff11af78dce482db55de0f39f232d367f5c3824
(2) 0xb3ea34129dccdb7ce4999fa2001658782ed993b71c2efee1c7c264b660fb34e0
(3) 0x5d20abe9ac48df0dee92add521a1bb08f034b21e5f39dae4a3414230aa5099f1
(4) 0x3f756481bbd52a54859eea2242de934ed653d87370b6cdedc76a10ee017044bd
(5) 0x37fbaa9c87a7000318d0e0b7a6a36a498f6fa41b0267e3a524c553b457e4d7e7
(6) 0xea5c9c9c79be1fe01c9b0d9cda24c11b7741c775a61f09d8fb92b3b6d8f44c44
(7) 0x4ee38de26d37c4103c1f4363de4908539f5cae21734baada660d3612f6f7d96d
(8) 0x0e5b3e1424a52b4046056b98ea42da6831722c69637b946becddfdb286bcfbd5
(9) 0x446550eb1f74d578bcb3b3ea840fa17f17b15645027796f7451c6fd226b82b2d

HD Wallet
==================
Mnemonic:      random razor spatial trial collect coast much time imitate claw uniform prevent
Base HD Path:  m/44'/60'/0'/0/{account_index}

Default Gas Price
==================
2000000000

BlockGas Limit
==================
30000000

Call Gas Limit
==================
50000000

Chain
==================
Hardfork: shanghai
Id:       1337

RPC Listening on 127.0.0.1:8545
web3_clientVersion
eth_blockNumber
net_version
eth_accounts
eth_accounts
eth_blockNumber
net_version
eth_getBlockByNumber
eth_estimateGas
eth_getBlockByNumber
eth_gasPrice
eth_sendTransaction

  Transaction: 0xd3eeaf0867e2ce6fffcac3a2d6c75482c3dfc8c7b915b62154badbb4ff10e5c3
  Contract created: 0x805b512a66fd1cde831474496a81831714f628b3
  Gas usage: 1769205
  Block number: 1
  Block time: Fri May 08 2026 01:27:58 GMT+0700 (Indochina Time)

eth_getTransactionReceipt
eth_getCode
eth_getTransactionReceipt
eth_getBlockByNumber
eth_gasPrice
eth_sendTransaction

  Transaction: 0x49500f22071d4ed3358d5d17cbd478bc8ee87410677608e443c1155ae2a8e47b
  Gas usage: 21055
  Block number: 2
  Block time: Fri May 08 2026 01:27:58 GMT+0700 (Indochina Time)

eth_getTransactionReceipt
net_version
eth_getBlockByNumber
eth_estimateGas
eth_getBlockByNumber
eth_gasPrice
eth_sendTransaction

  Transaction: 0x4b778ac0ae592fac88a3c97d017eb9e36b6e37dc580a143e65b993cd29f3b825
  Gas usage: 75948
  Block number: 3
  Block time: Fri May 08 2026 01:27:58 GMT+0700 (Indochina Time)

eth_getTransactionReceipt
eth_blockNumber
eth_getBalance
eth_getTransactionByHash
debug_traceTransaction
eth_getTransactionByHash
debug_traceTransaction
eth_getTransactionByHash
debug_traceTransaction

Received shutdown signal: SIGTERM
Shutting down…
Server has been shut down
