ganache v7.9.2 (@ganache/cli: 0.10.2, @ganache/core: 0.10.2)
Starting RPC server
web3_clientVersion

Available Accounts
==================
(0) 0xe01106d031c98733438035AffC80B7Eedfcccf28 (1000 ETH)
(1) 0x4E856F390C7B7Fb5E1103471a322221d5cc53c59 (1000 ETH)
(2) 0xbE8EC1d734BFf9EfD461144C5238977D102C0E7A (1000 ETH)
(3) 0x147cD95dd4cC112B0f570c2950169B328B8d89E3 (1000 ETH)
(4) 0x90565DD99A495A09841eba0C04eEc1e89c6A895e (1000 ETH)
(5) 0xFa31a1Fc07a02079ccDFf77D30e76061fD79d355 (1000 ETH)
(6) 0x186250528dD6963F774f16D4Fd97E1B70ddd4D31 (1000 ETH)
(7) 0x6B89Be410d2086a3732179E911e3013EC72431a5 (1000 ETH)
(8) 0xB69d9964997eA1C0678258DE38398574f38403fF (1000 ETH)
(9) 0x8D84eA820969F1C8BA8723eE1A609a38Ac8c62a2 (1000 ETH)

Private Keys
==================
(0) 0x877dca22b8df3269efa87820cec9e897e99e0923b0923303a60cdb96d96e39d0
(1) 0x36ff5ae19f59503b0afb8f5ed64a19003f087e0fd3ba27f00fe3ed0e8df6f50f
(2) 0x845f67e152e6568b0bc41d9259dbb14e17c30149b4caa670460a953816ae126c
(3) 0x41d3293737fdd1abd3ea029be0e6b74aa52fc193c20a712d3090f38c4999bbb4
(4) 0xf8966d968fcdd9adfc9c12c790244b138399b48c38e7665556882b84355e939a
(5) 0xe8f8d0576260c92124fb54834ff5f4f8d86187c236268902ca48ba3a8bdd3d35
(6) 0xe622891ef1052463ef335f43815f69d6e05105190d705b01b78f8370c8a88189
(7) 0x1a44056958cc22ce8d8d9f4b0b30dd95f05e2be35a2c058e0c32e0505d6b79b5
(8) 0x596f41640490f2594ea76d2090c30b9629287d312aa7ff214de910c1abff14eb
(9) 0x6201f6e6291165609f622d7fca3fb2c9fb339c841665130bb784d729d3d93aee

HD Wallet
==================
Mnemonic:      frame heavy wink sound glimpse comic motion flush cruel mouse winner core
Base HD Path:  m/44'/60'/0'/0/{account_index}

Default Gas Price
==================
2000000000

BlockGas Limit
==================
30000000

Call Gas Limit
==================
50000000

Chain
==================
Hardfork: shanghai
Id:       1337

RPC Listening on 127.0.0.1:8545
eth_blockNumber
net_version
eth_accounts
eth_accounts
eth_blockNumber
net_version
eth_getBlockByNumber
eth_estimateGas
eth_getBlockByNumber
eth_gasPrice
eth_sendTransaction

  Transaction: 0x0b63b8b4247cdbc8117152ab93e964548bd9184b709f5cc2cd348abc7dda69db
  Contract created: 0x917f59d5465c1518cf98734dbc69122fafd07044
  Gas usage: 1192623
  Block number: 1
  Block time: Thu May 07 2026 21:22:51 GMT+0700 (Indochina Time)

eth_getTransactionReceipt
eth_getCode
eth_getTransactionReceipt
eth_getBlockByNumber
eth_gasPrice
eth_sendTransaction

  Transaction: 0x1faed151805459ba5057791d099b8208ca66fe725c32d336cbb2d4a6e5197652
  Gas usage: 21055
  Block number: 2
  Block time: Thu May 07 2026 21:22:51 GMT+0700 (Indochina Time)

eth_getTransactionReceipt
eth_blockNumber
evm_mine
eth_blockNumber
evm_mine
eth_blockNumber
evm_mine
eth_blockNumber
evm_mine
eth_blockNumber
evm_mine
eth_blockNumber
evm_mine
eth_blockNumber
evm_mine
eth_blockNumber
evm_mine
eth_blockNumber
net_version
eth_getBlockByNumber
eth_estimateGas
eth_getBlockByNumber
eth_gasPrice
eth_sendTransaction

  Transaction: 0x5f86dd94f55b71a3e32c533bbe9dbd4774e9e3bd566be63d6ca6c06c2983b205
  Gas usage: 59561
  Block number: 11
  Block time: Thu May 07 2026 21:22:51 GMT+0700 (Indochina Time)

eth_getTransactionReceipt
eth_blockNumber
eth_getBalance
eth_getTransactionByHash
debug_traceTransaction
eth_getTransactionByHash
debug_traceTransaction
eth_getTransactionByHash
debug_traceTransaction

Received shutdown signal: SIGTERM
Shutting down…
Server has been shut down
