Using network 'development'.

{
  "ok": true,
  "graph_id": "",
  "pair": "E->A|evm|fund:ea",
  "pairKey": "E->A|evm|fund:ea",
  "contract": "CTLCMultipleEdges",
  "scenario": "best_claim",
  "deployGas": "0x1236a6",
  "gasUsed": "67334",
  "disableGasUsed": "",
  "claimGasUsed": "67334",
  "refundGasUsed": "",
  "contractAddress": "0x358BF891b0eE31945573F462DfDAdCDf7db574aC",
  "startBlock": "0",
  "endBlock": "3",
  "finalContractBalanceWei": "0",
  "deployer": "0x2A87ECa225C0f3FdD96634213034D6DF1EFF3165",
  "party": "0x0A9151bfce4Dca2Ba4b1B239b4b3313097843693",
  "counterparty": "0x883dDBc9C6d49065932d2a6aEA9B4b2d21FA3ceC",
  "fundingWei": "1000000000000000000",
  "timelocks": [
    6
  ],
  "transactions": [
    {
      "role": "deploy",
      "txHash": "0x9b9487824309207e2d868bb288310ff2aa784617fc7e8f063e32600f674fcd85"
    },
    {
      "role": "fund",
      "txHash": "0xd8d808d94aaf3013ff0801e06c09eb802ba3cbf2d72d3c22b54e919c8f204c21"
    },
    {
      "role": "claim",
      "txHash": "0x48296990eb1d72d2dd5928e3d8dc26be21f7f6fd4ecd00b2fe3bb6cf1d115741",
      "level": 0,
      "option": 0
    }
  ],
  "txRoles": [
    {
      "role": "deploy",
      "txHash": "0x9b9487824309207e2d868bb288310ff2aa784617fc7e8f063e32600f674fcd85"
    },
    {
      "role": "fund",
      "txHash": "0xd8d808d94aaf3013ff0801e06c09eb802ba3cbf2d72d3c22b54e919c8f204c21"
    },
    {
      "role": "claim",
      "txHash": "0x48296990eb1d72d2dd5928e3d8dc26be21f7f6fd4ecd00b2fe3bb6cf1d115741",
      "level": 0,
      "option": 0
    }
  ],
  "deployTxHash": "0x9b9487824309207e2d868bb288310ff2aa784617fc7e8f063e32600f674fcd85",
  "fundTxHash": "0xd8d808d94aaf3013ff0801e06c09eb802ba3cbf2d72d3c22b54e919c8f204c21",
  "claimTxHash": "0x48296990eb1d72d2dd5928e3d8dc26be21f7f6fd4ecd00b2fe3bb6cf1d115741",
  "txHash": "0x48296990eb1d72d2dd5928e3d8dc26be21f7f6fd4ecd00b2fe3bb6cf1d115741",
  "tx": "0x48296990eb1d72d2dd5928e3d8dc26be21f7f6fd4ecd00b2fe3bb6cf1d115741"
}
