ganache v7.9.2 (@ganache/cli: 0.10.2, @ganache/core: 0.10.2)
Starting RPC server

Available Accounts
==================
(0) 0x0abF2CE07B7bddfF7700534a7fe950cCc7c90744 (1000 ETH)
(1) 0xC10A2F8C7EeC7b4d5A6BD2e0AB3cDE69b77Ab487 (1000 ETH)
(2) 0x610Ab7c4dE44c90b36ea6E0c06bA21b441E8884d (1000 ETH)
(3) 0x03e97c0ff9fa845D612F32a7c9204617e415B94a (1000 ETH)
(4) 0x2c24f387Ab28BaCE5FC6C7B01058b0d5C73a0a30 (1000 ETH)
(5) 0xd3F8cd923bbFD87Cf4D34f1221A2Ab94D44be30F (1000 ETH)
(6) 0x9edd3F8f8F51eBb96c28A82F1cf02ee7aa41B161 (1000 ETH)
(7) 0xe89B3D29171b86DD7D619C99B177f2F3af9847aF (1000 ETH)
(8) 0x51831b02f989636bdaD6B6dc440139F19D1a6E3A (1000 ETH)
(9) 0xe1010d34D07BE2901E4413f2708EfDA7e9A17425 (1000 ETH)

Private Keys
==================
(0) 0x6f8857c902adc960dc7a0926c7e7770990099eda2579c7711840c253fe864606
(1) 0xe9700e3e048b30979ecbff28cee7e0eec25f90e1f5e5d5a3116d023378e58787
(2) 0x9bbbf30e41c50d5bfea1c8c539ee3375831dbd4d45500b5c320b043e293becaf
(3) 0x2affa75b80de367dae28db03cb4398e1e77ccd487f70ef7b33b1f0bbebfe5662
(4) 0x1b305cee003dbf0b19040aee4241e2736f1f9e4d29593afa11da58c80683a09a
(5) 0x2fa315df895cfa85226bcc6d03b2f6af0865e1f5732eabee54e2e84ff68c4fbd
(6) 0xec39212a72437330b67810d95d90132398bc688ab1d7d41b29a32703c2d66545
(7) 0x65d6277731a1084f34af322f403635326d609af77bc4eb11025211981a12427c
(8) 0x4cf6c47eb548e7a7d7f973e8699541ea2c28b1a1166dd78ee44460b2dc3166ab
(9) 0x313cad7b05d752192e7e5f9cc03aad9618a8954ed86826bcb08bf69e46bc81c9

HD Wallet
==================
Mnemonic:      brief extend nasty attitude invite potato dentist slot minor wine strong food
Base HD Path:  m/44'/60'/0'/0/{account_index}

Default Gas Price
==================
2000000000

BlockGas Limit
==================
30000000

Call Gas Limit
==================
50000000

Chain
==================
Hardfork: shanghai
Id:       1337

RPC Listening on 127.0.0.1:8545
web3_clientVersion
eth_blockNumber
net_version
eth_accounts
eth_accounts
eth_blockNumber
net_version
eth_getBlockByNumber
eth_estimateGas
eth_getBlockByNumber
eth_gasPrice
eth_sendTransaction

  Transaction: 0x06a9a9d58412b8395ea1d68740239107ce66fc13df7579f23d2d68c53b2672a4
  Contract created: 0x29a59f1f7a4e5c46fb9b249d96af714ac163bd9b
  Gas usage: 1377189
  Block number: 1
  Block time: Fri May 08 2026 02:10:46 GMT+0700 (Indochina Time)

eth_getTransactionReceipt
eth_getCode
eth_getTransactionReceipt
eth_getBlockByNumber
eth_gasPrice
eth_sendTransaction

  Transaction: 0xb40f76c6d0a320cd324543d96c563cf5043b6f771e2fbe8886082bd2043c6b85
  Gas usage: 21055
  Block number: 2
  Block time: Fri May 08 2026 02:10:46 GMT+0700 (Indochina Time)

eth_getTransactionReceipt
eth_blockNumber
evm_mine
eth_blockNumber
evm_mine
eth_blockNumber
evm_mine
eth_blockNumber
evm_mine
eth_blockNumber
evm_mine
eth_blockNumber
net_version
eth_getBlockByNumber
eth_estimateGas
eth_getBlockByNumber
eth_gasPrice
eth_sendTransaction

  Transaction: 0x46444459120d118cfa9dd4875ea0d37a0caf2a2f26310d5204c92b7813911b38
  Gas usage: 52947
  Block number: 8
  Block time: Fri May 08 2026 02:10:46 GMT+0700 (Indochina Time)

eth_getTransactionReceipt
eth_blockNumber
net_version
eth_getBlockByNumber
eth_estimateGas
eth_getBlockByNumber
eth_gasPrice
eth_sendTransaction

  Transaction: 0x0c178dfc740297b2fd8899e6afa88e1b2e451dfdb0ed2930d7501c2f639fbef2
  Gas usage: 35859
  Block number: 9
  Block time: Fri May 08 2026 02:10:46 GMT+0700 (Indochina Time)

eth_getTransactionReceipt
net_version
eth_getBlockByNumber
eth_estimateGas
eth_getBlockByNumber
eth_gasPrice
eth_sendTransaction

  Transaction: 0xbc4ba0178740f44107d806b8d006dcfdf9dd216810784f078da3fe27645d6184
  Gas usage: 77025
  Block number: 10
  Block time: Fri May 08 2026 02:10:46 GMT+0700 (Indochina Time)

eth_getTransactionReceipt
eth_blockNumber
eth_getBalance
eth_getTransactionByHash
debug_traceTransaction
eth_getTransactionByHash
debug_traceTransaction
eth_getTransactionByHash
debug_traceTransaction
eth_getTransactionByHash
debug_traceTransaction
eth_getTransactionByHash
debug_traceTransaction

Received shutdown signal: SIGTERM
Shutting down…
Server has been shut down
