Using network 'development'.

{
  "ok": true,
  "graph_id": "",
  "pair": "C->A|evm|fund:ca",
  "pairKey": "C->A|evm|fund:ca",
  "contract": "CTLCOnly",
  "scenario": "refund",
  "deployGas": "0x10ccbb",
  "gasUsed": "59561",
  "disableGasUsed": "0",
  "claimGasUsed": "",
  "refundGasUsed": "59561",
  "contractAddress": "0x7F7Ef506c95020539b43b6E06f22508A2fc06f6F",
  "startBlock": "0",
  "endBlock": "7",
  "finalContractBalanceWei": "0",
  "deployer": "0x6D2A87e5536E28163d23fdF58C3e1C7E68D0C8dc",
  "party": "0xc296d3684f51C70d56aC620930a650CC2Bd5140d",
  "counterparty": "0x834bd2dD14c96DfB4F4Dec1f6Ab8120FAf473e48",
  "fundingWei": "1000000000000000000",
  "timelocks": [
    6
  ],
  "transactions": [
    {
      "role": "deploy",
      "txHash": "0x2c995c064d95910cfee1d29ed0d7d9e041331bd75595e364753ddae965d5e0b7"
    },
    {
      "role": "fund",
      "txHash": "0xc3ad96e67e35bdad2156430d9ea548c9026abf7fdb4fcb8e23924691f5607581"
    },
    {
      "role": "refund",
      "txHash": "0xeaa38a044e2e862b65b52239792a95bb18c8dc28b598615e9b774148caddf539",
      "level": 0
    }
  ],
  "txRoles": [
    {
      "role": "deploy",
      "txHash": "0x2c995c064d95910cfee1d29ed0d7d9e041331bd75595e364753ddae965d5e0b7"
    },
    {
      "role": "fund",
      "txHash": "0xc3ad96e67e35bdad2156430d9ea548c9026abf7fdb4fcb8e23924691f5607581"
    },
    {
      "role": "refund",
      "txHash": "0xeaa38a044e2e862b65b52239792a95bb18c8dc28b598615e9b774148caddf539",
      "level": 0
    }
  ],
  "deployTxHash": "0x2c995c064d95910cfee1d29ed0d7d9e041331bd75595e364753ddae965d5e0b7",
  "fundTxHash": "0xc3ad96e67e35bdad2156430d9ea548c9026abf7fdb4fcb8e23924691f5607581",
  "refundTxHash": "0xeaa38a044e2e862b65b52239792a95bb18c8dc28b598615e9b774148caddf539",
  "refundTx": "0xeaa38a044e2e862b65b52239792a95bb18c8dc28b598615e9b774148caddf539"
}
