ganache v7.9.2 (@ganache/cli: 0.10.2, @ganache/core: 0.10.2)
Starting RPC server

Available Accounts
==================
(0) 0x3B03AD3609B50F50E63CeEa938222d3A86cA46EF (1000 ETH)
(1) 0x3030A396d1214252A83ADB5FaC56A96F60186c6D (1000 ETH)
(2) 0x45Ec66BCFFb73206AfCB386B7902968b5B96add0 (1000 ETH)
(3) 0xF6B67B7bEb92658d53051cA5fF727ee049a96543 (1000 ETH)
(4) 0x33Af20cA78c13e0C2E097e0dCec89015EF248A1B (1000 ETH)
(5) 0x3212BAe7A414f18f00fb1A3179e8966E4b824F09 (1000 ETH)
(6) 0x240F1aF6Dbc380872Ae463633BA614Ca1907667a (1000 ETH)
(7) 0x0023B2DA7516fd339F924936A45eE24b3f99D54F (1000 ETH)
(8) 0xd30a5D7F39ce0debc603097Df21BFE785a06fE4a (1000 ETH)
(9) 0xd363cF5EC974211839B8Ec3576222da2177E8C8A (1000 ETH)

Private Keys
==================
(0) 0xabcc02a507b0fc062bebe03ae097f7f005ae6d1e7d6923b043f8cbf398769aa6
(1) 0xcda78fe9bb1dcae3c6bf759ecf450484316433e692b338e8d6c6a6ccb0896867
(2) 0x42507711495cd6c1e5401637ffbd706bba413a641f0aea5bd0010629c948ce96
(3) 0x4d8dea47f81222354d971253002355153fd27caa2a3081af394dfbf198b1d2a5
(4) 0xc97f63ce686be0a7ef532701d320610e82c259936cd6618796fb1b510b78b19c
(5) 0x07182caa71d58b5dd00e31d438b3dc82759f2a0c17113f104309256c72d88956
(6) 0x7f12b0bb34a23da762eabb5502341ef1331dd365355c6f04f997b9dadb5d0610
(7) 0x33d2716f64e02fd2b52205baccefe0215054a758916351b27c1a375fa8f9de1f
(8) 0x061dbff9882cca1de87b2c66640bbb1026a3466c229d7b32b2eaa1e71cabc4ac
(9) 0x6c645f40bd876c7443937c19e8a750f0977de8fee1bc5acc49d105da207333ba

HD Wallet
==================
Mnemonic:      goat burst magnet tattoo away apple vivid two word cost bind canal
Base HD Path:  m/44'/60'/0'/0/{account_index}

Default Gas Price
==================
2000000000

BlockGas Limit
==================
30000000

Call Gas Limit
==================
50000000

Chain
==================
Hardfork: shanghai
Id:       1337

RPC Listening on 127.0.0.1:8545
web3_clientVersion
eth_blockNumber
net_version
eth_accounts
eth_accounts
eth_blockNumber
net_version
eth_getBlockByNumber
eth_estimateGas
eth_getBlockByNumber
eth_gasPrice
eth_sendTransaction

  Transaction: 0x9edbcdcb73b30f19b8684769a36235705604a0f69d302f6c3ed49bea93556ff3
  Contract created: 0xd17cf38896cfee95c63600f4a40c487f7ff70355
  Gas usage: 1100987
  Block number: 1
  Block time: Fri May 08 2026 02:08:48 GMT+0700 (Indochina Time)

eth_getTransactionReceipt
eth_getCode
eth_getTransactionReceipt
eth_getBlockByNumber
eth_gasPrice
eth_sendTransaction

  Transaction: 0x040de27c5cd34ccb794416e3dc4ff2f5e36ab4e2c795bfda9b1bbb80202ecda5
  Gas usage: 21055
  Block number: 2
  Block time: Fri May 08 2026 02:08:48 GMT+0700 (Indochina Time)

eth_getTransactionReceipt
eth_blockNumber
evm_mine
eth_blockNumber
evm_mine
eth_blockNumber
evm_mine
eth_blockNumber
evm_mine
eth_blockNumber
net_version
eth_getBlockByNumber
eth_estimateGas
eth_getBlockByNumber
eth_gasPrice
eth_sendTransaction

  Transaction: 0xb917048f687f9ac35a784e3cd5cf898208951ed4e10795e62f0fa1c4dcc1ef20
  Gas usage: 59561
  Block number: 7
  Block time: Fri May 08 2026 02:08:48 GMT+0700 (Indochina Time)

eth_getTransactionReceipt
eth_blockNumber
eth_getBalance
eth_getTransactionByHash
debug_traceTransaction
eth_getTransactionByHash
debug_traceTransaction
eth_getTransactionByHash
debug_traceTransaction

Received shutdown signal: SIGTERM
Shutting down…
Server has been shut down
