ganache v7.9.2 (@ganache/cli: 0.10.2, @ganache/core: 0.10.2)
Starting RPC server
web3_clientVersion

Available Accounts
==================
(0) 0x404A0Bdb1f1AB987805bB901D18274Ae060C4D44 (1000 ETH)
(1) 0xb51AF529CD88482552F6C985f3251166cc08be23 (1000 ETH)
(2) 0xbccF03750aa9A260b29Db000699493b4F4aB1012 (1000 ETH)
(3) 0x75b7127B1CAf0d79386737A507dcB29Eb39f5CEe (1000 ETH)
(4) 0x2743ac0C3A51B38aED96A7cf5d722De53b6E041c (1000 ETH)
(5) 0x3463161940BEC90131b431C1C3Ac45F52C9620EE (1000 ETH)
(6) 0x3d36A8Dc84f2B14EEe18080e3910955c138FC144 (1000 ETH)
(7) 0x2E95A1e7AB50733e572A7A2B3BACF5A55a47051C (1000 ETH)
(8) 0xA7EB48f3CDbE0994352cec39b1593fc49651f670 (1000 ETH)
(9) 0x9b3eaB636FFbc69bF243a5E6c0979fDBC016E7c2 (1000 ETH)

Private Keys
==================
(0) 0x6a72e6ae204d98c396e56393900862f051b2b037b043bb91e28e7c67b691578c
(1) 0xc5e8a4bf17c305d480dcb67ea7ef10fcd81eacf283219eb5cdb324b68f90c726
(2) 0xd2a1246b861eccb0e4c117fc7c2d868f06a54322795d09e0b44ce583800efaa0
(3) 0x7a1f560f5feaa79f26c7b390081278e1afabbbdcc0f26b9600f7e9bd6dee0f99
(4) 0x8a6812f684e07e13d095f042e26212cb3d5669ecea26a879e976805919951686
(5) 0xfffd9ef0ec9c26012fa3f06894f3f854e9399cc4ce08dc9b80991b403df8f998
(6) 0x02e643b7a7fd0f36c4539c960727e9bfcc621fb8d29368f6d334e7d3ec7f1dc7
(7) 0xf486cd3e39e7411c16dae6ff95739e67a56782c7c8054904dd2f7c8f4e33ded3
(8) 0xffea0732a3ee397512644a2dd6af8e40e1d60d635e2cc237678f812bac8c1101
(9) 0x9c202d1781c14ef2987268ae9294a92eed7bd723c622842ae831d061f9728f03

HD Wallet
==================
Mnemonic:      limb antenna link trumpet anger win slender abuse orient approve couch category
Base HD Path:  m/44'/60'/0'/0/{account_index}

Default Gas Price
==================
2000000000

BlockGas Limit
==================
30000000

Call Gas Limit
==================
50000000

Chain
==================
Hardfork: shanghai
Id:       1337

RPC Listening on 127.0.0.1:8545
eth_blockNumber
net_version
eth_accounts
eth_accounts
eth_blockNumber
net_version
eth_getBlockByNumber
eth_estimateGas
eth_getBlockByNumber
eth_gasPrice
eth_sendTransaction

  Transaction: 0x7d1154bfff77e41d69563d54e4f80c76f48e5356fd887f084c4fa4e83d85bb1e
  Contract created: 0x0b96f6f35e4ca8ac922f29b8ac25d5cb66a8a951
  Gas usage: 1123875
  Block number: 1
  Block time: Thu May 07 2026 21:23:30 GMT+0700 (Indochina Time)

eth_getTransactionReceipt
eth_getCode
eth_getTransactionReceipt
eth_getBlockByNumber
eth_gasPrice
eth_sendTransaction

  Transaction: 0x50aea58abe61f5b4d0fabd5b5936b5b67d51cc57291413fbd63d7cf71bf92584
  Gas usage: 21055
  Block number: 2
  Block time: Thu May 07 2026 21:23:30 GMT+0700 (Indochina Time)

eth_getTransactionReceipt
eth_blockNumber
evm_mine
eth_blockNumber
evm_mine
eth_blockNumber
evm_mine
eth_blockNumber
evm_mine
eth_blockNumber
evm_mine
eth_blockNumber
net_version
eth_getBlockByNumber
eth_estimateGas
eth_getBlockByNumber
eth_gasPrice
eth_sendTransaction

  Transaction: 0x96e6c4376dab978189bdff052cf4b349261bb2cbe480b4b466d6a873b22498aa
  Gas usage: 59561
  Block number: 8
  Block time: Thu May 07 2026 21:23:30 GMT+0700 (Indochina Time)

eth_getTransactionReceipt
eth_blockNumber
eth_getBalance
eth_getTransactionByHash
debug_traceTransaction
eth_getTransactionByHash
debug_traceTransaction
eth_getTransactionByHash
debug_traceTransaction

Received shutdown signal: SIGTERM
Shutting down…
Server has been shut down
