ganache v7.9.2 (@ganache/cli: 0.10.2, @ganache/core: 0.10.2)
Starting RPC server

Available Accounts
==================
(0) 0xB69718Dc5b0922567c4D34A6537D4df0B0D4753a (1000 ETH)
(1) 0x1B0205465b4205bE5a912010Dad07918936FcC4A (1000 ETH)
(2) 0xff4a694c9108Cf1632859209c713FfEADD64D8f7 (1000 ETH)
(3) 0x62F1cc4dE3Ad71Dc364036D9a28DB288d284Fc75 (1000 ETH)
(4) 0xc6769be67aF5D56a7f96843E62E11A51ABB332Fa (1000 ETH)
(5) 0xf774aa8783fd8a4B9F2A39367d0313fEdF97eaa9 (1000 ETH)
(6) 0x7225e245Cc15b7f0aFa46E25E6A6FaCf967cF8d7 (1000 ETH)
(7) 0x8dac87Ca8722142c1121a2987c9F8F4387e5a52A (1000 ETH)
(8) 0xdb68712950F54841E4afacEd90413b45aEEe0D22 (1000 ETH)
(9) 0xB2eC59E9f35Cd96a7cE41CB83470786D94e3Dab9 (1000 ETH)

Private Keys
==================
(0) 0xa4111f0330b9a280875c7f8ec64240693dd019aa068d766020fd5f469b1780e2
(1) 0xa6eede89835201a59e9700fa8ce1b9d86c0b70f681ace38fad9708a2275a199a
(2) 0x95ba072915972b2bc23e4e7601d78ff5540b9bffb70b07c01351a2d0a3cb3e8a
(3) 0x774c38139b815ce0178e70c54bc169b8869a8db628cb3091d0eca036b501894f
(4) 0x3cfb697831b9b07b508b2bb24de90de3deeda0f6df4c611a8b72abe6467d902b
(5) 0xa66ca5e979e3a43f756be5dd7ed41dfa20b54f1b53f4920b728a9652c0c57266
(6) 0xe2d7d2e8ea0983f3fe7792b95f9b4ea0d55cad4e99c2999eea29c638e27b95a5
(7) 0x8aac27945ef44ea907debaff3abccbb2770d2af364c25942d471a0918239c24d
(8) 0x119d803396094da2701e1222a6525c7ea04f549b39a44216e33e7bdd5d7dde59
(9) 0x553a56aa5cfdf419b039a9530d38d457fa77900b8289a17a29de5bb3a7057115

HD Wallet
==================
Mnemonic:      work sort ice canoe also prison fork finger recall off frost know
Base HD Path:  m/44'/60'/0'/0/{account_index}

Default Gas Price
==================
2000000000

BlockGas Limit
==================
30000000

Call Gas Limit
==================
50000000

Chain
==================
Hardfork: shanghai
Id:       1337

RPC Listening on 127.0.0.1:8545
web3_clientVersion
eth_blockNumber
net_version
eth_accounts
eth_accounts
eth_blockNumber
net_version
eth_getBlockByNumber
eth_estimateGas
eth_getBlockByNumber
eth_gasPrice
eth_sendTransaction

  Transaction: 0x00d762b19521779305fbfa52cab5a252c8f3cb7f1a35bc2a756a7b9f3f6bc1de
  Contract created: 0x9371fd2b3cbf1c565c43c59e5e17ef2ca91f1e4c
  Gas usage: 1652856
  Block number: 1
  Block time: Fri May 08 2026 03:36:39 GMT+0700 (Indochina Time)

eth_getTransactionReceipt
eth_getCode
eth_getTransactionReceipt
eth_getBlockByNumber
eth_gasPrice
eth_sendTransaction

  Transaction: 0x136865f637bc1c58886eeb73a881a1e9de02ba157389b2152edd988ba62210f5
  Gas usage: 21055
  Block number: 2
  Block time: Fri May 08 2026 03:36:39 GMT+0700 (Indochina Time)

eth_getTransactionReceipt
eth_blockNumber
evm_mine
eth_blockNumber
evm_mine
eth_blockNumber
evm_mine
eth_blockNumber
evm_mine
eth_blockNumber
evm_mine
eth_blockNumber
evm_mine
eth_blockNumber
evm_mine
eth_blockNumber
evm_mine
eth_blockNumber
net_version
eth_getBlockByNumber
eth_estimateGas
eth_getBlockByNumber
eth_gasPrice
eth_sendTransaction

  Transaction: 0xc79d779cb2a7c9333e5b6de06a23726f0083efdc948aa39fff883279ded35bfe
  Gas usage: 59539
  Block number: 11
  Block time: Fri May 08 2026 03:36:39 GMT+0700 (Indochina Time)

eth_getTransactionReceipt
eth_blockNumber
eth_getBalance
eth_getTransactionByHash
debug_traceTransaction
eth_getTransactionByHash
debug_traceTransaction
eth_getTransactionByHash
debug_traceTransaction

Received shutdown signal: SIGTERM
Shutting down…
Server has been shut down
