ganache v7.9.2 (@ganache/cli: 0.10.2, @ganache/core: 0.10.2)
Starting RPC server

Available Accounts
==================
(0) 0x3Bcb175DDFb7c2af27cCB47dc89695f67Eb3eAC0 (1000 ETH)
(1) 0x0f95770bE85Fb2b068399F55E84F957D917C6099 (1000 ETH)
(2) 0x48DBae2Aa54d417e7363317d987B5d7c10B1dc2b (1000 ETH)
(3) 0xcb054386f3a0f5E4828329688b978fA8D2A32915 (1000 ETH)
(4) 0x5E02e6bfD14dA21185DC35C3c8eA11a65346F4Cb (1000 ETH)
(5) 0xeAa8FE1EE72c872e040b6Ef5Afed815d8c5e538f (1000 ETH)
(6) 0x882D782f87C4118e74C373E54C41E1e699538326 (1000 ETH)
(7) 0xDA032416C6c6Fc6249c26b9478B9e0E66829f3d1 (1000 ETH)
(8) 0x3bCF7da30c8521Df76D165b87e8d27c74b8D0828 (1000 ETH)
(9) 0x3AedfaFEB549567731D0Be10C32887D916A211da (1000 ETH)

Private Keys
==================
(0) 0x7ca8ce029e6ab911705025a061e3b32374b8287e0e2b76d2d9df82f0ca5909a7
(1) 0xfd2f463f7f41bd4d0cb83bccee077b3f922cd6af87dd62e361134745058d286f
(2) 0x46d879f9dd5985d93b222c42c729ce9d6aaca28d36257fda2f15dba6ff2f60ec
(3) 0x76b1680fdba358d8a6f8513e04ae24f7de34a0270964670d44338a90181ff66c
(4) 0xf29579835a051ae8e1fa028519274545c39b3ddb5c2cc004270bed8ab03b36d8
(5) 0xaa33a488167b6bf656d8b8d8c08ad16b3da8fff71db92b38e87b1a569e2cb6bf
(6) 0xc7ab1df9526a37d223602a9fb2f81028de8ff48ca649b950673134b5722e9fa1
(7) 0xd4ec2f69fa42bfc400c516fcd153f4b0e7004a74b4040163364e754bd46fb766
(8) 0x43f35afeb96c6bea497fc751c467939cbfab485fe0b48178c5186917a2638cf8
(9) 0x0c62b43c9f9a0d56180236f5288c68cfbaf37dd680613cb0b89105f029f84c49

HD Wallet
==================
Mnemonic:      catalog film fat wheel maid frog quality grain glare wrist board token
Base HD Path:  m/44'/60'/0'/0/{account_index}

Default Gas Price
==================
2000000000

BlockGas Limit
==================
30000000

Call Gas Limit
==================
50000000

Chain
==================
Hardfork: shanghai
Id:       1337

RPC Listening on 127.0.0.1:8545
web3_clientVersion
eth_blockNumber
net_version
eth_accounts
eth_accounts
eth_blockNumber
net_version
eth_getBlockByNumber
eth_estimateGas
eth_getBlockByNumber
eth_gasPrice
eth_sendTransaction

  Transaction: 0xe64af73d059da8b24c0379255fb2a179b71cb895f2236d567d467df5ad38ba01
  Contract created: 0x85d2007b9069cc224e6f10b197ce88045c620aae
  Gas usage: 1100975
  Block number: 1
  Block time: Fri May 08 2026 00:52:40 GMT+0700 (Indochina Time)

eth_getTransactionReceipt
eth_getCode
eth_getTransactionReceipt
eth_getBlockByNumber
eth_gasPrice
eth_sendTransaction

  Transaction: 0x3e6189193cc057f5a104ab5c5ad24ff57adf9ff248afa115fccebe3fbd6797e8
  Gas usage: 21055
  Block number: 2
  Block time: Fri May 08 2026 00:52:40 GMT+0700 (Indochina Time)

eth_getTransactionReceipt
net_version
eth_getBlockByNumber
eth_estimateGas
eth_getBlockByNumber
eth_gasPrice
eth_sendTransaction

  Transaction: 0xe188b5fd17f00fa1625c29e7647645fdb364f446bd58f41aab05fef627c435ba
  Gas usage: 64620
  Block number: 3
  Block time: Fri May 08 2026 00:52:40 GMT+0700 (Indochina Time)

eth_getTransactionReceipt
eth_blockNumber
eth_getBalance
eth_getTransactionByHash
debug_traceTransaction
eth_getTransactionByHash
debug_traceTransaction
eth_getTransactionByHash
debug_traceTransaction

Received shutdown signal: SIGTERM
Shutting down…
Server has been shut down
