Using network 'development'.

{
  "ok": true,
  "graph_id": "",
  "pair": "G->A|evm|fund:ga",
  "pairKey": "G->A|evm|fund:ga",
  "contract": "CTLCMultipleEdges",
  "scenario": "best_claim",
  "deployGas": "0x12369a",
  "gasUsed": "67334",
  "disableGasUsed": "",
  "claimGasUsed": "67334",
  "refundGasUsed": "",
  "contractAddress": "0xdC75Ff3e28F059439ec296fB6A3548bd2aF09FD4",
  "startBlock": "0",
  "endBlock": "3",
  "finalContractBalanceWei": "0",
  "deployer": "0x35656e9aFe59Cf33ab72c0B863154e676Da752C8",
  "party": "0x234CC9Ea65542974daf23D040c8fBd1153Fe91a6",
  "counterparty": "0xA10226D8747bA722cc03f6fDf2B14cf67FD7a039",
  "fundingWei": "1000000000000000000",
  "timelocks": [
    6
  ],
  "transactions": [
    {
      "role": "deploy",
      "txHash": "0x2e599fe8b8d3f615c4a443e408543ffbb436bf93ed4ebdae205cd89c3e63e54f"
    },
    {
      "role": "fund",
      "txHash": "0x6a9e2399c50ce4017acdf527d34693b55342cfb61daf033e2dc2b8f89b73f273"
    },
    {
      "role": "claim",
      "txHash": "0xcaa3b1d2fce618ce72e37f66ed3c7c34a6b3ffb5f52fbc1971fdd449775330aa",
      "level": 0,
      "option": 0
    }
  ],
  "txRoles": [
    {
      "role": "deploy",
      "txHash": "0x2e599fe8b8d3f615c4a443e408543ffbb436bf93ed4ebdae205cd89c3e63e54f"
    },
    {
      "role": "fund",
      "txHash": "0x6a9e2399c50ce4017acdf527d34693b55342cfb61daf033e2dc2b8f89b73f273"
    },
    {
      "role": "claim",
      "txHash": "0xcaa3b1d2fce618ce72e37f66ed3c7c34a6b3ffb5f52fbc1971fdd449775330aa",
      "level": 0,
      "option": 0
    }
  ],
  "deployTxHash": "0x2e599fe8b8d3f615c4a443e408543ffbb436bf93ed4ebdae205cd89c3e63e54f",
  "fundTxHash": "0x6a9e2399c50ce4017acdf527d34693b55342cfb61daf033e2dc2b8f89b73f273",
  "claimTxHash": "0xcaa3b1d2fce618ce72e37f66ed3c7c34a6b3ffb5f52fbc1971fdd449775330aa",
  "txHash": "0xcaa3b1d2fce618ce72e37f66ed3c7c34a6b3ffb5f52fbc1971fdd449775330aa",
  "tx": "0xcaa3b1d2fce618ce72e37f66ed3c7c34a6b3ffb5f52fbc1971fdd449775330aa"
}
