ganache v7.9.2 (@ganache/cli: 0.10.2, @ganache/core: 0.10.2)
Starting RPC server

Available Accounts
==================
(0) 0xDc149f1Ba3b627Ec5C2Ca2534892337A3d53E1A1 (1000 ETH)
(1) 0x86Fc64f53466075aB75c3CF95440E8193a08C7a5 (1000 ETH)
(2) 0x8cC7BeD08aA53853D287407c0137ACf214D32e22 (1000 ETH)
(3) 0x8f62daF42A7ccb9dCD56766c04dF102CE7A25E70 (1000 ETH)
(4) 0x0305cb055666D599371226DB331eae5A0BC7779B (1000 ETH)
(5) 0xc703d4c2CF26C9E36E5de3Ac44E9d6D5b4b9f084 (1000 ETH)
(6) 0xb9bD75879c9D87cDC50E88b6D17ceF63D3217b7c (1000 ETH)
(7) 0xECCa40A1276EfdbB3D9e46438aDD2828e72CFAE9 (1000 ETH)
(8) 0xFc653caA76D7359f748530FBbe0862EC042A6cBA (1000 ETH)
(9) 0x3D5deF48490a27008558DEBC00d0Db6eFADee5a6 (1000 ETH)

Private Keys
==================
(0) 0x5e5a720a6ed52435de2735f720473295198ab711ba584e1d7ee202cd64a9df2e
(1) 0x07d6d6b9bfd4ca6ef8c45f2b404d5f0addc68e06a66e72ae0b3b59cc2d4d970a
(2) 0x4caff2453cd59a6d2011e2a8d5c5f1b41f97f224818a83c2fba3a3b1a1833f9e
(3) 0xabb245facea561fa682d5c105599d9903515415561122c71ee841f6d7d9600b2
(4) 0xc530473c3450dbf8d390966ddcd70f1035f5a01ecc7a8352000de18e90304cd9
(5) 0x10442af33b955c4f68f971841075586ec0e7049008faa28f1cabf539338323d7
(6) 0x30baeba876ccba434892898dc62539adf5ac64fb11703bdd6fa72aa1d3247ba1
(7) 0x0f3e098e70ce171a8577eb8da8fd826ec3249b5941e3ffe91eb9b37f6fcd009e
(8) 0xb49cd6426dd770bd4e73be60ce015210a12e42d6b9cb77f5e3b1fe572bf522ae
(9) 0xeccbd42838130675dd4157e2c928e75661022f45415a736dd5805e1ac54f569e

HD Wallet
==================
Mnemonic:      betray dutch enough mistake gossip cinnamon ancient someone wink gadget small nature
Base HD Path:  m/44'/60'/0'/0/{account_index}

Default Gas Price
==================
2000000000

BlockGas Limit
==================
30000000

Call Gas Limit
==================
50000000

Chain
==================
Hardfork: shanghai
Id:       1337

RPC Listening on 127.0.0.1:8545
web3_clientVersion
eth_blockNumber
net_version
eth_accounts
eth_accounts
eth_blockNumber
net_version
eth_getBlockByNumber
eth_estimateGas
eth_getBlockByNumber
eth_gasPrice
eth_sendTransaction

  Transaction: 0x089ddfae8cc71e5fcbc7ff60245701608b8ff2d41e5a1d4cf1a262e3573b8485
  Contract created: 0x3b97cf4f5af9e94f8e5d0cceba3e92700433f81c
  Gas usage: 1561867
  Block number: 1
  Block time: Thu May 07 2026 21:35:14 GMT+0700 (Indochina Time)

eth_getTransactionReceipt
eth_getCode
eth_getTransactionReceipt
eth_getBlockByNumber
eth_gasPrice
eth_sendTransaction

  Transaction: 0x1d1074fd1c92855ca2a7ba36428119e13937e3551efab846364958c4f1b8b7cf
  Gas usage: 21055
  Block number: 2
  Block time: Thu May 07 2026 21:35:14 GMT+0700 (Indochina Time)

eth_getTransactionReceipt
eth_blockNumber
evm_mine
eth_blockNumber
evm_mine
eth_blockNumber
evm_mine
eth_blockNumber
evm_mine
eth_blockNumber
evm_mine
eth_blockNumber
net_version
eth_getBlockByNumber
eth_estimateGas
eth_getBlockByNumber
eth_gasPrice
eth_sendTransaction

  Transaction: 0x84b68c867e1092fa73ab62c5e842ef4ddbb8064a7eebba71e95f0c425bc92190
  Gas usage: 52925
  Block number: 8
  Block time: Thu May 07 2026 21:35:14 GMT+0700 (Indochina Time)

eth_getTransactionReceipt
net_version
eth_getBlockByNumber
eth_estimateGas
eth_getBlockByNumber
eth_gasPrice
eth_sendTransaction

  Transaction: 0x31bbf75e453dbd24f8c9b8e51af97182ada65190a336cd8c4a72c60cd7448143
  Gas usage: 80279
  Block number: 9
  Block time: Thu May 07 2026 21:35:14 GMT+0700 (Indochina Time)

eth_getTransactionReceipt
eth_blockNumber
eth_getBalance
eth_getTransactionByHash
debug_traceTransaction
eth_getTransactionByHash
debug_traceTransaction
eth_getTransactionByHash
debug_traceTransaction
eth_getTransactionByHash
debug_traceTransaction

Received shutdown signal: SIGTERM
Shutting down…
Server has been shut down
