Using network 'development'.

{
  "ok": true,
  "graph_id": "",
  "pair": "E->F|evm|fund:ef",
  "pairKey": "E->F|evm|fund:ef",
  "contract": "CTLCOnly",
  "scenario": "worst_claim",
  "deployGas": "0x155d25",
  "gasUsed": "169970",
  "disableGasUsed": "88806",
  "claimGasUsed": "81164",
  "refundGasUsed": "",
  "contractAddress": "0x1B78A1D5d1CFc865C7dB3230c6c3833804653f3D",
  "startBlock": "0",
  "endBlock": "10",
  "finalContractBalanceWei": "0",
  "deployer": "0x70343250DDcA8972a914524B6C927F2d90014C03",
  "party": "0x38209B321aA1752b0931B18Ef60E6bdc2829b508",
  "counterparty": "0x848Ff0080B45e6cc632F259B212A33B71674820c",
  "fundingWei": "1000000000000000000",
  "timelocks": [
    7,
    8,
    10
  ],
  "transactions": [
    {
      "role": "deploy",
      "txHash": "0x85e20d06d4e1d4aad83e37dffd693bb13c2025ca2a06968ce0a6a92b30f2a1e4"
    },
    {
      "role": "fund",
      "txHash": "0x57cf5b59a9fcbea87a1318374bbd90256789caad516053e9849501f0752cd1cd"
    },
    {
      "role": "disable",
      "txHash": "0xdc6ae5fcc80527d44b6f1e36530098bf2fe981d7cd366e604f8bf1b2c6325f88",
      "level": 0
    },
    {
      "role": "disable",
      "txHash": "0xc2594134cc7666335c49d4f5d055025271c626b941627f91c7f616aa870604e3",
      "level": 1
    },
    {
      "role": "claim",
      "txHash": "0x861e69a140349783b47219254f5f45df618b79363c70537dcc9291149521abbd",
      "level": 2,
      "option": 0
    }
  ],
  "txRoles": [
    {
      "role": "deploy",
      "txHash": "0x85e20d06d4e1d4aad83e37dffd693bb13c2025ca2a06968ce0a6a92b30f2a1e4"
    },
    {
      "role": "fund",
      "txHash": "0x57cf5b59a9fcbea87a1318374bbd90256789caad516053e9849501f0752cd1cd"
    },
    {
      "role": "disable",
      "txHash": "0xdc6ae5fcc80527d44b6f1e36530098bf2fe981d7cd366e604f8bf1b2c6325f88",
      "level": 0
    },
    {
      "role": "disable",
      "txHash": "0xc2594134cc7666335c49d4f5d055025271c626b941627f91c7f616aa870604e3",
      "level": 1
    },
    {
      "role": "claim",
      "txHash": "0x861e69a140349783b47219254f5f45df618b79363c70537dcc9291149521abbd",
      "level": 2,
      "option": 0
    }
  ],
  "deployTxHash": "0x85e20d06d4e1d4aad83e37dffd693bb13c2025ca2a06968ce0a6a92b30f2a1e4",
  "fundTxHash": "0x57cf5b59a9fcbea87a1318374bbd90256789caad516053e9849501f0752cd1cd",
  "disableTxHashes": [
    "0xdc6ae5fcc80527d44b6f1e36530098bf2fe981d7cd366e604f8bf1b2c6325f88",
    "0xc2594134cc7666335c49d4f5d055025271c626b941627f91c7f616aa870604e3"
  ],
  "disableTxHash": "0xdc6ae5fcc80527d44b6f1e36530098bf2fe981d7cd366e604f8bf1b2c6325f88",
  "disableTx": "0xdc6ae5fcc80527d44b6f1e36530098bf2fe981d7cd366e604f8bf1b2c6325f88",
  "claimTxHash": "0x861e69a140349783b47219254f5f45df618b79363c70537dcc9291149521abbd",
  "txHash": "0x861e69a140349783b47219254f5f45df618b79363c70537dcc9291149521abbd",
  "tx": "0x861e69a140349783b47219254f5f45df618b79363c70537dcc9291149521abbd"
}
