ganache v7.9.2 (@ganache/cli: 0.10.2, @ganache/core: 0.10.2)
Starting RPC server

Available Accounts
==================
(0) 0x2A3E3A0aFC53A57B5328d13B21f09467Fd797346 (1000 ETH)
(1) 0x05ceFcbDf28A1A449Db7621C74D30d1a2419Fa96 (1000 ETH)
(2) 0x89bdba77953cb919E0F8e922E2644EBe70Ef2c2b (1000 ETH)
(3) 0xb1d03c991D78Bdc98829240A2064325CD94d5E40 (1000 ETH)
(4) 0x1d665817374340d183F7cdBd5194af434e05eaE0 (1000 ETH)
(5) 0x0aCbF7Ef18896Cd0002eCDfAB79474FB778A41bF (1000 ETH)
(6) 0x5a3481Ef7d5b01a03de55d13499E0Ee0E5ceA82C (1000 ETH)
(7) 0x1f0d86127c119D7504e2154C899700bBC18146aB (1000 ETH)
(8) 0xEd7CA75493aDdc7187c4ab15B45517e014e30c54 (1000 ETH)
(9) 0x8C2FED5F14D4Ae2A65652Bd02314AEfFb112f054 (1000 ETH)

Private Keys
==================
(0) 0xfa823f54990da7a7158f4f1af84e6e926824549a883a3cd6259e3ab591f79d59
(1) 0x3317fb0863f5a47e0fc7b073bee70dd11513f967c15103b788c8aa46c5f863fc
(2) 0x61b0e0a4244356794306d14af78d4fc3c481f62d0dfb03a20da4adb3630993f0
(3) 0xaf41e95ca7960aac36b017e6d68509fa2fb6e343776359d5dcdf0aaa01a7747c
(4) 0x7939e17ab3ee1afca743b9b781b8a34bcce3250e6a847086fa3ecddfaa42913e
(5) 0x79c9f2d1d5297eb529cfb1c87d36eae51232dc41534b209d3c18f431a90ac744
(6) 0x092bc863c268e08a80f119d27f42a24ddbfb8910533ed701207fefacc48e6c40
(7) 0x2ea70f369f73109d6a81f1908468d2782a61328601c27da9838ecd1c129e6a1c
(8) 0x76935db96d14c1f543fed35b7a6411a996557bfe7a36ad7b6b87ec3cfd7f6eeb
(9) 0x0177149cc638a0be2d2e4ae842e83a0ed57f26ba5cccbf84e0380d9147102474

HD Wallet
==================
Mnemonic:      nasty hybrid much frame another loyal panther jaguar sunny wheel secret bamboo
Base HD Path:  m/44'/60'/0'/0/{account_index}

Default Gas Price
==================
2000000000

BlockGas Limit
==================
30000000

Call Gas Limit
==================
50000000

Chain
==================
Hardfork: shanghai
Id:       1337

RPC Listening on 127.0.0.1:8545
web3_clientVersion
eth_blockNumber
net_version
eth_accounts
eth_accounts
eth_blockNumber
net_version
eth_getBlockByNumber
eth_estimateGas
eth_getBlockByNumber
eth_gasPrice
eth_sendTransaction

  Transaction: 0x8c005657f24e0d7d624987d5179b35d746fe7c9891b7e97db9e0ea9c632cb1f7
  Contract created: 0x1e066f14beb0a34ea0d7e31e16a0d1b5f08f6b2e
  Gas usage: 1100975
  Block number: 1
  Block time: Fri May 08 2026 00:01:08 GMT+0700 (Indochina Time)

eth_getTransactionReceipt
eth_getCode
eth_getTransactionReceipt
eth_getBlockByNumber
eth_gasPrice
eth_sendTransaction

  Transaction: 0x918a6ea6af4f59b526493f98939eb0d0b11dc39f139d71614c6f9866f5354ac6
  Gas usage: 21055
  Block number: 2
  Block time: Fri May 08 2026 00:01:08 GMT+0700 (Indochina Time)

eth_getTransactionReceipt
net_version
eth_getBlockByNumber
eth_estimateGas
eth_getBlockByNumber
eth_gasPrice
eth_sendTransaction

  Transaction: 0x158c0547173c0d420e4d807aaa42bc8446c51bcc269eb953162c4c57960886c6
  Gas usage: 64620
  Block number: 3
  Block time: Fri May 08 2026 00:01:08 GMT+0700 (Indochina Time)

eth_getTransactionReceipt
eth_blockNumber
eth_getBalance
eth_getTransactionByHash
debug_traceTransaction
eth_getTransactionByHash
debug_traceTransaction
eth_getTransactionByHash
debug_traceTransaction

Received shutdown signal: SIGTERM
Shutting down…
Server has been shut down
