Using network 'development'.

{
  "ok": true,
  "graph_id": "",
  "pair": "D->C|evm|fund:dc",
  "pairKey": "D->C|evm|fund:dc",
  "contract": "CTLCOnly",
  "scenario": "refund",
  "deployGas": "0x117fbb",
  "gasUsed": "59561",
  "disableGasUsed": "0",
  "claimGasUsed": "",
  "refundGasUsed": "59561",
  "contractAddress": "0x46fC4a8884a08E0bA38ACaFdB6eD3B28CC80AAd6",
  "startBlock": "0",
  "endBlock": "9",
  "finalContractBalanceWei": "0",
  "deployer": "0xED32381D448fc1949e2CE4a43AF87fC889b985C0",
  "party": "0xC01cc997afDC600CF321Bd927a21240d2e8c0d6B",
  "counterparty": "0xd7caBdd2CDb8B86e086DbE3Cb7CB93781b1f876e",
  "fundingWei": "1000000000000000000",
  "timelocks": [
    8
  ],
  "transactions": [
    {
      "role": "deploy",
      "txHash": "0x580f64893d799c3a379a92a6e29ec75356d4f65a674feff38ace92070af1e4ff"
    },
    {
      "role": "fund",
      "txHash": "0x62c98ace6e52d3b8fd332753625ad8a75abe9eb1df4b48b700a5027d2f475768"
    },
    {
      "role": "refund",
      "txHash": "0xd07bdc07d35000ebf9a0ff172dc2de269ba4ed3d4556291c7f2ba7c6b4a6af57",
      "level": 0
    }
  ],
  "txRoles": [
    {
      "role": "deploy",
      "txHash": "0x580f64893d799c3a379a92a6e29ec75356d4f65a674feff38ace92070af1e4ff"
    },
    {
      "role": "fund",
      "txHash": "0x62c98ace6e52d3b8fd332753625ad8a75abe9eb1df4b48b700a5027d2f475768"
    },
    {
      "role": "refund",
      "txHash": "0xd07bdc07d35000ebf9a0ff172dc2de269ba4ed3d4556291c7f2ba7c6b4a6af57",
      "level": 0
    }
  ],
  "deployTxHash": "0x580f64893d799c3a379a92a6e29ec75356d4f65a674feff38ace92070af1e4ff",
  "fundTxHash": "0x62c98ace6e52d3b8fd332753625ad8a75abe9eb1df4b48b700a5027d2f475768",
  "refundTxHash": "0xd07bdc07d35000ebf9a0ff172dc2de269ba4ed3d4556291c7f2ba7c6b4a6af57",
  "refundTx": "0xd07bdc07d35000ebf9a0ff172dc2de269ba4ed3d4556291c7f2ba7c6b4a6af57"
}
