ganache v7.9.2 (@ganache/cli: 0.10.2, @ganache/core: 0.10.2)
Starting RPC server

Available Accounts
==================
(0) 0xEf3d5D536c94D6e60049f0BED4e31f411686094C (1000 ETH)
(1) 0xdBc7F86f453faA6DD98239359262d61C15B7C07d (1000 ETH)
(2) 0x0736707B33542131468BF6F04c74e111d14C9b68 (1000 ETH)
(3) 0x09B0113589b0AAc3De9F55b1cDA263F67e87FcE7 (1000 ETH)
(4) 0x22814affFBf7d697a328a6e690eB06638948664b (1000 ETH)
(5) 0x5142656F22a0F2Cf473955d80C83e8a1dB4228a7 (1000 ETH)
(6) 0x7683Eb8F5fE95F4b7f20393Dfa98727D4E31af9e (1000 ETH)
(7) 0x41c9b6733aD69E04E2c799A89088E5cCE5723bB9 (1000 ETH)
(8) 0x173e1BF47E76BA3b17d78193FBF7290Bd4795Aa1 (1000 ETH)
(9) 0x0eECB7937bDb21da320E80767Dd7C3b8E83d62D2 (1000 ETH)

Private Keys
==================
(0) 0x9ff0f9d6ce6b69e8a80a9b57e4ccb54db975afd2835b05ccc1ca46a01d454352
(1) 0x18cabe8bc1a0d86911185387029f0888db095cadf592029da618760417a3beeb
(2) 0xccac3b16dd833714b422c74ee9fc018305c81cc934b646aad396fa26cdf348e9
(3) 0x7a4df647a3f6bd4c2840ffd386457e858af20aa3f17b981b92296bf97db9d831
(4) 0x815126cb625088cbec1861a7d9ea123a4b57b8f3b550b576f49296ce6c724c73
(5) 0xe5d8f361f98a806b8b8bdb369492d1becc9b9f3b72ef88036abe080dfa61ca4d
(6) 0x57628f67ad6e8631d335e319d4edbb06d6e33637937021c00040a841f2734ab3
(7) 0x6eb4b2b97ada8eaa27da1f07d84a32096f57f798fb1d1282e8f020e2a930b533
(8) 0x659f5b3375c9a02843fd23be8f5fd172c05a05252fc525fb45a2e87b5a760ffa
(9) 0x2e7cf9c75655064f3a4998b8ccf0904ea9fa3da2a6ec0d84fbbc48c1ccfd2cd9

HD Wallet
==================
Mnemonic:      display ignore patrol style vague quote virus argue dry polar thunder frame
Base HD Path:  m/44'/60'/0'/0/{account_index}

Default Gas Price
==================
2000000000

BlockGas Limit
==================
30000000

Call Gas Limit
==================
50000000

Chain
==================
Hardfork: shanghai
Id:       1337

RPC Listening on 127.0.0.1:8545
web3_clientVersion
eth_blockNumber
net_version
eth_accounts
eth_accounts
eth_blockNumber
net_version
eth_getBlockByNumber
eth_estimateGas
eth_getBlockByNumber
eth_gasPrice
eth_sendTransaction

  Transaction: 0xf871c116cb741ab2ca9e26915903f2c9a5e2f99e40d03e18ab17409f65d232f5
  Contract created: 0x63a8f490e4bb2b9f218a357c739a095df90fc93b
  Gas usage: 1561855
  Block number: 1
  Block time: Thu May 07 2026 22:21:47 GMT+0700 (Indochina Time)

eth_getTransactionReceipt
eth_getCode
eth_getTransactionReceipt
eth_getBlockByNumber
eth_gasPrice
eth_sendTransaction

  Transaction: 0x0ed8984e17866fc7360c6cd40490e6737b09584392ebb21eeba8542abfd3d9cb
  Gas usage: 21055
  Block number: 2
  Block time: Thu May 07 2026 22:21:47 GMT+0700 (Indochina Time)

eth_getTransactionReceipt
eth_blockNumber
evm_mine
eth_blockNumber
evm_mine
eth_blockNumber
evm_mine
eth_blockNumber
evm_mine
eth_blockNumber
evm_mine
eth_blockNumber
net_version
eth_getBlockByNumber
eth_estimateGas
eth_getBlockByNumber
eth_gasPrice
eth_sendTransaction

  Transaction: 0xcbf917b13c985fa161eabb6d01b078888581fdf9248479156f8f51ffae90426f
  Gas usage: 52925
  Block number: 8
  Block time: Thu May 07 2026 22:21:47 GMT+0700 (Indochina Time)

eth_getTransactionReceipt
net_version
eth_getBlockByNumber
eth_estimateGas
eth_getBlockByNumber
eth_gasPrice
eth_sendTransaction

  Transaction: 0xbbecf4694391521be96803ebe6c501a2e52480a3c23f032e0e587a5e0b5d4317
  Gas usage: 84598
  Block number: 9
  Block time: Thu May 07 2026 22:21:47 GMT+0700 (Indochina Time)

eth_getTransactionReceipt
eth_blockNumber
eth_getBalance
eth_getTransactionByHash
debug_traceTransaction
eth_getTransactionByHash
debug_traceTransaction
eth_getTransactionByHash
debug_traceTransaction
eth_getTransactionByHash
debug_traceTransaction

Received shutdown signal: SIGTERM
Shutting down…
Server has been shut down
