ganache v7.9.2 (@ganache/cli: 0.10.2, @ganache/core: 0.10.2)
Starting RPC server

Available Accounts
==================
(0) 0x8800EeF01636a1C79fe53090f53a6a72AE92896f (1000 ETH)
(1) 0x51741446991079DD6DD996d092F3F1A53E02574f (1000 ETH)
(2) 0x72634865f696E3B15053799C5e92e8A2773e6b52 (1000 ETH)
(3) 0xc79A3cb8Bbb65C978a5c40efa138c589c88b9712 (1000 ETH)
(4) 0x4e2e7D6845d32C2a8d8722FB28F4D22a304590Db (1000 ETH)
(5) 0xf3638fc0A404F6A6Fa1298e47b1E7A98Ffe4a646 (1000 ETH)
(6) 0xEbB5def4E0fb81cdeB5a6a088f736743A7B87058 (1000 ETH)
(7) 0x26b00B2f2f1c782ffaaFbB05dEd498b1Ad0d6fcE (1000 ETH)
(8) 0x2F938B32491E6C5609b77517F2B21E4a672dCc94 (1000 ETH)
(9) 0x4558D81af0600a09C71eA870aBA304641fD65F8a (1000 ETH)

Private Keys
==================
(0) 0xafeb1e187ae7c6fefd08ec807143218c642cd9e965ef715e6d030816eb07ed0d
(1) 0x820c97d175c2dc08015e4cdd3c3ee915deef2b7affa98eee76384d10631bba37
(2) 0x3bd3a1fd10c1b6989928b1d2510ffbeb588fb63ef22ef96c9bf26af869e2fbea
(3) 0xcc8e1ec781877e17161fdb88cb3d066dc7285e72ab1b28427577d6d4eb17c3b8
(4) 0x4aecebaaff7518e18b19182c6596ac43182f46d0570b49a3825b676e72d9865d
(5) 0x3a1a2d3af1fae5a1eeef27a82bb1f1ef3214ab511e62425c48165fb6a985017b
(6) 0xcc4f7ced768c084f06c85398f0eafe46711c5d9fff8f0429718a1f75abfe6468
(7) 0x4fb572984c20ec736ead114a6276a139ee74073fd1383af868b7d0c37f5a138e
(8) 0x2d5e06dadcafacc43c92776ac1e49094de0a67f300b5f66d14482542dfa46ae5
(9) 0x361f44c0659caf0ae3e4278016448251066167a73729f1e70657ab1bf777ab1a

HD Wallet
==================
Mnemonic:      enjoy ocean exotic tide work dance stem vapor real acid meadow pattern
Base HD Path:  m/44'/60'/0'/0/{account_index}

Default Gas Price
==================
2000000000

BlockGas Limit
==================
30000000

Call Gas Limit
==================
50000000

Chain
==================
Hardfork: shanghai
Id:       1337

RPC Listening on 127.0.0.1:8545
web3_clientVersion
eth_blockNumber
net_version
eth_accounts
eth_accounts
eth_blockNumber
net_version
eth_getBlockByNumber
eth_estimateGas
eth_getBlockByNumber
eth_gasPrice
eth_sendTransaction

  Transaction: 0xd33a938531bf92ff033fc52d42d1dcd54c8dbb7d08a84d4a3694903c96f571b4
  Contract created: 0x81c0dfc7bb3348187558d18f49df2818851dfed9
  Gas usage: 1261994
  Block number: 1
  Block time: Fri May 08 2026 01:52:02 GMT+0700 (Indochina Time)

eth_getTransactionReceipt
eth_getCode
eth_getTransactionReceipt
eth_getBlockByNumber
eth_gasPrice
eth_sendTransaction

  Transaction: 0xdb347ab87550fc2f8abb07a54555293b3633e2ff5fb45a03b3d3c8f10f7f1027
  Gas usage: 21055
  Block number: 2
  Block time: Fri May 08 2026 01:52:02 GMT+0700 (Indochina Time)

eth_getTransactionReceipt
net_version
eth_getBlockByNumber
eth_estimateGas
eth_getBlockByNumber
eth_gasPrice
eth_sendTransaction

  Transaction: 0x3f7282e4d1ada8914dda6fffccf5df6d67528767934d0d003a6fc85b395f0bee
  Gas usage: 68747
  Block number: 3
  Block time: Fri May 08 2026 01:52:02 GMT+0700 (Indochina Time)

eth_getTransactionReceipt
eth_blockNumber
eth_getBalance
eth_getTransactionByHash
debug_traceTransaction
eth_getTransactionByHash
debug_traceTransaction
eth_getTransactionByHash
debug_traceTransaction

Received shutdown signal: SIGTERM
Shutting down…
Server has been shut down
