ganache v7.9.2 (@ganache/cli: 0.10.2, @ganache/core: 0.10.2)
Starting RPC server

Available Accounts
==================
(0) 0x4eD55B3F5757558B596C4CbfF9Fa37833b9Fb1c2 (1000 ETH)
(1) 0xFe72FAD31632A7fdf78FBC20C72A8C9ef33BeaD9 (1000 ETH)
(2) 0xEC55D7453D9943c658F08F0E7B46B91F1f214c9D (1000 ETH)
(3) 0x04B8287Be708Ee7E4c820710e731425eadE498a0 (1000 ETH)
(4) 0xee23AefC54520BA981b57bbFbe63A27c991e1ed2 (1000 ETH)
(5) 0x6488e1DA3453219EAc28F636F2D9eb250770d6E6 (1000 ETH)
(6) 0x94dd754aBA651669bFeae65D538654C6F44997E8 (1000 ETH)
(7) 0x9476eF8c43Bc9D2493bC4c8726DeA01b5d644e90 (1000 ETH)
(8) 0x983cC3D4A11867EEB2e16A6d5d7a59113F8A2fB8 (1000 ETH)
(9) 0xc57b17364a94d9A1C35a0530d27A27125D65C468 (1000 ETH)

Private Keys
==================
(0) 0xe6ecffd8cb1b00f73c521a7b319f63d0e309cce8ff892b9d38f71d19b51527cc
(1) 0x7538044107ba7f2395ccb810d802955374ff4090e896507e32a6d6e6a959615b
(2) 0xb09bc8ad2e80fd899eb75d7adb002e7ebd96878c56bc990a4ada1dd15a00e118
(3) 0xf99c31f45df64edff886dd89d2c38a838b7cb84ecc5b0e7bd16feda370058c24
(4) 0xb1b8ec8679d2cafca11938f382946c913fa8c4f5a0f81926df26ba77fc1495c9
(5) 0x01fa8bf5975f530b919050f76c402d383d37e0d60b72addd6d0843987b922b2e
(6) 0x5fa851842b90e7239347ea713fbceab44773b25054849a630da08e90be80376d
(7) 0xfe28201589c01c7e84269f9e4ce0bca4c92e4ffaa8629ec1a3ca94862d368e01
(8) 0x026c5ebd4ff86b3378716685ce4831d947cca0e4540cf8c77b0461f676862867
(9) 0xbe969816e692106d1785b42b794e3cec385f776a5d665665eba61b506ee4f045

HD Wallet
==================
Mnemonic:      ugly debris they clever code extend daring power early bean model stage
Base HD Path:  m/44'/60'/0'/0/{account_index}

Default Gas Price
==================
2000000000

BlockGas Limit
==================
30000000

Call Gas Limit
==================
50000000

Chain
==================
Hardfork: shanghai
Id:       1337

RPC Listening on 127.0.0.1:8545
web3_clientVersion
eth_blockNumber
net_version
eth_accounts
eth_accounts
eth_blockNumber
net_version
eth_getBlockByNumber
eth_estimateGas
eth_getBlockByNumber
eth_gasPrice
eth_sendTransaction

  Transaction: 0x78708c053c20824725f86f0e510612e5eae97eb76a6fef90b35a3d57f101da95
  Contract created: 0x9b52f009718e65b7466d6c4a4bd7f895be0aec18
  Gas usage: 1284906
  Block number: 1
  Block time: Fri May 08 2026 02:18:51 GMT+0700 (Indochina Time)

eth_getTransactionReceipt
eth_getCode
eth_getTransactionReceipt
eth_getBlockByNumber
eth_gasPrice
eth_sendTransaction

  Transaction: 0x9169a52c2e10105ff788dc9994335ba7845b1105fb663bd4b9aad026990b643f
  Gas usage: 21055
  Block number: 2
  Block time: Fri May 08 2026 02:18:51 GMT+0700 (Indochina Time)

eth_getTransactionReceipt
eth_blockNumber
evm_mine
eth_blockNumber
evm_mine
eth_blockNumber
evm_mine
eth_blockNumber
evm_mine
eth_blockNumber
evm_mine
eth_blockNumber
evm_mine
eth_blockNumber
net_version
eth_getBlockByNumber
eth_estimateGas
eth_getBlockByNumber
eth_gasPrice
eth_sendTransaction

  Transaction: 0x369814ca9c9b277bc603f90d42e549e5c4aeddd1ae1a8290da84b050706ead11
  Gas usage: 52947
  Block number: 9
  Block time: Fri May 08 2026 02:18:51 GMT+0700 (Indochina Time)

eth_getTransactionReceipt
net_version
eth_getBlockByNumber
eth_estimateGas
eth_getBlockByNumber
eth_gasPrice
eth_sendTransaction

  Transaction: 0x011698e2dfc05ec9efa7895c71772b4d4325b14decc002ade3541b454f1c2a82
  Gas usage: 77025
  Block number: 10
  Block time: Fri May 08 2026 02:18:51 GMT+0700 (Indochina Time)

eth_getTransactionReceipt
eth_blockNumber
eth_getBalance
eth_getTransactionByHash
debug_traceTransaction
eth_getTransactionByHash
debug_traceTransaction
eth_getTransactionByHash
debug_traceTransaction
eth_getTransactionByHash
debug_traceTransaction

Received shutdown signal: SIGTERM
Shutting down…
Server has been shut down
