ganache v7.9.2 (@ganache/cli: 0.10.2, @ganache/core: 0.10.2)
Starting RPC server

Available Accounts
==================
(0) 0x4fB18E94C591bf3e6D720376E5e975C12b11D0aa (1000 ETH)
(1) 0x56824d88d48F8603eCD9d7930A877118B7493c51 (1000 ETH)
(2) 0x2F4d202eEf7B4b204Fe6F285b7635d90017CD061 (1000 ETH)
(3) 0x2a0AE1B1953b4e1F9F8842AC895f3127De11E59d (1000 ETH)
(4) 0x174B94Bbda0b7d3433A843722ff590D171A6dd94 (1000 ETH)
(5) 0x32CA21e3e5d16702C43FD4e9fcB47D10061aaecF (1000 ETH)
(6) 0x92BCe3884a8D53Ea5311E3E641BB36CF33038005 (1000 ETH)
(7) 0x376B1773D1db1Cf7Dd2cE19cAF2d7269649f0222 (1000 ETH)
(8) 0x50b49FF96B9842701D0FA879882d4372ed6976F7 (1000 ETH)
(9) 0x0657c7cBD47015EF66884C9C1546fca7CBfBB4Bb (1000 ETH)

Private Keys
==================
(0) 0x337f30752b7fb8e052a5dbde598e95bd6475ac3f3a37340353807e848f41d903
(1) 0x3a33b70b009c4d3843cc1903782354fc31b1da8e593546e5febb4db4d6040243
(2) 0x662c1688e7d2cd6e31395d1c427ef237916a0ebcdfa9e6b42f66bada388bd7f7
(3) 0xa7fecb0208696afd2aa26cc9b9aa8ec0265c0d182effee4e728aead25ff13023
(4) 0x4fdedcc1fe6a94756da7fec5902cddb6f7df8390cdc1f3369e6a3a195a4fd858
(5) 0xe8496aabe588b2c35df016238449a88f78680fdd0383e8dd78d5bc7889c6f289
(6) 0xbd219c3165b5b0b3478d3ad1b6ad912e96e31826df809fb4cf69e37b9d029162
(7) 0x646be241b72536d50343b7d69055fc521f4ed20d6b81fe2dcf82ef8854ba286f
(8) 0x11b5203221c493bf4fc31cc2079478e6d3238451cc0b2a7150a277c9f3a80af2
(9) 0x14544fb37d4e175df0a085288ed4ae5d88fdad6bc7bca428acc3c5d386ae4466

HD Wallet
==================
Mnemonic:      bicycle obscure lava anger catch often prison post chair west winter toss
Base HD Path:  m/44'/60'/0'/0/{account_index}

Default Gas Price
==================
2000000000

BlockGas Limit
==================
30000000

Call Gas Limit
==================
50000000

Chain
==================
Hardfork: shanghai
Id:       1337

RPC Listening on 127.0.0.1:8545
web3_clientVersion
eth_blockNumber
net_version
eth_accounts
eth_accounts
eth_blockNumber
net_version
eth_getBlockByNumber
eth_estimateGas
eth_getBlockByNumber
eth_gasPrice
eth_sendTransaction

  Transaction: 0x7af3f71cb94868494a9f59ad4f3197ac641f088d5f9d70823236c15b2614d823
  Contract created: 0x93ca5c6f392361b8a10c1be89e9a82afce0cd5ab
  Gas usage: 1123899
  Block number: 1
  Block time: Thu May 07 2026 20:37:15 GMT+0700 (Indochina Time)

eth_getTransactionReceipt
eth_getCode
eth_getTransactionReceipt
eth_getBlockByNumber
eth_gasPrice
eth_sendTransaction

  Transaction: 0xf36bf8e92f0475521959dcf21e02cd5212e59a4685303e1a0dcb518d600735ab
  Gas usage: 21055
  Block number: 2
  Block time: Thu May 07 2026 20:37:15 GMT+0700 (Indochina Time)

eth_getTransactionReceipt
net_version
eth_getBlockByNumber
eth_estimateGas
eth_getBlockByNumber
eth_gasPrice
eth_sendTransaction

  Transaction: 0x4bbf11d89dcbae0253cd255fa58a227de88ef6b00531a36ae07b3d99e237239c
  Gas usage: 68747
  Block number: 3
  Block time: Thu May 07 2026 20:37:15 GMT+0700 (Indochina Time)

eth_getTransactionReceipt
eth_blockNumber
eth_getBalance
eth_getTransactionByHash
debug_traceTransaction
eth_getTransactionByHash
debug_traceTransaction
eth_getTransactionByHash
debug_traceTransaction

Received shutdown signal: SIGTERM
Shutting down…
Server has been shut down
