COMMAND: python3 experiments/scale_trace/scripts/trace_result_json.py /home/aothuatgiadp/blockchain/project/CTLC-Implementation/experiments/scale_trace/runs/random_v1_91/C-_A_evm_fund_ca_CTLCOnly_worst_claim/result.json /home/aothuatgiadp/blockchain/project/CTLC-Implementation/experiments/scale_trace/runs/random_v1_91/C-_A_evm_fund_ca_CTLCOnly_worst_claim/trace.json
STATUS: 0

STDOUT:
{
  "graph_id": "",
  "pair": "C->A|evm|fund:ca",
  "contract": "CTLCOnly",
  "scenario": "worst_claim",
  "contractAddress": "0x6279B09243464c5954bebb3217c869c39535bFb4",
  "traces": {
    "deploy": {
      "tx_hash": "0x47cbc7a07ee996339efe6e86ac927042669e27e9a7a3488768942d4369609380",
      "actual_calldata_bytes": 7091,
      "actual_sstore_count": 8,
      "actual_call_count": 0,
      "opcode_steps": 1286
    },
    "fund": {
      "tx_hash": "0x04dfe5c468e6d858064b7c0c4ce3e08e3ade9d33b4ff7162db1702a2f8d7cacf",
      "actual_calldata_bytes": 0,
      "actual_sstore_count": 0,
      "actual_call_count": 0,
      "opcode_steps": 13
    },
    "claim_level0": {
      "tx_hash": "0x0b40e1b8c5fe895ecba5fca525d29d145096b4f9c22048013e7a97471289c29e",
      "actual_calldata_bytes": 196,
      "actual_sstore_count": 1,
      "actual_call_count": 1,
      "opcode_steps": 793
    }
  }
}


STDERR:

