ganache v7.9.2 (@ganache/cli: 0.10.2, @ganache/core: 0.10.2)
Starting RPC server
web3_clientVersion

Available Accounts
==================
(0) 0xb2d9F6acf74f9796df06f3604877a53573b7d9Ac (1000 ETH)
(1) 0x6Dc82F87d43d87c3B234Cc445A06D44Aa996dcEA (1000 ETH)
(2) 0x8c49B30B6183b2A4c6664c056c5911fAb0C75bD7 (1000 ETH)
(3) 0x6D12B12b3184e9788542F6c74759760E528D3815 (1000 ETH)
(4) 0x25F10E7ee4C74385db94545D9967EEE6339EDC92 (1000 ETH)
(5) 0xBB77ae3917eC1bbE1e75411Bb14414eF6207dc8a (1000 ETH)
(6) 0x018bFA6E62ab97b2cd0E6d3C7c94a914930430C4 (1000 ETH)
(7) 0x98a7ecc047ACB174dfe4cbfA5A255D9901f1bF2c (1000 ETH)
(8) 0x651474ECFB87DE9ea2d6858451558e2D283C050f (1000 ETH)
(9) 0x0a03DB36523D2C137033D56aE095b7cCb3D6e85b (1000 ETH)

Private Keys
==================
(0) 0x08d3a23c635b5b5acb860c5472c3308034b33f982dcb116342b49866887b30b6
(1) 0x7359779f485612330c42622cddcfc03c6327beb8ff5bbe5c1a1129cc2b71c342
(2) 0xf41095546963ec4123f46e5c60bafaf63108a688115eab9e3a2087b3335de099
(3) 0xf58d03fdbd37442812986b435febfafdd59bb3497b1eda15e337026555e7498f
(4) 0x30c3e189620813249a948ca06ddb8e9bbebdef8246cb55794790be059c5d390c
(5) 0xde497066abed71c6469c65c619f323539876fdff85f45037c9e9822083434459
(6) 0x968f94ba69024b93f05b64671bd06e3b68384b62299650907e3cc26b8f586512
(7) 0xe298926332cf03cbeb6df3e39e5e4a300d1f217b3d0683c5886745d3bdf3830f
(8) 0x5cc84dcbe1e43c6b763a5dd820223eefc3d1d3db41ae3632637947060d61dce0
(9) 0x75b8d4bbbe111e8b12c0b1e3455c314d56e18f29d4e93c64c7bad03071ca5191

HD Wallet
==================
Mnemonic:      acquire over biology inhale piece emotion maximum color faculty zoo join pear
Base HD Path:  m/44'/60'/0'/0/{account_index}

Default Gas Price
==================
2000000000

BlockGas Limit
==================
30000000

Call Gas Limit
==================
50000000

Chain
==================
Hardfork: shanghai
Id:       1337

RPC Listening on 127.0.0.1:8545
eth_blockNumber
net_version
eth_accounts
eth_accounts
eth_blockNumber
net_version
eth_getBlockByNumber
eth_estimateGas
eth_getBlockByNumber
eth_gasPrice
eth_sendTransaction

  Transaction: 0x9324911366c7310a132dee01f20c798876bdfc42d401d5b3d0ce41391306a838
  Contract created: 0xe64cb668fa592bcaaf0477eb625e80384a0522bd
  Gas usage: 1654046
  Block number: 1
  Block time: Thu May 07 2026 22:07:24 GMT+0700 (Indochina Time)

eth_getTransactionReceipt
eth_getCode
eth_getTransactionReceipt
eth_getBlockByNumber
eth_gasPrice
eth_sendTransaction

  Transaction: 0x52e416c731958cfe10ca8d8fe9d1f9a93abbd0bf584b72e55ca4e61280161e97
  Gas usage: 21055
  Block number: 2
  Block time: Thu May 07 2026 22:07:24 GMT+0700 (Indochina Time)

eth_getTransactionReceipt
eth_blockNumber
evm_mine
eth_blockNumber
evm_mine
eth_blockNumber
evm_mine
eth_blockNumber
evm_mine
eth_blockNumber
evm_mine
eth_blockNumber
evm_mine
eth_blockNumber
net_version
eth_getBlockByNumber
eth_estimateGas
eth_getBlockByNumber
eth_gasPrice
eth_sendTransaction

  Transaction: 0x622d47d41fbf1b5bf506f4f4ec939369400144ae48f4e1d8494a51ae69ea0b10
  Gas usage: 52925
  Block number: 9
  Block time: Thu May 07 2026 22:07:24 GMT+0700 (Indochina Time)

eth_getTransactionReceipt
net_version
eth_getBlockByNumber
eth_estimateGas
eth_getBlockByNumber
eth_gasPrice
eth_sendTransaction

  Transaction: 0x18f1c6af0fb3f02e6bccdb656353430fe2fcc2019d25915afb55db9ffe55862d
  Gas usage: 80279
  Block number: 10
  Block time: Thu May 07 2026 22:07:24 GMT+0700 (Indochina Time)

eth_getTransactionReceipt
eth_blockNumber
eth_getBalance
eth_getTransactionByHash
debug_traceTransaction
eth_getTransactionByHash
debug_traceTransaction
eth_getTransactionByHash
debug_traceTransaction
eth_getTransactionByHash
debug_traceTransaction

Received shutdown signal: SIGTERM
Shutting down…
Server has been shut down
