ganache v7.9.2 (@ganache/cli: 0.10.2, @ganache/core: 0.10.2)
Starting RPC server

Available Accounts
==================
(0) 0x9dA810876C61Fa0F6a9C88Fc2eb4fe3c2d57108D (1000 ETH)
(1) 0x33bdA7fB272f531eeF4C313DaeA83bbAC056259b (1000 ETH)
(2) 0x0B3e877Db72803b5512cC0916fd5b3292c273f46 (1000 ETH)
(3) 0xd69eC6aaA3920DAaEAd24063B7A57822b086D5c5 (1000 ETH)
(4) 0x6f23e67d3058864b61eA92aD959545D1170adc57 (1000 ETH)
(5) 0x88a74f363743DDDb58B804f381344e17DA6A410a (1000 ETH)
(6) 0xFBB4eC471786e8b75D136D622bCF54368edA3341 (1000 ETH)
(7) 0x34d0d3B134640b6FD98A19d006593Dfea31FaD78 (1000 ETH)
(8) 0xf1CFB58182740E0Af9d166902274Bd1d1d405ff1 (1000 ETH)
(9) 0xaD4882DD03d8Ab9f72c5F0Ba309A0231e3aa773a (1000 ETH)

Private Keys
==================
(0) 0x34a4a7788440d9c557749ca7b403370cd66fc67cf32687ae4198cc614ac19419
(1) 0xd5c104d9ba07d13f68f5405bcbc3df1729bd6d959f8c211d3ef83d366f853cfc
(2) 0xec770f4375e709a69adf58e3be27063afd08f6862a82cf47243a3e0af5799701
(3) 0xfddff728bebef4fc4c627ac310f5be5cff827d95dd924c9d0fb75c9d5b7711df
(4) 0x7ac1bbd43a9a331fa1665f7b3de96545803f87972bbd56db141f457b3ef7c885
(5) 0x02e3fd92981f2e0aa8ea3f57c216fe05f07053b63d3768565eece1b23c8a91af
(6) 0x5b099da9e54d9e7f3aad8ae8415a0838ba2d05c038e70b24735660f17ed4a0af
(7) 0xcbe377c0c668bf1c09f8975ecef449371cd78f2148f7692c05b04a57eb50db2d
(8) 0xb8fcfa8b0dae6ead70ecfe997a821aa84b54c77d9935ea34b1813d69477b1586
(9) 0x77b5168c226339d5d3fc242f9311f5d9cc48e617d7451f8f4b173bd78a5a3bd9

HD Wallet
==================
Mnemonic:      portion adapt maple weapon cake vocal waste ten body talent below stage
Base HD Path:  m/44'/60'/0'/0/{account_index}

Default Gas Price
==================
2000000000

BlockGas Limit
==================
30000000

Call Gas Limit
==================
50000000

Chain
==================
Hardfork: shanghai
Id:       1337

RPC Listening on 127.0.0.1:8545
web3_clientVersion
eth_blockNumber
net_version
eth_accounts
eth_accounts
eth_blockNumber
net_version
eth_getBlockByNumber
eth_estimateGas
eth_getBlockByNumber
eth_gasPrice
eth_sendTransaction

  Transaction: 0x755caaccb9f39c1c737014b193083f0735f6d3e20e6156626f045a440c37da25
  Contract created: 0x19f4240e74d67b8be19a24aa0e3bdac6850b0f2c
  Gas usage: 1239082
  Block number: 1
  Block time: Fri May 08 2026 02:21:31 GMT+0700 (Indochina Time)

eth_getTransactionReceipt
eth_getCode
eth_getTransactionReceipt
eth_getBlockByNumber
eth_gasPrice
eth_sendTransaction

  Transaction: 0x6677b1884a5dab62cbc4b58040c71429381a0fc16bfc46626767082bad6d232b
  Gas usage: 21055
  Block number: 2
  Block time: Fri May 08 2026 02:21:31 GMT+0700 (Indochina Time)

eth_getTransactionReceipt
eth_blockNumber
evm_mine
eth_blockNumber
evm_mine
eth_blockNumber
evm_mine
eth_blockNumber
evm_mine
eth_blockNumber
evm_mine
eth_blockNumber
net_version
eth_getBlockByNumber
eth_estimateGas
eth_getBlockByNumber
eth_gasPrice
eth_sendTransaction

  Transaction: 0x73a1f9ede011e0e161733866c95878e7ad5c44029563807c4ff2f95ff2c9f904
  Gas usage: 52947
  Block number: 8
  Block time: Fri May 08 2026 02:21:31 GMT+0700 (Indochina Time)

eth_getTransactionReceipt
net_version
eth_getBlockByNumber
eth_estimateGas
eth_getBlockByNumber
eth_gasPrice
eth_sendTransaction

  Transaction: 0x9a464c8b612b2febaa76a4de1d7164d1c2df5b8f9c95e1f9a7b7c75a3bb3e7cd
  Gas usage: 72886
  Block number: 9
  Block time: Fri May 08 2026 02:21:31 GMT+0700 (Indochina Time)

eth_getTransactionReceipt
eth_blockNumber
eth_getBalance
eth_getTransactionByHash
debug_traceTransaction
eth_getTransactionByHash
debug_traceTransaction
eth_getTransactionByHash
debug_traceTransaction
eth_getTransactionByHash
debug_traceTransaction

Received shutdown signal: SIGTERM
Shutting down…
Server has been shut down
