ganache v7.9.2 (@ganache/cli: 0.10.2, @ganache/core: 0.10.2)
Starting RPC server

Available Accounts
==================
(0) 0x05E343fD6c0e664bC94dd68742CBA91950Bc859e (1000 ETH)
(1) 0xc15cDD226c3Cf131720A7C114b14DF35F226a3BB (1000 ETH)
(2) 0xff5540b88631D4672E904Dc80b032cc3ddD3A5c7 (1000 ETH)
(3) 0x8A1226956D36dE5D71c56980013037f2842459DB (1000 ETH)
(4) 0x46341A52edCd7cCf4042A1295924E025558E76dc (1000 ETH)
(5) 0xd3FFfc76Cfd44bA759dBDA3088f4c640F86Ea3B6 (1000 ETH)
(6) 0xdCC95FD04E636309e900e137a954f036997639d8 (1000 ETH)
(7) 0x520942512b7A2140B413b8740069b36b2838Dab2 (1000 ETH)
(8) 0xD1B275806A86b6C9eCa12d2c5B0C64cf796C9304 (1000 ETH)
(9) 0xBAB7E1deE57dcd5C0Bb30707136E5122B5dDa13F (1000 ETH)

Private Keys
==================
(0) 0x81d36c7f286eeb0baeb9dbd0937c4668f7a8b826f3042e986cf6d4a26289f12b
(1) 0xab283ec7273f837ff4353fa9a69a63d229caf3281884b3190b6c128ca3f165eb
(2) 0x82f5ac7f9b48a13da93c6604b0c72a91cfca41dd54ae49fe5559e57adaf264cb
(3) 0x77a2a7e4dfdecd583d4d34cce8316de9204b05ff4114c17341bcd7627df3fc82
(4) 0x10c55dc4f1e6d17bd1abed05b8b1d957654e58b343c74d4a6c120620fb35cff7
(5) 0x3460336b82a1c99a8d6c857802686a9731249b8876c924394aa7b1a56d6b21b1
(6) 0x6afbe0bf50ce8d5cca8113fc39701f4564b939460b99e5bf57404412a13ce17c
(7) 0x68edcfdd6b062378876171955a95a4aae9837d5316f6c58cf19979b7a94bcb56
(8) 0xc2088002472271da49317563924b9564a21bebbebe14e190bdbbdf77dcfe8c93
(9) 0x619b9834aee4b98037a443f80e5f1ac3bde6477f0db45745b122b96c39cff5bf

HD Wallet
==================
Mnemonic:      neither kitchen defy battle drill immense valid destroy shine display fan total
Base HD Path:  m/44'/60'/0'/0/{account_index}

Default Gas Price
==================
2000000000

BlockGas Limit
==================
30000000

Call Gas Limit
==================
50000000

Chain
==================
Hardfork: shanghai
Id:       1337

RPC Listening on 127.0.0.1:8545
web3_clientVersion
eth_blockNumber
net_version
eth_accounts
eth_accounts
eth_blockNumber
net_version
eth_getBlockByNumber
eth_estimateGas
eth_getBlockByNumber
eth_gasPrice
eth_sendTransaction

  Transaction: 0x66b1f443d14846c7e38ef9cf6eaa51ad1197c7142997233976facca9bf18223c
  Contract created: 0x87867cbac68a74c5a060f9700b85c2a9e0c2176e
  Gas usage: 1100987
  Block number: 1
  Block time: Fri May 08 2026 03:32:49 GMT+0700 (Indochina Time)

eth_getTransactionReceipt
eth_getCode
eth_getTransactionReceipt
eth_getBlockByNumber
eth_gasPrice
eth_sendTransaction

  Transaction: 0x77e60e25b1a18c9227d91d2edcd169d025eaf44670db148758ceb4eec772eaad
  Gas usage: 21055
  Block number: 2
  Block time: Fri May 08 2026 03:32:49 GMT+0700 (Indochina Time)

eth_getTransactionReceipt
eth_blockNumber
evm_mine
eth_blockNumber
evm_mine
eth_blockNumber
evm_mine
eth_blockNumber
evm_mine
eth_blockNumber
net_version
eth_getBlockByNumber
eth_estimateGas
eth_getBlockByNumber
eth_gasPrice
eth_sendTransaction

  Transaction: 0x2943d53c816910f5cdbff0c32b70222f0b02c17b27434dddfe55458bcb7e1ca4
  Gas usage: 59561
  Block number: 7
  Block time: Fri May 08 2026 03:32:49 GMT+0700 (Indochina Time)

eth_getTransactionReceipt
eth_blockNumber
eth_getBalance
eth_getTransactionByHash
debug_traceTransaction
eth_getTransactionByHash
debug_traceTransaction
eth_getTransactionByHash
debug_traceTransaction

Received shutdown signal: SIGTERM
Shutting down…
Server has been shut down
