ganache v7.9.2 (@ganache/cli: 0.10.2, @ganache/core: 0.10.2)
Starting RPC server

Available Accounts
==================
(0) 0xb435174513b8673489886abecEFB1b8A825EB75A (1000 ETH)
(1) 0xeD88C2A764B373918Fa59aBFdfd2703097509feF (1000 ETH)
(2) 0x37aAB599973AF1571f59b7689CB2e997412Bd308 (1000 ETH)
(3) 0xB155cf8939E08D042aAd394182Da9001c82Ab9bD (1000 ETH)
(4) 0xD1B71d9Aa463d0C2c29A65fcD2E0a7f234909A15 (1000 ETH)
(5) 0x18478DCAFBFD8a364f5fdd5DA8754cAf1b4ceBe7 (1000 ETH)
(6) 0x228a813e4ce49aB11D5fe5E4131084De1CDf1487 (1000 ETH)
(7) 0x145d1477f28f17Ecc6cB852Bc9F8FB1007d30458 (1000 ETH)
(8) 0xDFC980FcC17e20af3A46bDB5DbcAf76Ad2E93500 (1000 ETH)
(9) 0x32F1475222AC8c0C9021c87233Ec85C721aa014F (1000 ETH)

Private Keys
==================
(0) 0xc268e84e838eb9b46957e8f5c139a0195e13a2b9bfeeecc4e43cbb06a02302c4
(1) 0x2a4fc34dc990d8917aac3073c470e56764acdbb9d7af81287ed18303f15211c8
(2) 0x5f064171486667ff063d61d3fae764c3526a26c23026b54955e41583fe29c3f2
(3) 0xd12efd7d3d9c6b6975e8d4973a5c2b57ad641b73176c52cb83047131a72f3ab6
(4) 0x3f99086d08c40941b73264d89c0f76ea2717c2e531ebeb88ebca247730c1acf1
(5) 0x50d9116fb1925147d867f948d4eff401d83b0f61cf68ae0e5e3f38d03b81d1fc
(6) 0x84b045b7d4046812492b65985f9fcede72bbb09d64542c4ccc3b64fe834343c5
(7) 0x4b7ec7437e6392c3e22eb113b61be13b56d3bdc6f70a99c24bf2852b2d87818e
(8) 0xbd24801e7dac5751f3dd18f4fff3765af2fd10fbad03f6c043ed55a643df3986
(9) 0x2252e09b295accc4715291665a44f51d4366fa57d8ce42618ad1c777484e8e0b

HD Wallet
==================
Mnemonic:      adjust fly rally caution mystery clean idea high guitar grass butter toe
Base HD Path:  m/44'/60'/0'/0/{account_index}

Default Gas Price
==================
2000000000

BlockGas Limit
==================
30000000

Call Gas Limit
==================
50000000

Chain
==================
Hardfork: shanghai
Id:       1337

RPC Listening on 127.0.0.1:8545
web3_clientVersion
eth_blockNumber
net_version
eth_accounts
eth_accounts
eth_blockNumber
net_version
eth_getBlockByNumber
eth_estimateGas
eth_getBlockByNumber
eth_gasPrice
eth_sendTransaction

  Transaction: 0x4b5c18a2393a0387d9b0b5720d39486f5555e28f74d2ab26adbe2c7c24648eae
  Contract created: 0xc39dc07a577af82f35a1768fcb72fc76cee02b71
  Gas usage: 1285274
  Block number: 1
  Block time: Thu May 07 2026 22:02:34 GMT+0700 (Indochina Time)

eth_getTransactionReceipt
eth_getCode
eth_getTransactionReceipt
eth_getBlockByNumber
eth_gasPrice
eth_sendTransaction

  Transaction: 0x64f023690a862b44ef1db0bdbc611018e7a6bc788400778a877d27f3f3345867
  Gas usage: 21055
  Block number: 2
  Block time: Thu May 07 2026 22:02:34 GMT+0700 (Indochina Time)

eth_getTransactionReceipt
net_version
eth_getBlockByNumber
eth_estimateGas
eth_getBlockByNumber
eth_gasPrice
eth_sendTransaction

  Transaction: 0x4d6eaefb84634fab4dda725dc298539b1a2969c8ba98bce37b0d773eae7a679b
  Gas usage: 75948
  Block number: 3
  Block time: Thu May 07 2026 22:02:34 GMT+0700 (Indochina Time)

eth_getTransactionReceipt
eth_blockNumber
eth_getBalance
eth_getTransactionByHash
debug_traceTransaction
eth_getTransactionByHash
debug_traceTransaction
eth_getTransactionByHash
debug_traceTransaction

Received shutdown signal: SIGTERM
Shutting down…
Server has been shut down
