Using network 'development'.

{
  "ok": true,
  "graph_id": "",
  "pair": "D->E|evm|fund:de",
  "pairKey": "D->E|evm|fund:de",
  "contract": "CTLCOnly",
  "scenario": "worst_claim",
  "deployGas": "0x12e81e",
  "gasUsed": "125833",
  "disableGasUsed": "52947",
  "claimGasUsed": "72886",
  "refundGasUsed": "",
  "contractAddress": "0x324A2BfCB36cAe09e90a1BE11D39A1dbbCB02A7C",
  "startBlock": "0",
  "endBlock": "9",
  "finalContractBalanceWei": "0",
  "deployer": "0xDC7bd38d2DFE46a5eE53D78d8eF1C1B4d3070549",
  "party": "0xb5b1e54Ad3629a004f0635B7f7fEd5D9412688f1",
  "counterparty": "0x7dC55c6c7660130176E4f49990c2B6240477baB7",
  "fundingWei": "1000000000000000000",
  "timelocks": [
    7,
    8
  ],
  "transactions": [
    {
      "role": "deploy",
      "txHash": "0xa7187b8a6e547f77c464640aca678a1b2dcd63734785a739d6b3c45557c4b40e"
    },
    {
      "role": "fund",
      "txHash": "0xfab162fd55727c0afb45f227de36590523e35c2571373537cd6bd882af8f278a"
    },
    {
      "role": "disable",
      "txHash": "0x1c6980442ea51ebc69fb9370f011c0157f498dcb5cca1e72ebe35684fac81cb3",
      "level": 0
    },
    {
      "role": "claim",
      "txHash": "0x90ea5a16f0014d470538d92b67d5e556f1c05cd014615ed658c078ffd2376ded",
      "level": 1,
      "option": 0
    }
  ],
  "txRoles": [
    {
      "role": "deploy",
      "txHash": "0xa7187b8a6e547f77c464640aca678a1b2dcd63734785a739d6b3c45557c4b40e"
    },
    {
      "role": "fund",
      "txHash": "0xfab162fd55727c0afb45f227de36590523e35c2571373537cd6bd882af8f278a"
    },
    {
      "role": "disable",
      "txHash": "0x1c6980442ea51ebc69fb9370f011c0157f498dcb5cca1e72ebe35684fac81cb3",
      "level": 0
    },
    {
      "role": "claim",
      "txHash": "0x90ea5a16f0014d470538d92b67d5e556f1c05cd014615ed658c078ffd2376ded",
      "level": 1,
      "option": 0
    }
  ],
  "deployTxHash": "0xa7187b8a6e547f77c464640aca678a1b2dcd63734785a739d6b3c45557c4b40e",
  "fundTxHash": "0xfab162fd55727c0afb45f227de36590523e35c2571373537cd6bd882af8f278a",
  "disableTxHashes": [
    "0x1c6980442ea51ebc69fb9370f011c0157f498dcb5cca1e72ebe35684fac81cb3"
  ],
  "disableTxHash": "0x1c6980442ea51ebc69fb9370f011c0157f498dcb5cca1e72ebe35684fac81cb3",
  "disableTx": "0x1c6980442ea51ebc69fb9370f011c0157f498dcb5cca1e72ebe35684fac81cb3",
  "claimTxHash": "0x90ea5a16f0014d470538d92b67d5e556f1c05cd014615ed658c078ffd2376ded",
  "txHash": "0x90ea5a16f0014d470538d92b67d5e556f1c05cd014615ed658c078ffd2376ded",
  "tx": "0x90ea5a16f0014d470538d92b67d5e556f1c05cd014615ed658c078ffd2376ded"
}
