ganache v7.9.2 (@ganache/cli: 0.10.2, @ganache/core: 0.10.2)
Starting RPC server

Available Accounts
==================
(0) 0x9d8C00Bc5De6496ECDcf64455CA28bDE6d6F446C (1000 ETH)
(1) 0xa76449f0D61B1801eF25C43605Af20A05C0B07E4 (1000 ETH)
(2) 0x382c37D4CbCA4c26b45aa24EAF0f334E14b5F90d (1000 ETH)
(3) 0x783e70B1eb7C807813daC0cde102b22eD5d5c842 (1000 ETH)
(4) 0xdE0e803301404c39D97537C10FBB8B661c8dbdAd (1000 ETH)
(5) 0xe7b350F10AC7B85EE37D7A74ed6aFbB7C3111e38 (1000 ETH)
(6) 0xF0D6371cC6D5fE30868c533caB9eb60d6BBf9E51 (1000 ETH)
(7) 0x76361EDFd5c629C541aEf734fe24Acd8f836c440 (1000 ETH)
(8) 0x03E4078860e00f97Dec65255B9B9d893fe90a030 (1000 ETH)
(9) 0x94986E5127168F5C38c9180A794d07F579F6B4E2 (1000 ETH)

Private Keys
==================
(0) 0x5245511e1ced5a1bd7d34be72377e34797178364cc6f3edbbf78889bc1d1abea
(1) 0xc7ab71e2363b1cc1309e6d08ce7bd5d6d89375689edfffa86f3309a0bf679927
(2) 0xee076a433e7f0f5b13347e62a8f502132029d5be38bbf16d04bdcf815ce281ee
(3) 0xa54f46c19603cfbbefd02b9bb90e8d2a3f9888a0b51a4a1423580ec158c0dd37
(4) 0xef548a315543322eda8088d05bb50f1b966182d32881f26fc37e477e3145d11d
(5) 0xf3ebd149f3410839d0385d93090b21311d5eea008e16843f8076c53c7c23c6e8
(6) 0xce2c775605dfdbebfc0d4a263e1651e1d5ab8b52ffbdeaec17c0ea36015a5b3a
(7) 0x414dec0485188b69c22399794e09459000975186263f7fcd21113430c0f5808d
(8) 0xe46daed2164ecf9fcb5f06f2b4507ca49361916e7e754dd2b15807a3562aac2c
(9) 0x0dd134749b503e7c28113ae84eaa5f3cb7db48ec8c8609213fc4dffc6a065661

HD Wallet
==================
Mnemonic:      palm team kiss abstract patch family play range divert merge sentence oblige
Base HD Path:  m/44'/60'/0'/0/{account_index}

Default Gas Price
==================
2000000000

BlockGas Limit
==================
30000000

Call Gas Limit
==================
50000000

Chain
==================
Hardfork: shanghai
Id:       1337

RPC Listening on 127.0.0.1:8545
web3_clientVersion
eth_blockNumber
net_version
eth_accounts
eth_accounts
eth_blockNumber
net_version
eth_getBlockByNumber
eth_estimateGas
eth_getBlockByNumber
eth_gasPrice
eth_sendTransaction

  Transaction: 0xc08ed63c6f256c2d75f06333e0534045d39eca2514d2ee2c3a09b9fb695f9ce7
  Contract created: 0xc4979b08f756f14d458f0d7e5032b3592b3dbe86
  Gas usage: 1123899
  Block number: 1
  Block time: Fri May 08 2026 01:35:04 GMT+0700 (Indochina Time)

eth_getTransactionReceipt
eth_getCode
eth_getTransactionReceipt
eth_getBlockByNumber
eth_gasPrice
eth_sendTransaction

  Transaction: 0x20325efa2ab99eea5341e2e314b5ee771b28bff97665cbed52afc4ccc329b59b
  Gas usage: 21055
  Block number: 2
  Block time: Fri May 08 2026 01:35:04 GMT+0700 (Indochina Time)

eth_getTransactionReceipt
net_version
eth_getBlockByNumber
eth_estimateGas
eth_getBlockByNumber
eth_gasPrice
eth_sendTransaction

  Transaction: 0x5ff277a22c5b890e3c0c520818b8a1564af7dd8bfac8a2953d87c4efbbff5a60
  Gas usage: 68747
  Block number: 3
  Block time: Fri May 08 2026 01:35:05 GMT+0700 (Indochina Time)

eth_getTransactionReceipt
eth_blockNumber
eth_getBalance
eth_getTransactionByHash
debug_traceTransaction
eth_getTransactionByHash
debug_traceTransaction
eth_getTransactionByHash
debug_traceTransaction

Received shutdown signal: SIGTERM
Shutting down…
Server has been shut down
