Using network 'development'.

{
  "ok": true,
  "graph_id": "",
  "pair": "B->C|evm|fund:bc",
  "pairKey": "B->C|evm|fund:bc",
  "contract": "CTLCOnly",
  "scenario": "best_claim",
  "deployGas": "0x13f49e",
  "gasUsed": "72874",
  "disableGasUsed": "",
  "claimGasUsed": "72874",
  "refundGasUsed": "",
  "contractAddress": "0x6d89E14bAA3E45e8f76Ea5Ef312Cf00d3014d4fF",
  "startBlock": "0",
  "endBlock": "3",
  "finalContractBalanceWei": "0",
  "deployer": "0xA2b7AD840a10cF612CFF6985e1243D7e092ACAC9",
  "party": "0xc2F734661579de6CE7382C54ba0c305d6e2f6ae1",
  "counterparty": "0xb9DD59322D7e536a4538ad3Df069D1BAAfE82461",
  "fundingWei": "1000000000000000000",
  "timelocks": [
    8,
    10
  ],
  "transactions": [
    {
      "role": "deploy",
      "txHash": "0xb803a5ebac0395730935080d28a8d41afca456812c477e34f040a4038fabf214"
    },
    {
      "role": "fund",
      "txHash": "0x2195ef14496fb6ec33e7663f10138f88863114e9aa938746e155b03109ead795"
    },
    {
      "role": "claim",
      "txHash": "0xc1331af4ba8bc658b641f9e3eed42ab2628286f81c030f6b8e2d7e6f3f7697ca",
      "level": 0,
      "option": 0
    }
  ],
  "txRoles": [
    {
      "role": "deploy",
      "txHash": "0xb803a5ebac0395730935080d28a8d41afca456812c477e34f040a4038fabf214"
    },
    {
      "role": "fund",
      "txHash": "0x2195ef14496fb6ec33e7663f10138f88863114e9aa938746e155b03109ead795"
    },
    {
      "role": "claim",
      "txHash": "0xc1331af4ba8bc658b641f9e3eed42ab2628286f81c030f6b8e2d7e6f3f7697ca",
      "level": 0,
      "option": 0
    }
  ],
  "deployTxHash": "0xb803a5ebac0395730935080d28a8d41afca456812c477e34f040a4038fabf214",
  "fundTxHash": "0x2195ef14496fb6ec33e7663f10138f88863114e9aa938746e155b03109ead795",
  "claimTxHash": "0xc1331af4ba8bc658b641f9e3eed42ab2628286f81c030f6b8e2d7e6f3f7697ca",
  "txHash": "0xc1331af4ba8bc658b641f9e3eed42ab2628286f81c030f6b8e2d7e6f3f7697ca",
  "tx": "0xc1331af4ba8bc658b641f9e3eed42ab2628286f81c030f6b8e2d7e6f3f7697ca"
}
