ganache v7.9.2 (@ganache/cli: 0.10.2, @ganache/core: 0.10.2)
Starting RPC server

Available Accounts
==================
(0) 0xA2b7AD840a10cF612CFF6985e1243D7e092ACAC9 (1000 ETH)
(1) 0x850bA10b1C69f9f893E2BF8D4d5f38CCC2B9FB51 (1000 ETH)
(2) 0xc2F734661579de6CE7382C54ba0c305d6e2f6ae1 (1000 ETH)
(3) 0xb9DD59322D7e536a4538ad3Df069D1BAAfE82461 (1000 ETH)
(4) 0x6621Da85655464ce13D592f42010Fb5a39675D31 (1000 ETH)
(5) 0x40613CE8B4b5D0fBC159DE3e6DEA87b5D73Eb32A (1000 ETH)
(6) 0x563EAa4D072C014591a52FA711A76e4110fd479a (1000 ETH)
(7) 0x299D1b64a05851B81e966B3Fd0EaF7D021ccE1aF (1000 ETH)
(8) 0x7535AE24a3Fc60B526431E056e81bF48467e7426 (1000 ETH)
(9) 0x6d90677a43B9646A3e1C22C0B746D252D24006Bc (1000 ETH)

Private Keys
==================
(0) 0x85eac1cdb2e77062434d13a248792d55f9e6bc88fac62c96aa3d8a6b16ffefdc
(1) 0x08856daf324cf4b4f2f7d22866a45f6e8aaa0a1ca52519f8d5513c8972038c72
(2) 0x976b9016fc82ebe90bb773203ea83422dc4ffb281f054cb635e4b59834737cfa
(3) 0x520f1185c9a3071db1df1df78e87ff297aa903775ba1ab95a5a30fc98714cadf
(4) 0xe4e55e450d3030262e2fed30d08f7422c85b5e9b65b0a5ef319701c12d38f8dd
(5) 0x01a164cc605f5b3d25504087862181d344eb8f85a57613be3bd872ae86c0bd20
(6) 0x4ebb5d228467f1003ca48eb260bebc31a4f06d9aa070c043238cdb9b22258b45
(7) 0x9afbc74f82c60aa98178bd4caa216742d131a0363a2e80b7cad53acde59cf864
(8) 0x0793b6c1994b58bd70037ccaa6666a8603f2b762b86a60064d01a8b83bca19d8
(9) 0xf88b96f24517c3837989182dd8c3b240b54dd2e8e1a8dbb2a7f81b20337aea8a

HD Wallet
==================
Mnemonic:      sauce jazz rescue lyrics address middle ask shoe body into escape deputy
Base HD Path:  m/44'/60'/0'/0/{account_index}

Default Gas Price
==================
2000000000

BlockGas Limit
==================
30000000

Call Gas Limit
==================
50000000

Chain
==================
Hardfork: shanghai
Id:       1337

RPC Listening on 127.0.0.1:8545
web3_clientVersion
eth_blockNumber
net_version
eth_accounts
eth_accounts
eth_blockNumber
net_version
eth_getBlockByNumber
eth_estimateGas
eth_getBlockByNumber
eth_gasPrice
eth_sendTransaction

  Transaction: 0xb803a5ebac0395730935080d28a8d41afca456812c477e34f040a4038fabf214
  Contract created: 0x6d89e14baa3e45e8f76ea5ef312cf00d3014d4ff
  Gas usage: 1307806
  Block number: 1
  Block time: Fri May 08 2026 03:27:55 GMT+0700 (Indochina Time)

eth_getTransactionReceipt
eth_getCode
eth_getTransactionReceipt
eth_getBlockByNumber
eth_gasPrice
eth_sendTransaction

  Transaction: 0x2195ef14496fb6ec33e7663f10138f88863114e9aa938746e155b03109ead795
  Gas usage: 21055
  Block number: 2
  Block time: Fri May 08 2026 03:27:56 GMT+0700 (Indochina Time)

eth_getTransactionReceipt
net_version
eth_getBlockByNumber
eth_estimateGas
eth_getBlockByNumber
eth_gasPrice
eth_sendTransaction

  Transaction: 0xc1331af4ba8bc658b641f9e3eed42ab2628286f81c030f6b8e2d7e6f3f7697ca
  Gas usage: 72874
  Block number: 3
  Block time: Fri May 08 2026 03:27:56 GMT+0700 (Indochina Time)

eth_getTransactionReceipt
eth_blockNumber
eth_getBalance
eth_getTransactionByHash
debug_traceTransaction
eth_getTransactionByHash
debug_traceTransaction
eth_getTransactionByHash
debug_traceTransaction

Received shutdown signal: SIGTERM
Shutting down…
Server has been shut down
