ganache v7.9.2 (@ganache/cli: 0.10.2, @ganache/core: 0.10.2)
Starting RPC server
web3_clientVersion

Available Accounts
==================
(0) 0xdba685675Bc739C89536caEfFD31992D05AA7011 (1000 ETH)
(1) 0xE62cBF5D3A9268411F8460fDeab09089cD52edFF (1000 ETH)
(2) 0x6483d3800c067adb8fE17c6f2ECEA1f9fc1088d1 (1000 ETH)
(3) 0x6a588AC0199Af6A2EbC32ce19A7C36677791850a (1000 ETH)
(4) 0xE6EF190B0e36cC901aCa34f44A8BB209cDB82373 (1000 ETH)
(5) 0xD4b5618acc01a1F8521387FB5eE37d92D754B3Ad (1000 ETH)
(6) 0x05E3f31C1e7A99CfAc222EB9D98660Fa720BC25c (1000 ETH)
(7) 0x91FdBa3f4c14bfEb8e3c62a841649d868a364d8E (1000 ETH)
(8) 0xc2e37cBA9A3A8C0E6cA08FDbdf4a6d5b3D643704 (1000 ETH)
(9) 0x7d265B232c61878bD54840fEbEBC1aB5652Cf899 (1000 ETH)

Private Keys
==================
(0) 0x0061250e20e106729bfac423829281de72594cffa12c4215df5679accae49366
(1) 0x8f7373958e395a435e1ad312a653ef3a5dcca0f7de981b307985ed260307e634
(2) 0xec1202302f3ef4c8cd7f04361cdb83b8d175f3fd90c8b5cd21f246c673736b31
(3) 0x859d41d3e267344061fcab090874e077fb1a659e7689b9a06443c65e2e6ed4be
(4) 0x6e643d77376cc865f92de34eff71a13354e668971a64f78af5bf771848114c55
(5) 0x4d08536e14a6db380f77d9f290e7751a8e081d6ff7a14a5a508ab61985e0f39b
(6) 0xe7902fb4baa63cb264676ea47281302dcaa18fafb86726f62f2200808694f8dc
(7) 0x9f8b3a4f99f80f046dbf2ec6c5e9387ea11146535ff664b013f364104d0e459c
(8) 0x6e70ffb8e68fbe72821712845bbb4395e97db5d59da4d3a07edeb975424bcd41
(9) 0x088831f924912c0e758064b116c273e043b40bd962e53d75dae0e7809b724672

HD Wallet
==================
Mnemonic:      group material slide exhaust garlic moment amazing attend knock repeat wide unfold
Base HD Path:  m/44'/60'/0'/0/{account_index}

Default Gas Price
==================
2000000000

BlockGas Limit
==================
30000000

Call Gas Limit
==================
50000000

Chain
==================
Hardfork: shanghai
Id:       1337

RPC Listening on 127.0.0.1:8545
eth_blockNumber
net_version
eth_accounts
eth_accounts
eth_blockNumber
net_version
eth_getBlockByNumber
eth_estimateGas
eth_getBlockByNumber
eth_gasPrice
eth_sendTransaction

  Transaction: 0x93ec124474e2ffbdc5525ce6ea4a49557e88c2ac0341209fbc4a6b3a052835dc
  Contract created: 0x9f43cd3f583596371e620ed7680b340600eb33f6
  Gas usage: 1239462
  Block number: 1
  Block time: Thu May 07 2026 22:10:33 GMT+0700 (Indochina Time)

eth_getTransactionReceipt
eth_getCode
eth_getTransactionReceipt
eth_getBlockByNumber
eth_gasPrice
eth_sendTransaction

  Transaction: 0xe09c569b15621c2055e927e5413400c2110912ad27d5e679a5a2be898449dd3c
  Gas usage: 21055
  Block number: 2
  Block time: Thu May 07 2026 22:10:33 GMT+0700 (Indochina Time)

eth_getTransactionReceipt
net_version
eth_getBlockByNumber
eth_estimateGas
eth_getBlockByNumber
eth_gasPrice
eth_sendTransaction

  Transaction: 0x62f28bcc395bafeb04aa64a84665d3a7b31e57dfcca883c7495f6c524e6afeec
  Gas usage: 71641
  Block number: 3
  Block time: Thu May 07 2026 22:10:33 GMT+0700 (Indochina Time)

eth_getTransactionReceipt
eth_blockNumber
eth_getBalance
eth_getTransactionByHash
debug_traceTransaction
eth_getTransactionByHash
debug_traceTransaction
eth_getTransactionByHash
debug_traceTransaction

Received shutdown signal: SIGTERM
Shutting down…
Server has been shut down
