ganache v7.9.2 (@ganache/cli: 0.10.2, @ganache/core: 0.10.2)
Starting RPC server

Available Accounts
==================
(0) 0xf6A494d907998eC332F67bBaF30ab8037A5d395C (1000 ETH)
(1) 0xF901cb41C937dc8162C7EE2658Fa81A35dF8EA62 (1000 ETH)
(2) 0xE74918ea7589D089647734538bd6e85bf601903a (1000 ETH)
(3) 0xA629AE5d5B3b793977dc6a15618FF56B06cAc342 (1000 ETH)
(4) 0x95D0620323e7Dcfe66ab9422a12ABd6bb3Bfb9B7 (1000 ETH)
(5) 0xe29F98E6873a165BcA7Dc78f6F3F233e08b057e9 (1000 ETH)
(6) 0x6A4D0D3448702B9F4e2C3D600b70538B66f4D97E (1000 ETH)
(7) 0xEaa639fE001e8A82DdFed8Ec9b2a21f50DDA5e47 (1000 ETH)
(8) 0x9A365C7172c0339A069b7db140Ff00e60E9D833D (1000 ETH)
(9) 0x0d42C3975706102753e6911Ad10d6f9388c68F65 (1000 ETH)

Private Keys
==================
(0) 0xe16a30ee258f93e33dd5e0ec257d809d22f1e7c37437a1c6b7dd1e4b2d4dc2e1
(1) 0xdb9d483af74751cb42c9b311a3be4af927d3549deb2b5b8a5791b0825f9cda5d
(2) 0xba9de688254d050c29ec3105a34f747df8735a6801936a1dbf37bdb4466f65a7
(3) 0x61877692dc0e10dbd1ee797757a5403057375a6cb4e83dd4cf0c413f1f14b9d2
(4) 0xd39bd4ec489eb8713a70018926754aed531bf0b12b1b5465ad7279e70eed959d
(5) 0x799994b9e8a289168a5d37f9b5e2f58ffd5240fdbf3912c8b45c580203a8d3c3
(6) 0xa65f59c8ccf8ddc2839dd0be7154368a85d12d0062f13aa2a19318a17373d1d4
(7) 0x27b520f2c4a2d84ee9491167f3c5c891c8780334b1b0ee51cfb326dca431a093
(8) 0x3dba5b8fbe6a41a444f2dcac1b2b6ab5f0789707606ab85db13c4b9151916fbe
(9) 0x724d4b59ed453bc26538cab5bce74e5179a14e74c91c19d1189bf5f2c06d9788

HD Wallet
==================
Mnemonic:      inspire conduct cable alter tone burden danger code dove syrup lab vivid
Base HD Path:  m/44'/60'/0'/0/{account_index}

Default Gas Price
==================
2000000000

BlockGas Limit
==================
30000000

Call Gas Limit
==================
50000000

Chain
==================
Hardfork: shanghai
Id:       1337

RPC Listening on 127.0.0.1:8545
web3_clientVersion
eth_blockNumber
net_version
eth_accounts
eth_accounts
eth_blockNumber
net_version
eth_getBlockByNumber
eth_estimateGas
eth_getBlockByNumber
eth_gasPrice
eth_sendTransaction

  Transaction: 0x3e774c97d99334c6cb8635dcbda08feb9ed6b7d129c2b1e1f832c3fa5f86af25
  Contract created: 0x6eadd8032257538d66c569b3100673fe24cd7e0b
  Gas usage: 1562502
  Block number: 1
  Block time: Thu May 07 2026 23:59:45 GMT+0700 (Indochina Time)

eth_getTransactionReceipt
eth_getCode
eth_getTransactionReceipt
eth_getBlockByNumber
eth_gasPrice
eth_sendTransaction

  Transaction: 0x29bf9a0db47eedfc922fb3aa2d7aa2a5303f1e140b4ec74340dd12d7c4d31607
  Gas usage: 21055
  Block number: 2
  Block time: Thu May 07 2026 23:59:45 GMT+0700 (Indochina Time)

eth_getTransactionReceipt
eth_blockNumber
evm_mine
eth_blockNumber
evm_mine
eth_blockNumber
evm_mine
eth_blockNumber
evm_mine
eth_blockNumber
evm_mine
eth_blockNumber
net_version
eth_getBlockByNumber
eth_estimateGas
eth_getBlockByNumber
eth_gasPrice
eth_sendTransaction

  Transaction: 0x80f57f00c6031e7304745334748a332cab72fc969792ff9503b2a6a0b8394e18
  Gas usage: 52925
  Block number: 8
  Block time: Thu May 07 2026 23:59:45 GMT+0700 (Indochina Time)

eth_getTransactionReceipt
eth_blockNumber
net_version
eth_getBlockByNumber
eth_estimateGas
eth_getBlockByNumber
eth_gasPrice
eth_sendTransaction

  Transaction: 0x19824560b57b9e5b2c6164a1a0189f9c582401c59488b871b88aac364dac415e
  Gas usage: 35837
  Block number: 9
  Block time: Thu May 07 2026 23:59:46 GMT+0700 (Indochina Time)

eth_getTransactionReceipt
eth_blockNumber
net_version
eth_getBlockByNumber
eth_estimateGas
eth_getBlockByNumber
eth_gasPrice
eth_sendTransaction

  Transaction: 0xd923d32eea69e92fcdd9654c9d91e0971bd760f66e9f1711a1814bf7c736ca20
  Gas usage: 59539
  Block number: 10
  Block time: Thu May 07 2026 23:59:46 GMT+0700 (Indochina Time)

eth_getTransactionReceipt
eth_blockNumber
eth_getBalance
eth_getTransactionByHash
debug_traceTransaction
eth_getTransactionByHash
debug_traceTransaction
eth_getTransactionByHash
debug_traceTransaction
eth_getTransactionByHash
debug_traceTransaction
eth_getTransactionByHash
debug_traceTransaction

Received shutdown signal: SIGTERM
Shutting down…
Server has been shut down
