ganache v7.9.2 (@ganache/cli: 0.10.2, @ganache/core: 0.10.2)
Starting RPC server

Available Accounts
==================
(0) 0xD6251E48f923E823891307bD58988c8306a52859 (1000 ETH)
(1) 0xFF1d0C9C8721C80A9C3BDD3Bf238362715A9987a (1000 ETH)
(2) 0xB641a72ee6cA5fA4BA15f4378C336758154f4811 (1000 ETH)
(3) 0x959D4EeCb2107C6F6326ACf375b54D04289257C6 (1000 ETH)
(4) 0x6feF5813A4A9EE0f0449961f957453d19a703034 (1000 ETH)
(5) 0xB4021949e6B26A39093e4A09A8254e2cf6CE0aB6 (1000 ETH)
(6) 0x82a51f63998D19D76E72396F77e0711107C28E05 (1000 ETH)
(7) 0x7d6740090A03eBb05aa6b1fe999BFCd97f35654c (1000 ETH)
(8) 0x224B16d6bc8682dA56476e2d7817d7cCe9E9d503 (1000 ETH)
(9) 0x93E1E8777611C57FF0B9cb021E871033B55a308b (1000 ETH)

Private Keys
==================
(0) 0xeefabb4f60312b0d46d20250ea592fb757136a12b4f00c9d94e6b2456f9d675c
(1) 0x5506aa3cf742e6dffc49cf03796671fa268c9336c4028caab10f96703b21fa60
(2) 0x3256340daec3897d3bc34489fdb75e4da1aa2fed4ff5d7124a42dc7eb868b084
(3) 0xa688047c2a369b9cc63ea2e2adb0723d6763c6af42f79e319b35804606229bf0
(4) 0xb75506b8f22dde2335578ce5d12366fa6e738bc4a270a2bbb48752634b0d62fd
(5) 0xbf9019b592fe6d02687bbe3fb713e942916ed90d1a9ff4f0d2c51bea899fbab1
(6) 0x534dfadb0a9f4ecfba133318dcc35e90025c4c38820494d29ba5b0fd4f8124cf
(7) 0x69ebf12024f2051a971419d5a15145a9672e69009a71376a071f097d5a324134
(8) 0xd12a2d99975a72f9d6c71fc0c2e03d6e02e17e0920e76b02b3b09b128fddb36b
(9) 0x2fc204b5fd4c3f6b5aed821948c7a5c916427e87de17999bfe7d926065ad0154

HD Wallet
==================
Mnemonic:      energy twin able equip east gym during equip lunar can can prize
Base HD Path:  m/44'/60'/0'/0/{account_index}

Default Gas Price
==================
2000000000

BlockGas Limit
==================
30000000

Call Gas Limit
==================
50000000

Chain
==================
Hardfork: shanghai
Id:       1337

RPC Listening on 127.0.0.1:8545
web3_clientVersion
eth_blockNumber
net_version
eth_accounts
eth_accounts
eth_blockNumber
net_version
eth_getBlockByNumber
eth_estimateGas
eth_getBlockByNumber
eth_gasPrice
eth_sendTransaction

  Transaction: 0xb3d0bc37cb456fcabd0c7d7d0396de907fd9b6066159e57614b19ca82c7498da
  Contract created: 0xd020a02431bd5856926c63472f748bde9898afde
  Gas usage: 1169723
  Block number: 1
  Block time: Thu May 07 2026 21:24:02 GMT+0700 (Indochina Time)

eth_getTransactionReceipt
eth_getCode
eth_getTransactionReceipt
eth_getBlockByNumber
eth_gasPrice
eth_sendTransaction

  Transaction: 0x87aea43c4a68055fab77fee4138bfffc4cab5c983f3f028cfa2eb9e5fbe69d88
  Gas usage: 21055
  Block number: 2
  Block time: Thu May 07 2026 21:24:02 GMT+0700 (Indochina Time)

eth_getTransactionReceipt
net_version
eth_getBlockByNumber
eth_estimateGas
eth_getBlockByNumber
eth_gasPrice
eth_sendTransaction

  Transaction: 0x8734c6b5205cf1edf30ce45d93e2c9cea976608082503ff9d88b6b02555ac248
  Gas usage: 77013
  Block number: 3
  Block time: Thu May 07 2026 21:24:02 GMT+0700 (Indochina Time)

eth_getTransactionReceipt
eth_blockNumber
eth_getBalance
eth_getTransactionByHash
debug_traceTransaction
eth_getTransactionByHash
debug_traceTransaction
eth_getTransactionByHash
debug_traceTransaction

Received shutdown signal: SIGTERM
Shutting down…
Server has been shut down
