ganache v7.9.2 (@ganache/cli: 0.10.2, @ganache/core: 0.10.2)
Starting RPC server

Available Accounts
==================
(0) 0xb5f3aE0cB9E5190005D8B101778A1d5e9EBe887c (1000 ETH)
(1) 0x5AF31F1A5CFdB7eAD4DF7dfc66Db4bD2913b5ffd (1000 ETH)
(2) 0x6451f617E8d5ce9290d8d80e899a67DA88CA4094 (1000 ETH)
(3) 0x2787D3E1611D34549312Eeada65E240A6e576bE6 (1000 ETH)
(4) 0xd3A6d50374E656631793f5b9cC30155debddc21e (1000 ETH)
(5) 0x24dFC146f5351A43fD31Ffeb25fF6804296984c6 (1000 ETH)
(6) 0xC72a2049643C0f511EA0cc0A745dfc6A90839a42 (1000 ETH)
(7) 0x817e66b7C2E6a0a21a2B111229510517453141ab (1000 ETH)
(8) 0x42643e5e37374d49D53Cb0A944B21cc2f793d7A8 (1000 ETH)
(9) 0xF08E8435C755e4FFBCEACab00B3c7075D7876802 (1000 ETH)

Private Keys
==================
(0) 0x200c70e1b2eef3ceee31039406bea7e032ec065924787de480fff2b53e00a26e
(1) 0x8c9f5e221f1b75d946e6e4bb81a69a8e9faacb7028686d6043f52e81721698bc
(2) 0xf9a4df2e79fd9671640112d733a37a9094eb9a661e007d04da78366bb0e287ec
(3) 0x1bbcee3196264f3cb7f957e797ce55b260423834457a82d555d739f29d3ef1c4
(4) 0x828a60a6475578afb415d87dcb25d724d8da3301b1d5e3b87faa9fb8cea7bb87
(5) 0x5d1ee5d81ad83518f6d0e3348e19a040b233012aec9290c3bdbaaa41c19920db
(6) 0x4ce5167a4e31e75077ec8a2b1a8cbcc6a2f8a5d2473b778836af72b3b19b6815
(7) 0xa9e92fb8859f5a45dc6b244420f68bde7a66c4eda3a04cd5df9a8c63e7cb1719
(8) 0xc9e71ca733a1321fec82805204a56663da73dbecfbe3426cba45c61414d5a2fc
(9) 0xb682e83b35a1c322321ac849dd52ff4234c07182e32c5473ef997f9407941c07

HD Wallet
==================
Mnemonic:      sketch question festival come problem august hawk pluck satoshi tank actor cancel
Base HD Path:  m/44'/60'/0'/0/{account_index}

Default Gas Price
==================
2000000000

BlockGas Limit
==================
30000000

Call Gas Limit
==================
50000000

Chain
==================
Hardfork: shanghai
Id:       1337

RPC Listening on 127.0.0.1:8545
web3_clientVersion
eth_blockNumber
net_version
eth_accounts
eth_accounts
eth_blockNumber
net_version
eth_getBlockByNumber
eth_estimateGas
eth_getBlockByNumber
eth_gasPrice
eth_sendTransaction

  Transaction: 0xf7783ce42d28c157b2506ad48c4636a2e4ee14bde66466a5e043696b0dd2500d
  Contract created: 0x3d91f2ae4deb4ada586e95aa73b96ef8b6202ad9
  Gas usage: 1100987
  Block number: 1
  Block time: Fri May 08 2026 02:40:38 GMT+0700 (Indochina Time)

eth_getTransactionReceipt
eth_getCode
eth_getTransactionReceipt
eth_getBlockByNumber
eth_gasPrice
eth_sendTransaction

  Transaction: 0x8a8e43f2561b8ad1df7ae03a25da118d8ccd853f50edcbff169a30e967f7156b
  Gas usage: 21055
  Block number: 2
  Block time: Fri May 08 2026 02:40:38 GMT+0700 (Indochina Time)

eth_getTransactionReceipt
eth_blockNumber
evm_mine
eth_blockNumber
evm_mine
eth_blockNumber
evm_mine
eth_blockNumber
evm_mine
eth_blockNumber
net_version
eth_getBlockByNumber
eth_estimateGas
eth_getBlockByNumber
eth_gasPrice
eth_sendTransaction

  Transaction: 0xd780f47237c050bd6e1b1315c97f1c4d2f737c7fcef17b1659eb666c8cd37972
  Gas usage: 59561
  Block number: 7
  Block time: Fri May 08 2026 02:40:38 GMT+0700 (Indochina Time)

eth_getTransactionReceipt
eth_blockNumber
eth_getBalance
eth_getTransactionByHash
debug_traceTransaction
eth_getTransactionByHash
debug_traceTransaction
eth_getTransactionByHash
debug_traceTransaction

Received shutdown signal: SIGTERM
Shutting down…
Server has been shut down
