ganache v7.9.2 (@ganache/cli: 0.10.2, @ganache/core: 0.10.2)
Starting RPC server

Available Accounts
==================
(0) 0x1d38aA4C22E574593AbC1d4E0FdeDF9f296d9d54 (1000 ETH)
(1) 0xD7A6573233026603301C5904bC326C7ADe83e0f9 (1000 ETH)
(2) 0xAB2fd52064398D11D21D5E549a2690a6dB1Ef5Ca (1000 ETH)
(3) 0x88130BDd558b689F0AF35B38A6925DBA12be7852 (1000 ETH)
(4) 0xFa920c681aecAF28934E80ADd3E965c682264f0e (1000 ETH)
(5) 0x6DBB95786f5FdAa8A3F67Ce4872423f746e70020 (1000 ETH)
(6) 0xeED6fA3A4de7649BD0Af8aB3f63aaF4c96122F41 (1000 ETH)
(7) 0x044D3E0946584b9BcB06549332D9A3036Cfb0963 (1000 ETH)
(8) 0x71Fed6498B320Defe78B11C39bef03d77Ec5F5B2 (1000 ETH)
(9) 0xd10d756756745DC0B9719E71dB65A5b10CC245ad (1000 ETH)

Private Keys
==================
(0) 0x692f8842c2f0a1cc700384bb2188778794cee58fd9be2f914df9e7dfd6b9929d
(1) 0x896566d76077f9f489e66d4052bfb7d8c2cf204fb290d8193ab0da491ab2d9b6
(2) 0x1bec446c85e65596934a5f4b79255c8398b89feb4d9379ad6626b5c8c21a4e7d
(3) 0x84470a4126a6d33db5d36ddbe1e71782d70c2adf9d2a137f72ba114585a59b46
(4) 0xb89ea05f7a6e02ce49f15a408524ed6ef5466444ee234b646db616161e9c8863
(5) 0x9f3d125faf5334a840cebaab3c7e3ce86d43453271b2421d7014daa208413ab4
(6) 0x6a96617ca07c1a438b24bf468b94a9d2a284314dc73e1c338f0b948b012a2cf2
(7) 0x546c0acb542cfe1bfd94e2927829fe7cd5e3092a627e344fc334bed4c01b54ba
(8) 0xc548e9d8502d2ac5ef3141125460da559df436b1adb9056b0fa74df1828710e7
(9) 0xfad06f7df7cbc0754c2f8fd6c23fae1fd1b19fd131c08b69c64d554e05087598

HD Wallet
==================
Mnemonic:      prison captain exotic unveil shallow artwork sting elder mountain health make dice
Base HD Path:  m/44'/60'/0'/0/{account_index}

Default Gas Price
==================
2000000000

BlockGas Limit
==================
30000000

Call Gas Limit
==================
50000000

Chain
==================
Hardfork: shanghai
Id:       1337

RPC Listening on 127.0.0.1:8545
web3_clientVersion
eth_blockNumber
net_version
eth_accounts
eth_accounts
eth_blockNumber
net_version
eth_getBlockByNumber
eth_estimateGas
eth_getBlockByNumber
eth_gasPrice
eth_sendTransaction

  Transaction: 0xd0ae1735b6274c5fbe2220a92314d2eda2f059931535ebe919c75d8ed281fcc1
  Contract created: 0x1fab3cafa43797ca219f7d008fafdcfd28214ea9
  Gas usage: 1100987
  Block number: 1
  Block time: Thu May 07 2026 23:59:27 GMT+0700 (Indochina Time)

eth_getTransactionReceipt
eth_getCode
eth_getTransactionReceipt
eth_getBlockByNumber
eth_gasPrice
eth_sendTransaction

  Transaction: 0xed1be8b1137f34fca05ecb8c9cbc668c23357fa05787909d15c5813feec4220e
  Gas usage: 21055
  Block number: 2
  Block time: Thu May 07 2026 23:59:27 GMT+0700 (Indochina Time)

eth_getTransactionReceipt
eth_blockNumber
evm_mine
eth_blockNumber
evm_mine
eth_blockNumber
evm_mine
eth_blockNumber
evm_mine
eth_blockNumber
net_version
eth_getBlockByNumber
eth_estimateGas
eth_getBlockByNumber
eth_gasPrice
eth_sendTransaction

  Transaction: 0x741dbafe284c505f2150ce3f772248db8ab9e70527bbbc721550270a6df8bbda
  Gas usage: 59561
  Block number: 7
  Block time: Thu May 07 2026 23:59:27 GMT+0700 (Indochina Time)

eth_getTransactionReceipt
eth_blockNumber
eth_getBalance
eth_getTransactionByHash
debug_traceTransaction
eth_getTransactionByHash
debug_traceTransaction
eth_getTransactionByHash
debug_traceTransaction

Received shutdown signal: SIGTERM
Shutting down…
Server has been shut down
