COMMAND: python3 experiments/scale_trace/scripts/trace_result_json.py /home/aothuatgiadp/blockchain/project/CTLC-Implementation/experiments/scale_trace/runs/random_v1_146/B-_C_evm_fund_bc_CTLCOnly_refund/result.json /home/aothuatgiadp/blockchain/project/CTLC-Implementation/experiments/scale_trace/runs/random_v1_146/B-_C_evm_fund_bc_CTLCOnly_refund/trace.json
STATUS: 0

STDOUT:
{
  "graph_id": "",
  "pair": "B->C|evm|fund:bc",
  "contract": "CTLCOnly",
  "scenario": "refund",
  "contractAddress": "0xFfa155C2bA09b57745d64b303b575163CAb91eC6",
  "traces": {
    "deploy": {
      "tx_hash": "0xc710264ae18cfffbaba39f3166f09c8d208e6eb4b1855cd941b0614ee16411d9",
      "actual_calldata_bytes": 7379,
      "actual_sstore_count": 16,
      "actual_call_count": 0,
      "opcode_steps": 2352
    },
    "fund": {
      "tx_hash": "0xd032f434e6353e301bd04adbf20bec698f97836278741357907479c5dc1615e5",
      "actual_calldata_bytes": 0,
      "actual_sstore_count": 0,
      "actual_call_count": 0,
      "opcode_steps": 13
    },
    "disable_level0": {
      "tx_hash": "0x0077443fb7c4dba3b71e7a9c4270166f87b54455bef4d69c8fdd822f62321a2f",
      "actual_calldata_bytes": 36,
      "actual_sstore_count": 1,
      "actual_call_count": 0,
      "opcode_steps": 305
    },
    "refund_level1": {
      "tx_hash": "0xd38184dada5ed51a9f7ce15fa70fc4e5dbd8e1bb0eaef21134bbdc4838e01b6f",
      "actual_calldata_bytes": 4,
      "actual_sstore_count": 1,
      "actual_call_count": 1,
      "opcode_steps": 229
    }
  }
}


STDERR:

