Using network 'development'.

{
  "ok": true,
  "graph_id": "",
  "pair": "C->D|evm|fund:cd",
  "pairKey": "C->D|evm|fund:cd",
  "contract": "CTLCOnly",
  "scenario": "worst_claim",
  "deployGas": "0x139b1e",
  "gasUsed": "129972",
  "disableGasUsed": "52947",
  "claimGasUsed": "77025",
  "refundGasUsed": "",
  "contractAddress": "0x66AE3a3548E735272285e0F7CF91b4537896F6cB",
  "startBlock": "0",
  "endBlock": "10",
  "finalContractBalanceWei": "0",
  "deployer": "0xf6f5a656Fb941758ad66b4890D53A1362b971bCF",
  "party": "0xf57e5205Fb1dAC716AbCED1B0Bc80bDaF7103743",
  "counterparty": "0x17D4C8B2c247Db3022792F712d00fAe6c7991a25",
  "fundingWei": "1000000000000000000",
  "timelocks": [
    8,
    9
  ],
  "transactions": [
    {
      "role": "deploy",
      "txHash": "0x321f7dd336ec4c6cd9702ef4cda2d3c4fd9381299e1ed4cf7ea45146b3c3c258"
    },
    {
      "role": "fund",
      "txHash": "0x6b0938f8c5b49315420a50b8576084eb2426219d86f93f31c33eb746e9427e53"
    },
    {
      "role": "disable",
      "txHash": "0x61c4933754973cf8d0f2fb6a33ab36fb180bd36163154ad32ee32fd3f5f9bdde",
      "level": 0
    },
    {
      "role": "claim",
      "txHash": "0xa9d3fdf329b94ad036ea6a5fd51a635c5c0419d3c03da297d548e0f481cc9bd2",
      "level": 1,
      "option": 0
    }
  ],
  "txRoles": [
    {
      "role": "deploy",
      "txHash": "0x321f7dd336ec4c6cd9702ef4cda2d3c4fd9381299e1ed4cf7ea45146b3c3c258"
    },
    {
      "role": "fund",
      "txHash": "0x6b0938f8c5b49315420a50b8576084eb2426219d86f93f31c33eb746e9427e53"
    },
    {
      "role": "disable",
      "txHash": "0x61c4933754973cf8d0f2fb6a33ab36fb180bd36163154ad32ee32fd3f5f9bdde",
      "level": 0
    },
    {
      "role": "claim",
      "txHash": "0xa9d3fdf329b94ad036ea6a5fd51a635c5c0419d3c03da297d548e0f481cc9bd2",
      "level": 1,
      "option": 0
    }
  ],
  "deployTxHash": "0x321f7dd336ec4c6cd9702ef4cda2d3c4fd9381299e1ed4cf7ea45146b3c3c258",
  "fundTxHash": "0x6b0938f8c5b49315420a50b8576084eb2426219d86f93f31c33eb746e9427e53",
  "disableTxHashes": [
    "0x61c4933754973cf8d0f2fb6a33ab36fb180bd36163154ad32ee32fd3f5f9bdde"
  ],
  "disableTxHash": "0x61c4933754973cf8d0f2fb6a33ab36fb180bd36163154ad32ee32fd3f5f9bdde",
  "disableTx": "0x61c4933754973cf8d0f2fb6a33ab36fb180bd36163154ad32ee32fd3f5f9bdde",
  "claimTxHash": "0xa9d3fdf329b94ad036ea6a5fd51a635c5c0419d3c03da297d548e0f481cc9bd2",
  "txHash": "0xa9d3fdf329b94ad036ea6a5fd51a635c5c0419d3c03da297d548e0f481cc9bd2",
  "tx": "0xa9d3fdf329b94ad036ea6a5fd51a635c5c0419d3c03da297d548e0f481cc9bd2"
}
