Using network 'development'.

{
  "ok": true,
  "graph_id": "",
  "pair": "D->F|evm|fund:df",
  "pairKey": "D->F|evm|fund:df",
  "contract": "CTLCOnly",
  "scenario": "worst_claim",
  "deployGas": "0x11263b",
  "gasUsed": "68747",
  "disableGasUsed": "0",
  "claimGasUsed": "68747",
  "refundGasUsed": "",
  "contractAddress": "0xc6D22d30d005266222Fcf14F4136208017F3Da36",
  "startBlock": "0",
  "endBlock": "3",
  "finalContractBalanceWei": "0",
  "deployer": "0x588358c408d6E17267e25ac4a9c1A92dA0866c84",
  "party": "0x73efe44E4b6B256dD64F1B0f3F983b365aDfD469",
  "counterparty": "0xa5bF9bb3746C0215477909E23FbdbFd1d6D83179",
  "fundingWei": "1000000000000000000",
  "timelocks": [
    7
  ],
  "transactions": [
    {
      "role": "deploy",
      "txHash": "0x8b7f4c9067d4bcba0b41e83076ef381f3cdc3c4e6a58b9e187d7b87613c1685d"
    },
    {
      "role": "fund",
      "txHash": "0x2a0dd7df2f6414a02b0fb0f73845d01ffdc240ae13b5b2bf58d0862b9cb0aeb7"
    },
    {
      "role": "claim",
      "txHash": "0xbead723c13000a90c66c44998f00893a3127949f8d88be97041601dbdb6c5084",
      "level": 0,
      "option": 0
    }
  ],
  "txRoles": [
    {
      "role": "deploy",
      "txHash": "0x8b7f4c9067d4bcba0b41e83076ef381f3cdc3c4e6a58b9e187d7b87613c1685d"
    },
    {
      "role": "fund",
      "txHash": "0x2a0dd7df2f6414a02b0fb0f73845d01ffdc240ae13b5b2bf58d0862b9cb0aeb7"
    },
    {
      "role": "claim",
      "txHash": "0xbead723c13000a90c66c44998f00893a3127949f8d88be97041601dbdb6c5084",
      "level": 0,
      "option": 0
    }
  ],
  "deployTxHash": "0x8b7f4c9067d4bcba0b41e83076ef381f3cdc3c4e6a58b9e187d7b87613c1685d",
  "fundTxHash": "0x2a0dd7df2f6414a02b0fb0f73845d01ffdc240ae13b5b2bf58d0862b9cb0aeb7",
  "claimTxHash": "0xbead723c13000a90c66c44998f00893a3127949f8d88be97041601dbdb6c5084",
  "txHash": "0xbead723c13000a90c66c44998f00893a3127949f8d88be97041601dbdb6c5084",
  "tx": "0xbead723c13000a90c66c44998f00893a3127949f8d88be97041601dbdb6c5084"
}
