COMMAND: python3 experiments/scale_trace/scripts/trace_result_json.py /home/aothuatgiadp/blockchain/project/CTLC-Implementation/experiments/scale_trace/runs/random_v1_48/C-_D_evm_fund_cd_CTLCMultipleEdges_best_claim/result.json /home/aothuatgiadp/blockchain/project/CTLC-Implementation/experiments/scale_trace/runs/random_v1_48/C-_D_evm_fund_cd_CTLCMultipleEdges_best_claim/trace.json
STATUS: 0

STDOUT:
{
  "graph_id": "",
  "pair": "C->D|evm|fund:cd",
  "contract": "CTLCMultipleEdges",
  "scenario": "best_claim",
  "contractAddress": "0xbc7001FBf9417044B61C4902cB434B256fD63e64",
  "traces": {
    "deploy": {
      "tx_hash": "0xfd94d9a83d904c979c48115d00e4c025ccfabddf16270e3086beb2987766e9cb",
      "actual_calldata_bytes": 8713,
      "actual_sstore_count": 37,
      "actual_call_count": 0,
      "opcode_steps": 5140
    },
    "fund": {
      "tx_hash": "0x9cac6791a38fb1c7ef846a7f222947f9a03e46a88a90f5970bb61a3d6792c928",
      "actual_calldata_bytes": 0,
      "actual_sstore_count": 0,
      "actual_call_count": 0,
      "opcode_steps": 13
    },
    "claim_level0": {
      "tx_hash": "0xeb52135b3bf902e9127bf772f56cfd774103b97d7612eddc048db6e9eb490feb",
      "actual_calldata_bytes": 516,
      "actual_sstore_count": 1,
      "actual_call_count": 1,
      "opcode_steps": 1953
    }
  }
}


STDERR:

