Using network 'development'.

{
  "ok": true,
  "graph_id": "",
  "pair": "B->C|evm|fund:bc",
  "pairKey": "B->C|evm|fund:bc",
  "contract": "CTLCMultipleEdges",
  "scenario": "best_claim",
  "deployGas": "0x161384",
  "gasUsed": "71641",
  "disableGasUsed": "",
  "claimGasUsed": "71641",
  "refundGasUsed": "",
  "contractAddress": "0xe2D77bb748Ce55978A21460b5601b9DB4D755e6c",
  "startBlock": "0",
  "endBlock": "3",
  "finalContractBalanceWei": "0",
  "deployer": "0xF0ceDB5A4937513CFb3d5DefE6Ef7d7d8f2a0295",
  "party": "0xFd7f109Cde7488777b8062eF201e76C196a2bCCc",
  "counterparty": "0x2A6a13d3b1e0832BABD689AAa5c6A33DFfC0a79F",
  "fundingWei": "1000000000000000000",
  "timelocks": [
    7,
    9
  ],
  "transactions": [
    {
      "role": "deploy",
      "txHash": "0x3b1da19fa43ea0ea6d7eff997c1db55e6c658c908e60c34690f856a9d7f87ead"
    },
    {
      "role": "fund",
      "txHash": "0x4240bb59fd1628a5a1f3e9a8123a95309607cd3be86e02d58b17c34459ca1b32"
    },
    {
      "role": "claim",
      "txHash": "0x185f3fdb7d56357f210f9072ffcc324bd8e4c82de638d2705ebe8e01452c275c",
      "level": 0,
      "option": 0
    }
  ],
  "txRoles": [
    {
      "role": "deploy",
      "txHash": "0x3b1da19fa43ea0ea6d7eff997c1db55e6c658c908e60c34690f856a9d7f87ead"
    },
    {
      "role": "fund",
      "txHash": "0x4240bb59fd1628a5a1f3e9a8123a95309607cd3be86e02d58b17c34459ca1b32"
    },
    {
      "role": "claim",
      "txHash": "0x185f3fdb7d56357f210f9072ffcc324bd8e4c82de638d2705ebe8e01452c275c",
      "level": 0,
      "option": 0
    }
  ],
  "deployTxHash": "0x3b1da19fa43ea0ea6d7eff997c1db55e6c658c908e60c34690f856a9d7f87ead",
  "fundTxHash": "0x4240bb59fd1628a5a1f3e9a8123a95309607cd3be86e02d58b17c34459ca1b32",
  "claimTxHash": "0x185f3fdb7d56357f210f9072ffcc324bd8e4c82de638d2705ebe8e01452c275c",
  "txHash": "0x185f3fdb7d56357f210f9072ffcc324bd8e4c82de638d2705ebe8e01452c275c",
  "tx": "0x185f3fdb7d56357f210f9072ffcc324bd8e4c82de638d2705ebe8e01452c275c"
}
