COMMAND: python3 experiments/scale_trace/scripts/trace_result_json.py /home/aothuatgiadp/blockchain/project/CTLC-Implementation/experiments/scale_trace/runs/random_v1_169/D-_E_evm_fund_de_CTLCMultipleEdges_worst_claim/result.json /home/aothuatgiadp/blockchain/project/CTLC-Implementation/experiments/scale_trace/runs/random_v1_169/D-_E_evm_fund_de_CTLCMultipleEdges_worst_claim/trace.json
STATUS: 0

STDOUT:
{
  "graph_id": "",
  "pair": "D->E|evm|fund:de",
  "contract": "CTLCMultipleEdges",
  "scenario": "worst_claim",
  "contractAddress": "0x9dd8e7B5080Bf367355E466DE1B6D50745e59169",
  "traces": {
    "deploy": {
      "tx_hash": "0x4a33183ac0b0ef4ecf89f18c66b8b30f2c6a95d8d3a791e7203fd7f2132f0201",
      "actual_calldata_bytes": 8041,
      "actual_sstore_count": 19,
      "actual_call_count": 0,
      "opcode_steps": 2905
    },
    "fund": {
      "tx_hash": "0x00fcfcb5396fdd4b4ee4d943adbf8177500c4338d7b54e9d8f8e19bea3975393",
      "actual_calldata_bytes": 0,
      "actual_sstore_count": 0,
      "actual_call_count": 0,
      "opcode_steps": 13
    },
    "claim_level0": {
      "tx_hash": "0xaa68102092491ab1208edcd1fa41bc270761708a063fa21ceb4b51bd8e7c1c70",
      "actual_calldata_bytes": 420,
      "actual_sstore_count": 1,
      "actual_call_count": 1,
      "opcode_steps": 1597
    }
  }
}


STDERR:

