ganache v7.9.2 (@ganache/cli: 0.10.2, @ganache/core: 0.10.2)
Starting RPC server

Available Accounts
==================
(0) 0x7670A545bA3C165E9bF5b8DfE3F59A2e340c554c (1000 ETH)
(1) 0x6F7B60Ff6433ceEdA8B9C7a4c30b678Ad5aCc898 (1000 ETH)
(2) 0x9fD889C5dDF4d90a335E06E5B7513eD6521f2276 (1000 ETH)
(3) 0xc7D8e1dD3f2B0458639c240Dc34525363a33240E (1000 ETH)
(4) 0xE2c7B1318555F05FA9cae225ecb552521b1eb428 (1000 ETH)
(5) 0x3aA07BD15fa32E42f4A8D661E13c7773025a7f0a (1000 ETH)
(6) 0xF8fEaBdd023167331E96f002D0ffc4Ae75F3df62 (1000 ETH)
(7) 0x139673554b2bDD529409D192d93dc0f38fe4F2D2 (1000 ETH)
(8) 0x1efBcf91E83f0d20aDb4E6b25E9d4369aA75FDFc (1000 ETH)
(9) 0xb05e4eBBDcD33e8a0E8D18AD3248B6D8F316c127 (1000 ETH)

Private Keys
==================
(0) 0x3a04e851e6b63cc830428128e6cc03efd95507763bb56383de7736654b4a3c97
(1) 0xac494f2a6a50b810f09d904eb3a590bee6a1c4898d4fd3c9a20fc51e760f6c3b
(2) 0x31ebeb412bc7293a24bb5cb1cfe77c43e5450106c19566571df64b9639176e8f
(3) 0xa283442f492a9b41fac5b336c4693269878f0ecde286778eca3b9f12610c90a4
(4) 0x5fd4a802b5c9c9f1649f41cb04757fbf0bb823ee3074bb0879bc1a81a739b5e7
(5) 0x526063ee2e887a9921873c153ad044260b5dec4a8871eb0848c5d7277b5d4fe1
(6) 0x727c3cbff15d3737304b1650545c47ccf4753e77421e65d4b9887150f05572bd
(7) 0xe0de1fc932be6e68d5919b29711e0fcace6d5a16aabe0623c0344999ad7b59e1
(8) 0x02f2d306ec4f6f9dbc8119e7caf156ee0f60e3e4c59aeef8bc0c455fdd3f2578
(9) 0x3ce1079b0714a9d4cbfc3ebf7fc119cbdefb3fa3a1e7d1bee09b6d6da55dde53

HD Wallet
==================
Mnemonic:      honey wish island again into grab stereo circle isolate deer wild pond
Base HD Path:  m/44'/60'/0'/0/{account_index}

Default Gas Price
==================
2000000000

BlockGas Limit
==================
30000000

Call Gas Limit
==================
50000000

Chain
==================
Hardfork: shanghai
Id:       1337

RPC Listening on 127.0.0.1:8545
web3_clientVersion
eth_blockNumber
net_version
eth_accounts
eth_accounts
eth_blockNumber
net_version
eth_getBlockByNumber
eth_estimateGas
eth_getBlockByNumber
eth_gasPrice
eth_sendTransaction

  Transaction: 0x790ddc4f08a63ebea626c23163f910b73a0fc9a48058571bfb66975121da52b1
  Contract created: 0x6e7bb595028056be7d773120347e90193d20b7d7
  Gas usage: 1239450
  Block number: 1
  Block time: Fri May 08 2026 02:50:57 GMT+0700 (Indochina Time)

eth_getTransactionReceipt
eth_getCode
eth_getTransactionReceipt
eth_getBlockByNumber
eth_gasPrice
eth_sendTransaction

  Transaction: 0x502b6d24ee199884db5f5fbb92a988f299cff06b00d60cc4aae3eb001b6e8854
  Gas usage: 21055
  Block number: 2
  Block time: Fri May 08 2026 02:50:57 GMT+0700 (Indochina Time)

eth_getTransactionReceipt
net_version
eth_getBlockByNumber
eth_estimateGas
eth_getBlockByNumber
eth_gasPrice
eth_sendTransaction

  Transaction: 0x0427d902d4ea1c599979e327d6f8e945669fbbb19165def171172c8c586aa313
  Gas usage: 71641
  Block number: 3
  Block time: Fri May 08 2026 02:50:57 GMT+0700 (Indochina Time)

eth_getTransactionReceipt
eth_blockNumber
eth_getBalance
eth_getTransactionByHash
debug_traceTransaction
eth_getTransactionByHash
debug_traceTransaction
eth_getTransactionByHash
debug_traceTransaction

Received shutdown signal: SIGTERM
Shutting down…
Server has been shut down
