ganache v7.9.2 (@ganache/cli: 0.10.2, @ganache/core: 0.10.2)
Starting RPC server

Available Accounts
==================
(0) 0x3Fe28C406a8F619e5Aa5bC4caE7691842d7612B4 (1000 ETH)
(1) 0x7469c20eB70db97C2f5FD1D45324a821492f95A5 (1000 ETH)
(2) 0x579A1CBf6dd74B9642f52cb3fA629e57235bC84f (1000 ETH)
(3) 0x7E7042f44DAEB9dA64b6548933c5B263e7198759 (1000 ETH)
(4) 0x9062b1BbDEfe669b155868071669645172FC25a5 (1000 ETH)
(5) 0x40e7D323D1EB6ED832Cb7143cfa5596197dcE79c (1000 ETH)
(6) 0x427a4B57157Da19676b9f4356726303a1F7B41da (1000 ETH)
(7) 0x30aEA20e897d050b1ca2550c373451885c296A06 (1000 ETH)
(8) 0xF5C04BEc97370EDE405DD59c11032f543eF93eAD (1000 ETH)
(9) 0x641764A4104a3Eae8f9b10fdD5ED0794ACeE9AFD (1000 ETH)

Private Keys
==================
(0) 0x45b78b82069f54c9ee4ae861e4f8a94136d84476d9db09f23cdde4b1f352491a
(1) 0xd924cbe9ffeeddc2d69c00f2ca6902e0aac7b478df5b505f8b2d89f54c9a5e23
(2) 0x76a5f2c21134310bcb447fc6a28704594e422c2e1472fcad59976d33e18da23f
(3) 0x2af01d7a46af2fb8d36d2992eb2ed53a5ddc577b6986299fc499f842083e8a08
(4) 0x10caa586a84f70bfa8ea504885cfbc473a43f47397d924770d01b3b7c9ad3dd0
(5) 0x662d02badb9eb84c180b8ea445dc5cc3ed1660f93d7d458a857ebcf42b04ea88
(6) 0x7b6b43986681b19a80874efb185e35941bdcbb3be299a1e2057fec0fd18b837c
(7) 0x75c24509c270492d569cd1337c6f86ccccc058b95bffb39a7d774fb371c40816
(8) 0xfc42b870056a049fd20f083edc420fe3a08e3d48db45b3e5f6f3fddc3aeaed33
(9) 0xf5ae2f2ca973a9c1515fa27c4fa7b5dd6e81c93af41cca5f64d21222f37b6f82

HD Wallet
==================
Mnemonic:      discover protect notice know pistol slam replace artist donate silent best silver
Base HD Path:  m/44'/60'/0'/0/{account_index}

Default Gas Price
==================
2000000000

BlockGas Limit
==================
30000000

Call Gas Limit
==================
50000000

Chain
==================
Hardfork: shanghai
Id:       1337

RPC Listening on 127.0.0.1:8545
web3_clientVersion
eth_blockNumber
net_version
eth_accounts
eth_accounts
eth_blockNumber
net_version
eth_getBlockByNumber
eth_estimateGas
eth_getBlockByNumber
eth_gasPrice
eth_sendTransaction

  Transaction: 0x9e7a198baca578464df8183daec875ffad3c86adb97ec8716bdf0142adf6dbbc
  Contract created: 0xc3cd26077823098713a72e118348a12767b84755
  Gas usage: 2204834
  Block number: 1
  Block time: Thu May 07 2026 21:44:25 GMT+0700 (Indochina Time)

eth_getTransactionReceipt
eth_getCode
eth_getTransactionReceipt
eth_getBlockByNumber
eth_gasPrice
eth_sendTransaction

  Transaction: 0x321e2ac8dd77a715f80470b4760680fff8d24ad6d6ec13782f6f7198a27d74f6
  Gas usage: 21055
  Block number: 2
  Block time: Thu May 07 2026 21:44:25 GMT+0700 (Indochina Time)

eth_getTransactionReceipt
net_version
eth_getBlockByNumber
eth_estimateGas
eth_getBlockByNumber
eth_gasPrice
eth_sendTransaction

  Transaction: 0x3f95a19ac7d0c1ff8887c5e4bf594b9026c184048c525bf309a6b88b50aed37f
  Gas usage: 84598
  Block number: 3
  Block time: Thu May 07 2026 21:44:26 GMT+0700 (Indochina Time)

eth_getTransactionReceipt
eth_blockNumber
eth_getBalance
eth_getTransactionByHash
debug_traceTransaction
eth_getTransactionByHash
debug_traceTransaction
eth_getTransactionByHash
debug_traceTransaction

Received shutdown signal: SIGTERM
Shutting down…
Server has been shut down
