Using network 'development'.

{
  "ok": true,
  "graph_id": "",
  "pair": "C->G|evm|fund:cg",
  "pairKey": "C->G|evm|fund:cg",
  "contract": "CTLCOnly",
  "scenario": "refund",
  "deployGas": "0x112623",
  "gasUsed": "59561",
  "disableGasUsed": "0",
  "claimGasUsed": "",
  "refundGasUsed": "59561",
  "contractAddress": "0x0386973dE74B196a70f490bC23898c9C220e7c50",
  "startBlock": "0",
  "endBlock": "8",
  "finalContractBalanceWei": "0",
  "deployer": "0x7713279B7A837aB8DA143666A3f03B6311038d2B",
  "party": "0x6e91f681D2A4323E4fA109Db009F41c54cA62684",
  "counterparty": "0xA5ff251F27f0f8b41afA32dB6a4349EF3C70eC01",
  "fundingWei": "1000000000000000000",
  "timelocks": [
    7
  ],
  "transactions": [
    {
      "role": "deploy",
      "txHash": "0x515754ec370b6db91a2273b6900187299f292483b53d48cead6035a8a7ea56b5"
    },
    {
      "role": "fund",
      "txHash": "0x5ccac646a05d6ec4f72b593344ccfb6d25baeea2c16c48dbf1ce8a24aca067e5"
    },
    {
      "role": "refund",
      "txHash": "0x016281c93ac657725441ba0f7272c00a94204c6251ceba714c54cfc684eeb8f4",
      "level": 0
    }
  ],
  "txRoles": [
    {
      "role": "deploy",
      "txHash": "0x515754ec370b6db91a2273b6900187299f292483b53d48cead6035a8a7ea56b5"
    },
    {
      "role": "fund",
      "txHash": "0x5ccac646a05d6ec4f72b593344ccfb6d25baeea2c16c48dbf1ce8a24aca067e5"
    },
    {
      "role": "refund",
      "txHash": "0x016281c93ac657725441ba0f7272c00a94204c6251ceba714c54cfc684eeb8f4",
      "level": 0
    }
  ],
  "deployTxHash": "0x515754ec370b6db91a2273b6900187299f292483b53d48cead6035a8a7ea56b5",
  "fundTxHash": "0x5ccac646a05d6ec4f72b593344ccfb6d25baeea2c16c48dbf1ce8a24aca067e5",
  "refundTxHash": "0x016281c93ac657725441ba0f7272c00a94204c6251ceba714c54cfc684eeb8f4",
  "refundTx": "0x016281c93ac657725441ba0f7272c00a94204c6251ceba714c54cfc684eeb8f4"
}
