ganache v7.9.2 (@ganache/cli: 0.10.2, @ganache/core: 0.10.2)
Starting RPC server

Available Accounts
==================
(0) 0x26b6a1245144fd469BAf4C7Ab6d2157B4D22A37E (1000 ETH)
(1) 0xF55CB0FCA55dc8373cBeA20a33431b96f7465Ac4 (1000 ETH)
(2) 0x19D2C70924Eed1c058c23689770F431084527d8B (1000 ETH)
(3) 0x38F41e7D297261b84AD06F3240dE1449F8e16c06 (1000 ETH)
(4) 0xEc12f86f5B093cf7c4596Ad833AB90aEe932D50B (1000 ETH)
(5) 0xe08bF262aaEa266fBcF8897b031De7332cfde71F (1000 ETH)
(6) 0xdF55D6aC20796C52E981fEC01d7Ecf534B71229f (1000 ETH)
(7) 0xFe86ed5Ee7534ACeFB887dE016Baaa802A2BDccD (1000 ETH)
(8) 0xb1d6183A0BAE7114bD40991d526f98cdC791c8D1 (1000 ETH)
(9) 0xa8D1a3c7883673F20d7c29BaE710ECaE089cFf88 (1000 ETH)

Private Keys
==================
(0) 0xfbe0d0538c7b289465d13c1865ec40e77421d7146586a11fbfce5f6ac883c2dc
(1) 0x3109ca074acd024dc4c8b2cb7a1266dc18f7fe9d314e0c0caafdd0bd0db04ca7
(2) 0x5ddac779d59d69a14d92766c7289b5c3522d76c08eda3261ee42946501133cff
(3) 0x540923d97d37d515dd14a8872162438879f05a9833c64e156544d9ecf532b061
(4) 0xa0d887182e69b49052ae8913fe33ba9b2ed4236bedab09749356250c0cb6b44d
(5) 0xc801bfeb7d78c0c2603365543f08c2c484757986b9edf8a470e22cd6e57dc227
(6) 0x431dce21ccaf44f4c3bdd7d36ebdb5f824a822c037536203b74e06af5f74bdfe
(7) 0xc94f44d18693660d207092d6caa5f41c3c6cd9addb6b55c37e8a291ec2c6f170
(8) 0x2dbd3834a6f6447152ebfcc85bd39b5e9d86fcacde7f8662d0dbb320b71e750c
(9) 0x3831b55d528280e5dce641365ae9e706f550c08c6c2c7ac1f7353654b0df7d59

HD Wallet
==================
Mnemonic:      silk pelican today rival unlock they island enact orange prize day cool
Base HD Path:  m/44'/60'/0'/0/{account_index}

Default Gas Price
==================
2000000000

BlockGas Limit
==================
30000000

Call Gas Limit
==================
50000000

Chain
==================
Hardfork: shanghai
Id:       1337

RPC Listening on 127.0.0.1:8545
web3_clientVersion
eth_blockNumber
net_version
eth_accounts
eth_accounts
eth_blockNumber
net_version
eth_getBlockByNumber
eth_estimateGas
eth_getBlockByNumber
eth_gasPrice
eth_sendTransaction

  Transaction: 0x0b503f9f261fdb351386d087276b05dbc976b2426e7235f3e6005ad3529809bb
  Contract created: 0xa0967e9545a301ea38d3efffbe1fae9452ba8186
  Gas usage: 1652916
  Block number: 1
  Block time: Fri May 08 2026 01:17:21 GMT+0700 (Indochina Time)

eth_getTransactionReceipt
eth_getCode
eth_getTransactionReceipt
eth_getBlockByNumber
eth_gasPrice
eth_sendTransaction

  Transaction: 0x06dd386a6f83f0da19d3d4c4fd9ab9100d95215ae11dc703e2fd894269b44989
  Gas usage: 21055
  Block number: 2
  Block time: Fri May 08 2026 01:17:21 GMT+0700 (Indochina Time)

eth_getTransactionReceipt
eth_blockNumber
evm_mine
eth_blockNumber
evm_mine
eth_blockNumber
evm_mine
eth_blockNumber
evm_mine
eth_blockNumber
evm_mine
eth_blockNumber
evm_mine
eth_blockNumber
evm_mine
eth_blockNumber
evm_mine
eth_blockNumber
net_version
eth_getBlockByNumber
eth_estimateGas
eth_getBlockByNumber
eth_gasPrice
eth_sendTransaction

  Transaction: 0xb3f6d15182a2d720014864b996c722515acc876dcd84567202b4c6f05b36c5d9
  Gas usage: 59539
  Block number: 11
  Block time: Fri May 08 2026 01:17:21 GMT+0700 (Indochina Time)

eth_getTransactionReceipt
eth_blockNumber
eth_getBalance
eth_getTransactionByHash
debug_traceTransaction
eth_getTransactionByHash
debug_traceTransaction
eth_getTransactionByHash
debug_traceTransaction

Received shutdown signal: SIGTERM
Shutting down…
Server has been shut down
