COMMAND: python3 experiments/scale_trace/scripts/trace_result_json.py /home/aothuatgiadp/blockchain/project/CTLC-Implementation/experiments/scale_trace/runs/random_v1_228/B-_E_evm_fund_be_CTLCOnly_worst_claim/result.json /home/aothuatgiadp/blockchain/project/CTLC-Implementation/experiments/scale_trace/runs/random_v1_228/B-_E_evm_fund_be_CTLCOnly_worst_claim/trace.json
STATUS: 0

STDOUT:
{
  "graph_id": "",
  "pair": "B->E|evm|fund:be",
  "contract": "CTLCOnly",
  "scenario": "worst_claim",
  "contractAddress": "0x40e18d00B60d74bD4A9724372ab1d828F50548C6",
  "traces": {
    "deploy": {
      "tx_hash": "0x065226120ea7435f94d28e77715c04f15f8fd8a251fc3bfb0c289f47e9f10cda",
      "actual_calldata_bytes": 7155,
      "actual_sstore_count": 10,
      "actual_call_count": 0,
      "opcode_steps": 1462
    },
    "fund": {
      "tx_hash": "0xf17e6bc733163406344bb5b8c8ce5170c38a461ca317375ceb5b74a25b8f5666",
      "actual_calldata_bytes": 0,
      "actual_sstore_count": 0,
      "actual_call_count": 0,
      "opcode_steps": 13
    },
    "claim_level0": {
      "tx_hash": "0x0097a77518c759a77f19469e3773d2800c6af9eb242a97c1c2afd2e8b14baca5",
      "actual_calldata_bytes": 388,
      "actual_sstore_count": 1,
      "actual_call_count": 1,
      "opcode_steps": 1475
    }
  }
}


STDERR:

