ganache v7.9.2 (@ganache/cli: 0.10.2, @ganache/core: 0.10.2)
Starting RPC server

Available Accounts
==================
(0) 0xf616F57F1d50F39FB73e3E4E70857c9CA49242F7 (1000 ETH)
(1) 0x7b699986b3251bE7ac30390Fb84511Dd34e6D11b (1000 ETH)
(2) 0x401396Fd7e724E8f12C2569a922dcA4e5865006E (1000 ETH)
(3) 0xfbb0b42EBf0fbDdDB170C3647Bafe313E149ed7C (1000 ETH)
(4) 0x9BF339085C28e124117a81421DF3896f7B58968C (1000 ETH)
(5) 0xF83eb410810472687233291F546d2e11065a03Da (1000 ETH)
(6) 0x0B599410E2f358879b6a5F6315011829B62F9422 (1000 ETH)
(7) 0xbd43E0bdAC5596b607b447ABceE4d6Da3fEAF144 (1000 ETH)
(8) 0x365437e5Af07141D44741bFD709336D95F134118 (1000 ETH)
(9) 0x1eA79d2A7c6D2190B9CD083F594B2561c1e8BCA4 (1000 ETH)

Private Keys
==================
(0) 0x71b0855acbf3b3ab81051e1f87a86ef29f93488dd1f24527c4ca399cd3217a80
(1) 0xcc59c0d442caab7d6222572f83d0af419cf2932f98c807780673f677660b2efd
(2) 0xa088ff0bbd41cc666f2840ff72157b76d348c6179de59058295dfd37b6a5b01a
(3) 0xc3ab98d56a8722c0521bd291af86c9666888fa4b6afd65c7dc6e0937022cb332
(4) 0xddbc813a0fe60b9ce5d5e8ab3c666fd1a23ef28d3f8811a97975a615b5a7c03c
(5) 0x934977962435db1eb21934ab427c6cbb267ded37a120971aa56840390e94d486
(6) 0x14acab50294bbcc32f892eca63e4a6c6180496bf8671b9e18770220acc567b78
(7) 0xb061214b792388e2e7746c39cae725d25717367acc1cc5af1600fc8ae36beac9
(8) 0x0b0a1b1d3202cadfb0a3e3a1e1a7a71968e5e33ea4f21f1a4fbafe28daee9648
(9) 0x9b8a2585fe85519d99290c285c3de068733839a074e26aecd8305a0ba72afb56

HD Wallet
==================
Mnemonic:      pencil family scrap present public begin stand surround supply first project unique
Base HD Path:  m/44'/60'/0'/0/{account_index}

Default Gas Price
==================
2000000000

BlockGas Limit
==================
30000000

Call Gas Limit
==================
50000000

Chain
==================
Hardfork: shanghai
Id:       1337

RPC Listening on 127.0.0.1:8545
web3_clientVersion
eth_blockNumber
net_version
eth_accounts
eth_accounts
eth_blockNumber
net_version
eth_getBlockByNumber
eth_estimateGas
eth_getBlockByNumber
eth_gasPrice
eth_sendTransaction

  Transaction: 0x8b281f48ce4585ff0e83385cad327cb722fab6df54a3cb840628e1df9bf7cc5b
  Contract created: 0x29d1e03f33d473720429464a8431fda46caa9988
  Gas usage: 2298938
  Block number: 1
  Block time: Fri May 08 2026 01:02:18 GMT+0700 (Indochina Time)

eth_getTransactionReceipt
eth_getCode
eth_getTransactionReceipt
eth_getBlockByNumber
eth_gasPrice
eth_sendTransaction

  Transaction: 0xf244e3dbabd4ec0da27dd41e39133b23721e076e95842759071a1f20ed0618a2
  Gas usage: 21055
  Block number: 2
  Block time: Fri May 08 2026 01:02:18 GMT+0700 (Indochina Time)

eth_getTransactionReceipt
net_version
eth_getBlockByNumber
eth_estimateGas
eth_getBlockByNumber
eth_gasPrice
eth_sendTransaction

  Transaction: 0xb5ce3314567836e997103bd7ae253112c2bf3bc0235a9adf4dbfaaff5ac29b70
  Gas usage: 71641
  Block number: 3
  Block time: Fri May 08 2026 01:02:18 GMT+0700 (Indochina Time)

eth_getTransactionReceipt
eth_blockNumber
eth_getBalance
eth_getTransactionByHash
debug_traceTransaction
eth_getTransactionByHash
debug_traceTransaction
eth_getTransactionByHash
debug_traceTransaction

Received shutdown signal: SIGTERM
Shutting down…
Server has been shut down
