ganache v7.9.2 (@ganache/cli: 0.10.2, @ganache/core: 0.10.2)
Starting RPC server
web3_clientVersion

Available Accounts
==================
(0) 0xf246834cE45348d6B9070dD8809Cb78C96d5Ec33 (1000 ETH)
(1) 0xA45c6B14e768Ff35a7C6B52FfC9599202fAcB606 (1000 ETH)
(2) 0x5942330BacF0f6de3198B0BCeD2C75E4Ad8ddC1A (1000 ETH)
(3) 0x714f8F2980b1B3833b565065a2d118dC18cAe3fB (1000 ETH)
(4) 0x7EabF5b98faEB3AAA6ff13b77a2Cb7BBBF84d4D4 (1000 ETH)
(5) 0xF087c4a8F81DEF1CD61Da98Aad4bd780fbC4a7c6 (1000 ETH)
(6) 0x8e98B47c773AA8f76b87D219cF7F886D6078D0Ca (1000 ETH)
(7) 0x29D8256f2Cf3701b4C2cEd61AeEF3dbCB4074dF5 (1000 ETH)
(8) 0x5C92AA9C781386886920c72AB364Af9ab36d8eeB (1000 ETH)
(9) 0x385F64679A485e8422cDAC4b31B4e8db6065D8d2 (1000 ETH)

Private Keys
==================
(0) 0x908a0620c785844807ac4721d1eed1397ffe78e89f074d0c29f98d70165aee9f
(1) 0x4a5a705c02dda2771d95111f9c648dce84127a661c281b894252bd9917557230
(2) 0x69545a8fa2d35b1500a9d36eeb1fc85f8160338fbe118f04c3863e93dadb1cb3
(3) 0x5c1342176bcad8efc65fe6bd932b7e38a26f4243ac5cb8c2333c6e6021e41eef
(4) 0x7eafd4eda596a776f802656d1e97baab4b0aab8db3df1b19a3c94786607f0c93
(5) 0x3cf1c586080d9cf217d1dd2d5a49cd480486504d3485acc8856f12dfe5d51739
(6) 0xc2857e327e774aa904a9dc3bab5bf6f19106aec5020d45c450935a8e797c5382
(7) 0xaae1def4771026780c94de6a9a6c77f87a4758ec3a1a6ca8b02aee6ee5f8a0cb
(8) 0x97bf93c9455ebfb9445ecbb1a4ac4ac9d4f83f4f8dd0f40cca573cad02143544
(9) 0x11f75bc379efce0c197599aceb1e2aafb96ff11fab23c2c9ac4cbc4ce02adb51

HD Wallet
==================
Mnemonic:      sun axis travel cradle able hungry sniff clean loud minor wedding strike
Base HD Path:  m/44'/60'/0'/0/{account_index}

Default Gas Price
==================
2000000000

BlockGas Limit
==================
30000000

Call Gas Limit
==================
50000000

Chain
==================
Hardfork: shanghai
Id:       1337

RPC Listening on 127.0.0.1:8545
eth_blockNumber
net_version
eth_accounts
eth_accounts
eth_blockNumber
net_version
eth_getBlockByNumber
eth_estimateGas
eth_getBlockByNumber
eth_gasPrice
eth_sendTransaction

  Transaction: 0x3f8308cd1f15a6e70fc62ca3cebfc69d1e7c1327211ab755687aa2703d638085
  Contract created: 0xe96b2b17a3765786dadd6ef9321d7e7c20416a91
  Gas usage: 1308717
  Block number: 1
  Block time: Thu May 07 2026 21:25:09 GMT+0700 (Indochina Time)

eth_getTransactionReceipt
eth_getCode
eth_getTransactionReceipt
eth_getBlockByNumber
eth_gasPrice
eth_sendTransaction

  Transaction: 0x95b5e90a658897f609f1e4533035c95d73dfbefd5f5caaadfaffecabd528f833
  Gas usage: 21055
  Block number: 2
  Block time: Thu May 07 2026 21:25:09 GMT+0700 (Indochina Time)

eth_getTransactionReceipt
net_version
eth_getBlockByNumber
eth_estimateGas
eth_getBlockByNumber
eth_gasPrice
eth_sendTransaction

  Transaction: 0xf51d4fb5e816fea6a72baf6616be24d023b48771451a15ddaaf4447f661fe516
  Gas usage: 71641
  Block number: 3
  Block time: Thu May 07 2026 21:25:09 GMT+0700 (Indochina Time)

eth_getTransactionReceipt
eth_blockNumber
eth_getBalance
eth_getTransactionByHash
debug_traceTransaction
eth_getTransactionByHash
debug_traceTransaction
eth_getTransactionByHash
debug_traceTransaction

Received shutdown signal: SIGTERM
Shutting down…
Server has been shut down
