COMMAND: python3 experiments/scale_trace/scripts/trace_result_json.py /home/aothuatgiadp/blockchain/project/CTLC-Implementation/experiments/scale_trace/runs/random_v1_138/E-_F_evm_fund_ef_CTLCOnly_worst_claim/result.json /home/aothuatgiadp/blockchain/project/CTLC-Implementation/experiments/scale_trace/runs/random_v1_138/E-_F_evm_fund_ef_CTLCOnly_worst_claim/trace.json
STATUS: 0

STDOUT:
{
  "graph_id": "",
  "pair": "E->F|evm|fund:ef",
  "contract": "CTLCOnly",
  "scenario": "worst_claim",
  "contractAddress": "0x9f3e0E5c506bfb4914B35dAAA69C917EBfF47a82",
  "traces": {
    "deploy": {
      "tx_hash": "0x0438d739b4ccb92adbf14b2455d5b21a6f9c21ab60b205630426f12c33ee072a",
      "actual_calldata_bytes": 7443,
      "actual_sstore_count": 18,
      "actual_call_count": 0,
      "opcode_steps": 2528
    },
    "fund": {
      "tx_hash": "0xdf0082b66fbcfce4ba5ab34699d075fe3b496f5b17e8c334ee1a9b82b7aeffd0",
      "actual_calldata_bytes": 0,
      "actual_sstore_count": 0,
      "actual_call_count": 0,
      "opcode_steps": 13
    },
    "disable_level0": {
      "tx_hash": "0xea13e7c3aaf48f07475a997c1dd2493a26f1e78ff2157336bab63922710f831d",
      "actual_calldata_bytes": 36,
      "actual_sstore_count": 1,
      "actual_call_count": 0,
      "opcode_steps": 305
    },
    "claim_level1": {
      "tx_hash": "0xd0fbc86fb6458b1f2dfc55a1347f2049b356ff4c4d017e91aaabb4cb7ab10781",
      "actual_calldata_bytes": 676,
      "actual_sstore_count": 1,
      "actual_call_count": 1,
      "opcode_steps": 2498
    }
  }
}


STDERR:

