ganache v7.9.2 (@ganache/cli: 0.10.2, @ganache/core: 0.10.2)
Starting RPC server

Available Accounts
==================
(0) 0x9f5E6f038A3a1d06C2d6934b87198c7117B927f3 (1000 ETH)
(1) 0xb0829f9EEad3b01dDb58Ef0a673f7373d885A74E (1000 ETH)
(2) 0x4db438eDEd1A0b51EDC995AAE06567E3BE8153b8 (1000 ETH)
(3) 0xB53DE9B1d5A0Dae01E7DaCc73625afd3D46F887E (1000 ETH)
(4) 0x3FDbc8C33Ba99c0677febaE75e13237eCEf85a5E (1000 ETH)
(5) 0x37916444071216B5bF05556CdbE5E55c75d545bB (1000 ETH)
(6) 0xE38282b7D0E30b32248caF6FA09eeC0498cBDd61 (1000 ETH)
(7) 0x772c1ddb54Aa58324397f105082e675B0570846e (1000 ETH)
(8) 0x20B8a71Eb6C9212c771AAD8D90Cc7eaFc5099c6f (1000 ETH)
(9) 0x7736F48B7A3bb21e163293167B363e7ff2262e0e (1000 ETH)

Private Keys
==================
(0) 0x5cc95bd216c3d74bfae8e396a218e45a50af2f7f3b24fcfa53ba7fc7b5d2b6e4
(1) 0x66f72ef5ad29573772ee239a6b72046029cc5ac0311ea8ac47509f770f468598
(2) 0x6ec0d8883ae7e94adddd5c306610543b7b16ba897f494c075f6a9aa3f18d7e0e
(3) 0xc3059d5db0645b90780e5aa5a1d6d0105ea5608ef7badb3a7bc7c4399f546bf8
(4) 0x4679b17e9e305ada55bde45827285a330b6475fd2a22c4d31e3c1f1757f74f32
(5) 0x8783645b145930dbc8f641c68b849f8599b73ee4c92f9252e935d0f36d67b48c
(6) 0x37720681df0a56aff68637ca676bb115e4063dd91723ad84d6e3bb3460d26902
(7) 0x1cc950cb5a1e4fccb50dfc8306d801953279f478b9a8bc491975cab6a9212fdf
(8) 0x4015fac7535ee1888f4582aca49dd53afeafea5c7bbacf04b4e207e8f1ff0261
(9) 0x20f6cc9c8f0bda5d3baa812973c105d3bd39ef75751efc7ba3b53a7250d8a396

HD Wallet
==================
Mnemonic:      address panther blade virus raven smooth confirm major tumble angry tree crunch
Base HD Path:  m/44'/60'/0'/0/{account_index}

Default Gas Price
==================
2000000000

BlockGas Limit
==================
30000000

Call Gas Limit
==================
50000000

Chain
==================
Hardfork: shanghai
Id:       1337

RPC Listening on 127.0.0.1:8545
web3_clientVersion
eth_blockNumber
net_version
eth_accounts
eth_accounts
eth_blockNumber
net_version
eth_getBlockByNumber
eth_estimateGas
eth_getBlockByNumber
eth_gasPrice
eth_sendTransaction

  Transaction: 0xb6bfd7ce6bbc8d081aa3a10d48dd6660ead84cbf460fbec3bfec1903105da528
  Contract created: 0x43ab2f43d4c2c9327f78957a00c2a0ffe90f94dd
  Gas usage: 1285262
  Block number: 1
  Block time: Fri May 08 2026 02:30:05 GMT+0700 (Indochina Time)

eth_getTransactionReceipt
eth_getCode
eth_getTransactionReceipt
eth_getBlockByNumber
eth_gasPrice
eth_sendTransaction

  Transaction: 0xd9574edb913fd349332c98c7ff4192ea090e0adca36ce7c7213f984781317f21
  Gas usage: 21055
  Block number: 2
  Block time: Fri May 08 2026 02:30:05 GMT+0700 (Indochina Time)

eth_getTransactionReceipt
eth_blockNumber
evm_mine
eth_blockNumber
evm_mine
eth_blockNumber
evm_mine
eth_blockNumber
evm_mine
eth_blockNumber
evm_mine
eth_blockNumber
evm_mine
eth_blockNumber
net_version
eth_getBlockByNumber
eth_estimateGas
eth_getBlockByNumber
eth_gasPrice
eth_sendTransaction

  Transaction: 0xcb4d3dd642fb0db987f7384b804b0822fd8d8123deb8dfd79a95aa197b5c8f05
  Gas usage: 59539
  Block number: 9
  Block time: Fri May 08 2026 02:30:05 GMT+0700 (Indochina Time)

eth_getTransactionReceipt
eth_blockNumber
eth_getBalance
eth_getTransactionByHash
debug_traceTransaction
eth_getTransactionByHash
debug_traceTransaction
eth_getTransactionByHash
debug_traceTransaction

Received shutdown signal: SIGTERM
Shutting down…
Server has been shut down
