Using network 'development'.

{
  "ok": true,
  "graph_id": "",
  "pair": "B->C|evm|fund:bc",
  "pairKey": "B->C|evm|fund:bc",
  "contract": "CTLCOnly",
  "scenario": "best_claim",
  "deployGas": "0x144e1e",
  "gasUsed": "77013",
  "disableGasUsed": "",
  "claimGasUsed": "77013",
  "refundGasUsed": "",
  "contractAddress": "0x99Fe3E1fb2a3Bbb1e19b13A16D1398c9628e3506",
  "startBlock": "0",
  "endBlock": "3",
  "finalContractBalanceWei": "0",
  "deployer": "0x88229aDcD7c033ede5D4edBD804d4dD98381546C",
  "party": "0x65D059A499Bb996Aa3Cb8Db9875F0a1d6D4eB6F1",
  "counterparty": "0xD5C32a47249c8F0881Ca8988D7dBef3980d54360",
  "fundingWei": "1000000000000000000",
  "timelocks": [
    9,
    10
  ],
  "transactions": [
    {
      "role": "deploy",
      "txHash": "0xac72dc1d22517c158582266c5ae5c5b14b7053fa1fedda098fdae1b8d243806f"
    },
    {
      "role": "fund",
      "txHash": "0xeb66dada0b85412cfea16cbcdb289c0243f6ce1aabefbb15538023d607580b0d"
    },
    {
      "role": "claim",
      "txHash": "0x4d2253d83590956ac77c3ec9bb74c1820d1b9a47a0fd03e04a8e711765635d3a",
      "level": 0,
      "option": 0
    }
  ],
  "txRoles": [
    {
      "role": "deploy",
      "txHash": "0xac72dc1d22517c158582266c5ae5c5b14b7053fa1fedda098fdae1b8d243806f"
    },
    {
      "role": "fund",
      "txHash": "0xeb66dada0b85412cfea16cbcdb289c0243f6ce1aabefbb15538023d607580b0d"
    },
    {
      "role": "claim",
      "txHash": "0x4d2253d83590956ac77c3ec9bb74c1820d1b9a47a0fd03e04a8e711765635d3a",
      "level": 0,
      "option": 0
    }
  ],
  "deployTxHash": "0xac72dc1d22517c158582266c5ae5c5b14b7053fa1fedda098fdae1b8d243806f",
  "fundTxHash": "0xeb66dada0b85412cfea16cbcdb289c0243f6ce1aabefbb15538023d607580b0d",
  "claimTxHash": "0x4d2253d83590956ac77c3ec9bb74c1820d1b9a47a0fd03e04a8e711765635d3a",
  "txHash": "0x4d2253d83590956ac77c3ec9bb74c1820d1b9a47a0fd03e04a8e711765635d3a",
  "tx": "0x4d2253d83590956ac77c3ec9bb74c1820d1b9a47a0fd03e04a8e711765635d3a"
}
