
Compiling your contracts...
===========================
> Everything is up to date, there is nothing to compile.


Starting migrations...
======================
> Network name:    'development'
> Network id:      1775111776243
> Block gas limit: 30000000 (0x1c9c380)


1_deploy_contracts.js
=====================

   Deploying 'ConvertLib'
   ----------------------
   > transaction hash:    0xf865cc44c8a7b6723369d3e2a138e58b8108394ec1c0e4b3bc92f6224b80b25b
- Blocks: 0            Seconds: 0
   > Blocks: 0            Seconds: 0
   > contract address:    0x9E8bF47dACcCB504f001322F827b3cC7fE6049Bb
   > block number:        1
   > block timestamp:     1775111779
   > account:             0xd3E9Ab12a531de8A473AC7C7DAfEA51b473b23e4
   > balance:             999.9994680865
   > gas used:            157604 (0x267a4)
   > gas price:           3.375 gwei
   > value sent:          0 ETH
   > total cost:          0.0005319135 ETH


   Linking
   -------
   * Contract: MetaCoin <--> Library: ConvertLib (at address: 0x9E8bF47dACcCB504f001322F827b3cC7fE6049Bb)

   Deploying 'MetaCoin'
   --------------------
   > transaction hash:    0xbc6f44cdc528e026578379054b5f3faaa822a5c6bbadff3827f5881510d455be
- Blocks: 0            Seconds: 0
   > Blocks: 0            Seconds: 0
   > contract address:    0xFf73873C4DB60807F52687C69Eaaf6e3437C105F
   > block number:        2
   > block timestamp:     1775111779
   > account:             0xd3E9Ab12a531de8A473AC7C7DAfEA51b473b23e4
   > balance:             999.9981068216925268
   > gas used:            416700 (0x65bbc)
   > gas price:           3.266774196 gwei
   > value sent:          0 ETH
   > total cost:          0.0013612648074732 ETH


   Deploying 'ECDSA'
   -----------------
   > transaction hash:    0xea29a31558a415d0c43faf3e9152cb992e6f0b7b0f739519947abe5f433bdb09
- Blocks: 0            Seconds: 0
   > Blocks: 0            Seconds: 0
   > contract address:    0xBdEF1029E22421De4fc3870E28e01fbd28855221
   > block number:        3
   > block timestamp:     1775111779
   > account:             0xd3E9Ab12a531de8A473AC7C7DAfEA51b473b23e4
   > balance:             999.997877393347403615
   > gas used:            72293 (0x11a65)
   > gas price:           3.173590045 gwei
   > value sent:          0 ETH
   > total cost:          0.000229428345123185 ETH


   Deploying 'TestCTLC'
   --------------------
   > transaction hash:    0x1c2ad7106c17046bf61a23c1dacf314a9d8a651d7f259db4a4d732479a1dcb71
- Blocks: 0            Seconds: 0
   > Blocks: 0            Seconds: 0
   > contract address:    0x03cE510C88e0e500285eA8E9ecd8D49E43bF9337
   > block number:        4
   > block timestamp:     1775111779
   > account:             0xd3E9Ab12a531de8A473AC7C7DAfEA51b473b23e4
   > balance:             999.990259004256939875
   > gas used:            2465660 (0x259f7c)
   > gas price:           3.089797089 gwei
   > value sent:          0 ETH
   > total cost:          0.00761838909046374 ETH


   Deploying 'Swap'
   ----------------
   > transaction hash:    0xa9ab3073a9d0124acb8e8a2064eb93364419eea53084f4d09526240b0480435f
- Blocks: 0            Seconds: 0
   > Blocks: 0            Seconds: 0
   > contract address:    0x8dE52974ebcBc61151e38c432AaAd86B6F808386
   > block number:        5
   > block timestamp:     1775111780
   > account:             0xd3E9Ab12a531de8A473AC7C7DAfEA51b473b23e4
   > balance:             999.984120770027182515
   > gas used:            2027030 (0x1eee16)
   > gas price:           3.028191112 gwei
   > value sent:          0 ETH
   > total cost:          0.00613823422975736 ETH


   Deploying 'SwapImproved'
   ------------------------
   > transaction hash:    0x1ce2e1c9ff6912ab882563f4d79360f1cce2c0d505e87df4ca8dea51dae063a8
- Blocks: 0            Seconds: 0
   > Blocks: 0            Seconds: 0
   > contract address:    0x51f4cc7D9BEf0b21DAaBADA859766d9527a40d1D
   > block number:        6
   > block timestamp:     1775111780
   > account:             0xd3E9Ab12a531de8A473AC7C7DAfEA51b473b23e4
   > balance:             999.980253558489716739
   > gas used:            1301614 (0x13dc6e)
   > gas price:           2.971089384 gwei
   > value sent:          0 ETH
   > total cost:          0.003867211537465776 ETH


   Deploying 'CTLCOnly'
   --------------------
   > transaction hash:    0x348ff63568364af4095136738da4dd83c8c23a756b5db4fa04d85c7330782716
- Blocks: 0            Seconds: 0
   > Blocks: 0            Seconds: 0
   > contract address:    0x2b4E480907A4d25C63D6f924b6ba2cc46F8dc6a1
   > block number:        7
   > block timestamp:     1775111781
   > account:             0xd3E9Ab12a531de8A473AC7C7DAfEA51b473b23e4
   > balance:             999.976638803450981619
   > gas used:            1239070 (0x12e81e)
   > gas price:           2.917313016 gwei
   > value sent:          0 ETH
   > total cost:          0.00361475503873512 ETH


   Deploying 'CTLCMultipleEdges'
   -----------------------------
   > transaction hash:    0x426fa70bd3f83e30513014a3c96293ec67b4ea631590269940fc0f8d794a04ae
- Blocks: 0            Seconds: 0
   > Blocks: 0            Seconds: 0
   > contract address:    0x8a266e601C32Dc071aE78c9d379b6201b5723d0f
   > block number:        8
   > block timestamp:     1775111781
   > account:             0xd3E9Ab12a531de8A473AC7C7DAfEA51b473b23e4
   > balance:             999.972883231139428609
   > gas used:            1308809 (0x13f889)
   > gas price:           2.86945789 gwei
   > value sent:          0 ETH
   > total cost:          0.00375557231155301 ETH

   > Saving artifacts
   -------------------------------------
   > Total cost:     0.027116768860571391 ETH

Summary
=======
> Total deployments:   8
> Final cost:          0.027116768860571391 ETH


