COMMAND: python3 experiments/scale_trace/scripts/trace_result_json.py /home/aothuatgiadp/blockchain/project/CTLC-Implementation/experiments/scale_trace/runs/random_v1_144/C-_D_evm_fund_cd_CTLCOnly_worst_claim/result.json /home/aothuatgiadp/blockchain/project/CTLC-Implementation/experiments/scale_trace/runs/random_v1_144/C-_D_evm_fund_cd_CTLCOnly_worst_claim/trace.json
STATUS: 0

STDOUT:
{
  "graph_id": "",
  "pair": "C->D|evm|fund:cd",
  "contract": "CTLCOnly",
  "scenario": "worst_claim",
  "contractAddress": "0x624057FCF31B7BBF6a76185018062aCf8cFEf0F4",
  "traces": {
    "deploy": {
      "tx_hash": "0x560aeffccdd18dd3bfee466feb59bd29cefc6012882001d2c4ee0e4dbd269532",
      "actual_calldata_bytes": 7379,
      "actual_sstore_count": 16,
      "actual_call_count": 0,
      "opcode_steps": 2352
    },
    "fund": {
      "tx_hash": "0x63f295e2e0afe4f546b87d822c692bfaa1c597b23c62390dbd4f52eb6533cb45",
      "actual_calldata_bytes": 0,
      "actual_sstore_count": 0,
      "actual_call_count": 0,
      "opcode_steps": 13
    },
    "disable_level0": {
      "tx_hash": "0x4c6fc110125d2e28fecb805a12b90294646350dee76134cf5b71bf4ea47acce7",
      "actual_calldata_bytes": 36,
      "actual_sstore_count": 1,
      "actual_call_count": 0,
      "opcode_steps": 305
    },
    "claim_level1": {
      "tx_hash": "0x09fe17f9e8e88c80b52071005ecf999922858c66aa2fa0b8c199a857e8f4ca1a",
      "actual_calldata_bytes": 484,
      "actual_sstore_count": 1,
      "actual_call_count": 1,
      "opcode_steps": 1816
    }
  }
}


STDERR:

