Using network 'development'.

{
  "ok": true,
  "graph_id": "",
  "pair": "C->D|evm|fund:cd",
  "pairKey": "C->D|evm|fund:cd",
  "contract": "CTLCMultipleEdges",
  "scenario": "best_claim",
  "deployGas": "0x139ca6",
  "gasUsed": "75948",
  "disableGasUsed": "",
  "claimGasUsed": "75948",
  "refundGasUsed": "",
  "contractAddress": "0x37C32894701D095E625406107787d2D0E9a5Ed12",
  "startBlock": "0",
  "endBlock": "3",
  "finalContractBalanceWei": "0",
  "deployer": "0x8e23DE6E679b9f0d9d8BEE7D1F77cD1EbD65C0eC",
  "party": "0x2AD0A5a6a7a6F275bFd9a160E3FB4945b9F34eFa",
  "counterparty": "0xb4fB43FC91b003876dc31C3e7f98B615dB324F1A",
  "fundingWei": "1000000000000000000",
  "timelocks": [
    8
  ],
  "transactions": [
    {
      "role": "deploy",
      "txHash": "0xf341531c24589c6578b0b1668ce2730da30385131e9bc485eab5ed2faadb4685"
    },
    {
      "role": "fund",
      "txHash": "0x3a4b00fce2ae0de6c0e58db9f3f845ab137c2251b2bffd0e400ebd28c990ff48"
    },
    {
      "role": "claim",
      "txHash": "0x28c369668f0813437b079728c90caa71feb13c8f879eb3875585c315ff9e2fb6",
      "level": 0,
      "option": 0
    }
  ],
  "txRoles": [
    {
      "role": "deploy",
      "txHash": "0xf341531c24589c6578b0b1668ce2730da30385131e9bc485eab5ed2faadb4685"
    },
    {
      "role": "fund",
      "txHash": "0x3a4b00fce2ae0de6c0e58db9f3f845ab137c2251b2bffd0e400ebd28c990ff48"
    },
    {
      "role": "claim",
      "txHash": "0x28c369668f0813437b079728c90caa71feb13c8f879eb3875585c315ff9e2fb6",
      "level": 0,
      "option": 0
    }
  ],
  "deployTxHash": "0xf341531c24589c6578b0b1668ce2730da30385131e9bc485eab5ed2faadb4685",
  "fundTxHash": "0x3a4b00fce2ae0de6c0e58db9f3f845ab137c2251b2bffd0e400ebd28c990ff48",
  "claimTxHash": "0x28c369668f0813437b079728c90caa71feb13c8f879eb3875585c315ff9e2fb6",
  "txHash": "0x28c369668f0813437b079728c90caa71feb13c8f879eb3875585c315ff9e2fb6",
  "tx": "0x28c369668f0813437b079728c90caa71feb13c8f879eb3875585c315ff9e2fb6"
}
