COMMAND: python3 experiments/scale_trace/scripts/trace_result_json.py /home/aothuatgiadp/blockchain/project/CTLC-Implementation/experiments/scale_trace/runs/random_v1_96/C-_D_evm_fund_cd_CTLCMultipleEdges_worst_claim/result.json /home/aothuatgiadp/blockchain/project/CTLC-Implementation/experiments/scale_trace/runs/random_v1_96/C-_D_evm_fund_cd_CTLCMultipleEdges_worst_claim/trace.json
STATUS: 0

STDOUT:
{
  "graph_id": "",
  "pair": "C->D|evm|fund:cd",
  "contract": "CTLCMultipleEdges",
  "scenario": "worst_claim",
  "contractAddress": "0x4c9932EA08057dBf9090C940e6078DAEd16D953B",
  "traces": {
    "deploy": {
      "tx_hash": "0xb01fc796746c31856f70f9382cea40aeaf1b9b9ec68ef8ebede770c251e8e251",
      "actual_calldata_bytes": 8905,
      "actual_sstore_count": 42,
      "actual_call_count": 0,
      "opcode_steps": 5942
    },
    "fund": {
      "tx_hash": "0xc5ef1b858739578ef587db9d704c4116b28cf8a40b41da9a5f6e70382c9a887d",
      "actual_calldata_bytes": 0,
      "actual_sstore_count": 0,
      "actual_call_count": 0,
      "opcode_steps": 13
    },
    "disable_level0": {
      "tx_hash": "0x0ebb9793e3dc479b3cb335c9e53d5ee1dc460bb399139945d5996afd3970e264",
      "actual_calldata_bytes": 36,
      "actual_sstore_count": 1,
      "actual_call_count": 0,
      "opcode_steps": 300
    },
    "claim_level1": {
      "tx_hash": "0xfa76eabd231d3ea3de3c4259b9a838a5b07043e05fcc1008d013f973d949c548",
      "actual_calldata_bytes": 612,
      "actual_sstore_count": 1,
      "actual_call_count": 1,
      "opcode_steps": 2309
    }
  }
}


STDERR:

