ganache v7.9.2 (@ganache/cli: 0.10.2, @ganache/core: 0.10.2)
Starting RPC server

Available Accounts
==================
(0) 0xb24fF465EC9197396254ef62A72CcfBff82E3238 (1000 ETH)
(1) 0xA7cFe0752a516EFAFD3B317476d1392bD0f2E6c2 (1000 ETH)
(2) 0x640bEed3bf231BFe6C822E50f51351d8c2bA37ad (1000 ETH)
(3) 0x433Fe6aC26DC735B4B8c3444c698D1d14DCfC18e (1000 ETH)
(4) 0x048E7f69fEAbb0e2355ac3195E7D4F2EA0e5ff5f (1000 ETH)
(5) 0xab627BeC312504777E7Bf28463eEc30ea63Dbe65 (1000 ETH)
(6) 0x27E70EFC4B613B59440298c56cfC084De071B815 (1000 ETH)
(7) 0xe8557FdA722ED7BEb055582e168C5c8eAE7ddF1C (1000 ETH)
(8) 0x28238169E3Ae628832750484f75615f3bd57e324 (1000 ETH)
(9) 0xab8E78BD16222D17715a8A932B3AD258B9E9bf7D (1000 ETH)

Private Keys
==================
(0) 0xddc4c9f632ba1dddf817e08fd6a6c1bf10e1246f6fd001153407a611cabe0534
(1) 0x62eb9ce34cedeee6f243d97db8b909dd7e3c56a8a29b5d9000df87e6fb67a280
(2) 0x9935d822da0d8e7fbb63ce7258cd872d8416036429994a8ecf2e114b5be16f33
(3) 0xbed9ff20ef78ba45f9edb01f6d7e934363413c97b6dfa2ff1dab766de04b5767
(4) 0x90e921f71321191f4409d9976d9cb9dd55447ac0db35e9e682a7528653750560
(5) 0xd3d4904dae4e7cb0147302b9322ed8bf0c1a157d3d2c68e7e194077833885e59
(6) 0xe779ec2453d08ca67a18f9eaa3fa4a6c5863bb444b23c6db48e11234747ecc71
(7) 0x19b3f05ed496058afa7ed6a23dbce7b51b2ea99b730cbc703ac99f7ba92a788c
(8) 0xea2fb34b219847a0f20afc0ca41cdf4ae1884e0172e1a6e4d167c47a0d1a1d03
(9) 0xc8f8c7ad96031532fd7865e0b69c77e5613d669e656ddd9dcd0c586e7133c3fc

HD Wallet
==================
Mnemonic:      grow slender jaguar neck critic raccoon silly inch scale pony myth damp
Base HD Path:  m/44'/60'/0'/0/{account_index}

Default Gas Price
==================
2000000000

BlockGas Limit
==================
30000000

Call Gas Limit
==================
50000000

Chain
==================
Hardfork: shanghai
Id:       1337

RPC Listening on 127.0.0.1:8545
web3_clientVersion
eth_blockNumber
net_version
eth_accounts
eth_accounts
eth_blockNumber
net_version
eth_getBlockByNumber
eth_estimateGas
eth_getBlockByNumber
eth_gasPrice
eth_sendTransaction

  Transaction: 0xeafee0165b8f37fb3cfd372ff0cc1cca29d781c27a7df8541680282a11293bd9
  Contract created: 0x708a15b419450037845eed9246e448e23a3300b4
  Gas usage: 1239462
  Block number: 1
  Block time: Fri May 08 2026 01:36:37 GMT+0700 (Indochina Time)

eth_getTransactionReceipt
eth_getCode
eth_getTransactionReceipt
eth_getBlockByNumber
eth_gasPrice
eth_sendTransaction

  Transaction: 0x1219f8287250baf07419bdf3d1a090a3d1c2776c5d76949306104a74548cfe58
  Gas usage: 21055
  Block number: 2
  Block time: Fri May 08 2026 01:36:37 GMT+0700 (Indochina Time)

eth_getTransactionReceipt
net_version
eth_getBlockByNumber
eth_estimateGas
eth_getBlockByNumber
eth_gasPrice
eth_sendTransaction

  Transaction: 0xaa50af030f56106f17fcb58cdf20944083def818ba947345861d957815b852c4
  Gas usage: 71641
  Block number: 3
  Block time: Fri May 08 2026 01:36:37 GMT+0700 (Indochina Time)

eth_getTransactionReceipt
eth_blockNumber
eth_getBalance
eth_getTransactionByHash
debug_traceTransaction
eth_getTransactionByHash
debug_traceTransaction
eth_getTransactionByHash
debug_traceTransaction

Received shutdown signal: SIGTERM
Shutting down…
Server has been shut down
