ganache v7.9.2 (@ganache/cli: 0.10.2, @ganache/core: 0.10.2)
Starting RPC server

Available Accounts
==================
(0) 0xdC3A19836ed7A6b282282543C5A391ac9A046a86 (1000 ETH)
(1) 0x049853F6534Af45073cB91790642e68E1Bab2C84 (1000 ETH)
(2) 0xba712C92ae404190B8Bc923dA540d13A3AFa5792 (1000 ETH)
(3) 0x895ca2276EaEF0c44a34236302120C34c1eF0344 (1000 ETH)
(4) 0x470b2a3cD9b3D237eeDa933f2Bc594D4387d3916 (1000 ETH)
(5) 0x37f72582c4cbAcd221103dc52Ad31f0B4d1A7A78 (1000 ETH)
(6) 0x29795063ADbfCa1213678957BbF58FB9E3A5384D (1000 ETH)
(7) 0x2322e5e1Dd3D5918202085b56012383a049e0766 (1000 ETH)
(8) 0xea392A08FeACB8d13aA54855F22cb12050CbB0BF (1000 ETH)
(9) 0xbff6e27464cC25cd70960497d217C5F45a9b140A (1000 ETH)

Private Keys
==================
(0) 0x17ed00b676ba21dc18f52734a36ab516f5fc23cea112caca8128ceaf5894e5e4
(1) 0xe1a33b42f638fe7e9fe928236263cb74c51bc2550f2f13fde0600a3a308d5e28
(2) 0xdc843a786e2ae8e320d978e5840a92184468f00ce0c769d29cf89135b4366799
(3) 0x9aa02cbdf44ddf817901d282b4457c43eb858b822f62da4e762f1295b5788ab6
(4) 0x8de20c9fd86c9cbc15c70e895db4f471707417e36a515571a55c249efc0339e6
(5) 0x651ffed47d7313ce58cf24dff02284cf44243d4b14bf22250523102fbcb4b4f3
(6) 0xced81cbf419ada2dad261709165e4f05a79deb7a15452b6f1d568621dbed4a54
(7) 0x54f98be9937b5a975b97744284a227f13b0dabfbb37d36a84c63fb81bc916aed
(8) 0xa48da15c461a49d28d36e0626f145cc238c6622327aba79a948b613f9d0bfc50
(9) 0x887db2072fc1e90c66409da5754fb949534d887f3c4edc1221e47e1ae80a0fbd

HD Wallet
==================
Mnemonic:      hero idle kitchen output unusual work captain island swallow layer hungry color
Base HD Path:  m/44'/60'/0'/0/{account_index}

Default Gas Price
==================
2000000000

BlockGas Limit
==================
30000000

Call Gas Limit
==================
50000000

Chain
==================
Hardfork: shanghai
Id:       1337

RPC Listening on 127.0.0.1:8545
web3_clientVersion
eth_blockNumber
net_version
eth_accounts
eth_accounts
eth_blockNumber
net_version
eth_getBlockByNumber
eth_estimateGas
eth_getBlockByNumber
eth_gasPrice
eth_sendTransaction

  Transaction: 0x85bd6db7f1cd1b257063782258e903eeb5dd4047163c4701c7b816151c32c91b
  Contract created: 0xfcad6eeb932fbe163f9d9ac224ec4da140685717
  Gas usage: 1123899
  Block number: 1
  Block time: Thu May 07 2026 22:04:13 GMT+0700 (Indochina Time)

eth_getTransactionReceipt
eth_getCode
eth_getTransactionReceipt
eth_getBlockByNumber
eth_gasPrice
eth_sendTransaction

  Transaction: 0xb5ab5430302d10dd0d1cae262fde42614ab656d8aca00368b8c118a91ec8e2f0
  Gas usage: 21055
  Block number: 2
  Block time: Thu May 07 2026 22:04:14 GMT+0700 (Indochina Time)

eth_getTransactionReceipt
net_version
eth_getBlockByNumber
eth_estimateGas
eth_getBlockByNumber
eth_gasPrice
eth_sendTransaction

  Transaction: 0x1d9b44d6f8016f5d82dad576042d5537a8344f942c0c43488baf7bffa34a8c74
  Gas usage: 68747
  Block number: 3
  Block time: Thu May 07 2026 22:04:14 GMT+0700 (Indochina Time)

eth_getTransactionReceipt
eth_blockNumber
eth_getBalance
eth_getTransactionByHash
debug_traceTransaction
eth_getTransactionByHash
debug_traceTransaction
eth_getTransactionByHash
debug_traceTransaction

Received shutdown signal: SIGTERM
Shutting down…
Server has been shut down
