Using network 'development'.

{
  "ok": true,
  "graph_id": "",
  "pair": "E->F|evm|fund:ef",
  "pairKey": "E->F|evm|fund:ef",
  "contract": "CTLCMultipleEdges",
  "scenario": "refund",
  "deployGas": "0x139ca6",
  "gasUsed": "59539",
  "disableGasUsed": "0",
  "claimGasUsed": "",
  "refundGasUsed": "59539",
  "contractAddress": "0xe38964CF3FcA2da7b392Df6E4971Fc05DAc21A59",
  "startBlock": "0",
  "endBlock": "9",
  "finalContractBalanceWei": "0",
  "deployer": "0x15aA8cd896C84304EC61515dcAC17cD7FB87602c",
  "party": "0x11f9498E7bD2fc518EBDf46090E0E113E3BE2c9C",
  "counterparty": "0x2a5c8B75FC38Ce64218C8dBf53CF4F1ccFB4aFAc",
  "fundingWei": "1000000000000000000",
  "timelocks": [
    8
  ],
  "transactions": [
    {
      "role": "deploy",
      "txHash": "0xdf698a06c2723d7ff459b74a76ae85e0be576473b8c2433c3de76225a6567857"
    },
    {
      "role": "fund",
      "txHash": "0xf919421a9c7bd5fb3aa97fe1b208aefe5da66c494a214a4d392b0f8de96ea693"
    },
    {
      "role": "refund",
      "txHash": "0x7d7edc6d15f0d0d674350aafd393c05310f8ccb2516346bb918b26a94ce729a8",
      "level": 0
    }
  ],
  "txRoles": [
    {
      "role": "deploy",
      "txHash": "0xdf698a06c2723d7ff459b74a76ae85e0be576473b8c2433c3de76225a6567857"
    },
    {
      "role": "fund",
      "txHash": "0xf919421a9c7bd5fb3aa97fe1b208aefe5da66c494a214a4d392b0f8de96ea693"
    },
    {
      "role": "refund",
      "txHash": "0x7d7edc6d15f0d0d674350aafd393c05310f8ccb2516346bb918b26a94ce729a8",
      "level": 0
    }
  ],
  "deployTxHash": "0xdf698a06c2723d7ff459b74a76ae85e0be576473b8c2433c3de76225a6567857",
  "fundTxHash": "0xf919421a9c7bd5fb3aa97fe1b208aefe5da66c494a214a4d392b0f8de96ea693",
  "refundTxHash": "0x7d7edc6d15f0d0d674350aafd393c05310f8ccb2516346bb918b26a94ce729a8",
  "refundTx": "0x7d7edc6d15f0d0d674350aafd393c05310f8ccb2516346bb918b26a94ce729a8"
}
