COMMAND: python3 experiments/scale_trace/scripts/trace_result_json.py /home/aothuatgiadp/blockchain/project/CTLC-Implementation/experiments/scale_trace/runs/random_v1_169/B-_C_evm_fund_bc_CTLCMultipleEdges_best_claim/result.json /home/aothuatgiadp/blockchain/project/CTLC-Implementation/experiments/scale_trace/runs/random_v1_169/B-_C_evm_fund_bc_CTLCMultipleEdges_best_claim/trace.json
STATUS: 0

STDOUT:
{
  "graph_id": "",
  "pair": "B->C|evm|fund:bc",
  "contract": "CTLCMultipleEdges",
  "scenario": "best_claim",
  "contractAddress": "0xc6B9B7056C264FAB126F5b8EC756C42222EED473",
  "traces": {
    "deploy": {
      "tx_hash": "0xc06d03af3a0e87fa79be8b47dd1ad9462213ea0b7d0ecbc07dd0787caf7042b3",
      "actual_calldata_bytes": 9097,
      "actual_sstore_count": 47,
      "actual_call_count": 0,
      "opcode_steps": 6599
    },
    "fund": {
      "tx_hash": "0x440ea680d246da04e02ddb0d063ec9c53bfbc75a055f47d9e7b954dc8328cbe7",
      "actual_calldata_bytes": 0,
      "actual_sstore_count": 0,
      "actual_call_count": 0,
      "opcode_steps": 13
    },
    "claim_level0": {
      "tx_hash": "0x98daf1792cb87604e458d019f131e560b7487578d2979d49f72c5b668ce5cdf9",
      "actual_calldata_bytes": 516,
      "actual_sstore_count": 1,
      "actual_call_count": 1,
      "opcode_steps": 1953
    }
  }
}


STDERR:

