ganache v7.9.2 (@ganache/cli: 0.10.2, @ganache/core: 0.10.2)
Starting RPC server

Available Accounts
==================
(0) 0xa517618C655487DBffdC522E32ffDc1f6FfE438a (1000 ETH)
(1) 0xD897b2b0290fE6a57026D31Dc01FED7ca104e0ba (1000 ETH)
(2) 0xCcE69c8E412EB4589cf0F3BCfB1Dca9c562CC79D (1000 ETH)
(3) 0xcC6CAA037e091EFc92552Be94AF7aA8132767Dc4 (1000 ETH)
(4) 0x19bb7d4A11a1AC7a4e3a64e2bee7eb7Ef83B10f5 (1000 ETH)
(5) 0xC757Ff5777734f3245a693E59c0855aA6E0769c4 (1000 ETH)
(6) 0x5d33Ad679d0343E5a3A6Ed2ed3D380a5E7c55060 (1000 ETH)
(7) 0x28063727cf4299a13ab4d4a303bE779545508Fb4 (1000 ETH)
(8) 0x97F3E4C37B0ea5f8F288b63410954894E2d36085 (1000 ETH)
(9) 0x38a9a98481CA8f8FB5E41663E770EFA89BA45A1d (1000 ETH)

Private Keys
==================
(0) 0x3e61e57a4a503a9a4d91d717dde1f88b63eaab9b42e16363a72452d803ba7449
(1) 0xfa046b896d7f69022737b5718eff49c635212ac4b1603af66b02d7d25646a5c0
(2) 0x4a35b9e0bae1fa79000c3e07abbf876b6123c5799f1a1ae684d73857ee0e5724
(3) 0x66345160c62075277d8a724f6e9f96176436bd2b28083722b65a44ae29de7bfd
(4) 0xc03b0874cf2a88a80aae56bc258f807077802cb1a64fd2e53bacad47dc788d03
(5) 0x5b068a3cf382bbf64ff76a445fa7540383dc5da4148c66d9dc79324b34c40c08
(6) 0x0573d2b7f1089c6cd83ead4ff26687fc329c352c8181627537b1d52e183462b3
(7) 0x63f528e43b7842baaafa60ef21edf7fa830e522f72069b0d815590adbe674a1e
(8) 0xde6c1160ab8a799d1ab56a4ef5db8bb95447eda09065ebe093b26d3d3e3c1cca
(9) 0x8b2c0b13c14727fda98c69ac09d5eb21fd52c0fa4fa5af8e3199602dfefe1ac2

HD Wallet
==================
Mnemonic:      captain fold mechanic clock risk tornado screen chaos item item eight poem
Base HD Path:  m/44'/60'/0'/0/{account_index}

Default Gas Price
==================
2000000000

BlockGas Limit
==================
30000000

Call Gas Limit
==================
50000000

Chain
==================
Hardfork: shanghai
Id:       1337

RPC Listening on 127.0.0.1:8545
web3_clientVersion
eth_blockNumber
net_version
eth_accounts
eth_accounts
eth_blockNumber
net_version
eth_getBlockByNumber
eth_estimateGas
eth_getBlockByNumber
eth_gasPrice
eth_sendTransaction

  Transaction: 0x814c8d897e77abcadd3efd0dd2a3d42dc3abc73ddb5a04c1c9dd3cba21e3b17d
  Contract created: 0xd843fba68295742aeecb36ea5010e209699a6c58
  Gas usage: 1239462
  Block number: 1
  Block time: Thu May 07 2026 23:57:12 GMT+0700 (Indochina Time)

eth_getTransactionReceipt
eth_getCode
eth_getTransactionReceipt
eth_getBlockByNumber
eth_gasPrice
eth_sendTransaction

  Transaction: 0x614ac70e4732f7048a84bc0a3a2ebae3dbd78be6683e3255c0389f530665ab1a
  Gas usage: 21055
  Block number: 2
  Block time: Thu May 07 2026 23:57:12 GMT+0700 (Indochina Time)

eth_getTransactionReceipt
net_version
eth_getBlockByNumber
eth_estimateGas
eth_getBlockByNumber
eth_gasPrice
eth_sendTransaction

  Transaction: 0x599a566bf0b06fa1488b44f92d146df58a9a2a2dc79f3ef05815c8b8d8ce4f09
  Gas usage: 71641
  Block number: 3
  Block time: Thu May 07 2026 23:57:12 GMT+0700 (Indochina Time)

eth_getTransactionReceipt
eth_blockNumber
eth_getBalance
eth_getTransactionByHash
debug_traceTransaction
eth_getTransactionByHash
debug_traceTransaction
eth_getTransactionByHash
debug_traceTransaction

Received shutdown signal: SIGTERM
Shutting down…
Server has been shut down
