ganache v7.9.2 (@ganache/cli: 0.10.2, @ganache/core: 0.10.2)
Starting RPC server

Available Accounts
==================
(0) 0x99277c3862Eee27803135E015175c90A33e4Ac51 (1000 ETH)
(1) 0x20D44B223dBbbAFB8b3283d7f72Ee8cdD5300938 (1000 ETH)
(2) 0xbc16422B7213406F79760BD7BfEA1698EF10f9f9 (1000 ETH)
(3) 0xa9c0bC9F47Fc39B7E74FE08f4E3f3D0528bB37be (1000 ETH)
(4) 0x735d3aB492F97D7B4fAa7727844d4AfFb76bb518 (1000 ETH)
(5) 0x9e6a805744B3867F7726C1359577C226AF6a2097 (1000 ETH)
(6) 0xbE53ED96FAdB6D008fd15c07E28f7B2E9B009707 (1000 ETH)
(7) 0xCd1835BF09EeAA53dB8a42B25b6bE76970225663 (1000 ETH)
(8) 0x4059A51044f46Aae3f71B609fb319209F7AFFB76 (1000 ETH)
(9) 0x986CbE739e7428Ab48BD4833f3eF1616BA3a62eE (1000 ETH)

Private Keys
==================
(0) 0x8de812bc050a6f6d7aac4916480c67cf006472106e50d802470d051713c82e3c
(1) 0x153ba278a7ca711786583632cbd48b1b29fc36c91681dbd3daa6f0845021d86f
(2) 0xea7bf7204623610189aad92534db31fb5e883d84b48ce9b4b8feb8fc2e9a402b
(3) 0xac0e300e245fe076f3bc76950c39fe76ce934b61a3ac954bd1053675cb646914
(4) 0x8e7525b831d1f4e2863213c9e1c9d6aad52563e7ca63575f961a3bd2b156ea49
(5) 0x6c9374cff95fce2a4fdc2decfbd4b713fa1f8121ad4114f821af41004029c25b
(6) 0x35f7f852c54c38cb8611ac5fa1e84b42b865c193292556e2c4f2badb4343d517
(7) 0x6f658dee9692e963a8fced03bebc5be19c616d6a2c6d678eb197c9d0559dfe2b
(8) 0x7484b7ecca102550314f746eccb68565b8ae56ada63768b54271098b14e11a79
(9) 0xf4cc7be7b6655ef0512e40f03ea5578ec340dafbf63dbb2e496b8dc947615f30

HD Wallet
==================
Mnemonic:      glide tape snap mass chicken lawn faculty margin sausage defense cash net
Base HD Path:  m/44'/60'/0'/0/{account_index}

Default Gas Price
==================
2000000000

BlockGas Limit
==================
30000000

Call Gas Limit
==================
50000000

Chain
==================
Hardfork: shanghai
Id:       1337

RPC Listening on 127.0.0.1:8545
web3_clientVersion
eth_blockNumber
net_version
eth_accounts
eth_accounts
eth_blockNumber
net_version
eth_getBlockByNumber
eth_estimateGas
eth_getBlockByNumber
eth_gasPrice
eth_sendTransaction

  Transaction: 0x5a208a2a27f1566ced4d85a32c5a3b47978efbe3de0e40c0a0b9331a57aca42f
  Contract created: 0x771c80a623cd62a127a4fe10f6c981f587bc665b
  Gas usage: 1469700
  Block number: 1
  Block time: Fri May 08 2026 01:03:22 GMT+0700 (Indochina Time)

eth_getTransactionReceipt
eth_getCode
eth_getTransactionReceipt
eth_getBlockByNumber
eth_gasPrice
eth_sendTransaction

  Transaction: 0xfd613b4ae56bb2275cedec5e5b0b2bc63a667b54054480d8b6e338403cc49a34
  Gas usage: 21055
  Block number: 2
  Block time: Fri May 08 2026 01:03:22 GMT+0700 (Indochina Time)

eth_getTransactionReceipt
eth_blockNumber
evm_mine
eth_blockNumber
evm_mine
eth_blockNumber
evm_mine
eth_blockNumber
evm_mine
eth_blockNumber
evm_mine
eth_blockNumber
evm_mine
eth_blockNumber
net_version
eth_getBlockByNumber
eth_estimateGas
eth_getBlockByNumber
eth_gasPrice
eth_sendTransaction

  Transaction: 0xb051607325537d36177f8ecd54b4b2aa95f0a3e1fdecfceb2dbd80b347de7b00
  Gas usage: 52925
  Block number: 9
  Block time: Fri May 08 2026 01:03:22 GMT+0700 (Indochina Time)

eth_getTransactionReceipt
eth_blockNumber
net_version
eth_getBlockByNumber
eth_estimateGas
eth_getBlockByNumber
eth_gasPrice
eth_sendTransaction

  Transaction: 0x2e7b7bfa9d6bf10bcda41e69e8fa47279fdf4a9478e78280b073a96ac0d11834
  Gas usage: 59539
  Block number: 10
  Block time: Fri May 08 2026 01:03:22 GMT+0700 (Indochina Time)

eth_getTransactionReceipt
eth_blockNumber
eth_getBalance
eth_getTransactionByHash
debug_traceTransaction
eth_getTransactionByHash
debug_traceTransaction
eth_getTransactionByHash
debug_traceTransaction
eth_getTransactionByHash
debug_traceTransaction

Received shutdown signal: SIGTERM
Shutting down…
Server has been shut down
