ganache v7.9.2 (@ganache/cli: 0.10.2, @ganache/core: 0.10.2)
Starting RPC server
web3_clientVersion

Available Accounts
==================
(0) 0x70Eb78d264BC66202E44ea283d738Bee5AD1130F (1000 ETH)
(1) 0x544D7a386804dDb932EB69ac30687Ce7f5937d10 (1000 ETH)
(2) 0xA5eE4Ff57d8989c721c8BeB6eac11d18E101d0B2 (1000 ETH)
(3) 0xb3f2B8ed33d2d87F5b9d4D871EDC812E1E9a7E10 (1000 ETH)
(4) 0x8686F8AA622Aa4A7a33aAC603510e99EaA5dacE2 (1000 ETH)
(5) 0xc452bC6C5B1B8cFa7D6612b4801c0c477045e123 (1000 ETH)
(6) 0xbb06a9891c51d86C027BE20735C08b4c2712AF0D (1000 ETH)
(7) 0x88e31d8Ea70b5206Eb913d8e8BF8E4dB9799A5bA (1000 ETH)
(8) 0x9623B3D55377a565797c2672243C91D65cC91ce8 (1000 ETH)
(9) 0x710da26359D37c351349fAfde959DF74CDaE3fA0 (1000 ETH)

Private Keys
==================
(0) 0x977a341e4699699b3cfb0da44bc0a77f8e83a67e221ceb6ede816cfbd797899d
(1) 0xfad4b933a55fe63dfcd290827dea826c693d0d00efbb85c0cbc57fcc231d5cb8
(2) 0xd4f54424ec8c7f8c324d8a23bda7e6de6eb9a1ff88a7c76ad6b56cf0c1d7ffa3
(3) 0x123111ff84927055127d1cd7185780f59d67e9e9898ef01b7ca4b2020c035a74
(4) 0xd024b0a40ae21f7e2204094bce73dd56a1ca68804492de9e5f5746bbc950d64a
(5) 0x279c75b63048a46e2dbedcf5e0e2b15c42dfb621cca1c9f6776d4aeeae0b4058
(6) 0x3d05008ec0c8200c205d2b68d07999faaff9eb67692ec71e28462f3020950bb4
(7) 0x5c2bac51fc9d3c3597dc02423b43c962b73410a92988f46d3a366f288573338a
(8) 0x891033c6459411cfc4bc398d4f48c13e7acdec158a408fe7b2d972f657f9fa31
(9) 0xa78377daea1563cc2b2a52dd2e55c9d13e0b9028fd462f030be8e28837baa079

HD Wallet
==================
Mnemonic:      project elbow nurse vivid also please urban brief debate tray wing snap
Base HD Path:  m/44'/60'/0'/0/{account_index}

Default Gas Price
==================
2000000000

BlockGas Limit
==================
30000000

Call Gas Limit
==================
50000000

Chain
==================
Hardfork: shanghai
Id:       1337

RPC Listening on 127.0.0.1:8545
eth_blockNumber
net_version
eth_accounts
eth_accounts
eth_blockNumber
net_version
eth_getBlockByNumber
eth_estimateGas
eth_getBlockByNumber
eth_gasPrice
eth_sendTransaction

  Transaction: 0x5fcbf74ad2dae67c6f75e2138cc6a6b0f8bb6f86f614af9cb165ea6899f19c9f
  Contract created: 0xddfab4f8ef16c7e4372fd33a9b7483d111b94177
  Gas usage: 1239462
  Block number: 1
  Block time: Thu May 07 2026 20:32:49 GMT+0700 (Indochina Time)

eth_getTransactionReceipt
eth_getCode
eth_getTransactionReceipt
eth_getBlockByNumber
eth_gasPrice
eth_sendTransaction

  Transaction: 0x9a4b299ffd31db6f169bb800b16d11cbaa43fc253791813f91fc083d2cda9349
  Gas usage: 21055
  Block number: 2
  Block time: Thu May 07 2026 20:32:49 GMT+0700 (Indochina Time)

eth_getTransactionReceipt
net_version
eth_getBlockByNumber
eth_estimateGas
eth_getBlockByNumber
eth_gasPrice
eth_sendTransaction

  Transaction: 0x61ab770cdb8d7a40e8a713596f544049f840cf002cacfbbeeeffa19c17d0ed0f
  Gas usage: 71641
  Block number: 3
  Block time: Thu May 07 2026 20:32:49 GMT+0700 (Indochina Time)

eth_getTransactionReceipt
eth_blockNumber
eth_getBalance
eth_getTransactionByHash
debug_traceTransaction
eth_getTransactionByHash
debug_traceTransaction
eth_getTransactionByHash
debug_traceTransaction

Received shutdown signal: SIGTERM
Shutting down…
Server has been shut down
