Using network 'development'.

{
  "ok": true,
  "graph_id": "",
  "pair": "D->E|evm|fund:de",
  "pairKey": "D->E|evm|fund:de",
  "contract": "CTLCOnly",
  "scenario": "refund",
  "deployGas": "0x117fbb",
  "gasUsed": "59561",
  "disableGasUsed": "0",
  "claimGasUsed": "",
  "refundGasUsed": "59561",
  "contractAddress": "0x449f374f9a07985c80E36E6090B48e8ABeB0257C",
  "startBlock": "0",
  "endBlock": "9",
  "finalContractBalanceWei": "0",
  "deployer": "0x2f4D40f64E0877A765eBc16f9b738795829544e0",
  "party": "0x92b64Fe57a8DBbecd7D1f2D5710F31b532888698",
  "counterparty": "0x9c6a4C5931c08cC544820Edbb71F84775Da4eAD1",
  "fundingWei": "1000000000000000000",
  "timelocks": [
    8
  ],
  "transactions": [
    {
      "role": "deploy",
      "txHash": "0x82528ec6e4bdafbd0dbfb6f35cb6a6a05a90561a74126491929aba6328e3d3b3"
    },
    {
      "role": "fund",
      "txHash": "0xd54d19f507e76501b829f21446c8b06ec065dde0941fb4e752945c2f8fa56250"
    },
    {
      "role": "refund",
      "txHash": "0x34f79da486e057ac4ff5caf740da4b5afb3fd82ee932c0138da16c03e7014f96",
      "level": 0
    }
  ],
  "txRoles": [
    {
      "role": "deploy",
      "txHash": "0x82528ec6e4bdafbd0dbfb6f35cb6a6a05a90561a74126491929aba6328e3d3b3"
    },
    {
      "role": "fund",
      "txHash": "0xd54d19f507e76501b829f21446c8b06ec065dde0941fb4e752945c2f8fa56250"
    },
    {
      "role": "refund",
      "txHash": "0x34f79da486e057ac4ff5caf740da4b5afb3fd82ee932c0138da16c03e7014f96",
      "level": 0
    }
  ],
  "deployTxHash": "0x82528ec6e4bdafbd0dbfb6f35cb6a6a05a90561a74126491929aba6328e3d3b3",
  "fundTxHash": "0xd54d19f507e76501b829f21446c8b06ec065dde0941fb4e752945c2f8fa56250",
  "refundTxHash": "0x34f79da486e057ac4ff5caf740da4b5afb3fd82ee932c0138da16c03e7014f96",
  "refundTx": "0x34f79da486e057ac4ff5caf740da4b5afb3fd82ee932c0138da16c03e7014f96"
}
