ganache v7.9.2 (@ganache/cli: 0.10.2, @ganache/core: 0.10.2)
Starting RPC server

Available Accounts
==================
(0) 0xB8377442a692b98E192927d523bC64702D33D544 (1000 ETH)
(1) 0x44cC561FaF4a71ea2495feA69Fd90a435efA702c (1000 ETH)
(2) 0xF6d87172b9F8A55d9Cb1994c05b071E7cE819eF9 (1000 ETH)
(3) 0x1be5E2ce5a35927A000E18AfC77DB54Bd8DFd801 (1000 ETH)
(4) 0xa31A3F7e0A4986B0acf1e39d4A4841295FC6635a (1000 ETH)
(5) 0x262756C2BE1D1493Ec91eec3E6A8a7f2D0c31830 (1000 ETH)
(6) 0x866a98f95F32287858ba09DF01397ec114921aB3 (1000 ETH)
(7) 0x4332f265Cb5339aae3e726Dc951E85C854E50A9c (1000 ETH)
(8) 0x64AC71ae19167Ea0232124e42f85fC6557c97e9F (1000 ETH)
(9) 0xbB23F9888B08F17ae33364AB554C9CC7D1C60752 (1000 ETH)

Private Keys
==================
(0) 0x6586a63a272554d15c378c8666e573ed5f3c43089d755f706deda76ef7b46a3d
(1) 0xf05349d0443c18643e76d6a47f7f894d3123e69d1a564af0021f31a2d640299b
(2) 0x81dc010f0154a7fa70687863c5732be4a32f6145ce98f22fac53076dc94039cc
(3) 0x967c8f966d0dd1cdf68b7103f92ccf80301ffddaf26ec1bafc6cbc906d23e4ff
(4) 0x99b0e4ed101992f6dcf13039cc699b3d1167b53f7378dc42eea20630e7a41412
(5) 0xda71343a23fbfacfc1e28af06358ea1c5b6c758609b1a177f38f12f9f586e5d5
(6) 0x472087b973f168f08dc9b187cb4264dc0a54d9be9079181a5d29b81b65fc8bd9
(7) 0x8b269576871cd226d967c85c20232915490133b5d9d50e094cf5ee46acff8c38
(8) 0x12a5957f091840b9a4e94bc8a197aa040ba62512a501f2abe4d8f72698338873
(9) 0x5efcbf87d81a1a0a2461219b9e6b144d5fb6e7042d61f2cdfbbeead781fc38c8

HD Wallet
==================
Mnemonic:      extend undo social safe quit alien seek undo robust save fox nothing
Base HD Path:  m/44'/60'/0'/0/{account_index}

Default Gas Price
==================
2000000000

BlockGas Limit
==================
30000000

Call Gas Limit
==================
50000000

Chain
==================
Hardfork: shanghai
Id:       1337

RPC Listening on 127.0.0.1:8545
web3_clientVersion
eth_blockNumber
net_version
eth_accounts
eth_accounts
eth_blockNumber
net_version
eth_getBlockByNumber
eth_estimateGas
eth_getBlockByNumber
eth_gasPrice
eth_sendTransaction

  Transaction: 0xb9a2d243a418c079812231cca8a30d0d5868cfaeac821cb0c30c3216535d3609
  Contract created: 0x386d59ddabb3da781bf779f1fb459116ed173d0b
  Gas usage: 2481650
  Block number: 1
  Block time: Fri May 08 2026 00:37:08 GMT+0700 (Indochina Time)

eth_getTransactionReceipt
eth_getCode
eth_getTransactionReceipt
eth_getBlockByNumber
eth_gasPrice
eth_sendTransaction

  Transaction: 0x91323b931d80804f46edd0843586ea64b9c860eab3be6235b3fab2ebdbeba556
  Gas usage: 21055
  Block number: 2
  Block time: Fri May 08 2026 00:37:09 GMT+0700 (Indochina Time)

eth_getTransactionReceipt
eth_blockNumber
evm_mine
eth_blockNumber
evm_mine
eth_blockNumber
evm_mine
eth_blockNumber
evm_mine
eth_blockNumber
evm_mine
eth_blockNumber
evm_mine
eth_blockNumber
net_version
eth_getBlockByNumber
eth_estimateGas
eth_getBlockByNumber
eth_gasPrice
eth_sendTransaction

  Transaction: 0x8de170489865abdc4c45129935016f18bba90e6316f9acb4c813724435a3a882
  Gas usage: 52925
  Block number: 9
  Block time: Fri May 08 2026 00:37:09 GMT+0700 (Indochina Time)

eth_getTransactionReceipt
eth_blockNumber
net_version
eth_getBlockByNumber
eth_estimateGas
eth_getBlockByNumber
eth_gasPrice
eth_sendTransaction

  Transaction: 0x977ad0871044353bbecaebf3dba7ed02e3e2675ee76acf6f8fe09b5c4ea629d9
  Gas usage: 35837
  Block number: 10
  Block time: Fri May 08 2026 00:37:09 GMT+0700 (Indochina Time)

eth_getTransactionReceipt
eth_blockNumber
evm_mine
eth_blockNumber
net_version
eth_getBlockByNumber
eth_estimateGas
eth_getBlockByNumber
eth_gasPrice
eth_sendTransaction

  Transaction: 0xecdb72dedea931c3488691d2f01cdc43ed1c086f8972dd3604863e648dcb2096
  Gas usage: 59539
  Block number: 12
  Block time: Fri May 08 2026 00:37:09 GMT+0700 (Indochina Time)

eth_getTransactionReceipt
eth_blockNumber
eth_getBalance
eth_getTransactionByHash
debug_traceTransaction
eth_getTransactionByHash
debug_traceTransaction
eth_getTransactionByHash
debug_traceTransaction
eth_getTransactionByHash
debug_traceTransaction
eth_getTransactionByHash
debug_traceTransaction

Received shutdown signal: SIGTERM
Shutting down…
Server has been shut down
