COMMAND: python3 experiments/scale_trace/scripts/trace_result_json.py /home/aothuatgiadp/blockchain/project/CTLC-Implementation/experiments/scale_trace/runs/random_v1_78/B-_D_evm_fund_bd_CTLCMultipleEdges_worst_claim/result.json /home/aothuatgiadp/blockchain/project/CTLC-Implementation/experiments/scale_trace/runs/random_v1_78/B-_D_evm_fund_bd_CTLCMultipleEdges_worst_claim/trace.json
STATUS: 0

STDOUT:
{
  "graph_id": "",
  "pair": "B->D|evm|fund:bd",
  "contract": "CTLCMultipleEdges",
  "scenario": "worst_claim",
  "contractAddress": "0xe17Cb0dDD934ab3ce8154ca8a740539e82b1CE5E",
  "traces": {
    "deploy": {
      "tx_hash": "0xb3a1762f8fb1eb62eb5f5eb0b84dcd6c110aafed71bb4ac0c0814e3dda69e64a",
      "actual_calldata_bytes": 8201,
      "actual_sstore_count": 23,
      "actual_call_count": 0,
      "opcode_steps": 3474
    },
    "fund": {
      "tx_hash": "0xf6f45bef9f48ac4ffcf9875c2e917e32b437cebbe53e6ab58219ee3b58317ff9",
      "actual_calldata_bytes": 0,
      "actual_sstore_count": 0,
      "actual_call_count": 0,
      "opcode_steps": 13
    },
    "claim_level0": {
      "tx_hash": "0x2444a84cad21d074bc15c55cd144c3cb6b5b31f1c591c5da6b7a1472d08332ac",
      "actual_calldata_bytes": 420,
      "actual_sstore_count": 1,
      "actual_call_count": 1,
      "opcode_steps": 1597
    }
  }
}


STDERR:

