Using network 'development'.

{
  "ok": true,
  "graph_id": "",
  "pair": "E->B|evm|fund:eb",
  "pairKey": "E->B|evm|fund:eb",
  "contract": "CTLCMultipleEdges",
  "scenario": "worst_claim",
  "deployGas": "0x139ca6",
  "gasUsed": "75948",
  "disableGasUsed": "0",
  "claimGasUsed": "75948",
  "refundGasUsed": "",
  "contractAddress": "0x7ad4d4E86e9d7B2a771ffD99154B4bf9b72cfd07",
  "startBlock": "0",
  "endBlock": "3",
  "finalContractBalanceWei": "0",
  "deployer": "0xA2030358E2dDF4dfDEaC312b8062d55392f24a03",
  "party": "0x9831D582D95f872e1490f0eA70b1FB0A5768B5C5",
  "counterparty": "0x9b6cE5af3617cc3448aA3573cdd5d41c10aC3DED",
  "fundingWei": "1000000000000000000",
  "timelocks": [
    8
  ],
  "transactions": [
    {
      "role": "deploy",
      "txHash": "0xb6eeeadcec4bafcd7df5cd02a52e1329c611135c98da86186a45bb267d800833"
    },
    {
      "role": "fund",
      "txHash": "0xcdefba7bf2e25ad50ec641fa92fb47b279eebf769af2d7263e0b405a002eef78"
    },
    {
      "role": "claim",
      "txHash": "0xe98c0105f982c8511bc5f8ca2fb6b984a54c5aa9df718d3fada2c691fdc7609f",
      "level": 0,
      "option": 0
    }
  ],
  "txRoles": [
    {
      "role": "deploy",
      "txHash": "0xb6eeeadcec4bafcd7df5cd02a52e1329c611135c98da86186a45bb267d800833"
    },
    {
      "role": "fund",
      "txHash": "0xcdefba7bf2e25ad50ec641fa92fb47b279eebf769af2d7263e0b405a002eef78"
    },
    {
      "role": "claim",
      "txHash": "0xe98c0105f982c8511bc5f8ca2fb6b984a54c5aa9df718d3fada2c691fdc7609f",
      "level": 0,
      "option": 0
    }
  ],
  "deployTxHash": "0xb6eeeadcec4bafcd7df5cd02a52e1329c611135c98da86186a45bb267d800833",
  "fundTxHash": "0xcdefba7bf2e25ad50ec641fa92fb47b279eebf769af2d7263e0b405a002eef78",
  "claimTxHash": "0xe98c0105f982c8511bc5f8ca2fb6b984a54c5aa9df718d3fada2c691fdc7609f",
  "txHash": "0xe98c0105f982c8511bc5f8ca2fb6b984a54c5aa9df718d3fada2c691fdc7609f",
  "tx": "0xe98c0105f982c8511bc5f8ca2fb6b984a54c5aa9df718d3fada2c691fdc7609f"
}
