ganache v7.9.2 (@ganache/cli: 0.10.2, @ganache/core: 0.10.2)
Starting RPC server

Available Accounts
==================
(0) 0x2B625189070234D4A7a2F0e3b808C9a680d4a65A (1000 ETH)
(1) 0xD9D33231Cc774b62fA0C254058eF676BDF070695 (1000 ETH)
(2) 0xdf89fafA9B5981D33234Ff0A506FcfC0f1cBc6D0 (1000 ETH)
(3) 0x490ba6B0D2FF2ec067F36d3789607C02A54cb7Af (1000 ETH)
(4) 0xd42c0bb992B84A3a02D606832732726e55b2d037 (1000 ETH)
(5) 0x784464BC75C46Be198B4d8f5A7afb051516aA6e7 (1000 ETH)
(6) 0x36744a1d95A1F41B1c809BD651f74bC08b8FC1d9 (1000 ETH)
(7) 0x2653297e7BB8f738D97090De45897A8083b7a399 (1000 ETH)
(8) 0x8d9710917D8150622571a0190E330F9431662816 (1000 ETH)
(9) 0xbE715876062ddB2447Df9f40d6E33634ED14fBf1 (1000 ETH)

Private Keys
==================
(0) 0x9c9f5674eff114b1ffd7ce345125bfa8daab9d602c8069d42ddd86b00d2d4db8
(1) 0x2b52f2cb71ce8f1f00344a7e0eeaf47ac6eb878617a8237485d29ad9122d22f0
(2) 0x3bedfb4dde3c73fa4329badb88119dbffed5863f6c489e3d82428abd9f21dc02
(3) 0x08d0fcd81b2384a11fa29c5def75d0155b4a7e0829a62473f1b6e76a63e06ad0
(4) 0xbbbda61e8bd95d24a6f4729c1b7f0e1862b40831c8728927669462b60570e81e
(5) 0x9816bcb9647b634263f1ee80cb27ee9dd81d72ec8c8103c9e74ea5d9d1adf2be
(6) 0x393bc596ee37e121d119478e935839e358bcacb3ffcdd4e096b0235074b91d98
(7) 0x252568a45afe45567fc54ff3f794fd3f4afbab7b42d7ace954dad056076a1778
(8) 0xd0e96df8fb2a239aad611681a5c0c528dd4ee4ed7236dd4d44661661c65a89fb
(9) 0x328f69b698b4329656b69493baed9e3305309357c4a2ae5bd6dfe793f2fa4d78

HD Wallet
==================
Mnemonic:      wheel casual march believe huge input frame eager net spirit long december
Base HD Path:  m/44'/60'/0'/0/{account_index}

Default Gas Price
==================
2000000000

BlockGas Limit
==================
30000000

Call Gas Limit
==================
50000000

Chain
==================
Hardfork: shanghai
Id:       1337

RPC Listening on 127.0.0.1:8545
web3_clientVersion
eth_blockNumber
net_version
eth_accounts
eth_accounts
eth_blockNumber
net_version
eth_getBlockByNumber
eth_estimateGas
eth_getBlockByNumber
eth_gasPrice
eth_sendTransaction

  Transaction: 0x875c5d6c81321ea75961b99e6c229555d59a13e562e958ddf9e32a48c9002adf
  Contract created: 0x30f35d0ddfd8757220dfe63b16b28fbe9e9a79d1
  Gas usage: 1100987
  Block number: 1
  Block time: Fri May 08 2026 01:18:55 GMT+0700 (Indochina Time)

eth_getTransactionReceipt
eth_getCode
eth_getTransactionReceipt
eth_getBlockByNumber
eth_gasPrice
eth_sendTransaction

  Transaction: 0x231b0124c7be8b0ed7c763a6fb3e1ab73f815ec12dd46d975fe0387e7941507c
  Gas usage: 21055
  Block number: 2
  Block time: Fri May 08 2026 01:18:55 GMT+0700 (Indochina Time)

eth_getTransactionReceipt
net_version
eth_getBlockByNumber
eth_estimateGas
eth_getBlockByNumber
eth_gasPrice
eth_sendTransaction

  Transaction: 0x366ab9eaef053c6217a6ae6ce1e70179bf61b193b8908a88c15cb619017430ed
  Gas usage: 64620
  Block number: 3
  Block time: Fri May 08 2026 01:18:55 GMT+0700 (Indochina Time)

eth_getTransactionReceipt
eth_blockNumber
eth_getBalance
eth_getTransactionByHash
debug_traceTransaction
eth_getTransactionByHash
debug_traceTransaction
eth_getTransactionByHash
debug_traceTransaction

Received shutdown signal: SIGTERM
Shutting down…
Server has been shut down
