ganache v7.9.2 (@ganache/cli: 0.10.2, @ganache/core: 0.10.2)
Starting RPC server

Available Accounts
==================
(0) 0x98d006B021393268e1eB5308395dEE9E9E5bd34c (1000 ETH)
(1) 0x19616aB2a2a864fF09978e409C2a03C2bab5267A (1000 ETH)
(2) 0xd74B3aDe12a20dbb1FAB195d8A49d43b5Be63a09 (1000 ETH)
(3) 0xeb39D57bCbB90BbbC464dB8f9050A5042f13b595 (1000 ETH)
(4) 0xCF42eece90eF8Eda76A50d0C5f8f64F76cE1D0F1 (1000 ETH)
(5) 0x059555aFB9023e622A18c9dac546937d2b07A0fc (1000 ETH)
(6) 0x8CC703612B888eC1345C0E6196d89CC7A82bf24a (1000 ETH)
(7) 0x4634b0e1Daf9e67F7Ca8b6dDed9EFe4ceE9640e3 (1000 ETH)
(8) 0xB8Dd624039deF1336a030C89a9BA1d4CFb88c1ED (1000 ETH)
(9) 0x7834Dbcd1939A55Af263D91bf31d280c01579130 (1000 ETH)

Private Keys
==================
(0) 0xa0b48a2d38443f7ab946c545ad236d98a81c13037510e98d31247b7cee8f03ed
(1) 0xdfe0e4cf52b8fcbeb317ae24d1ff0ad9eae6786961a4289236fc60038e6fe907
(2) 0x9b2aedbe9902a68b7e423f1ee7ef2776f9fb5abb498caf35de845f2de9858027
(3) 0x5172dc48b05679ef790e0eb9f10ade5c07814f8443e1b8f360af0349089d8a09
(4) 0x4868e44036fe395f254e4ae840f06bfe7bddc71b6fe6eba48bf10ee612aea47b
(5) 0xfc4df0ba92ace558472be8131479828e62d90423e76ee4a0fc57846d8a8eba12
(6) 0x9fd33e13978bdb88cea6f923ecb00075e269e7348c8232e0848768095d64265e
(7) 0xd8bf6b79df5ae1e1f5b881775b376832c8caec26b8fd82271bda52c528f8be45
(8) 0x8c13e4c77a49c279c760ba06fca847738114dc57cafb31e64c05e19046d496cb
(9) 0x0d4c1774de2dd8392dd72fb74290e220109eae6129f2910963743dea21014d69

HD Wallet
==================
Mnemonic:      biology bag inside describe category sphere dynamic grit neck photo entire moral
Base HD Path:  m/44'/60'/0'/0/{account_index}

Default Gas Price
==================
2000000000

BlockGas Limit
==================
30000000

Call Gas Limit
==================
50000000

Chain
==================
Hardfork: shanghai
Id:       1337

RPC Listening on 127.0.0.1:8545
web3_clientVersion
eth_blockNumber
net_version
eth_accounts
eth_accounts
eth_blockNumber
net_version
eth_getBlockByNumber
eth_estimateGas
eth_getBlockByNumber
eth_gasPrice
eth_sendTransaction

  Transaction: 0xc54d84097026644ca171f09bf94cd6a341ef17675957682e1f5b58f5c0fc10cc
  Contract created: 0xff4cb584262765b47ca75990600f652041e5fc54
  Gas usage: 1561256
  Block number: 1
  Block time: Fri May 08 2026 00:33:20 GMT+0700 (Indochina Time)

eth_getTransactionReceipt
eth_getCode
eth_getTransactionReceipt
eth_getBlockByNumber
eth_gasPrice
eth_sendTransaction

  Transaction: 0xb29128fcb6f5fc5ddc17abb6f6b1e3a488d6221f760ef6def9a91cff7e79ce4a
  Gas usage: 21055
  Block number: 2
  Block time: Fri May 08 2026 00:33:20 GMT+0700 (Indochina Time)

eth_getTransactionReceipt
net_version
eth_getBlockByNumber
eth_estimateGas
eth_getBlockByNumber
eth_gasPrice
eth_sendTransaction

  Transaction: 0x43f374172f4729824409feb93a67784a68e85c7aae767b2a82cb16b870678e51
  Gas usage: 80267
  Block number: 3
  Block time: Fri May 08 2026 00:33:20 GMT+0700 (Indochina Time)

eth_getTransactionReceipt
eth_blockNumber
eth_getBalance
eth_getTransactionByHash
debug_traceTransaction
eth_getTransactionByHash
debug_traceTransaction
eth_getTransactionByHash
debug_traceTransaction

Received shutdown signal: SIGTERM
Shutting down…
Server has been shut down
