ganache v7.9.2 (@ganache/cli: 0.10.2, @ganache/core: 0.10.2)
Starting RPC server

Available Accounts
==================
(0) 0xe92f35932D1B9Da9fa1Af6dc3a815185e3E0D29f (1000 ETH)
(1) 0x45Df7301fCdc6e7787D73d3A5d289f108ae4d27b (1000 ETH)
(2) 0x4f157319eb147AB88F83dA8e8314869409f55730 (1000 ETH)
(3) 0x7e0Af86ffC299d461D724cdEE68b0B940FbF2e61 (1000 ETH)
(4) 0x9330d06b12c43609E7f686380469FEC5C133f3C4 (1000 ETH)
(5) 0x4Ef7527DdE21A013Fe982746A119A43728eCe868 (1000 ETH)
(6) 0x44D1CDEa3885Ea9CE420B042cB4A80349C950786 (1000 ETH)
(7) 0xe8207BCcDB6f19ac4D211cBa06c73F60de7897F4 (1000 ETH)
(8) 0x243Ad5d67f3A4B0C8442e0e05ADAc9b7F4842963 (1000 ETH)
(9) 0x1c920a1fd8cA882d88c3b43373F724D874f12ef3 (1000 ETH)

Private Keys
==================
(0) 0xb613e497f6a4c11c0a8c6d06dbb23ae5f294bef94155de23952c8accadfff196
(1) 0x34c185c6c857d836df088bdc8ff751cd4d459e30352ac7ea5b8741aa363572e1
(2) 0x88a93c48ae2f16988bad0171c8d58becc34e0fc8d3e0d1dd73d20ae2809ba4c9
(3) 0x7bccb5eff79da35c9f38a7f16ebf17e600232d0149784baf624594588776fbb5
(4) 0xa8e2af2d3d0514d44219bba9d4f8db41045ee65bf3c8c19d90b49321efa18dc0
(5) 0x605e73f0d45d76de4b32ad5c4e372102d476ec5846595a204c20d2fd5a086aff
(6) 0x657ef4976e0b8340e9ec66eb6c9b688c90b402ed999d53c79b09f4e4fae061fb
(7) 0xfa6acafb98e4d77f50fce7f9b19085188552e98d9639346d680bec40f4156507
(8) 0x09c482374f565b4765a180e725ee9e45a56e8c14459aaef067e070f84a68d73a
(9) 0x2c1be852b43ea189763dd2b67edd36da11483b2cadee538892c338fc0b6ce0e4

HD Wallet
==================
Mnemonic:      item myself album blanket famous pepper confirm bird nurse soon midnight jeans
Base HD Path:  m/44'/60'/0'/0/{account_index}

Default Gas Price
==================
2000000000

BlockGas Limit
==================
30000000

Call Gas Limit
==================
50000000

Chain
==================
Hardfork: shanghai
Id:       1337

RPC Listening on 127.0.0.1:8545
web3_clientVersion
eth_blockNumber
net_version
eth_accounts
eth_accounts
eth_blockNumber
net_version
eth_getBlockByNumber
eth_estimateGas
eth_getBlockByNumber
eth_gasPrice
eth_sendTransaction

  Transaction: 0x0394ac915e25f62584c9c6ecbf3924b93a74ec4c1e4d2af5ed8b6393b3e2dbcf
  Contract created: 0x3c1dabf646f976565220ba0ae46632f4724354de
  Gas usage: 1169723
  Block number: 1
  Block time: Fri May 08 2026 03:13:29 GMT+0700 (Indochina Time)

eth_getTransactionReceipt
eth_getCode
eth_getTransactionReceipt
eth_getBlockByNumber
eth_gasPrice
eth_sendTransaction

  Transaction: 0xc515723af3864ee92c88f9cbca7ec821149ce3f359abb18ceeaf9e5f89e7e62a
  Gas usage: 21055
  Block number: 2
  Block time: Fri May 08 2026 03:13:29 GMT+0700 (Indochina Time)

eth_getTransactionReceipt
eth_blockNumber
evm_mine
eth_blockNumber
evm_mine
eth_blockNumber
evm_mine
eth_blockNumber
evm_mine
eth_blockNumber
evm_mine
eth_blockNumber
evm_mine
eth_blockNumber
evm_mine
eth_blockNumber
net_version
eth_getBlockByNumber
eth_estimateGas
eth_getBlockByNumber
eth_gasPrice
eth_sendTransaction

  Transaction: 0x5de41692f4981194ddac0c7b4e0dfa5e2b7f11494ceb9e5d175ad1a3412b778c
  Gas usage: 59561
  Block number: 10
  Block time: Fri May 08 2026 03:13:29 GMT+0700 (Indochina Time)

eth_getTransactionReceipt
eth_blockNumber
eth_getBalance
eth_getTransactionByHash
debug_traceTransaction
eth_getTransactionByHash
debug_traceTransaction
eth_getTransactionByHash
debug_traceTransaction

Received shutdown signal: SIGTERM
Shutting down…
Server has been shut down
