Using network 'development'.

{
  "ok": true,
  "graph_id": "",
  "pair": "C->D|evm|fund:cd",
  "pairKey": "C->D|evm|fund:cd",
  "contract": "CTLCOnly",
  "scenario": "worst_claim",
  "deployGas": "0x139b2a",
  "gasUsed": "129972",
  "disableGasUsed": "52947",
  "claimGasUsed": "77025",
  "refundGasUsed": "",
  "contractAddress": "0xf1c1fAd98A3ef932F1d123491EE85f0fc6dc3a99",
  "startBlock": "0",
  "endBlock": "10",
  "finalContractBalanceWei": "0",
  "deployer": "0x8b3b22af6D6584Fc3B896bbE1fc95A79fDfeFCAE",
  "party": "0xFc73F3D3B2B45b0b27A1C0Da8006712A517e1a53",
  "counterparty": "0x7Fd5DA32ce77067c9605A62713788D737d5b9402",
  "fundingWei": "1000000000000000000",
  "timelocks": [
    8,
    9
  ],
  "transactions": [
    {
      "role": "deploy",
      "txHash": "0x9789793c3a9bc87b96e2a7bd4fc9607955832616c28f84ecd297bb00ec576ffa"
    },
    {
      "role": "fund",
      "txHash": "0x0872fa4076c3faaaf67f22e81b7b1f4c0a7e274261aee0475ccd85192cf3be3a"
    },
    {
      "role": "disable",
      "txHash": "0x132fead92ef39e975359c6f1ad35d4794e3cb31d117f025e1fbc7e4ae1bb3a3e",
      "level": 0
    },
    {
      "role": "claim",
      "txHash": "0xb3c4f284a8733281286ef1283f4dad848603e7b685ed7e5e734c214edd974eff",
      "level": 1,
      "option": 0
    }
  ],
  "txRoles": [
    {
      "role": "deploy",
      "txHash": "0x9789793c3a9bc87b96e2a7bd4fc9607955832616c28f84ecd297bb00ec576ffa"
    },
    {
      "role": "fund",
      "txHash": "0x0872fa4076c3faaaf67f22e81b7b1f4c0a7e274261aee0475ccd85192cf3be3a"
    },
    {
      "role": "disable",
      "txHash": "0x132fead92ef39e975359c6f1ad35d4794e3cb31d117f025e1fbc7e4ae1bb3a3e",
      "level": 0
    },
    {
      "role": "claim",
      "txHash": "0xb3c4f284a8733281286ef1283f4dad848603e7b685ed7e5e734c214edd974eff",
      "level": 1,
      "option": 0
    }
  ],
  "deployTxHash": "0x9789793c3a9bc87b96e2a7bd4fc9607955832616c28f84ecd297bb00ec576ffa",
  "fundTxHash": "0x0872fa4076c3faaaf67f22e81b7b1f4c0a7e274261aee0475ccd85192cf3be3a",
  "disableTxHashes": [
    "0x132fead92ef39e975359c6f1ad35d4794e3cb31d117f025e1fbc7e4ae1bb3a3e"
  ],
  "disableTxHash": "0x132fead92ef39e975359c6f1ad35d4794e3cb31d117f025e1fbc7e4ae1bb3a3e",
  "disableTx": "0x132fead92ef39e975359c6f1ad35d4794e3cb31d117f025e1fbc7e4ae1bb3a3e",
  "claimTxHash": "0xb3c4f284a8733281286ef1283f4dad848603e7b685ed7e5e734c214edd974eff",
  "txHash": "0xb3c4f284a8733281286ef1283f4dad848603e7b685ed7e5e734c214edd974eff",
  "tx": "0xb3c4f284a8733281286ef1283f4dad848603e7b685ed7e5e734c214edd974eff"
}
