ganache v7.9.2 (@ganache/cli: 0.10.2, @ganache/core: 0.10.2)
Starting RPC server

Available Accounts
==================
(0) 0x55c628a6C98178959076d12341bFDAEd5947438d (1000 ETH)
(1) 0x8C1B680E4c4d047E5Dd8cc40af25862739F67136 (1000 ETH)
(2) 0x07427aD9397A12cebfB5818f7B4ed8ac53D03966 (1000 ETH)
(3) 0xF431b4c5B6962BFAA8a15DD88E62820D8eC590aA (1000 ETH)
(4) 0x8bA431ED9A9D87d77Dab3C0e13EcCc99aCD9A6eE (1000 ETH)
(5) 0x19eAe7A8918C63011Fc14D350224E18fb94298C0 (1000 ETH)
(6) 0x22913D19DD05395e2FD8Cf2D58EBDe9AF783aF23 (1000 ETH)
(7) 0x20e81b15bc08D3Be7C55B3C63b621AefdeEf3a36 (1000 ETH)
(8) 0x8EAc1b610BdE8470552e26D84B6c707aBdd0DC10 (1000 ETH)
(9) 0x58c061081D451f195aE286DB9ddBdBd04b22A572 (1000 ETH)

Private Keys
==================
(0) 0x31917c99caf302d34769cb5bfb37e6de179e4e698656ebd3c12e52988c514fa2
(1) 0xcff9c2b1e5378b15e13b6022a4f3b962a9df9721bd63d84f5da1004d03c03be6
(2) 0xe7278f689094b0a641cb9f21bc3042119d5d66346459fbc2599b7dacbd76ace3
(3) 0xa369aa870a673616f39fd07e228355bd0269b8fdfa289aa5210f4e74d405a6db
(4) 0x4bcba591049eabb298f0fe563a232fb4680f78c82d5f913d6cc0d144928ebcdc
(5) 0x427d76d68b5cc24621199f37f58d75f2a97493e36397fa19f82e05645edd508b
(6) 0xa13056197c6e7b35a8eaee03a244232d8ffa88c9e3417548db6c6122a64dd0ba
(7) 0xc4e249b888dec64bead5f3a6c5d22056b4643c4040e408ccb65f999edea02f05
(8) 0x11b8975214b39523313451c5f89f21f2c86a5827eb1e85500006e6643e59f385
(9) 0xbed8d6fb77d36d29d3e4e6f59e6a0612a1b532af98d9c71affc1fadf5e58e0d5

HD Wallet
==================
Mnemonic:      deny monkey ribbon steak mouse unable snap casino push core plastic hedgehog
Base HD Path:  m/44'/60'/0'/0/{account_index}

Default Gas Price
==================
2000000000

BlockGas Limit
==================
30000000

Call Gas Limit
==================
50000000

Chain
==================
Hardfork: shanghai
Id:       1337

RPC Listening on 127.0.0.1:8545
web3_clientVersion
eth_blockNumber
net_version
eth_accounts
eth_accounts
eth_blockNumber
net_version
eth_getBlockByNumber
eth_estimateGas
eth_getBlockByNumber
eth_gasPrice
eth_sendTransaction

  Transaction: 0x82ff67d2da33051684159ed47d7eeb6140e129188273f99817cba96060d166d5
  Contract created: 0x9e3f97ce7acfa6672c0f96ffa988aeb39f5fa03f
  Gas usage: 1100987
  Block number: 1
  Block time: Thu May 07 2026 21:04:35 GMT+0700 (Indochina Time)

eth_getTransactionReceipt
eth_getCode
eth_getTransactionReceipt
eth_getBlockByNumber
eth_gasPrice
eth_sendTransaction

  Transaction: 0x9e5c3eaf5cfb1e5b91a3e41bb8d54a8633ec1b091a927497a40d67bf4fcc953a
  Gas usage: 21055
  Block number: 2
  Block time: Thu May 07 2026 21:04:35 GMT+0700 (Indochina Time)

eth_getTransactionReceipt
net_version
eth_getBlockByNumber
eth_estimateGas
eth_getBlockByNumber
eth_gasPrice
eth_sendTransaction

  Transaction: 0x236390bdc06ab8733bcaae459cb536b71a36038bb9fff8a2101da37c46b9b1c3
  Gas usage: 64620
  Block number: 3
  Block time: Thu May 07 2026 21:04:35 GMT+0700 (Indochina Time)

eth_getTransactionReceipt
eth_blockNumber
eth_getBalance
eth_getTransactionByHash
debug_traceTransaction
eth_getTransactionByHash
debug_traceTransaction
eth_getTransactionByHash
debug_traceTransaction

Received shutdown signal: SIGTERM
Shutting down…
Server has been shut down
