Using network 'development'.

{
  "ok": true,
  "graph_id": "",
  "pair": "F->A|evm|fund:fa",
  "pairKey": "F->A|evm|fund:fa",
  "contract": "CTLCOnly",
  "scenario": "refund",
  "deployGas": "0x10ccbb",
  "gasUsed": "59561",
  "disableGasUsed": "0",
  "claimGasUsed": "",
  "refundGasUsed": "59561",
  "contractAddress": "0x50FE636834fc0207800b0E6b04b02A4c5626bf41",
  "startBlock": "0",
  "endBlock": "7",
  "finalContractBalanceWei": "0",
  "deployer": "0x10b55f5B62FB751BF5003232929E9c71F02DfaAF",
  "party": "0xA5354809b1a8FeEd8050c6a0139e15EeC484D0C4",
  "counterparty": "0x0DEE723F391D54b36Bb8EB0b8652903cfbD8F0DE",
  "fundingWei": "1000000000000000000",
  "timelocks": [
    6
  ],
  "transactions": [
    {
      "role": "deploy",
      "txHash": "0xacdad68ceef4e11a84e508547be73e9c2ea9488474f61ef51e0272017a1c1de9"
    },
    {
      "role": "fund",
      "txHash": "0x34dd50a5a408e9592c234ffdc491735bc05e2c9b3bc1c8ac7d5e9313788106cb"
    },
    {
      "role": "refund",
      "txHash": "0xe15d071a1cacee3eaf73b598588ae4fd06e787ead4d18ea08a7872662a31fe64",
      "level": 0
    }
  ],
  "txRoles": [
    {
      "role": "deploy",
      "txHash": "0xacdad68ceef4e11a84e508547be73e9c2ea9488474f61ef51e0272017a1c1de9"
    },
    {
      "role": "fund",
      "txHash": "0x34dd50a5a408e9592c234ffdc491735bc05e2c9b3bc1c8ac7d5e9313788106cb"
    },
    {
      "role": "refund",
      "txHash": "0xe15d071a1cacee3eaf73b598588ae4fd06e787ead4d18ea08a7872662a31fe64",
      "level": 0
    }
  ],
  "deployTxHash": "0xacdad68ceef4e11a84e508547be73e9c2ea9488474f61ef51e0272017a1c1de9",
  "fundTxHash": "0x34dd50a5a408e9592c234ffdc491735bc05e2c9b3bc1c8ac7d5e9313788106cb",
  "refundTxHash": "0xe15d071a1cacee3eaf73b598588ae4fd06e787ead4d18ea08a7872662a31fe64",
  "refundTx": "0xe15d071a1cacee3eaf73b598588ae4fd06e787ead4d18ea08a7872662a31fe64"
}
