COMMAND: python3 experiments/scale_trace/scripts/trace_result_json.py /home/aothuatgiadp/blockchain/project/CTLC-Implementation/experiments/scale_trace/runs/random_v1_12/D-_A_evm_fund_da_CTLCOnly_refund/result.json /home/aothuatgiadp/blockchain/project/CTLC-Implementation/experiments/scale_trace/runs/random_v1_12/D-_A_evm_fund_da_CTLCOnly_refund/trace.json
STATUS: 0

STDOUT:
{
  "graph_id": "",
  "pair": "D->A|evm|fund:da",
  "contract": "CTLCOnly",
  "scenario": "refund",
  "contractAddress": "0xe3B0A8f023936B8A0514a5B255d313B9A728742f",
  "traces": {
    "deploy": {
      "tx_hash": "0xc3417190b72225f70a0442797534422baeed51bebcfce7401aab38c97b2fd056",
      "actual_calldata_bytes": 7091,
      "actual_sstore_count": 8,
      "actual_call_count": 0,
      "opcode_steps": 1286
    },
    "fund": {
      "tx_hash": "0x20d4b50a97d2cc5ffa71fc1911179167bd149d5b778d974e67d3199633756f9d",
      "actual_calldata_bytes": 0,
      "actual_sstore_count": 0,
      "actual_call_count": 0,
      "opcode_steps": 13
    },
    "refund_level0": {
      "tx_hash": "0x20f6d5445fbe1d8aa14bf0abfbfa859ba121fbfc3104116f29ca66cbc427580f",
      "actual_calldata_bytes": 4,
      "actual_sstore_count": 1,
      "actual_call_count": 1,
      "opcode_steps": 229
    }
  }
}


STDERR:

