ganache v7.9.2 (@ganache/cli: 0.10.2, @ganache/core: 0.10.2)
Starting RPC server

Available Accounts
==================
(0) 0x749A387c2b0AA83185ad41e0535352F12CE4895e (1000 ETH)
(1) 0x445789742Bd9eF6663Da427312EfAe2184E6D8D2 (1000 ETH)
(2) 0x814E8cBC5ED70685D1AEde76843964E6cf5b43c8 (1000 ETH)
(3) 0xa697A817C5D3bB1F8561b4F954A762254D524A70 (1000 ETH)
(4) 0x91aE1b19519618f75127274516C8626Af3F410E2 (1000 ETH)
(5) 0x460f512743fC8EA09c146DFa0caEF68d06350924 (1000 ETH)
(6) 0x2F7978C6a9e6650b92c16F996904Ddd59A60825d (1000 ETH)
(7) 0x76b1860707fdEe1f985bdB374370D627F17fa6fd (1000 ETH)
(8) 0x1C84391Fc1b584dFb1D38B04E00CB4F9028dA4a5 (1000 ETH)
(9) 0xB212A1D53b9486C14d65FF13193697f78fCc2b55 (1000 ETH)

Private Keys
==================
(0) 0xf092c5f7a2b4c7bc86e466df69d5a5ab6e9634cea6275b8892790329a2f322d3
(1) 0x00e32d80e9a8b44d3f22b6f621c99136c3fa676b3fa4a96b1e66869c91877048
(2) 0x52d5a0bb6dfff8f82a800f26f70931b5ae00f579fdef560d48dab063c0ca8a23
(3) 0xebada2953b9c6f3f4f6480035fecd106b498c3a5b0d058e3538cc01e9970c087
(4) 0x26c076bf62deb4422017f8239edcb804794939d26bb1a499a14568ce209dd7ef
(5) 0xac3897576d9dbd843b02a433003b9a56140971a37edf5fd97e91a7abd8432599
(6) 0xdf9b642cf0617735a9ecbb57eba40cecf9b166754e39cbb3709f5299fcc13ef4
(7) 0x9839f1664b28a62d901911369440186f2de0aa2327885ebde6c4c586ff1de4bc
(8) 0xa03938d0efa6489540fe5f8c42efc2152748c7822ccb385aaf05b2d699ad57d6
(9) 0x953f77d0b8a6962885789efcb31b29db2318a09f3f6d075638ba16c74aec5339

HD Wallet
==================
Mnemonic:      grocery cup author crumble affair left sport thing pole naive major aerobic
Base HD Path:  m/44'/60'/0'/0/{account_index}

Default Gas Price
==================
2000000000

BlockGas Limit
==================
30000000

Call Gas Limit
==================
50000000

Chain
==================
Hardfork: shanghai
Id:       1337

RPC Listening on 127.0.0.1:8545
web3_clientVersion
eth_blockNumber
net_version
eth_accounts
eth_accounts
eth_blockNumber
net_version
eth_getBlockByNumber
eth_estimateGas
eth_getBlockByNumber
eth_gasPrice
eth_sendTransaction

  Transaction: 0x7f3fa2191d112fe11a4cebfc6bfc815c889c0aa7997bf44220c618420091e00b
  Contract created: 0x666a4c72d1b63adf42ed7696e3a755275b4d99e9
  Gas usage: 1307806
  Block number: 1
  Block time: Thu May 07 2026 22:10:45 GMT+0700 (Indochina Time)

eth_getTransactionReceipt
eth_getCode
eth_getTransactionReceipt
eth_getBlockByNumber
eth_gasPrice
eth_sendTransaction

  Transaction: 0xbbb933b48c7c75b8052fed8ce2e0812a1d0fea48a1448c589c629cc5088a4a62
  Gas usage: 21055
  Block number: 2
  Block time: Thu May 07 2026 22:10:46 GMT+0700 (Indochina Time)

eth_getTransactionReceipt
eth_blockNumber
evm_mine
eth_blockNumber
evm_mine
eth_blockNumber
evm_mine
eth_blockNumber
evm_mine
eth_blockNumber
evm_mine
eth_blockNumber
evm_mine
eth_blockNumber
net_version
eth_getBlockByNumber
eth_estimateGas
eth_getBlockByNumber
eth_gasPrice
eth_sendTransaction

  Transaction: 0x66f8f8c3c9ad9d94726059957146b3f97bf7325192a659785787ac3f309edca9
  Gas usage: 52947
  Block number: 9
  Block time: Thu May 07 2026 22:10:46 GMT+0700 (Indochina Time)

eth_getTransactionReceipt
eth_blockNumber
evm_mine
eth_blockNumber
net_version
eth_getBlockByNumber
eth_estimateGas
eth_getBlockByNumber
eth_gasPrice
eth_sendTransaction

  Transaction: 0xe5d3b4df0ad9fdc44ad70720edd761b7a21c2525550f9f6eb59d353b55ff2d77
  Gas usage: 59561
  Block number: 11
  Block time: Thu May 07 2026 22:10:46 GMT+0700 (Indochina Time)

eth_getTransactionReceipt
eth_blockNumber
eth_getBalance
eth_getTransactionByHash
debug_traceTransaction
eth_getTransactionByHash
debug_traceTransaction
eth_getTransactionByHash
debug_traceTransaction
eth_getTransactionByHash
debug_traceTransaction

Received shutdown signal: SIGTERM
Shutting down…
Server has been shut down
