ganache v7.9.2 (@ganache/cli: 0.10.2, @ganache/core: 0.10.2)
Starting RPC server

Available Accounts
==================
(0) 0x383B46149B63DdaaFEf744F0a1c489715A270042 (1000 ETH)
(1) 0x5F1eA68468A7b1b8DB8698d972def63aF9293990 (1000 ETH)
(2) 0x0b36E54b3fb72cF43AB5D1E89ac10AdA2845289B (1000 ETH)
(3) 0x70674d09538E0EE206c849eeb7e721956CEb7CbF (1000 ETH)
(4) 0xe200E79264B9845Cd2c639d2dfbb5418A624f179 (1000 ETH)
(5) 0x03Dd74e513D25b120Bb26fB3d223485F26F3c2C3 (1000 ETH)
(6) 0x7Aea48B1832865263FF7EBE7f1AD472169b39213 (1000 ETH)
(7) 0xC740d140dc8C10E11Cf44FcA4a151453a69a6405 (1000 ETH)
(8) 0xd84dFeB297a2D9178c29553c3A243727092be0fA (1000 ETH)
(9) 0xFBe1674aD8A26f39152F130746C9aEA4fC1Cd092 (1000 ETH)

Private Keys
==================
(0) 0x75057557e74d601d1b2bb7904f4428e48d589abec03647d10a4449580ae9dc69
(1) 0x8eb8f939dcf46d5989c017f04b669722d5deba6e27ced6ca841b80655c3a27b8
(2) 0x99e69e3100b9c120fdc9e2c5cf7343641ebd64e35e55a8bc985e269cdf3b8588
(3) 0x469a5e1dcce49681904f9210e3ffe23cb25d6388570d51f4045c393425dc1145
(4) 0xff706f162ec87cdd9e3cf85f283749a6b0e8244cbaf85175bed7be6ef400491b
(5) 0x68b2003ceabd9e7614ffd162ab72745d40798943a24b87d15fcbc633ff07d956
(6) 0x286ab6d0c5a8816dc51cf59b1db591b7b65d858b5de1393b46d3227ea80ffb4f
(7) 0x7f6463d99d18712e345aa4b8731e5e237ce32ad14d93b6f0afc976bb47d59d3b
(8) 0x5e03581ac875fd7f3714745c25204439bf752182b0d2bca0d101a1123fbdb7f3
(9) 0xce4de851a50d93e560801933a90bc4d1525ea3387664e4a4249bcd65a16d301c

HD Wallet
==================
Mnemonic:      scan slam sustain champion family force abandon bomb beauty chase baby ceiling
Base HD Path:  m/44'/60'/0'/0/{account_index}

Default Gas Price
==================
2000000000

BlockGas Limit
==================
30000000

Call Gas Limit
==================
50000000

Chain
==================
Hardfork: shanghai
Id:       1337

RPC Listening on 127.0.0.1:8545
web3_clientVersion
eth_blockNumber
net_version
eth_accounts
eth_accounts
eth_blockNumber
net_version
eth_getBlockByNumber
eth_estimateGas
eth_getBlockByNumber
eth_gasPrice
eth_sendTransaction

  Transaction: 0x5d14efdfa86fb64287b2eab22717e7745b1144627cd0935bd76d148a5b91bdf9
  Contract created: 0xe6f9faf5e4c763dfc8f70673e4f8777927e6fefe
  Gas usage: 1123899
  Block number: 1
  Block time: Fri May 08 2026 02:39:21 GMT+0700 (Indochina Time)

eth_getTransactionReceipt
eth_getCode
eth_getTransactionReceipt
eth_getBlockByNumber
eth_gasPrice
eth_sendTransaction

  Transaction: 0x94eec5c19956af3ee73addc62489cc11d826bd03afd86232f0990cd4b2ebe652
  Gas usage: 21055
  Block number: 2
  Block time: Fri May 08 2026 02:39:21 GMT+0700 (Indochina Time)

eth_getTransactionReceipt
net_version
eth_getBlockByNumber
eth_estimateGas
eth_getBlockByNumber
eth_gasPrice
eth_sendTransaction

  Transaction: 0xdd84d264774eadee7a1d2751120e7a40bf6c953f05ccf2c2784eb7f4b7642deb
  Gas usage: 68735
  Block number: 3
  Block time: Fri May 08 2026 02:39:21 GMT+0700 (Indochina Time)

eth_getTransactionReceipt
eth_blockNumber
eth_getBalance
eth_getTransactionByHash
debug_traceTransaction
eth_getTransactionByHash
debug_traceTransaction
eth_getTransactionByHash
debug_traceTransaction

Received shutdown signal: SIGTERM
Shutting down…
Server has been shut down
