ganache v7.9.2 (@ganache/cli: 0.10.2, @ganache/core: 0.10.2)
Starting RPC server

Available Accounts
==================
(0) 0x822d5a3cC3aB21FaaE60264752b7Df3A06279373 (1000 ETH)
(1) 0xCCF6CE73134D97B0Ae7EC094D17e8EAd67405201 (1000 ETH)
(2) 0x1131a5Af7fa31E3Be045e8D9E7206273749392bc (1000 ETH)
(3) 0x3848dE341dC65C4bBd7295b6C185745E87EA1464 (1000 ETH)
(4) 0xD92F1B077Bc64ED6f16F072e75c9B0e23fCeDbc2 (1000 ETH)
(5) 0xAEC1359e0f60982181bB25663a7b185F8B638405 (1000 ETH)
(6) 0xCB2E4D2b7A4CD28fa81B949Ef032A093595f4bD6 (1000 ETH)
(7) 0xfBCbBCCd4F83976AD40BFEb45d498e284919f5d8 (1000 ETH)
(8) 0xc344deeA49cC9fF18890a4539B9B16260307b926 (1000 ETH)
(9) 0xc5e5A6f79FDB3dEBDa3c71E219423BE24226e1b9 (1000 ETH)

Private Keys
==================
(0) 0x4ddf8570ed0936b8e8633a751b53a59cc893e441af402f40d130d4d373783771
(1) 0x579191c3ad9328ffcf5aa26143f698548ad01e8da6af5de41ad53e53d40431e5
(2) 0xe7796dda1f6e71b86ba30ed0dcce86d5d9311fc324cdb836f53f6a9eeeb37722
(3) 0x72cb5c94be0790957079474734624dade368713d6cf03cabda22a18a56471f0d
(4) 0x479fa887c9ec8d5db8abe3134d6137e540b77ed091658b974696c108dded0d55
(5) 0x66f76fde60c638968deb5f0618e9ccee6a2f92ff140d087516658d05c0577913
(6) 0x62598b7f9df80fe0aef2124f62457277214cc60e217de04248d2e1331b87a628
(7) 0xf880d1cd5c635b7aaec079888154398d719d4b4a3a0f9c528b1ab2bfaedd13f7
(8) 0xd04a1a06858fac9acfddfb744988b56a6c0d438ca08b1673c8e99ed6b8007436
(9) 0x0d739b8a8f9ef25723002995590247d641fa520269578377c7370b7363983a27

HD Wallet
==================
Mnemonic:      job uphold club afford trash consider milk spice scene explain midnight penalty
Base HD Path:  m/44'/60'/0'/0/{account_index}

Default Gas Price
==================
2000000000

BlockGas Limit
==================
30000000

Call Gas Limit
==================
50000000

Chain
==================
Hardfork: shanghai
Id:       1337

RPC Listening on 127.0.0.1:8545
web3_clientVersion
eth_blockNumber
net_version
eth_accounts
eth_accounts
eth_blockNumber
net_version
eth_getBlockByNumber
eth_estimateGas
eth_getBlockByNumber
eth_gasPrice
eth_sendTransaction

  Transaction: 0x34cb0ad5237579d766751dbe639d7c037a37fb5af030e10465e76be2ee9785f9
  Contract created: 0x7663b5ed4f3faf46eb417fb7c7de169e8f15559c
  Gas usage: 1123899
  Block number: 1
  Block time: Fri May 08 2026 02:43:44 GMT+0700 (Indochina Time)

eth_getTransactionReceipt
eth_getCode
eth_getTransactionReceipt
eth_getBlockByNumber
eth_gasPrice
eth_sendTransaction

  Transaction: 0x1121bed0a59c7f2c853b70164cdf137cd5e7185924a189d0e92ba7f6c16449bf
  Gas usage: 21055
  Block number: 2
  Block time: Fri May 08 2026 02:43:44 GMT+0700 (Indochina Time)

eth_getTransactionReceipt
eth_blockNumber
evm_mine
eth_blockNumber
evm_mine
eth_blockNumber
evm_mine
eth_blockNumber
evm_mine
eth_blockNumber
evm_mine
eth_blockNumber
net_version
eth_getBlockByNumber
eth_estimateGas
eth_getBlockByNumber
eth_gasPrice
eth_sendTransaction

  Transaction: 0x45039ed7b1940de121845da917388beb440bc2e8428fea95655c9307d853c216
  Gas usage: 59561
  Block number: 8
  Block time: Fri May 08 2026 02:43:44 GMT+0700 (Indochina Time)

eth_getTransactionReceipt
eth_blockNumber
eth_getBalance
eth_getTransactionByHash
debug_traceTransaction
eth_getTransactionByHash
debug_traceTransaction
eth_getTransactionByHash
debug_traceTransaction

Received shutdown signal: SIGTERM
Shutting down…
Server has been shut down
