ganache v7.9.2 (@ganache/cli: 0.10.2, @ganache/core: 0.10.2)
Starting RPC server

Available Accounts
==================
(0) 0xfe8E7F08Ad8d266B3e06Ffe94206a64e7858DD4b (1000 ETH)
(1) 0x60E4C310A695fB558a6d807E8aCc757Af72D19ea (1000 ETH)
(2) 0x5c0cA8e55EcB9423E5124A5649587c43CF3bd15A (1000 ETH)
(3) 0x9Ce641cF1B670ebe5BDF1898f4732af1F7080484 (1000 ETH)
(4) 0xb945bAECB3Aa22f6fa32059F7Bf62De44c7E058F (1000 ETH)
(5) 0x5a696d4Bb821b04c2e99bAe73e8d9A28CE6A70bb (1000 ETH)
(6) 0x1A621557C9b12583Af9A3694f4a9c62CeC2A3e5f (1000 ETH)
(7) 0x76B0D140d8e28B3c9A0aC366A31faD4d6350B8A4 (1000 ETH)
(8) 0x43c29F2512Cd8CbC0c1c475a0b621456E9cCC5eE (1000 ETH)
(9) 0x665B94D2633Bb2d2A0992A991C8620321Db0F463 (1000 ETH)

Private Keys
==================
(0) 0x97a5b52435129b4ff0f6b5072ce4dfa9a3b42dbc057a9987bd134835db4f0f42
(1) 0xa55c9f4f75e57dfd55c609b7835a0845ba31bf182c1db7787a43086381272615
(2) 0x467fd2c18167e77307d7e5519d2cde593aecbea9c95a7b32c8f21676795e1e6e
(3) 0xcb9f09ffd0971b3a9ec4fdb313a321a01486f4e10a8b9e2e4af6fd3fd23dd95f
(4) 0xc46e5bd70767dff81865efda494acd1072a27cce5292749e5d1f12023ac3069e
(5) 0xe07ec6e46e92f5b17fb15dd0f254bb4a88329dc85117ae4ee27754e7e4fb8442
(6) 0xc6bfb5f7a2d086457481bee76708d4f576fc93cd5aff5b27839349422a5cb5cb
(7) 0xa93a748ea1d6b2012dacaec12a4dea1632ca938073f2c525caf1a9b3520f8e8e
(8) 0x2564da3a4d7cdb5ec153f6dc62720996a81e91704cb24b825891118e443f4f66
(9) 0x216c08935dc122e79f0b3d0c1582d3484fd14f2744d2998544fcbd980230704c

HD Wallet
==================
Mnemonic:      prize maple palace trash improve excite gather ring retire enhance doctor shop
Base HD Path:  m/44'/60'/0'/0/{account_index}

Default Gas Price
==================
2000000000

BlockGas Limit
==================
30000000

Call Gas Limit
==================
50000000

Chain
==================
Hardfork: shanghai
Id:       1337

RPC Listening on 127.0.0.1:8545
web3_clientVersion
eth_blockNumber
net_version
eth_accounts
eth_accounts
eth_blockNumber
net_version
eth_getBlockByNumber
eth_estimateGas
eth_getBlockByNumber
eth_gasPrice
eth_sendTransaction

  Transaction: 0xf52ad48c89d3bcf302421f9ae647c801651aa68214e065bc3128fe8df59cb80f
  Contract created: 0x6b331aa877936fd41a0fc822b085d0f671911e2c
  Gas usage: 1285286
  Block number: 1
  Block time: Fri May 08 2026 01:17:04 GMT+0700 (Indochina Time)

eth_getTransactionReceipt
eth_getCode
eth_getTransactionReceipt
eth_getBlockByNumber
eth_gasPrice
eth_sendTransaction

  Transaction: 0xe16c070fca16f5d2fe103387b2759fb9216971eb7dc1664bba8d71b08f803fed
  Gas usage: 21055
  Block number: 2
  Block time: Fri May 08 2026 01:17:04 GMT+0700 (Indochina Time)

eth_getTransactionReceipt
eth_blockNumber
evm_mine
eth_blockNumber
evm_mine
eth_blockNumber
evm_mine
eth_blockNumber
evm_mine
eth_blockNumber
evm_mine
eth_blockNumber
evm_mine
eth_blockNumber
net_version
eth_getBlockByNumber
eth_estimateGas
eth_getBlockByNumber
eth_gasPrice
eth_sendTransaction

  Transaction: 0xc87f493d70fa202b8fe5315c66ce32d989fdb077aacc288cfe09c816b0489e5f
  Gas usage: 59539
  Block number: 9
  Block time: Fri May 08 2026 01:17:04 GMT+0700 (Indochina Time)

eth_getTransactionReceipt
eth_blockNumber
eth_getBalance
eth_getTransactionByHash
debug_traceTransaction
eth_getTransactionByHash
debug_traceTransaction
eth_getTransactionByHash
debug_traceTransaction

Received shutdown signal: SIGTERM
Shutting down…
Server has been shut down
