Using network 'development'.

{
  "ok": true,
  "graph_id": "",
  "pair": "F->B|evm|fund:fb",
  "pairKey": "F->B|evm|fund:fb",
  "contract": "CTLCMultipleEdges",
  "scenario": "best_claim",
  "deployGas": "0x1d175d",
  "gasUsed": "80267",
  "disableGasUsed": "",
  "claimGasUsed": "80267",
  "refundGasUsed": "",
  "contractAddress": "0xE9c6150258F24319335A990c455A95D8E5f2D381",
  "startBlock": "0",
  "endBlock": "3",
  "finalContractBalanceWei": "0",
  "deployer": "0x5847481915b03cf778a5E572e58F4CdFAA8eA897",
  "party": "0x17b5B2B3Ed2ab5F69D38DE16ae75caaB7fd4e39e",
  "counterparty": "0x1E503Ab4E4e7fFD9017Ad16F97DbcFeE9b2512A7",
  "fundingWei": "1000000000000000000",
  "timelocks": [
    9,
    10
  ],
  "transactions": [
    {
      "role": "deploy",
      "txHash": "0x9b23420aa34bed13061b241852b58892b2d7c29b689def5365e94af8083ac694"
    },
    {
      "role": "fund",
      "txHash": "0xe46266537ccc5de27f3a8a8713a2f524e08a8e08ce6e11e6f834dcb743188d23"
    },
    {
      "role": "claim",
      "txHash": "0x5e2593f09e4f0deec5ad178e20932df580956b9452f00fbdd9653b32aa02bdf2",
      "level": 0,
      "option": 0
    }
  ],
  "txRoles": [
    {
      "role": "deploy",
      "txHash": "0x9b23420aa34bed13061b241852b58892b2d7c29b689def5365e94af8083ac694"
    },
    {
      "role": "fund",
      "txHash": "0xe46266537ccc5de27f3a8a8713a2f524e08a8e08ce6e11e6f834dcb743188d23"
    },
    {
      "role": "claim",
      "txHash": "0x5e2593f09e4f0deec5ad178e20932df580956b9452f00fbdd9653b32aa02bdf2",
      "level": 0,
      "option": 0
    }
  ],
  "deployTxHash": "0x9b23420aa34bed13061b241852b58892b2d7c29b689def5365e94af8083ac694",
  "fundTxHash": "0xe46266537ccc5de27f3a8a8713a2f524e08a8e08ce6e11e6f834dcb743188d23",
  "claimTxHash": "0x5e2593f09e4f0deec5ad178e20932df580956b9452f00fbdd9653b32aa02bdf2",
  "txHash": "0x5e2593f09e4f0deec5ad178e20932df580956b9452f00fbdd9653b32aa02bdf2",
  "tx": "0x5e2593f09e4f0deec5ad178e20932df580956b9452f00fbdd9653b32aa02bdf2"
}
