ganache v7.9.2 (@ganache/cli: 0.10.2, @ganache/core: 0.10.2)
Starting RPC server

Available Accounts
==================
(0) 0xba94C68BfA8FF3F27f982cdc11471e19D92c375f (1000 ETH)
(1) 0x717608D301256B652A22d3D69A8a7B2ade844584 (1000 ETH)
(2) 0xB93050ACfB45edDBb2Ad5A2f887Bcc62483f0891 (1000 ETH)
(3) 0x67C5f9ed7E9bE18E9AB76F320b23689D1f9B49b7 (1000 ETH)
(4) 0x786a4f90cfe397bFA3B701F7BDa5440C3eC57c75 (1000 ETH)
(5) 0x047B5473eCfcEeb557e096ACE8d4215D5c8c2974 (1000 ETH)
(6) 0x5c30A6498A9Dd0e76aC0dEb7C2233d1433BB153E (1000 ETH)
(7) 0x8e49770ED5Ec404c12d7Dc1D72b757F6d55ad10d (1000 ETH)
(8) 0xa042d986f73c12EDdD96A0cA917F96A4e511758a (1000 ETH)
(9) 0x7C3c9e527589484821C1104731486E9f26e92E43 (1000 ETH)

Private Keys
==================
(0) 0xc76fec51fb3e823578e454deb5af569cbb8b3790303ef2b6e85b57164336e932
(1) 0x133e122d1bbd56051e909cc15dd7066765fcb010c760b34dfd2803976eca2ba5
(2) 0x9dc9be3664ca78a289c14237c18109b0b945232cc23d16a19a2ca00dd06939ca
(3) 0xc03977ff76daad80ebfd9e9b69217b8eba050ff4327388899e3b64d08c707bcc
(4) 0xc6b2e3393e063a4b2547a85f1078b550d4851b4cda7a806de719b35846d297fb
(5) 0x501bfd2116d4b370868661014d4bcfef27c660075e3b43d15e5a054831736665
(6) 0x3d83d76b12af779480b20d773306c93ab22bacd2125d4e1d314381aa7ba3b253
(7) 0xd4ad8c4d80c37b2dff061bb0b68694c3f9c55b6c376d7f35d7706985dad3c31d
(8) 0x468dee2760236bcd50566f0e0e57da338509f208e5daf342bc728dd5bfef0d6b
(9) 0x8499e658fd8e80f574cf42dc3268d95bdb4a202a06e71d22b714b6a85e3f20c0

HD Wallet
==================
Mnemonic:      acquire effort relax raven arrange vault weekend quantum taste attract all celery
Base HD Path:  m/44'/60'/0'/0/{account_index}

Default Gas Price
==================
2000000000

BlockGas Limit
==================
30000000

Call Gas Limit
==================
50000000

Chain
==================
Hardfork: shanghai
Id:       1337

RPC Listening on 127.0.0.1:8545
web3_clientVersion
eth_blockNumber
net_version
eth_accounts
eth_accounts
eth_blockNumber
net_version
eth_getBlockByNumber
eth_estimateGas
eth_getBlockByNumber
eth_gasPrice
eth_sendTransaction

  Transaction: 0xbd4ea1b2bf3494aaea6474956266f301ab1dee4d39ae5b2759d52840fa5b04ef
  Contract created: 0x92843ebdb7bda41e8a89c5407e68e88f06721cb3
  Gas usage: 1123899
  Block number: 1
  Block time: Fri May 08 2026 02:57:49 GMT+0700 (Indochina Time)

eth_getTransactionReceipt
eth_getCode
eth_getTransactionReceipt
eth_getBlockByNumber
eth_gasPrice
eth_sendTransaction

  Transaction: 0x5f9556a757d966103c3abb20a2280aacc701f930b086c88df7264ddce65242f9
  Gas usage: 21055
  Block number: 2
  Block time: Fri May 08 2026 02:57:49 GMT+0700 (Indochina Time)

eth_getTransactionReceipt
eth_blockNumber
evm_mine
eth_blockNumber
evm_mine
eth_blockNumber
evm_mine
eth_blockNumber
evm_mine
eth_blockNumber
evm_mine
eth_blockNumber
net_version
eth_getBlockByNumber
eth_estimateGas
eth_getBlockByNumber
eth_gasPrice
eth_sendTransaction

  Transaction: 0xed80ef8ec4f1b9d178cf59a189c72271bafa5ba180f0e5cb0d336e2583be769e
  Gas usage: 59561
  Block number: 8
  Block time: Fri May 08 2026 02:57:49 GMT+0700 (Indochina Time)

eth_getTransactionReceipt
eth_blockNumber
eth_getBalance
eth_getTransactionByHash
debug_traceTransaction
eth_getTransactionByHash
debug_traceTransaction
eth_getTransactionByHash
debug_traceTransaction

Received shutdown signal: SIGTERM
Shutting down…
Server has been shut down
