ganache v7.9.2 (@ganache/cli: 0.10.2, @ganache/core: 0.10.2)
Starting RPC server

Available Accounts
==================
(0) 0x43C7a0CF32252bfDe027C169cB86F1E66aa481A9 (1000 ETH)
(1) 0x6D4F509B6Cfe3BB514496e9197dBF8e6F92d97b8 (1000 ETH)
(2) 0x2004714dbCaa057F6dDD210145B036eA5Ff2c581 (1000 ETH)
(3) 0x95Aef050E3EF315c75a30779758338949CbbDbCC (1000 ETH)
(4) 0xF29d7825f6a20A570B7A930CE3D26F8673BA7fe7 (1000 ETH)
(5) 0x84874619000D8bF3969C64b8577e003c67D039C9 (1000 ETH)
(6) 0x06D7DA4127F692c5B0A6724AE22276961405a352 (1000 ETH)
(7) 0x903c404ACa3c70EBE5999332C29eDC539dEf158b (1000 ETH)
(8) 0x352133FA240A6A59baFA0bE382bBF31B3Caf3B80 (1000 ETH)
(9) 0x77AC050ed4CDc468AB7A410DBA75804daeAE805e (1000 ETH)

Private Keys
==================
(0) 0xdf8bf010e3cdadbdda302ae1d4088f0749c20977401cd781878b6e9fb5f0d05a
(1) 0x9214c5749de58295de5f6fb136fb63ba1f4461bb399d7ffbbe304ce055d10878
(2) 0xea1191ebfc6a4626273bfeddd30af1b0cc6d413dfcbeee1b6a3871ad0130f986
(3) 0x3147d4faa1ce7cb7bea2c9cd8b28116e518eed1de01719da5ad9217be09b3af2
(4) 0x36a188fce5e1c96c4b7497c7239026ed14f93c79aaca5f256432cc4b8fe16b5f
(5) 0x7eadd40a190d04645e022a79f0bfbab78b1f3b81a435fca214b67bc7fe147b3b
(6) 0x8433964db16537302f25af775dd45446f0c093930a6a642a00c8657801d5f1c1
(7) 0x17a7a2d57e1708e0f704b961f87d67ad86c7dc3e2218afade701ea936fcd4013
(8) 0x64990e57c3f2c224b6df4f7bfc01b4f8b1538c4116e4f0d1d360b796078e469a
(9) 0x9c4d2dd35c044adfa4aa7cab16714c4af2e2966e1f5afac437b2e22544f888d4

HD Wallet
==================
Mnemonic:      float jaguar adapt sweet hope pave slot absent trade spend snake drop
Base HD Path:  m/44'/60'/0'/0/{account_index}

Default Gas Price
==================
2000000000

BlockGas Limit
==================
30000000

Call Gas Limit
==================
50000000

Chain
==================
Hardfork: shanghai
Id:       1337

RPC Listening on 127.0.0.1:8545
web3_clientVersion
eth_blockNumber
net_version
eth_accounts
eth_accounts
eth_blockNumber
net_version
eth_getBlockByNumber
eth_estimateGas
eth_getBlockByNumber
eth_gasPrice
eth_sendTransaction

  Transaction: 0x02821081f44f3c0ec8b799c35c9f8557c8d861638dcbd91981c2095201186b48
  Contract created: 0x36f04df8467e0bc3dbb28e1bc84a390ad9bcf9b1
  Gas usage: 1331110
  Block number: 1
  Block time: Thu May 07 2026 21:01:55 GMT+0700 (Indochina Time)

eth_getTransactionReceipt
eth_getCode
eth_getTransactionReceipt
eth_getBlockByNumber
eth_gasPrice
eth_sendTransaction

  Transaction: 0xa1fb6bf52bd0860783b97188930176f4de5a31a4b2fb652f746fc7ee36b044ef
  Gas usage: 21055
  Block number: 2
  Block time: Thu May 07 2026 21:01:55 GMT+0700 (Indochina Time)

eth_getTransactionReceipt
eth_blockNumber
evm_mine
eth_blockNumber
evm_mine
eth_blockNumber
evm_mine
eth_blockNumber
evm_mine
eth_blockNumber
evm_mine
eth_blockNumber
evm_mine
eth_blockNumber
evm_mine
eth_blockNumber
net_version
eth_getBlockByNumber
eth_estimateGas
eth_getBlockByNumber
eth_gasPrice
eth_sendTransaction

  Transaction: 0x9a348143a3f5a91212d48c9bcf5536718a81441a93f743a3ef2cfae1d4e8e645
  Gas usage: 59539
  Block number: 10
  Block time: Thu May 07 2026 21:01:55 GMT+0700 (Indochina Time)

eth_getTransactionReceipt
eth_blockNumber
eth_getBalance
eth_getTransactionByHash
debug_traceTransaction
eth_getTransactionByHash
debug_traceTransaction
eth_getTransactionByHash
debug_traceTransaction

Received shutdown signal: SIGTERM
Shutting down…
Server has been shut down
