COMMAND: python3 experiments/scale_trace/scripts/trace_result_json.py /home/aothuatgiadp/blockchain/project/CTLC-Implementation/experiments/scale_trace/runs/random_v1_270/D-_F_evm_fund_df_CTLCOnly_refund/result.json /home/aothuatgiadp/blockchain/project/CTLC-Implementation/experiments/scale_trace/runs/random_v1_270/D-_F_evm_fund_df_CTLCOnly_refund/trace.json
STATUS: 0

STDOUT:
{
  "graph_id": "",
  "pair": "D->F|evm|fund:df",
  "contract": "CTLCOnly",
  "scenario": "refund",
  "contractAddress": "0x0BfE7b0911560C092D2C14BEc9DbAF7962247e1D",
  "traces": {
    "deploy": {
      "tx_hash": "0x0afed6a772545677cf8a2909813cdf0ac62b60e7f4fd48d3329d281c0b94224b",
      "actual_calldata_bytes": 7155,
      "actual_sstore_count": 10,
      "actual_call_count": 0,
      "opcode_steps": 1462
    },
    "fund": {
      "tx_hash": "0x74f5c742391c099f7e4280a37a2f558078b02c92e83b385392b7863c1e214710",
      "actual_calldata_bytes": 0,
      "actual_sstore_count": 0,
      "actual_call_count": 0,
      "opcode_steps": 13
    },
    "refund_level0": {
      "tx_hash": "0x73c8735e12051acaa181a36cdacf71bffcdf53aab9f95633dff64720d2ed2da1",
      "actual_calldata_bytes": 4,
      "actual_sstore_count": 1,
      "actual_call_count": 1,
      "opcode_steps": 229
    }
  }
}


STDERR:

