ganache v7.9.2 (@ganache/cli: 0.10.2, @ganache/core: 0.10.2)
Starting RPC server

Available Accounts
==================
(0) 0xD262949cE09aa78F99Fda63B550445699EfaBeE7 (1000 ETH)
(1) 0x22ee4e4367EA08234fC2e1dc264e930B2C2F8C04 (1000 ETH)
(2) 0x943961859862c1E3Ff34A822d222aa3cfeB3898D (1000 ETH)
(3) 0x92825433e56E8b23298275f03cc0A140D80a289E (1000 ETH)
(4) 0x7c6619190a6AA27bCC7AF0784a26AEe0399ED8F8 (1000 ETH)
(5) 0xb6e0c4acd1d205B34a4222A7C08Aa12bb362084d (1000 ETH)
(6) 0x71959E0c2598B6760b9b599cbf1FbF3429f99F78 (1000 ETH)
(7) 0x097a4Ed67ebdc16C50b7D43338beF23e386dc955 (1000 ETH)
(8) 0xdC7AA2c1c0D1074F33CE9D5F2DF17F450f3aA8Bc (1000 ETH)
(9) 0xe59004fF069B50257b61fa47EBA72e04A356f629 (1000 ETH)

Private Keys
==================
(0) 0xfa377f707c65c38623d7cd1fd36f974e88b39145bd39762a2e17a1def83b8673
(1) 0xdfb4cb4695a4fea1620295c73d3a3840711b5baf4cdf9906dfa78dff13c74bad
(2) 0x48278e2af2dba69a7dc4d63b650227b2608f1a07c443521541fb894e33ab2751
(3) 0x35b19f01e16d063362f3a7bd89f2e282ede88b4cf8cda484bea8d8d51717fcb3
(4) 0xbcb20eda7e3337720424be1e57f70fbced48bf054dc34eafec4674a03a9fbef7
(5) 0x4e62d4f32cd741eed1cb71039008c574bb7f9b700b0fcc52ebf50ab76f9663a5
(6) 0x9eee0220a0ac75a24208ec56496f530c710b32cbfdb74a5103f76b7addbb20f2
(7) 0xb9a96cf13b909b0c4f447c63a306938566fe13fdc86d8481518f287f092c334e
(8) 0xc3bd3149ab21606b6f6786697b52a68f4b20108136c16f3ee6a40f16f4e20e76
(9) 0x85fa4310c8e634a43da6e92cda1fac4d3a2a51d107ef91425fb2e8399ee20265

HD Wallet
==================
Mnemonic:      oppose axis dance slim obvious month grab mad describe skull process visa
Base HD Path:  m/44'/60'/0'/0/{account_index}

Default Gas Price
==================
2000000000

BlockGas Limit
==================
30000000

Call Gas Limit
==================
50000000

Chain
==================
Hardfork: shanghai
Id:       1337

RPC Listening on 127.0.0.1:8545
web3_clientVersion
eth_blockNumber
net_version
eth_accounts
eth_accounts
eth_blockNumber
net_version
eth_getBlockByNumber
eth_estimateGas
eth_getBlockByNumber
eth_gasPrice
eth_sendTransaction

  Transaction: 0x440aff02d84dad07f350e4c78ea9ab00a32c9caa9c6700972a40e1d525ab1c68
  Contract created: 0x64803a7ff0d20aaa207ed46385cda7a7460c764a
  Gas usage: 1146799
  Block number: 1
  Block time: Fri May 08 2026 00:42:51 GMT+0700 (Indochina Time)

eth_getTransactionReceipt
eth_getCode
eth_getTransactionReceipt
eth_getBlockByNumber
eth_gasPrice
eth_sendTransaction

  Transaction: 0x5e1609b95426c4d632f22bc3f66ade578feafa00d8f634227c5962de00449894
  Gas usage: 21055
  Block number: 2
  Block time: Fri May 08 2026 00:42:51 GMT+0700 (Indochina Time)

eth_getTransactionReceipt
net_version
eth_getBlockByNumber
eth_estimateGas
eth_getBlockByNumber
eth_gasPrice
eth_sendTransaction

  Transaction: 0x0b5c4645823919a5a4a01e5df0e3ee9a623d8963302d22a6464a9a84cd4ee6df
  Gas usage: 72862
  Block number: 3
  Block time: Fri May 08 2026 00:42:51 GMT+0700 (Indochina Time)

eth_getTransactionReceipt
eth_blockNumber
eth_getBalance
eth_getTransactionByHash
debug_traceTransaction
eth_getTransactionByHash
debug_traceTransaction
eth_getTransactionByHash
debug_traceTransaction

Received shutdown signal: SIGTERM
Shutting down…
Server has been shut down
