COMMAND: python3 experiments/scale_trace/scripts/trace_result_json.py /home/aothuatgiadp/blockchain/project/CTLC-Implementation/experiments/scale_trace/runs/random_v1_11/G-_A_evm_fund_ga_CTLCOnly_refund/result.json /home/aothuatgiadp/blockchain/project/CTLC-Implementation/experiments/scale_trace/runs/random_v1_11/G-_A_evm_fund_ga_CTLCOnly_refund/trace.json
STATUS: 0

STDOUT:
{
  "graph_id": "",
  "pair": "G->A|evm|fund:ga",
  "contract": "CTLCOnly",
  "scenario": "refund",
  "contractAddress": "0x82ced8de475aEdC0b2CDBc9028CEb38A5bdBF090",
  "traces": {
    "deploy": {
      "tx_hash": "0xb451c3a0811c294b49a191d9be6e90f07fdef926b5df5fd172f0c85c199aad92",
      "actual_calldata_bytes": 7091,
      "actual_sstore_count": 8,
      "actual_call_count": 0,
      "opcode_steps": 1286
    },
    "fund": {
      "tx_hash": "0x8ced840b297a719f69de818d8182c9512a085d1d176247f08e4646a5ccb74a6e",
      "actual_calldata_bytes": 0,
      "actual_sstore_count": 0,
      "actual_call_count": 0,
      "opcode_steps": 13
    },
    "refund_level0": {
      "tx_hash": "0x69f8240f7992e2122e0676b5a8f57cf23207ebd794b63d2c42574cce9c454832",
      "actual_calldata_bytes": 4,
      "actual_sstore_count": 1,
      "actual_call_count": 1,
      "opcode_steps": 229
    }
  }
}


STDERR:

