COMMAND: python3 experiments/scale_trace/scripts/trace_result_json.py /home/aothuatgiadp/blockchain/project/CTLC-Implementation/experiments/scale_trace/runs/random_v1_184/D-_E_evm_fund_de_CTLCMultipleEdges_refund/result.json /home/aothuatgiadp/blockchain/project/CTLC-Implementation/experiments/scale_trace/runs/random_v1_184/D-_E_evm_fund_de_CTLCMultipleEdges_refund/trace.json
STATUS: 0

STDOUT:
{
  "graph_id": "",
  "pair": "D->E|evm|fund:de",
  "contract": "CTLCMultipleEdges",
  "scenario": "refund",
  "contractAddress": "0x849D8c7A7B0175DF0676a369c0F5ea4Cf0C66eE5",
  "traces": {
    "deploy": {
      "tx_hash": "0x4bca663bb49d8bd6e4eeb631308c02b235f9fd3ca6048192a336ac88c909c63a",
      "actual_calldata_bytes": 7881,
      "actual_sstore_count": 15,
      "actual_call_count": 0,
      "opcode_steps": 2336
    },
    "fund": {
      "tx_hash": "0xb04d139d0bc03b4d9e4d3361f7b2cab92dfe5bbb23f6207927ad2063e9cc87f8",
      "actual_calldata_bytes": 0,
      "actual_sstore_count": 0,
      "actual_call_count": 0,
      "opcode_steps": 13
    },
    "refund_level0": {
      "tx_hash": "0x7cf7b0db652cd1e40944ade28b19b7d02c1de9c3a8714d72cbdd8df1bd84c471",
      "actual_calldata_bytes": 4,
      "actual_sstore_count": 1,
      "actual_call_count": 1,
      "opcode_steps": 224
    }
  }
}


STDERR:

