COMMAND: python3 experiments/scale_trace/scripts/trace_result_json.py /home/aothuatgiadp/blockchain/project/CTLC-Implementation/experiments/scale_trace/runs/random_v1_245/B-_E_evm_fund_be_CTLCOnly_refund/result.json /home/aothuatgiadp/blockchain/project/CTLC-Implementation/experiments/scale_trace/runs/random_v1_245/B-_E_evm_fund_be_CTLCOnly_refund/trace.json
STATUS: 0

STDOUT:
{
  "graph_id": "",
  "pair": "B->E|evm|fund:be",
  "contract": "CTLCOnly",
  "scenario": "refund",
  "contractAddress": "0x4819c5A0D85Ab605Daf36D2476a5640D0C3C3CcB",
  "traces": {
    "deploy": {
      "tx_hash": "0xf321f0b5000f83c871754c5be85a5903a9603c881ac8dc24c90c0c46d352cde6",
      "actual_calldata_bytes": 7123,
      "actual_sstore_count": 9,
      "actual_call_count": 0,
      "opcode_steps": 1374
    },
    "fund": {
      "tx_hash": "0x7f6361532e3bdbcd37a1e2c20ee9bae41d82bbf1d2819b6cf1765111abdd4869",
      "actual_calldata_bytes": 0,
      "actual_sstore_count": 0,
      "actual_call_count": 0,
      "opcode_steps": 13
    },
    "refund_level0": {
      "tx_hash": "0xc5c1c7c224d5e354760d9d8f915a5f15462a222a6d147f534b62ac8a5f3ec4e3",
      "actual_calldata_bytes": 4,
      "actual_sstore_count": 1,
      "actual_call_count": 1,
      "opcode_steps": 229
    }
  }
}


STDERR:

