ganache v7.9.2 (@ganache/cli: 0.10.2, @ganache/core: 0.10.2)
Starting RPC server

Available Accounts
==================
(0) 0x2818f4c95cD958c2f93E6CfbDC4A64426e332f12 (1000 ETH)
(1) 0xeC5028aA05e21227ee3Daa1bf896306caa39f75F (1000 ETH)
(2) 0x08847740302303E870744Fa323A4C9BBe12ED5d1 (1000 ETH)
(3) 0x75AFccaDCea2DF6a4BdaA1a37792974dc88aBB55 (1000 ETH)
(4) 0x7343260D8AebC7A2D68aC50A6C2B96041993CB3A (1000 ETH)
(5) 0x2851Fc518A1e5B39D6241664AF85127a449d0ed1 (1000 ETH)
(6) 0x9d836fF2D0D0369dbc4A7aA8dF82D0a0B6c476BD (1000 ETH)
(7) 0xA92c0eE88C5366754d12891E152B44c8697E48c7 (1000 ETH)
(8) 0xdE48ff14E996F201c7f469A9a0EE101E9167Eee1 (1000 ETH)
(9) 0x6493445564dEa8B3fD3108cd91Fa35c69cE2485C (1000 ETH)

Private Keys
==================
(0) 0xf8ed9f8244000e05a0c29a922de050dcaccf1613b71b67d30398d024afbfe85c
(1) 0xe8a3f4fdf274f7560bad6b9bab83b4f7e6dd52cdfdd9ce95608cd10844a05841
(2) 0x5a47516f52d9023791b9c2cd46eea8ad6373f630d0b1dc1a858d8d17d714b6a4
(3) 0x191760f9220a1ec59a4befc69caacc4fdde8bd75231734ed69bb6e857a0a9a03
(4) 0x19f563cbef01ee8d7081de7acbbbe7eee56d56f8d3e8696a6e8488e6d4945c17
(5) 0x66552aa281b88e5184ada9af6b78b6555ec0c4547ce9226fcd22b37bb799d14a
(6) 0x24bf4494aaa59bd010da8b62a4507cebe74e20bf9375fc81f2fc74cd227f9f98
(7) 0x51d64c4b0e3d5831da6ab290066ebaa94f6745a2d20b7943641fb02a5005c7ba
(8) 0xfda105a55d883940ec10490c535c4eed2e6e1bb7cec7e64ea8156050e5cbcc27
(9) 0x7d391822e824e1a655e49bbee8672b95dff1a11327df4b699460abdbb9eb382e

HD Wallet
==================
Mnemonic:      horn govern uniform blast settle dinosaur pig guess battle cause winter wire
Base HD Path:  m/44'/60'/0'/0/{account_index}

Default Gas Price
==================
2000000000

BlockGas Limit
==================
30000000

Call Gas Limit
==================
50000000

Chain
==================
Hardfork: shanghai
Id:       1337

RPC Listening on 127.0.0.1:8545
web3_clientVersion
eth_blockNumber
net_version
eth_accounts
eth_accounts
eth_blockNumber
net_version
eth_getBlockByNumber
eth_estimateGas
eth_getBlockByNumber
eth_gasPrice
eth_sendTransaction

  Transaction: 0x447b78092302857e96d32510e061c67bfd68292dc6a8ff8306dfed76e48d9389
  Contract created: 0x0c39792724f860bde1171c45f784f8ede29c54e4
  Gas usage: 1239082
  Block number: 1
  Block time: Fri May 08 2026 02:11:08 GMT+0700 (Indochina Time)

eth_getTransactionReceipt
eth_getCode
eth_getTransactionReceipt
eth_getBlockByNumber
eth_gasPrice
eth_sendTransaction

  Transaction: 0x5ccce74f8884b8edb950a09f3d4d47fd3103c16d4d31762e88d92403c97a8353
  Gas usage: 21055
  Block number: 2
  Block time: Fri May 08 2026 02:11:08 GMT+0700 (Indochina Time)

eth_getTransactionReceipt
net_version
eth_getBlockByNumber
eth_estimateGas
eth_getBlockByNumber
eth_gasPrice
eth_sendTransaction

  Transaction: 0x6eaf24bc802339f41109e943ab64f1631f7e2dbdba30974669a86d10f81eacfa
  Gas usage: 68747
  Block number: 3
  Block time: Fri May 08 2026 02:11:08 GMT+0700 (Indochina Time)

eth_getTransactionReceipt
eth_blockNumber
eth_getBalance
eth_getTransactionByHash
debug_traceTransaction
eth_getTransactionByHash
debug_traceTransaction
eth_getTransactionByHash
debug_traceTransaction

Received shutdown signal: SIGTERM
Shutting down…
Server has been shut down
