ganache v7.9.2 (@ganache/cli: 0.10.2, @ganache/core: 0.10.2)
Starting RPC server

Available Accounts
==================
(0) 0x1c44F8949a1744CAF7FEdE3D2F4Eb1654Dd3bA2b (1000 ETH)
(1) 0x7123C593Ac7A0365554d2c98DC6eF953297F5c92 (1000 ETH)
(2) 0xDba131e1144F7dc2b49237C02162F149dfff37a6 (1000 ETH)
(3) 0x57023464D805d310B54f5c1dC00222e4f48D7c48 (1000 ETH)
(4) 0x91d06B050bFab07fcab3C4852a3F37A95A493015 (1000 ETH)
(5) 0xa67b8C69fbE8f2Ab6e4673477489f8cAd1fe8187 (1000 ETH)
(6) 0x8997c4e46D1a4b984398F0FA9C4A8DC5a0B50CaB (1000 ETH)
(7) 0x50daa2C09f6c78eb94C0d0BDEEB8Bc09Fabf516c (1000 ETH)
(8) 0x6621E071d6fe6B21Ce36A491418Dd3bdDd4be3a3 (1000 ETH)
(9) 0xE795328bD29394ca050d6ba81121750b337eD8ac (1000 ETH)

Private Keys
==================
(0) 0xb7e9f4dc56562ecb4b7861fba9499463929608011155bab6b46f864f1ee09b9e
(1) 0xde8a82c2c2f6ddeb9a57a36cd2e39e545161706b80bb7275f99181faedff21a9
(2) 0xb2f9ebbc7beebc8705bfe824cffd7f0e819d45b2e7bce89879a36a1940899537
(3) 0x9670736b949f4abea653936106e7e1696972320acbcbf20b187bfa1c90f7eba7
(4) 0x90574b35e28298f096193a69f229799cc32a784a409432c680268445c2c4b00b
(5) 0x919f48f92bb38dc500cade33365dd4f4602fe03f60b3c39d2cd9779b383ca1c4
(6) 0xe06cd344da3ff3387a9dc5583d14517158ed240898646fd76bbf104c5cb3bbe8
(7) 0x23c43e8686c4156d1605ce8c8b95b2f2e0690c0403ae0991d5915e1000756ec1
(8) 0xd56c5c10a803791f44acb6886f83616f2f5f549e8a04ee9cb19a1fd6045e7285
(9) 0x2e926a2cbca66d4cd6b70a99a043a3814433aa97fa6063de958ea4210197bcac

HD Wallet
==================
Mnemonic:      cost across antique rather fresh egg security knee saddle now advance embark
Base HD Path:  m/44'/60'/0'/0/{account_index}

Default Gas Price
==================
2000000000

BlockGas Limit
==================
30000000

Call Gas Limit
==================
50000000

Chain
==================
Hardfork: shanghai
Id:       1337

RPC Listening on 127.0.0.1:8545
web3_clientVersion
eth_blockNumber
net_version
eth_accounts
eth_accounts
eth_blockNumber
net_version
eth_getBlockByNumber
eth_estimateGas
eth_getBlockByNumber
eth_gasPrice
eth_sendTransaction

  Transaction: 0xd73da3f85a6325665de9dfb6cff18c3da1e94744214292c850ca6835c48b685f
  Contract created: 0x3b55c0e0e9e6e4db3da91dc82372cfaa336cdfd0
  Gas usage: 1123899
  Block number: 1
  Block time: Thu May 07 2026 22:13:38 GMT+0700 (Indochina Time)

eth_getTransactionReceipt
eth_getCode
eth_getTransactionReceipt
eth_getBlockByNumber
eth_gasPrice
eth_sendTransaction

  Transaction: 0x3b9f1b1ea706bd1772cf852282bfa25ba7856a25a4a0fda1f5b380d4df46fa1c
  Gas usage: 21055
  Block number: 2
  Block time: Thu May 07 2026 22:13:38 GMT+0700 (Indochina Time)

eth_getTransactionReceipt
net_version
eth_getBlockByNumber
eth_estimateGas
eth_getBlockByNumber
eth_gasPrice
eth_sendTransaction

  Transaction: 0x74e88b6f706296e89d1a39880ee6b24873c9cda2de8a39d7c4505a405d2cdd53
  Gas usage: 68747
  Block number: 3
  Block time: Thu May 07 2026 22:13:38 GMT+0700 (Indochina Time)

eth_getTransactionReceipt
eth_blockNumber
eth_getBalance
eth_getTransactionByHash
debug_traceTransaction
eth_getTransactionByHash
debug_traceTransaction
eth_getTransactionByHash
debug_traceTransaction

Received shutdown signal: SIGTERM
Shutting down…
Server has been shut down
