COMMAND: python3 experiments/scale_trace/scripts/trace_result_json.py /home/aothuatgiadp/blockchain/project/CTLC-Implementation/experiments/scale_trace/runs/random_v1_96/F-_A_evm_fund_fa_CTLCOnly_worst_claim/result.json /home/aothuatgiadp/blockchain/project/CTLC-Implementation/experiments/scale_trace/runs/random_v1_96/F-_A_evm_fund_fa_CTLCOnly_worst_claim/trace.json
STATUS: 0

STDOUT:
{
  "graph_id": "",
  "pair": "F->A|evm|fund:fa",
  "contract": "CTLCOnly",
  "scenario": "worst_claim",
  "contractAddress": "0xE966ef5c0F906b6d035501cD318b95eFECb4caEc",
  "traces": {
    "deploy": {
      "tx_hash": "0x4e3f46cd83e745d73e360ee7a69e941672d43abf3a0fcafedcbfb538ca50f78c",
      "actual_calldata_bytes": 7091,
      "actual_sstore_count": 8,
      "actual_call_count": 0,
      "opcode_steps": 1286
    },
    "fund": {
      "tx_hash": "0x70dc4b6e9192cf6817878577e742678e2c425a971626337b111e6ea036e0f257",
      "actual_calldata_bytes": 0,
      "actual_sstore_count": 0,
      "actual_call_count": 0,
      "opcode_steps": 13
    },
    "claim_level0": {
      "tx_hash": "0x34025cbe7f27997f2cf942df8fd6fd86f557a1fe422d831cc6eb21a648d44ca5",
      "actual_calldata_bytes": 196,
      "actual_sstore_count": 1,
      "actual_call_count": 1,
      "opcode_steps": 793
    }
  }
}


STDERR:

