COMMAND: python3 experiments/scale_trace/scripts/trace_result_json.py /home/aothuatgiadp/blockchain/project/CTLC-Implementation/experiments/scale_trace/runs/random_v1_30/E-_A_evm_fund_ea_CTLCOnly_worst_claim/result.json /home/aothuatgiadp/blockchain/project/CTLC-Implementation/experiments/scale_trace/runs/random_v1_30/E-_A_evm_fund_ea_CTLCOnly_worst_claim/trace.json
STATUS: 0

STDOUT:
{
  "graph_id": "",
  "pair": "E->A|evm|fund:ea",
  "contract": "CTLCOnly",
  "scenario": "worst_claim",
  "contractAddress": "0x47f60d6E8aFBE228737118596e2ffCd7099A25c2",
  "traces": {
    "deploy": {
      "tx_hash": "0xa8587d20ab16085e7138bba4ee46515788465aa4d120bee5880597afcd303e3e",
      "actual_calldata_bytes": 7091,
      "actual_sstore_count": 8,
      "actual_call_count": 0,
      "opcode_steps": 1286
    },
    "fund": {
      "tx_hash": "0x70970c5590e7d04e72dafa3625496439379f3e3516702d57db10277b99a53012",
      "actual_calldata_bytes": 0,
      "actual_sstore_count": 0,
      "actual_call_count": 0,
      "opcode_steps": 13
    },
    "claim_level0": {
      "tx_hash": "0x66c3249f276a28cb1f92eb558d37b339a2d9294107fec50c849edbb6c83fb342",
      "actual_calldata_bytes": 196,
      "actual_sstore_count": 1,
      "actual_call_count": 1,
      "opcode_steps": 793
    }
  }
}


STDERR:

