Using network 'development'.

{
  "ok": true,
  "graph_id": "",
  "pair": "G->C|evm|fund:gc",
  "pairKey": "G->C|evm|fund:gc",
  "contract": "CTLCOnly",
  "scenario": "worst_claim",
  "deployGas": "0x139b2a",
  "gasUsed": "134099",
  "disableGasUsed": "52947",
  "claimGasUsed": "81152",
  "refundGasUsed": "",
  "contractAddress": "0xE4b9feE9340A6981fcEd8Efa44a75792dea03367",
  "startBlock": "0",
  "endBlock": "9",
  "finalContractBalanceWei": "0",
  "deployer": "0xbaCCBdF88C58c48bC03f0b15b26C57a2999F61a4",
  "party": "0xf7Ed81Fcfc840E8e44e5eb7420Db93D8F6176e07",
  "counterparty": "0x5088A671f9BceA6ec059E19E67f48Cf27510DC1E",
  "fundingWei": "1000000000000000000",
  "timelocks": [
    7,
    10
  ],
  "transactions": [
    {
      "role": "deploy",
      "txHash": "0x92b155d07d7bfc0b42ebe8ca9eba0e018a20937392164caae110f03a77705bc1"
    },
    {
      "role": "fund",
      "txHash": "0x1ba35f2b78ce69548d8abfddc3cd708e111bfe34f56fef27b411ddd9b0d8ba49"
    },
    {
      "role": "disable",
      "txHash": "0xab3656eabcc9816c809c57ec03e779f93aab727dcae9c12742b890902e604e61",
      "level": 0
    },
    {
      "role": "claim",
      "txHash": "0xb4d18c19ae2dc5165e65e9945ccfa70ea58822e94e16046d6c121de274e080b5",
      "level": 1,
      "option": 0
    }
  ],
  "txRoles": [
    {
      "role": "deploy",
      "txHash": "0x92b155d07d7bfc0b42ebe8ca9eba0e018a20937392164caae110f03a77705bc1"
    },
    {
      "role": "fund",
      "txHash": "0x1ba35f2b78ce69548d8abfddc3cd708e111bfe34f56fef27b411ddd9b0d8ba49"
    },
    {
      "role": "disable",
      "txHash": "0xab3656eabcc9816c809c57ec03e779f93aab727dcae9c12742b890902e604e61",
      "level": 0
    },
    {
      "role": "claim",
      "txHash": "0xb4d18c19ae2dc5165e65e9945ccfa70ea58822e94e16046d6c121de274e080b5",
      "level": 1,
      "option": 0
    }
  ],
  "deployTxHash": "0x92b155d07d7bfc0b42ebe8ca9eba0e018a20937392164caae110f03a77705bc1",
  "fundTxHash": "0x1ba35f2b78ce69548d8abfddc3cd708e111bfe34f56fef27b411ddd9b0d8ba49",
  "disableTxHashes": [
    "0xab3656eabcc9816c809c57ec03e779f93aab727dcae9c12742b890902e604e61"
  ],
  "disableTxHash": "0xab3656eabcc9816c809c57ec03e779f93aab727dcae9c12742b890902e604e61",
  "disableTx": "0xab3656eabcc9816c809c57ec03e779f93aab727dcae9c12742b890902e604e61",
  "claimTxHash": "0xb4d18c19ae2dc5165e65e9945ccfa70ea58822e94e16046d6c121de274e080b5",
  "txHash": "0xb4d18c19ae2dc5165e65e9945ccfa70ea58822e94e16046d6c121de274e080b5",
  "tx": "0xb4d18c19ae2dc5165e65e9945ccfa70ea58822e94e16046d6c121de274e080b5"
}
