ganache v7.9.2 (@ganache/cli: 0.10.2, @ganache/core: 0.10.2)
Starting RPC server

Available Accounts
==================
(0) 0xbaCCBdF88C58c48bC03f0b15b26C57a2999F61a4 (1000 ETH)
(1) 0xA2b17a9510D3Febb8aC31b4ce3Ff626BC54Bd21E (1000 ETH)
(2) 0x8146cE09c4A105F9CFB2BD793b7F905A7fA2F731 (1000 ETH)
(3) 0x5088A671f9BceA6ec059E19E67f48Cf27510DC1E (1000 ETH)
(4) 0xaF99b0743B0Dec94e1676feacEc9D4B4B3a4106f (1000 ETH)
(5) 0x622761B88d62Eeb633BD349813006B9057b6d6fe (1000 ETH)
(6) 0x15894913FE4C2b98E60F4E7e2A3E35f47De08Fdd (1000 ETH)
(7) 0xf7Ed81Fcfc840E8e44e5eb7420Db93D8F6176e07 (1000 ETH)
(8) 0x249564251bda5b8428251A1aa5C37da33BDEC826 (1000 ETH)
(9) 0x2298d2b5C846Ea4bB651C61d57209C1e6a6c5fd2 (1000 ETH)

Private Keys
==================
(0) 0x43c3c5ee4733d923b6fb5856f0d87025c1188c7d395abbafaab80f87663bbef1
(1) 0x72d57c1884c7a1cf69e6dab593555c60659108aa27e7d161fc7e23aacd814d83
(2) 0x9db437b99984c3b9fd066630b5ddfacbc68b2706bfe274670bd49f262fc9285f
(3) 0x6ba5a63ae3b8bc236e9dc0263644a59d0a2e4c18f007a093726a91b3c6a40be7
(4) 0xc45b8ff5b46d4c1045e2b7d9b28cf79faf1d10d7ea0130b8ea793fb9674ae846
(5) 0x3d6cf46ddf889962aab53446c2cc934f8400a22f97ec43a09cd0a2f39111c0f2
(6) 0x1b8272e19453c342c24f78c9bb98aa39799212b20d776815813ac457b648886c
(7) 0xa39fdf1fc180c2a756d666203c1efd939c6624d7229c8dc6584dedbe0769d1bb
(8) 0xbb34720af5ce61b18770bb22305119467f18e7ed0746fdfd15bb83b6a2880511
(9) 0x725b9cacccec6be4a32da9163e100bde21ab739ce93b57c933524f5807d6e193

HD Wallet
==================
Mnemonic:      baby poet toss couple chapter moon width evil photo unknown nerve into
Base HD Path:  m/44'/60'/0'/0/{account_index}

Default Gas Price
==================
2000000000

BlockGas Limit
==================
30000000

Call Gas Limit
==================
50000000

Chain
==================
Hardfork: shanghai
Id:       1337

RPC Listening on 127.0.0.1:8545
web3_clientVersion
eth_blockNumber
net_version
eth_accounts
eth_accounts
eth_blockNumber
net_version
eth_getBlockByNumber
eth_estimateGas
eth_getBlockByNumber
eth_gasPrice
eth_sendTransaction

  Transaction: 0x92b155d07d7bfc0b42ebe8ca9eba0e018a20937392164caae110f03a77705bc1
  Contract created: 0xe4b9fee9340a6981fced8efa44a75792dea03367
  Gas usage: 1284906
  Block number: 1
  Block time: Fri May 08 2026 00:09:29 GMT+0700 (Indochina Time)

eth_getTransactionReceipt
eth_getCode
eth_getTransactionReceipt
eth_getBlockByNumber
eth_gasPrice
eth_sendTransaction

  Transaction: 0x1ba35f2b78ce69548d8abfddc3cd708e111bfe34f56fef27b411ddd9b0d8ba49
  Gas usage: 21055
  Block number: 2
  Block time: Fri May 08 2026 00:09:29 GMT+0700 (Indochina Time)

eth_getTransactionReceipt
eth_blockNumber
evm_mine
eth_blockNumber
evm_mine
eth_blockNumber
evm_mine
eth_blockNumber
evm_mine
eth_blockNumber
evm_mine
eth_blockNumber
net_version
eth_getBlockByNumber
eth_estimateGas
eth_getBlockByNumber
eth_gasPrice
eth_sendTransaction

  Transaction: 0xab3656eabcc9816c809c57ec03e779f93aab727dcae9c12742b890902e604e61
  Gas usage: 52947
  Block number: 8
  Block time: Fri May 08 2026 00:09:29 GMT+0700 (Indochina Time)

eth_getTransactionReceipt
net_version
eth_getBlockByNumber
eth_estimateGas
eth_getBlockByNumber
eth_gasPrice
eth_sendTransaction

  Transaction: 0xb4d18c19ae2dc5165e65e9945ccfa70ea58822e94e16046d6c121de274e080b5
  Gas usage: 81152
  Block number: 9
  Block time: Fri May 08 2026 00:09:30 GMT+0700 (Indochina Time)

eth_getTransactionReceipt
eth_blockNumber
eth_getBalance
eth_getTransactionByHash
debug_traceTransaction
eth_getTransactionByHash
debug_traceTransaction
eth_getTransactionByHash
debug_traceTransaction
eth_getTransactionByHash
debug_traceTransaction

Received shutdown signal: SIGTERM
Shutting down…
Server has been shut down
