ganache v7.9.2 (@ganache/cli: 0.10.2, @ganache/core: 0.10.2)
Starting RPC server

Available Accounts
==================
(0) 0x7a40402284452d9944116dBd7b67B9B90cc6A135 (1000 ETH)
(1) 0x3Def31d2020b06723343Fa363BEaCeAEa223608B (1000 ETH)
(2) 0x22B36a2b9cD6Bd1CccEa778019920Af9f1083C43 (1000 ETH)
(3) 0x8394717c2D3cE50c6474aA00B1035603620336AA (1000 ETH)
(4) 0x629Ef0Dcd9E026708527f2F2303Dd2A561096bDD (1000 ETH)
(5) 0xcB4b0898cA133424193c4030Bc7ABD7EBdCfB838 (1000 ETH)
(6) 0x2e8700d349b300eA4ace63f72b2f078cfEFec2Fb (1000 ETH)
(7) 0x826596Fb1e49917cA4D20ff5B7684312d64de596 (1000 ETH)
(8) 0xa5915a6D242dcfA11e8FF5DE9240f1e83e7D4B4f (1000 ETH)
(9) 0x46407038A8E3c4932f2b6929AF1C7e72A7Dcb4C0 (1000 ETH)

Private Keys
==================
(0) 0xcb60511d90c4d273c97417a1bda2dfb0f0e89675d5fc3929eeef8576a76eb032
(1) 0x2c1172f7b1bc2286335e51bb3599918c427b4fac2d61ef0f0de495a5e5c53fef
(2) 0x4f540f40ed0f93d6441fab6ecc39eb5ef91505fe8a3da9c7fc6a1e9267136f2e
(3) 0xc018b9056456ff0b63697721813f00e509711c63acc97d6c341c49decba9e67b
(4) 0xe9e824cb7ba34ca99ff1e7c875432cc05556e3d708118301f721478d0c9841da
(5) 0x5e610c763171bca4f3620c3d5aee74b977ff4f166ed2ab4de75fb99624671948
(6) 0xaefea86f34d152b282ce7ddb678847c3a8c5319170cceb474d2bdb628e08f43e
(7) 0x6d3551635f916014a642a77581e3b6292950fec14c85de933177691e11f56119
(8) 0x58b6d9c017fefc350f2d95e470d0f8374103a03f0771429a16701d79a9c8aadf
(9) 0x1e1b6082387fb0e98888d752fc26b0526ea13029a4313e5d27c7ddb2afaa97d6

HD Wallet
==================
Mnemonic:      nephew range route wish city sting radar one lion can affair fury
Base HD Path:  m/44'/60'/0'/0/{account_index}

Default Gas Price
==================
2000000000

BlockGas Limit
==================
30000000

Call Gas Limit
==================
50000000

Chain
==================
Hardfork: shanghai
Id:       1337

RPC Listening on 127.0.0.1:8545
web3_clientVersion
eth_blockNumber
net_version
eth_accounts
eth_accounts
eth_blockNumber
net_version
eth_getBlockByNumber
eth_estimateGas
eth_getBlockByNumber
eth_gasPrice
eth_sendTransaction

  Transaction: 0x156d6111e3271190cd381d301e7f7b8cd24238c940215e3b502090a0dc87f5c5
  Contract created: 0x59bf80595f48f4466a10969f18afcbedd8fbc334
  Gas usage: 1307806
  Block number: 1
  Block time: Fri May 08 2026 02:24:46 GMT+0700 (Indochina Time)

eth_getTransactionReceipt
eth_getCode
eth_getTransactionReceipt
eth_getBlockByNumber
eth_gasPrice
eth_sendTransaction

  Transaction: 0x1a91989d2101ca2526c9502ec34ed0b8f0803f581a6033fd6b1e03d422caf561
  Gas usage: 21055
  Block number: 2
  Block time: Fri May 08 2026 02:24:46 GMT+0700 (Indochina Time)

eth_getTransactionReceipt
net_version
eth_getBlockByNumber
eth_estimateGas
eth_getBlockByNumber
eth_gasPrice
eth_sendTransaction

  Transaction: 0x81fe7277e64f5e033de5b00f40c3fbcceb14518cde7943566876932eab4cfaaa
  Gas usage: 72874
  Block number: 3
  Block time: Fri May 08 2026 02:24:46 GMT+0700 (Indochina Time)

eth_getTransactionReceipt
eth_blockNumber
eth_getBalance
eth_getTransactionByHash
debug_traceTransaction
eth_getTransactionByHash
debug_traceTransaction
eth_getTransactionByHash
debug_traceTransaction

Received shutdown signal: SIGTERM
Shutting down…
Server has been shut down
