COMMAND: python3 experiments/scale_trace/scripts/trace_result_json.py /home/aothuatgiadp/blockchain/project/CTLC-Implementation/experiments/scale_trace/runs/random_v1_173/F-_A_evm_fund_fa_CTLCOnly_worst_claim/result.json /home/aothuatgiadp/blockchain/project/CTLC-Implementation/experiments/scale_trace/runs/random_v1_173/F-_A_evm_fund_fa_CTLCOnly_worst_claim/trace.json
STATUS: 0

STDOUT:
{
  "graph_id": "",
  "pair": "F->A|evm|fund:fa",
  "contract": "CTLCOnly",
  "scenario": "worst_claim",
  "contractAddress": "0x602Cae9EeDf84722dd7FbFaD93336D34B04096e4",
  "traces": {
    "deploy": {
      "tx_hash": "0x8aba2166e48cb513e60a5828e6584bd681ef7bff7c995ffbb1dfc7823747db03",
      "actual_calldata_bytes": 7091,
      "actual_sstore_count": 8,
      "actual_call_count": 0,
      "opcode_steps": 1286
    },
    "fund": {
      "tx_hash": "0xc0ec55bd6b8775a0304ed183374798eb1a428056b9476bb45472746cf2b178c2",
      "actual_calldata_bytes": 0,
      "actual_sstore_count": 0,
      "actual_call_count": 0,
      "opcode_steps": 13
    },
    "claim_level0": {
      "tx_hash": "0x548cd615e870afa3a71b6d161dcda70b94d749911aec36eb71d5513ec42e26ca",
      "actual_calldata_bytes": 196,
      "actual_sstore_count": 1,
      "actual_call_count": 1,
      "opcode_steps": 793
    }
  }
}


STDERR:

