ganache v7.9.2 (@ganache/cli: 0.10.2, @ganache/core: 0.10.2)
Starting RPC server

Available Accounts
==================
(0) 0x20bE86c51aD2623fE8c85ac83814706Af54a488A (1000 ETH)
(1) 0xEd8651B23e23b9a27327e8777e1BC4E37940D5c1 (1000 ETH)
(2) 0x16ED8EE3fe3E86c0c9C36c7D82A68affC712112d (1000 ETH)
(3) 0xf4F91Ab200001B499771daF235FfEf8Da09596dD (1000 ETH)
(4) 0x63a0b5DE9161d102cA4cb9a59Fe2A35b994F3f82 (1000 ETH)
(5) 0x56CC321D5B13B46Aef570Fd81FeC2ed914b50e5d (1000 ETH)
(6) 0x5f8ac7CD63228fb054A5C21f759645e25823b332 (1000 ETH)
(7) 0xeE2C1EC2C3CE3Fd408031C6754CaA7974C2E3110 (1000 ETH)
(8) 0x7A328adC7809c43E13D06eFB317D88159788CFaf (1000 ETH)
(9) 0x479451735c78539AE674F2451D3C5bF0B5cC25DA (1000 ETH)

Private Keys
==================
(0) 0xd32d31a9c0533e5d56f0f72443d76e04ef55c63220b4413c5986f2a60e6be396
(1) 0x8a703e79f8e6bb190c1d35202fd7dcfa342de87cc2bab4c7c195d496300024e5
(2) 0x2341b642f8047d8e0167ab5686184b9124cb318696f991eb218ca113f2029455
(3) 0x944968d41594327230dfa68fe5ffa21189f47dea3c06efd426ff9521449825d3
(4) 0x9a021dda9736cfccd35fdb92e3d1fbdd970a2a1ee604cfad92949df12b59b5c1
(5) 0x3fa9d6232ee41602126288c8c09182029024825ebd4117e53db2b3be5cf166a0
(6) 0x1eb7483207892ee5975f76c9c59415fceb5fdda6d70301c45fd3f7c8ce5ec452
(7) 0x5f61bcd3d7c471ee0884fb6958fc2595199f2a34c34942e21575002c4ca75068
(8) 0x4424fb3405aca9dd03ac2dba3a3480e1ba9db29127b0d992879a006f261d5ad7
(9) 0xe20e55b747ee1554a03d601861701b96c47ea193642988b92853d247e6f5b5fb

HD Wallet
==================
Mnemonic:      mammal thing cat alone swear nice width steel buffalo silly despair toe
Base HD Path:  m/44'/60'/0'/0/{account_index}

Default Gas Price
==================
2000000000

BlockGas Limit
==================
30000000

Call Gas Limit
==================
50000000

Chain
==================
Hardfork: shanghai
Id:       1337

RPC Listening on 127.0.0.1:8545
web3_clientVersion
eth_blockNumber
net_version
eth_accounts
eth_accounts
eth_blockNumber
net_version
eth_getBlockByNumber
eth_estimateGas
eth_getBlockByNumber
eth_gasPrice
eth_sendTransaction

  Transaction: 0x96b13ef451de8445c39adde1c5e37b9e457a59ac4fa84e5277dae5460de32d82
  Contract created: 0x3ebb94de07dd500cb6a92113729a5b4132da3dc2
  Gas usage: 1100963
  Block number: 1
  Block time: Fri May 08 2026 03:39:16 GMT+0700 (Indochina Time)

eth_getTransactionReceipt
eth_getCode
eth_getTransactionReceipt
eth_getBlockByNumber
eth_gasPrice
eth_sendTransaction

  Transaction: 0x87fca419574a18fd1c09dd5361b2d962ef68233eb2a3a3b244512af34a9859f0
  Gas usage: 21055
  Block number: 2
  Block time: Fri May 08 2026 03:39:16 GMT+0700 (Indochina Time)

eth_getTransactionReceipt
net_version
eth_getBlockByNumber
eth_estimateGas
eth_getBlockByNumber
eth_gasPrice
eth_sendTransaction

  Transaction: 0x945fd83639018137ea2bb615337c0de421a123a302ce854c6ecccb5f9f4cafcc
  Gas usage: 64620
  Block number: 3
  Block time: Fri May 08 2026 03:39:16 GMT+0700 (Indochina Time)

eth_getTransactionReceipt
eth_blockNumber
eth_getBalance
eth_getTransactionByHash
debug_traceTransaction
eth_getTransactionByHash
debug_traceTransaction
eth_getTransactionByHash
debug_traceTransaction

Received shutdown signal: SIGTERM
Shutting down…
Server has been shut down
