ganache v7.9.2 (@ganache/cli: 0.10.2, @ganache/core: 0.10.2)
Starting RPC server

Available Accounts
==================
(0) 0x27D8c49E857f4CCc563cA1fB860cB85db86E6547 (1000 ETH)
(1) 0x109F7Ff3d3Ca4494102CaBCfe0a5D0924932268d (1000 ETH)
(2) 0x94F4397815F2eBDBe0d5B45eE7402058a6d640C0 (1000 ETH)
(3) 0x999e1E7A7D940C2aDA7f2dD6ECaD3AaE718500Ea (1000 ETH)
(4) 0x3861E3C977aD0752edBB6e59D454040F805Ba19F (1000 ETH)
(5) 0xD8F51854e40CE881dCB6560f009406B1Da41c9BC (1000 ETH)
(6) 0x5114cA6A3e0eDBB10e9C000755ca663C96408A1D (1000 ETH)
(7) 0xE0CdFef6324FA2e9c31F9481f4bef59a4167BBAF (1000 ETH)
(8) 0xEEA79c8d360d1D504b3a000f9744C90E90448Cce (1000 ETH)
(9) 0x3813Ad3b1Bb60d359f11bB134fc9A389D94481ca (1000 ETH)

Private Keys
==================
(0) 0xfbff4ea63cdd45bf7cbf8264bd7daf087db058b4a0bebb81d2542cf14718c9d6
(1) 0x31385dff13b9bd11030fcc81c7bb9e4f484ab777e897434190a96492cc8add2b
(2) 0x6e824e72f0271e0362730ccb70e079d4d4ca4b84b19b3d0dcfb347c57cf9d0cd
(3) 0x3c04ed462bde27261379319a493692b95c7422b9e484a9fa03fce76663ed885d
(4) 0xeb6e76c11dc8473374826952f0d75aba7ba49c1dbbda51c32a2120427c96e945
(5) 0x622b288a5a67d2e2555258f2250ee00563b7b19903e490c6f97c53f9f138dcd2
(6) 0x06742097e073bd1affeac2c18261c99d3b96f1e10000e8dfedf7a7abd65e88fd
(7) 0xc1e150aedb1024c6820cea9647f1167244cc23fac144fce3276050c6fe0a5112
(8) 0x9ac2ff71ce35911683bbcf99220c0acf7e7b20f11208c326becc400992f60cf8
(9) 0x4021b5c53ff2bc1d414ac49cf022dcbbd7425139480168edf42589a3116f85bc

HD Wallet
==================
Mnemonic:      busy stadium inform search cake crater rib pudding online pepper excess dice
Base HD Path:  m/44'/60'/0'/0/{account_index}

Default Gas Price
==================
2000000000

BlockGas Limit
==================
30000000

Call Gas Limit
==================
50000000

Chain
==================
Hardfork: shanghai
Id:       1337

RPC Listening on 127.0.0.1:8545
web3_clientVersion
eth_blockNumber
net_version
eth_accounts
eth_accounts
eth_blockNumber
net_version
eth_getBlockByNumber
eth_estimateGas
eth_getBlockByNumber
eth_gasPrice
eth_sendTransaction

  Transaction: 0xc71d76fe4945debb847f071f865333cd5400fc66857b842dd576be490dae5360
  Contract created: 0x90c98a920af66b8eb20ef3defc79a5b745ca13bf
  Gas usage: 1445913
  Block number: 1
  Block time: Thu May 07 2026 20:18:08 GMT+0700 (Indochina Time)

eth_getTransactionReceipt
eth_getCode
eth_getTransactionReceipt
eth_getBlockByNumber
eth_gasPrice
eth_sendTransaction

  Transaction: 0x701393ab3e1bfec9569af12ad55aa57903edfaf5ffcd68edb22860cad00c07ad
  Gas usage: 21055
  Block number: 2
  Block time: Thu May 07 2026 20:18:08 GMT+0700 (Indochina Time)

eth_getTransactionReceipt
eth_blockNumber
evm_mine
eth_blockNumber
evm_mine
eth_blockNumber
evm_mine
eth_blockNumber
evm_mine
eth_blockNumber
evm_mine
eth_blockNumber
evm_mine
eth_blockNumber
net_version
eth_getBlockByNumber
eth_estimateGas
eth_getBlockByNumber
eth_gasPrice
eth_sendTransaction

  Transaction: 0xd99e4baad2bcd7a69f8d780eed8aefd637bf92989b15c3b540def2ca5259ffdc
  Gas usage: 52947
  Block number: 9
  Block time: Thu May 07 2026 20:18:08 GMT+0700 (Indochina Time)

eth_getTransactionReceipt
eth_blockNumber
net_version
eth_getBlockByNumber
eth_estimateGas
eth_getBlockByNumber
eth_gasPrice
eth_sendTransaction

  Transaction: 0x0900e284f1b136915631577148edb443b02f0cdd7b3347bcf9dc94450db7cc01
  Gas usage: 35859
  Block number: 10
  Block time: Thu May 07 2026 20:18:08 GMT+0700 (Indochina Time)

eth_getTransactionReceipt
eth_blockNumber
net_version
eth_getBlockByNumber
eth_estimateGas
eth_getBlockByNumber
eth_gasPrice
eth_sendTransaction

  Transaction: 0x4bf9be1ca8c817e023ea9c584a42b825ebd63952af96ee27c0f48f196a2794f6
  Gas usage: 59561
  Block number: 11
  Block time: Thu May 07 2026 20:18:08 GMT+0700 (Indochina Time)

eth_getTransactionReceipt
eth_blockNumber
eth_getBalance
eth_getTransactionByHash
debug_traceTransaction
eth_getTransactionByHash
debug_traceTransaction
eth_getTransactionByHash
debug_traceTransaction
eth_getTransactionByHash
debug_traceTransaction
eth_getTransactionByHash
debug_traceTransaction

Received shutdown signal: SIGTERM
Shutting down…
Server has been shut down
