ganache v7.9.2 (@ganache/cli: 0.10.2, @ganache/core: 0.10.2)
Starting RPC server

Available Accounts
==================
(0) 0xb827C8d221c95d493a769082918C878107d55998 (1000 ETH)
(1) 0x427Ff9c91e8d639c423Eb9fD55ce720B3B681E03 (1000 ETH)
(2) 0xA2a400aa12cF17Fe24caBD7Ae04b6e683Cc68542 (1000 ETH)
(3) 0x6566F5FE1eC3924fFe167833bC130fd864001146 (1000 ETH)
(4) 0xF190547c52210C84eFB9E766576Ad7E9f293FE63 (1000 ETH)
(5) 0x0727Cb8361947c5c83E992233caA606Fb09DFBe4 (1000 ETH)
(6) 0xc5F4E7Be8f90F6CC1760Bb8E14289490c5D0b5e6 (1000 ETH)
(7) 0x4Dd9E949A791cc2e1F56bBB47632F719319E7FF2 (1000 ETH)
(8) 0xdEf43A9AeBa83B2e51dAe04f63DfBa54eF759683 (1000 ETH)
(9) 0x99FC8a3Fb111777bA8B46c2EF800053263404b02 (1000 ETH)

Private Keys
==================
(0) 0xbdc809bff4c33ac65c7f506b4862799388b99064a5b7cadaf1ea9e23562e04da
(1) 0xc679e03897f7c1d56c25d2c7a69a5df5744a1bf7d307591856e7b03590136810
(2) 0x6bd2ea1bbdb4aa15202e5052e9ee5c3e88adb3d5b811fadb3346850f4bf9bca3
(3) 0x3699d0897de4292e0c544c8c05e8e88579d963df1659e72b63efdaca1b08140a
(4) 0xfac627836be2b1d851ee1136ee1d602a5cdb1e2fa5a9f93774c59655cc67049d
(5) 0xde590537058fa0c9ece33a1b1b2937ea990373fd3838cbee5f4a574e12b4d87e
(6) 0x861a721f45764182f1438e74b4bc9392b3c937878ba81a3df84c54853d039e6e
(7) 0x61ff791700bf07c83aa3381a127a447e4397ffb7d373c0da010beb611f4e13bc
(8) 0x1d91460c49eafdc059a7ec7b76b12e97893e02314a514f67f27e59d79786f68b
(9) 0xd1d56fc79f01cc980509d1a31986363d7c5091fa5a44536baac40d20f671f87e

HD Wallet
==================
Mnemonic:      mercy clown avocado board goddess survey involve suit gauge happy hold wise
Base HD Path:  m/44'/60'/0'/0/{account_index}

Default Gas Price
==================
2000000000

BlockGas Limit
==================
30000000

Call Gas Limit
==================
50000000

Chain
==================
Hardfork: shanghai
Id:       1337

RPC Listening on 127.0.0.1:8545
web3_clientVersion
eth_blockNumber
net_version
eth_accounts
eth_accounts
eth_blockNumber
net_version
eth_getBlockByNumber
eth_estimateGas
eth_getBlockByNumber
eth_gasPrice
eth_sendTransaction

  Transaction: 0xc857a5cc5702381ba178be8230bce26a13e45d9461e2ce51f06bcfb3b497fb04
  Contract created: 0x6ee6bc8e46f5b177964e03bd4e34a65b533efbfc
  Gas usage: 1838576
  Block number: 1
  Block time: Fri May 08 2026 01:59:54 GMT+0700 (Indochina Time)

eth_getTransactionReceipt
eth_getCode
eth_getTransactionReceipt
eth_getBlockByNumber
eth_gasPrice
eth_sendTransaction

  Transaction: 0x496604a50b7de6982755950b49a5e05cae917e28c199dc9bdc14ee8d8d38e2e8
  Gas usage: 21055
  Block number: 2
  Block time: Fri May 08 2026 01:59:54 GMT+0700 (Indochina Time)

eth_getTransactionReceipt
eth_blockNumber
evm_mine
eth_blockNumber
evm_mine
eth_blockNumber
evm_mine
eth_blockNumber
evm_mine
eth_blockNumber
evm_mine
eth_blockNumber
net_version
eth_getBlockByNumber
eth_estimateGas
eth_getBlockByNumber
eth_gasPrice
eth_sendTransaction

  Transaction: 0x68dd40ed5f4d63b3cfd8579ee9663a99ab8d5e5204c81b9ed3adeff6f4b8aec9
  Gas usage: 52925
  Block number: 8
  Block time: Fri May 08 2026 01:59:54 GMT+0700 (Indochina Time)

eth_getTransactionReceipt
eth_blockNumber
net_version
eth_getBlockByNumber
eth_estimateGas
eth_getBlockByNumber
eth_gasPrice
eth_sendTransaction

  Transaction: 0x2a47cadb4f64f7eceefdd078bfcc1b71d078c82cc4b0165228ed034a7bb9371c
  Gas usage: 35837
  Block number: 9
  Block time: Fri May 08 2026 01:59:54 GMT+0700 (Indochina Time)

eth_getTransactionReceipt
eth_blockNumber
net_version
eth_getBlockByNumber
eth_estimateGas
eth_getBlockByNumber
eth_gasPrice
eth_sendTransaction

  Transaction: 0xa99c48e2f6f7f8ffe171afe1cfaf912e0a09e2c5ba2e531332e26d615f1f104c
  Gas usage: 35837
  Block number: 10
  Block time: Fri May 08 2026 01:59:54 GMT+0700 (Indochina Time)

eth_getTransactionReceipt
net_version
eth_getBlockByNumber
eth_estimateGas
eth_getBlockByNumber
eth_gasPrice
eth_sendTransaction

  Transaction: 0xe9f8f3356d1b6e4ce4c2f8b8f72e19df0af01a0e0499d1f65972859539eaa554
  Gas usage: 88906
  Block number: 11
  Block time: Fri May 08 2026 01:59:54 GMT+0700 (Indochina Time)

eth_getTransactionReceipt
eth_blockNumber
eth_getBalance
eth_getTransactionByHash
debug_traceTransaction
eth_getTransactionByHash
debug_traceTransaction
eth_getTransactionByHash
debug_traceTransaction
eth_getTransactionByHash
debug_traceTransaction
eth_getTransactionByHash
debug_traceTransaction
eth_getTransactionByHash
debug_traceTransaction

Received shutdown signal: SIGTERM
Shutting down…
Server has been shut down
