ganache v7.9.2 (@ganache/cli: 0.10.2, @ganache/core: 0.10.2)
Starting RPC server

Available Accounts
==================
(0) 0x21916C17E84Fd1E747a5852d951Fc436407a6fE1 (1000 ETH)
(1) 0x2663d6a0AB7aFD22F05edf7F4E1dbA93f43c7798 (1000 ETH)
(2) 0x7e76d69ec7C6A23B13501346bDB88833CE15ff63 (1000 ETH)
(3) 0xD035551fA223750111e31593AE4d6D37253F64B9 (1000 ETH)
(4) 0x15F8f78Aa5eDC37dff7eB76e16aEe7c5693e4E25 (1000 ETH)
(5) 0xD15EbB3dCc8773125C9E305a6Ca8335DD8bc856e (1000 ETH)
(6) 0x38a6b90f4442b7b60Fd079E74E6B2E2521F55e54 (1000 ETH)
(7) 0xb7508D13272754444d294186b71338349791dBf6 (1000 ETH)
(8) 0xa8FE589358Ff8BC3132CA6a3266B1d7e7C858752 (1000 ETH)
(9) 0x3Eb41527a665271F0aDfA0D43e275706254d6a09 (1000 ETH)

Private Keys
==================
(0) 0x43c5913c11daad3672d5ae515a7d3a8eddbac5979a9934576ac40916ae2a425d
(1) 0x49996b6a1e6c745447415d853b33a186b8a4a97cfb966aa6191782b2d0466893
(2) 0x237ff9c7484f247fba4b0ee36df1a02f3e767a16a9a422a6f7d7fb003d2bddd7
(3) 0x986cd4c3968d20a2167fbcd82c617dc326e8ab049347df1b78745f1e4b04826c
(4) 0xc2523d863c30e0c448e9de2beef3f4a43748d88184bd60b3fd09bf877405c8cd
(5) 0xf4b80f3901876e28f51795eeb43e4dab86d671c0701df4582b9b15d51a02e8d8
(6) 0x14bb633da5ada1eb6eb43be825211728ebf67d61bfe9a2d06ba5249958aed8f0
(7) 0x9cf7417441bda91a02ae6396aa5852d5256e1680ece6daa50e34105c1f160e90
(8) 0xaa99f88e27d1ceb837bf4a3cb6d53db1f6d5955f43fe4ff4517b5037b6c7971a
(9) 0x11e5455798c14d49d72915c5cfbbb2377f3cd93a6685ec49f8767218dc202e82

HD Wallet
==================
Mnemonic:      blame cabin degree wall rib weekend practice hour exotic arrange magnet comfort
Base HD Path:  m/44'/60'/0'/0/{account_index}

Default Gas Price
==================
2000000000

BlockGas Limit
==================
30000000

Call Gas Limit
==================
50000000

Chain
==================
Hardfork: shanghai
Id:       1337

RPC Listening on 127.0.0.1:8545
web3_clientVersion
eth_blockNumber
net_version
eth_accounts
eth_accounts
eth_blockNumber
net_version
eth_getBlockByNumber
eth_estimateGas
eth_getBlockByNumber
eth_gasPrice
eth_sendTransaction

  Transaction: 0x132390195697fbbf8f5c6a3cec3a0e41d83635532fceb812a899592c7888e677
  Contract created: 0x9ef7af0d50d5e9a9d5c24fffbe72a889b2d521b4
  Gas usage: 1100987
  Block number: 1
  Block time: Fri May 08 2026 00:31:36 GMT+0700 (Indochina Time)

eth_getTransactionReceipt
eth_getCode
eth_getTransactionReceipt
eth_getBlockByNumber
eth_gasPrice
eth_sendTransaction

  Transaction: 0xd312ace89122d56a101574d41768306d34913b77535fb8516868ffe6e743fe40
  Gas usage: 21055
  Block number: 2
  Block time: Fri May 08 2026 00:31:36 GMT+0700 (Indochina Time)

eth_getTransactionReceipt
net_version
eth_getBlockByNumber
eth_estimateGas
eth_getBlockByNumber
eth_gasPrice
eth_sendTransaction

  Transaction: 0x53f4f10c2cbe6a4a576d4ed4c7f993e68d77d9a0ff6f1ac73bb9f7312e528a76
  Gas usage: 64620
  Block number: 3
  Block time: Fri May 08 2026 00:31:36 GMT+0700 (Indochina Time)

eth_getTransactionReceipt
eth_blockNumber
eth_getBalance
eth_getTransactionByHash
debug_traceTransaction
eth_getTransactionByHash
debug_traceTransaction
eth_getTransactionByHash
debug_traceTransaction

Received shutdown signal: SIGTERM
Shutting down…
Server has been shut down
