Using network 'development'.

{
  "ok": true,
  "graph_id": "",
  "pair": "B->D|evm|fund:bd",
  "pairKey": "B->D|evm|fund:bd",
  "contract": "CTLCMultipleEdges",
  "scenario": "refund",
  "deployGas": "0x15029a",
  "gasUsed": "59539",
  "disableGasUsed": "0",
  "claimGasUsed": "",
  "refundGasUsed": "59539",
  "contractAddress": "0xf164b9B246faF440EA38FeF63946dF0f148FD367",
  "startBlock": "0",
  "endBlock": "11",
  "finalContractBalanceWei": "0",
  "deployer": "0x898c366397a1BD5bf34ef91a37F3303a6a5cD004",
  "party": "0xf369D96D3c58460D557D773DF0077e00cCC4870E",
  "counterparty": "0xE331636744df389503Dc0CA25cAE438e88934698",
  "fundingWei": "1000000000000000000",
  "timelocks": [
    10
  ],
  "transactions": [
    {
      "role": "deploy",
      "txHash": "0x713b18db00950a8a50a192a781e3e17e2c69f358e60884a1508896883809bc8f"
    },
    {
      "role": "fund",
      "txHash": "0x6a8c5642d48ed95827960062730fb97b65ff65c16f69e96eed753d421b457ec4"
    },
    {
      "role": "refund",
      "txHash": "0x24dea3130698a4be7c3582d389f0287109da6ce23be2f623a60785aafb79a48d",
      "level": 0
    }
  ],
  "txRoles": [
    {
      "role": "deploy",
      "txHash": "0x713b18db00950a8a50a192a781e3e17e2c69f358e60884a1508896883809bc8f"
    },
    {
      "role": "fund",
      "txHash": "0x6a8c5642d48ed95827960062730fb97b65ff65c16f69e96eed753d421b457ec4"
    },
    {
      "role": "refund",
      "txHash": "0x24dea3130698a4be7c3582d389f0287109da6ce23be2f623a60785aafb79a48d",
      "level": 0
    }
  ],
  "deployTxHash": "0x713b18db00950a8a50a192a781e3e17e2c69f358e60884a1508896883809bc8f",
  "fundTxHash": "0x6a8c5642d48ed95827960062730fb97b65ff65c16f69e96eed753d421b457ec4",
  "refundTxHash": "0x24dea3130698a4be7c3582d389f0287109da6ce23be2f623a60785aafb79a48d",
  "refundTx": "0x24dea3130698a4be7c3582d389f0287109da6ce23be2f623a60785aafb79a48d"
}
