ganache v7.9.2 (@ganache/cli: 0.10.2, @ganache/core: 0.10.2)
Starting RPC server

Available Accounts
==================
(0) 0xdED5BB5992DB16a9AFA2C6e2cff34bDB96295AAE (1000 ETH)
(1) 0xC9C5f0cdddC19dc7191BAA38ACe10Ba64B4d80f6 (1000 ETH)
(2) 0x9304eBf0A29a8E0D0D98E226d3F4a7A0a0b9f282 (1000 ETH)
(3) 0xeFF77C3B374Bf2a9fb1d5b5416AB0d13cc009735 (1000 ETH)
(4) 0x00fF698b621940A9CeCB394605770f6E75Be5DDF (1000 ETH)
(5) 0xb1CB91C693C98067a67b0EACdcC68164beB9205c (1000 ETH)
(6) 0x12362370EC92a2760b3d7e27Fe6F1F75e316DB47 (1000 ETH)
(7) 0x3Fcc97251e94Ea394BBF569A2791A495aF1b07a6 (1000 ETH)
(8) 0x8ee09D3b1B05F1Ed7518c43e5e48C772FaA78892 (1000 ETH)
(9) 0x78Bd23Af1063Bf643c4Bed15DE871b060019b880 (1000 ETH)

Private Keys
==================
(0) 0xe466920183d0870cc9cb376e9bd317071d665931c64623858527ef0fdbed925d
(1) 0x11f9f7617e45f4c27522ec9d378b8c1f008e99c5171db7a1496b11a7dab77177
(2) 0x1fae24816403c18a1404da58b6c3ec632cb4e7e58a82b3a39641712c8dd597e5
(3) 0xaaaeb94864897ccc262dde61d14ad667d21f56656d0d3b60d417c1c74d3ccd4f
(4) 0xb2d01834a6a6d029c52f8806960b32662651d6f6088dc56b71595ebe9da280d1
(5) 0xabbfbf1fc841fff8bfbf383f46aed8b9e5404cbab1d72cfb625770aba83a1268
(6) 0x67aec69a8b5715ddcdf3dc5bc6dc887a361a14ae1f470a23d973aa2c29d00607
(7) 0xa4515fcbe4f21f22544b721e101c7708789850967be6a6a25db8e601177fc72f
(8) 0xf7e47b72b4a5abebc10cb008f941de05a1e5a87a270033c37af2c7493a64e012
(9) 0x139e51212aae4a95fa7bda9141b5c9bd307e0a267ec22cb944e4e88b80d08017

HD Wallet
==================
Mnemonic:      cotton great captain cargo parade dinner fortune husband perfect style luxury trigger
Base HD Path:  m/44'/60'/0'/0/{account_index}

Default Gas Price
==================
2000000000

BlockGas Limit
==================
30000000

Call Gas Limit
==================
50000000

Chain
==================
Hardfork: shanghai
Id:       1337

RPC Listening on 127.0.0.1:8545
web3_clientVersion
eth_blockNumber
net_version
eth_accounts
eth_accounts
eth_blockNumber
net_version
eth_getBlockByNumber
eth_estimateGas
eth_getBlockByNumber
eth_gasPrice
eth_sendTransaction

  Transaction: 0x3ef46177f81cf52f48a928a8f7916b6e8a7a637526120986e580da4985f8ddbf
  Contract created: 0x7983197330d0e759449f0c9fe9b3571fa08eeab0
  Gas usage: 1123887
  Block number: 1
  Block time: Fri May 08 2026 00:25:58 GMT+0700 (Indochina Time)

eth_getTransactionReceipt
eth_getCode
eth_getTransactionReceipt
eth_getBlockByNumber
eth_gasPrice
eth_sendTransaction

  Transaction: 0xcf7802f9f108b2a5577ee97d45978d83158e0d33860c19c1e55e2af662ec2a7f
  Gas usage: 21055
  Block number: 2
  Block time: Fri May 08 2026 00:25:58 GMT+0700 (Indochina Time)

eth_getTransactionReceipt
net_version
eth_getBlockByNumber
eth_estimateGas
eth_getBlockByNumber
eth_gasPrice
eth_sendTransaction

  Transaction: 0x8b8829d1f76c6e05a15d024d4b1e6ce91da6095ff7a0d8e1496b506d8c7360b5
  Gas usage: 68735
  Block number: 3
  Block time: Fri May 08 2026 00:25:58 GMT+0700 (Indochina Time)

eth_getTransactionReceipt
eth_blockNumber
eth_getBalance
eth_getTransactionByHash
debug_traceTransaction
eth_getTransactionByHash
debug_traceTransaction
eth_getTransactionByHash
debug_traceTransaction

Received shutdown signal: SIGTERM
Shutting down…
Server has been shut down
