ganache v7.9.2 (@ganache/cli: 0.10.2, @ganache/core: 0.10.2)
Starting RPC server

Available Accounts
==================
(0) 0xC645Fb891B8a1fbdAF2F320afce76e81A0a40e12 (1000 ETH)
(1) 0x106213467edC0dbfd87fD26c65222235C6d70839 (1000 ETH)
(2) 0xA4f1CAeEE01b7C18fF8c67016651eF9F8F048497 (1000 ETH)
(3) 0xA0DC196bFc0E85B2C6EBA843EDE86fb0115e778d (1000 ETH)
(4) 0xFF0F41f47B154935B0391D7289f0b07121abd21d (1000 ETH)
(5) 0x26d6274aE7CDB4BEA0286BE46a9a129163340264 (1000 ETH)
(6) 0x396c62AceACf224883CA6045FC1B3638DE4b23fc (1000 ETH)
(7) 0xA4E657Cb94Aa8931B29F464Def1Cb5499459b936 (1000 ETH)
(8) 0xc360a5f30E0CD8C62E3d45b92a6d317691B449ac (1000 ETH)
(9) 0x4237D3AA8ddCBDC8970BF28a09EA59f408c10f9a (1000 ETH)

Private Keys
==================
(0) 0x47b6884a3d136e20d84816ab90eaeab5fdb9b7b9558e6c74b04cb536f3260a3b
(1) 0x85fe56e88cbecfb1c0b7dd2af2a5bc06d026edcb3faed5e2fd95800c3741271e
(2) 0xb617c242e524c68c72b7746c69b5c61ef9449f2d6b9a547b0425ef40a7d68338
(3) 0x4fb96995d937377fe7e606927a6ff0953eec24ffb005141098d4f2e575f1840f
(4) 0x5a43c8bf9a52e7d16c12960c98f8a4530734d79d749983200dd04166334c164e
(5) 0xc3794c9e9a5000190bdc6db6f4f4b38fd18b191d0118048eac13f3f0a40f3c2d
(6) 0x8166850c40a3f1b0a6908b9d2a6165e3edaeda3fa84b8689ef2d5418b985e680
(7) 0x5d3160e00b7b8a693724fc7a7216275c3ce11127cdb1ec9fe0a1695963762930
(8) 0x4cf277ffee2c2c354334e51e7a2b22af56c3db744eb357d3b5989da71eaca61f
(9) 0x8ebdde13fdac6ef482f94de0a6449f42fb2a7bc2dadad994e335a30185bae9d3

HD Wallet
==================
Mnemonic:      result barely bus catalog bomb crush pepper chase street rule burst clever
Base HD Path:  m/44'/60'/0'/0/{account_index}

Default Gas Price
==================
2000000000

BlockGas Limit
==================
30000000

Call Gas Limit
==================
50000000

Chain
==================
Hardfork: shanghai
Id:       1337

RPC Listening on 127.0.0.1:8545
web3_clientVersion
eth_blockNumber
net_version
eth_accounts
eth_accounts
eth_blockNumber
net_version
eth_getBlockByNumber
eth_estimateGas
eth_getBlockByNumber
eth_gasPrice
eth_sendTransaction

  Transaction: 0x60d2c39adf5279640d1923fd1ef22ffdc3b8b1e8112618f262ae495e24a5ffe9
  Contract created: 0xd3242cc6ac8dea7a07e28b9cb4c1dc19dd8d56b6
  Gas usage: 1331098
  Block number: 1
  Block time: Fri May 08 2026 01:38:58 GMT+0700 (Indochina Time)

eth_getTransactionReceipt
eth_getCode
eth_getTransactionReceipt
eth_getBlockByNumber
eth_gasPrice
eth_sendTransaction

  Transaction: 0x2b54101a63f4f7efc9fe26b0c0f7aa44fa5f9f19cc66966531d96e01e7e79fc5
  Gas usage: 21055
  Block number: 2
  Block time: Fri May 08 2026 01:38:58 GMT+0700 (Indochina Time)

eth_getTransactionReceipt
eth_blockNumber
evm_mine
eth_blockNumber
evm_mine
eth_blockNumber
evm_mine
eth_blockNumber
evm_mine
eth_blockNumber
evm_mine
eth_blockNumber
evm_mine
eth_blockNumber
evm_mine
eth_blockNumber
net_version
eth_getBlockByNumber
eth_estimateGas
eth_getBlockByNumber
eth_gasPrice
eth_sendTransaction

  Transaction: 0xcf2128507fbd0db8c3e3379735549086f49b70de80b2d1afac745717a4e752c5
  Gas usage: 59539
  Block number: 10
  Block time: Fri May 08 2026 01:38:58 GMT+0700 (Indochina Time)

eth_getTransactionReceipt
eth_blockNumber
eth_getBalance
eth_getTransactionByHash
debug_traceTransaction
eth_getTransactionByHash
debug_traceTransaction
eth_getTransactionByHash
debug_traceTransaction

Received shutdown signal: SIGTERM
Shutting down…
Server has been shut down
