Using network 'development'.

{
  "ok": true,
  "graph_id": "",
  "pair": "B->C|evm|fund:bc",
  "pairKey": "B->C|evm|fund:bc",
  "contract": "CTLCMultipleEdges",
  "scenario": "best_claim",
  "deployGas": "0x1cbc06",
  "gasUsed": "75948",
  "disableGasUsed": "",
  "claimGasUsed": "75948",
  "refundGasUsed": "",
  "contractAddress": "0xE0C0094dB728cd9901bd425Bc2A7445da6eC90A9",
  "startBlock": "0",
  "endBlock": "3",
  "finalContractBalanceWei": "0",
  "deployer": "0x25B96176A25a8899FEa7b602A3CcE9dC900ED146",
  "party": "0xc267221df541794aadb447d71620e2D3dF0Fc7e3",
  "counterparty": "0x6507919c7DB0187dE6FE6411449Fed35D01F5Eaa",
  "fundingWei": "1000000000000000000",
  "timelocks": [
    8,
    11
  ],
  "transactions": [
    {
      "role": "deploy",
      "txHash": "0x3119580bdd27b327845fc0a7b67390145268abe1ea28e1b26282e592835708ef"
    },
    {
      "role": "fund",
      "txHash": "0xfb5b0027b6a452acd9e87c92d95a29fe148883453ea721a31958cce3171c1cdb"
    },
    {
      "role": "claim",
      "txHash": "0x0b2fdd637c19e50b483a4040cfb72eea198259ac60564a3a79a345a2bf86fe66",
      "level": 0,
      "option": 0
    }
  ],
  "txRoles": [
    {
      "role": "deploy",
      "txHash": "0x3119580bdd27b327845fc0a7b67390145268abe1ea28e1b26282e592835708ef"
    },
    {
      "role": "fund",
      "txHash": "0xfb5b0027b6a452acd9e87c92d95a29fe148883453ea721a31958cce3171c1cdb"
    },
    {
      "role": "claim",
      "txHash": "0x0b2fdd637c19e50b483a4040cfb72eea198259ac60564a3a79a345a2bf86fe66",
      "level": 0,
      "option": 0
    }
  ],
  "deployTxHash": "0x3119580bdd27b327845fc0a7b67390145268abe1ea28e1b26282e592835708ef",
  "fundTxHash": "0xfb5b0027b6a452acd9e87c92d95a29fe148883453ea721a31958cce3171c1cdb",
  "claimTxHash": "0x0b2fdd637c19e50b483a4040cfb72eea198259ac60564a3a79a345a2bf86fe66",
  "txHash": "0x0b2fdd637c19e50b483a4040cfb72eea198259ac60564a3a79a345a2bf86fe66",
  "tx": "0x0b2fdd637c19e50b483a4040cfb72eea198259ac60564a3a79a345a2bf86fe66"
}
