ganache v7.9.2 (@ganache/cli: 0.10.2, @ganache/core: 0.10.2)
Starting RPC server

Available Accounts
==================
(0) 0x8d744650F4B6DAa7612374969D59D0F7550EF96F (1000 ETH)
(1) 0xB6Ca392c9eeb08D846a3fb5f27B2849B422e5174 (1000 ETH)
(2) 0xFA428cA94F30D31B19c8f2e1eC91Bb15438Eb051 (1000 ETH)
(3) 0x22eA2eBcd3CBCd8cFe39e1108E0D3582a623740a (1000 ETH)
(4) 0xdf5bA102f9b6e7575Fb16D9EEe3d6aaab411D373 (1000 ETH)
(5) 0xeaDBa94A79663aad16A7610F02db79CcfEf772A9 (1000 ETH)
(6) 0xC1eB3868C5a36d82cA7999Ba89Aa35170c1D6F95 (1000 ETH)
(7) 0x66219F6Dc4D6602983210e19dD2246D2A72Bd1f5 (1000 ETH)
(8) 0x2C63bF582D0Cb48eFdcE98d749F1c67D3CfaC6bb (1000 ETH)
(9) 0x80d83558B344c488A6209cEA080973e12E80F4A3 (1000 ETH)

Private Keys
==================
(0) 0x091f0112d224e2f9cc04fdcc9fdf5d4fe5050da73e8d68d9122522a93d72f0c5
(1) 0x354dbbf1f4d6efb199f1cdb841cda426f630b009d6e1db60263f0f6a678485f1
(2) 0xf505e7f0321d911b99bb0d8adeb4bea330a6160d861ab47b3c0bc39000190bbc
(3) 0xcabf600d37b1777d01eea8e68affde34454503bd6793a2dd420cb19851f75cc8
(4) 0x343f4518a55c94da6d4a0092b85e02a8d6d154a107cab739e838509573206b3b
(5) 0x46474d0306aaff259fa135e62fe69b386d55342654a3cfa83d34bd898a941dbb
(6) 0x20e54bb23c3bcdc15b6bf87bbd2e343040501e8e9fcacdfc165cae77dbd276f6
(7) 0x95db7f3f94e3e69064e948a93c9e2e6835d4e3271ddc391730479632317ced3a
(8) 0x2401690b300772dfcbab85f1a27396f58e49681f2efbf9390eb66f3bda36b7ce
(9) 0x3cb6221c799f12126c139b605ac214d57d3549d707f61a256e1c7bbb56bc3bf8

HD Wallet
==================
Mnemonic:      fall riot that scheme robust call miracle reveal cool news there repeat
Base HD Path:  m/44'/60'/0'/0/{account_index}

Default Gas Price
==================
2000000000

BlockGas Limit
==================
30000000

Call Gas Limit
==================
50000000

Chain
==================
Hardfork: shanghai
Id:       1337

RPC Listening on 127.0.0.1:8545
web3_clientVersion
eth_blockNumber
net_version
eth_accounts
eth_accounts
eth_blockNumber
net_version
eth_getBlockByNumber
eth_estimateGas
eth_getBlockByNumber
eth_gasPrice
eth_sendTransaction

  Transaction: 0xad7e860616bcb50bd04f2f7eaff43c820979828c7364879687e0e6492f3eba9d
  Contract created: 0x810dd7c9d7d8bd461d322d2d425cf6c9366aefe8
  Gas usage: 1400964
  Block number: 1
  Block time: Fri May 08 2026 02:50:40 GMT+0700 (Indochina Time)

eth_getTransactionReceipt
eth_getCode
eth_getTransactionReceipt
eth_getBlockByNumber
eth_gasPrice
eth_sendTransaction

  Transaction: 0x76a74d724acb287b4de8c6c058118b35bf63aec5613cb88b84669492f474e537
  Gas usage: 21055
  Block number: 2
  Block time: Fri May 08 2026 02:50:40 GMT+0700 (Indochina Time)

eth_getTransactionReceipt
net_version
eth_getBlockByNumber
eth_estimateGas
eth_getBlockByNumber
eth_gasPrice
eth_sendTransaction

  Transaction: 0x01f1872f0c5e951642b341df4a2a9d262c15eae3c9e750e487e7962c9c13c9f3
  Gas usage: 71641
  Block number: 3
  Block time: Fri May 08 2026 02:50:40 GMT+0700 (Indochina Time)

eth_getTransactionReceipt
eth_blockNumber
eth_getBalance
eth_getTransactionByHash
debug_traceTransaction
eth_getTransactionByHash
debug_traceTransaction
eth_getTransactionByHash
debug_traceTransaction

Received shutdown signal: SIGTERM
Shutting down…
Server has been shut down
