ganache v7.9.2 (@ganache/cli: 0.10.2, @ganache/core: 0.10.2)
Starting RPC server

Available Accounts
==================
(0) 0x53565ed5759C28E2412059B7085d67CEa1C36346 (1000 ETH)
(1) 0x531EA44787d92cEd062E732833E962AfcA29140f (1000 ETH)
(2) 0x076124912c5Dc3adfd201c511B263862f576d297 (1000 ETH)
(3) 0x9C13358BBEA9E6f450e39493382e9769c3F48147 (1000 ETH)
(4) 0x69bd06f95D066a493c2CBA7d508Ff5b9aA9c49eB (1000 ETH)
(5) 0x933D1C30c571259C1Df41940547e033048e78316 (1000 ETH)
(6) 0xf67AB921721D9107475c42dc070ecb7201A2613D (1000 ETH)
(7) 0x5E9bB7AA3Cb9C788F112a5Af8CAF9766C9993B34 (1000 ETH)
(8) 0xA9c6f41Fa5D400967dd188661b5CA09fEBf96C89 (1000 ETH)
(9) 0x967899bdAd7497b803bAdf97BE6B1FD3FEFbCa45 (1000 ETH)

Private Keys
==================
(0) 0xda511cb5c1555b69083f97ca7bd6e0e0d00454d70f077ea92c1490aa23c0a889
(1) 0x1fcad8a87b0e73c9844dd94cf77c924069fd2272c6392d51064e357f71264b5b
(2) 0xb5255f0997d1f61403abe67c9b6c1a17ff9b62ba7c15017ee6da4ffebccaff7b
(3) 0xaf20e3af7254907cf55d7c2bf0601747ed69ec9fd20f6bac36a379ef63249911
(4) 0x8d1defcf724e0e805030e1e059d3a0dd81109b957ca58ba14baeddfd681b32d3
(5) 0x191a33f187646cc391d2413db0a62174845bbc08332a1d94b94cadaef2519030
(6) 0x3fb1d0bedd2a0c9e3bc80b293b8782760d0ee07a918384bce8df37494a06b078
(7) 0xcf64e7f69702ed288c5c7639be565ff81349b0797b77e366f8181b42885320b0
(8) 0x5b8f3ea7a3e4678491b5784d7f6edc66b42fe465d749f92bdfa6ed1d7390445d
(9) 0xdf5e3ff1fda8e9d10a54c0e10a4918a3b6dfd3c5efbe10fe6e2056092465e359

HD Wallet
==================
Mnemonic:      pluck base bulk grape spawn rug device employ rather absorb happy rapid
Base HD Path:  m/44'/60'/0'/0/{account_index}

Default Gas Price
==================
2000000000

BlockGas Limit
==================
30000000

Call Gas Limit
==================
50000000

Chain
==================
Hardfork: shanghai
Id:       1337

RPC Listening on 127.0.0.1:8545
web3_clientVersion
eth_blockNumber
net_version
eth_accounts
eth_accounts
eth_blockNumber
net_version
eth_getBlockByNumber
eth_estimateGas
eth_getBlockByNumber
eth_gasPrice
eth_sendTransaction

  Transaction: 0xd93e6ea6624fd52e0c84fccdefd49de9814915da54c6ab30402e6bad24ff5e9b
  Contract created: 0xbaf71cc9b1aa39c8c7a0cc875ea91218bac84901
  Gas usage: 1123887
  Block number: 1
  Block time: Thu May 07 2026 20:26:01 GMT+0700 (Indochina Time)

eth_getTransactionReceipt
eth_getCode
eth_getTransactionReceipt
eth_getBlockByNumber
eth_gasPrice
eth_sendTransaction

  Transaction: 0xb22a28215db8de49c8405a1d540e3dac1f73a9c4e95ff627d4062c044bb51659
  Gas usage: 21055
  Block number: 2
  Block time: Thu May 07 2026 20:26:01 GMT+0700 (Indochina Time)

eth_getTransactionReceipt
net_version
eth_getBlockByNumber
eth_estimateGas
eth_getBlockByNumber
eth_gasPrice
eth_sendTransaction

  Transaction: 0x8938430b3586e09d11705929e8e5283025741fbe2d79b8788af708cc4e2a1f99
  Gas usage: 68747
  Block number: 3
  Block time: Thu May 07 2026 20:26:01 GMT+0700 (Indochina Time)

eth_getTransactionReceipt
eth_blockNumber
eth_getBalance
eth_getTransactionByHash
debug_traceTransaction
eth_getTransactionByHash
debug_traceTransaction
eth_getTransactionByHash
debug_traceTransaction

Received shutdown signal: SIGTERM
Shutting down…
Server has been shut down
