ganache v7.9.2 (@ganache/cli: 0.10.2, @ganache/core: 0.10.2)
Starting RPC server

Available Accounts
==================
(0) 0xFC6cA570b40d2Cb111926eE0fc1662a5bE628F55 (1000 ETH)
(1) 0x243A3259aAA3BdE884891D7b205ACd6207B50b4e (1000 ETH)
(2) 0x7940df221d581289343cC3E138Ed0fAaee35f647 (1000 ETH)
(3) 0x3C98826654B7453401c435e9f5c7c43292f7EFbd (1000 ETH)
(4) 0x25F345D364461E68526d3D122c7AA334D1fD101e (1000 ETH)
(5) 0x71c6b1c3805FFA0011e38FEEfb88d2E172B019b0 (1000 ETH)
(6) 0xF1581aa82756Dd76c525B42a9C241D089846F5Dc (1000 ETH)
(7) 0x71397cd02c449165Dc794254131749f5b901faC3 (1000 ETH)
(8) 0xe181eC8a3DE2C8108a06bC30A6Ed1AeC3e174A46 (1000 ETH)
(9) 0x9885Ad88734b770340f70bF122d7e2B4734EC54c (1000 ETH)

Private Keys
==================
(0) 0x1b40fcd0a65bc2796a4571f97baf4a6684984c7e196a5d76401b15b2ae6f48dc
(1) 0x6bdaf3083d2e43601b641899ceeec5f3683a4011ce6474508eadfab907899ea2
(2) 0x34602f900a873e16059a24bb2fdd274a537c1269235b34bbaa9830b50e18a96c
(3) 0x3285f4424585304bb3e492d881a67e5e4f9f2fa6379ce1690d7916c8611b7843
(4) 0x5624a49068be55596b42fe24bea1746b2703040596aa22ee195d188d9393657b
(5) 0xf406d37ac869af6f690f283a3c94f19fab288cbffeefe2e4e8c127b0235747c8
(6) 0x070b799094a3a5b887cbd66aed8c7983c65108fd6525350202cddc77bc4512e4
(7) 0xc441375ba599c78fa1146513f0b0da85e6e9f5d20246eca4d74a11d664e908df
(8) 0x9b3fd4d6aabe78ba72ea0f7fa8a905f7fa8708106621cf31cd6d0674c4e3766f
(9) 0xe0a51366e49048551bf6b015e107cfd84dd5134934da50e10c2ff5cfe0030396

HD Wallet
==================
Mnemonic:      lock muffin start village upper ivory sample illegal invite goddess light plate
Base HD Path:  m/44'/60'/0'/0/{account_index}

Default Gas Price
==================
2000000000

BlockGas Limit
==================
30000000

Call Gas Limit
==================
50000000

Chain
==================
Hardfork: shanghai
Id:       1337

RPC Listening on 127.0.0.1:8545
web3_clientVersion
eth_blockNumber
net_version
eth_accounts
eth_accounts
eth_blockNumber
net_version
eth_getBlockByNumber
eth_estimateGas
eth_getBlockByNumber
eth_gasPrice
eth_sendTransaction

  Transaction: 0x1a8177547ad1067b5571a9dab09d37e2a74e09ec237a7f34b51ed325ccdf1548
  Contract created: 0x9a2c467bee4e52ce7ebd48bf864db6b144b28980
  Gas usage: 1239450
  Block number: 1
  Block time: Thu May 07 2026 21:13:32 GMT+0700 (Indochina Time)

eth_getTransactionReceipt
eth_getCode
eth_getTransactionReceipt
eth_getBlockByNumber
eth_gasPrice
eth_sendTransaction

  Transaction: 0x7f95e6ffc39a6c3c8c96a358f28dfe230b4ef47ed358bbdffbd2d2e76b1f97d5
  Gas usage: 21055
  Block number: 2
  Block time: Thu May 07 2026 21:13:32 GMT+0700 (Indochina Time)

eth_getTransactionReceipt
net_version
eth_getBlockByNumber
eth_estimateGas
eth_getBlockByNumber
eth_gasPrice
eth_sendTransaction

  Transaction: 0x36f5170915f5b6d4c0bc465386dba0096dcec9a92c9912cc694c493db404f989
  Gas usage: 71641
  Block number: 3
  Block time: Thu May 07 2026 21:13:32 GMT+0700 (Indochina Time)

eth_getTransactionReceipt
eth_blockNumber
eth_getBalance
eth_getTransactionByHash
debug_traceTransaction
eth_getTransactionByHash
debug_traceTransaction
eth_getTransactionByHash
debug_traceTransaction

Received shutdown signal: SIGTERM
Shutting down…
Server has been shut down
