COMMAND: python3 experiments/scale_trace/scripts/trace_result_json.py /home/aothuatgiadp/blockchain/project/CTLC-Implementation/experiments/scale_trace/runs/random_v1_32/E-_A_evm_fund_ea_CTLCOnly_refund/result.json /home/aothuatgiadp/blockchain/project/CTLC-Implementation/experiments/scale_trace/runs/random_v1_32/E-_A_evm_fund_ea_CTLCOnly_refund/trace.json
STATUS: 0

STDOUT:
{
  "graph_id": "",
  "pair": "E->A|evm|fund:ea",
  "contract": "CTLCOnly",
  "scenario": "refund",
  "contractAddress": "0xfEe4d2666f89e739c6570983C8507c58A15f14b1",
  "traces": {
    "deploy": {
      "tx_hash": "0x406ed161a74bc9cf4b0f6e34b186bd66528d6c1a2974b262b382436babf0eca1",
      "actual_calldata_bytes": 7091,
      "actual_sstore_count": 8,
      "actual_call_count": 0,
      "opcode_steps": 1286
    },
    "fund": {
      "tx_hash": "0x5dc34381bcc9df840382046cd5c86c70ca0e7bca49460a785e615ed6b4b4b2e5",
      "actual_calldata_bytes": 0,
      "actual_sstore_count": 0,
      "actual_call_count": 0,
      "opcode_steps": 13
    },
    "refund_level0": {
      "tx_hash": "0x2328565955c56609d04fdb9509bf640ee1be5665f7131cb489969bb0c3edd1d4",
      "actual_calldata_bytes": 4,
      "actual_sstore_count": 1,
      "actual_call_count": 1,
      "opcode_steps": 229
    }
  }
}


STDERR:

