COMMAND: python3 experiments/scale_trace/scripts/trace_result_json.py /home/aothuatgiadp/blockchain/project/CTLC-Implementation/experiments/scale_trace/runs/random_v1_286/F-_G_evm_fund_fg_CTLCOnly_refund/result.json /home/aothuatgiadp/blockchain/project/CTLC-Implementation/experiments/scale_trace/runs/random_v1_286/F-_G_evm_fund_fg_CTLCOnly_refund/trace.json
STATUS: 0

STDOUT:
{
  "graph_id": "",
  "pair": "F->G|evm|fund:fg",
  "contract": "CTLCOnly",
  "scenario": "refund",
  "contractAddress": "0xEa63CEc14B69F4a1b2f07bB44631C6CdD7294094",
  "traces": {
    "deploy": {
      "tx_hash": "0xd76f24508aa7b94f2b4a3a4ab5b224329ab419655d68ac1b7d817e64f1517343",
      "actual_calldata_bytes": 7123,
      "actual_sstore_count": 9,
      "actual_call_count": 0,
      "opcode_steps": 1374
    },
    "fund": {
      "tx_hash": "0x8d08428c746ad34423a22bdc76db697b573efa034c2c6ff928b9fb6370be8766",
      "actual_calldata_bytes": 0,
      "actual_sstore_count": 0,
      "actual_call_count": 0,
      "opcode_steps": 13
    },
    "refund_level0": {
      "tx_hash": "0x707301c3b0d9d6b3a5c61afcc1279777c451119de883f0d9e86a8473fa91cf99",
      "actual_calldata_bytes": 4,
      "actual_sstore_count": 1,
      "actual_call_count": 1,
      "opcode_steps": 229
    }
  }
}


STDERR:

