COMMAND: python3 experiments/scale_trace/scripts/trace_result_json.py /home/aothuatgiadp/blockchain/project/CTLC-Implementation/experiments/scale_trace/runs/random_v1_185/B-_C_evm_fund_bc_CTLCMultipleEdges_worst_claim/result.json /home/aothuatgiadp/blockchain/project/CTLC-Implementation/experiments/scale_trace/runs/random_v1_185/B-_C_evm_fund_bc_CTLCMultipleEdges_worst_claim/trace.json
STATUS: 0

STDOUT:
{
  "graph_id": "",
  "pair": "B->C|evm|fund:bc",
  "contract": "CTLCMultipleEdges",
  "scenario": "worst_claim",
  "contractAddress": "0xff11C10205222A42a9fC14F22DF4FA5a67E45b56",
  "traces": {
    "deploy": {
      "tx_hash": "0x648f020a42ef9b124114d9945944df4bc69873cb2db2e14e035016507dcd0a9d",
      "actual_calldata_bytes": 8041,
      "actual_sstore_count": 19,
      "actual_call_count": 0,
      "opcode_steps": 2905
    },
    "fund": {
      "tx_hash": "0xd72878b214d6eaa9cbb3f0153288c1afac30c993e5361bdc0e041b1b554a3bf8",
      "actual_calldata_bytes": 0,
      "actual_sstore_count": 0,
      "actual_call_count": 0,
      "opcode_steps": 13
    },
    "claim_level0": {
      "tx_hash": "0x036c07b7437b2eebab416d1bbce02483041c908ac0d39c9b446ac9ba50bc237c",
      "actual_calldata_bytes": 420,
      "actual_sstore_count": 1,
      "actual_call_count": 1,
      "opcode_steps": 1597
    }
  }
}


STDERR:

