Using network 'development'.

{
  "ok": true,
  "graph_id": "",
  "pair": "D->E|evm|fund:de",
  "pairKey": "D->E|evm|fund:de",
  "contract": "CTLCOnly",
  "scenario": "worst_claim",
  "deployGas": "0x13419e",
  "gasUsed": "129972",
  "disableGasUsed": "52947",
  "claimGasUsed": "77025",
  "refundGasUsed": "",
  "contractAddress": "0xBa904243eC60490724162B4d69c602f8aA9AfC41",
  "startBlock": "0",
  "endBlock": "9",
  "finalContractBalanceWei": "0",
  "deployer": "0xea3cB6E4f1a85F48b2eb2f96357c1c01A9A95f61",
  "party": "0x226Ca70d0d340cd381904e4f1954AeDC8416405a",
  "counterparty": "0x1b5eDD4a83d2b1b83311170830d0A2B09179A85C",
  "fundingWei": "1000000000000000000",
  "timelocks": [
    7,
    9
  ],
  "transactions": [
    {
      "role": "deploy",
      "txHash": "0xa2febdfba20acf7e03688a3ed3730398344b593c35d021f376149b65f495b865"
    },
    {
      "role": "fund",
      "txHash": "0xa092cbec67660c4b611059e80aa1e956c8e43b9ab9f3ce83aeb4131a46bea17c"
    },
    {
      "role": "disable",
      "txHash": "0x162f3050cbae559f8b06f96be6848822102d8a53d2adced8cce7e41c8b4a5876",
      "level": 0
    },
    {
      "role": "claim",
      "txHash": "0x99d7a89829905c62a4aeceeefca6afabbd867b2cda58f3f11fb182f53bd20ca1",
      "level": 1,
      "option": 0
    }
  ],
  "txRoles": [
    {
      "role": "deploy",
      "txHash": "0xa2febdfba20acf7e03688a3ed3730398344b593c35d021f376149b65f495b865"
    },
    {
      "role": "fund",
      "txHash": "0xa092cbec67660c4b611059e80aa1e956c8e43b9ab9f3ce83aeb4131a46bea17c"
    },
    {
      "role": "disable",
      "txHash": "0x162f3050cbae559f8b06f96be6848822102d8a53d2adced8cce7e41c8b4a5876",
      "level": 0
    },
    {
      "role": "claim",
      "txHash": "0x99d7a89829905c62a4aeceeefca6afabbd867b2cda58f3f11fb182f53bd20ca1",
      "level": 1,
      "option": 0
    }
  ],
  "deployTxHash": "0xa2febdfba20acf7e03688a3ed3730398344b593c35d021f376149b65f495b865",
  "fundTxHash": "0xa092cbec67660c4b611059e80aa1e956c8e43b9ab9f3ce83aeb4131a46bea17c",
  "disableTxHashes": [
    "0x162f3050cbae559f8b06f96be6848822102d8a53d2adced8cce7e41c8b4a5876"
  ],
  "disableTxHash": "0x162f3050cbae559f8b06f96be6848822102d8a53d2adced8cce7e41c8b4a5876",
  "disableTx": "0x162f3050cbae559f8b06f96be6848822102d8a53d2adced8cce7e41c8b4a5876",
  "claimTxHash": "0x99d7a89829905c62a4aeceeefca6afabbd867b2cda58f3f11fb182f53bd20ca1",
  "txHash": "0x99d7a89829905c62a4aeceeefca6afabbd867b2cda58f3f11fb182f53bd20ca1",
  "tx": "0x99d7a89829905c62a4aeceeefca6afabbd867b2cda58f3f11fb182f53bd20ca1"
}
