Using network 'development'.

{
  "ok": true,
  "graph_id": "",
  "pair": "F->B|evm|fund:fb",
  "pairKey": "F->B|evm|fund:fb",
  "contract": "CTLCMultipleEdges",
  "scenario": "worst_claim",
  "deployGas": "0x19f275",
  "gasUsed": "173360",
  "disableGasUsed": "88762",
  "claimGasUsed": "84598",
  "refundGasUsed": "",
  "contractAddress": "0x23C06d22D02B253844B09587ee6BB1f3582A27eE",
  "startBlock": "0",
  "endBlock": "10",
  "finalContractBalanceWei": "0",
  "deployer": "0x8b638F7A3A3b4a62955a69c6673DF033785037c3",
  "party": "0xB36d83898c58F401FF2a7D42100ef8e5500eC56d",
  "counterparty": "0x896A61A51E49f38f9262D378E76105Ca5a3997Dd",
  "fundingWei": "1000000000000000000",
  "timelocks": [
    7,
    8,
    10
  ],
  "transactions": [
    {
      "role": "deploy",
      "txHash": "0xc57eb897f568b78520475a0e70bc5a0c3a4399145b48bebec8aa76faebd2ee86"
    },
    {
      "role": "fund",
      "txHash": "0xcf4e82f840b46bf5543d28bc18970b119a9d0e526587fc64975746831675a4c4"
    },
    {
      "role": "disable",
      "txHash": "0x871be3c2dab73bb59e067f4d28952cb762ebfb9dceae31a6b34518b1b44278ad",
      "level": 0
    },
    {
      "role": "disable",
      "txHash": "0xc1f96c495705222e6257eff039b8ae9f4f70f475ca5613e58975d377df303ef2",
      "level": 1
    },
    {
      "role": "claim",
      "txHash": "0xf30b84fbc395617654027d6f3a33bb03111c7e860c8445bc253556b861c1dbbe",
      "level": 2,
      "option": 0
    }
  ],
  "txRoles": [
    {
      "role": "deploy",
      "txHash": "0xc57eb897f568b78520475a0e70bc5a0c3a4399145b48bebec8aa76faebd2ee86"
    },
    {
      "role": "fund",
      "txHash": "0xcf4e82f840b46bf5543d28bc18970b119a9d0e526587fc64975746831675a4c4"
    },
    {
      "role": "disable",
      "txHash": "0x871be3c2dab73bb59e067f4d28952cb762ebfb9dceae31a6b34518b1b44278ad",
      "level": 0
    },
    {
      "role": "disable",
      "txHash": "0xc1f96c495705222e6257eff039b8ae9f4f70f475ca5613e58975d377df303ef2",
      "level": 1
    },
    {
      "role": "claim",
      "txHash": "0xf30b84fbc395617654027d6f3a33bb03111c7e860c8445bc253556b861c1dbbe",
      "level": 2,
      "option": 0
    }
  ],
  "deployTxHash": "0xc57eb897f568b78520475a0e70bc5a0c3a4399145b48bebec8aa76faebd2ee86",
  "fundTxHash": "0xcf4e82f840b46bf5543d28bc18970b119a9d0e526587fc64975746831675a4c4",
  "disableTxHashes": [
    "0x871be3c2dab73bb59e067f4d28952cb762ebfb9dceae31a6b34518b1b44278ad",
    "0xc1f96c495705222e6257eff039b8ae9f4f70f475ca5613e58975d377df303ef2"
  ],
  "disableTxHash": "0x871be3c2dab73bb59e067f4d28952cb762ebfb9dceae31a6b34518b1b44278ad",
  "disableTx": "0x871be3c2dab73bb59e067f4d28952cb762ebfb9dceae31a6b34518b1b44278ad",
  "claimTxHash": "0xf30b84fbc395617654027d6f3a33bb03111c7e860c8445bc253556b861c1dbbe",
  "txHash": "0xf30b84fbc395617654027d6f3a33bb03111c7e860c8445bc253556b861c1dbbe",
  "tx": "0xf30b84fbc395617654027d6f3a33bb03111c7e860c8445bc253556b861c1dbbe"
}
