COMMAND: python3 experiments/scale_trace/scripts/trace_result_json.py /home/aothuatgiadp/blockchain/project/CTLC-Implementation/experiments/scale_trace/runs/random_v1_220/B-_A_evm_fund_ba_CTLCOnly_best_claim/result.json /home/aothuatgiadp/blockchain/project/CTLC-Implementation/experiments/scale_trace/runs/random_v1_220/B-_A_evm_fund_ba_CTLCOnly_best_claim/trace.json
STATUS: 0

STDOUT:
{
  "graph_id": "",
  "pair": "B->A|evm|fund:ba",
  "contract": "CTLCOnly",
  "scenario": "best_claim",
  "contractAddress": "0x2Dc442dcbC1f5AcEf5A30539930Ac364dd087745",
  "traces": {
    "deploy": {
      "tx_hash": "0x7969c4f99d9d3d977338ad47d6dee9509698cc07f696687e43c1a0b88ebb5e37",
      "actual_calldata_bytes": 7091,
      "actual_sstore_count": 8,
      "actual_call_count": 0,
      "opcode_steps": 1286
    },
    "fund": {
      "tx_hash": "0x6e2faa6af5747a082be1c8768b98e7a8b602bfb88f07f6815186a6a4281ca21e",
      "actual_calldata_bytes": 0,
      "actual_sstore_count": 0,
      "actual_call_count": 0,
      "opcode_steps": 13
    },
    "claim_level0": {
      "tx_hash": "0x9a402a248b5f2b9e442ddd318a65a9f6333a5f051107b14ef8fc857f53270d79",
      "actual_calldata_bytes": 196,
      "actual_sstore_count": 1,
      "actual_call_count": 1,
      "opcode_steps": 793
    }
  }
}


STDERR:

