ganache v7.9.2 (@ganache/cli: 0.10.2, @ganache/core: 0.10.2)
Starting RPC server

Available Accounts
==================
(0) 0xdD89103aa485Eb6F8682E484605728EA5433D13c (1000 ETH)
(1) 0x049e6fc42F014E4A58eD587e6ecE9115e474C5Ac (1000 ETH)
(2) 0xa3A7Fa0A22C1EE1d099681C8d909b60aAf3DE2B7 (1000 ETH)
(3) 0x60c646872a7ddecbA470D089da5969ba01f21557 (1000 ETH)
(4) 0x88bf766ec1F0f53949139c73F1A7721929e1986E (1000 ETH)
(5) 0xF1894bB613A27d68a22698aaED4E508cE3d02b04 (1000 ETH)
(6) 0xb289b64D77B13Baef14dAD55ecD478470d405CfB (1000 ETH)
(7) 0x3339a35792319e43590d79a9ef43e3c65b33fCcc (1000 ETH)
(8) 0x2E173D322588a098D696b6cE76767C2D589273c4 (1000 ETH)
(9) 0xc92141c5C8C7b69F75791fc044D02BB8e628284d (1000 ETH)

Private Keys
==================
(0) 0x7b14a751bb8f4351f231908fa80c05cd76021b2609c5067071caa45a18b4b506
(1) 0xadd936ccbd0b3ab2c6fdefa1d7de917dd38c9d74948a2f6d992816cf08801d36
(2) 0x46889a1c9d2e7c084b3dc6f9f85ab07f6acc962f5885aa2f66466387e28670cb
(3) 0x8549e267b7c546df0ebef3c94b109002489055422be3515cbcdab997d9f081b6
(4) 0x4cd26f9e8ff907393951b0058ff70ab46d9516ab5d2d8a5c08dada73a612cc47
(5) 0x7e3cb2fd3e5a6e320be8434e5bbdf374bed15b16ead59b54a770825f0f2dad36
(6) 0x2bdd36034ead99cd39d4ec2aed1766e818be6e53ee69fcf59c43751118143f1e
(7) 0x56e3e2cbca92371d451abaa7cdd151b82fe4b770a77f56e5a0497638bef66c63
(8) 0xe37560612decc7978df4132f8fe8bb6ee485183eac1e04dde8cde30081786f54
(9) 0x17aec5f47b9f6da71de083c2ef314f8645a6b47b17e2ca7180393c9984b9c9fc

HD Wallet
==================
Mnemonic:      worry crane lyrics juice object expect unfold recipe juice usual future honey
Base HD Path:  m/44'/60'/0'/0/{account_index}

Default Gas Price
==================
2000000000

BlockGas Limit
==================
30000000

Call Gas Limit
==================
50000000

Chain
==================
Hardfork: shanghai
Id:       1337

RPC Listening on 127.0.0.1:8545
web3_clientVersion
eth_blockNumber
net_version
eth_accounts
eth_accounts
eth_blockNumber
net_version
eth_getBlockByNumber
eth_estimateGas
eth_getBlockByNumber
eth_gasPrice
eth_sendTransaction

  Transaction: 0xa2ef093eaede85d8badda391d72f7058150feaa87541280645be5c280bb94e70
  Contract created: 0xebe7108435b2d086ecdedd1c87047cde0339c7b8
  Gas usage: 1239462
  Block number: 1
  Block time: Fri May 08 2026 01:38:02 GMT+0700 (Indochina Time)

eth_getTransactionReceipt
eth_getCode
eth_getTransactionReceipt
eth_getBlockByNumber
eth_gasPrice
eth_sendTransaction

  Transaction: 0x7cf5ad35a44256f9992ee838012cfeb83fda0e9817854f985d3a30cce92f3edb
  Gas usage: 21055
  Block number: 2
  Block time: Fri May 08 2026 01:38:02 GMT+0700 (Indochina Time)

eth_getTransactionReceipt
net_version
eth_getBlockByNumber
eth_estimateGas
eth_getBlockByNumber
eth_gasPrice
eth_sendTransaction

  Transaction: 0xc90b71b0e762fac2a877150f4d43ce5ace3680fb8ca401c4c033a454899552ec
  Gas usage: 71641
  Block number: 3
  Block time: Fri May 08 2026 01:38:02 GMT+0700 (Indochina Time)

eth_getTransactionReceipt
eth_blockNumber
eth_getBalance
eth_getTransactionByHash
debug_traceTransaction
eth_getTransactionByHash
debug_traceTransaction
eth_getTransactionByHash
debug_traceTransaction

Received shutdown signal: SIGTERM
Shutting down…
Server has been shut down
