COMMAND: python3 experiments/scale_trace/scripts/trace_result_json.py /home/aothuatgiadp/blockchain/project/CTLC-Implementation/experiments/scale_trace/runs/random_v1_274/C-_D_evm_fund_cd_CTLCMultipleEdges_worst_claim/result.json /home/aothuatgiadp/blockchain/project/CTLC-Implementation/experiments/scale_trace/runs/random_v1_274/C-_D_evm_fund_cd_CTLCMultipleEdges_worst_claim/trace.json
STATUS: 0

STDOUT:
{
  "graph_id": "",
  "pair": "C->D|evm|fund:cd",
  "contract": "CTLCMultipleEdges",
  "scenario": "worst_claim",
  "contractAddress": "0xEBE7108435b2D086ECdeDd1C87047cDe0339c7B8",
  "traces": {
    "deploy": {
      "tx_hash": "0xa2ef093eaede85d8badda391d72f7058150feaa87541280645be5c280bb94e70",
      "actual_calldata_bytes": 7817,
      "actual_sstore_count": 13,
      "actual_call_count": 0,
      "opcode_steps": 2160
    },
    "fund": {
      "tx_hash": "0x7cf5ad35a44256f9992ee838012cfeb83fda0e9817854f985d3a30cce92f3edb",
      "actual_calldata_bytes": 0,
      "actual_sstore_count": 0,
      "actual_call_count": 0,
      "opcode_steps": 13
    },
    "claim_level0": {
      "tx_hash": "0xc90b71b0e762fac2a877150f4d43ce5ace3680fb8ca401c4c033a454899552ec",
      "actual_calldata_bytes": 324,
      "actual_sstore_count": 1,
      "actual_call_count": 1,
      "opcode_steps": 1241
    }
  }
}


STDERR:

