Using network 'development'.

{
  "ok": true,
  "graph_id": "",
  "pair": "C->E|evm|fund:ce",
  "pairKey": "C->E|evm|fund:ce",
  "contract": "CTLCOnly",
  "scenario": "refund",
  "deployGas": "0x11263b",
  "gasUsed": "59561",
  "disableGasUsed": "0",
  "claimGasUsed": "",
  "refundGasUsed": "59561",
  "contractAddress": "0xa2208d2C56eF7e1206683d568e87442f27E124B2",
  "startBlock": "0",
  "endBlock": "8",
  "finalContractBalanceWei": "0",
  "deployer": "0xCc80Fbfe39a7165caa2F7cb59044E5ee722077bA",
  "party": "0x134097663bC82606dcE59889016435E949200ae7",
  "counterparty": "0xe761C939ceA036Ba89BD54148310522169f2BE4b",
  "fundingWei": "1000000000000000000",
  "timelocks": [
    7
  ],
  "transactions": [
    {
      "role": "deploy",
      "txHash": "0xba3afbf9762497ed1343d012c1219fe6aae27cb076809ecc113d9909e3f55213"
    },
    {
      "role": "fund",
      "txHash": "0xf006cf4bda44785108ed74a8228d64c62e2babae8fab804c61298a99f4c5fb6a"
    },
    {
      "role": "refund",
      "txHash": "0x311356921c2e1d14cb17d1dfdde4b3045066910e3fa3ea32d97e284662c33af3",
      "level": 0
    }
  ],
  "txRoles": [
    {
      "role": "deploy",
      "txHash": "0xba3afbf9762497ed1343d012c1219fe6aae27cb076809ecc113d9909e3f55213"
    },
    {
      "role": "fund",
      "txHash": "0xf006cf4bda44785108ed74a8228d64c62e2babae8fab804c61298a99f4c5fb6a"
    },
    {
      "role": "refund",
      "txHash": "0x311356921c2e1d14cb17d1dfdde4b3045066910e3fa3ea32d97e284662c33af3",
      "level": 0
    }
  ],
  "deployTxHash": "0xba3afbf9762497ed1343d012c1219fe6aae27cb076809ecc113d9909e3f55213",
  "fundTxHash": "0xf006cf4bda44785108ed74a8228d64c62e2babae8fab804c61298a99f4c5fb6a",
  "refundTxHash": "0x311356921c2e1d14cb17d1dfdde4b3045066910e3fa3ea32d97e284662c33af3",
  "refundTx": "0x311356921c2e1d14cb17d1dfdde4b3045066910e3fa3ea32d97e284662c33af3"
}
