COMMAND: python3 experiments/scale_trace/scripts/trace_result_json.py /home/aothuatgiadp/blockchain/project/CTLC-Implementation/experiments/scale_trace/runs/random_v1_239/C-_A_evm_fund_ca_CTLCOnly_worst_claim/result.json /home/aothuatgiadp/blockchain/project/CTLC-Implementation/experiments/scale_trace/runs/random_v1_239/C-_A_evm_fund_ca_CTLCOnly_worst_claim/trace.json
STATUS: 0

STDOUT:
{
  "graph_id": "",
  "pair": "C->A|evm|fund:ca",
  "contract": "CTLCOnly",
  "scenario": "worst_claim",
  "contractAddress": "0xe349C80Dc4DAcAaf878705606f5F217b251b48BD",
  "traces": {
    "deploy": {
      "tx_hash": "0x47f56eab92dc66f19805d1a06dde29e24a143e98cf5cf5c6754ebdf5dd8b4e47",
      "actual_calldata_bytes": 7091,
      "actual_sstore_count": 8,
      "actual_call_count": 0,
      "opcode_steps": 1286
    },
    "fund": {
      "tx_hash": "0x40fd362f15d61dc2327a50ea97fe49dfaa564d319e26f7db58c77d6144bbf049",
      "actual_calldata_bytes": 0,
      "actual_sstore_count": 0,
      "actual_call_count": 0,
      "opcode_steps": 13
    },
    "claim_level0": {
      "tx_hash": "0xe3d6cf11c445b007753992a999b6b8c639585aa1a9edcdaeb70eafe2004d59f6",
      "actual_calldata_bytes": 196,
      "actual_sstore_count": 1,
      "actual_call_count": 1,
      "opcode_steps": 793
    }
  }
}


STDERR:

