ganache v7.9.2 (@ganache/cli: 0.10.2, @ganache/core: 0.10.2)
Starting RPC server

Available Accounts
==================
(0) 0xbAF76576b0cdF14ba2EF2E9f6CCc1D5d44860D43 (1000 ETH)
(1) 0xd3F8636786dfe29A00Cb3a6e809E7939B6ED1F20 (1000 ETH)
(2) 0x29EDAA068Bf5b52D6AbD30d8E264e2224f23cfdD (1000 ETH)
(3) 0xc94b4adB81BfF37b051A387Dc47e7D361210ABfD (1000 ETH)
(4) 0x44975976a9a4e782Fc4713A5c925a5Bab914B336 (1000 ETH)
(5) 0x8E4A9ADc6b74bc60f576836Ff2DF6243721F6C7c (1000 ETH)
(6) 0xcf5E252Ee3fde9D158de44F59D14a30f648c17fD (1000 ETH)
(7) 0x4a488BaFDd8A14cefaDcA859Cf2678dA4Fa9C920 (1000 ETH)
(8) 0xA29C7349E1623832D9C00FA7c1aeD86d89fA98A7 (1000 ETH)
(9) 0x1525174394dFdB1D0fB4D4ecC44777cc6238c27a (1000 ETH)

Private Keys
==================
(0) 0x26cc3671b58ca7ff1ec2beb8ca153ea7085867e2721c051116814edeb446b673
(1) 0x77b31182a29ea516b72f44de56360dcc69489db58092e66192c197acde444f5b
(2) 0x7c15f5d800f896d020fc2a94d68a3b9854b679d506ac286264a4f7bf3f9e6853
(3) 0xc28e171c99870ffc18dc77c374652872021f70f706685d08dee08120f3eb0ebc
(4) 0x57251718758055113a0d9207c7a458b4bc8e78ee75aef49994e29ff51566ffe6
(5) 0x34c2ba996e76b3acb347e83ffca2553377fdfeac33591904fe9cc4e4be1ecb91
(6) 0x43a7c0669ea7c90694064476695d3f039747ffd22ad1f1b8e8522f85b13e7916
(7) 0x91344c0ce81b22dbcf377d389d043c37997e47dedf74dde43a4b25ff10724e57
(8) 0x71a4ddbbd107a7f7d6f5f0f8c318b69d29293af6e8b04286d7123988dc10b9f1
(9) 0x94133234bfe2c01ae69a25aaebef4b82fb174541acfb9dea0b3d346739ee3fe7

HD Wallet
==================
Mnemonic:      define unhappy stable solution orbit impulse coast connect crime window beauty smoke
Base HD Path:  m/44'/60'/0'/0/{account_index}

Default Gas Price
==================
2000000000

BlockGas Limit
==================
30000000

Call Gas Limit
==================
50000000

Chain
==================
Hardfork: shanghai
Id:       1337

RPC Listening on 127.0.0.1:8545
web3_clientVersion
eth_blockNumber
net_version
eth_accounts
eth_accounts
eth_blockNumber
net_version
eth_getBlockByNumber
eth_estimateGas
eth_getBlockByNumber
eth_gasPrice
eth_sendTransaction

  Transaction: 0xf78d921e73d8686471f7ac01192ed1560d3519b365aab1033a6735e70eaa526a
  Contract created: 0x2fcf85e66f45367f1050a4dd78828cbaecdb941c
  Gas usage: 1239462
  Block number: 1
  Block time: Fri May 08 2026 01:20:35 GMT+0700 (Indochina Time)

eth_getTransactionReceipt
eth_getCode
eth_getTransactionReceipt
eth_getBlockByNumber
eth_gasPrice
eth_sendTransaction

  Transaction: 0xdf8441bd021ee0afbae625f6f6c714022833b08de2a110f71e4009eec3c06284
  Gas usage: 21055
  Block number: 2
  Block time: Fri May 08 2026 01:20:35 GMT+0700 (Indochina Time)

eth_getTransactionReceipt
net_version
eth_getBlockByNumber
eth_estimateGas
eth_getBlockByNumber
eth_gasPrice
eth_sendTransaction

  Transaction: 0xc83560c91b3a13fcd24df4ce82a9c315f0bc207bfbe31a0847dbfc146f4a91f4
  Gas usage: 71641
  Block number: 3
  Block time: Fri May 08 2026 01:20:35 GMT+0700 (Indochina Time)

eth_getTransactionReceipt
eth_blockNumber
eth_getBalance
eth_getTransactionByHash
debug_traceTransaction
eth_getTransactionByHash
debug_traceTransaction
eth_getTransactionByHash
debug_traceTransaction

Received shutdown signal: SIGTERM
Shutting down…
Server has been shut down
