Using network 'development'.

{
  "ok": true,
  "graph_id": "",
  "pair": "C->A|evm|fund:ca",
  "pairKey": "C->A|evm|fund:ca",
  "contract": "CTLCOnly",
  "scenario": "best_claim",
  "deployGas": "0x10ccbb",
  "gasUsed": "64620",
  "disableGasUsed": "",
  "claimGasUsed": "64620",
  "refundGasUsed": "",
  "contractAddress": "0x8d6Ab5e1E3a1F3C5aE23079b51fFeD6aD81aE16b",
  "startBlock": "0",
  "endBlock": "3",
  "finalContractBalanceWei": "0",
  "deployer": "0x6811520A948E904a19f4a6c60Ee8fd9c408050e7",
  "party": "0xd5F856aa7fbCbB95BEE81Bef19dd7C07148e4279",
  "counterparty": "0xd4b0B608E39cb88695FCcdAaB41Ea82053404ed4",
  "fundingWei": "1000000000000000000",
  "timelocks": [
    6
  ],
  "transactions": [
    {
      "role": "deploy",
      "txHash": "0x0d5e5cae0ebe5c31541aff5aa124935631c6701bc56d01f7367b219c9f3b5c40"
    },
    {
      "role": "fund",
      "txHash": "0x4137778fecee228ca2e4061c8f7e990a239af8b8dd5da1b7148de74efc1a31d5"
    },
    {
      "role": "claim",
      "txHash": "0x494dd5e41d8a8638959d78feb0b8e5ad6a01da1fe61c79821653fff2d7554c24",
      "level": 0,
      "option": 0
    }
  ],
  "txRoles": [
    {
      "role": "deploy",
      "txHash": "0x0d5e5cae0ebe5c31541aff5aa124935631c6701bc56d01f7367b219c9f3b5c40"
    },
    {
      "role": "fund",
      "txHash": "0x4137778fecee228ca2e4061c8f7e990a239af8b8dd5da1b7148de74efc1a31d5"
    },
    {
      "role": "claim",
      "txHash": "0x494dd5e41d8a8638959d78feb0b8e5ad6a01da1fe61c79821653fff2d7554c24",
      "level": 0,
      "option": 0
    }
  ],
  "deployTxHash": "0x0d5e5cae0ebe5c31541aff5aa124935631c6701bc56d01f7367b219c9f3b5c40",
  "fundTxHash": "0x4137778fecee228ca2e4061c8f7e990a239af8b8dd5da1b7148de74efc1a31d5",
  "claimTxHash": "0x494dd5e41d8a8638959d78feb0b8e5ad6a01da1fe61c79821653fff2d7554c24",
  "txHash": "0x494dd5e41d8a8638959d78feb0b8e5ad6a01da1fe61c79821653fff2d7554c24",
  "tx": "0x494dd5e41d8a8638959d78feb0b8e5ad6a01da1fe61c79821653fff2d7554c24"
}
