Using network 'development'.

{
  "ok": true,
  "graph_id": "",
  "pair": "E->A|evm|fund:ea",
  "pairKey": "E->A|evm|fund:ea",
  "contract": "CTLCOnly",
  "scenario": "worst_claim",
  "deployGas": "0x10ccbb",
  "gasUsed": "64620",
  "disableGasUsed": "0",
  "claimGasUsed": "64620",
  "refundGasUsed": "",
  "contractAddress": "0x620901b3d41D515DEEB9E2F457845B0911daC0e1",
  "startBlock": "0",
  "endBlock": "3",
  "finalContractBalanceWei": "0",
  "deployer": "0xf15319C24e80062082A0b6FAF4d2b7F82514ae16",
  "party": "0xB4611A70Dc33c71205cd1CCE1A60377d68304D3C",
  "counterparty": "0x04B7E28407C01118CC1AFD95B869b66B99020Bd9",
  "fundingWei": "1000000000000000000",
  "timelocks": [
    6
  ],
  "transactions": [
    {
      "role": "deploy",
      "txHash": "0x39c565284ba9c2e59ec965b01ca70335f208e6df870bc27a16d1359e994fce82"
    },
    {
      "role": "fund",
      "txHash": "0x9f4c5f8467cf4c03e5cb6ddaac4e6e5f5478b5d2cebcf8852cb73bcca30e29e2"
    },
    {
      "role": "claim",
      "txHash": "0x307fbbefc38ee8a7ec085f49ea59b4a925e62f5a50472f6643b1ddc2dd2ca7cd",
      "level": 0,
      "option": 0
    }
  ],
  "txRoles": [
    {
      "role": "deploy",
      "txHash": "0x39c565284ba9c2e59ec965b01ca70335f208e6df870bc27a16d1359e994fce82"
    },
    {
      "role": "fund",
      "txHash": "0x9f4c5f8467cf4c03e5cb6ddaac4e6e5f5478b5d2cebcf8852cb73bcca30e29e2"
    },
    {
      "role": "claim",
      "txHash": "0x307fbbefc38ee8a7ec085f49ea59b4a925e62f5a50472f6643b1ddc2dd2ca7cd",
      "level": 0,
      "option": 0
    }
  ],
  "deployTxHash": "0x39c565284ba9c2e59ec965b01ca70335f208e6df870bc27a16d1359e994fce82",
  "fundTxHash": "0x9f4c5f8467cf4c03e5cb6ddaac4e6e5f5478b5d2cebcf8852cb73bcca30e29e2",
  "claimTxHash": "0x307fbbefc38ee8a7ec085f49ea59b4a925e62f5a50472f6643b1ddc2dd2ca7cd",
  "txHash": "0x307fbbefc38ee8a7ec085f49ea59b4a925e62f5a50472f6643b1ddc2dd2ca7cd",
  "tx": "0x307fbbefc38ee8a7ec085f49ea59b4a925e62f5a50472f6643b1ddc2dd2ca7cd"
}
