ganache v7.9.2 (@ganache/cli: 0.10.2, @ganache/core: 0.10.2)
Starting RPC server

Available Accounts
==================
(0) 0x743752e1E2b4243f52C57D9f03C4f5a96511d78b (1000 ETH)
(1) 0x5155B9aB9FC2C39e6cFe4497551c9A46FBcEC2C9 (1000 ETH)
(2) 0xFA5769aDF92e74C4cd3F2865A88E344464300B9c (1000 ETH)
(3) 0xe2216d342f6eFe618CF3D0b073BbB6d8ac5CEc47 (1000 ETH)
(4) 0xc3B5f6007D842f88935dd260C64369259773De5f (1000 ETH)
(5) 0x05981fA13A42B4e01FF01767f7d91426Ef8497D9 (1000 ETH)
(6) 0x4877095Ec39473F8DAa5Ef96d5c713E3ffDC0Ab9 (1000 ETH)
(7) 0x185d57C5D62eF4C42745e099b711690325c47A9E (1000 ETH)
(8) 0x4f3BE3467334b1D7238F70cdF03ADe734d5DC22a (1000 ETH)
(9) 0x995FAcB9C88b57906332D9e4427296774F36f426 (1000 ETH)

Private Keys
==================
(0) 0x786c70f2944a04e8f094f877b8f56729f3da3e612f09551fb599c0338ed411c1
(1) 0x1b1fe57f6fd00b9ee3870f065c99d0ed1e39bcf108741b8f1d1146938196782f
(2) 0xe6244822c6bd672d20f110c88e007857e32f2b5a1d38c066ef9b9c2cb088fab0
(3) 0x0a4d3eb2ec65f89ac68fd6eb3d3bce0590bd9816e83bbf5973be1e4d9ff45996
(4) 0xcb1a08976fe682d57561aa3194afe4c46a3a2ac40552d356b1d943e47fe64ec1
(5) 0x8781cce5c6566f4e8bd3940dc05c1dc8910d845d94f6f37e93bf46aee1cdf8fb
(6) 0x42b078f84f7ee848cb2ca2c11980933b2f16cb980b08e00df5dd0427bce21bcd
(7) 0xc9a0b8270b283562e0e4281e8cc3591534a29badba1d3de70d4c9454ec86e7cb
(8) 0x5ee488a2a7926254e10a03a9e1ca1eb815ac14430da62dca6128c05ef242f86d
(9) 0x0160c0d94b84ae5a66b7e8da01472759321b6f9b4a3731e86437bb8d4cf91738

HD Wallet
==================
Mnemonic:      oven exist view better sick actress nature soap jealous nature order ceiling
Base HD Path:  m/44'/60'/0'/0/{account_index}

Default Gas Price
==================
2000000000

BlockGas Limit
==================
30000000

Call Gas Limit
==================
50000000

Chain
==================
Hardfork: shanghai
Id:       1337

RPC Listening on 127.0.0.1:8545
web3_clientVersion
eth_blockNumber
net_version
eth_accounts
eth_accounts
eth_blockNumber
net_version
eth_getBlockByNumber
eth_estimateGas
eth_getBlockByNumber
eth_gasPrice
eth_sendTransaction

  Transaction: 0x146cd3ccec3d33ffb362e69ca56186ca9a3676bb78d38e37354e0d155ab0d2a2
  Contract created: 0x9b12f2ac582f0cc46f829775832ee67fc8f3c108
  Gas usage: 1123899
  Block number: 1
  Block time: Fri May 08 2026 03:10:43 GMT+0700 (Indochina Time)

eth_getTransactionReceipt
eth_getCode
eth_getTransactionReceipt
eth_getBlockByNumber
eth_gasPrice
eth_sendTransaction

  Transaction: 0x85e189c61d0b2b4ed5c5d2ddb35e7350a7c91160a15d9123419fa2daa3f96ba9
  Gas usage: 21055
  Block number: 2
  Block time: Fri May 08 2026 03:10:43 GMT+0700 (Indochina Time)

eth_getTransactionReceipt
eth_blockNumber
evm_mine
eth_blockNumber
evm_mine
eth_blockNumber
evm_mine
eth_blockNumber
evm_mine
eth_blockNumber
evm_mine
eth_blockNumber
net_version
eth_getBlockByNumber
eth_estimateGas
eth_getBlockByNumber
eth_gasPrice
eth_sendTransaction

  Transaction: 0x1f9ace073b28dd73269b5c636d0f1be9c5cadc029d8e0b12c27e7f3fb31d0920
  Gas usage: 59561
  Block number: 8
  Block time: Fri May 08 2026 03:10:43 GMT+0700 (Indochina Time)

eth_getTransactionReceipt
eth_blockNumber
eth_getBalance
eth_getTransactionByHash
debug_traceTransaction
eth_getTransactionByHash
debug_traceTransaction
eth_getTransactionByHash
debug_traceTransaction

Received shutdown signal: SIGTERM
Shutting down…
Server has been shut down
