COMMAND: python3 experiments/scale_trace/scripts/trace_result_json.py /home/aothuatgiadp/blockchain/project/CTLC-Implementation/experiments/scale_trace/runs/random_v1_71/E-_B_evm_fund_eb_CTLCOnly_refund/result.json /home/aothuatgiadp/blockchain/project/CTLC-Implementation/experiments/scale_trace/runs/random_v1_71/E-_B_evm_fund_eb_CTLCOnly_refund/trace.json
STATUS: 0

STDOUT:
{
  "graph_id": "",
  "pair": "E->B|evm|fund:eb",
  "contract": "CTLCOnly",
  "scenario": "refund",
  "contractAddress": "0x9B12F2AC582F0Cc46f829775832ee67fC8f3c108",
  "traces": {
    "deploy": {
      "tx_hash": "0x146cd3ccec3d33ffb362e69ca56186ca9a3676bb78d38e37354e0d155ab0d2a2",
      "actual_calldata_bytes": 7123,
      "actual_sstore_count": 9,
      "actual_call_count": 0,
      "opcode_steps": 1374
    },
    "fund": {
      "tx_hash": "0x85e189c61d0b2b4ed5c5d2ddb35e7350a7c91160a15d9123419fa2daa3f96ba9",
      "actual_calldata_bytes": 0,
      "actual_sstore_count": 0,
      "actual_call_count": 0,
      "opcode_steps": 13
    },
    "refund_level0": {
      "tx_hash": "0x1f9ace073b28dd73269b5c636d0f1be9c5cadc029d8e0b12c27e7f3fb31d0920",
      "actual_calldata_bytes": 4,
      "actual_sstore_count": 1,
      "actual_call_count": 1,
      "opcode_steps": 229
    }
  }
}


STDERR:

