Using network 'development'.

{
  "ok": true,
  "graph_id": "",
  "pair": "F->A|evm|fund:fa",
  "pairKey": "F->A|evm|fund:fa",
  "contract": "CTLCOnly",
  "scenario": "refund",
  "deployGas": "0x10ccbb",
  "gasUsed": "59561",
  "disableGasUsed": "0",
  "claimGasUsed": "",
  "refundGasUsed": "59561",
  "contractAddress": "0xCad12BBF2eD60f87b616f787c32244Ff0CC17D35",
  "startBlock": "0",
  "endBlock": "7",
  "finalContractBalanceWei": "0",
  "deployer": "0x4cC37De2698BFa32DAD06c0c4201b2Ea89bbd606",
  "party": "0x731DEB26131cFb7f9abb0B3bF3e2e457d14DC162",
  "counterparty": "0x1fb3b765447D5f212d0E579EdD861B58B4EaD9EF",
  "fundingWei": "1000000000000000000",
  "timelocks": [
    6
  ],
  "transactions": [
    {
      "role": "deploy",
      "txHash": "0x4cb5a9a0053ce3daabfd774a419f8035ccfc78aa55bd2401ee05e23677bfbbd1"
    },
    {
      "role": "fund",
      "txHash": "0xad38fa7e8dacda4f591967f531d41c91377d06f6b56e28b32b253ef439f67fc4"
    },
    {
      "role": "refund",
      "txHash": "0xa520fc29e38af2b9e90335f132b106f89904ca79a416c09a2a0d231d7abbf94e",
      "level": 0
    }
  ],
  "txRoles": [
    {
      "role": "deploy",
      "txHash": "0x4cb5a9a0053ce3daabfd774a419f8035ccfc78aa55bd2401ee05e23677bfbbd1"
    },
    {
      "role": "fund",
      "txHash": "0xad38fa7e8dacda4f591967f531d41c91377d06f6b56e28b32b253ef439f67fc4"
    },
    {
      "role": "refund",
      "txHash": "0xa520fc29e38af2b9e90335f132b106f89904ca79a416c09a2a0d231d7abbf94e",
      "level": 0
    }
  ],
  "deployTxHash": "0x4cb5a9a0053ce3daabfd774a419f8035ccfc78aa55bd2401ee05e23677bfbbd1",
  "fundTxHash": "0xad38fa7e8dacda4f591967f531d41c91377d06f6b56e28b32b253ef439f67fc4",
  "refundTxHash": "0xa520fc29e38af2b9e90335f132b106f89904ca79a416c09a2a0d231d7abbf94e",
  "refundTx": "0xa520fc29e38af2b9e90335f132b106f89904ca79a416c09a2a0d231d7abbf94e"
}
