ganache v7.9.2 (@ganache/cli: 0.10.2, @ganache/core: 0.10.2)
Starting RPC server

Available Accounts
==================
(0) 0x601bE11CB46161AD5981C774C02996280A1de8E0 (1000 ETH)
(1) 0x7a8b50CcaeDbA44C827A98dF23a7e292B16C766b (1000 ETH)
(2) 0x5Dc0d5901FcB5951aF4d6f1edFaCEfd2f0786Cc8 (1000 ETH)
(3) 0x67A8BC6e91471e2C2C5ffBCdbE9D8EBe712e9B79 (1000 ETH)
(4) 0xBa6E7f562C7D42Cb0B257bADb2708221436f7994 (1000 ETH)
(5) 0x1364B2956fA109B360440CD675597fC0d3E4eC5F (1000 ETH)
(6) 0x265E9F1AC8A9f1c7DdC7bCDE8685460C47894B99 (1000 ETH)
(7) 0xE76C9A5FC28229325528Ae36822134691fA9DC1a (1000 ETH)
(8) 0xe658961Cd859d5e7f71608eA6391B4FBF84D4630 (1000 ETH)
(9) 0x66DEC86F464103774c40064B7Fe9774F31DF9A5B (1000 ETH)

Private Keys
==================
(0) 0x959e00278b403f89cf4285ad4a0b7dd6f03ceb3dfb101e73fb42f375366cff1c
(1) 0x70651243609c74b40efe432a9d5903680779e8652bbaef44fe922f145cc04f3d
(2) 0x63ab8f1b0bf4580095ac25532ae0f04fc0ea1cc8ebdd5ec17a8ff649538af917
(3) 0x575a32305c748e529273373824cc9502e6f60452a8fcc0d7dfdce6e0b58eb8f8
(4) 0x4dcc27a84b688a0a5c55b52bf858ef6482b3068b685b2b4655b892f12f0b9b9a
(5) 0x56e980541921fb7465edded1d9eb57379114810219fe193012257d466840ad70
(6) 0x46de13dd17e2ee4cb73abf83ebf846af86b37ebc07de1f6dedbafe4d2ecae537
(7) 0x5c3d199e61d58f4526fe92963a557875d1faf17e5d73e9f2382a6eb7b59c6acd
(8) 0x5747a5c9dc3970ba23cdd92f191c02c01de2027e46ca20bbddcb0f820ce3c473
(9) 0xe4a5a7210f7947898772aba33591d23b3a8e055925c907cd4694d9cb98715371

HD Wallet
==================
Mnemonic:      hazard humor bird cost barrel rich badge beyond sibling bunker between diagram
Base HD Path:  m/44'/60'/0'/0/{account_index}

Default Gas Price
==================
2000000000

BlockGas Limit
==================
30000000

Call Gas Limit
==================
50000000

Chain
==================
Hardfork: shanghai
Id:       1337

RPC Listening on 127.0.0.1:8545
web3_clientVersion
eth_blockNumber
net_version
eth_accounts
eth_accounts
eth_blockNumber
net_version
eth_getBlockByNumber
eth_estimateGas
eth_getBlockByNumber
eth_gasPrice
eth_sendTransaction

  Transaction: 0x951ae0151646a604a061406c37f64a80f497de1bf351c070815d582df9e751cd
  Contract created: 0x151eed3970e5d70b995f1433359564076a77c3dc
  Gas usage: 1239450
  Block number: 1
  Block time: Thu May 07 2026 20:59:59 GMT+0700 (Indochina Time)

eth_getTransactionReceipt
eth_getCode
eth_getTransactionReceipt
eth_getBlockByNumber
eth_gasPrice
eth_sendTransaction

  Transaction: 0x74906838c049f88cebfd5ddb8dc3eaa9740461f02339ef0e88dbbd8ac926428a
  Gas usage: 21055
  Block number: 2
  Block time: Thu May 07 2026 20:59:59 GMT+0700 (Indochina Time)

eth_getTransactionReceipt
eth_blockNumber
evm_mine
eth_blockNumber
evm_mine
eth_blockNumber
evm_mine
eth_blockNumber
evm_mine
eth_blockNumber
evm_mine
eth_blockNumber
net_version
eth_getBlockByNumber
eth_estimateGas
eth_getBlockByNumber
eth_gasPrice
eth_sendTransaction

  Transaction: 0xfd65c4e5644ae85dbf9537c1238930eab6a4b8c2fb887a59fb4f841316c59d61
  Gas usage: 59539
  Block number: 8
  Block time: Thu May 07 2026 21:00:00 GMT+0700 (Indochina Time)

eth_getTransactionReceipt
eth_blockNumber
eth_getBalance
eth_getTransactionByHash
debug_traceTransaction
eth_getTransactionByHash
debug_traceTransaction
eth_getTransactionByHash
debug_traceTransaction

Received shutdown signal: SIGTERM
Shutting down…
Server has been shut down
