Using network 'development'.

{
  "ok": true,
  "graph_id": "",
  "pair": "D->F|evm|fund:df",
  "pairKey": "D->F|evm|fund:df",
  "contract": "CTLCOnly",
  "scenario": "worst_claim",
  "deployGas": "0x11263b",
  "gasUsed": "68747",
  "disableGasUsed": "0",
  "claimGasUsed": "68747",
  "refundGasUsed": "",
  "contractAddress": "0x6F5b46d222bcdD3470562DfFcB27B5268B2005Bb",
  "startBlock": "0",
  "endBlock": "3",
  "finalContractBalanceWei": "0",
  "deployer": "0x0E1f2580b2ee31f473EE979A579A92823AB2824e",
  "party": "0x28cD87a73E421ab4A9c08007cb09F85CB8B3b052",
  "counterparty": "0xaE0Aad3519D9738f7B1cfAfBd4048669D93bBE1f",
  "fundingWei": "1000000000000000000",
  "timelocks": [
    7
  ],
  "transactions": [
    {
      "role": "deploy",
      "txHash": "0x2e57c42e75dccc012665dd89bf91c00e13572b1e8f7a19b84f197acc1f160260"
    },
    {
      "role": "fund",
      "txHash": "0x81cde987830ea730f6c97157e5116a4233fe402736e9f32da9bf3320397c9bf1"
    },
    {
      "role": "claim",
      "txHash": "0x6ee70f73054c70ec862a0dfd10cc9e08d3f44c54a76eb2de9a7c865de2758d4c",
      "level": 0,
      "option": 0
    }
  ],
  "txRoles": [
    {
      "role": "deploy",
      "txHash": "0x2e57c42e75dccc012665dd89bf91c00e13572b1e8f7a19b84f197acc1f160260"
    },
    {
      "role": "fund",
      "txHash": "0x81cde987830ea730f6c97157e5116a4233fe402736e9f32da9bf3320397c9bf1"
    },
    {
      "role": "claim",
      "txHash": "0x6ee70f73054c70ec862a0dfd10cc9e08d3f44c54a76eb2de9a7c865de2758d4c",
      "level": 0,
      "option": 0
    }
  ],
  "deployTxHash": "0x2e57c42e75dccc012665dd89bf91c00e13572b1e8f7a19b84f197acc1f160260",
  "fundTxHash": "0x81cde987830ea730f6c97157e5116a4233fe402736e9f32da9bf3320397c9bf1",
  "claimTxHash": "0x6ee70f73054c70ec862a0dfd10cc9e08d3f44c54a76eb2de9a7c865de2758d4c",
  "txHash": "0x6ee70f73054c70ec862a0dfd10cc9e08d3f44c54a76eb2de9a7c865de2758d4c",
  "tx": "0x6ee70f73054c70ec862a0dfd10cc9e08d3f44c54a76eb2de9a7c865de2758d4c"
}
