COMMAND: python3 experiments/scale_trace/scripts/trace_result_json.py /home/aothuatgiadp/blockchain/project/CTLC-Implementation/experiments/scale_trace/runs/random_v1_103/B-_C_evm_fund_bc_CTLCMultipleEdges_refund/result.json /home/aothuatgiadp/blockchain/project/CTLC-Implementation/experiments/scale_trace/runs/random_v1_103/B-_C_evm_fund_bc_CTLCMultipleEdges_refund/trace.json
STATUS: 0

STDOUT:
{
  "graph_id": "",
  "pair": "B->C|evm|fund:bc",
  "contract": "CTLCMultipleEdges",
  "scenario": "refund",
  "contractAddress": "0xfEb693EF2c8136Dc1bA5B9428dd25Ce152Ba5025",
  "traces": {
    "deploy": {
      "tx_hash": "0x8efce0919537ed153b4a47366db79b9df793cabf5647d19e75495a290d47ac53",
      "actual_calldata_bytes": 8201,
      "actual_sstore_count": 23,
      "actual_call_count": 0,
      "opcode_steps": 3619
    },
    "fund": {
      "tx_hash": "0x2a21d9314e81ceed70f456b7ae4912607ff6df2b1298a303eebb3a362999d266",
      "actual_calldata_bytes": 0,
      "actual_sstore_count": 0,
      "actual_call_count": 0,
      "opcode_steps": 13
    },
    "disable_level0": {
      "tx_hash": "0x584ed1d53582345a1b0b4e0808d81ea88101984fcc398abe6a14a6b9a5b2046d",
      "actual_calldata_bytes": 36,
      "actual_sstore_count": 1,
      "actual_call_count": 0,
      "opcode_steps": 300
    },
    "refund_level1": {
      "tx_hash": "0x446a8da9330086d39607ca5072b49f483be02f985ab23be9102fd3ad0cbacb37",
      "actual_calldata_bytes": 4,
      "actual_sstore_count": 1,
      "actual_call_count": 1,
      "opcode_steps": 224
    }
  }
}


STDERR:

