ganache v7.9.2 (@ganache/cli: 0.10.2, @ganache/core: 0.10.2)
Starting RPC server

Available Accounts
==================
(0) 0x68f3A2C713B282ab482cdb244CB0cD2627C2A242 (1000 ETH)
(1) 0x95A1c1630e5ff1577588e421A457cD253F3008c0 (1000 ETH)
(2) 0x6ac72FCD2853B982682105281A613D41D3D2C377 (1000 ETH)
(3) 0x74882FF0447FBbac0337725f94D2BB1F21c65B82 (1000 ETH)
(4) 0xed3CFD85609cbBBA49B9c99E72Ac1F3e59491D7A (1000 ETH)
(5) 0x88E74618203bd48ae7099D6EdA2824A9DfA49d1c (1000 ETH)
(6) 0xEBDB8aeFE5C25f3F16A4F8dd912C28e30071F2c4 (1000 ETH)
(7) 0x66FfE9c729180c0C1dB8DeaF66c61a165bCd3c71 (1000 ETH)
(8) 0x379D1f2ABE9cc9f60edF3DB5841b11f43179Ae0d (1000 ETH)
(9) 0xe93E36ae452D16da369Db8B20303F0272803EBAC (1000 ETH)

Private Keys
==================
(0) 0x0202c8471a804829c44b4fb380a3abc8b918d845cb3bfaf2d29fb45227dee254
(1) 0x64490553943234989d46ea72ca881b52f902366e32bd4cabd38404672dd02d32
(2) 0x7082b09581863bb3990e85831bcf68886bf899acfc3030da7315d616cfa24c0d
(3) 0x934fdfcee49b8917041dcf65b134a369765f966e9b504ef1ea8e3cd7efe7a154
(4) 0xcb6c0e2acffc1075996b856753684ecc44d7a9380d044af21a45cd9f7f1eab2e
(5) 0xa636e7fdbdff5283494c93b984e8f41a07bc9f14c4c9ff3f567b81099b8eb405
(6) 0x84539febb82b9254c262640508a2163e87203d5bd2d805772e68cc231f960cb2
(7) 0x32c9bd4d03bd8aec65d825c92f4d6f68fa443e4a0f0d11e0256db0b313e610b5
(8) 0xcfe9822b0762292b8c7b69806895cc4402af32871d3a26ec8bd12a6fc8219ddc
(9) 0x76387b6e47101d4db8249e0eddfef1fc7bd76cb379bc6f7dc617a09ab6801856

HD Wallet
==================
Mnemonic:      chaos nice junior cannon sport voice index tape blade absent claim amateur
Base HD Path:  m/44'/60'/0'/0/{account_index}

Default Gas Price
==================
2000000000

BlockGas Limit
==================
30000000

Call Gas Limit
==================
50000000

Chain
==================
Hardfork: shanghai
Id:       1337

RPC Listening on 127.0.0.1:8545
web3_clientVersion
eth_blockNumber
net_version
eth_accounts
eth_accounts
eth_blockNumber
net_version
eth_getBlockByNumber
eth_estimateGas
eth_getBlockByNumber
eth_gasPrice
eth_sendTransaction

  Transaction: 0x2bb71aa503440af8c5f0f3f1d32b979b1d6e019ca9c0d5a385cedb5def4ae3ea
  Contract created: 0xe26e85269990bea7dcef309bac533e8f9f6c05ff
  Gas usage: 1239462
  Block number: 1
  Block time: Fri May 08 2026 01:16:41 GMT+0700 (Indochina Time)

eth_getTransactionReceipt
eth_getCode
eth_getTransactionReceipt
eth_getBlockByNumber
eth_gasPrice
eth_sendTransaction

  Transaction: 0x5cf07b25808ded2c9a907735096f6b8e58de3f49acdc43c19c98fd72e1c8a7df
  Gas usage: 21055
  Block number: 2
  Block time: Fri May 08 2026 01:16:41 GMT+0700 (Indochina Time)

eth_getTransactionReceipt
net_version
eth_getBlockByNumber
eth_estimateGas
eth_getBlockByNumber
eth_gasPrice
eth_sendTransaction

  Transaction: 0xa2fedae496725496d7b337877aa40d90fc02cb7bcee9020a00965cf64035e962
  Gas usage: 71629
  Block number: 3
  Block time: Fri May 08 2026 01:16:42 GMT+0700 (Indochina Time)

eth_getTransactionReceipt
eth_blockNumber
eth_getBalance
eth_getTransactionByHash
debug_traceTransaction
eth_getTransactionByHash
debug_traceTransaction
eth_getTransactionByHash
debug_traceTransaction

Received shutdown signal: SIGTERM
Shutting down…
Server has been shut down
