ganache v7.9.2 (@ganache/cli: 0.10.2, @ganache/core: 0.10.2)
Starting RPC server

Available Accounts
==================
(0) 0xfFF8943f5F0BD2ff13eBEBf1c9478Fc4BC90D59c (1000 ETH)
(1) 0x3528F8E6DF90a53BA661Ef1A2d7Bb77286506d04 (1000 ETH)
(2) 0x91Ec3a6408d1e3fF464BC24e1383835Cf46fAc22 (1000 ETH)
(3) 0x61875D6bfDF4b8679798F5cae8B3ac70FA6B342A (1000 ETH)
(4) 0x42Ba1E47E5Ef59696673Bf20e0242A9925b49bf4 (1000 ETH)
(5) 0x0fCA3801bACF10b99AB6753d8d392ad5942a902E (1000 ETH)
(6) 0x3Ca8287dbA195096b56B54e2A690dbFf27A7848C (1000 ETH)
(7) 0xe40515493371d27ba7224Fd39723b9e645BF2960 (1000 ETH)
(8) 0x482E42a0B42e2b5441B3f96A5929Fb84d5feEfB2 (1000 ETH)
(9) 0xbdf0ea9166C179514b1a1adBAdbBb02119F6cED0 (1000 ETH)

Private Keys
==================
(0) 0x7f2f5d8eb6a33c9e8d6487cb04d26c3bf5f2c6541428f870052058db22f5d718
(1) 0x22eb144f7d6185afea160fbd29ab2e923e41d11e91f71bebabf6c959ae92663f
(2) 0xdd852639bf32e57ab8c6cc77f414330724e5c94c98ef2162e2b9cb5736c11200
(3) 0x98b16ed0d777e225bccef5465b7d176f9f0ff4c6c03ff2e5dd976d05be07af1d
(4) 0x91de4e17b33eec23b17a88d20167e29ce614c65bceed03dd56071ed5f780688f
(5) 0x6497477cece4d4a8e0caad1faaca071203efec56e1129bf479783221a7461c4f
(6) 0x1f182e19de022400b3a6059732f1481811fa595f40347bf9c2b2c52b632ebcd6
(7) 0x1892fd38ac205bff305e8c7195f257c93bfdc5d91ed6e2da69c0a75b4dc8ad5e
(8) 0x10afd6e9c10ebdf6df2d7f94d936ae2faf62f381cadbcfaf1890f59a353b8c01
(9) 0x99c1ec1ec8dc93a7d99398b45985c85f90809e8e4d9a58bdd210add693cad651

HD Wallet
==================
Mnemonic:      shift grid brief giggle protect pigeon topic unveil eagle couch rocket flavor
Base HD Path:  m/44'/60'/0'/0/{account_index}

Default Gas Price
==================
2000000000

BlockGas Limit
==================
30000000

Call Gas Limit
==================
50000000

Chain
==================
Hardfork: shanghai
Id:       1337

RPC Listening on 127.0.0.1:8545
web3_clientVersion
eth_blockNumber
net_version
eth_accounts
eth_accounts
eth_blockNumber
net_version
eth_getBlockByNumber
eth_estimateGas
eth_getBlockByNumber
eth_gasPrice
eth_sendTransaction

  Transaction: 0xc818f4dcf59baaea267abc87835015f0544665d83e177e87538e4d224830013b
  Contract created: 0x7c288188550f80a277bbd2868729e0eb41224fe8
  Gas usage: 1100987
  Block number: 1
  Block time: Thu May 07 2026 22:14:02 GMT+0700 (Indochina Time)

eth_getTransactionReceipt
eth_getCode
eth_getTransactionReceipt
eth_getBlockByNumber
eth_gasPrice
eth_sendTransaction

  Transaction: 0x05fadd634e54d22e11a60a3f47964ff5a80486ac5b352d01f212f928b2b82e2d
  Gas usage: 21055
  Block number: 2
  Block time: Thu May 07 2026 22:14:02 GMT+0700 (Indochina Time)

eth_getTransactionReceipt
net_version
eth_getBlockByNumber
eth_estimateGas
eth_getBlockByNumber
eth_gasPrice
eth_sendTransaction

  Transaction: 0x1481f6a6e89b39267fa1062ebd2e8667f244657799e2bd24ab9e15a6c6e7e5d6
  Gas usage: 64620
  Block number: 3
  Block time: Thu May 07 2026 22:14:02 GMT+0700 (Indochina Time)

eth_getTransactionReceipt
eth_blockNumber
eth_getBalance
eth_getTransactionByHash
debug_traceTransaction
eth_getTransactionByHash
debug_traceTransaction
eth_getTransactionByHash
debug_traceTransaction

Received shutdown signal: SIGTERM
Shutting down…
Server has been shut down
