ganache v7.9.2 (@ganache/cli: 0.10.2, @ganache/core: 0.10.2)
Starting RPC server

Available Accounts
==================
(0) 0x60B27e5554DEeD149f37e3F4Dbd7e0eb09bA7F46 (1000 ETH)
(1) 0xb3caD3b3e337Af526D7DAB9de8849f1bd6DAA9cc (1000 ETH)
(2) 0x4F16FCaE740a2354e09D2cA21c8A652cC0e4F74B (1000 ETH)
(3) 0x9d48c05e962e0a7ea08AD671b8f3d2d2589aB2a3 (1000 ETH)
(4) 0x3D7fAD152a2f38Db36F6745fb23500d1Fb5E7B60 (1000 ETH)
(5) 0x31C5751a34B236a1612708DD564d0B590bc5b24a (1000 ETH)
(6) 0x802d8d3B91a72a1deC686dF2bf8f075cD68D8587 (1000 ETH)
(7) 0x3258F9dCd01696Ce94C7D552dfF641dE33C326FD (1000 ETH)
(8) 0x9cD04006dcF98E3A3eacd3ecA2f7D07741b3B434 (1000 ETH)
(9) 0xCB0d5A03573dfb01a8336E06f3Bcb01f763C408C (1000 ETH)

Private Keys
==================
(0) 0x890d9f3a51a476c9d8f17578bf95ab616888e48adbefedc892c08eecae0e0c3f
(1) 0xf40cbfc23557323204709545e70bc9e86f4ce3e75a7f3c9991e907cdb7d1b1e3
(2) 0x6c3e8ac33cc74d219265e734d0ff99f3f5e12d6c3112f6c09aa80a9fbaf33a19
(3) 0x5229b40e2558c0ea91d05db72a5a72c317373d81550e33217ec6d6653ccdcd52
(4) 0x7de133e6a6b86e04ebfeec62edf97382a6e117dc4c50ebb3278d4ce3833861d8
(5) 0x0c0adf1a60d1aa42b89c810c8d9660c766d458fdd3404038e18b5e478dff5b98
(6) 0x00936c39f9cc504d5b0810641e5edd65138bc0687fe58c6bb5025cf7692afc83
(7) 0x1d9493a59c48fad4d2a5f196bc60a0da9132e0421ca9266d856bdfcc54145bf6
(8) 0x1e5ca8c53cfa41f22e847b9203de2ca7f3a35813b11fd9d2dc05fa76891dfdaf
(9) 0xac9468d9db6538c67de13096bb86f639408da40ae2224ef00e8eaec886cebca6

HD Wallet
==================
Mnemonic:      job round toy electric security post purity life soap galaxy gentle crystal
Base HD Path:  m/44'/60'/0'/0/{account_index}

Default Gas Price
==================
2000000000

BlockGas Limit
==================
30000000

Call Gas Limit
==================
50000000

Chain
==================
Hardfork: shanghai
Id:       1337

RPC Listening on 127.0.0.1:8545
web3_clientVersion
eth_blockNumber
net_version
eth_accounts
eth_accounts
eth_blockNumber
net_version
eth_getBlockByNumber
eth_estimateGas
eth_getBlockByNumber
eth_gasPrice
eth_sendTransaction

  Transaction: 0xff7c018c279e18c44787507c0c7e0442e48680e63dfe0eec27fa77aa224488ee
  Contract created: 0x0de4042aa3a25842b9160c4b75841408fd624de4
  Gas usage: 1123887
  Block number: 1
  Block time: Fri May 08 2026 00:45:25 GMT+0700 (Indochina Time)

eth_getTransactionReceipt
eth_getCode
eth_getTransactionReceipt
eth_getBlockByNumber
eth_gasPrice
eth_sendTransaction

  Transaction: 0x2a656b0444c97bf78544a33653282359946c7a6409358cbcce506e65637e38a3
  Gas usage: 21055
  Block number: 2
  Block time: Fri May 08 2026 00:45:25 GMT+0700 (Indochina Time)

eth_getTransactionReceipt
net_version
eth_getBlockByNumber
eth_estimateGas
eth_getBlockByNumber
eth_gasPrice
eth_sendTransaction

  Transaction: 0x5af7826964fc2c3577d4899050869fe080d92d6227625977b5f994b861e83992
  Gas usage: 68747
  Block number: 3
  Block time: Fri May 08 2026 00:45:25 GMT+0700 (Indochina Time)

eth_getTransactionReceipt
eth_blockNumber
eth_getBalance
eth_getTransactionByHash
debug_traceTransaction
eth_getTransactionByHash
debug_traceTransaction
eth_getTransactionByHash
debug_traceTransaction

Received shutdown signal: SIGTERM
Shutting down…
Server has been shut down
