COMMAND: python3 experiments/scale_trace/scripts/trace_result_json.py /home/aothuatgiadp/blockchain/project/CTLC-Implementation/experiments/scale_trace/runs/random_v1_71/C-_D_evm_fund_cd_CTLCMultipleEdges_best_claim/result.json /home/aothuatgiadp/blockchain/project/CTLC-Implementation/experiments/scale_trace/runs/random_v1_71/C-_D_evm_fund_cd_CTLCMultipleEdges_best_claim/trace.json
STATUS: 0

STDOUT:
{
  "graph_id": "",
  "pair": "C->D|evm|fund:cd",
  "contract": "CTLCMultipleEdges",
  "scenario": "best_claim",
  "contractAddress": "0xB9Ad05b479aCec73DB6749deF6d5f7Ac907932aE",
  "traces": {
    "deploy": {
      "tx_hash": "0x0d6484a45cdbb39cba91c25cbaeb0c3e20bf4653cb054cf6a2692dfd63f54e0e",
      "actual_calldata_bytes": 8681,
      "actual_sstore_count": 35,
      "actual_call_count": 0,
      "opcode_steps": 5326
    },
    "fund": {
      "tx_hash": "0xa79d2ca64f2b52c9355e7bcdb5615cff71c57370a2e49c79cfce0d91ebbd52c4",
      "actual_calldata_bytes": 0,
      "actual_sstore_count": 0,
      "actual_call_count": 0,
      "opcode_steps": 13
    },
    "claim_level0": {
      "tx_hash": "0xa45f333ffa78c1a50f7bd8fe236975c48cc82889108ce4e10304ea2ce9b9ca7f",
      "actual_calldata_bytes": 420,
      "actual_sstore_count": 1,
      "actual_call_count": 1,
      "opcode_steps": 1597
    }
  }
}


STDERR:

