ganache v7.9.2 (@ganache/cli: 0.10.2, @ganache/core: 0.10.2)
Starting RPC server

Available Accounts
==================
(0) 0x9e7372E2B9Afbdd1205E70145025409c8A25Dc65 (1000 ETH)
(1) 0xb263Bbe1E89b38577Ff198B3B64835c46EFd089b (1000 ETH)
(2) 0x3Aaf2081Bc500D14aea04d86896389f2Bb42433E (1000 ETH)
(3) 0x4ba486CAa4fd07236061ad3e645f4E4884B57712 (1000 ETH)
(4) 0x4178a85181e09aC69B03A96896A5851B0cE59e5c (1000 ETH)
(5) 0xf2d8B45719FcdaFAD74B85485d4201F9fcFe995f (1000 ETH)
(6) 0x19f1Ba2fFCDCBE89494b2547c2075285BD4a7E2B (1000 ETH)
(7) 0x95B77aAD939Bd3D226BBF2F98f2F41C808765913 (1000 ETH)
(8) 0xe02E05c2860BD39E02942dAAB07368235b7E78B4 (1000 ETH)
(9) 0x08e1f25E5f19ec0E93F69982754d6420b67f9B5D (1000 ETH)

Private Keys
==================
(0) 0x749400871393e23de325b6d01601a49e1057afba8c117b17fee93178ac5dd9d3
(1) 0xf84a573b720b9d31a704130df0c7ad08eef2981a5ab16f3320c7bc9b0790a7d0
(2) 0x4cd5fac3ef744ca66d7c4a289d1863ec28de6079ba4bd601d016b4d9c3872438
(3) 0xb4ff79061e9f7b9f5f9f7c4e74875f0b3e16de719fcf42eab223af085be500ad
(4) 0xac5bf0802c7b9396637f41b8da28b55c3ed2298adc301b74f2bc146823a342e0
(5) 0xa3cf4845edcd211111d3a931925cb71efc7bfed00bed085261e2ecb306620134
(6) 0x82773192e0047549f786ebd408a43064a4715e055cb5ff3e247ce4509c24589e
(7) 0x898e4997cc1b5f7342aca1bd8b4588918817287807363ded3d7d7c1433036f34
(8) 0x5527ced7e0880bf33afc02eeedadf323b52bfe42e0fa58436aa9490c939c8694
(9) 0xa94697213c122d1cf7495274071d0a00057b9435c50e132f89184124a973d377

HD Wallet
==================
Mnemonic:      board category capital cause tornado remember crowd grape lottery worth ask habit
Base HD Path:  m/44'/60'/0'/0/{account_index}

Default Gas Price
==================
2000000000

BlockGas Limit
==================
30000000

Call Gas Limit
==================
50000000

Chain
==================
Hardfork: shanghai
Id:       1337

RPC Listening on 127.0.0.1:8545
web3_clientVersion
eth_blockNumber
net_version
eth_accounts
eth_accounts
eth_blockNumber
net_version
eth_getBlockByNumber
eth_estimateGas
eth_getBlockByNumber
eth_gasPrice
eth_sendTransaction

  Transaction: 0x7488042f34402e7fbd6e51daff804a1d2cd3de6f44360f21215ac3f7708b7a06
  Contract created: 0xe14fbc650daf08d81ea030614b2425affc9d2b90
  Gas usage: 1652892
  Block number: 1
  Block time: Fri May 08 2026 03:02:20 GMT+0700 (Indochina Time)

eth_getTransactionReceipt
eth_getCode
eth_getTransactionReceipt
eth_getBlockByNumber
eth_gasPrice
eth_sendTransaction

  Transaction: 0x0d9935cf3000b2bdc7279ac3b8212f0feda1d00af52d6e4ee018a5964f4ac963
  Gas usage: 21055
  Block number: 2
  Block time: Fri May 08 2026 03:02:20 GMT+0700 (Indochina Time)

eth_getTransactionReceipt
eth_blockNumber
evm_mine
eth_blockNumber
evm_mine
eth_blockNumber
evm_mine
eth_blockNumber
evm_mine
eth_blockNumber
evm_mine
eth_blockNumber
evm_mine
eth_blockNumber
evm_mine
eth_blockNumber
evm_mine
eth_blockNumber
net_version
eth_getBlockByNumber
eth_estimateGas
eth_getBlockByNumber
eth_gasPrice
eth_sendTransaction

  Transaction: 0x7e349fa87d99bf88b97c781370314c1c6bcadd4a640c247fd010c006311adeea
  Gas usage: 59539
  Block number: 11
  Block time: Fri May 08 2026 03:02:20 GMT+0700 (Indochina Time)

eth_getTransactionReceipt
eth_blockNumber
eth_getBalance
eth_getTransactionByHash
debug_traceTransaction
eth_getTransactionByHash
debug_traceTransaction
eth_getTransactionByHash
debug_traceTransaction

Received shutdown signal: SIGTERM
Shutting down…
Server has been shut down
