ganache v7.9.2 (@ganache/cli: 0.10.2, @ganache/core: 0.10.2)
Starting RPC server

Available Accounts
==================
(0) 0xa1101F9f126D6393e694084C43619E849Fe8bb4E (1000 ETH)
(1) 0x848B28534aD95DDBCd26A78538B3fF074e6058F9 (1000 ETH)
(2) 0xd1D0052033a3b4feb7ABB1834595F1929B9670dD (1000 ETH)
(3) 0xd130607Ca698067406a65F37145EdA2396c5df90 (1000 ETH)
(4) 0xB4c3E2Df3654068fDD03E0274329A1968d94dc9F (1000 ETH)
(5) 0x634B9850AD19E8114e3dB5d880637b3e0f54Ab7D (1000 ETH)
(6) 0xA37994030920110D0ecFD2388f62C1cEc94D9cC3 (1000 ETH)
(7) 0x8a664Ee127F9259BfAa54bb89c6BfB7BbA69Dbbf (1000 ETH)
(8) 0xB48419a1AC5104Db4A2139022f6D2810B32745a0 (1000 ETH)
(9) 0x797d924F6F31C5e965c0f90EE8c75C1952F52F47 (1000 ETH)

Private Keys
==================
(0) 0x9b21e84301e43951e45a5f619a789f09b06293af590a63ea53ec7ab70848f548
(1) 0x7c4b752773987c8e3de906be68664371be74fe2aa617aac8f952100e403196c3
(2) 0x12f2c24fcd70f34c30e9f43b247be8554a9fc8073382d4e42309057bfff31f05
(3) 0xd8d38ddc413a659636ec8eb18c0f51c2833df7aec5967d6d0d84df2960f9dbc6
(4) 0x23da6c9b1743ea7e44874ea665cd8924ef76609e7543f5817d53e3b35ebafa50
(5) 0x2e193fe9e940a3d395ca4176f22593f3792cf9cc62c63baaa273f838f5634200
(6) 0xfbba0a679b6ba35549664fc64806fc61f50ce9727b6d09d4fe4a110cbe71bb94
(7) 0x1b3b00b52050f7140b889681ebb898b4b59aedc4199d82edebce8f2d0fa2762e
(8) 0xa10d494885a08ea97d3a0ce187c397a49ba04a1d8ba647801cb571447f7a6e2f
(9) 0x5d96bc6011864687353e475875aceb802ccdf33ce4621704f46c162fa69853b2

HD Wallet
==================
Mnemonic:      edit alert pave hobby odor permit crop sell kite frozen bag nice
Base HD Path:  m/44'/60'/0'/0/{account_index}

Default Gas Price
==================
2000000000

BlockGas Limit
==================
30000000

Call Gas Limit
==================
50000000

Chain
==================
Hardfork: shanghai
Id:       1337

RPC Listening on 127.0.0.1:8545
web3_clientVersion
eth_blockNumber
net_version
eth_accounts
eth_accounts
eth_blockNumber
net_version
eth_getBlockByNumber
eth_estimateGas
eth_getBlockByNumber
eth_gasPrice
eth_sendTransaction

  Transaction: 0x363c76b52ec1b7467a4407b947d88cce18c0693df6e7eb3c7e542e8a09780f8f
  Contract created: 0xd0d5b67d73e95c9c0f245ba2ace6d48f4591382f
  Gas usage: 1285286
  Block number: 1
  Block time: Fri May 08 2026 02:59:45 GMT+0700 (Indochina Time)

eth_getTransactionReceipt
eth_getCode
eth_getTransactionReceipt
eth_getBlockByNumber
eth_gasPrice
eth_sendTransaction

  Transaction: 0x6b3b093016edbe67afdd4563296cbb9e602ecda3f4ede40d09569ffc494f39bf
  Gas usage: 21055
  Block number: 2
  Block time: Fri May 08 2026 02:59:45 GMT+0700 (Indochina Time)

eth_getTransactionReceipt
net_version
eth_getBlockByNumber
eth_estimateGas
eth_getBlockByNumber
eth_gasPrice
eth_sendTransaction

  Transaction: 0x112e2f53230a22922048a319139bbb9c6feab65079eeb4e27a57633590ecb0ba
  Gas usage: 75948
  Block number: 3
  Block time: Fri May 08 2026 02:59:45 GMT+0700 (Indochina Time)

eth_getTransactionReceipt
eth_blockNumber
eth_getBalance
eth_getTransactionByHash
debug_traceTransaction
eth_getTransactionByHash
debug_traceTransaction
eth_getTransactionByHash
debug_traceTransaction

Received shutdown signal: SIGTERM
Shutting down…
Server has been shut down
