ganache v7.9.2 (@ganache/cli: 0.10.2, @ganache/core: 0.10.2)
Starting RPC server

Available Accounts
==================
(0) 0xc1DA85EeF6C0E235EDA524bcC88031cD9CF4a5a6 (1000 ETH)
(1) 0xB5653aF2f9dA828AdCda47F8b0d88ab33703A1FA (1000 ETH)
(2) 0xcB35c7589Cc6609aFf9974d91eF294A02c9Eb749 (1000 ETH)
(3) 0xD64aabb59D1c138Dd44596Ec0f471c9f27037445 (1000 ETH)
(4) 0xd85579e7E216C5d7d3680d2b2CEbDa4aB93Fd6F8 (1000 ETH)
(5) 0xb41396acde9F0141ee2e401115914b8795a632D8 (1000 ETH)
(6) 0x07992b6448344fB575324080e508FE7D124e2418 (1000 ETH)
(7) 0x170985C489F955c85372f1aeD8e662Fef832121b (1000 ETH)
(8) 0x308F63288c2f45e820b65E4d991639cB3F37A60F (1000 ETH)
(9) 0xF79b552F01Fb1334081fd1CDF2eE05a25FC60388 (1000 ETH)

Private Keys
==================
(0) 0x6f7dfed1425e0f2e8dc1be0cdac906761a29b127cf6db5f6f1efef82c479e889
(1) 0xa862059e6f7fdd791a1767881d5b0f60678337839fc0563b3a8d2312640ab040
(2) 0x51a9b0e76ab0cd3744ae5f99a5361bcca6aa0534b935052d24a16a4da182997b
(3) 0x51b83ac0cf03897085da90a680e6c55b9537e227ab15fc0fe99783bbc7b084b7
(4) 0xb717afb11cb262f2162f17e4f9daa7e872aa7fefda6700965c19b6dbacb8c976
(5) 0x4830a5838a3bde38c0f95a758b9e95890a754c7fca1c6c5eb433793244a357bd
(6) 0xb8f739d5abe4d942d57f74df89ba0e171ce577c6ced55b2283261777f82a56cd
(7) 0x5f0ad21bf0b75271567c8109dbd82141e79bc577282d265a777960462c7ff2bc
(8) 0x4ed64a03c196f68cb8d0be10a32d0c1a9688651ef0f84eaf522d3b82fec411d5
(9) 0x1f0126b6622528516f60df5ce475eb4852008b1dd97e22e1187ebbf3514aab93

HD Wallet
==================
Mnemonic:      priority huge seed cage lab mesh pig beef print turkey mention advance
Base HD Path:  m/44'/60'/0'/0/{account_index}

Default Gas Price
==================
2000000000

BlockGas Limit
==================
30000000

Call Gas Limit
==================
50000000

Chain
==================
Hardfork: shanghai
Id:       1337

RPC Listening on 127.0.0.1:8545
web3_clientVersion
eth_blockNumber
net_version
eth_accounts
eth_accounts
eth_blockNumber
net_version
eth_getBlockByNumber
eth_estimateGas
eth_getBlockByNumber
eth_gasPrice
eth_sendTransaction

  Transaction: 0x678cf0b86df5d5ece55c715d57164cb35fa73e643b9df0828858dde1a89f18a0
  Contract created: 0xb116a6d586df3609c20e7579e43d02d6f6ec0431
  Gas usage: 1261982
  Block number: 1
  Block time: Fri May 08 2026 00:28:46 GMT+0700 (Indochina Time)

eth_getTransactionReceipt
eth_getCode
eth_getTransactionReceipt
eth_getBlockByNumber
eth_gasPrice
eth_sendTransaction

  Transaction: 0xc4d72a39cb493003dcaf3b190d2e9e3986824243d8ae29dc5988e53a429851de
  Gas usage: 21055
  Block number: 2
  Block time: Fri May 08 2026 00:28:46 GMT+0700 (Indochina Time)

eth_getTransactionReceipt
net_version
eth_getBlockByNumber
eth_estimateGas
eth_getBlockByNumber
eth_gasPrice
eth_sendTransaction

  Transaction: 0x9a32e70932fed03e4b889232e2b5f480791d02bfef534afc0c5afdaf01b750aa
  Gas usage: 68747
  Block number: 3
  Block time: Fri May 08 2026 00:28:46 GMT+0700 (Indochina Time)

eth_getTransactionReceipt
eth_blockNumber
eth_getBalance
eth_getTransactionByHash
debug_traceTransaction
eth_getTransactionByHash
debug_traceTransaction
eth_getTransactionByHash
debug_traceTransaction

Received shutdown signal: SIGTERM
Shutting down…
Server has been shut down
