ganache v7.9.2 (@ganache/cli: 0.10.2, @ganache/core: 0.10.2)
Starting RPC server

Available Accounts
==================
(0) 0xd6dE68f5541D4e6FAf0Ab2FAB28D015e11fEf268 (1000 ETH)
(1) 0xbD25884dC645d02e0CF9F919896f481cbe63A578 (1000 ETH)
(2) 0xb0337cA98529B8f7Aaa778d50dCbba6A22fB23ae (1000 ETH)
(3) 0x905167e9D359a912978F2DC0bc9925aeaf5C35Aa (1000 ETH)
(4) 0xa882d6217DF834998c8b0Fbe22eCA34DDd0FE903 (1000 ETH)
(5) 0xa2A3791e21Da1F47a284Df3aaC86E5086FB060A4 (1000 ETH)
(6) 0x72bb3334AE0417f96599F066B6F045934C0FBaA2 (1000 ETH)
(7) 0xb682458e94F2412ED044a1c80237e2E6c107d123 (1000 ETH)
(8) 0x0244441cBf624a384fA0Fc7D3Cfc532543a97911 (1000 ETH)
(9) 0xC3a4e936F06C1BE38392D8A2858CC566eAEe7ffE (1000 ETH)

Private Keys
==================
(0) 0x692c57dc50849412ed5c0c391f1f0bd56bfb34d9e055ef49bebd649780a46b61
(1) 0x255e841f241a3740d06b93ab7c3e73805326c6ad6b691f5d92214bd6f910a705
(2) 0xbca900c40d704391ea6aa03e7b9c8bf6ebe877b7e9158f4aa3a20a9dbd49c713
(3) 0xef3c5d205ae492d079e20ebcba667e21e755198f553f494af9e66849d957022a
(4) 0xee1f8b02a786f0d8841ef07a29107f26edc7606ff43a48bc064818af63c75fce
(5) 0x39e2aebf6a480eadc873ae87fe0ca0ef212644b8e0d25028f7473ee4d33a5b8e
(6) 0x6f9e1f8e0e4754f9e6d1794915e9487492bda21f4bbfa17df758f4be309a7c88
(7) 0x94d0dd49d8482c1169eda4f0c67f92127fb19e668dac0e7387db1be0d1355699
(8) 0xeff1a5ea6c80feed8edcd452b8d787c7d1973897c6b76ccbeb4046e78fab310a
(9) 0x146d58b6aaf8591259aa18df98b0e2d6da9359e0f238dd38d19fa7da51eb8f32

HD Wallet
==================
Mnemonic:      rookie slab march pistol poet lift domain dentist rapid define ugly capital
Base HD Path:  m/44'/60'/0'/0/{account_index}

Default Gas Price
==================
2000000000

BlockGas Limit
==================
30000000

Call Gas Limit
==================
50000000

Chain
==================
Hardfork: shanghai
Id:       1337

RPC Listening on 127.0.0.1:8545
web3_clientVersion
eth_blockNumber
net_version
eth_accounts
eth_accounts
eth_blockNumber
net_version
eth_getBlockByNumber
eth_estimateGas
eth_getBlockByNumber
eth_gasPrice
eth_sendTransaction

  Transaction: 0xb9655bdffc53c38be504a753f137b0d8316828e9c401e4c31457bde2e7b026f5
  Contract created: 0xe668f08684e702b5dbe32a06f46dea51a7cabd30
  Gas usage: 1331098
  Block number: 1
  Block time: Fri May 08 2026 00:29:15 GMT+0700 (Indochina Time)

eth_getTransactionReceipt
eth_getCode
eth_getTransactionReceipt
eth_getBlockByNumber
eth_gasPrice
eth_sendTransaction

  Transaction: 0x3c075bb9175576eb5231e7ec0ae1d757b987b25204e9e71878a2322b9b3f936b
  Gas usage: 21055
  Block number: 2
  Block time: Fri May 08 2026 00:29:15 GMT+0700 (Indochina Time)

eth_getTransactionReceipt
net_version
eth_getBlockByNumber
eth_estimateGas
eth_getBlockByNumber
eth_gasPrice
eth_sendTransaction

  Transaction: 0x4afebaf5edd4becc9d85a7cc7fd8bade09f599d759f72406e6e76ce588f27e26
  Gas usage: 80267
  Block number: 3
  Block time: Fri May 08 2026 00:29:15 GMT+0700 (Indochina Time)

eth_getTransactionReceipt
eth_blockNumber
eth_getBalance
eth_getTransactionByHash
debug_traceTransaction
eth_getTransactionByHash
debug_traceTransaction
eth_getTransactionByHash
debug_traceTransaction

Received shutdown signal: SIGTERM
Shutting down…
Server has been shut down
