COMMAND: python3 experiments/scale_trace/scripts/trace_result_json.py /home/aothuatgiadp/blockchain/project/CTLC-Implementation/experiments/scale_trace/runs/random_v1_22/B-_C_evm_fund_bc_CTLCMultipleEdges_best_claim/result.json /home/aothuatgiadp/blockchain/project/CTLC-Implementation/experiments/scale_trace/runs/random_v1_22/B-_C_evm_fund_bc_CTLCMultipleEdges_best_claim/trace.json
STATUS: 0

STDOUT:
{
  "graph_id": "",
  "pair": "B->C|evm|fund:bc",
  "contract": "CTLCMultipleEdges",
  "scenario": "best_claim",
  "contractAddress": "0xe668f08684E702B5dbE32A06f46DEA51A7cabD30",
  "traces": {
    "deploy": {
      "tx_hash": "0xb9655bdffc53c38be504a753f137b0d8316828e9c401e4c31457bde2e7b026f5",
      "actual_calldata_bytes": 7945,
      "actual_sstore_count": 17,
      "actual_call_count": 0,
      "opcode_steps": 2512
    },
    "fund": {
      "tx_hash": "0x3c075bb9175576eb5231e7ec0ae1d757b987b25204e9e71878a2322b9b3f936b",
      "actual_calldata_bytes": 0,
      "actual_sstore_count": 0,
      "actual_call_count": 0,
      "opcode_steps": 13
    },
    "claim_level0": {
      "tx_hash": "0x4afebaf5edd4becc9d85a7cc7fd8bade09f599d759f72406e6e76ce588f27e26",
      "actual_calldata_bytes": 516,
      "actual_sstore_count": 1,
      "actual_call_count": 1,
      "opcode_steps": 1953
    }
  }
}


STDERR:

