COMMAND: python3 experiments/scale_trace/scripts/trace_result_json.py /home/aothuatgiadp/blockchain/project/CTLC-Implementation/experiments/scale_trace/runs/random_v1_170/C-_D_evm_fund_cd_CTLCOnly_best_claim/result.json /home/aothuatgiadp/blockchain/project/CTLC-Implementation/experiments/scale_trace/runs/random_v1_170/C-_D_evm_fund_cd_CTLCOnly_best_claim/trace.json
STATUS: 0

STDOUT:
{
  "graph_id": "",
  "pair": "C->D|evm|fund:cd",
  "contract": "CTLCOnly",
  "scenario": "best_claim",
  "contractAddress": "0xDcebF739B7A3562F51003076CF29b3354d348Ff5",
  "traces": {
    "deploy": {
      "tx_hash": "0xadc4be3638aaef09ddef408f7956f11d396393388e5bb6d622b1dcdc3e156363",
      "actual_calldata_bytes": 7155,
      "actual_sstore_count": 10,
      "actual_call_count": 0,
      "opcode_steps": 1462
    },
    "fund": {
      "tx_hash": "0x2a661f65ca0b42acce0c5080e032fc1abdeea6f2af91638a6d6e860ab030f837",
      "actual_calldata_bytes": 0,
      "actual_sstore_count": 0,
      "actual_call_count": 0,
      "opcode_steps": 13
    },
    "claim_level0": {
      "tx_hash": "0xadd0f316ec33f5a825374304d0accc75dc22628dec9033270917c5ba4adb99ba",
      "actual_calldata_bytes": 388,
      "actual_sstore_count": 1,
      "actual_call_count": 1,
      "opcode_steps": 1475
    }
  }
}


STDERR:

