ganache v7.9.2 (@ganache/cli: 0.10.2, @ganache/core: 0.10.2)
Starting RPC server

Available Accounts
==================
(0) 0xE8c45adD3d3C76DFd73A0F123b8D0152b65f3976 (1000 ETH)
(1) 0x7ebD2e3637911bD77EF38Bd03c5722272f335e72 (1000 ETH)
(2) 0x16574929EB314Db62ef22C16c853b23D923131c4 (1000 ETH)
(3) 0x24E0d89EF5Ad7aA6ACb352B791d9867DC24c217C (1000 ETH)
(4) 0xa994BAE24b6fC2A2000B9f78269a76a955132BE3 (1000 ETH)
(5) 0x063E05c899A89c8ecC568339467D2A64260b42c3 (1000 ETH)
(6) 0x90D2673A458b74B7dAfF589643bd32f16b16aD0e (1000 ETH)
(7) 0x9a864c0520C35De9245DFdD54dE71611cf1cd27B (1000 ETH)
(8) 0xb7BC711C160860F39438122926835A74726FfAaE (1000 ETH)
(9) 0xecE2D69C67B43b042184560a71576083238879A5 (1000 ETH)

Private Keys
==================
(0) 0x9865f3c5e164f13799e1ee9954326085b847025446cd74f0b2a701890e9145a2
(1) 0xa0c28785eec6e1dc5eaec5e1ada4d6e37cb3c8108ffb6e75dabffd667ef8379b
(2) 0x60acdcf6234eee7cb42e74c5365762ea953a61cca57812935b50b38e6cc4e27b
(3) 0xd1177473fee72622b6ef4160a5d9bbf1f15b101a55a690571343463b9592c61d
(4) 0xd4a4613f19646bda0da4f0a88d52c2ef7f44ada59fcf009228b99fae6b9c7339
(5) 0x921e3d464e0e370161b5c607b5db6f6ceaf8116e7d756685d0673e9c66f3b500
(6) 0x0c342fedef2e9063af20833abd1f7062f91a0c072dcba1f8689c81b7ffb92d8c
(7) 0xff7cfe72efc5520e7b93999b9425213b27946cf2afa95f29f1e83bdb9d7abaed
(8) 0xd737101ae821f04bd6e431fa36e8a91bf8a6c6ec422eab3691ef0047bfcf1144
(9) 0x2842dca4e056d38683143e0c3151662dce126da2725017bb9d08df31300c631a

HD Wallet
==================
Mnemonic:      grace enemy youth worth number swamp hidden north rule garage supply best
Base HD Path:  m/44'/60'/0'/0/{account_index}

Default Gas Price
==================
2000000000

BlockGas Limit
==================
30000000

Call Gas Limit
==================
50000000

Chain
==================
Hardfork: shanghai
Id:       1337

RPC Listening on 127.0.0.1:8545
web3_clientVersion
eth_blockNumber
net_version
eth_accounts
eth_accounts
eth_blockNumber
net_version
eth_getBlockByNumber
eth_estimateGas
eth_getBlockByNumber
eth_gasPrice
eth_sendTransaction

  Transaction: 0x8d4a15ab0a80b8f38605d2997b2eb08ccec562b5dac7020bcb0d2b4a2337e5b0
  Contract created: 0xe8d429e809049110a461ec82910a82a971757a62
  Gas usage: 1745786
  Block number: 1
  Block time: Fri May 08 2026 03:00:43 GMT+0700 (Indochina Time)

eth_getTransactionReceipt
eth_getCode
eth_getTransactionReceipt
eth_getBlockByNumber
eth_gasPrice
eth_sendTransaction

  Transaction: 0x92c5bf8b42167507219544ac9695478a13f9582a3801162a02aefa4eaa0c64c5
  Gas usage: 21055
  Block number: 2
  Block time: Fri May 08 2026 03:00:43 GMT+0700 (Indochina Time)

eth_getTransactionReceipt
eth_blockNumber
evm_mine
eth_blockNumber
evm_mine
eth_blockNumber
evm_mine
eth_blockNumber
evm_mine
eth_blockNumber
evm_mine
eth_blockNumber
evm_mine
eth_blockNumber
evm_mine
eth_blockNumber
net_version
eth_getBlockByNumber
eth_estimateGas
eth_getBlockByNumber
eth_gasPrice
eth_sendTransaction

  Transaction: 0xac41598fc302326e8a1a28355e24a99ff344b2df2217c6baa054129b41ba4791
  Gas usage: 52925
  Block number: 10
  Block time: Fri May 08 2026 03:00:43 GMT+0700 (Indochina Time)

eth_getTransactionReceipt
eth_blockNumber
net_version
eth_getBlockByNumber
eth_estimateGas
eth_getBlockByNumber
eth_gasPrice
eth_sendTransaction

  Transaction: 0x759f4bf95fa4ab494ce1018497f6930cbcccdcb3fc55fd7716d554b5b445e280
  Gas usage: 35837
  Block number: 11
  Block time: Fri May 08 2026 03:00:43 GMT+0700 (Indochina Time)

eth_getTransactionReceipt
eth_blockNumber
net_version
eth_getBlockByNumber
eth_estimateGas
eth_getBlockByNumber
eth_gasPrice
eth_sendTransaction

  Transaction: 0x3c857efeec5e58605b3eb81ae10267adda4b73d0998a28b4778f3fbca62d06ae
  Gas usage: 59539
  Block number: 12
  Block time: Fri May 08 2026 03:00:43 GMT+0700 (Indochina Time)

eth_getTransactionReceipt
eth_blockNumber
eth_getBalance
eth_getTransactionByHash
debug_traceTransaction
eth_getTransactionByHash
debug_traceTransaction
eth_getTransactionByHash
debug_traceTransaction
eth_getTransactionByHash
debug_traceTransaction
eth_getTransactionByHash
debug_traceTransaction

Received shutdown signal: SIGTERM
Shutting down…
Server has been shut down
