ganache v7.9.2 (@ganache/cli: 0.10.2, @ganache/core: 0.10.2)
Starting RPC server

Available Accounts
==================
(0) 0xb446067a659B4c94F160538d13611863A36eBC91 (1000 ETH)
(1) 0x1Aa6894653E8a3Ce42ca7E6ae5CD06dc5d8e2470 (1000 ETH)
(2) 0xc9e02A385917abb22ba867602e48E52d49720Fa2 (1000 ETH)
(3) 0x0517c6574De8aFbCB6fee36a07C4971dde808591 (1000 ETH)
(4) 0xaB4fce849576aF630B3fce3716AF896d9c2Ef18E (1000 ETH)
(5) 0x30213b5881DE88c7B862D48D704d0d59DE0e5D3E (1000 ETH)
(6) 0x3AaE20d93Ee4ba1e4490b264b6a3d34AD85c41f9 (1000 ETH)
(7) 0x581Bb44007Fb3904dB447805848f255DB0036CF7 (1000 ETH)
(8) 0x5F64a81B37b384a7A101BE4A03d3fbEB3d1bd0D1 (1000 ETH)
(9) 0x34f162835f930095E9724Dfbd7dC202CDff3395d (1000 ETH)

Private Keys
==================
(0) 0x6599215934f9ece4016697d6b84af14ceb881f9591b2da108d863b4282ec31d1
(1) 0xe5064b7becf5bb92f32bcce06fd286fc94c4933b2aa409368bf0fb5c2cfe541e
(2) 0x5d423ff0656d421131ac132594de6bbfc3508b0fa96f76b8d50d05143ab3a035
(3) 0x68674717f16b2b50a4d8a3a348ed30f6d948eeac972531f4f2cc4f7eacc304a6
(4) 0xbf5e2325a343072209bc01e85edf56c6b23d4b476992f4fcb76c9a659ccf05de
(5) 0xed964b8e22aeb592abe684962e0a284f278cca0d3a0bda4d500944dbf5ad910a
(6) 0xc0311c78420d24e01014c487341576db7c9d8e6a7eeabedacbe6eff0b478fb0a
(7) 0x0326dc6c83adb880c0eb29fd25c18ac8f2a9ad36970bd169cfefe90291cdff1d
(8) 0x8ae4bbaa900e692c0ffc2c41264cd1dd8da596b2c2cf90fcd4892ba970131080
(9) 0x7599d323bd6fe5498334cf4bdbdfb40b86dcb989c803bca75e9de510a279b5f6

HD Wallet
==================
Mnemonic:      ski vapor depend bless iron advice stand talk auction east snack garlic
Base HD Path:  m/44'/60'/0'/0/{account_index}

Default Gas Price
==================
2000000000

BlockGas Limit
==================
30000000

Call Gas Limit
==================
50000000

Chain
==================
Hardfork: shanghai
Id:       1337

RPC Listening on 127.0.0.1:8545
web3_clientVersion
eth_blockNumber
net_version
eth_accounts
eth_accounts
eth_blockNumber
net_version
eth_getBlockByNumber
eth_estimateGas
eth_getBlockByNumber
eth_gasPrice
eth_sendTransaction

  Transaction: 0xdd21a0a558e52bee76f3c276d6168c895d935e46f215f81af781fbda96e5bd72
  Contract created: 0x809888c61c2f9a63bbefbb8a2d9a790f77740ac0
  Gas usage: 1285286
  Block number: 1
  Block time: Fri May 08 2026 02:36:37 GMT+0700 (Indochina Time)

eth_getTransactionReceipt
eth_getCode
eth_getTransactionReceipt
eth_getBlockByNumber
eth_gasPrice
eth_sendTransaction

  Transaction: 0x14860dc4f4d6ab645e5de53fe1b3060f494327513baf298920324b1645824157
  Gas usage: 21055
  Block number: 2
  Block time: Fri May 08 2026 02:36:37 GMT+0700 (Indochina Time)

eth_getTransactionReceipt
net_version
eth_getBlockByNumber
eth_estimateGas
eth_getBlockByNumber
eth_gasPrice
eth_sendTransaction

  Transaction: 0x06f648e0b215887a8778457abdc756d970dd16e0d16f8fe3ffe3b364422959a1
  Gas usage: 75948
  Block number: 3
  Block time: Fri May 08 2026 02:36:37 GMT+0700 (Indochina Time)

eth_getTransactionReceipt
eth_blockNumber
eth_getBalance
eth_getTransactionByHash
debug_traceTransaction
eth_getTransactionByHash
debug_traceTransaction
eth_getTransactionByHash
debug_traceTransaction

Received shutdown signal: SIGTERM
Shutting down…
Server has been shut down
