Using network 'development'.

{
  "ok": true,
  "graph_id": "",
  "pair": "F->A|evm|fund:fa",
  "pairKey": "F->A|evm|fund:fa",
  "contract": "CTLCOnly",
  "scenario": "best_claim",
  "deployGas": "0x10ccbb",
  "gasUsed": "64620",
  "disableGasUsed": "",
  "claimGasUsed": "64620",
  "refundGasUsed": "",
  "contractAddress": "0x28cd0cd9ac1039563B8fa19cA555f67552496B27",
  "startBlock": "0",
  "endBlock": "3",
  "finalContractBalanceWei": "0",
  "deployer": "0x6EC528Fcc4AFcb521b845CD7DC1f52Df1dB75354",
  "party": "0x8e6f3AC20ebe566f3A93e28b727a84BFE50984c0",
  "counterparty": "0x7f1E990bb8a1a5302F4037e702dADa6b3023884C",
  "fundingWei": "1000000000000000000",
  "timelocks": [
    6
  ],
  "transactions": [
    {
      "role": "deploy",
      "txHash": "0xa8d2afa99f5b5ceeea60a1fb73e9ff425d8921de8c4f0d72d90cdc28ba9b2dcc"
    },
    {
      "role": "fund",
      "txHash": "0x5d60acdfa7b1a427a0c89734ae5a718565587dc86b145b4923099564e27d83ea"
    },
    {
      "role": "claim",
      "txHash": "0xdfb192812552bbb9746e3486f18ec1637a4bd2c4c43ef45ef3a3bee2b1a51170",
      "level": 0,
      "option": 0
    }
  ],
  "txRoles": [
    {
      "role": "deploy",
      "txHash": "0xa8d2afa99f5b5ceeea60a1fb73e9ff425d8921de8c4f0d72d90cdc28ba9b2dcc"
    },
    {
      "role": "fund",
      "txHash": "0x5d60acdfa7b1a427a0c89734ae5a718565587dc86b145b4923099564e27d83ea"
    },
    {
      "role": "claim",
      "txHash": "0xdfb192812552bbb9746e3486f18ec1637a4bd2c4c43ef45ef3a3bee2b1a51170",
      "level": 0,
      "option": 0
    }
  ],
  "deployTxHash": "0xa8d2afa99f5b5ceeea60a1fb73e9ff425d8921de8c4f0d72d90cdc28ba9b2dcc",
  "fundTxHash": "0x5d60acdfa7b1a427a0c89734ae5a718565587dc86b145b4923099564e27d83ea",
  "claimTxHash": "0xdfb192812552bbb9746e3486f18ec1637a4bd2c4c43ef45ef3a3bee2b1a51170",
  "txHash": "0xdfb192812552bbb9746e3486f18ec1637a4bd2c4c43ef45ef3a3bee2b1a51170",
  "tx": "0xdfb192812552bbb9746e3486f18ec1637a4bd2c4c43ef45ef3a3bee2b1a51170"
}
