Using network 'development'.

{
  "ok": true,
  "graph_id": "",
  "pair": "C->B|evm|fund:cb",
  "pairKey": "C->B|evm|fund:cb",
  "contract": "CTLCMultipleEdges",
  "scenario": "best_claim",
  "deployGas": "0x193d1e",
  "gasUsed": "75948",
  "disableGasUsed": "",
  "claimGasUsed": "75948",
  "refundGasUsed": "",
  "contractAddress": "0xa1aE430db87428A2c152dF3ad3a1C3722B0250c4",
  "startBlock": "0",
  "endBlock": "3",
  "finalContractBalanceWei": "0",
  "deployer": "0x5aAdE6497aD9de8a23065185B2e59b1560dEc3f2",
  "party": "0x4F5f07cA1f0b7164CB108a493cd1c53a4343F87F",
  "counterparty": "0xf081D11bdfD3e004c49e6B055BcfD2EB643824BF",
  "fundingWei": "1000000000000000000",
  "timelocks": [
    8,
    9
  ],
  "transactions": [
    {
      "role": "deploy",
      "txHash": "0x0e4c8ddad979e7143c57522369788af02d78baad9c7a216026bb14196e8bdd3b"
    },
    {
      "role": "fund",
      "txHash": "0x95adb71812b86ccf9a1783f14a5aa6da3846d5543ad2bf971d10742afd8a4a8c"
    },
    {
      "role": "claim",
      "txHash": "0xebf4b72b8276324c86c859ad4b56ee2d6be99992b99eef9535ebcad4577ec794",
      "level": 0,
      "option": 0
    }
  ],
  "txRoles": [
    {
      "role": "deploy",
      "txHash": "0x0e4c8ddad979e7143c57522369788af02d78baad9c7a216026bb14196e8bdd3b"
    },
    {
      "role": "fund",
      "txHash": "0x95adb71812b86ccf9a1783f14a5aa6da3846d5543ad2bf971d10742afd8a4a8c"
    },
    {
      "role": "claim",
      "txHash": "0xebf4b72b8276324c86c859ad4b56ee2d6be99992b99eef9535ebcad4577ec794",
      "level": 0,
      "option": 0
    }
  ],
  "deployTxHash": "0x0e4c8ddad979e7143c57522369788af02d78baad9c7a216026bb14196e8bdd3b",
  "fundTxHash": "0x95adb71812b86ccf9a1783f14a5aa6da3846d5543ad2bf971d10742afd8a4a8c",
  "claimTxHash": "0xebf4b72b8276324c86c859ad4b56ee2d6be99992b99eef9535ebcad4577ec794",
  "txHash": "0xebf4b72b8276324c86c859ad4b56ee2d6be99992b99eef9535ebcad4577ec794",
  "tx": "0xebf4b72b8276324c86c859ad4b56ee2d6be99992b99eef9535ebcad4577ec794"
}
