ganache v7.9.2 (@ganache/cli: 0.10.2, @ganache/core: 0.10.2)
Starting RPC server
web3_clientVersion

Available Accounts
==================
(0) 0x5aAdE6497aD9de8a23065185B2e59b1560dEc3f2 (1000 ETH)
(1) 0x53864C6Efe8173Ac8F8e4b071AA2314beAe1fc1C (1000 ETH)
(2) 0xf081D11bdfD3e004c49e6B055BcfD2EB643824BF (1000 ETH)
(3) 0x4F5f07cA1f0b7164CB108a493cd1c53a4343F87F (1000 ETH)
(4) 0xB8aa1cE14f7E3A99b7829CB1847d41b7b4900d7B (1000 ETH)
(5) 0xc08435fDb99570c2212a17fB6b161Fb722f56312 (1000 ETH)
(6) 0x01C27ff4Fb1B53F62D62eA3B450d09F52C915aeE (1000 ETH)
(7) 0x40e6E44Ea8fE51779fD5a52b093FCF62C3B8ADf2 (1000 ETH)
(8) 0x1aB681983c8852aE60C58d2524dd333FCC7ed07c (1000 ETH)
(9) 0xa7c9Ffdc335a8d1C16f4F8CE82fd38E2ceD45399 (1000 ETH)

Private Keys
==================
(0) 0xb1c6db299c8351d3ad37473d05445b17c18074b05984c682c4a5d5e7d5b47557
(1) 0x659a11255ad893c35da8eb33c9b91cb4ea4ecd2dd60d072d6002dc5c5f4b3b66
(2) 0x2e7ca025eb05a1190238fa5b1722c44dfeba38bff79450fcf08db0de65c371c0
(3) 0x169f606ed4c479c042a011edeae53b9140659d6cb2553c4a6927a3712d5945ac
(4) 0x83fa42c7767f33bab9043a8777309529ba5c81e57ea6b19816bf20bee813961e
(5) 0x11690380be9d7a00fbca6aa611bd409df6219d40fb14940cf11d3ee39bc4e190
(6) 0xc166d7c79fd3317dd857b0db767bc328a80712bc5065656f82472370bb414fb2
(7) 0x780517ff818a30451ac6674feffae8d8a86bc612d57b1f1e6235549812904e9c
(8) 0x390c38b9c1ae824add8ae662b136c23b0f810d8029518595578bcc29c59bcd47
(9) 0x924a7e3124b674b349f50e07c5631bdfd57da8a3230d73da41887952d39ee1d9

HD Wallet
==================
Mnemonic:      assist ladder movie private decline tiny father unfair dawn bargain battle basic
Base HD Path:  m/44'/60'/0'/0/{account_index}

Default Gas Price
==================
2000000000

BlockGas Limit
==================
30000000

Call Gas Limit
==================
50000000

Chain
==================
Hardfork: shanghai
Id:       1337

RPC Listening on 127.0.0.1:8545
eth_blockNumber
net_version
eth_accounts
eth_accounts
eth_blockNumber
net_version
eth_getBlockByNumber
eth_estimateGas
eth_getBlockByNumber
eth_gasPrice
eth_sendTransaction

  Transaction: 0x0e4c8ddad979e7143c57522369788af02d78baad9c7a216026bb14196e8bdd3b
  Contract created: 0xa1ae430db87428a2c152df3ad3a1c3722b0250c4
  Gas usage: 1654046
  Block number: 1
  Block time: Thu May 07 2026 22:07:20 GMT+0700 (Indochina Time)

eth_getTransactionReceipt
eth_getCode
eth_getTransactionReceipt
eth_getBlockByNumber
eth_gasPrice
eth_sendTransaction

  Transaction: 0x95adb71812b86ccf9a1783f14a5aa6da3846d5543ad2bf971d10742afd8a4a8c
  Gas usage: 21055
  Block number: 2
  Block time: Thu May 07 2026 22:07:20 GMT+0700 (Indochina Time)

eth_getTransactionReceipt
net_version
eth_getBlockByNumber
eth_estimateGas
eth_getBlockByNumber
eth_gasPrice
eth_sendTransaction

  Transaction: 0xebf4b72b8276324c86c859ad4b56ee2d6be99992b99eef9535ebcad4577ec794
  Gas usage: 75948
  Block number: 3
  Block time: Thu May 07 2026 22:07:21 GMT+0700 (Indochina Time)

eth_getTransactionReceipt
eth_blockNumber
eth_getBalance
eth_getTransactionByHash
debug_traceTransaction
eth_getTransactionByHash
debug_traceTransaction
eth_getTransactionByHash
debug_traceTransaction

Received shutdown signal: SIGTERM
Shutting down…
Server has been shut down
