ganache v7.9.2 (@ganache/cli: 0.10.2, @ganache/core: 0.10.2)
Starting RPC server

Available Accounts
==================
(0) 0x8dC0DE8108106eE606eB9ef3Bed6Fb237242c527 (1000 ETH)
(1) 0x72414B50643F75A3d400F684727eFd287f0d0B20 (1000 ETH)
(2) 0xaff0Ed2986572de09DcF97BC3F71cE9CeC813475 (1000 ETH)
(3) 0xc1BbD0F61161367763E22BE56CbAa299C3527155 (1000 ETH)
(4) 0xd7CBe142ADcE6f749745A3AFEf9792eE9d5Cb08c (1000 ETH)
(5) 0xb7839f540ad1161204D18fDA2b98CEbC0545FbF5 (1000 ETH)
(6) 0x4eC49fBc5D7DD09d57CA965510Df41ceDAb4b184 (1000 ETH)
(7) 0x9a1bd700Aafc2E77307BE7E975e7f1d0291E2A24 (1000 ETH)
(8) 0xfc025aD3b578FF811098224846D862E88774781C (1000 ETH)
(9) 0x0A4898604baC433af371bbA15c93B3e28158034D (1000 ETH)

Private Keys
==================
(0) 0x023c5b0098151f7159a3c40d61038f55371f984f133ddb555e573ac4fa9f7c29
(1) 0xa4705d53b50429992b04d9db646e8d9594bbaa7cdfdd56545a78530a6473e95f
(2) 0x329cc0e88a855da785776f1d706df93082feb224e8f2af58aab2fe1165765cde
(3) 0x6048f6421a3caf107973405cb6699946eadd0eb6b6f4f952db431175fdaa1337
(4) 0x47f4afb2fe1f9b1e43812587c66aacb989b65eebd4da2171ad7626dc2f43c5ba
(5) 0x26a0c075b4f78f9c3553d061f678ccdd8791987c51b13e42ba1293e811fefd56
(6) 0xc6b30dea25b322f6ceeea644313311f12028563578eae688d92d4cccb80f7d60
(7) 0x4440554fa1a89370cdb6a185e28b8ce443421cf67ccfbe204ff991396e7c212d
(8) 0xa24fd9a1b42f3bc6876a04713bf719f90909bd044b57c74775b25bc8c7b770b7
(9) 0xa63c03f5b003a402f488eef3f0da2172d9745190b5f31e53462c7031f8e0ff1f

HD Wallet
==================
Mnemonic:      bean promote sick pledge machine creek kitten bonus audit impulse abandon disease
Base HD Path:  m/44'/60'/0'/0/{account_index}

Default Gas Price
==================
2000000000

BlockGas Limit
==================
30000000

Call Gas Limit
==================
50000000

Chain
==================
Hardfork: shanghai
Id:       1337

RPC Listening on 127.0.0.1:8545
web3_clientVersion
eth_blockNumber
net_version
eth_accounts
eth_accounts
eth_blockNumber
net_version
eth_getBlockByNumber
eth_estimateGas
eth_getBlockByNumber
eth_gasPrice
eth_sendTransaction

  Transaction: 0x92a4d87a847731c1adef0595b2eec547e9a374c8c110396cc64f288495edc5fb
  Contract created: 0x7dbf62b1ee76d66330ab147613aa20258382d084
  Gas usage: 1239082
  Block number: 1
  Block time: Fri May 08 2026 00:57:20 GMT+0700 (Indochina Time)

eth_getTransactionReceipt
eth_getCode
eth_getTransactionReceipt
eth_getBlockByNumber
eth_gasPrice
eth_sendTransaction

  Transaction: 0x0419a42615a785b1ed10ab53f76c61e2e0df43ed732375c68daf6a5c23403483
  Gas usage: 21055
  Block number: 2
  Block time: Fri May 08 2026 00:57:20 GMT+0700 (Indochina Time)

eth_getTransactionReceipt
eth_blockNumber
evm_mine
eth_blockNumber
evm_mine
eth_blockNumber
evm_mine
eth_blockNumber
evm_mine
eth_blockNumber
evm_mine
eth_blockNumber
net_version
eth_getBlockByNumber
eth_estimateGas
eth_getBlockByNumber
eth_gasPrice
eth_sendTransaction

  Transaction: 0x6307f084e60c66450c31529fc23c2b99b2bfd8d24469f8f04cda7278ddb26553
  Gas usage: 52947
  Block number: 8
  Block time: Fri May 08 2026 00:57:20 GMT+0700 (Indochina Time)

eth_getTransactionReceipt
eth_blockNumber
net_version
eth_getBlockByNumber
eth_estimateGas
eth_getBlockByNumber
eth_gasPrice
eth_sendTransaction

  Transaction: 0x091ffd5ab8c98d0b23dc3aef050ab45407c8133649b52fb9974913606691c979
  Gas usage: 59561
  Block number: 9
  Block time: Fri May 08 2026 00:57:20 GMT+0700 (Indochina Time)

eth_getTransactionReceipt
eth_blockNumber
eth_getBalance
eth_getTransactionByHash
debug_traceTransaction
eth_getTransactionByHash
debug_traceTransaction
eth_getTransactionByHash
debug_traceTransaction
eth_getTransactionByHash
debug_traceTransaction

Received shutdown signal: SIGTERM
Shutting down…
Server has been shut down
