Using network 'development'.

{
  "ok": true,
  "graph_id": "",
  "pair": "B->C|evm|fund:bc",
  "pairKey": "B->C|evm|fund:bc",
  "contract": "CTLCMultipleEdges",
  "scenario": "worst_claim",
  "deployGas": "0x199706",
  "gasUsed": "177680",
  "disableGasUsed": "88762",
  "claimGasUsed": "88918",
  "refundGasUsed": "",
  "contractAddress": "0xA22308b547576c7f391BE5eB16c331F44aB799eF",
  "startBlock": "0",
  "endBlock": "10",
  "finalContractBalanceWei": "0",
  "deployer": "0xc17f49451C6E859310b04cAfF76bBd6d379A6b22",
  "party": "0x3410ea26565Cd4943e4eD91aF843921e26b35a10",
  "counterparty": "0xAcCf17E1dF84db1F508A14053fb02cc92C6dD3D1",
  "fundingWei": "1000000000000000000",
  "timelocks": [
    7,
    8,
    11
  ],
  "transactions": [
    {
      "role": "deploy",
      "txHash": "0x0672e731ce1014e5bb51743a2d4edfaa58f4a00f7d94607304557c056717bd72"
    },
    {
      "role": "fund",
      "txHash": "0x00dc8d6abc4ea3afa9482f8342beeb7e7b1c3e956fd6b4f948797f78ad1cffac"
    },
    {
      "role": "disable",
      "txHash": "0x211624463d3a8c19db440430ce61f98e648fc3bc27c599862d50022857f0fc30",
      "level": 0
    },
    {
      "role": "disable",
      "txHash": "0xec65d0a3f2a5b549a93c2bbe8bfc6274b16dc95142941724d9e8b208eb8da112",
      "level": 1
    },
    {
      "role": "claim",
      "txHash": "0xead496bc57a0d4e2458ecf7be1591717fb46ee9c525fbdaa93fffea7b0252d72",
      "level": 2,
      "option": 0
    }
  ],
  "txRoles": [
    {
      "role": "deploy",
      "txHash": "0x0672e731ce1014e5bb51743a2d4edfaa58f4a00f7d94607304557c056717bd72"
    },
    {
      "role": "fund",
      "txHash": "0x00dc8d6abc4ea3afa9482f8342beeb7e7b1c3e956fd6b4f948797f78ad1cffac"
    },
    {
      "role": "disable",
      "txHash": "0x211624463d3a8c19db440430ce61f98e648fc3bc27c599862d50022857f0fc30",
      "level": 0
    },
    {
      "role": "disable",
      "txHash": "0xec65d0a3f2a5b549a93c2bbe8bfc6274b16dc95142941724d9e8b208eb8da112",
      "level": 1
    },
    {
      "role": "claim",
      "txHash": "0xead496bc57a0d4e2458ecf7be1591717fb46ee9c525fbdaa93fffea7b0252d72",
      "level": 2,
      "option": 0
    }
  ],
  "deployTxHash": "0x0672e731ce1014e5bb51743a2d4edfaa58f4a00f7d94607304557c056717bd72",
  "fundTxHash": "0x00dc8d6abc4ea3afa9482f8342beeb7e7b1c3e956fd6b4f948797f78ad1cffac",
  "disableTxHashes": [
    "0x211624463d3a8c19db440430ce61f98e648fc3bc27c599862d50022857f0fc30",
    "0xec65d0a3f2a5b549a93c2bbe8bfc6274b16dc95142941724d9e8b208eb8da112"
  ],
  "disableTxHash": "0x211624463d3a8c19db440430ce61f98e648fc3bc27c599862d50022857f0fc30",
  "disableTx": "0x211624463d3a8c19db440430ce61f98e648fc3bc27c599862d50022857f0fc30",
  "claimTxHash": "0xead496bc57a0d4e2458ecf7be1591717fb46ee9c525fbdaa93fffea7b0252d72",
  "txHash": "0xead496bc57a0d4e2458ecf7be1591717fb46ee9c525fbdaa93fffea7b0252d72",
  "tx": "0xead496bc57a0d4e2458ecf7be1591717fb46ee9c525fbdaa93fffea7b0252d72"
}
