ganache v7.9.2 (@ganache/cli: 0.10.2, @ganache/core: 0.10.2)
Starting RPC server

Available Accounts
==================
(0) 0xD28330B45e6669B7a2A6d65A58dB546F80403469 (1000 ETH)
(1) 0x39E0483895d0dF8eb03be1e89342CA1CcdE9b036 (1000 ETH)
(2) 0x1CfB091990236Fe771E11cDA1a721cFc2Af704E4 (1000 ETH)
(3) 0xac04A08B69a7CAa7423E0a49c798479db4fbdB68 (1000 ETH)
(4) 0xa9097f97a9E476d8075178264db3868A54ab48E3 (1000 ETH)
(5) 0x11479D32d49150dba8b56fCF7aF9AE0961EE0100 (1000 ETH)
(6) 0x56A77705318f49E4dDdeEF8649C5Fe0347D5a752 (1000 ETH)
(7) 0xbD0010EF9e150b58D7F2F99e1647ab077865371A (1000 ETH)
(8) 0x9913e66745ae46aa177BC6c41243E03722D01fD7 (1000 ETH)
(9) 0xB4B5Df561e3cD5E103F2f20cBe7f3c7ACd29Ea30 (1000 ETH)

Private Keys
==================
(0) 0xd179386908c12f7a640afc2b42a47f8638dab2be2673fe022d82bc54739daa18
(1) 0x4436899314a166b4dfd5264caa38d7628ae6c61b4fceb2aac47c69db6df592b3
(2) 0x3d7db1f31c4e5427b74924f94f4fd1dee628a607e89593d4139e9c2c179621d6
(3) 0x44c6c938369f94ac5d7bd7e1d7f8db6f145bd3cbe47a77dd101bad6faeea9f87
(4) 0x1ba2b1e092a3ec167cf7ca74f5eaf09507f31474df2a06c8496cb81bf9fc1bc7
(5) 0x0dda3b9c8683fc6b53ad17a5bfcccea38df83b5c16b9fac60615b9581961b1e7
(6) 0x2d93dc1f1c94b3aac9f60274d855e3291ccd75429d32cd844a409e5b2cd27331
(7) 0x3004674ca60bfa666c580bcfd8fc99c374836e8171f0122d70d2b65d379f1cf2
(8) 0x92fb967cc9be5e827143d63ad64da1cb7bb3bf747355a25d5a03f87788181601
(9) 0xb652d60aad80a03dce78b737cc088eeea2744e6a73c55ed93e9699e44bc422e6

HD Wallet
==================
Mnemonic:      much leave drastic keen diamond diamond purity feature often urge order blur
Base HD Path:  m/44'/60'/0'/0/{account_index}

Default Gas Price
==================
2000000000

BlockGas Limit
==================
30000000

Call Gas Limit
==================
50000000

Chain
==================
Hardfork: shanghai
Id:       1337

RPC Listening on 127.0.0.1:8545
web3_clientVersion
eth_blockNumber
net_version
eth_accounts
eth_accounts
eth_blockNumber
net_version
eth_getBlockByNumber
eth_estimateGas
eth_getBlockByNumber
eth_gasPrice
eth_sendTransaction

  Transaction: 0xcc9346f8881e55677d38ab3a83ed11c3da7bdac393e2ce0251f3a4f432065deb
  Contract created: 0x4edfc87478cdf9c28e801df1138f830251490ed0
  Gas usage: 1169723
  Block number: 1
  Block time: Fri May 08 2026 01:33:03 GMT+0700 (Indochina Time)

eth_getTransactionReceipt
eth_getCode
eth_getTransactionReceipt
eth_getBlockByNumber
eth_gasPrice
eth_sendTransaction

  Transaction: 0x99503029b65e0e7b7716ab7ae6c0f17de57987b91caaecb1ff725843d90bb4bb
  Gas usage: 21055
  Block number: 2
  Block time: Fri May 08 2026 01:33:03 GMT+0700 (Indochina Time)

eth_getTransactionReceipt
net_version
eth_getBlockByNumber
eth_estimateGas
eth_getBlockByNumber
eth_gasPrice
eth_sendTransaction

  Transaction: 0x324829680a41f273dc678eef6b307038aad38f78ee1c9f5236c82e4e6adb0317
  Gas usage: 77013
  Block number: 3
  Block time: Fri May 08 2026 01:33:03 GMT+0700 (Indochina Time)

eth_getTransactionReceipt
eth_blockNumber
eth_getBalance
eth_getTransactionByHash
debug_traceTransaction
eth_getTransactionByHash
debug_traceTransaction
eth_getTransactionByHash
debug_traceTransaction

Received shutdown signal: SIGTERM
Shutting down…
Server has been shut down
