Using network 'development'.

{
  "ok": true,
  "graph_id": "",
  "pair": "B->C|evm|fund:bc",
  "pairKey": "B->C|evm|fund:bc",
  "contract": "CTLCMultipleEdges",
  "scenario": "best_claim",
  "deployGas": "0x1b559e",
  "gasUsed": "80267",
  "disableGasUsed": "",
  "claimGasUsed": "80267",
  "refundGasUsed": "",
  "contractAddress": "0x5ABe83b38e6a52Af0e910BA4Ae0552Ee26740169",
  "startBlock": "0",
  "endBlock": "3",
  "finalContractBalanceWei": "0",
  "deployer": "0x6b46EE71DC576B79759c9E57e742913E171B9A70",
  "party": "0x4f7c97020Dce17CdD8190a3155a0ee625550AD5B",
  "counterparty": "0x85140eb533e7F7864F1B40A6AC1FF1f14915A8E0",
  "fundingWei": "1000000000000000000",
  "timelocks": [
    9
  ],
  "transactions": [
    {
      "role": "deploy",
      "txHash": "0x1e5d83e7d4e37b5a935fcc398a9cf7d8f3d11be1ece48a4c5445464c6e39ce5c"
    },
    {
      "role": "fund",
      "txHash": "0x0a90558d890f95191696a5f61eb5be80ca24b0737b9d3f32bf69df8dca722c43"
    },
    {
      "role": "claim",
      "txHash": "0x71acb223e15e282f37635fbdd3de7566665067859080c5f43b5770f87433f613",
      "level": 0,
      "option": 0
    }
  ],
  "txRoles": [
    {
      "role": "deploy",
      "txHash": "0x1e5d83e7d4e37b5a935fcc398a9cf7d8f3d11be1ece48a4c5445464c6e39ce5c"
    },
    {
      "role": "fund",
      "txHash": "0x0a90558d890f95191696a5f61eb5be80ca24b0737b9d3f32bf69df8dca722c43"
    },
    {
      "role": "claim",
      "txHash": "0x71acb223e15e282f37635fbdd3de7566665067859080c5f43b5770f87433f613",
      "level": 0,
      "option": 0
    }
  ],
  "deployTxHash": "0x1e5d83e7d4e37b5a935fcc398a9cf7d8f3d11be1ece48a4c5445464c6e39ce5c",
  "fundTxHash": "0x0a90558d890f95191696a5f61eb5be80ca24b0737b9d3f32bf69df8dca722c43",
  "claimTxHash": "0x71acb223e15e282f37635fbdd3de7566665067859080c5f43b5770f87433f613",
  "txHash": "0x71acb223e15e282f37635fbdd3de7566665067859080c5f43b5770f87433f613",
  "tx": "0x71acb223e15e282f37635fbdd3de7566665067859080c5f43b5770f87433f613"
}
