ganache v7.9.2 (@ganache/cli: 0.10.2, @ganache/core: 0.10.2)
Starting RPC server

Available Accounts
==================
(0) 0x59BdefCA1Ec46483B2D42FDbBFCbc9Bf63Dbd4A2 (1000 ETH)
(1) 0x09ADbd3Fd9eCCC693D3E4522aAaF4A8d02e044D1 (1000 ETH)
(2) 0xc6A8963BD22Ac633f14F457C720DCFf19108ab54 (1000 ETH)
(3) 0x328a64CFb8E2dEeA45f25581a4425cE1bf3469d9 (1000 ETH)
(4) 0x6cc49cA09eA3C49F5725Ba8144aE503315F06Ba0 (1000 ETH)
(5) 0x05ca51e75FA405aDa59Ee64e7a6CfAaDC05fAA4d (1000 ETH)
(6) 0x9E019149D449A300bbEAb6caBfE21379A22b5CA9 (1000 ETH)
(7) 0xE7E6159ddEDBC77eFc4C6e20C5bD0AD6951DDC47 (1000 ETH)
(8) 0xfE5c3B25C65aBB874886EFdc930F22F75806D3a4 (1000 ETH)
(9) 0x23D84034Be53C00049f6d54D0A334Dc3E633E85C (1000 ETH)

Private Keys
==================
(0) 0xc088995c0df0a85b55f03fc957aa04fe9e75c575004a97501db60756c150f827
(1) 0xeca65e3569c26f9cfe6b3c5f53995eea14750f920a13be769151a6d39660f202
(2) 0xac143f60be0d0939cf92ca031f6d161e432bb4c9222179f6a890264ab3529d30
(3) 0xd48a9b21fb488d1f5f05f135b3befa51a628dc68496112acdbdb32b1c358c626
(4) 0x5d3eb2f2ee39bce65376ff61b41899eb9b9ec14ff02399051aa167ec7c55bfc9
(5) 0xd88cabd7a1e4456bf46105acad9a9bce74921b8c9f2eaa92cdb662b6a8969bb9
(6) 0x7841e514afb9fc9b546f96040580e6bef4e9786272948e329bdc90594df8528b
(7) 0xb8a71f3b082cc8fd9afa706820df67a1a9d9a5ec0eafa2152f0eef7f42bbd89b
(8) 0x9190d6f492a8ec1879c22585b9035bb090b4e83b7b725f65b6634b0484a26b9c
(9) 0x94e37258840d1bc6ce644a8e0d30c3289eb875e6f285fc1cc511a3975f343869

HD Wallet
==================
Mnemonic:      cave shell voice impulse olive tragic sword skirt decade loyal retire race
Base HD Path:  m/44'/60'/0'/0/{account_index}

Default Gas Price
==================
2000000000

BlockGas Limit
==================
30000000

Call Gas Limit
==================
50000000

Chain
==================
Hardfork: shanghai
Id:       1337

RPC Listening on 127.0.0.1:8545
web3_clientVersion
eth_blockNumber
net_version
eth_accounts
eth_accounts
eth_blockNumber
net_version
eth_getBlockByNumber
eth_estimateGas
eth_getBlockByNumber
eth_gasPrice
eth_sendTransaction

  Transaction: 0x5581c2dac0725659dc77771ae58aa502421741719075a7d9a9faf5132ef7f21c
  Contract created: 0xc86c458a579d18c9e779c891351324b9ac5eb697
  Gas usage: 1746165
  Block number: 1
  Block time: Thu May 07 2026 21:10:40 GMT+0700 (Indochina Time)

eth_getTransactionReceipt
eth_getCode
eth_getTransactionReceipt
eth_getBlockByNumber
eth_gasPrice
eth_sendTransaction

  Transaction: 0xefd4569597b7c4ec5e05dfa87129b73a67f13b838f1fa42477232cd2664d23c7
  Gas usage: 21055
  Block number: 2
  Block time: Thu May 07 2026 21:10:40 GMT+0700 (Indochina Time)

eth_getTransactionReceipt
eth_blockNumber
evm_mine
eth_blockNumber
evm_mine
eth_blockNumber
evm_mine
eth_blockNumber
evm_mine
eth_blockNumber
evm_mine
eth_blockNumber
evm_mine
eth_blockNumber
net_version
eth_getBlockByNumber
eth_estimateGas
eth_getBlockByNumber
eth_gasPrice
eth_sendTransaction

  Transaction: 0x26d2cb47faade29008eab9321c8aa99b196b53af123500ae05ef0455cbeb0140
  Gas usage: 52925
  Block number: 9
  Block time: Thu May 07 2026 21:10:40 GMT+0700 (Indochina Time)

eth_getTransactionReceipt
eth_blockNumber
net_version
eth_getBlockByNumber
eth_estimateGas
eth_getBlockByNumber
eth_gasPrice
eth_sendTransaction

  Transaction: 0x67cc7a6998bc586a21fd8a05eb50f32a01dc94957c52165d5f08c0b3bb74c28b
  Gas usage: 59539
  Block number: 10
  Block time: Thu May 07 2026 21:10:40 GMT+0700 (Indochina Time)

eth_getTransactionReceipt
eth_blockNumber
eth_getBalance
eth_getTransactionByHash
debug_traceTransaction
eth_getTransactionByHash
debug_traceTransaction
eth_getTransactionByHash
debug_traceTransaction
eth_getTransactionByHash
debug_traceTransaction

Received shutdown signal: SIGTERM
Shutting down…
Server has been shut down
