ganache v7.9.2 (@ganache/cli: 0.10.2, @ganache/core: 0.10.2)
Starting RPC server

Available Accounts
==================
(0) 0xe66e0dDac2D641985D31F8716CAC61413E7D9752 (1000 ETH)
(1) 0xA5f38fb02e856FA62b5253C1117E3a660aaa1226 (1000 ETH)
(2) 0xc62d6F79e6Ab7A53cfB6201Bfe79e83d2e37a4EA (1000 ETH)
(3) 0x78A8842575717366d71CeC11dF601B0D0f56552d (1000 ETH)
(4) 0x3c2eDB2213469B30CF9148b57a2F2B513a407631 (1000 ETH)
(5) 0x684a2ca09dA1C36AC92579E2438C2527C980DE72 (1000 ETH)
(6) 0xCB6cE4c021Dd838700A2347242bEAb07408fAE35 (1000 ETH)
(7) 0x6D7D641A63DD982Dd1Fd00B20D37c8d0E29c3825 (1000 ETH)
(8) 0x74F40E450df53CcFCA905cCB6ff4d22b5C1B60CE (1000 ETH)
(9) 0x859588f20F89513A05d97BA5D16b850E574C92CA (1000 ETH)

Private Keys
==================
(0) 0x43253ce7e2b3352ad5c4c29e3ff6b8d89810f7e777b657bed365c88cfc3e4ff1
(1) 0x921e5e8daaf7f8dae0b7d018933e25be4589c8ae3421f7dc95776933f3e07185
(2) 0x104b129457548b7ee3926dc78da05bbddfbea93a18143f39f04c84431d321d34
(3) 0xcf3a0220a916b263cbbd787c1fe9969fd68d416ccceafebb2c882b5bc90ec147
(4) 0xb4a6c94481fa12c4a5b094c41e919738725f1ec4d95380cb62d33a70f397ea5c
(5) 0xdfaf4b0a879d380d63a5715aa9996ea381c59636723b5c8773dfc68e39906179
(6) 0x89be4d1628757bf78fa25e354666b43bfe02702af60548ac24ad70e72ed419f6
(7) 0x08ea5dab121c667edb4bebd6b7a6cd7b27d3f2013a66db80e50e4e4a3354f361
(8) 0x9df01bd3ced560252e00094ba52310795977f0c74b69bdcf526048f83bad7564
(9) 0x9d986e5975f7b23b1628207eae87dc0cf5abc7e32b44e9bb5e7697d803f9ab74

HD Wallet
==================
Mnemonic:      crisp will change below title armed song brief jacket fine calm museum
Base HD Path:  m/44'/60'/0'/0/{account_index}

Default Gas Price
==================
2000000000

BlockGas Limit
==================
30000000

Call Gas Limit
==================
50000000

Chain
==================
Hardfork: shanghai
Id:       1337

RPC Listening on 127.0.0.1:8545
web3_clientVersion
eth_blockNumber
net_version
eth_accounts
eth_accounts
eth_blockNumber
net_version
eth_getBlockByNumber
eth_estimateGas
eth_getBlockByNumber
eth_gasPrice
eth_sendTransaction

  Transaction: 0xed25a8f6d2c633f3d6f732fbcf8d87205d979be3f9b832865867f55513969d7e
  Contract created: 0xe1a77128af9b9aa5dc7c0424abfdd60dc3600f19
  Gas usage: 1146799
  Block number: 1
  Block time: Thu May 07 2026 20:23:07 GMT+0700 (Indochina Time)

eth_getTransactionReceipt
eth_getCode
eth_getTransactionReceipt
eth_getBlockByNumber
eth_gasPrice
eth_sendTransaction

  Transaction: 0xc357acdc47e9961236f4059c7ef82535cfd61c4448d34ecbe5b7b5218259cb6c
  Gas usage: 21055
  Block number: 2
  Block time: Thu May 07 2026 20:23:07 GMT+0700 (Indochina Time)

eth_getTransactionReceipt
net_version
eth_getBlockByNumber
eth_estimateGas
eth_getBlockByNumber
eth_gasPrice
eth_sendTransaction

  Transaction: 0x62633e62d6f0c6f8122fa56cd259232722ed699aec4df3c364ce8c4ca3b96d4d
  Gas usage: 72874
  Block number: 3
  Block time: Thu May 07 2026 20:23:07 GMT+0700 (Indochina Time)

eth_getTransactionReceipt
eth_blockNumber
eth_getBalance
eth_getTransactionByHash
debug_traceTransaction
eth_getTransactionByHash
debug_traceTransaction
eth_getTransactionByHash
debug_traceTransaction

Received shutdown signal: SIGTERM
Shutting down…
Server has been shut down
