ganache v7.9.2 (@ganache/cli: 0.10.2, @ganache/core: 0.10.2)
Starting RPC server

Available Accounts
==================
(0) 0xcce561d778dAE06b13992043756E2E9aA795821b (1000 ETH)
(1) 0xD6972EE22600B574b381D9C0b44F062BF97eecaE (1000 ETH)
(2) 0x89b606Fe20eDA39EA5B616C68c41B6B8B1D83c95 (1000 ETH)
(3) 0x471F5427280df1884A08f98489a5B2a18335bD47 (1000 ETH)
(4) 0xeFfd2eBc9F3c7BB41CD1971Fa3651Ef02bfDF3c2 (1000 ETH)
(5) 0x1c65a7D3A4061618997c98D78C7d6aC5C1e1758a (1000 ETH)
(6) 0x4501622dAB222Cf573CbEa461715ac82e734b305 (1000 ETH)
(7) 0xa5591ab731dccece5545e270015169B1766d74f9 (1000 ETH)
(8) 0x6f6E833B3d3FF0D2c14A00EeE86B1109003DA0A1 (1000 ETH)
(9) 0xFD8DBafDdFC727bc23Dc7a5232696E0586300652 (1000 ETH)

Private Keys
==================
(0) 0x14bc79151bc0bfe9218b7080c81bc14b9d3b3bf453e2f82e5fed6c1659741a50
(1) 0xef00671f31f08fad7ad2b8d0807f245f612b821a87ed9cc7d8f541e09c6a6d60
(2) 0xd6e2d2fc84a976829216e5eed2829153ce5c6fb6941aa9a46f748116bfafaccb
(3) 0xc3d2afa59a57610460e193964ac23881ffe9331f3d6d0bb6c283eddcbfc27266
(4) 0x76638529a1d30e9686f668a4231bc7c5c015bea3b516b4d96ee4612c900a0310
(5) 0x125460cd76d58d1d93009dabe3bd729f7f9076f40e501df690b60f2c3a696ae6
(6) 0xf8cba8617818744cfbdedb917e8151e44cd10de75f3c7aaaf858b7ab737d1edc
(7) 0x7f7ac8aa40586ba2a5dac6df3c66f3668cb06c263dcf800d588e446102f07b8d
(8) 0x3c3821a2e826f212648342cfda3450c08dba80c26b8147c6b6cdba8264eadc8a
(9) 0xcc0f20f96e81f65b50bd319c96fd2e815b242740d5484eb472215149173c69e0

HD Wallet
==================
Mnemonic:      nominee child dizzy shy barrel domain matter police couch april notable journey
Base HD Path:  m/44'/60'/0'/0/{account_index}

Default Gas Price
==================
2000000000

BlockGas Limit
==================
30000000

Call Gas Limit
==================
50000000

Chain
==================
Hardfork: shanghai
Id:       1337

RPC Listening on 127.0.0.1:8545
web3_clientVersion
eth_blockNumber
net_version
eth_accounts
eth_accounts
eth_blockNumber
net_version
eth_getBlockByNumber
eth_estimateGas
eth_getBlockByNumber
eth_gasPrice
eth_sendTransaction

  Transaction: 0x3019ee38bd6702b4b22c6c1edb07516e37995bcb565647be2778683e2d1f5bb5
  Contract created: 0x84ddcd402f49cab7c255a34f67d170de87bbcd9c
  Gas usage: 1193626
  Block number: 1
  Block time: Thu May 07 2026 21:28:51 GMT+0700 (Indochina Time)

eth_getTransactionReceipt
eth_getCode
eth_getTransactionReceipt
eth_getBlockByNumber
eth_gasPrice
eth_sendTransaction

  Transaction: 0xf5003c17862011c14a5a8d77b6abcf008022a1f8390e03881e88f5abd9a854da
  Gas usage: 21055
  Block number: 2
  Block time: Thu May 07 2026 21:28:51 GMT+0700 (Indochina Time)

eth_getTransactionReceipt
net_version
eth_getBlockByNumber
eth_estimateGas
eth_getBlockByNumber
eth_gasPrice
eth_sendTransaction

  Transaction: 0x11f93013801741f4d63c4fcd4011d0f5a2295211c1cb613389d0349dcb35bb62
  Gas usage: 67334
  Block number: 3
  Block time: Thu May 07 2026 21:28:51 GMT+0700 (Indochina Time)

eth_getTransactionReceipt
eth_blockNumber
eth_getBalance
eth_getTransactionByHash
debug_traceTransaction
eth_getTransactionByHash
debug_traceTransaction
eth_getTransactionByHash
debug_traceTransaction

Received shutdown signal: SIGTERM
Shutting down…
Server has been shut down
