Using network 'development'.

{
  "ok": true,
  "graph_id": "",
  "pair": "E->A|evm|fund:ea",
  "pairKey": "E->A|evm|fund:ea",
  "contract": "CTLCOnly",
  "scenario": "worst_claim",
  "deployGas": "0x10ccbb",
  "gasUsed": "64620",
  "disableGasUsed": "0",
  "claimGasUsed": "64620",
  "refundGasUsed": "",
  "contractAddress": "0x26Bc7Aa1Ac9F70f8F934420b8f9c1C49244186A3",
  "startBlock": "0",
  "endBlock": "3",
  "finalContractBalanceWei": "0",
  "deployer": "0x67117E6A184fa654A07C8e067D37081fd46d36E7",
  "party": "0x3261c2A1ca3ABB58a1de177145C9526eD2F76c42",
  "counterparty": "0x9984FA633df17b1EdF03693bb751Ca753d021572",
  "fundingWei": "1000000000000000000",
  "timelocks": [
    6
  ],
  "transactions": [
    {
      "role": "deploy",
      "txHash": "0x229f1c716f1c18d2cdd9b5d8de768d75c2c41dbd00dc1f7a07e8c52755157229"
    },
    {
      "role": "fund",
      "txHash": "0xa85a0c7e859983b31a4dfe19e50855d0649ad09059fd7f139d6a466e6a5b2896"
    },
    {
      "role": "claim",
      "txHash": "0xbd22b80b839be91bc6673216bf9de32f3679a1c2ee7f535b4aedb790bd9df296",
      "level": 0,
      "option": 0
    }
  ],
  "txRoles": [
    {
      "role": "deploy",
      "txHash": "0x229f1c716f1c18d2cdd9b5d8de768d75c2c41dbd00dc1f7a07e8c52755157229"
    },
    {
      "role": "fund",
      "txHash": "0xa85a0c7e859983b31a4dfe19e50855d0649ad09059fd7f139d6a466e6a5b2896"
    },
    {
      "role": "claim",
      "txHash": "0xbd22b80b839be91bc6673216bf9de32f3679a1c2ee7f535b4aedb790bd9df296",
      "level": 0,
      "option": 0
    }
  ],
  "deployTxHash": "0x229f1c716f1c18d2cdd9b5d8de768d75c2c41dbd00dc1f7a07e8c52755157229",
  "fundTxHash": "0xa85a0c7e859983b31a4dfe19e50855d0649ad09059fd7f139d6a466e6a5b2896",
  "claimTxHash": "0xbd22b80b839be91bc6673216bf9de32f3679a1c2ee7f535b4aedb790bd9df296",
  "txHash": "0xbd22b80b839be91bc6673216bf9de32f3679a1c2ee7f535b4aedb790bd9df296",
  "tx": "0xbd22b80b839be91bc6673216bf9de32f3679a1c2ee7f535b4aedb790bd9df296"
}
