ganache v7.9.2 (@ganache/cli: 0.10.2, @ganache/core: 0.10.2)
Starting RPC server

Available Accounts
==================
(0) 0x67117E6A184fa654A07C8e067D37081fd46d36E7 (1000 ETH)
(1) 0x9984FA633df17b1EdF03693bb751Ca753d021572 (1000 ETH)
(2) 0x51d96b5e6518f4a9d2c19c9D9CFB68a91BAb28f8 (1000 ETH)
(3) 0x84F25785cB7637Aa14F3b8C20424E0B5456475D0 (1000 ETH)
(4) 0x955bB3f166bEFdf196de64676b1082f3350A02bE (1000 ETH)
(5) 0x3261c2A1ca3ABB58a1de177145C9526eD2F76c42 (1000 ETH)
(6) 0x6FF18bbF36CE59Df816296B9dce61210D0f189cf (1000 ETH)
(7) 0xFF7C10FB54d81f98775B68F0b474D23cC90b7e4d (1000 ETH)
(8) 0xa70b017452dfc7DE5bb8861b2D4e25Cb46A87139 (1000 ETH)
(9) 0xA45B095F2D4cE1E5E8A1cAE602c2a52039375B85 (1000 ETH)

Private Keys
==================
(0) 0x25b579409048d459f9eafa2b7913c69bd7326fc401da3a05b6a0cb3a3b262192
(1) 0x751a5dd79e7b8d704eddbc05e6c42624a15eef449f9d7fe3f66cebab77eb8da1
(2) 0xcef398048e88c635db1c75e08204820463b427b0a39cf276e8c476cc9a3cc4ef
(3) 0x59e6cb8141a49f4b92f828cda55f2d18a50f18e62752c130e7487fe31c89c4e4
(4) 0x03be9f9ad0ba1d0a1f3948a8ef0160e0ea2fbff78f659926d3a353ab5c0aff2c
(5) 0xa8991faf48dbb80b92d446f288d31f367a79de7ca373873ac8e83083a12a445e
(6) 0xa7e77a1ffe87def4dcef2a96474d7a1229adc26926bea5fed789268121702896
(7) 0x087e12373c567ec448168975a9dff3c6761bfd59a6fe759f33cf6201849344fe
(8) 0xf4bd5efc32d4cf816a00cf07df2b1edcc2500006aae78a6eb188187ae5be0bb0
(9) 0x7afedc704803f1b12f3d071462701fa03f76389c46dc0b527152713c0dda1b5e

HD Wallet
==================
Mnemonic:      measure mind kidney bread night glance home popular cat jazz jelly disease
Base HD Path:  m/44'/60'/0'/0/{account_index}

Default Gas Price
==================
2000000000

BlockGas Limit
==================
30000000

Call Gas Limit
==================
50000000

Chain
==================
Hardfork: shanghai
Id:       1337

RPC Listening on 127.0.0.1:8545
web3_clientVersion
eth_blockNumber
net_version
eth_accounts
eth_accounts
eth_blockNumber
net_version
eth_getBlockByNumber
eth_estimateGas
eth_getBlockByNumber
eth_gasPrice
eth_sendTransaction

  Transaction: 0x229f1c716f1c18d2cdd9b5d8de768d75c2c41dbd00dc1f7a07e8c52755157229
  Contract created: 0x26bc7aa1ac9f70f8f934420b8f9c1c49244186a3
  Gas usage: 1100987
  Block number: 1
  Block time: Fri May 08 2026 01:01:15 GMT+0700 (Indochina Time)

eth_getTransactionReceipt
eth_getCode
eth_getTransactionReceipt
eth_getBlockByNumber
eth_gasPrice
eth_sendTransaction

  Transaction: 0xa85a0c7e859983b31a4dfe19e50855d0649ad09059fd7f139d6a466e6a5b2896
  Gas usage: 21055
  Block number: 2
  Block time: Fri May 08 2026 01:01:15 GMT+0700 (Indochina Time)

eth_getTransactionReceipt
net_version
eth_getBlockByNumber
eth_estimateGas
eth_getBlockByNumber
eth_gasPrice
eth_sendTransaction

  Transaction: 0xbd22b80b839be91bc6673216bf9de32f3679a1c2ee7f535b4aedb790bd9df296
  Gas usage: 64620
  Block number: 3
  Block time: Fri May 08 2026 01:01:15 GMT+0700 (Indochina Time)

eth_getTransactionReceipt
eth_blockNumber
eth_getBalance
eth_getTransactionByHash
debug_traceTransaction
eth_getTransactionByHash
debug_traceTransaction
eth_getTransactionByHash
debug_traceTransaction

Received shutdown signal: SIGTERM
Shutting down…
Server has been shut down
