COMMAND: python3 experiments/scale_trace/scripts/trace_result_json.py /home/aothuatgiadp/blockchain/project/CTLC-Implementation/experiments/scale_trace/runs/random_v1_105/C-_D_evm_fund_cd_CTLCMultipleEdges_refund/result.json /home/aothuatgiadp/blockchain/project/CTLC-Implementation/experiments/scale_trace/runs/random_v1_105/C-_D_evm_fund_cd_CTLCMultipleEdges_refund/trace.json
STATUS: 0

STDOUT:
{
  "graph_id": "",
  "pair": "C->D|evm|fund:cd",
  "contract": "CTLCMultipleEdges",
  "scenario": "refund",
  "contractAddress": "0x3cCd17A74c1Be5593515FfF42afD76532c69EF61",
  "traces": {
    "deploy": {
      "tx_hash": "0x9ae910702d97bbd1a03f0cc6c35a68d55e6caef1bde5ebdcc4fdaa8422ae3e7c",
      "actual_calldata_bytes": 8105,
      "actual_sstore_count": 20,
      "actual_call_count": 0,
      "opcode_steps": 3355
    },
    "fund": {
      "tx_hash": "0x6340af7eadcc3eead5b3d0b8838f1609e52ff993dac18b4f3efd2198dae81394",
      "actual_calldata_bytes": 0,
      "actual_sstore_count": 0,
      "actual_call_count": 0,
      "opcode_steps": 13
    },
    "disable_level0": {
      "tx_hash": "0xff418326e6f77bbf8ac07975b6849385fd451c5aef2c184f2fd264bd57c377b5",
      "actual_calldata_bytes": 36,
      "actual_sstore_count": 1,
      "actual_call_count": 0,
      "opcode_steps": 300
    },
    "refund_level1": {
      "tx_hash": "0x9c27b87d7e821d3f58350e7d664c3c4fcf275e979c322400d2bcf1e5ac372b90",
      "actual_calldata_bytes": 4,
      "actual_sstore_count": 1,
      "actual_call_count": 1,
      "opcode_steps": 224
    }
  }
}


STDERR:

