ganache v7.9.2 (@ganache/cli: 0.10.2, @ganache/core: 0.10.2)
Starting RPC server

Available Accounts
==================
(0) 0x404aC16A1635e99ffd5785e3a28F45B12a8ff4b9 (1000 ETH)
(1) 0xC0428E264e0322aE02682b4F029763570Cf4fABF (1000 ETH)
(2) 0x7bB9A6c1a593c48CFd0468b676A42ef143355ca1 (1000 ETH)
(3) 0xBFA83f724D5eac309f338e71A7aa15315c270245 (1000 ETH)
(4) 0x4684Bad67b5a1cda2ACDeaaF2c53cC005FC9c880 (1000 ETH)
(5) 0xa828499370ec6282B330a70d9BEeC7Ca9Cb990B7 (1000 ETH)
(6) 0x541F899e577C7B7DB5Ac3C0b7572a0119a0EF79c (1000 ETH)
(7) 0xDF79e998A730F2495694Ea53696423585765b88A (1000 ETH)
(8) 0x47303f0D71fE188F789855afe6dcf044Db3c11A9 (1000 ETH)
(9) 0xE0DC26F77c3e516398b85FB91fb8a289A96EF184 (1000 ETH)

Private Keys
==================
(0) 0x3b143b19491883427703eb7383d9f236f4a4ed09abf54ad4b929439fef2bdd78
(1) 0x6f2ffac2a325607fda772bfd6725f69ad21422167e5b9a1ab95d1aeddc4f1db1
(2) 0xe22f52b01bf9fdf2ecfc599e36b6ca138ad9283659cb8e90b05845973f5b2950
(3) 0x873538f39ff488c68091c3dd1e9647c77103b834063bef786b9c2eaeee47be99
(4) 0x91181a333b79c107b9d7448ea856597008cb3d6558f641093af811e41a22f84b
(5) 0x88869d98b791b2d66d8fc4e63ab0766070ae2de79e18459cb1e0219c0afbe7ec
(6) 0x9d60e3cdf67ca749c21f474aaeffa2bff5794e9fce6b674d4f6354c3fe1cfb54
(7) 0x0270c48df9b3055da35481f957ccb10442ca2fcf36f7c7ab986fd2d8c90bba35
(8) 0xacb3815a88764c649a1e250a72a5ca796ed225741b735954213aef9c9c21950a
(9) 0x7f1e48a6925610a643b967678813d4268338aaec0338cd6d5f180dc920f8cbc4

HD Wallet
==================
Mnemonic:      best sentence parade used color cannon lawsuit book final win scheme adjust
Base HD Path:  m/44'/60'/0'/0/{account_index}

Default Gas Price
==================
2000000000

BlockGas Limit
==================
30000000

Call Gas Limit
==================
50000000

Chain
==================
Hardfork: shanghai
Id:       1337

RPC Listening on 127.0.0.1:8545
web3_clientVersion
eth_blockNumber
net_version
eth_accounts
eth_accounts
eth_blockNumber
net_version
eth_getBlockByNumber
eth_estimateGas
eth_getBlockByNumber
eth_gasPrice
eth_sendTransaction

  Transaction: 0xce350b931b5e95a24f27c8145cdf39d9a4db6108835d179a463ebbcc4ab8034b
  Contract created: 0x5929529f436cd83deba120ee6c407950a01f00ee
  Gas usage: 1376934
  Block number: 1
  Block time: Fri May 08 2026 03:17:32 GMT+0700 (Indochina Time)

eth_getTransactionReceipt
eth_getCode
eth_getTransactionReceipt
eth_getBlockByNumber
eth_gasPrice
eth_sendTransaction

  Transaction: 0xe688c763964428e9b43c70390e8e1bdd45fa78b6eb3326057089fc4bcd03a488
  Gas usage: 21055
  Block number: 2
  Block time: Fri May 08 2026 03:17:32 GMT+0700 (Indochina Time)

eth_getTransactionReceipt
eth_blockNumber
evm_mine
eth_blockNumber
evm_mine
eth_blockNumber
evm_mine
eth_blockNumber
evm_mine
eth_blockNumber
evm_mine
eth_blockNumber
evm_mine
eth_blockNumber
evm_mine
eth_blockNumber
evm_mine
eth_blockNumber
net_version
eth_getBlockByNumber
eth_estimateGas
eth_getBlockByNumber
eth_gasPrice
eth_sendTransaction

  Transaction: 0x96c223166d708445a3332dc029b58a53c9682b54644aaf287ff72e6092b91516
  Gas usage: 59539
  Block number: 11
  Block time: Fri May 08 2026 03:17:32 GMT+0700 (Indochina Time)

eth_getTransactionReceipt
eth_blockNumber
eth_getBalance
eth_getTransactionByHash
debug_traceTransaction
eth_getTransactionByHash
debug_traceTransaction
eth_getTransactionByHash
debug_traceTransaction

Received shutdown signal: SIGTERM
Shutting down…
Server has been shut down
