ganache v7.9.2 (@ganache/cli: 0.10.2, @ganache/core: 0.10.2)
Starting RPC server

Available Accounts
==================
(0) 0xaC288eC5E4a96956D77359e65935370703E0f70e (1000 ETH)
(1) 0x47ecbdEE45301A51c5b8614360EC586f2630BA3f (1000 ETH)
(2) 0x03D4f92d6F16174E5F3C0964C1595070336b0e5A (1000 ETH)
(3) 0x8eB4723806EA2E07C2A6cDCeDe9F0633c7d99460 (1000 ETH)
(4) 0x2Fd56595cC4203ea7C560C697DEcC963165072B3 (1000 ETH)
(5) 0xC34569394642231b2Bf2EBBB402917420d7AC23b (1000 ETH)
(6) 0xed4FEDf66Cbf59f6Dd64022630BE9484B6576246 (1000 ETH)
(7) 0xF538725aD00FCbA43BC5f211d219014C36b2841f (1000 ETH)
(8) 0x5BB365A7E865D28BE9b6FD27E2851AcaF214da0E (1000 ETH)
(9) 0xB14Cf7219d3c68E0c0122C16C1B33bccce94f135 (1000 ETH)

Private Keys
==================
(0) 0xe15dfe7ab77635e2784dc246451b1239372d47f330ecfe1bc480feac8e02f877
(1) 0x7eabe957b09fa40140c9a8df6e937559b90a2139a4ec67ea27954da1be701c31
(2) 0x5ffc3afc00425bcc71cc967543d517defb3758c3e927fe9fe2fa6060a2f80b8c
(3) 0x351fde2563ac1b6df2d64504642c224d15d1defbb1742964993dbd3081869e14
(4) 0x32ec2071aeb34c0e812f28200b0d40c7c59740039ef45c790ee28657346510d3
(5) 0x030e69c411aba97a8b58a428afc4d56e8c07184a94e2370ea7282822f9c3c0db
(6) 0x1daeb763f0e21c4445a5afcd718324c7d4be25a66bec26ae93320ccb92806ffd
(7) 0x92a4d448a6c6078d5b3e20d3453056a82d469bc817502439687d20e84e27dee1
(8) 0xb62c0877a51e499dff1f6ac94a32da3b4972bce6d052df6d11a47bdaf1c86e2f
(9) 0x3f880fa542388a0674728229b748133efa8c0a5add208ee5abae7eb8d88e2fc0

HD Wallet
==================
Mnemonic:      robot tower ripple strike copy once jungle choice copper grace negative reunion
Base HD Path:  m/44'/60'/0'/0/{account_index}

Default Gas Price
==================
2000000000

BlockGas Limit
==================
30000000

Call Gas Limit
==================
50000000

Chain
==================
Hardfork: shanghai
Id:       1337

RPC Listening on 127.0.0.1:8545
web3_clientVersion
eth_blockNumber
net_version
eth_accounts
eth_accounts
eth_blockNumber
net_version
eth_getBlockByNumber
eth_estimateGas
eth_getBlockByNumber
eth_gasPrice
eth_sendTransaction

  Transaction: 0xa57dfe6c110c46428cb39e73cb7cd20f95d10cab97779e4e8dca5619f53ef2bc
  Contract created: 0xc8eed4bd6ad1375bf347996ec2331ec90681fab6
  Gas usage: 1838264
  Block number: 1
  Block time: Fri May 08 2026 01:37:03 GMT+0700 (Indochina Time)

eth_getTransactionReceipt
eth_getCode
eth_getTransactionReceipt
eth_getBlockByNumber
eth_gasPrice
eth_sendTransaction

  Transaction: 0xe520f8d3b5e0b6303dd52cee5c811e1300bfae864224c29a72d2002e95be8b5c
  Gas usage: 21055
  Block number: 2
  Block time: Fri May 08 2026 01:37:04 GMT+0700 (Indochina Time)

eth_getTransactionReceipt
net_version
eth_getBlockByNumber
eth_estimateGas
eth_getBlockByNumber
eth_gasPrice
eth_sendTransaction

  Transaction: 0xd8ca8ab79a64ae5396b909d36a11bfc5a27e0a8e19cc657ccc73f1ef8489384f
  Gas usage: 75948
  Block number: 3
  Block time: Fri May 08 2026 01:37:04 GMT+0700 (Indochina Time)

eth_getTransactionReceipt
eth_blockNumber
eth_getBalance
eth_getTransactionByHash
debug_traceTransaction
eth_getTransactionByHash
debug_traceTransaction
eth_getTransactionByHash
debug_traceTransaction

Received shutdown signal: SIGTERM
Shutting down…
Server has been shut down
