COMMAND: python3 experiments/scale_trace/scripts/trace_result_json.py /home/aothuatgiadp/blockchain/project/CTLC-Implementation/experiments/scale_trace/runs/random_v1_249/E-_F_evm_fund_ef_CTLCOnly_refund/result.json /home/aothuatgiadp/blockchain/project/CTLC-Implementation/experiments/scale_trace/runs/random_v1_249/E-_F_evm_fund_ef_CTLCOnly_refund/trace.json
STATUS: 0

STDOUT:
{
  "graph_id": "",
  "pair": "E->F|evm|fund:ef",
  "contract": "CTLCOnly",
  "scenario": "refund",
  "contractAddress": "0x9A325F4755006a90538A4a41d68CaAb4bCc72a9b",
  "traces": {
    "deploy": {
      "tx_hash": "0xd9d21333781509f9e9abb852aefa3dc36bf21a0d37c3aed7eec8b15697ee1069",
      "actual_calldata_bytes": 7539,
      "actual_sstore_count": 20,
      "actual_call_count": 0,
      "opcode_steps": 3066
    },
    "fund": {
      "tx_hash": "0x23e16bda6c6ffa60ee2cfe9841ee027e812a0ff80319eeadc416d04a73e997c9",
      "actual_calldata_bytes": 0,
      "actual_sstore_count": 0,
      "actual_call_count": 0,
      "opcode_steps": 13
    },
    "disable_level0": {
      "tx_hash": "0xa73f094dbfd4fc2d82852d5c9e79a7db6e5c7a585bac5c1e5ffe053e869cd778",
      "actual_calldata_bytes": 36,
      "actual_sstore_count": 1,
      "actual_call_count": 0,
      "opcode_steps": 305
    },
    "disable_level1": {
      "tx_hash": "0x9d5b4555ad77e1d570e0908f98590d9c8dbaa6090eb4cf27e2e175cfa1f183fa",
      "actual_calldata_bytes": 36,
      "actual_sstore_count": 1,
      "actual_call_count": 0,
      "opcode_steps": 305
    },
    "refund_level2": {
      "tx_hash": "0x00c65198d106a92593d9d574eda3a53cb4167eaf62eadf9951451840c4a1cadf",
      "actual_calldata_bytes": 4,
      "actual_sstore_count": 1,
      "actual_call_count": 1,
      "opcode_steps": 229
    }
  }
}


STDERR:

