ganache v7.9.2 (@ganache/cli: 0.10.2, @ganache/core: 0.10.2)
Starting RPC server

Available Accounts
==================
(0) 0x52215d8609CD912056A19048eB5662BA18036367 (1000 ETH)
(1) 0xf51ADfA8B09cB115767da24A05Ef4a7042d336d9 (1000 ETH)
(2) 0x7FF4683A2Df52F08dE05E7aFE92b5B2522Cad129 (1000 ETH)
(3) 0xf57D10a101057421ECE9cB45BbDe2D88b718fd3F (1000 ETH)
(4) 0x67a59109ff846c100D8E94CE112199dbb66f9bA3 (1000 ETH)
(5) 0xE11A9DD6bE4505cf4c245851FFD592034866cfEa (1000 ETH)
(6) 0x54D0a2FE7d0171D7eFa205ecD5e04E51ece7A4B1 (1000 ETH)
(7) 0x13ff54D23dC2B36d13018ab40A421769aa42cae3 (1000 ETH)
(8) 0x76477E327e45cf546A02eC2915e38DC39D11b6e8 (1000 ETH)
(9) 0x544E72Ab1348C1EE09d126cB4e7C7adF1e2A1b17 (1000 ETH)

Private Keys
==================
(0) 0xc82b89318e5fa3d9a32d4d688db18ba3e5ccd4de4c95954b3919ee9f5aafff69
(1) 0x1bee921104072e593e5066e525df57a413c891c4495d82e6d9b83453e5b3131d
(2) 0xae3508e10fd7be0832e364add56ffe92a3442651e2e331d7e3fd1fced729c876
(3) 0x3d023ca6d62b10f309315ccc83d41c10f5145c419e0c6cb581d201d4fb7ac9c4
(4) 0xd06ae179203cfa410aa043179412228c8b71598ca395f438ee1b2329f1fa97f5
(5) 0xcb963d0ca4b58849fae415ad52a3f6aa14689017b61fa72478d97033b8bcd732
(6) 0xef8ba9a0204ad3e03244f2cd069daec46cacf5963739037425b2ef4ac12924a7
(7) 0xa06ab12f3b0d9b9c03ac7325ae94ac5b2fbbd083bf2177d2aea370ef4ca131f4
(8) 0xb46583352a3cfba59a15de8cb1b431769a9b051e94efffd53a8c91c37c36dc61
(9) 0x735be76797443b5fea4cddca60e4f8f5365d1771e2c5e0bc1fa3fd874ce4360d

HD Wallet
==================
Mnemonic:      toy liquid naive endless fancy spider future sphere normal control horn skill
Base HD Path:  m/44'/60'/0'/0/{account_index}

Default Gas Price
==================
2000000000

BlockGas Limit
==================
30000000

Call Gas Limit
==================
50000000

Chain
==================
Hardfork: shanghai
Id:       1337

RPC Listening on 127.0.0.1:8545
web3_clientVersion
eth_blockNumber
net_version
eth_accounts
eth_accounts
eth_blockNumber
net_version
eth_getBlockByNumber
eth_estimateGas
eth_getBlockByNumber
eth_gasPrice
eth_sendTransaction

  Transaction: 0xb4dbb566ae91d793be9ae69ea79a9e7d16fdc312c11db3758861e95385bea4b0
  Contract created: 0x0a8ad78be69fa9bbdcc3df00ada2fedd4fb428f5
  Gas usage: 1239462
  Block number: 1
  Block time: Fri May 08 2026 00:33:03 GMT+0700 (Indochina Time)

eth_getTransactionReceipt
eth_getCode
eth_getTransactionReceipt
eth_getBlockByNumber
eth_gasPrice
eth_sendTransaction

  Transaction: 0x5207b680a776023df4c975ece960c749e8c253b7dbb70592b973b47a0f84153a
  Gas usage: 21055
  Block number: 2
  Block time: Fri May 08 2026 00:33:03 GMT+0700 (Indochina Time)

eth_getTransactionReceipt
eth_blockNumber
evm_mine
eth_blockNumber
evm_mine
eth_blockNumber
evm_mine
eth_blockNumber
evm_mine
eth_blockNumber
evm_mine
eth_blockNumber
net_version
eth_getBlockByNumber
eth_estimateGas
eth_getBlockByNumber
eth_gasPrice
eth_sendTransaction

  Transaction: 0x595b45007de4ba0499d3550c219095e02f2e7ceb470f734fa038886c3c50a5ce
  Gas usage: 59539
  Block number: 8
  Block time: Fri May 08 2026 00:33:03 GMT+0700 (Indochina Time)

eth_getTransactionReceipt
eth_blockNumber
eth_getBalance
eth_getTransactionByHash
debug_traceTransaction
eth_getTransactionByHash
debug_traceTransaction
eth_getTransactionByHash
debug_traceTransaction

Received shutdown signal: SIGTERM
Shutting down…
Server has been shut down
