ganache v7.9.2 (@ganache/cli: 0.10.2, @ganache/core: 0.10.2)
Starting RPC server

Available Accounts
==================
(0) 0x25B4E1561ADc4C5fF521108b8eD112CEaF4dE06e (1000 ETH)
(1) 0x0E04A7Ea76EeEF46EF23E905805295bABFb8d409 (1000 ETH)
(2) 0x878b28Ac701718d10dFfCC05bC68c134db3A33F9 (1000 ETH)
(3) 0x581c73B71C2E020C35C2a5ED5DFe8CE09693fE51 (1000 ETH)
(4) 0x120710DBEc44d384b6de5433f0B2450Ff3767170 (1000 ETH)
(5) 0x977C4275ECeBC3A63707296cb5DE14924a917814 (1000 ETH)
(6) 0xF0879E38A97166624c7F41121691b1234801835A (1000 ETH)
(7) 0x219FdC4d07CeA11C7796C7d7C2B0A5Db70260817 (1000 ETH)
(8) 0xdC9B989DC758172832a2428cbEE833e6026b1304 (1000 ETH)
(9) 0xC01fADe0fDF431A6E411476a4838aAB67D69011f (1000 ETH)

Private Keys
==================
(0) 0x92387c472eb8cc75542f331418cc16ae125600cabda9aa7d853cee887bdf09c7
(1) 0x00da62ea71579de481ecd210b1c4d55bcde395e599832a7d33d286d47e654be4
(2) 0x38d93085165eee97fb53c0c963b860c6297ba2237480d7be1bb9bc60756df3e8
(3) 0x0699edb05b579970b697f70be64272eb0d9dc14f255625e4ac6b096b0602b692
(4) 0x8f06a80ff07de71ea614e2f2cf00401e9e2aba3acc1156dcfbec6939121625e6
(5) 0xc20b14ebfceaed095723f11b13feeebc81e1549a98367fba0b9c862225757101
(6) 0x6e2ae95296bfc0c271cadcb5af7b2c6b9af251e9af6b64490bfc6abf1b1e72b3
(7) 0x7dbaafb3ef7b6b6da0caf8d8c0feef38bdd1b79501849e2dd0d4b25ff9d35725
(8) 0x23ab51845a56a5bd575ecae9e442764f566bbd8c7b51719ce4033ceb27020645
(9) 0xeda8c71f4c70b84fc60d10a6a3499cae87e96b1cbe1223d8d26c305c1a835b61

HD Wallet
==================
Mnemonic:      spoil horn express maximum settle wool strong dry outside stand fox cable
Base HD Path:  m/44'/60'/0'/0/{account_index}

Default Gas Price
==================
2000000000

BlockGas Limit
==================
30000000

Call Gas Limit
==================
50000000

Chain
==================
Hardfork: shanghai
Id:       1337

RPC Listening on 127.0.0.1:8545
web3_clientVersion
eth_blockNumber
net_version
eth_accounts
eth_accounts
eth_blockNumber
net_version
eth_getBlockByNumber
eth_estimateGas
eth_getBlockByNumber
eth_gasPrice
eth_sendTransaction

  Transaction: 0x28a1a44d55a990e4444f9247e57db34a8821c59b40317dc2277b4074009a8c83
  Contract created: 0xf0750fa1ecae052b1c3a013b1cdfc8b61b2273b9
  Gas usage: 1308705
  Block number: 1
  Block time: Fri May 08 2026 00:24:59 GMT+0700 (Indochina Time)

eth_getTransactionReceipt
eth_getCode
eth_getTransactionReceipt
eth_getBlockByNumber
eth_gasPrice
eth_sendTransaction

  Transaction: 0xf8b5f2050618c1fe8332d64b887a0ea22f51773a56821f90fce60674617bad8f
  Gas usage: 21055
  Block number: 2
  Block time: Fri May 08 2026 00:25:00 GMT+0700 (Indochina Time)

eth_getTransactionReceipt
net_version
eth_getBlockByNumber
eth_estimateGas
eth_getBlockByNumber
eth_gasPrice
eth_sendTransaction

  Transaction: 0x80b2cf84f66e60444f54206fec4f9fe1f91a6849610026e04dc092b7116a5577
  Gas usage: 71641
  Block number: 3
  Block time: Fri May 08 2026 00:25:00 GMT+0700 (Indochina Time)

eth_getTransactionReceipt
eth_blockNumber
eth_getBalance
eth_getTransactionByHash
debug_traceTransaction
eth_getTransactionByHash
debug_traceTransaction
eth_getTransactionByHash
debug_traceTransaction

Received shutdown signal: SIGTERM
Shutting down…
Server has been shut down
