Using network 'development'.

{
  "ok": true,
  "graph_id": "",
  "pair": "E->C|evm|fund:ec",
  "pairKey": "E->C|evm|fund:ec",
  "contract": "CTLCOnly",
  "scenario": "best_claim",
  "deployGas": "0x117fbb",
  "gasUsed": "72874",
  "disableGasUsed": "",
  "claimGasUsed": "72874",
  "refundGasUsed": "",
  "contractAddress": "0xD91eC3FbfBA0a8749c9c118b631f170eF510B8B1",
  "startBlock": "0",
  "endBlock": "3",
  "finalContractBalanceWei": "0",
  "deployer": "0xCe725434734CF8dcF17460D70877e27Cac19da7b",
  "party": "0x9de481B3Be93292DF40DF02FeA69b1d2aB45892b",
  "counterparty": "0xd427d0055513925D975fB11e53538D6C746E2360",
  "fundingWei": "1000000000000000000",
  "timelocks": [
    8
  ],
  "transactions": [
    {
      "role": "deploy",
      "txHash": "0x54d49a49a6845a15ae6b454928cbcd4c2edc75e4e566228f16891958572bbf7a"
    },
    {
      "role": "fund",
      "txHash": "0xdd01a45f9db3cee47b0f9efaf488745c374c2bf99d1f60b2543999a85b5ed48a"
    },
    {
      "role": "claim",
      "txHash": "0x427685a0287af5f73fd2d15ced05bf2a299772ad5bca92bff65887b3fd861281",
      "level": 0,
      "option": 0
    }
  ],
  "txRoles": [
    {
      "role": "deploy",
      "txHash": "0x54d49a49a6845a15ae6b454928cbcd4c2edc75e4e566228f16891958572bbf7a"
    },
    {
      "role": "fund",
      "txHash": "0xdd01a45f9db3cee47b0f9efaf488745c374c2bf99d1f60b2543999a85b5ed48a"
    },
    {
      "role": "claim",
      "txHash": "0x427685a0287af5f73fd2d15ced05bf2a299772ad5bca92bff65887b3fd861281",
      "level": 0,
      "option": 0
    }
  ],
  "deployTxHash": "0x54d49a49a6845a15ae6b454928cbcd4c2edc75e4e566228f16891958572bbf7a",
  "fundTxHash": "0xdd01a45f9db3cee47b0f9efaf488745c374c2bf99d1f60b2543999a85b5ed48a",
  "claimTxHash": "0x427685a0287af5f73fd2d15ced05bf2a299772ad5bca92bff65887b3fd861281",
  "txHash": "0x427685a0287af5f73fd2d15ced05bf2a299772ad5bca92bff65887b3fd861281",
  "tx": "0x427685a0287af5f73fd2d15ced05bf2a299772ad5bca92bff65887b3fd861281"
}
