COMMAND: python3 experiments/scale_trace/scripts/trace_result_json.py /home/aothuatgiadp/blockchain/project/CTLC-Implementation/experiments/scale_trace/runs/random_v1_43/E-_C_evm_fund_ec_CTLCOnly_best_claim/result.json /home/aothuatgiadp/blockchain/project/CTLC-Implementation/experiments/scale_trace/runs/random_v1_43/E-_C_evm_fund_ec_CTLCOnly_best_claim/trace.json
STATUS: 0

STDOUT:
{
  "graph_id": "",
  "pair": "E->C|evm|fund:ec",
  "contract": "CTLCOnly",
  "scenario": "best_claim",
  "contractAddress": "0xD91eC3FbfBA0a8749c9c118b631f170eF510B8B1",
  "traces": {
    "deploy": {
      "tx_hash": "0x54d49a49a6845a15ae6b454928cbcd4c2edc75e4e566228f16891958572bbf7a",
      "actual_calldata_bytes": 7155,
      "actual_sstore_count": 10,
      "actual_call_count": 0,
      "opcode_steps": 1462
    },
    "fund": {
      "tx_hash": "0xdd01a45f9db3cee47b0f9efaf488745c374c2bf99d1f60b2543999a85b5ed48a",
      "actual_calldata_bytes": 0,
      "actual_sstore_count": 0,
      "actual_call_count": 0,
      "opcode_steps": 13
    },
    "claim_level0": {
      "tx_hash": "0x427685a0287af5f73fd2d15ced05bf2a299772ad5bca92bff65887b3fd861281",
      "actual_calldata_bytes": 388,
      "actual_sstore_count": 1,
      "actual_call_count": 1,
      "opcode_steps": 1475
    }
  }
}


STDERR:

