Using network 'development'.

{
  "ok": true,
  "graph_id": "",
  "pair": "C->D|evm|fund:cd",
  "pairKey": "C->D|evm|fund:cd",
  "contract": "CTLCMultipleEdges",
  "scenario": "best_claim",
  "deployGas": "0x1506a8",
  "gasUsed": "71641",
  "disableGasUsed": "",
  "claimGasUsed": "71641",
  "refundGasUsed": "",
  "contractAddress": "0x77033a6D38A1702E77E45A854844ad21769Ee8f7",
  "startBlock": "0",
  "endBlock": "3",
  "finalContractBalanceWei": "0",
  "deployer": "0xaFEb373f66fC6b2729A91e828C7a4f75565feA53",
  "party": "0xA968ABa78019872Ee0c51217655E91C4a9A11b88",
  "counterparty": "0xB84d123e4965C0b652A72F2F2c53DD8F2ad80FD3",
  "fundingWei": "1000000000000000000",
  "timelocks": [
    7
  ],
  "transactions": [
    {
      "role": "deploy",
      "txHash": "0xd93d46a285b0811b6fc0b87d8dfaf8de90af8132e922704b9713042c5e6937f5"
    },
    {
      "role": "fund",
      "txHash": "0x90fc746912ec6df799de313929b44b759b57161f4c99ec40d3b8b0b2462737da"
    },
    {
      "role": "claim",
      "txHash": "0x00116ec33fbc8a55fe43b1ba48f0c7b37c1ef63e321df786496062e916723429",
      "level": 0,
      "option": 0
    }
  ],
  "txRoles": [
    {
      "role": "deploy",
      "txHash": "0xd93d46a285b0811b6fc0b87d8dfaf8de90af8132e922704b9713042c5e6937f5"
    },
    {
      "role": "fund",
      "txHash": "0x90fc746912ec6df799de313929b44b759b57161f4c99ec40d3b8b0b2462737da"
    },
    {
      "role": "claim",
      "txHash": "0x00116ec33fbc8a55fe43b1ba48f0c7b37c1ef63e321df786496062e916723429",
      "level": 0,
      "option": 0
    }
  ],
  "deployTxHash": "0xd93d46a285b0811b6fc0b87d8dfaf8de90af8132e922704b9713042c5e6937f5",
  "fundTxHash": "0x90fc746912ec6df799de313929b44b759b57161f4c99ec40d3b8b0b2462737da",
  "claimTxHash": "0x00116ec33fbc8a55fe43b1ba48f0c7b37c1ef63e321df786496062e916723429",
  "txHash": "0x00116ec33fbc8a55fe43b1ba48f0c7b37c1ef63e321df786496062e916723429",
  "tx": "0x00116ec33fbc8a55fe43b1ba48f0c7b37c1ef63e321df786496062e916723429"
}
