ganache v7.9.2 (@ganache/cli: 0.10.2, @ganache/core: 0.10.2)
Starting RPC server

Available Accounts
==================
(0) 0x3773c08bb6f01222c34970D650BFFF00df3caf9D (1000 ETH)
(1) 0x0F24C980FAEd3C84bd7cB5dF1433139518A59BF3 (1000 ETH)
(2) 0xC32e28E00A9E9d65de81352096a7fd2484cD3ebc (1000 ETH)
(3) 0x4111187bb657Eb4262DC3af1A005782f987B66A8 (1000 ETH)
(4) 0xa1350932430C6aD3afD0d32eeC87bc01e8B2a360 (1000 ETH)
(5) 0xd54Ec140094d8e098AC85E561660eBe2B7b10a03 (1000 ETH)
(6) 0xcFBb59c731fae875f73d8c9a54A1F369993bc20B (1000 ETH)
(7) 0x6b9A76a353FeE6bD304FDB61f699A8193D93EF78 (1000 ETH)
(8) 0x73288644bcdf8c38A722af14B29064774eB91f32 (1000 ETH)
(9) 0x46D7014c02112c22CBC57dfaa9eB153dCB736488 (1000 ETH)

Private Keys
==================
(0) 0x333275e0e8394d8f5c7bd9be76ae0eb9512bc15b5a97cfdb0c999ffd87cb5ac6
(1) 0x1d558c432ff4c906c50d52d8e547b42a321d32bc491d5495496e8c1cabcba729
(2) 0x6d12978d01a7d5ed9577d844db8f564fff8ab6cdf1c63eb58c0f58713b100469
(3) 0x1c10fc21b0ea142cababf6863dce96e1d968addc6b931898091641f25b15cdca
(4) 0x079cf3c004189eb393d883c24b8def4e0be7538b8255f2317a33cb991e3f5200
(5) 0x62548ef8d769ea886d2932841e5e57f4c1e20a94d0e6bcf9599e1de26a5607d0
(6) 0x8826f69c08d24ab7c0ae3bcfeabf6d31111b76608a75145d669a4fb0dbf4966c
(7) 0xd68dd87cefc8f130940dfa2457ef40af0cb5e28140a72815a1eeb23d802e0ff5
(8) 0x50177b403918f5e755a6a28d86e925664637f5aff40efe8e97bb48437281f18d
(9) 0x5d2c37ef739f10fe38552ec9ebf99e6fedbe9c5a48bc03ebcfebd0128fea5fcf

HD Wallet
==================
Mnemonic:      cup tide measure bulb rare merit accuse electric pigeon various urban sniff
Base HD Path:  m/44'/60'/0'/0/{account_index}

Default Gas Price
==================
2000000000

BlockGas Limit
==================
30000000

Call Gas Limit
==================
50000000

Chain
==================
Hardfork: shanghai
Id:       1337

RPC Listening on 127.0.0.1:8545
web3_clientVersion
eth_blockNumber
net_version
eth_accounts
eth_accounts
eth_blockNumber
net_version
eth_getBlockByNumber
eth_estimateGas
eth_getBlockByNumber
eth_gasPrice
eth_sendTransaction

  Transaction: 0xd2b4fba3042a2f4be9c5abaf8a3db41c71e56ad19400f930eb34618b3b5a8aaf
  Contract created: 0xdc842428a15fb2f360e82c49771a38cdee23db12
  Gas usage: 1123899
  Block number: 1
  Block time: Thu May 07 2026 20:33:23 GMT+0700 (Indochina Time)

eth_getTransactionReceipt
eth_getCode
eth_getTransactionReceipt
eth_getBlockByNumber
eth_gasPrice
eth_sendTransaction

  Transaction: 0xbd4cbc0612c4c902dcef6eaa90efac7ee28ab95984843738a939ffc2d132f630
  Gas usage: 21055
  Block number: 2
  Block time: Thu May 07 2026 20:33:23 GMT+0700 (Indochina Time)

eth_getTransactionReceipt
eth_blockNumber
evm_mine
eth_blockNumber
evm_mine
eth_blockNumber
evm_mine
eth_blockNumber
evm_mine
eth_blockNumber
evm_mine
eth_blockNumber
net_version
eth_getBlockByNumber
eth_estimateGas
eth_getBlockByNumber
eth_gasPrice
eth_sendTransaction

  Transaction: 0xde49ca0a0d5e20df036b4439d7f4b5522f2ff475e038566165d4e5fd547a3856
  Gas usage: 59561
  Block number: 8
  Block time: Thu May 07 2026 20:33:23 GMT+0700 (Indochina Time)

eth_getTransactionReceipt
eth_blockNumber
eth_getBalance
eth_getTransactionByHash
debug_traceTransaction
eth_getTransactionByHash
debug_traceTransaction
eth_getTransactionByHash
debug_traceTransaction

Received shutdown signal: SIGTERM
Shutting down…
Server has been shut down
