ganache v7.9.2 (@ganache/cli: 0.10.2, @ganache/core: 0.10.2)
Starting RPC server

Available Accounts
==================
(0) 0xB8532E7B98Be5aB217F921b8c777c48234685c32 (1000 ETH)
(1) 0xBAaa2FC29B7cFC097e5A0Ee83Fa8C7A73378F492 (1000 ETH)
(2) 0xc5794BD51DB447070aEEa0e91A9A98DfFE921bF5 (1000 ETH)
(3) 0xF66d7b1674F9277A44Ab103067e71b26EdAd778d (1000 ETH)
(4) 0x9d55D2B1F26848dEcD1228F9a0fFBec563A4645C (1000 ETH)
(5) 0x744190f38604263Ac94f628caF396850709Ed8c0 (1000 ETH)
(6) 0x56c21271FB86aD97389d7C18C753fDba3a1669d0 (1000 ETH)
(7) 0x4a33524Eae336152a127d04AdA611e793C2Ecd6A (1000 ETH)
(8) 0x87859393bC61B249426416FaB5FeCC3bC585437a (1000 ETH)
(9) 0xc449610878824C744746d633aaD11aDF28b76506 (1000 ETH)

Private Keys
==================
(0) 0x9fbef5454094cbf5ce180a502f884e06ebbd0474ae9848301d5e9e09229d3d1d
(1) 0x41e1efe0a211d2b8a7a497ae621c136718b7b3c777785c356778f855de41dc1b
(2) 0x28c16ab00c49f09098fd8b32ab6bacbc64f7b6ba65e31a1314987a355d43ae9a
(3) 0x07204b8c4c1313808db9fe9371e8a4a143c82c5cee24d2880e11c27fad0e1c12
(4) 0x1a9f7d42865df017a2d88a1e4697cb712d67ca50a6e803e226fcb4139898674b
(5) 0x0e07ae4078d11cea45660ed20dd5cb405ff1f70f4204d691e0cb96b22d02dcb6
(6) 0x35dedebdc93290b9b9050c9c10f6b98ab6e0dbc73b74ecfc615753f54429da94
(7) 0xfba3ddbf5b36fe58ec4c425932fb2dd354bf0d27179c8a79009e9b9a6cef4d59
(8) 0x057e5b692ef4785c1f27d80c7b92462af1aab28c072bc95ceff2f2a11066df70
(9) 0x335bba48641593af150bc2510fef312addb7cf55e2197349c69bcc292cfdac5f

HD Wallet
==================
Mnemonic:      bridge level metal injury taste brush mass edit joy shed oxygen satisfy
Base HD Path:  m/44'/60'/0'/0/{account_index}

Default Gas Price
==================
2000000000

BlockGas Limit
==================
30000000

Call Gas Limit
==================
50000000

Chain
==================
Hardfork: shanghai
Id:       1337

RPC Listening on 127.0.0.1:8545
web3_clientVersion
eth_blockNumber
net_version
eth_accounts
eth_accounts
eth_blockNumber
net_version
eth_getBlockByNumber
eth_estimateGas
eth_getBlockByNumber
eth_gasPrice
eth_sendTransaction

  Transaction: 0x1ee9afb47df282e47f118bf191bee66ff7ee17f09444f9bb2e7ef99a8ca37c49
  Contract created: 0x39cdc90224865cb3d05e60ffce2b211449277417
  Gas usage: 1400976
  Block number: 1
  Block time: Fri May 08 2026 03:16:22 GMT+0700 (Indochina Time)

eth_getTransactionReceipt
eth_getCode
eth_getTransactionReceipt
eth_getBlockByNumber
eth_gasPrice
eth_sendTransaction

  Transaction: 0xfb2a3e56f234e2b34d798ab42a7d005d652fb527c93bfb2333fedb92044dd173
  Gas usage: 21055
  Block number: 2
  Block time: Fri May 08 2026 03:16:22 GMT+0700 (Indochina Time)

eth_getTransactionReceipt
eth_blockNumber
evm_mine
eth_blockNumber
evm_mine
eth_blockNumber
evm_mine
eth_blockNumber
evm_mine
eth_blockNumber
evm_mine
eth_blockNumber
net_version
eth_getBlockByNumber
eth_estimateGas
eth_getBlockByNumber
eth_gasPrice
eth_sendTransaction

  Transaction: 0xa2953ecdcffca4afb9907be47bd8e536d8778e21364ab3c3fe842717fd524c8d
  Gas usage: 52925
  Block number: 8
  Block time: Fri May 08 2026 03:16:22 GMT+0700 (Indochina Time)

eth_getTransactionReceipt
eth_blockNumber
evm_mine
eth_blockNumber
net_version
eth_getBlockByNumber
eth_estimateGas
eth_getBlockByNumber
eth_gasPrice
eth_sendTransaction

  Transaction: 0x48cac98da01218dd3619ce08b9a32be1d0d3fab146abd7c6bd89bf36fa3ef09d
  Gas usage: 59539
  Block number: 10
  Block time: Fri May 08 2026 03:16:22 GMT+0700 (Indochina Time)

eth_getTransactionReceipt
eth_blockNumber
eth_getBalance
eth_getTransactionByHash
debug_traceTransaction
eth_getTransactionByHash
debug_traceTransaction
eth_getTransactionByHash
debug_traceTransaction
eth_getTransactionByHash
debug_traceTransaction

Received shutdown signal: SIGTERM
Shutting down…
Server has been shut down
