COMMAND: python3 experiments/scale_trace/scripts/trace_result_json.py /home/aothuatgiadp/blockchain/project/CTLC-Implementation/experiments/scale_trace/runs/random_v1_298/D-_E_evm_fund_de_CTLCOnly_worst_claim/result.json /home/aothuatgiadp/blockchain/project/CTLC-Implementation/experiments/scale_trace/runs/random_v1_298/D-_E_evm_fund_de_CTLCOnly_worst_claim/trace.json
STATUS: 0

STDOUT:
{
  "graph_id": "",
  "pair": "D->E|evm|fund:de",
  "contract": "CTLCOnly",
  "scenario": "worst_claim",
  "contractAddress": "0x8d35BC675eD3792ecf9f240e4Ba1b27abe61E40f",
  "traces": {
    "deploy": {
      "tx_hash": "0x06f45c2b046627461a44437d4f5811e668a67d6092d8a73b639858e105728f0b",
      "actual_calldata_bytes": 7155,
      "actual_sstore_count": 10,
      "actual_call_count": 0,
      "opcode_steps": 1462
    },
    "fund": {
      "tx_hash": "0x08f094fb8b4abafe72559881ed229303014220bbd80088a71e5c30a83adea110",
      "actual_calldata_bytes": 0,
      "actual_sstore_count": 0,
      "actual_call_count": 0,
      "opcode_steps": 13
    },
    "claim_level0": {
      "tx_hash": "0xe04a74dbc83dafbe4d9e6d71ee4d08eba49be4144be65689be03e1d97995eda8",
      "actual_calldata_bytes": 388,
      "actual_sstore_count": 1,
      "actual_call_count": 1,
      "opcode_steps": 1475
    }
  }
}


STDERR:

