ganache v7.9.2 (@ganache/cli: 0.10.2, @ganache/core: 0.10.2)
Starting RPC server

Available Accounts
==================
(0) 0xf8f200b0541f86aaEfbB646475e97c6E0F8b52b2 (1000 ETH)
(1) 0xF7AC3fc8d03Eee2d8dF0A66632E1f8CD808406ca (1000 ETH)
(2) 0x75DA0881403Ae7B3Cc3900e3555DA03418dFBbAf (1000 ETH)
(3) 0xfc19A67A24057d75180FB061bae6f34A36E1aC85 (1000 ETH)
(4) 0xF18Ae82F1D806BD7f96Eb70A20df7AAA3213197e (1000 ETH)
(5) 0x123bC4A036830384af427e464ff55845729c74F5 (1000 ETH)
(6) 0x9fb1200a5Ac349131EbF0A3a9387746727C17Ea2 (1000 ETH)
(7) 0xEA344D8d9c340C10f99104E6Fe2956b00372aB51 (1000 ETH)
(8) 0x4b76bB1E5057e56f619C306B276315C71D6DaF3F (1000 ETH)
(9) 0x92E044Bc57Af704a96FEcCCdc8D5B357aa7bdB66 (1000 ETH)

Private Keys
==================
(0) 0x438e4cf2113e708abfc9891936e2469af5222f0595a58e53cf702306f18fc379
(1) 0xa30d016405f4e7415a9e8da4f26f70ce40820cfbcf3915b56b8322b5b12a63ef
(2) 0x4ec7082f39781131b375de4d9501b1cef2f11421a6f3e3892163467a016b185b
(3) 0xef2e51ea58472316846baf7dfa53c903d114af00b94d064504991e455f7f8df1
(4) 0x05c75b9b75c338660adc728023175ee2b78a5a61fd64866dcf4f0a9c400b5b81
(5) 0x1facea245ddcba44ed6b11c0b5dc03b40165ea3f97a9b3454b8d4bd83df2fb8f
(6) 0xc31b37f0922171dbb1b2165a66034ad8870614451b5127f6a56535d5104634de
(7) 0xd4117d0497513bb3c8d76471aea96e67f082180127ca7f785e08a56c47dce25c
(8) 0x5d1683110a6a7da4800c97bf89b09ceea054dcdfb8656e97fce3ce51d6f3bc41
(9) 0x410b47747c4f779a857c2324bbe9d452b030b42d81a3032a4b791a3b28fb1059

HD Wallet
==================
Mnemonic:      tag zebra faint blood awake hub pride region travel day finger angle
Base HD Path:  m/44'/60'/0'/0/{account_index}

Default Gas Price
==================
2000000000

BlockGas Limit
==================
30000000

Call Gas Limit
==================
50000000

Chain
==================
Hardfork: shanghai
Id:       1337

RPC Listening on 127.0.0.1:8545
web3_clientVersion
eth_blockNumber
net_version
eth_accounts
eth_accounts
eth_blockNumber
net_version
eth_getBlockByNumber
eth_estimateGas
eth_getBlockByNumber
eth_gasPrice
eth_sendTransaction

  Transaction: 0x61c4a07f29ff88cc622a4d363673cdeecda80a4bfe285278b55a078db392315c
  Contract created: 0x603daa41f011ee14187333b9bb79c5e5c2eaeb55
  Gas usage: 1239462
  Block number: 1
  Block time: Thu May 07 2026 22:29:36 GMT+0700 (Indochina Time)

eth_getTransactionReceipt
eth_getCode
eth_getTransactionReceipt
eth_getBlockByNumber
eth_gasPrice
eth_sendTransaction

  Transaction: 0xa885532a482018583646343e8b086bb686473cb4c7eb0601f0f3bcde0b198a55
  Gas usage: 21055
  Block number: 2
  Block time: Thu May 07 2026 22:29:36 GMT+0700 (Indochina Time)

eth_getTransactionReceipt
net_version
eth_getBlockByNumber
eth_estimateGas
eth_getBlockByNumber
eth_gasPrice
eth_sendTransaction

  Transaction: 0x3ccf5a7a40e4da609b7d71d769e9e2b76a9fb29b1867474b31ced1014903863d
  Gas usage: 71629
  Block number: 3
  Block time: Thu May 07 2026 22:29:36 GMT+0700 (Indochina Time)

eth_getTransactionReceipt
eth_blockNumber
eth_getBalance
eth_getTransactionByHash
debug_traceTransaction
eth_getTransactionByHash
debug_traceTransaction
eth_getTransactionByHash
debug_traceTransaction

Received shutdown signal: SIGTERM
Shutting down…
Server has been shut down
