Using network 'development'.

{
  "ok": true,
  "graph_id": "",
  "pair": "C->A|evm|fund:ca",
  "pairKey": "C->A|evm|fund:ca",
  "contract": "CTLCOnly",
  "scenario": "best_claim",
  "deployGas": "0x10ccbb",
  "gasUsed": "64620",
  "disableGasUsed": "",
  "claimGasUsed": "64620",
  "refundGasUsed": "",
  "contractAddress": "0x58EF91CBE26A2d8902338df42026D956847B6fBA",
  "startBlock": "0",
  "endBlock": "3",
  "finalContractBalanceWei": "0",
  "deployer": "0x842eFf1FB3a5Ac313547a9587DBBE9866331d36b",
  "party": "0x2678B28eF2a0ceD2635Ce41121d7a0D44D10ba0f",
  "counterparty": "0x9AF5465bD7309861F16D656571578187C6844231",
  "fundingWei": "1000000000000000000",
  "timelocks": [
    6
  ],
  "transactions": [
    {
      "role": "deploy",
      "txHash": "0x142cb10b7e6d3af83abd005485b84be5c89065c117ae7637b90803bfad58b364"
    },
    {
      "role": "fund",
      "txHash": "0x9506c7c839b3435aea79a2ded5b754c2a02dbded8472cc0477127552b0931dd5"
    },
    {
      "role": "claim",
      "txHash": "0xfabc5dc5729d92a8beaee1d962e51be07723ce76bd3423e93720df36196a5645",
      "level": 0,
      "option": 0
    }
  ],
  "txRoles": [
    {
      "role": "deploy",
      "txHash": "0x142cb10b7e6d3af83abd005485b84be5c89065c117ae7637b90803bfad58b364"
    },
    {
      "role": "fund",
      "txHash": "0x9506c7c839b3435aea79a2ded5b754c2a02dbded8472cc0477127552b0931dd5"
    },
    {
      "role": "claim",
      "txHash": "0xfabc5dc5729d92a8beaee1d962e51be07723ce76bd3423e93720df36196a5645",
      "level": 0,
      "option": 0
    }
  ],
  "deployTxHash": "0x142cb10b7e6d3af83abd005485b84be5c89065c117ae7637b90803bfad58b364",
  "fundTxHash": "0x9506c7c839b3435aea79a2ded5b754c2a02dbded8472cc0477127552b0931dd5",
  "claimTxHash": "0xfabc5dc5729d92a8beaee1d962e51be07723ce76bd3423e93720df36196a5645",
  "txHash": "0xfabc5dc5729d92a8beaee1d962e51be07723ce76bd3423e93720df36196a5645",
  "tx": "0xfabc5dc5729d92a8beaee1d962e51be07723ce76bd3423e93720df36196a5645"
}
