ganache v7.9.2 (@ganache/cli: 0.10.2, @ganache/core: 0.10.2)
Starting RPC server

Available Accounts
==================
(0) 0x91bB1D479A12a0E522a04D4B7dc70d3325268970 (1000 ETH)
(1) 0xe0bFe1da30254a8041fa63a9ff0257e2e90BC7E8 (1000 ETH)
(2) 0x2EAEDc80d9e5f555BACd9F2A456337740574D6a8 (1000 ETH)
(3) 0x910181239d1c8F730e38bb53Efe7315F4fd2Ecb7 (1000 ETH)
(4) 0xb15266D43E38f59A99F38b60068A436cBb242B71 (1000 ETH)
(5) 0x8ed62747077442f8A78855762e35e18bB75aaF02 (1000 ETH)
(6) 0x87aA18Ffb6AD9eF51Fc2EfbF103a9D01Bb550f73 (1000 ETH)
(7) 0x8a03a16EFA6c03E52dcAd85b25989C7a6966a2B1 (1000 ETH)
(8) 0x528f32B74065f462D92ACf5a2E70efCebeb70c80 (1000 ETH)
(9) 0x17bCf0E089397946c282cF6138565ED0D808159a (1000 ETH)

Private Keys
==================
(0) 0xc961cc32d2263a02bb4ef3dcd9b7302f00fe543a21be851c56e4fb3b1927f521
(1) 0x834697b911131bc0e36256fb57768b601a2cbf57197555ebc4b871d8c147dff3
(2) 0x04c39db303f381d36acc201114103f007b388a6a58ee453340d308347516ff2c
(3) 0xadf521d7ff3c38bfcad5c3ee210be509643101f41b21b3e6d9a196d07985a0de
(4) 0x92c150577fe62c307eb445ce60b59b136339937e04fab8adfb09231ce7f0c423
(5) 0xc9d7385ce283f54e09a1f07e12684a906afdd8e2062cb1c502248d13cc19532b
(6) 0x8dd14f68ce7687e49b342d4a8bb89a95d6b3db5526ab620d9a7c77b2dc02f9e4
(7) 0xcf43bc65094db9b8b12a31499fde4be8fa149150d8d06a770d713369854fc9aa
(8) 0xc977d0ae9d129d8fdfdba95650ed1fcac872e70fc268740bef27d42a84445250
(9) 0x73f5bc5ce1870691a246042c36259e6250b16934f494370041ba5bbf655d28a4

HD Wallet
==================
Mnemonic:      flip electric hawk jealous night casino brisk fatal pilot shoulder make brisk
Base HD Path:  m/44'/60'/0'/0/{account_index}

Default Gas Price
==================
2000000000

BlockGas Limit
==================
30000000

Call Gas Limit
==================
50000000

Chain
==================
Hardfork: shanghai
Id:       1337

RPC Listening on 127.0.0.1:8545
web3_clientVersion
eth_blockNumber
net_version
eth_accounts
eth_accounts
eth_blockNumber
net_version
eth_getBlockByNumber
eth_estimateGas
eth_getBlockByNumber
eth_gasPrice
eth_sendTransaction

  Transaction: 0x3c785342ccd71e550dca1964cdd08c6d44076ac829c1f3488d057e5a79f437db
  Contract created: 0x47ec05c7308b8d295cd909c23ee145e1056a4bd7
  Gas usage: 1446800
  Block number: 1
  Block time: Thu May 07 2026 23:59:33 GMT+0700 (Indochina Time)

eth_getTransactionReceipt
eth_getCode
eth_getTransactionReceipt
eth_getBlockByNumber
eth_gasPrice
eth_sendTransaction

  Transaction: 0x9b5d4c1b74f1bf727a50ca4b50c5589b7c89b9c7b04968db3d9aad221ef53adf
  Gas usage: 21055
  Block number: 2
  Block time: Thu May 07 2026 23:59:33 GMT+0700 (Indochina Time)

eth_getTransactionReceipt
eth_blockNumber
evm_mine
eth_blockNumber
evm_mine
eth_blockNumber
evm_mine
eth_blockNumber
evm_mine
eth_blockNumber
evm_mine
eth_blockNumber
evm_mine
eth_blockNumber
net_version
eth_getBlockByNumber
eth_estimateGas
eth_getBlockByNumber
eth_gasPrice
eth_sendTransaction

  Transaction: 0x755d2f23dec2e2d8434bf2c8298a0dbfebf68167346c3bb417e7eb9cc9d61bd0
  Gas usage: 52925
  Block number: 9
  Block time: Thu May 07 2026 23:59:33 GMT+0700 (Indochina Time)

eth_getTransactionReceipt
net_version
eth_getBlockByNumber
eth_estimateGas
eth_getBlockByNumber
eth_gasPrice
eth_sendTransaction

  Transaction: 0x5ae5142d25300a811c4d1e5fec0958c42c8f418bf98d69f59e381f7c050d6a94
  Gas usage: 80279
  Block number: 10
  Block time: Thu May 07 2026 23:59:33 GMT+0700 (Indochina Time)

eth_getTransactionReceipt
eth_blockNumber
eth_getBalance
eth_getTransactionByHash
debug_traceTransaction
eth_getTransactionByHash
debug_traceTransaction
eth_getTransactionByHash
debug_traceTransaction
eth_getTransactionByHash
debug_traceTransaction

Received shutdown signal: SIGTERM
Shutting down…
Server has been shut down
