ganache v7.9.2 (@ganache/cli: 0.10.2, @ganache/core: 0.10.2)
Starting RPC server

Available Accounts
==================
(0) 0xdaa870d7663780435FF8dc581Cdeac4807288cb2 (1000 ETH)
(1) 0x860Ff865B778d5ae3c101E65D37cB14C62bDC5aa (1000 ETH)
(2) 0x74Bce60a36bB13c104077c8A2d6dE4F8ed4473a3 (1000 ETH)
(3) 0xCd35D3132C7f980878Ab3Be4f73E24368c1d6Ef2 (1000 ETH)
(4) 0x5a6437BB7Bc4F10968a1eF73E9557092cBc02772 (1000 ETH)
(5) 0xa5Ea05C22Ff9fAaF80BFD5b9173B83CC05680393 (1000 ETH)
(6) 0x392E04ea3C82a2e6578b5801ce350b48C1f42D28 (1000 ETH)
(7) 0xb2b1A7cd0C6CFc28fEd7B3c58eE7E7b5f027adD1 (1000 ETH)
(8) 0xB296AccbA85Fd611975FedF9552Db94c99929695 (1000 ETH)
(9) 0xe9888563162c6914509e1c6D8adA836a7816ACC5 (1000 ETH)

Private Keys
==================
(0) 0x2d8c0175220f64197f57d6b81dc8a4ea5c0652133504329c4260393e8eb0b563
(1) 0x35cc1c79e152ef379dcb809d463d24deaf787fd39afc86448b1022ec09810222
(2) 0xa2110b8b33ef6c141fc1bdb3a3855b753fe95b3ccd58b8aea4622cebec463fd3
(3) 0xac01535aded1369627b8e1be053c88ff952854a20b26f6dd8c1119524076da8f
(4) 0xd2e12d04428e346e362232985cd48bf161f480a734beeb4b019ad1a8f2842bc3
(5) 0xb15a8d0b8e888d98d5e0208881e6d2a8edecfc116e9b6ab1a978fddfa410d00d
(6) 0xdb51db016e0acee509f541b7e727c6a730319e699a827b5e6e9482ff83326904
(7) 0xc62b1c46db9baa60a7492a31b118de574bc368dcb87036d3c7eb409cfb2da460
(8) 0x648044b6f6fc1f5d11f00102eb920210a0d6d71c98ba8b5c192c9912fbbc7ad4
(9) 0xe6ce5412ab3d14eb83f6251db859f9c9249df0965c7c120f1c73f0049c028eea

HD Wallet
==================
Mnemonic:      rain muffin wonder focus blast animal price sea party scrap quality century
Base HD Path:  m/44'/60'/0'/0/{account_index}

Default Gas Price
==================
2000000000

BlockGas Limit
==================
30000000

Call Gas Limit
==================
50000000

Chain
==================
Hardfork: shanghai
Id:       1337

RPC Listening on 127.0.0.1:8545
web3_clientVersion
eth_blockNumber
net_version
eth_accounts
eth_accounts
eth_blockNumber
net_version
eth_getBlockByNumber
eth_estimateGas
eth_getBlockByNumber
eth_gasPrice
eth_sendTransaction

  Transaction: 0x9e8b35b19076a86f210db29837126df963a7fc98851eb834e2410eff4690c9c7
  Contract created: 0xc2539e3cd3c57defcbf96f8d82832009c84c2ca1
  Gas usage: 1100987
  Block number: 1
  Block time: Fri May 08 2026 02:35:57 GMT+0700 (Indochina Time)

eth_getTransactionReceipt
eth_getCode
eth_getTransactionReceipt
eth_getBlockByNumber
eth_gasPrice
eth_sendTransaction

  Transaction: 0x50406c1953770aee4b793f3fe4783d6f73363248bd3eb4be98736e205c0545cd
  Gas usage: 21055
  Block number: 2
  Block time: Fri May 08 2026 02:35:57 GMT+0700 (Indochina Time)

eth_getTransactionReceipt
net_version
eth_getBlockByNumber
eth_estimateGas
eth_getBlockByNumber
eth_gasPrice
eth_sendTransaction

  Transaction: 0x6f3d6d77bd851ac5ae3484c45feb0de48104efe5f6ce5ee5b254c3fbaf2357e7
  Gas usage: 64620
  Block number: 3
  Block time: Fri May 08 2026 02:35:57 GMT+0700 (Indochina Time)

eth_getTransactionReceipt
eth_blockNumber
eth_getBalance
eth_getTransactionByHash
debug_traceTransaction
eth_getTransactionByHash
debug_traceTransaction
eth_getTransactionByHash
debug_traceTransaction

Received shutdown signal: SIGTERM
Shutting down…
Server has been shut down
