ganache v7.9.2 (@ganache/cli: 0.10.2, @ganache/core: 0.10.2)
Starting RPC server

Available Accounts
==================
(0) 0x027Cbadb42e9B3b909Af317689D4b703ab8D945d (1000 ETH)
(1) 0x3CAE09005275A65a55F24Ce2b4483E0410Ee2E35 (1000 ETH)
(2) 0x401e7D7c32d675d6388dD6d63EECF69e5d0CA981 (1000 ETH)
(3) 0x71ef0525345C0a08Fa94Dda634434D692A1B7576 (1000 ETH)
(4) 0xB6257337EfF35bb7CeF8C0c6abf6a6eF0BC4003c (1000 ETH)
(5) 0x63cB2ce53f725f61e74D408417CD34b6A853a0c5 (1000 ETH)
(6) 0x8665C0F3F27652390149B923C4Cc83c54e1F39c5 (1000 ETH)
(7) 0x3d86256e49a3686461Ca636577a65b788B23290c (1000 ETH)
(8) 0xEC7A263c7B9FBf560c9B8FdCB8BCe2ab6c79f499 (1000 ETH)
(9) 0x18F928597d42f59F7bbBB5Fa9763EE7dDeE4E595 (1000 ETH)

Private Keys
==================
(0) 0x8b2f25296ad725c3b1a8349c00c62628a1531cb096812d4e6d69b0cb3810d9cd
(1) 0x7de734a878d918f96bc22493852fe8f171f98c5912f7001d9587743f1433de1d
(2) 0x6b5e342f11ac72759d6dcc0f4dfaa1a03da88df22134383b3dad49a79175c805
(3) 0x6c0e6b6944f2b72dda1ded0afc71a677e3750bfcde8c1c59fa703cbc3a5358ff
(4) 0xc23d2b3dbcac247bb828f21db731865408d28983eff8bc1c8a9fa3d9548956e7
(5) 0xdb90c230bd06a6ea39d78bb88f1efd35b445781686daf64660dafa60a74b2d0d
(6) 0xdd308df3671838da32ec24e36f75c87e2284f9dd7d85c0b36aaf2fa77d742e92
(7) 0xf7541a630d640cc02bb6359af650e65c76b552eaa9a1e94f1c7c82230227e3f3
(8) 0x5529b32af6be1e2562bd95e2f130b2cc21a25a3964f51199b159d8053736d64a
(9) 0x51eac61772902cf55fdb2081ab99b4bdec6ce1e2dd2957b96a14d7eb009a179b

HD Wallet
==================
Mnemonic:      script differ provide shiver daring taste gentle plastic custom arrange catch envelope
Base HD Path:  m/44'/60'/0'/0/{account_index}

Default Gas Price
==================
2000000000

BlockGas Limit
==================
30000000

Call Gas Limit
==================
50000000

Chain
==================
Hardfork: shanghai
Id:       1337

RPC Listening on 127.0.0.1:8545
web3_clientVersion
eth_blockNumber
net_version
eth_accounts
eth_accounts
eth_blockNumber
net_version
eth_getBlockByNumber
eth_estimateGas
eth_getBlockByNumber
eth_gasPrice
eth_sendTransaction

  Transaction: 0x30d60522231e8d7ac5162911da18769551a310c23ab3bbf8de28c70153103ca3
  Contract created: 0xf0f7067e64b93490f3cb8353988bc13185ad18c4
  Gas usage: 1284906
  Block number: 1
  Block time: Fri May 08 2026 02:55:50 GMT+0700 (Indochina Time)

eth_getTransactionReceipt
eth_getCode
eth_getTransactionReceipt
eth_getBlockByNumber
eth_gasPrice
eth_sendTransaction

  Transaction: 0x95628301eaefad9c89885eb8a98bfeaefd04ee75b71e73ea01ff4df792578737
  Gas usage: 21055
  Block number: 2
  Block time: Fri May 08 2026 02:55:50 GMT+0700 (Indochina Time)

eth_getTransactionReceipt
eth_blockNumber
evm_mine
eth_blockNumber
evm_mine
eth_blockNumber
evm_mine
eth_blockNumber
evm_mine
eth_blockNumber
evm_mine
eth_blockNumber
evm_mine
eth_blockNumber
net_version
eth_getBlockByNumber
eth_estimateGas
eth_getBlockByNumber
eth_gasPrice
eth_sendTransaction

  Transaction: 0x8109f572b4db93ebf8c07299ce01976b4c360009ffbe20b7ba2ead85094cd39d
  Gas usage: 52947
  Block number: 9
  Block time: Fri May 08 2026 02:55:50 GMT+0700 (Indochina Time)

eth_getTransactionReceipt
net_version
eth_getBlockByNumber
eth_estimateGas
eth_getBlockByNumber
eth_gasPrice
eth_sendTransaction

  Transaction: 0xc36cb2973c27e96f3eba2fc648f33d861a6e5caaa8a3ac2fc48ef9b09e74eb77
  Gas usage: 77025
  Block number: 10
  Block time: Fri May 08 2026 02:55:50 GMT+0700 (Indochina Time)

eth_getTransactionReceipt
eth_blockNumber
eth_getBalance
eth_getTransactionByHash
debug_traceTransaction
eth_getTransactionByHash
debug_traceTransaction
eth_getTransactionByHash
debug_traceTransaction
eth_getTransactionByHash
debug_traceTransaction

Received shutdown signal: SIGTERM
Shutting down…
Server has been shut down
