COMMAND: python3 experiments/scale_trace/scripts/trace_result_json.py /home/aothuatgiadp/blockchain/project/CTLC-Implementation/experiments/scale_trace/runs/random_v1_292/B-_C_evm_fund_bc_CTLCMultipleEdges_best_claim/result.json /home/aothuatgiadp/blockchain/project/CTLC-Implementation/experiments/scale_trace/runs/random_v1_292/B-_C_evm_fund_bc_CTLCMultipleEdges_best_claim/trace.json
STATUS: 0

STDOUT:
{
  "graph_id": "",
  "pair": "B->C|evm|fund:bc",
  "contract": "CTLCMultipleEdges",
  "scenario": "best_claim",
  "contractAddress": "0x7658D951a8c98d6fc046218997F15B5859A5aC05",
  "traces": {
    "deploy": {
      "tx_hash": "0xf028f09b6f6893b095d730bcaf6eddd569ca7bad0ce7822ff23b950a67189f02",
      "actual_calldata_bytes": 8393,
      "actual_sstore_count": 27,
      "actual_call_count": 0,
      "opcode_steps": 4405
    },
    "fund": {
      "tx_hash": "0x50d960e4f7277cfaf339f4a7ffc7a1e0dfc5314a203607d69da98c66e4eedc8e",
      "actual_calldata_bytes": 0,
      "actual_sstore_count": 0,
      "actual_call_count": 0,
      "opcode_steps": 13
    },
    "claim_level0": {
      "tx_hash": "0x166ef1a27083820d77e9d8313341866376dc028388b39642a7f9477e351abd22",
      "actual_calldata_bytes": 324,
      "actual_sstore_count": 1,
      "actual_call_count": 1,
      "opcode_steps": 1241
    }
  }
}


STDERR:

