Using network 'development'.

{
  "ok": true,
  "graph_id": "",
  "pair": "B->C|evm|fund:bc",
  "pairKey": "B->C|evm|fund:bc",
  "contract": "CTLCMultipleEdges",
  "scenario": "refund",
  "deployGas": "0x1e240d",
  "gasUsed": "112464",
  "disableGasUsed": "52925",
  "claimGasUsed": "",
  "refundGasUsed": "59539",
  "contractAddress": "0x619ddbCD209d6f64e456C48E77E82453dEd3e3Fd",
  "startBlock": "0",
  "endBlock": "12",
  "finalContractBalanceWei": "0",
  "deployer": "0xBdcdDAAA1bF76912A7a5dec8d618970078a57E29",
  "party": "0xF78CeB59BF966D6a72891d17142aDA0574600AeE",
  "counterparty": "0x278cb0405529a349b1C7F0B3D5D53aEDc885E141",
  "fundingWei": "1000000000000000000",
  "timelocks": [
    8,
    11
  ],
  "transactions": [
    {
      "role": "deploy",
      "txHash": "0x21c4a5e42d4b7ab018ba86b7f75931967947e9afb9a0651d5206ee28a882308f"
    },
    {
      "role": "fund",
      "txHash": "0xb94df071bb9319bf40c703343858fe489d23f44c45fb164103caddf71708b44c"
    },
    {
      "role": "disable",
      "txHash": "0x830b34f34107da2793d3bce020ec9e575049c814c1d02d12ff1edd9dc1d0636d",
      "level": 0
    },
    {
      "role": "refund",
      "txHash": "0xfd1f0ac48a5c8a31edce21908a1a4b70c6f134b31828e4192d04835877668eff",
      "level": 1
    }
  ],
  "txRoles": [
    {
      "role": "deploy",
      "txHash": "0x21c4a5e42d4b7ab018ba86b7f75931967947e9afb9a0651d5206ee28a882308f"
    },
    {
      "role": "fund",
      "txHash": "0xb94df071bb9319bf40c703343858fe489d23f44c45fb164103caddf71708b44c"
    },
    {
      "role": "disable",
      "txHash": "0x830b34f34107da2793d3bce020ec9e575049c814c1d02d12ff1edd9dc1d0636d",
      "level": 0
    },
    {
      "role": "refund",
      "txHash": "0xfd1f0ac48a5c8a31edce21908a1a4b70c6f134b31828e4192d04835877668eff",
      "level": 1
    }
  ],
  "deployTxHash": "0x21c4a5e42d4b7ab018ba86b7f75931967947e9afb9a0651d5206ee28a882308f",
  "fundTxHash": "0xb94df071bb9319bf40c703343858fe489d23f44c45fb164103caddf71708b44c",
  "disableTxHashes": [
    "0x830b34f34107da2793d3bce020ec9e575049c814c1d02d12ff1edd9dc1d0636d"
  ],
  "disableTxHash": "0x830b34f34107da2793d3bce020ec9e575049c814c1d02d12ff1edd9dc1d0636d",
  "disableTx": "0x830b34f34107da2793d3bce020ec9e575049c814c1d02d12ff1edd9dc1d0636d",
  "refundTxHash": "0xfd1f0ac48a5c8a31edce21908a1a4b70c6f134b31828e4192d04835877668eff",
  "refundTx": "0xfd1f0ac48a5c8a31edce21908a1a4b70c6f134b31828e4192d04835877668eff"
}
