ganache v7.9.2 (@ganache/cli: 0.10.2, @ganache/core: 0.10.2)
Starting RPC server

Available Accounts
==================
(0) 0xCe90925F9151c5B0B0d204bF392f41Bdb17f66ab (1000 ETH)
(1) 0xF997a2492024450c5E25A5C2F64de51f85dE237C (1000 ETH)
(2) 0x5E5AFbc7B2322D4098B19Fb559C582564177f331 (1000 ETH)
(3) 0x27b100611A81085bF57553AA3Fb8e822F0B2D152 (1000 ETH)
(4) 0x94a17214bC75ADAc84347CE97e2Bc926A7B5Cd90 (1000 ETH)
(5) 0x2586c12DFeCf20c6555EC6C49D08aDD6BACA05C6 (1000 ETH)
(6) 0x5CEA67d669f12BC4967c4f74750A86F2EFC58ac7 (1000 ETH)
(7) 0x8Aab3874025720fEaD64B9C5c3Df8033Fc20da61 (1000 ETH)
(8) 0x57D3295941c0B4723645F44aa302cfCAc5484c03 (1000 ETH)
(9) 0x1B0F94eA080DC9b708864Fb6640E404b87Deae3c (1000 ETH)

Private Keys
==================
(0) 0x124cbc5ce85aa9ebea54dd64a98e66ffa4e3698e59d587717ee45ae12eb3f15d
(1) 0x07ddd7875d7c2daece06451e9fc15f357beb23faf1350f5c0e199aa3e8f4bcfe
(2) 0x132ebeb58e67011bc3efa0579a1114ab1dfc0a5ef6b63f850402b8620f70685d
(3) 0xbb152e0ef9304f8b1106a3f5ea9e96080b629217ea5cadc30a25c938d0cab214
(4) 0x37e2959188008b50f051b71d780635e80241f701bb4c69f2baaba6ce1e128068
(5) 0xe74e455798c144fcdc75744258a0567f51dec9242c760a4002afd19976d94135
(6) 0x7157365cd0088f39d2a09451897080fe44fbe229cd501ea975f0f57c7595b45b
(7) 0x3d60c42f19d274582c8efd6d80e9f6afa668968a05bbaadb0083f3faf0f390a6
(8) 0x959913a651a361c1132232d7346d8e896a0757484dabe1477c74348223ef72c7
(9) 0x307ba32ccdb8d9f755484b290f430be67f9e2376e4550e368e7179fcafcc5b33

HD Wallet
==================
Mnemonic:      seminar sugar cinnamon tail arrest say noodle rhythm rescue scare picture arrest
Base HD Path:  m/44'/60'/0'/0/{account_index}

Default Gas Price
==================
2000000000

BlockGas Limit
==================
30000000

Call Gas Limit
==================
50000000

Chain
==================
Hardfork: shanghai
Id:       1337

RPC Listening on 127.0.0.1:8545
web3_clientVersion
eth_blockNumber
net_version
eth_accounts
eth_accounts
eth_blockNumber
net_version
eth_getBlockByNumber
eth_estimateGas
eth_getBlockByNumber
eth_gasPrice
eth_sendTransaction

  Transaction: 0x706f515898655fa67e9b76abf4651550bd7102cd00dd1f714fba81c79044ca45
  Contract created: 0x5b9c8263a6ea9e14de34d36832e2bf59701ae357
  Gas usage: 1239082
  Block number: 1
  Block time: Fri May 08 2026 00:56:59 GMT+0700 (Indochina Time)

eth_getTransactionReceipt
eth_getCode
eth_getTransactionReceipt
eth_getBlockByNumber
eth_gasPrice
eth_sendTransaction

  Transaction: 0xea7d34db6f6f470921bc182047835bc28251d1bb652ce88efb5ba097c379d0cd
  Gas usage: 21055
  Block number: 2
  Block time: Fri May 08 2026 00:56:59 GMT+0700 (Indochina Time)

eth_getTransactionReceipt
net_version
eth_getBlockByNumber
eth_estimateGas
eth_getBlockByNumber
eth_gasPrice
eth_sendTransaction

  Transaction: 0x0d8d2e3b81a06f48f61d020bdf09ed4184206ee29d370938aabc4c0e32ceb782
  Gas usage: 68747
  Block number: 3
  Block time: Fri May 08 2026 00:56:59 GMT+0700 (Indochina Time)

eth_getTransactionReceipt
eth_blockNumber
eth_getBalance
eth_getTransactionByHash
debug_traceTransaction
eth_getTransactionByHash
debug_traceTransaction
eth_getTransactionByHash
debug_traceTransaction

Received shutdown signal: SIGTERM
Shutting down…
Server has been shut down
