Using network 'development'.

{
  "ok": true,
  "graph_id": "",
  "pair": "C->F|evm|fund:cf",
  "pairKey": "C->F|evm|fund:cf",
  "contract": "CTLCOnly",
  "scenario": "worst_claim",
  "deployGas": "0x11262f",
  "gasUsed": "68747",
  "disableGasUsed": "0",
  "claimGasUsed": "68747",
  "refundGasUsed": "",
  "contractAddress": "0x5d85D5Cf74843AdEB290E15fB8ece26B85A372E8",
  "startBlock": "0",
  "endBlock": "3",
  "finalContractBalanceWei": "0",
  "deployer": "0x173299e3B425f844BB86ABF8E3Ab8F61db6dB3D7",
  "party": "0xc312c89d7a20Fef56b3A20245E0ef39c556646D0",
  "counterparty": "0x5fD0e13494d00B9b9CA16915c41Bd500C1660cC0",
  "fundingWei": "1000000000000000000",
  "timelocks": [
    7
  ],
  "transactions": [
    {
      "role": "deploy",
      "txHash": "0xd97b021b0f7968ec186af80bc41de4f6080326a6b8d11eeb59ec6304a3a2f93d"
    },
    {
      "role": "fund",
      "txHash": "0x23334074cc0a94ca07febdb171a4e6fd710d974a192cec402e69440e770e1587"
    },
    {
      "role": "claim",
      "txHash": "0xa058cd037e8f85e2e26d193ba2ec933d507d7346ae99c5015598555e69298766",
      "level": 0,
      "option": 0
    }
  ],
  "txRoles": [
    {
      "role": "deploy",
      "txHash": "0xd97b021b0f7968ec186af80bc41de4f6080326a6b8d11eeb59ec6304a3a2f93d"
    },
    {
      "role": "fund",
      "txHash": "0x23334074cc0a94ca07febdb171a4e6fd710d974a192cec402e69440e770e1587"
    },
    {
      "role": "claim",
      "txHash": "0xa058cd037e8f85e2e26d193ba2ec933d507d7346ae99c5015598555e69298766",
      "level": 0,
      "option": 0
    }
  ],
  "deployTxHash": "0xd97b021b0f7968ec186af80bc41de4f6080326a6b8d11eeb59ec6304a3a2f93d",
  "fundTxHash": "0x23334074cc0a94ca07febdb171a4e6fd710d974a192cec402e69440e770e1587",
  "claimTxHash": "0xa058cd037e8f85e2e26d193ba2ec933d507d7346ae99c5015598555e69298766",
  "txHash": "0xa058cd037e8f85e2e26d193ba2ec933d507d7346ae99c5015598555e69298766",
  "tx": "0xa058cd037e8f85e2e26d193ba2ec933d507d7346ae99c5015598555e69298766"
}
