ganache v7.9.2 (@ganache/cli: 0.10.2, @ganache/core: 0.10.2)
Starting RPC server

Available Accounts
==================
(0) 0x311BD17d81843e44941A7681257E3e60e00f2bc9 (1000 ETH)
(1) 0xf32178027395ED9BB61b9c58a27ec102BC7721c5 (1000 ETH)
(2) 0xB9F5331266f992c8a34bF40d9dD91F132c1a15BA (1000 ETH)
(3) 0xd48223D9E0b94F438b2f157e0138D285717476a1 (1000 ETH)
(4) 0x62C4Eae32CD666f75a20d7AfB49eA327d4417738 (1000 ETH)
(5) 0xe5f7497B1E5737BAA8c0b54d0e432d82C6dc70D3 (1000 ETH)
(6) 0x53Ea30948ebF685ec5Feb1347b3Bdd228Be30D3E (1000 ETH)
(7) 0xb209fDd09aB8CDcC5868f66013DAe2C0B0B5814b (1000 ETH)
(8) 0x27D41CFd8ca8037eE39ceFb4888BbaAdBEd5ad8F (1000 ETH)
(9) 0xD0cc99b592322dC4DFa1C63Ff7E5fc3142b849e8 (1000 ETH)

Private Keys
==================
(0) 0xfca4fd2b3635d0e63609d7ada0443cb1060839f02e76b123a5f8f3a8bf9946a9
(1) 0x14cee11526c61c53116ee82de7e49382a4ef3265442b0fffa20b91e71076569c
(2) 0x850d5949482a988c778ddf12998695044436931ed7a401ac2e1e879c4081a783
(3) 0xf993fcf9876da7cbf09ec5c2d230cba1fee82d85fe80128b8eea47b9f093eb1e
(4) 0xb2f8835ee846c36a19f868bc6d848a155293bc75df6170821bf638a700818c4e
(5) 0xa214b942fc0a3c36c821c01d97910ad4ad66c0e0cc243deb97d1e1441bde30e5
(6) 0x2347b3e10dfd98ab91110b060a7f2c0e70f34ef29fbd20e3e4fdae8f06fcd592
(7) 0x2e92e040b42599b90a0fbbd10602a6c90e8676e0f1b31e78c709579119eb6c86
(8) 0x74b67cc2a911b0d713c9c470e6b9220bf3e60f4f4988b3947f4aaf4291d0cde1
(9) 0x41292677d08408241da22955f9f43e13e49b1a10bee4a37f104e0668c116a8d9

HD Wallet
==================
Mnemonic:      top few strong kangaroo elbow grass casual teach what loud suffer voice
Base HD Path:  m/44'/60'/0'/0/{account_index}

Default Gas Price
==================
2000000000

BlockGas Limit
==================
30000000

Call Gas Limit
==================
50000000

Chain
==================
Hardfork: shanghai
Id:       1337

RPC Listening on 127.0.0.1:8545
web3_clientVersion
eth_blockNumber
net_version
eth_accounts
eth_accounts
eth_blockNumber
net_version
eth_getBlockByNumber
eth_estimateGas
eth_getBlockByNumber
eth_gasPrice
eth_sendTransaction

  Transaction: 0xe5c11b43dba801279c25f1b181b1162afa72b9be78c112d25f057753b8ae544d
  Contract created: 0x54d97b1cc3fe2d2e239a523d9d58e9fc42e187a5
  Gas usage: 1123899
  Block number: 1
  Block time: Fri May 08 2026 02:15:36 GMT+0700 (Indochina Time)

eth_getTransactionReceipt
eth_getCode
eth_getTransactionReceipt
eth_getBlockByNumber
eth_gasPrice
eth_sendTransaction

  Transaction: 0xc5fb18098ed08d7efaeaff678c6ba855b257ce2d01c7f7f68d728216a789aa92
  Gas usage: 21055
  Block number: 2
  Block time: Fri May 08 2026 02:15:36 GMT+0700 (Indochina Time)

eth_getTransactionReceipt
net_version
eth_getBlockByNumber
eth_estimateGas
eth_getBlockByNumber
eth_gasPrice
eth_sendTransaction

  Transaction: 0x4cc9fd99cb605350ca88964fafc8595d241ff5f2dbade190b91d58bf681670e4
  Gas usage: 68747
  Block number: 3
  Block time: Fri May 08 2026 02:15:36 GMT+0700 (Indochina Time)

eth_getTransactionReceipt
eth_blockNumber
eth_getBalance
eth_getTransactionByHash
debug_traceTransaction
eth_getTransactionByHash
debug_traceTransaction
eth_getTransactionByHash
debug_traceTransaction

Received shutdown signal: SIGTERM
Shutting down…
Server has been shut down
