ganache v7.9.2 (@ganache/cli: 0.10.2, @ganache/core: 0.10.2)
Starting RPC server

Available Accounts
==================
(0) 0x209727618a9f90d38f2Bf473Aeb6ec6e7200061D (1000 ETH)
(1) 0xB7df25a90fE11Ca91401Ab6cb3F104EC6daB153c (1000 ETH)
(2) 0xCa322892c3265fBcAf81E4a73d71E3172E418e0d (1000 ETH)
(3) 0x0861A755e581F2645DdfF96f3073B45D65271cBB (1000 ETH)
(4) 0xCAD80c75ed927118c435778Ac87c8E7ec29953C5 (1000 ETH)
(5) 0x73d90A0Dd9648ce62d831C0F463F352110842067 (1000 ETH)
(6) 0xb5185b7E525280e185522948016329aE37445826 (1000 ETH)
(7) 0xEAcA2E4457170d77bE07d324cf09Da1E79D36367 (1000 ETH)
(8) 0x67e0C506A1EC8D2ea0BDb168199735A8284f63a2 (1000 ETH)
(9) 0x8C72C466890B63023Afd830DEC71bf3d5997f277 (1000 ETH)

Private Keys
==================
(0) 0xb00a4de9254db59f60054ac59f5268071ed8ee8dc3705903c9912cfb997d0fa3
(1) 0x7464999a3faa955fb847c40d8876667fa3db939cdd5f5e477f7f4a8935167ddc
(2) 0xfb560f9e8e09fe084c284843696594c902b871e29f14b6625c18b27ab54ff6f0
(3) 0xa1c6b5703d7e090457a7b424d25915faa34d424a6f4f30c2e74dd138ffdce54a
(4) 0xc084f2facded8956beb59ce761e9fb2e7dd4d84d0c8c8ca2c53e43de30af65ef
(5) 0xbc3e99d7307e6f14e312027cd73a22b50becfef6769f8d0a22e505b41bf7244e
(6) 0xfc3d3469358614d0b9e7edccd534bd80d68f7cd86a1ecd68eead1e96db09ec49
(7) 0x9174a75a4b1483233c19d000fac3b023ff1414a2d12e3e302ee28de0093cac4d
(8) 0xfc04a95c4d8ce4cfecf17a92de7d4682ac4e943e73feee1cc1f193ae77515602
(9) 0x6299fcf3e4084c7b59be808435ceb8a7ea5bc170973f2baf295f30e1d80825a6

HD Wallet
==================
Mnemonic:      reject mobile desk bomb rebuild wet ginger dad panther over physical spend
Base HD Path:  m/44'/60'/0'/0/{account_index}

Default Gas Price
==================
2000000000

BlockGas Limit
==================
30000000

Call Gas Limit
==================
50000000

Chain
==================
Hardfork: shanghai
Id:       1337

RPC Listening on 127.0.0.1:8545
web3_clientVersion
eth_blockNumber
net_version
eth_accounts
eth_accounts
eth_blockNumber
net_version
eth_getBlockByNumber
eth_estimateGas
eth_getBlockByNumber
eth_gasPrice
eth_sendTransaction

  Transaction: 0x6ed6c3eaf04a7dd1521fce8bbe5c18c348c33b7c27ab093aef5e6759d3e62973
  Contract created: 0x6d12df0b58c72f2602746abc29bb3415b16a98e0
  Gas usage: 1516007
  Block number: 1
  Block time: Thu May 07 2026 21:31:32 GMT+0700 (Indochina Time)

eth_getTransactionReceipt
eth_getCode
eth_getTransactionReceipt
eth_getBlockByNumber
eth_gasPrice
eth_sendTransaction

  Transaction: 0x2c51449e4a1b73a5aa498f98acd3e274ae3310d08bf2f422c6a5e9d839cf551c
  Gas usage: 21055
  Block number: 2
  Block time: Thu May 07 2026 21:31:32 GMT+0700 (Indochina Time)

eth_getTransactionReceipt
eth_blockNumber
evm_mine
eth_blockNumber
evm_mine
eth_blockNumber
evm_mine
eth_blockNumber
evm_mine
eth_blockNumber
evm_mine
eth_blockNumber
net_version
eth_getBlockByNumber
eth_estimateGas
eth_getBlockByNumber
eth_gasPrice
eth_sendTransaction

  Transaction: 0xe04e8390528778a825f311f78418d1258169d50612659c70355846494a18254a
  Gas usage: 52925
  Block number: 8
  Block time: Thu May 07 2026 21:31:32 GMT+0700 (Indochina Time)

eth_getTransactionReceipt
eth_blockNumber
evm_mine
eth_blockNumber
net_version
eth_getBlockByNumber
eth_estimateGas
eth_getBlockByNumber
eth_gasPrice
eth_sendTransaction

  Transaction: 0x1f65f2e5c1ecd937a8a5493050d50237148317b7cd499c15471245fab56845f9
  Gas usage: 59539
  Block number: 10
  Block time: Thu May 07 2026 21:31:32 GMT+0700 (Indochina Time)

eth_getTransactionReceipt
eth_blockNumber
eth_getBalance
eth_getTransactionByHash
debug_traceTransaction
eth_getTransactionByHash
debug_traceTransaction
eth_getTransactionByHash
debug_traceTransaction
eth_getTransactionByHash
debug_traceTransaction

Received shutdown signal: SIGTERM
Shutting down…
Server has been shut down
