COMMAND: python3 experiments/scale_trace/scripts/trace_result_json.py /home/aothuatgiadp/blockchain/project/CTLC-Implementation/experiments/scale_trace/runs/random_v1_87/E-_B_evm_fund_eb_CTLCOnly_best_claim/result.json /home/aothuatgiadp/blockchain/project/CTLC-Implementation/experiments/scale_trace/runs/random_v1_87/E-_B_evm_fund_eb_CTLCOnly_best_claim/trace.json
STATUS: 0

STDOUT:
{
  "graph_id": "",
  "pair": "E->B|evm|fund:eb",
  "contract": "CTLCOnly",
  "scenario": "best_claim",
  "contractAddress": "0x17db86634E8c909100AA4106A883279808e037Eb",
  "traces": {
    "deploy": {
      "tx_hash": "0xbfc116e6a68c549aac429a9a77d0b92a900f3dfc6e915608afe16ed76a5f7b1d",
      "actual_calldata_bytes": 7155,
      "actual_sstore_count": 10,
      "actual_call_count": 0,
      "opcode_steps": 1462
    },
    "fund": {
      "tx_hash": "0x6433f1b53b005ebc4327e73abf4db42bcaf37d359274ec850fe497c14655ccfe",
      "actual_calldata_bytes": 0,
      "actual_sstore_count": 0,
      "actual_call_count": 0,
      "opcode_steps": 13
    },
    "claim_level0": {
      "tx_hash": "0x238c0f49c105b1cc488b44f05853d122e0f51d0722ef07a31ba783f8c877b07c",
      "actual_calldata_bytes": 388,
      "actual_sstore_count": 1,
      "actual_call_count": 1,
      "opcode_steps": 1475
    }
  }
}


STDERR:

