COMMAND: python3 experiments/scale_trace/scripts/trace_result_json.py /home/aothuatgiadp/blockchain/project/CTLC-Implementation/experiments/scale_trace/runs/random_v1_269/E-_A_evm_fund_ea_CTLCOnly_refund/result.json /home/aothuatgiadp/blockchain/project/CTLC-Implementation/experiments/scale_trace/runs/random_v1_269/E-_A_evm_fund_ea_CTLCOnly_refund/trace.json
STATUS: 0

STDOUT:
{
  "graph_id": "",
  "pair": "E->A|evm|fund:ea",
  "contract": "CTLCOnly",
  "scenario": "refund",
  "contractAddress": "0x5eB1672f046E7E099A1ED438f13F5A01A2288db7",
  "traces": {
    "deploy": {
      "tx_hash": "0xdee54ec5b58423da244735366fe136b704d75b0da59c8ee022d92edd41a4dd77",
      "actual_calldata_bytes": 7091,
      "actual_sstore_count": 8,
      "actual_call_count": 0,
      "opcode_steps": 1286
    },
    "fund": {
      "tx_hash": "0x6c64a7d32b5c96feebd913553e7ccc42c2cbd85be418248e513a8955147eff3c",
      "actual_calldata_bytes": 0,
      "actual_sstore_count": 0,
      "actual_call_count": 0,
      "opcode_steps": 13
    },
    "refund_level0": {
      "tx_hash": "0x0d773e4357b58fb1e506156d0a053294120b4c8e2a78aa8110994a37a35a4eec",
      "actual_calldata_bytes": 4,
      "actual_sstore_count": 1,
      "actual_call_count": 1,
      "opcode_steps": 229
    }
  }
}


STDERR:

