ganache v7.9.2 (@ganache/cli: 0.10.2, @ganache/core: 0.10.2)
Starting RPC server

Available Accounts
==================
(0) 0x14A4B2E176ab2eF9e2221Cf590836689b7743665 (1000 ETH)
(1) 0x7990d0c11D7083271541ddbE37685fA9657A7ef9 (1000 ETH)
(2) 0x84aDF348df70C6b4Ebf96cF52DB7f0C7425bfCba (1000 ETH)
(3) 0xa94Ddd982FFFce3F8da341f4Bd2AaF259B79E201 (1000 ETH)
(4) 0xf7fdCEb322a2AFc6a17415dc56eB606D76072c2b (1000 ETH)
(5) 0x8f899853Ae3F410B9f9c439Aa14e816503b419FF (1000 ETH)
(6) 0x92D6Ac24c65B32cb8f8F98694A2aE2F0eadC2cf7 (1000 ETH)
(7) 0xFBa9ae18A34a754b2C1F38814B0415187B735C3a (1000 ETH)
(8) 0xca1eC929c6f499dAB2E054E7Eb99f398E2cE122B (1000 ETH)
(9) 0xaC5BdAdA81A54362639dd964D8cEcd300Fdd26d6 (1000 ETH)

Private Keys
==================
(0) 0x91c803cbe367f6d7c28094ea81f9092e51e7acd601c03acec0dd535ebc7ce344
(1) 0xe027c36d23b1bfad973207bafe64d2628bd33f1cb5ea9f05110cbba9df72bf6f
(2) 0xff666923b88f34809c6a0a4526695124350b7c25c162014891654184daeaa738
(3) 0x2c34788853ce905251215a11685f51833c8996522db6afb46c0b85d09218e91b
(4) 0x4b62bd6f550a4525418501efc3db76193055cc518c9d6f565462230ea9dd2cfb
(5) 0x0f4c0d0208ac20d606b1bfd8bee1da29bd517c1d228da0521a7c6984f910c16b
(6) 0x36ec789060d9fa724ed48913c6abbba310861e1b60d01644eb1886fd6434e337
(7) 0xa10ea8b2f0af5e6338caba4fa05ad752e066c0b1bb217fe6c30665cea501705a
(8) 0xa0efa222cc33de17d06873ab2b2411ee200c7988eca2d0788a19274ba6d1e1ee
(9) 0xfc9eb3d7b42962597c717b218f955ab5c55f57be1e5373360af4252a72b9ddb7

HD Wallet
==================
Mnemonic:      test ancient reduce gym fish inspire try quit pattern kick student devote
Base HD Path:  m/44'/60'/0'/0/{account_index}

Default Gas Price
==================
2000000000

BlockGas Limit
==================
30000000

Call Gas Limit
==================
50000000

Chain
==================
Hardfork: shanghai
Id:       1337

RPC Listening on 127.0.0.1:8545
web3_clientVersion
eth_blockNumber
net_version
eth_accounts
eth_accounts
eth_blockNumber
net_version
eth_getBlockByNumber
eth_estimateGas
eth_getBlockByNumber
eth_gasPrice
eth_sendTransaction

  Transaction: 0x4d3fba98b241fd33d3289de0003bd531bffbea718e5136643e534786006db645
  Contract created: 0xcd662b4712079a7292ff840441a70151bce81e00
  Gas usage: 1100975
  Block number: 1
  Block time: Fri May 08 2026 01:50:09 GMT+0700 (Indochina Time)

eth_getTransactionReceipt
eth_getCode
eth_getTransactionReceipt
eth_getBlockByNumber
eth_gasPrice
eth_sendTransaction

  Transaction: 0x9872fc7d6897df316c362762e27914e1c1fa5834fda10da07aaa4973d8d46100
  Gas usage: 21055
  Block number: 2
  Block time: Fri May 08 2026 01:50:09 GMT+0700 (Indochina Time)

eth_getTransactionReceipt
net_version
eth_getBlockByNumber
eth_estimateGas
eth_getBlockByNumber
eth_gasPrice
eth_sendTransaction

  Transaction: 0xb12bf6a40b36393181efaf47086ffc555aa21c997529b8cbd117b2f789635867
  Gas usage: 64620
  Block number: 3
  Block time: Fri May 08 2026 01:50:09 GMT+0700 (Indochina Time)

eth_getTransactionReceipt
eth_blockNumber
eth_getBalance
eth_getTransactionByHash
debug_traceTransaction
eth_getTransactionByHash
debug_traceTransaction
eth_getTransactionByHash
debug_traceTransaction

Received shutdown signal: SIGTERM
Shutting down…
Server has been shut down
