ganache v7.9.2 (@ganache/cli: 0.10.2, @ganache/core: 0.10.2)
Starting RPC server

Available Accounts
==================
(0) 0x6801fAe13E01A85Bf7A0c02424e5962aEf270944 (1000 ETH)
(1) 0xFAfd6fbC46D357C411B4B2c9de5240eDf9EB4F0D (1000 ETH)
(2) 0x20AB75D75B4e1D56D6D39ca282d832Ddc2635a02 (1000 ETH)
(3) 0x2152015eD33E91Ef9A24E7bbe8509e17Dc7EE1fC (1000 ETH)
(4) 0xC14996F730EA0f912061683AA2b2f4606d1D654b (1000 ETH)
(5) 0xc212f3c4CC08b21e13300C8A5ad26D65748035cD (1000 ETH)
(6) 0xA61F3b8f5981F08e0B7CD12060798d9eD4496c9A (1000 ETH)
(7) 0x6d2AFd5651A31Fece0bc1E4aC8cCCd04b0b5A88a (1000 ETH)
(8) 0x82778BD7dF8Cc97b94B51C5A5067fB23D511FD8B (1000 ETH)
(9) 0x9BE76C3e9dd3a15c9259992b57f7E7a3364CE94D (1000 ETH)

Private Keys
==================
(0) 0x41d7d9d90da5a1d16acf12c15f38414df46158acbd48f03abe1be1a80a0738ca
(1) 0x1aa21d44563376514508f6635858499766e2dd5a1e23df139339d9d84937851e
(2) 0xa3ad953bbc774f4659286bdaf18d16d123ce9954feaf3d8400a6ea506fbf6883
(3) 0x154cea1688c3b71bf1cf7797d627291eda42d3a651e0bd9b43ecc450500cc76d
(4) 0x5faeadc7e809176d21daea7028c54c2d72f42f1681674a39808ac908fc0b02bf
(5) 0x841248705c7c12e2f8ab3256dc4a3cf34c20787c24d624970bc138c148e928ab
(6) 0x98f582ca2b62e112f0174a0b32296debdce97e291b7c1c9b4fea5b4469e5302e
(7) 0x29d225cdabee5a56175589afab8847291eaf3c94eacc35440c8763cd65e7743a
(8) 0xc218aaca55822b9366bb658e1f5d45a2c69ebed33242afbf28a15abef0b7748f
(9) 0x9c6399c9297af2af33960384b6231d0e6d557d0ebee23dfd5a57c3658376f96a

HD Wallet
==================
Mnemonic:      replace wagon hero width young dutch blind ripple crime word grace skirt
Base HD Path:  m/44'/60'/0'/0/{account_index}

Default Gas Price
==================
2000000000

BlockGas Limit
==================
30000000

Call Gas Limit
==================
50000000

Chain
==================
Hardfork: shanghai
Id:       1337

RPC Listening on 127.0.0.1:8545
web3_clientVersion
eth_blockNumber
net_version
eth_accounts
eth_accounts
eth_blockNumber
net_version
eth_getBlockByNumber
eth_estimateGas
eth_getBlockByNumber
eth_gasPrice
eth_sendTransaction

  Transaction: 0x29873ff379ed1f5dd178182f17c3d992744ba79f091a43d3fa8579b881ff8d18
  Contract created: 0xcf076b226210bd9bb38e89c5d1f806a537df66af
  Gas usage: 1239462
  Block number: 1
  Block time: Thu May 07 2026 21:28:48 GMT+0700 (Indochina Time)

eth_getTransactionReceipt
eth_getCode
eth_getTransactionReceipt
eth_getBlockByNumber
eth_gasPrice
eth_sendTransaction

  Transaction: 0x5f13263d65933941b1c1bffcccea7c9ea4fd4ae79d6eb13a6de9d9f5f9ce1325
  Gas usage: 21055
  Block number: 2
  Block time: Thu May 07 2026 21:28:48 GMT+0700 (Indochina Time)

eth_getTransactionReceipt
eth_blockNumber
evm_mine
eth_blockNumber
evm_mine
eth_blockNumber
evm_mine
eth_blockNumber
evm_mine
eth_blockNumber
evm_mine
eth_blockNumber
net_version
eth_getBlockByNumber
eth_estimateGas
eth_getBlockByNumber
eth_gasPrice
eth_sendTransaction

  Transaction: 0x959809a7d8afea46e12450c890d29c215e24987d5ae43523b30ce035c3eb7956
  Gas usage: 59539
  Block number: 8
  Block time: Thu May 07 2026 21:28:48 GMT+0700 (Indochina Time)

eth_getTransactionReceipt
eth_blockNumber
eth_getBalance
eth_getTransactionByHash
debug_traceTransaction
eth_getTransactionByHash
debug_traceTransaction
eth_getTransactionByHash
debug_traceTransaction

Received shutdown signal: SIGTERM
Shutting down…
Server has been shut down
