ganache v7.9.2 (@ganache/cli: 0.10.2, @ganache/core: 0.10.2)
Starting RPC server

Available Accounts
==================
(0) 0x9774c17196E6C2D604D388BfD7Deb23E8038c522 (1000 ETH)
(1) 0x139D3866AceEB4FD85EFbA6cad18C866d9458E07 (1000 ETH)
(2) 0x56a7AEC6aBC2EcF98cf3F4E466aCBed3dFa12c93 (1000 ETH)
(3) 0x4Fab0fc81DAf1c97735C00FD356e54aDa6231292 (1000 ETH)
(4) 0x6071a94e5632e79e7C4645Eb7268A2193f92A06c (1000 ETH)
(5) 0x3FEeFd8F4dd04ac5Bff181032434877AfA8cc373 (1000 ETH)
(6) 0xE0e4A5Eee135CAf64AA531F2Ab04D4d35d6EB27f (1000 ETH)
(7) 0x12BFE8134F3d31EE1eC23FF74D9141C583A19894 (1000 ETH)
(8) 0x6ca793D08916B0b14cC3937b8156E9Ac71c7A04e (1000 ETH)
(9) 0x0c24ffCB206FCA1245966D75882073D40c542DC1 (1000 ETH)

Private Keys
==================
(0) 0x32d2839ce1dd07b00b8df75670c75ee2df2df9a9808fe5768a4b036ffd556e24
(1) 0x78fa122746542449888157f62a9db52d4c23757281f167f5e319e2f0d6515d28
(2) 0x6fa7dd16563cabab55db63b13c5511489f7b6a6d51a69ce8a4b0abf491bc1656
(3) 0xa8fbb8f7a2bd6054da101a0b3db76a6592943d38fef98ccec6d9122829b93e9c
(4) 0x0b64063d797596527350634072d6c0eacdbd8b16945312f9e61c0cc2a3153f4f
(5) 0xde38154044750ed31acc27858a0b90aa51789f4d29a9c2033227bd53696ac768
(6) 0x47f06425bed6324325d8f9e6fc5d3e7e858d84a18c1b6e2992eb26f2c77957cb
(7) 0x69e74b061b8f74ef184c8414649768164c6402ec82a85bb4640a1c201ab8e848
(8) 0xce3227985e24841c783597107b54627a8ffa65fc9ebe1b0876ef397320ccd0bc
(9) 0x703e227b29986784f55460464bc9a162ee1357a360d9e2fd19f50f2d42f061f7

HD Wallet
==================
Mnemonic:      flash craft guide feed evolve expire gesture pluck mask wrist plunge guess
Base HD Path:  m/44'/60'/0'/0/{account_index}

Default Gas Price
==================
2000000000

BlockGas Limit
==================
30000000

Call Gas Limit
==================
50000000

Chain
==================
Hardfork: shanghai
Id:       1337

RPC Listening on 127.0.0.1:8545
web3_clientVersion
eth_blockNumber
net_version
eth_accounts
eth_accounts
eth_blockNumber
net_version
eth_getBlockByNumber
eth_estimateGas
eth_getBlockByNumber
eth_gasPrice
eth_sendTransaction

  Transaction: 0xb25548bbbcfe6fc1599f6d1615e789f851460f53830fe897a4c2b5bdfe0970f2
  Contract created: 0xa474e6bb6a5276e55241b83849738cc2f74cd9e7
  Gas usage: 1285286
  Block number: 1
  Block time: Thu May 07 2026 20:41:10 GMT+0700 (Indochina Time)

eth_getTransactionReceipt
eth_getCode
eth_getTransactionReceipt
eth_getBlockByNumber
eth_gasPrice
eth_sendTransaction

  Transaction: 0xbfcbd155287e1f5ade9a2449522c1f6114df6c53885efe08e462cf740814b8bb
  Gas usage: 21055
  Block number: 2
  Block time: Thu May 07 2026 20:41:10 GMT+0700 (Indochina Time)

eth_getTransactionReceipt
eth_blockNumber
evm_mine
eth_blockNumber
evm_mine
eth_blockNumber
evm_mine
eth_blockNumber
evm_mine
eth_blockNumber
evm_mine
eth_blockNumber
evm_mine
eth_blockNumber
net_version
eth_getBlockByNumber
eth_estimateGas
eth_getBlockByNumber
eth_gasPrice
eth_sendTransaction

  Transaction: 0x659a69bbbb40fbc5d1a37890b538892a2e9a90c9d2821cb5470b75a02cba662b
  Gas usage: 59539
  Block number: 9
  Block time: Thu May 07 2026 20:41:10 GMT+0700 (Indochina Time)

eth_getTransactionReceipt
eth_blockNumber
eth_getBalance
eth_getTransactionByHash
debug_traceTransaction
eth_getTransactionByHash
debug_traceTransaction
eth_getTransactionByHash
debug_traceTransaction

Received shutdown signal: SIGTERM
Shutting down…
Server has been shut down
