Using network 'development'.

{
  "ok": true,
  "graph_id": "",
  "pair": "B->A|evm|fund:ba",
  "pairKey": "B->A|evm|fund:ba",
  "contract": "CTLCOnly",
  "scenario": "refund",
  "deployGas": "0x10ccbb",
  "gasUsed": "59561",
  "disableGasUsed": "0",
  "claimGasUsed": "",
  "refundGasUsed": "59561",
  "contractAddress": "0x9eCc2f9778890509b8773313FF5563544E21bD44",
  "startBlock": "0",
  "endBlock": "7",
  "finalContractBalanceWei": "0",
  "deployer": "0x1bbf244E28C5275dA4be840138725C119cc1dd8c",
  "party": "0x245eFEa4d08a202E241fFf080b61D0d48a11a3F7",
  "counterparty": "0x7D11Bfb56A8A7582DeBB2568aB33d5cfb9714603",
  "fundingWei": "1000000000000000000",
  "timelocks": [
    6
  ],
  "transactions": [
    {
      "role": "deploy",
      "txHash": "0xef030083d14c6bbd7677e2273590b8f475631b2ec536be948fdaf9e7535af7e8"
    },
    {
      "role": "fund",
      "txHash": "0xfcdbaacd0ba9186882b52972dad0cdf487f5216f7519d370bc3bf84a4cb2086e"
    },
    {
      "role": "refund",
      "txHash": "0xab11abb3919cccceba023c15f3d9a44f369706c6ca2ad68e583a7cf2c8d5fff5",
      "level": 0
    }
  ],
  "txRoles": [
    {
      "role": "deploy",
      "txHash": "0xef030083d14c6bbd7677e2273590b8f475631b2ec536be948fdaf9e7535af7e8"
    },
    {
      "role": "fund",
      "txHash": "0xfcdbaacd0ba9186882b52972dad0cdf487f5216f7519d370bc3bf84a4cb2086e"
    },
    {
      "role": "refund",
      "txHash": "0xab11abb3919cccceba023c15f3d9a44f369706c6ca2ad68e583a7cf2c8d5fff5",
      "level": 0
    }
  ],
  "deployTxHash": "0xef030083d14c6bbd7677e2273590b8f475631b2ec536be948fdaf9e7535af7e8",
  "fundTxHash": "0xfcdbaacd0ba9186882b52972dad0cdf487f5216f7519d370bc3bf84a4cb2086e",
  "refundTxHash": "0xab11abb3919cccceba023c15f3d9a44f369706c6ca2ad68e583a7cf2c8d5fff5",
  "refundTx": "0xab11abb3919cccceba023c15f3d9a44f369706c6ca2ad68e583a7cf2c8d5fff5"
}
