Using network 'development'.

{
  "ok": true,
  "graph_id": "",
  "pair": "B->C|evm|fund:bc",
  "pairKey": "B->C|evm|fund:bc",
  "contract": "CTLCMultipleEdges",
  "scenario": "worst_claim",
  "deployGas": "0x139c9a",
  "gasUsed": "75948",
  "disableGasUsed": "0",
  "claimGasUsed": "75948",
  "refundGasUsed": "",
  "contractAddress": "0x5664a5F6BB73A5120Ca9195E019714AF027eb241",
  "startBlock": "0",
  "endBlock": "3",
  "finalContractBalanceWei": "0",
  "deployer": "0x545214C35Af94B2C19E7f943F5339926E650774b",
  "party": "0x726F26126e4b6637c2700EfcE51E0523852AD7cF",
  "counterparty": "0x61812954FC73C65C3D22C55a57969C148751eD71",
  "fundingWei": "1000000000000000000",
  "timelocks": [
    8
  ],
  "transactions": [
    {
      "role": "deploy",
      "txHash": "0x6e750ffef32e90c6b56906a73f741a5ae6f474c296dd95e5f461a9f92c7707d2"
    },
    {
      "role": "fund",
      "txHash": "0x3213ddee0f553c9202c5b3cc937123290cf66c4caaa1496f6fae8b2a2156b001"
    },
    {
      "role": "claim",
      "txHash": "0xa34574ac74983c78783e326fcf811a8e32ef2f131a8a7bf318f5d365e5b149bf",
      "level": 0,
      "option": 0
    }
  ],
  "txRoles": [
    {
      "role": "deploy",
      "txHash": "0x6e750ffef32e90c6b56906a73f741a5ae6f474c296dd95e5f461a9f92c7707d2"
    },
    {
      "role": "fund",
      "txHash": "0x3213ddee0f553c9202c5b3cc937123290cf66c4caaa1496f6fae8b2a2156b001"
    },
    {
      "role": "claim",
      "txHash": "0xa34574ac74983c78783e326fcf811a8e32ef2f131a8a7bf318f5d365e5b149bf",
      "level": 0,
      "option": 0
    }
  ],
  "deployTxHash": "0x6e750ffef32e90c6b56906a73f741a5ae6f474c296dd95e5f461a9f92c7707d2",
  "fundTxHash": "0x3213ddee0f553c9202c5b3cc937123290cf66c4caaa1496f6fae8b2a2156b001",
  "claimTxHash": "0xa34574ac74983c78783e326fcf811a8e32ef2f131a8a7bf318f5d365e5b149bf",
  "txHash": "0xa34574ac74983c78783e326fcf811a8e32ef2f131a8a7bf318f5d365e5b149bf",
  "tx": "0xa34574ac74983c78783e326fcf811a8e32ef2f131a8a7bf318f5d365e5b149bf"
}
