COMMAND: python3 experiments/scale_trace/scripts/trace_result_json.py /home/aothuatgiadp/blockchain/project/CTLC-Implementation/experiments/scale_trace/runs/random_v1_200/C-_A_evm_fund_ca_CTLCOnly_refund/result.json /home/aothuatgiadp/blockchain/project/CTLC-Implementation/experiments/scale_trace/runs/random_v1_200/C-_A_evm_fund_ca_CTLCOnly_refund/trace.json
STATUS: 0

STDOUT:
{
  "graph_id": "",
  "pair": "C->A|evm|fund:ca",
  "contract": "CTLCOnly",
  "scenario": "refund",
  "contractAddress": "0x4d75033B74Bf33F58976807AEE7795865a18213D",
  "traces": {
    "deploy": {
      "tx_hash": "0xeec5ad1a4589747722d956a96cbd2c881607128dc156536269dc9db86afefe11",
      "actual_calldata_bytes": 7091,
      "actual_sstore_count": 8,
      "actual_call_count": 0,
      "opcode_steps": 1286
    },
    "fund": {
      "tx_hash": "0xfb1f08defcfef22947984fc12b896461eb0ec30540db9527086833531577121f",
      "actual_calldata_bytes": 0,
      "actual_sstore_count": 0,
      "actual_call_count": 0,
      "opcode_steps": 13
    },
    "refund_level0": {
      "tx_hash": "0x3a9b99b8a0c3a828f39ea6f02e4e6820144a05307123f68f1eb62b90ac882ff9",
      "actual_calldata_bytes": 4,
      "actual_sstore_count": 1,
      "actual_call_count": 1,
      "opcode_steps": 229
    }
  }
}


STDERR:

