ganache v7.9.2 (@ganache/cli: 0.10.2, @ganache/core: 0.10.2)
Starting RPC server

Available Accounts
==================
(0) 0x9F54046a95f0cAe57496ACfBAFC30f62EEf04596 (1000 ETH)
(1) 0xD4BD71694Bf1cf68d4D90e7DE6A543a4d86E5dc4 (1000 ETH)
(2) 0xD11fE2350B91894eB295f7BA3696302409977ADB (1000 ETH)
(3) 0xF6e1795629F2A4E243315D549b28dA3CC454Bcf7 (1000 ETH)
(4) 0x1F196b56B57657431FA5EeBeC7B562695f9BD021 (1000 ETH)
(5) 0xc42c9188b97729956F8b308Ba3Fe8F20cC2360F8 (1000 ETH)
(6) 0x0f4EaF5d5385Be5211FE9fD7f176a4e1B297AF14 (1000 ETH)
(7) 0x92EE7A5Cc738664bCC5e4D7Eb509e177CAD6F7ab (1000 ETH)
(8) 0x07b7F0f08cccF42A01e807ec6Ffb75Dcab214843 (1000 ETH)
(9) 0x979cD9a35488834c719e221Fde96fEc062C732B5 (1000 ETH)

Private Keys
==================
(0) 0xa713ae06e9ae79b682d113a03ddd7496f760fde8c47e1e7d9209a8ddb5a552a4
(1) 0x8c09146d353d69c3acef7d94f874091b352b3fac43d21eb2af31ff473090bdfa
(2) 0x02f4d3b3b37f560c8a33f399cb8cf66422758a47d99fa8d8f76ee965c74c64c0
(3) 0xc91277494b1565506df313ed89cf335d3fa2578448c6bd499e424bc5d96afa60
(4) 0xfc448793fec592b86257d3478986767c11826e3a0dd1774a98e94958f9b5afaf
(5) 0xaf5561625a461344c98410ea75ef5c07d523627b1013c8530e3760a4ae7d00a2
(6) 0x70ebedc779bdb523b5dd58c2b1ab5e73c243d2a2cf1dd111528589e96e30e65f
(7) 0x59c52bd13ee5d33133a5b59b237234be41965d3901926bd3ef588f7400ca79f2
(8) 0x0c281cee1822a32a37934411b2735b29fed1a46ffe8c989be1c6f9d726f64fc1
(9) 0x470e6fff21f9d14ca055771a30c577fb1d9cad1cb767f0599a6c823b627e5599

HD Wallet
==================
Mnemonic:      entry because mask trophy cloth poet style armed draw liberty elevator region
Base HD Path:  m/44'/60'/0'/0/{account_index}

Default Gas Price
==================
2000000000

BlockGas Limit
==================
30000000

Call Gas Limit
==================
50000000

Chain
==================
Hardfork: shanghai
Id:       1337

RPC Listening on 127.0.0.1:8545
web3_clientVersion
eth_blockNumber
net_version
eth_accounts
eth_accounts
eth_blockNumber
net_version
eth_getBlockByNumber
eth_estimateGas
eth_getBlockByNumber
eth_gasPrice
eth_sendTransaction

  Transaction: 0x2841f7d68982f5e93f93263fe003cb7960deb98f93615767b3750140286a17ae
  Contract created: 0x2d10ce962ff1734a3ac044edae2ea6d9f6f3bf7a
  Gas usage: 1146811
  Block number: 1
  Block time: Fri May 08 2026 00:39:55 GMT+0700 (Indochina Time)

eth_getTransactionReceipt
eth_getCode
eth_getTransactionReceipt
eth_getBlockByNumber
eth_gasPrice
eth_sendTransaction

  Transaction: 0x7c8ea4d2c706d49d361f20568ed8f6d077a331f46b78852affb0d10a2f23e01c
  Gas usage: 21055
  Block number: 2
  Block time: Fri May 08 2026 00:39:55 GMT+0700 (Indochina Time)

eth_getTransactionReceipt
net_version
eth_getBlockByNumber
eth_estimateGas
eth_getBlockByNumber
eth_gasPrice
eth_sendTransaction

  Transaction: 0x37bdf89afc75830c00fe97e58b69a8d39e12d2d0fcc30e7d7f8ab8e9c7941dff
  Gas usage: 72874
  Block number: 3
  Block time: Fri May 08 2026 00:39:55 GMT+0700 (Indochina Time)

eth_getTransactionReceipt
eth_blockNumber
eth_getBalance
eth_getTransactionByHash
debug_traceTransaction
eth_getTransactionByHash
debug_traceTransaction
eth_getTransactionByHash
debug_traceTransaction

Received shutdown signal: SIGTERM
Shutting down…
Server has been shut down
