COMMAND: python3 experiments/scale_trace/scripts/trace_result_json.py /home/aothuatgiadp/blockchain/project/CTLC-Implementation/experiments/scale_trace/runs/random_v1_106/D-_E_evm_fund_de_CTLCMultipleEdges_best_claim/result.json /home/aothuatgiadp/blockchain/project/CTLC-Implementation/experiments/scale_trace/runs/random_v1_106/D-_E_evm_fund_de_CTLCMultipleEdges_best_claim/trace.json
STATUS: 0

STDOUT:
{
  "graph_id": "",
  "pair": "D->E|evm|fund:de",
  "contract": "CTLCMultipleEdges",
  "scenario": "best_claim",
  "contractAddress": "0x4728bFba7ae9A32bd8C5BB743716639762cf1b4c",
  "traces": {
    "deploy": {
      "tx_hash": "0x3b85478e01cbf4ba39de872a8e16601619b3163723d05a0a1d8b738a225749a4",
      "actual_calldata_bytes": 7817,
      "actual_sstore_count": 13,
      "actual_call_count": 0,
      "opcode_steps": 2160
    },
    "fund": {
      "tx_hash": "0x3ac4879b2115ff38f6c3a0c9df60b2dafbeed36d352687b8be1482f0e8282574",
      "actual_calldata_bytes": 0,
      "actual_sstore_count": 0,
      "actual_call_count": 0,
      "opcode_steps": 13
    },
    "claim_level0": {
      "tx_hash": "0xee4255b1c4b0c7cee0d38e7994d808d34ca0ce9360debaee04b01d5b9d1cd269",
      "actual_calldata_bytes": 324,
      "actual_sstore_count": 1,
      "actual_call_count": 1,
      "opcode_steps": 1241
    }
  }
}


STDERR:

