ganache v7.9.2 (@ganache/cli: 0.10.2, @ganache/core: 0.10.2)
Starting RPC server

Available Accounts
==================
(0) 0xc24941ab7f602B645260A433c4660af6beE14CD8 (1000 ETH)
(1) 0x3C43FEb2fbcC6Aa161fE2db394c18894237f0b71 (1000 ETH)
(2) 0xAE1127ae88b7f0a722B18B65Be7368Ac06b8A826 (1000 ETH)
(3) 0xa639a4111980867Cf771d1Dbc5E1A91596d0E184 (1000 ETH)
(4) 0x8B23B971379FCAE84daeb72EB0E7584e43848D18 (1000 ETH)
(5) 0x373560Ed452A5EA1ABE46C994086Cf6cA930E355 (1000 ETH)
(6) 0x409D49e579034a5723d5756DCBE2F236Dd3b46b7 (1000 ETH)
(7) 0xF31A9D9812F96C62D98Fd2AFD2693eCA91775bfB (1000 ETH)
(8) 0xf5B588B9752E6c942B80c7DE106D972aA804f850 (1000 ETH)
(9) 0xA15496E565Dcf2e5Cda526A2C2FCE7251A88697d (1000 ETH)

Private Keys
==================
(0) 0x80729e743fea0d03a4d330a83e822b47dac938abf46914379ebd34a7f27168ce
(1) 0x8bc597cf7ea4a296152de7ffa195b23807c6cff7cf74af73f97841bd44059bbb
(2) 0xe94b2a44793f5b3a7ef4fa094ba562b05259f6e761b92dd7b930e10e23c1b69c
(3) 0x487c8db655b3b920f1e8a2493d31512f8945ef7866ae8685b4c0ef79d25ae250
(4) 0x746ef013c09d303f4d2f5ceb7514bb307a6d8d9bc121b4bc991f0d8c258d1345
(5) 0x3ff3cc65a25a49b9a182a7f90c56a2d1c098f14f3fbea2d24ff9f99f2ea2bb74
(6) 0x58df22c57d4c292cc8e0485903d371e2c2f524e970e6ca04528008e7b2774f7f
(7) 0x4e62521609d1021b798b5e32a187d035c5341d41a1454c3a90841b9f3af5f856
(8) 0x65578c0dddb5386a4ab65784f1c683ab350e448e3ef7c962bf14d1f8a344e109
(9) 0xa648f2a6c624e57e23ea476cdda47b71cb77e21668f5839cda375f733f5e6806

HD Wallet
==================
Mnemonic:      message model letter liar tube parade dish blanket dune faith firm help
Base HD Path:  m/44'/60'/0'/0/{account_index}

Default Gas Price
==================
2000000000

BlockGas Limit
==================
30000000

Call Gas Limit
==================
50000000

Chain
==================
Hardfork: shanghai
Id:       1337

RPC Listening on 127.0.0.1:8545
web3_clientVersion
eth_blockNumber
net_version
eth_accounts
eth_accounts
eth_blockNumber
net_version
eth_getBlockByNumber
eth_estimateGas
eth_getBlockByNumber
eth_gasPrice
eth_sendTransaction

  Transaction: 0xb62cbcb0cbb2aba5dd15e47629e09913061f87b8e9a87fbfc97cd2a89a4735f7
  Contract created: 0x49dc243fdbae9a6bfaf7840dad7c0a94b67b6994
  Gas usage: 1561867
  Block number: 1
  Block time: Fri May 08 2026 00:27:02 GMT+0700 (Indochina Time)

eth_getTransactionReceipt
eth_getCode
eth_getTransactionReceipt
eth_getBlockByNumber
eth_gasPrice
eth_sendTransaction

  Transaction: 0xf2010d48c3de5afc4ccbe4069d19a6755a5867900168d1a1e6fb20c0ba33288c
  Gas usage: 21055
  Block number: 2
  Block time: Fri May 08 2026 00:27:02 GMT+0700 (Indochina Time)

eth_getTransactionReceipt
net_version
eth_getBlockByNumber
eth_estimateGas
eth_getBlockByNumber
eth_gasPrice
eth_sendTransaction

  Transaction: 0x735b40a7b81810a13b4cbca79569277e07b9cece64eeeeb7226abc837b8e128e
  Gas usage: 75924
  Block number: 3
  Block time: Fri May 08 2026 00:27:02 GMT+0700 (Indochina Time)

eth_getTransactionReceipt
eth_blockNumber
eth_getBalance
eth_getTransactionByHash
debug_traceTransaction
eth_getTransactionByHash
debug_traceTransaction
eth_getTransactionByHash
debug_traceTransaction

Received shutdown signal: SIGTERM
Shutting down…
Server has been shut down
