Using network 'development'.

{
  "ok": true,
  "graph_id": "",
  "pair": "G->D|evm|fund:gd",
  "pairKey": "G->D|evm|fund:gd",
  "contract": "CTLCOnly",
  "scenario": "worst_claim",
  "deployGas": "0x117fbb",
  "gasUsed": "72874",
  "disableGasUsed": "0",
  "claimGasUsed": "72874",
  "refundGasUsed": "",
  "contractAddress": "0x5bB6Ff23E814438FecE6Aeb526C9d5A9D3E28009",
  "startBlock": "0",
  "endBlock": "3",
  "finalContractBalanceWei": "0",
  "deployer": "0xbb640b74e95932A98d5FbCC05D92f9d2177CA275",
  "party": "0x2Fc538F75fD4c8C9d4b1292e153d87E051223B54",
  "counterparty": "0xbc39375F9F1541E0819A4A3d45B6A89677F9CAfA",
  "fundingWei": "1000000000000000000",
  "timelocks": [
    8
  ],
  "transactions": [
    {
      "role": "deploy",
      "txHash": "0xaada279b87b01199ee27b1e2ccde2910560fb40461bd86f2670ece645f9c11d3"
    },
    {
      "role": "fund",
      "txHash": "0xf883089e96fb5b50e2fcd0dbd8e65c09c6b45aaf025aa45b399cc72e0a1e3ee1"
    },
    {
      "role": "claim",
      "txHash": "0x39c95445d53be0e7980ce6bab15362e9b797754a5507c16068e231177be7559b",
      "level": 0,
      "option": 0
    }
  ],
  "txRoles": [
    {
      "role": "deploy",
      "txHash": "0xaada279b87b01199ee27b1e2ccde2910560fb40461bd86f2670ece645f9c11d3"
    },
    {
      "role": "fund",
      "txHash": "0xf883089e96fb5b50e2fcd0dbd8e65c09c6b45aaf025aa45b399cc72e0a1e3ee1"
    },
    {
      "role": "claim",
      "txHash": "0x39c95445d53be0e7980ce6bab15362e9b797754a5507c16068e231177be7559b",
      "level": 0,
      "option": 0
    }
  ],
  "deployTxHash": "0xaada279b87b01199ee27b1e2ccde2910560fb40461bd86f2670ece645f9c11d3",
  "fundTxHash": "0xf883089e96fb5b50e2fcd0dbd8e65c09c6b45aaf025aa45b399cc72e0a1e3ee1",
  "claimTxHash": "0x39c95445d53be0e7980ce6bab15362e9b797754a5507c16068e231177be7559b",
  "txHash": "0x39c95445d53be0e7980ce6bab15362e9b797754a5507c16068e231177be7559b",
  "tx": "0x39c95445d53be0e7980ce6bab15362e9b797754a5507c16068e231177be7559b"
}
