ganache v7.9.2 (@ganache/cli: 0.10.2, @ganache/core: 0.10.2)
Starting RPC server

Available Accounts
==================
(0) 0x8fCBb4dD32f49a6E3e8DB7ac0E746Fd69220A747 (1000 ETH)
(1) 0xda552f97A25AfD55485b7BE6897d1fd1Df008eE8 (1000 ETH)
(2) 0x5Ea6AcEDA4f92833EB0Dd5daF34f7c291C75f9E1 (1000 ETH)
(3) 0x51Ee97967811E28229107c380df1101C28e73fDC (1000 ETH)
(4) 0x7cf20BBEAcc2D9a985714B68e68Cb7aFDb987596 (1000 ETH)
(5) 0x6Cac620418114916DF8b43aFeb29b53d48a0C331 (1000 ETH)
(6) 0x25d771F72A4B3E0AcFc8eFDBaE2f4d2c912821c1 (1000 ETH)
(7) 0xa845237E1CaBaa3916dBD969b0264304cD96f8E9 (1000 ETH)
(8) 0x1E3bc9c012dE9a042689EB84beE7DCe6B558b46b (1000 ETH)
(9) 0x3cDD79C71e33cA4B10d1Fe09D7060D24fB07c6Cc (1000 ETH)

Private Keys
==================
(0) 0xfe086b35023e4a5f18260624848ce4032d28de9a92281b4d9efef8351659bbfc
(1) 0xac5258499635bbfe34a7c68fc3a45f6262b8c6d9361feeff1015412532681d71
(2) 0x59738f7ba8c93b467e4e3ae45325c1a466276598e44f7ab561970b6a09609fa9
(3) 0xe4af6a581747ce1848ec6a590d8e424f170b3781622b324be3876e7c593aecc1
(4) 0x0178ea1bac11d069ed97ad3e9be8795c23e55c350e023661c163c3611a832b45
(5) 0x012379aa76ec0ada89197e2b0fb56fb6312dda5ccfb81dbd1e6c08f964e9965e
(6) 0x4b32890503ffff3b63041cadb12ccc41294c5c91a459584088429cef01420407
(7) 0x7d6595ed87e4d316bd42e9de4a0808f5435b7395793806acce36a4e79b63a805
(8) 0x8d93fde7032d825a37a264302c37c4ba687eb8b6f9bc444a9e82e0790123e1ed
(9) 0xe2127cabc293c0aba355cd0acfe6bcadadf4e113046e2e96ff8912da57cafbee

HD Wallet
==================
Mnemonic:      clerk tribe enjoy suffer salmon charge earth escape paper sting book they
Base HD Path:  m/44'/60'/0'/0/{account_index}

Default Gas Price
==================
2000000000

BlockGas Limit
==================
30000000

Call Gas Limit
==================
50000000

Chain
==================
Hardfork: shanghai
Id:       1337

RPC Listening on 127.0.0.1:8545
web3_clientVersion
eth_blockNumber
net_version
eth_accounts
eth_accounts
eth_blockNumber
net_version
eth_getBlockByNumber
eth_estimateGas
eth_getBlockByNumber
eth_gasPrice
eth_sendTransaction

  Transaction: 0xc3645d4a98a90735d82ae3b13841d9d2aed20b190e7c3042120eeb52e81cf714
  Contract created: 0x93e7071b0e9ad7e8cfe9ea300d59c7459bef771e
  Gas usage: 1285274
  Block number: 1
  Block time: Fri May 08 2026 02:46:43 GMT+0700 (Indochina Time)

eth_getTransactionReceipt
eth_getCode
eth_getTransactionReceipt
eth_getBlockByNumber
eth_gasPrice
eth_sendTransaction

  Transaction: 0xb9e7e1fd00f8da27130a8cc977a6762a68bab5eb38839e498534ff1c7293eb2b
  Gas usage: 21055
  Block number: 2
  Block time: Fri May 08 2026 02:46:43 GMT+0700 (Indochina Time)

eth_getTransactionReceipt
eth_blockNumber
evm_mine
eth_blockNumber
evm_mine
eth_blockNumber
evm_mine
eth_blockNumber
evm_mine
eth_blockNumber
evm_mine
eth_blockNumber
evm_mine
eth_blockNumber
net_version
eth_getBlockByNumber
eth_estimateGas
eth_getBlockByNumber
eth_gasPrice
eth_sendTransaction

  Transaction: 0xc1a109dd8121e1bc9784bf5ef8efd2765d2d9ec1f4fa61d0ef22a5f5f1428406
  Gas usage: 59539
  Block number: 9
  Block time: Fri May 08 2026 02:46:43 GMT+0700 (Indochina Time)

eth_getTransactionReceipt
eth_blockNumber
eth_getBalance
eth_getTransactionByHash
debug_traceTransaction
eth_getTransactionByHash
debug_traceTransaction
eth_getTransactionByHash
debug_traceTransaction

Received shutdown signal: SIGTERM
Shutting down…
Server has been shut down
