COMMAND: python3 experiments/scale_trace/scripts/trace_result_json.py /home/aothuatgiadp/blockchain/project/CTLC-Implementation/experiments/scale_trace/runs/random_v1_70/C-_D_evm_fund_cd_CTLCMultipleEdges_best_claim/result.json /home/aothuatgiadp/blockchain/project/CTLC-Implementation/experiments/scale_trace/runs/random_v1_70/C-_D_evm_fund_cd_CTLCMultipleEdges_best_claim/trace.json
STATUS: 0

STDOUT:
{
  "graph_id": "",
  "pair": "C->D|evm|fund:cd",
  "contract": "CTLCMultipleEdges",
  "scenario": "best_claim",
  "contractAddress": "0x0d4F4CFd02eD174255d5ef2E56Ed4A59C57A7D57",
  "traces": {
    "deploy": {
      "tx_hash": "0xfa30731c0207b61d22857c3e5207458f3d51cc08d606883382789109f12c9d23",
      "actual_calldata_bytes": 8201,
      "actual_sstore_count": 23,
      "actual_call_count": 0,
      "opcode_steps": 3619
    },
    "fund": {
      "tx_hash": "0x7c91caaff9dfab4ce5c565563965b245eb8805c6a5c0e2a9c92dfa7ce3fcacf7",
      "actual_calldata_bytes": 0,
      "actual_sstore_count": 0,
      "actual_call_count": 0,
      "opcode_steps": 13
    },
    "claim_level0": {
      "tx_hash": "0x21f622352554f87f3cc457734a02e11e0b515c75af30a7da4d32c3aced448422",
      "actual_calldata_bytes": 420,
      "actual_sstore_count": 1,
      "actual_call_count": 1,
      "opcode_steps": 1597
    }
  }
}


STDERR:

