ganache v7.9.2 (@ganache/cli: 0.10.2, @ganache/core: 0.10.2)
Starting RPC server

Available Accounts
==================
(0) 0xA49e1941866304bAdF71096f016d76Bf374D586A (1000 ETH)
(1) 0xb0b0CaCC32C507b09F5f3bdC5EE273Dfd89a8699 (1000 ETH)
(2) 0xAd45FB629521F7B25a6a39Ce00EBb11C832156F6 (1000 ETH)
(3) 0xCA1C310Ae654279EE2bda2E380a64B44B55f45D4 (1000 ETH)
(4) 0x0F3d7c09c885c0001e13f3Db39e68227edCbF60f (1000 ETH)
(5) 0x3f8998bF6C0f518C41515a5b53d488718d8c4087 (1000 ETH)
(6) 0xAEB0Ae40d1133285D5e35561eE87B7C7989974e5 (1000 ETH)
(7) 0x3f20Be7dDF4544b366E7716dA44e513218d81210 (1000 ETH)
(8) 0xC3b8B0CFBf26C34De4cb3133D7CF332C4377a7D0 (1000 ETH)
(9) 0xB81C68947dB908261A515844838e79AdD0c9eA8d (1000 ETH)

Private Keys
==================
(0) 0x036cd5abdd3f8dbc9a0f6c87ef4e159949122160184a217810e3f2e2872c8738
(1) 0x6d8de46925ac5b567d3ba75982ac98e36b9f5a51b27a9634a6460e34334ee980
(2) 0xc397643c7aed1999250164557dea6e21b18dc3739ffe788e70348266781a9ff2
(3) 0x3e07411cb518d0a425f6532274ee58ea80f0a245902dfd820a818109769f798e
(4) 0x694d857c914de9496ce7a59193624a0573dd5c921bd224c6b221e797dc9c682a
(5) 0x6ea20eab57cfb3e0350854acc7b928057271d3715b88bb609e7c982cffc7bd56
(6) 0x5ca8f8eb122dd9a7c938af5347805055563f08d679151a0a4921690482ebc677
(7) 0xc8311d35775189273f790d47efeb082dfffec7a639174e25f5e39823b8f346e2
(8) 0xd5b062aaad54af0905b894a05c159e33410c09affefd2a71289a0938fd03522a
(9) 0x73b06b20773b41c64e31daafa4bfbac52bf19c2fb859779ca36eba8e9e90c67e

HD Wallet
==================
Mnemonic:      boy annual human bitter region salmon wealth inch easily offer display give
Base HD Path:  m/44'/60'/0'/0/{account_index}

Default Gas Price
==================
2000000000

BlockGas Limit
==================
30000000

Call Gas Limit
==================
50000000

Chain
==================
Hardfork: shanghai
Id:       1337

RPC Listening on 127.0.0.1:8545
web3_clientVersion
eth_blockNumber
net_version
eth_accounts
eth_accounts
eth_blockNumber
net_version
eth_getBlockByNumber
eth_estimateGas
eth_getBlockByNumber
eth_gasPrice
eth_sendTransaction

  Transaction: 0xbc476f1ec8d8ab6de188cb9d3592f48f25bbad2a7ebd142454b6caea425c4323
  Contract created: 0xe653a5d225a1086073b5e4c879cd9e2cf50833a7
  Gas usage: 1100987
  Block number: 1
  Block time: Fri May 08 2026 00:22:41 GMT+0700 (Indochina Time)

eth_getTransactionReceipt
eth_getCode
eth_getTransactionReceipt
eth_getBlockByNumber
eth_gasPrice
eth_sendTransaction

  Transaction: 0x4ad9e819721391a31b040416d5b5c6f983f545745c8c38e8613c929cedec3deb
  Gas usage: 21055
  Block number: 2
  Block time: Fri May 08 2026 00:22:41 GMT+0700 (Indochina Time)

eth_getTransactionReceipt
net_version
eth_getBlockByNumber
eth_estimateGas
eth_getBlockByNumber
eth_gasPrice
eth_sendTransaction

  Transaction: 0x4c03128684312783740ff8ff3d9dc15fa998bc56cb2b746eecb257c1b7c5daeb
  Gas usage: 64620
  Block number: 3
  Block time: Fri May 08 2026 00:22:41 GMT+0700 (Indochina Time)

eth_getTransactionReceipt
eth_blockNumber
eth_getBalance
eth_getTransactionByHash
debug_traceTransaction
eth_getTransactionByHash
debug_traceTransaction
eth_getTransactionByHash
debug_traceTransaction

Received shutdown signal: SIGTERM
Shutting down…
Server has been shut down
