ganache v7.9.2 (@ganache/cli: 0.10.2, @ganache/core: 0.10.2)
Starting RPC server

Available Accounts
==================
(0) 0xDAea36956115794B7A40cC4778D4605fDcBC9242 (1000 ETH)
(1) 0xD66b334Ea9cCA49e3B4E255e4a4Fb01A3CE7a163 (1000 ETH)
(2) 0x69b93aCeb16dC78294034800A871C8EcDD240978 (1000 ETH)
(3) 0x56F9322221E50262fDF64976993c78F8E1be1C01 (1000 ETH)
(4) 0x4eef2Ba325720681ABb310329928cAF21FCF0498 (1000 ETH)
(5) 0x30BE7454e449b104337bfBaF824F5b3e981516C7 (1000 ETH)
(6) 0x1A09f8E68c1b7E0Aab91E1A4C11A39916a551282 (1000 ETH)
(7) 0xc5D22EB2570E03cCcC2f334FCa5Ef79af309E958 (1000 ETH)
(8) 0xfD929237E4C79A157eE9604F5491D4C2EB502a03 (1000 ETH)
(9) 0xA7bb59Cf7738b90C14d4CB836ca9c243c9cD9Ee9 (1000 ETH)

Private Keys
==================
(0) 0xd291591ea131ac3dbb45a23fce5a9ea41d8f11593d7af89d81eca1f7b83eeb2e
(1) 0x9777b2a0f7790834a01365068f6f829cc215199d713a6a1be42f94de20de898b
(2) 0x9d07082be3ed9b63d3b277f94ea95b12d80ef90a1f30741c253391beb8c87be2
(3) 0x89d643e558255bfd98b0db7454a15b50c8718b448169021b23a525ab9bd1448c
(4) 0x47dd7b9bfc35862af66a326cc304e7c2d0c511b2f291098d932eb04c761f1746
(5) 0x41accc972dae086d0ce4175f8e14c544eb84b39b95df9b2f1574d74ed934d432
(6) 0x95b6516227c038586af12d0e3d86e1db111b0dbf7683a5d54445003f63ac7618
(7) 0xc357e5cc82ae330fa40c5388dd908e51baf1d14baadea335e90bad3fd6552908
(8) 0xb843f91822f22b3e8a4390a0340a95055c158c2a569331468d8078e63941bff5
(9) 0xab6ffac68d7f8579fd09aae1bd6624279802bcbd4ab67ec4072e8c050824349b

HD Wallet
==================
Mnemonic:      elder industry oven sick person solar true announce plastic real summer joy
Base HD Path:  m/44'/60'/0'/0/{account_index}

Default Gas Price
==================
2000000000

BlockGas Limit
==================
30000000

Call Gas Limit
==================
50000000

Chain
==================
Hardfork: shanghai
Id:       1337

RPC Listening on 127.0.0.1:8545
web3_clientVersion
eth_blockNumber
net_version
eth_accounts
eth_accounts
eth_blockNumber
net_version
eth_getBlockByNumber
eth_estimateGas
eth_getBlockByNumber
eth_gasPrice
eth_sendTransaction

  Transaction: 0x724f6314a213a24df8f30abe8ffb6de16adbc1d76bf333c96e284ad1e8832a0c
  Contract created: 0xf9c2c4c6a7f5c3bed2af33592e9385d0eac8546d
  Gas usage: 1907703
  Block number: 1
  Block time: Thu May 07 2026 21:19:04 GMT+0700 (Indochina Time)

eth_getTransactionReceipt
eth_getCode
eth_getTransactionReceipt
eth_getBlockByNumber
eth_gasPrice
eth_sendTransaction

  Transaction: 0xc73043e4f526d24c1b08285968f7c787cd430bbf6f0a062f465b2119f640ff36
  Gas usage: 21055
  Block number: 2
  Block time: Thu May 07 2026 21:19:04 GMT+0700 (Indochina Time)

eth_getTransactionReceipt
eth_blockNumber
evm_mine
eth_blockNumber
evm_mine
eth_blockNumber
evm_mine
eth_blockNumber
evm_mine
eth_blockNumber
evm_mine
eth_blockNumber
net_version
eth_getBlockByNumber
eth_estimateGas
eth_getBlockByNumber
eth_gasPrice
eth_sendTransaction

  Transaction: 0xedb692d2d505109672bb174cdac87055b5eaec3e9940194018ffbc7a0fe920c5
  Gas usage: 52925
  Block number: 8
  Block time: Thu May 07 2026 21:19:04 GMT+0700 (Indochina Time)

eth_getTransactionReceipt
eth_blockNumber
net_version
eth_getBlockByNumber
eth_estimateGas
eth_getBlockByNumber
eth_gasPrice
eth_sendTransaction

  Transaction: 0x830a9c2986ef4d6939b72b88b5f101196b45fcef9154c2febe1a094303a036dc
  Gas usage: 35837
  Block number: 9
  Block time: Thu May 07 2026 21:19:04 GMT+0700 (Indochina Time)

eth_getTransactionReceipt
net_version
eth_getBlockByNumber
eth_estimateGas
eth_getBlockByNumber
eth_gasPrice
eth_sendTransaction

  Transaction: 0x0ed8c555ccee36d01a305fd12d30ff4625da391359c46f523497b200b077bcdf
  Gas usage: 80279
  Block number: 10
  Block time: Thu May 07 2026 21:19:04 GMT+0700 (Indochina Time)

eth_getTransactionReceipt
eth_blockNumber
eth_getBalance
eth_getTransactionByHash
debug_traceTransaction
eth_getTransactionByHash
debug_traceTransaction
eth_getTransactionByHash
debug_traceTransaction
eth_getTransactionByHash
debug_traceTransaction
eth_getTransactionByHash
debug_traceTransaction

Received shutdown signal: SIGTERM
Shutting down…
Server has been shut down
