Using network 'development'.

{
  "ok": true,
  "graph_id": "",
  "pair": "D->B|evm|fund:db",
  "pairKey": "D->B|evm|fund:db",
  "contract": "CTLCOnly",
  "scenario": "refund",
  "deployGas": "0x1232bb",
  "gasUsed": "59561",
  "disableGasUsed": "0",
  "claimGasUsed": "",
  "refundGasUsed": "59561",
  "contractAddress": "0x83f42e10C2F7d3CA0EFea77C63f66DaB8c18Ce26",
  "startBlock": "0",
  "endBlock": "11",
  "finalContractBalanceWei": "0",
  "deployer": "0x79EbD48cFDD30F1530c05C4Db4Cd455aE7783630",
  "party": "0xd02c95A93F202B2F60a04da8fa768f7c6f27eE4B",
  "counterparty": "0xF71042aaAAd92D6F60AE852Db5e72D727Df356eF",
  "fundingWei": "1000000000000000000",
  "timelocks": [
    10
  ],
  "transactions": [
    {
      "role": "deploy",
      "txHash": "0xb35e7db8e98154fd03937a5da0c847e3e8d011b7daa63a146350dafcce5acf7d"
    },
    {
      "role": "fund",
      "txHash": "0x32714adec535a952b2da1077bf171705aeae7b44cdda6076961acf026d4d2a26"
    },
    {
      "role": "refund",
      "txHash": "0x9bfcfa445169bd4bde5be3d0fcc11cbd9251817635a8caa7aa08f2aff3ab349c",
      "level": 0
    }
  ],
  "txRoles": [
    {
      "role": "deploy",
      "txHash": "0xb35e7db8e98154fd03937a5da0c847e3e8d011b7daa63a146350dafcce5acf7d"
    },
    {
      "role": "fund",
      "txHash": "0x32714adec535a952b2da1077bf171705aeae7b44cdda6076961acf026d4d2a26"
    },
    {
      "role": "refund",
      "txHash": "0x9bfcfa445169bd4bde5be3d0fcc11cbd9251817635a8caa7aa08f2aff3ab349c",
      "level": 0
    }
  ],
  "deployTxHash": "0xb35e7db8e98154fd03937a5da0c847e3e8d011b7daa63a146350dafcce5acf7d",
  "fundTxHash": "0x32714adec535a952b2da1077bf171705aeae7b44cdda6076961acf026d4d2a26",
  "refundTxHash": "0x9bfcfa445169bd4bde5be3d0fcc11cbd9251817635a8caa7aa08f2aff3ab349c",
  "refundTx": "0x9bfcfa445169bd4bde5be3d0fcc11cbd9251817635a8caa7aa08f2aff3ab349c"
}
