Using network 'development'.

{
  "ok": true,
  "graph_id": "",
  "pair": "B->F|evm|fund:bf",
  "pairKey": "B->F|evm|fund:bf",
  "contract": "CTLCMultipleEdges",
  "scenario": "worst_claim",
  "deployGas": "0x17d517",
  "gasUsed": "133192",
  "disableGasUsed": "52925",
  "claimGasUsed": "80267",
  "refundGasUsed": "",
  "contractAddress": "0x1628fc78af3b7d97FDF4805DBE408C5dAa198821",
  "startBlock": "0",
  "endBlock": "10",
  "finalContractBalanceWei": "0",
  "deployer": "0x4912BFA6548e44af25E67E4b9EFBf8DAa3a8c1C4",
  "party": "0x18bD7d7D82c11C4e5A2a8F70331B0F01b3187308",
  "counterparty": "0xC0dcfD86EfBd33358Ea3e78eE8870eb4AEbb084B",
  "fundingWei": "1000000000000000000",
  "timelocks": [
    8,
    9
  ],
  "transactions": [
    {
      "role": "deploy",
      "txHash": "0x5b456f291e19b1c7404c23e31b612d122d2c5f5a1305a1255a559a951c14dafc"
    },
    {
      "role": "fund",
      "txHash": "0x2124b1624c102607e29c5e4ca1e4d766496ab98639bcd6ade844ea25b3cb9341"
    },
    {
      "role": "disable",
      "txHash": "0x22ac8771a393bcc9bde62c4ea94b6c9aa4817b71a9f387bd465f90b364c7372a",
      "level": 0
    },
    {
      "role": "claim",
      "txHash": "0x38568ee3db3b4fa94bc84570071da79271964009792ca25a788c3649401f38c7",
      "level": 1,
      "option": 0
    }
  ],
  "txRoles": [
    {
      "role": "deploy",
      "txHash": "0x5b456f291e19b1c7404c23e31b612d122d2c5f5a1305a1255a559a951c14dafc"
    },
    {
      "role": "fund",
      "txHash": "0x2124b1624c102607e29c5e4ca1e4d766496ab98639bcd6ade844ea25b3cb9341"
    },
    {
      "role": "disable",
      "txHash": "0x22ac8771a393bcc9bde62c4ea94b6c9aa4817b71a9f387bd465f90b364c7372a",
      "level": 0
    },
    {
      "role": "claim",
      "txHash": "0x38568ee3db3b4fa94bc84570071da79271964009792ca25a788c3649401f38c7",
      "level": 1,
      "option": 0
    }
  ],
  "deployTxHash": "0x5b456f291e19b1c7404c23e31b612d122d2c5f5a1305a1255a559a951c14dafc",
  "fundTxHash": "0x2124b1624c102607e29c5e4ca1e4d766496ab98639bcd6ade844ea25b3cb9341",
  "disableTxHashes": [
    "0x22ac8771a393bcc9bde62c4ea94b6c9aa4817b71a9f387bd465f90b364c7372a"
  ],
  "disableTxHash": "0x22ac8771a393bcc9bde62c4ea94b6c9aa4817b71a9f387bd465f90b364c7372a",
  "disableTx": "0x22ac8771a393bcc9bde62c4ea94b6c9aa4817b71a9f387bd465f90b364c7372a",
  "claimTxHash": "0x38568ee3db3b4fa94bc84570071da79271964009792ca25a788c3649401f38c7",
  "txHash": "0x38568ee3db3b4fa94bc84570071da79271964009792ca25a788c3649401f38c7",
  "tx": "0x38568ee3db3b4fa94bc84570071da79271964009792ca25a788c3649401f38c7"
}
