ganache v7.9.2 (@ganache/cli: 0.10.2, @ganache/core: 0.10.2)
Starting RPC server

Available Accounts
==================
(0) 0xE10ee2784874C1EA525B164488D99b7F9CDe1b0A (1000 ETH)
(1) 0xddcCA9f87679a5Ea7aeC631bc529d2724f7B3b4E (1000 ETH)
(2) 0x79FeFdb18B52B76f6CE41c8c8a035994513a94b1 (1000 ETH)
(3) 0xbB5F6685AaA8E5a3899b153b041380A2b60E7534 (1000 ETH)
(4) 0xa9CE76CFbc921CCD8bC17379dcca509370b5825D (1000 ETH)
(5) 0x70F39542462Eb918F230074e15960D93291329A2 (1000 ETH)
(6) 0xEd071e1B77C4f20fe2A37DeBD2dbd2356A61b804 (1000 ETH)
(7) 0x2d7aEff922db693554132e28E7bbb1f5c828eB9D (1000 ETH)
(8) 0xE5A0BaE802fC4A26b5f680Db48D491E2f0D9edA4 (1000 ETH)
(9) 0xFd3076d1e242DBA9048a784a4eF73192F98d0665 (1000 ETH)

Private Keys
==================
(0) 0xc77e194e9e53229b261871482053c514f7aa8dc561d4b76af782d3667e27924f
(1) 0xd5812c1f0f5d1afcea21d6f63adf20bf5c963900c7d3e6a4b49eb10d8f607bd4
(2) 0xf74d65192cdfc79a71d71b6510d8f9247605e218d6eaf7e864138b692edf723a
(3) 0x49f19603bd3e1a4bf9b57622eac155bf00ccd8fe5a011f4522beacbed59b3dc2
(4) 0x5fb9c4ff4ec510fc02aa7c013509aee2268ed8c76640d51d9743c26d0238b43c
(5) 0x2f7c2fb03be55e7f664414e47128bc6c00126f4cfbebec68429662e2cb8ae933
(6) 0xa63ebc7e58ef735f0dc9fe59d5a636108f9d6a088c59073fa1c51c605ffbf277
(7) 0x2ab8ac7a3dbb9a2a99d6f7888312181d04dc6ca261d74c406f6110a63a6c8980
(8) 0xc641a9f0b59acb410eca88596109fba18db5073d8f96d74c17254341b8e3162d
(9) 0x767a4be6ebb253b6f36343fc0ebc6f1117e8a3b3bdd62c35e9fd39833b4501e8

HD Wallet
==================
Mnemonic:      sniff clock almost battle dutch right egg decide smooth grace peanut blossom
Base HD Path:  m/44'/60'/0'/0/{account_index}

Default Gas Price
==================
2000000000

BlockGas Limit
==================
30000000

Call Gas Limit
==================
50000000

Chain
==================
Hardfork: shanghai
Id:       1337

RPC Listening on 127.0.0.1:8545
web3_clientVersion
eth_blockNumber
net_version
eth_accounts
eth_accounts
eth_blockNumber
net_version
eth_getBlockByNumber
eth_estimateGas
eth_getBlockByNumber
eth_gasPrice
eth_sendTransaction

  Transaction: 0xe80da420a4e5afacb4fa723b4d7592165ee65a943f0ccde8cb0230db1a293c2c
  Contract created: 0x1f600a8c9fc68423b6c4afc3c29838bec07eb306
  Gas usage: 1193638
  Block number: 1
  Block time: Fri May 08 2026 03:10:30 GMT+0700 (Indochina Time)

eth_getTransactionReceipt
eth_getCode
eth_getTransactionReceipt
eth_getBlockByNumber
eth_gasPrice
eth_sendTransaction

  Transaction: 0x4238b28bef672f95d8b11b05ef48a013fdcf41628381f0fd7d7f7f21542deb70
  Gas usage: 21055
  Block number: 2
  Block time: Fri May 08 2026 03:10:30 GMT+0700 (Indochina Time)

eth_getTransactionReceipt
net_version
eth_getBlockByNumber
eth_estimateGas
eth_getBlockByNumber
eth_gasPrice
eth_sendTransaction

  Transaction: 0xd104b6b0875d98e94c6f1ccea5b29d3e5beb37ab5bc479e9515a626383879a44
  Gas usage: 67334
  Block number: 3
  Block time: Fri May 08 2026 03:10:30 GMT+0700 (Indochina Time)

eth_getTransactionReceipt
eth_blockNumber
eth_getBalance
eth_getTransactionByHash
debug_traceTransaction
eth_getTransactionByHash
debug_traceTransaction
eth_getTransactionByHash
debug_traceTransaction

Received shutdown signal: SIGTERM
Shutting down…
Server has been shut down
