Using network 'development'.

{
  "ok": true,
  "graph_id": "",
  "pair": "E->A|evm|fund:ea",
  "pairKey": "E->A|evm|fund:ea",
  "contract": "CTLCOnly",
  "scenario": "worst_claim",
  "deployGas": "0x10ccbb",
  "gasUsed": "64620",
  "disableGasUsed": "0",
  "claimGasUsed": "64620",
  "refundGasUsed": "",
  "contractAddress": "0x35cafe9A8C2Bb03FBcB7553240eECeB677f2c9AE",
  "startBlock": "0",
  "endBlock": "3",
  "finalContractBalanceWei": "0",
  "deployer": "0xC2C06F17D047E31f52717C723b008e6c8e237BF9",
  "party": "0x8d7304c6CBdFE3E296290F4EDd16be3567AF5d37",
  "counterparty": "0x8D7ab34a1f330BF1e1f8767642839d9b1155Dcf6",
  "fundingWei": "1000000000000000000",
  "timelocks": [
    6
  ],
  "transactions": [
    {
      "role": "deploy",
      "txHash": "0x24c09c8085e08925221f3bbbbb57595f61c8aa4b53fcbcecba871a189a6632b5"
    },
    {
      "role": "fund",
      "txHash": "0x2d82a5789a7ac12d9639bd7c7825c786faeff19da93bddad5e0d719dea15974c"
    },
    {
      "role": "claim",
      "txHash": "0x647a1c447a382163b89c0ebef418f768c76316d78fcecf4f38bfeef6a4e1dbe0",
      "level": 0,
      "option": 0
    }
  ],
  "txRoles": [
    {
      "role": "deploy",
      "txHash": "0x24c09c8085e08925221f3bbbbb57595f61c8aa4b53fcbcecba871a189a6632b5"
    },
    {
      "role": "fund",
      "txHash": "0x2d82a5789a7ac12d9639bd7c7825c786faeff19da93bddad5e0d719dea15974c"
    },
    {
      "role": "claim",
      "txHash": "0x647a1c447a382163b89c0ebef418f768c76316d78fcecf4f38bfeef6a4e1dbe0",
      "level": 0,
      "option": 0
    }
  ],
  "deployTxHash": "0x24c09c8085e08925221f3bbbbb57595f61c8aa4b53fcbcecba871a189a6632b5",
  "fundTxHash": "0x2d82a5789a7ac12d9639bd7c7825c786faeff19da93bddad5e0d719dea15974c",
  "claimTxHash": "0x647a1c447a382163b89c0ebef418f768c76316d78fcecf4f38bfeef6a4e1dbe0",
  "txHash": "0x647a1c447a382163b89c0ebef418f768c76316d78fcecf4f38bfeef6a4e1dbe0",
  "tx": "0x647a1c447a382163b89c0ebef418f768c76316d78fcecf4f38bfeef6a4e1dbe0"
}
