COMMAND: python3 experiments/scale_trace/scripts/trace_result_json.py /home/aothuatgiadp/blockchain/project/CTLC-Implementation/experiments/scale_trace/runs/random_v1_37/C-_D_evm_fund_cd_CTLCOnly_refund/result.json /home/aothuatgiadp/blockchain/project/CTLC-Implementation/experiments/scale_trace/runs/random_v1_37/C-_D_evm_fund_cd_CTLCOnly_refund/trace.json
STATUS: 0

STDOUT:
{
  "graph_id": "",
  "pair": "C->D|evm|fund:cd",
  "contract": "CTLCOnly",
  "scenario": "refund",
  "contractAddress": "0x920E72A6C7C0f7433aA01587C3Fbb8CC584BEB94",
  "traces": {
    "deploy": {
      "tx_hash": "0x13d6a3acfa4facb141be97227ade6f1937940101b6029021a3ea83a24bef0148",
      "actual_calldata_bytes": 7315,
      "actual_sstore_count": 14,
      "actual_call_count": 0,
      "opcode_steps": 2176
    },
    "fund": {
      "tx_hash": "0xe962e288bd19f63c2edd840ef6ae99a3ce3bf17c79fc938f873b67ac2e583997",
      "actual_calldata_bytes": 0,
      "actual_sstore_count": 0,
      "actual_call_count": 0,
      "opcode_steps": 13
    },
    "disable_level0": {
      "tx_hash": "0xf88a3aee7d5c6d2c6b920a1a6e4f73a2667bf69bbb46aa68ed39993f139e20da",
      "actual_calldata_bytes": 36,
      "actual_sstore_count": 1,
      "actual_call_count": 0,
      "opcode_steps": 305
    },
    "refund_level1": {
      "tx_hash": "0x9fa7dca91fc527c3025291634b677a73ec25339daf6e3f674660058254f855fc",
      "actual_calldata_bytes": 4,
      "actual_sstore_count": 1,
      "actual_call_count": 1,
      "opcode_steps": 229
    }
  }
}


STDERR:

