ganache v7.9.2 (@ganache/cli: 0.10.2, @ganache/core: 0.10.2)
Starting RPC server

Available Accounts
==================
(0) 0x8032EFdADB4452637a5725931995e9BA59c565fE (1000 ETH)
(1) 0x579e0fEffab9df7E8CAbfBcF70D5dA4433b8d81d (1000 ETH)
(2) 0x5f0D0a6e37b6804dd4eE0B848D6b4a9d2De48213 (1000 ETH)
(3) 0xb59Aa0C992d1e008317C36964532a386d07E5c78 (1000 ETH)
(4) 0x9997928CB61FfA5D43b0800A1BeF4BFA3a3cF35e (1000 ETH)
(5) 0x28d8229Ec160B7bF977a515501145dA7970Cb65C (1000 ETH)
(6) 0x5551d43fc60098333EA4F65f498c11C5807A7ab0 (1000 ETH)
(7) 0xb7A3eF8AD841dd0442107b67540BDFF53550f318 (1000 ETH)
(8) 0x54cB1ca9E8C6891896a174f27076799b96109B77 (1000 ETH)
(9) 0x5dBfc3b97EB0cb786854BbeccDD5330A4A3eC9Fc (1000 ETH)

Private Keys
==================
(0) 0xbcc8aaf30f2202fbd8a81e7775b7ed2c748b28308db292fa12b8b2d8e1d448f2
(1) 0x614d4993a41ce859678a7b170b227ca8c225706b2af208c82e2eff58943b1dfd
(2) 0xc613e035ba704755f35c9d07cdfef923eec04411384285cdb8c632d0c06371c7
(3) 0x099215227ac8f98e59b704cc6ebbec3bdc9330e0ae155f3380f255ebc0317bda
(4) 0x78f1ac9d46105bcc007ee4ed6b804f835dfa8e804e0dc4a2f4db1ba315f02d70
(5) 0xf2c57b099e58317d27a5387909ebe3d9c750d74f470fbc7fb843ef5605b7cbff
(6) 0x86c2813c5daac2455c48b8d403fbde425cc1197437bc302a55e5c2391db8c9e0
(7) 0x712f8a1eee675fc62e1bb803788e057b4fa956d43d0470d9f9304bcf1c3548d2
(8) 0x943c47a0dde7cfd8aac2593d870edf3d52a373d1da0d88b2dd5de76430673a93
(9) 0x18f3bc181f92e62949f85d012a66ac7d5759de040d52c340de18fd0c25151ae8

HD Wallet
==================
Mnemonic:      keen silent game double eye fatigue hello help angry man hospital achieve
Base HD Path:  m/44'/60'/0'/0/{account_index}

Default Gas Price
==================
2000000000

BlockGas Limit
==================
30000000

Call Gas Limit
==================
50000000

Chain
==================
Hardfork: shanghai
Id:       1337

RPC Listening on 127.0.0.1:8545
web3_clientVersion
eth_blockNumber
net_version
eth_accounts
eth_accounts
eth_blockNumber
net_version
eth_getBlockByNumber
eth_estimateGas
eth_getBlockByNumber
eth_gasPrice
eth_sendTransaction

  Transaction: 0xb0c9e840ad8b9b3f22a66f0cd3df32fd92544d2b80464e4f02078191308b8f68
  Contract created: 0xb2f6be91e33d157de4284b298e2ba6968faeb247
  Gas usage: 1607172
  Block number: 1
  Block time: Fri May 08 2026 00:38:59 GMT+0700 (Indochina Time)

eth_getTransactionReceipt
eth_getCode
eth_getTransactionReceipt
eth_getBlockByNumber
eth_gasPrice
eth_sendTransaction

  Transaction: 0xa4844c72c5d258d01e4b02c4e5984312cac037db7f247272b4314058265fb019
  Gas usage: 21055
  Block number: 2
  Block time: Fri May 08 2026 00:38:59 GMT+0700 (Indochina Time)

eth_getTransactionReceipt
eth_blockNumber
evm_mine
eth_blockNumber
evm_mine
eth_blockNumber
evm_mine
eth_blockNumber
evm_mine
eth_blockNumber
evm_mine
eth_blockNumber
evm_mine
eth_blockNumber
evm_mine
eth_blockNumber
evm_mine
eth_blockNumber
net_version
eth_getBlockByNumber
eth_estimateGas
eth_getBlockByNumber
eth_gasPrice
eth_sendTransaction

  Transaction: 0xff6d3525ec14d332219c72a0f370bff6f2289bbb904954cd61f3373fb25a274a
  Gas usage: 52925
  Block number: 11
  Block time: Fri May 08 2026 00:38:59 GMT+0700 (Indochina Time)

eth_getTransactionReceipt
net_version
eth_getBlockByNumber
eth_estimateGas
eth_getBlockByNumber
eth_gasPrice
eth_sendTransaction

  Transaction: 0x6a7ead3cb4e45ddc49dceae50867506a2102c218baf552c578f6e084498af8e5
  Gas usage: 88918
  Block number: 12
  Block time: Fri May 08 2026 00:38:59 GMT+0700 (Indochina Time)

eth_getTransactionReceipt
eth_blockNumber
eth_getBalance
eth_getTransactionByHash
debug_traceTransaction
eth_getTransactionByHash
debug_traceTransaction
eth_getTransactionByHash
debug_traceTransaction
eth_getTransactionByHash
debug_traceTransaction

Received shutdown signal: SIGTERM
Shutting down…
Server has been shut down
