ganache v7.9.2 (@ganache/cli: 0.10.2, @ganache/core: 0.10.2)
Starting RPC server
web3_clientVersion

Available Accounts
==================
(0) 0x07D721cE48d156870C826A16CD477d66520Bbe42 (1000 ETH)
(1) 0x481b61367b45100B1D8106506DF3C5F23DD930d3 (1000 ETH)
(2) 0x9404867F38A56151BA123Bd4fcf342e990349891 (1000 ETH)
(3) 0xaCA07bE6b1062856E37e515AE0a81299961eB572 (1000 ETH)
(4) 0x0C068144D4083e82b648ACC37f629d875B648589 (1000 ETH)
(5) 0x0a891BB2947eC67eE17044902288457ae103931e (1000 ETH)
(6) 0xd94a76bf9482A59e04f59253c68a29E1f830e705 (1000 ETH)
(7) 0x96C60e1ec7C52A53414e5338954370375EA419E5 (1000 ETH)
(8) 0x616e086F5c821BeD137E84bD306119055DBB9Af8 (1000 ETH)
(9) 0xe0923a33B00096aDC555C926cB2d4822b495bCf5 (1000 ETH)

Private Keys
==================
(0) 0x43867a29225d152aea9cde0330000e2e95e41c72b8cac5b480e15ea03f5faff7
(1) 0xcf6709f4768e96cb1eacaee3cbc1bfb78ec5bbaa1d9fce62c8c3bf9fb321912a
(2) 0xffb54ea97b171f98f6125b0316b3f789898b41d935fe47ea8e89f8d1b80bf8aa
(3) 0xe119e3d76d72e2fbf2afc5a5e14a3b1055b71720a05b5dbfa847f28d65535923
(4) 0xf08953f3d3c2553e612d71447aeae2f7d789e845a309bf01411d5ca51ecdb8b3
(5) 0x9a261ca50dc3777226e6dc67a719e63336594a4faf022b19d0e57a4791a5e226
(6) 0xcfac23c05259600c628f468ef7533d96aa5f9e4eeea4b131adf12d45285e8a58
(7) 0x34da489d1eede43d2130e1c724d569c5beccc59d8f13ba997fd1a0e0bf41e8b7
(8) 0x2f0f49279f8bcc0da9da35cc0cc2b7de1fa5800034a3fa22f6b3a05b4f8f7c8a
(9) 0xc24a8aeefe2058a184202622181c96593df1e9374ff7395ded21abb406df542b

HD Wallet
==================
Mnemonic:      mountain truth sleep invite design often transfer wise shock skull rain powder
Base HD Path:  m/44'/60'/0'/0/{account_index}

Default Gas Price
==================
2000000000

BlockGas Limit
==================
30000000

Call Gas Limit
==================
50000000

Chain
==================
Hardfork: shanghai
Id:       1337

RPC Listening on 127.0.0.1:8545
eth_blockNumber
net_version
eth_accounts
eth_accounts
eth_blockNumber
net_version
eth_getBlockByNumber
eth_estimateGas
eth_getBlockByNumber
eth_gasPrice
eth_sendTransaction

  Transaction: 0x61bff64982fe4bdc9dfb842680873312fdf60c902e4fc45f3f9d07969ad7c873
  Contract created: 0x67bf6e47c616806c4920690b1d04566e5b3de378
  Gas usage: 1100987
  Block number: 1
  Block time: Thu May 07 2026 22:23:39 GMT+0700 (Indochina Time)

eth_getTransactionReceipt
eth_getCode
eth_getTransactionReceipt
eth_getBlockByNumber
eth_gasPrice
eth_sendTransaction

  Transaction: 0xbc924884e557cd518111aa7f6618e19a120fd1d3c9e3a2654391c97f6475d083
  Gas usage: 21055
  Block number: 2
  Block time: Thu May 07 2026 22:23:39 GMT+0700 (Indochina Time)

eth_getTransactionReceipt
net_version
eth_getBlockByNumber
eth_estimateGas
eth_getBlockByNumber
eth_gasPrice
eth_sendTransaction

  Transaction: 0x15a5a20131272c05ceb4cd8ebdd4a546195443d1783a9662e3f31023c76f765c
  Gas usage: 64620
  Block number: 3
  Block time: Thu May 07 2026 22:23:39 GMT+0700 (Indochina Time)

eth_getTransactionReceipt
eth_blockNumber
eth_getBalance
eth_getTransactionByHash
debug_traceTransaction
eth_getTransactionByHash
debug_traceTransaction
eth_getTransactionByHash
debug_traceTransaction

Received shutdown signal: SIGTERM
Shutting down…
Server has been shut down
