ganache v7.9.2 (@ganache/cli: 0.10.2, @ganache/core: 0.10.2)
Starting RPC server

Available Accounts
==================
(0) 0x5DfF232EA5Caa90fA68A4D65c77Ec853148376C0 (1000 ETH)
(1) 0x303D3bb98cb3bb4627c1E63E80C051f1A65d7839 (1000 ETH)
(2) 0x1E5f12915171f5d21b9EF8e875D3a33f3Bd3A487 (1000 ETH)
(3) 0xC92c5DF71C72367856D5F9652bBCb9eb4379686A (1000 ETH)
(4) 0x762fd67e9Fc6DA0B472B09a38A1149A9975C6E7e (1000 ETH)
(5) 0x764a9180deC4B9ABFEa3D1952C67581875c2506a (1000 ETH)
(6) 0xfC7c6F5dE820F5B050fEDDBBf407E8BC8bDA826c (1000 ETH)
(7) 0x78148a72dEE5aC48a453261253e8F5fD48c683E5 (1000 ETH)
(8) 0x4B6Ea68c35B4132bD41c021D2810C6671e2C88aD (1000 ETH)
(9) 0x9894aB221Fcd5C5D57D593bf530cfb2fBe54E5AD (1000 ETH)

Private Keys
==================
(0) 0xeeee808494e62fe0a20d330109b42ed50c2b7e7bea676184a8b0b1d4c5e30dbc
(1) 0xd48b48cd45ae3e0d322d533f7a6053a9aae3052f8c720d857f71aa99cc2363a8
(2) 0x24820500f50c60dd7c9d6cf379f232dc7c30af935db59a5dfe71d06468d13cff
(3) 0x518f01735a2ae336248c1efcb620b10ce236bdd977e88e24d7b421fe09530979
(4) 0x4516a99f0f613cecd2e81a1b2be9e34b57a0c05af7cce2f03c980fee749a74ea
(5) 0x7947dc2307a603995ba5bd09aa30ed6c24c9893f8d80b4d02680888e9f8d6173
(6) 0xf110f12f7fb0c164a8237553ff034f6a5d65bd838b0aae5962643f8d476e7303
(7) 0xeea8fe695736c99fd0128c0eef55541582048876004a8fd50997a027a3f7bf03
(8) 0x857883d113c7ccab245e39d287d99cfe3d472f74173952727471f728434cbbcb
(9) 0x12555d87faafd7fe77e09e809176781e9d0db10d4af659d8978247c71838c20d

HD Wallet
==================
Mnemonic:      tackle pepper cave thought typical tag online clip tunnel muscle essence effort
Base HD Path:  m/44'/60'/0'/0/{account_index}

Default Gas Price
==================
2000000000

BlockGas Limit
==================
30000000

Call Gas Limit
==================
50000000

Chain
==================
Hardfork: shanghai
Id:       1337

RPC Listening on 127.0.0.1:8545
web3_clientVersion
eth_blockNumber
net_version
eth_accounts
eth_accounts
eth_blockNumber
net_version
eth_getBlockByNumber
eth_estimateGas
eth_getBlockByNumber
eth_gasPrice
eth_sendTransaction

  Transaction: 0xe5da521df9e3844c4a06edb06a666f5f2f3239505601bf91654e0bee4be3a110
  Contract created: 0xb30b4d4f2f346d84cb487e9e8e6157e84923f5ba
  Gas usage: 1100987
  Block number: 1
  Block time: Fri May 08 2026 02:57:58 GMT+0700 (Indochina Time)

eth_getTransactionReceipt
eth_getCode
eth_getTransactionReceipt
eth_getBlockByNumber
eth_gasPrice
eth_sendTransaction

  Transaction: 0x63a52d7d5ce8386cc468c0e881920cca6ea79542d20748b40ba7ce220a3cc014
  Gas usage: 21055
  Block number: 2
  Block time: Fri May 08 2026 02:57:58 GMT+0700 (Indochina Time)

eth_getTransactionReceipt
eth_blockNumber
evm_mine
eth_blockNumber
evm_mine
eth_blockNumber
evm_mine
eth_blockNumber
evm_mine
eth_blockNumber
net_version
eth_getBlockByNumber
eth_estimateGas
eth_getBlockByNumber
eth_gasPrice
eth_sendTransaction

  Transaction: 0xe4d0cb321bc07dc8aa11793c9354e8ce8d5d7fac6e1574887e724012a58ccee9
  Gas usage: 59561
  Block number: 7
  Block time: Fri May 08 2026 02:57:58 GMT+0700 (Indochina Time)

eth_getTransactionReceipt
eth_blockNumber
eth_getBalance
eth_getTransactionByHash
debug_traceTransaction
eth_getTransactionByHash
debug_traceTransaction
eth_getTransactionByHash
debug_traceTransaction

Received shutdown signal: SIGTERM
Shutting down…
Server has been shut down
