Using network 'development'.

{
  "ok": true,
  "graph_id": "",
  "pair": "C->D|evm|fund:cd",
  "pairKey": "C->D|evm|fund:cd",
  "contract": "CTLCOnly",
  "scenario": "worst_claim",
  "deployGas": "0x117fbb",
  "gasUsed": "72874",
  "disableGasUsed": "0",
  "claimGasUsed": "72874",
  "refundGasUsed": "",
  "contractAddress": "0x260B1FE19A88BB931d2d457aD8884c0D8fDB9D3F",
  "startBlock": "0",
  "endBlock": "3",
  "finalContractBalanceWei": "0",
  "deployer": "0xf417b7f219dF848B2F421C61635e19b8A13eD2b7",
  "party": "0x7B62eb2140bfb2Dd22C983022a7C6A5B36D26408",
  "counterparty": "0x78e1D1f13E682e8C751cE7D56D2182181b84b9E3",
  "fundingWei": "1000000000000000000",
  "timelocks": [
    8
  ],
  "transactions": [
    {
      "role": "deploy",
      "txHash": "0x48620de6661b8ae60f0d1e9e1a6cb399dd559f26cac00fb84558b4c344629137"
    },
    {
      "role": "fund",
      "txHash": "0x1b38c0aeb95e56d42be78206516d26bf73fcfb287e5fd1e7408cc433dbc04c0a"
    },
    {
      "role": "claim",
      "txHash": "0xd51f9fd7ae4fe096e0eccbd4d09fc4474a430f7afaaf044d29eec6e1b0753721",
      "level": 0,
      "option": 0
    }
  ],
  "txRoles": [
    {
      "role": "deploy",
      "txHash": "0x48620de6661b8ae60f0d1e9e1a6cb399dd559f26cac00fb84558b4c344629137"
    },
    {
      "role": "fund",
      "txHash": "0x1b38c0aeb95e56d42be78206516d26bf73fcfb287e5fd1e7408cc433dbc04c0a"
    },
    {
      "role": "claim",
      "txHash": "0xd51f9fd7ae4fe096e0eccbd4d09fc4474a430f7afaaf044d29eec6e1b0753721",
      "level": 0,
      "option": 0
    }
  ],
  "deployTxHash": "0x48620de6661b8ae60f0d1e9e1a6cb399dd559f26cac00fb84558b4c344629137",
  "fundTxHash": "0x1b38c0aeb95e56d42be78206516d26bf73fcfb287e5fd1e7408cc433dbc04c0a",
  "claimTxHash": "0xd51f9fd7ae4fe096e0eccbd4d09fc4474a430f7afaaf044d29eec6e1b0753721",
  "txHash": "0xd51f9fd7ae4fe096e0eccbd4d09fc4474a430f7afaaf044d29eec6e1b0753721",
  "tx": "0xd51f9fd7ae4fe096e0eccbd4d09fc4474a430f7afaaf044d29eec6e1b0753721"
}
