ganache v7.9.2 (@ganache/cli: 0.10.2, @ganache/core: 0.10.2)
Starting RPC server

Available Accounts
==================
(0) 0xca4F6e5A0d0E577d617FE1bCFe185A80Db66539F (1000 ETH)
(1) 0x67d10f8da5c45B00382123f957d1146e29b9c782 (1000 ETH)
(2) 0x3E3890FFA342E562cff1E90360f9fa7Bf42b5C7b (1000 ETH)
(3) 0x19c4D1e34740C1Ab8A6b04038EDC282E0AfaB412 (1000 ETH)
(4) 0x29dB0a61D0F20a910b496c7781dFF1b035Ccf29e (1000 ETH)
(5) 0xEB9aa3d537e3f5b91DB6F4B91C47eB34792cFCCB (1000 ETH)
(6) 0xBAe219b6d8695c98EDb147b9EdC307319C2D9381 (1000 ETH)
(7) 0xAC742E72Fbdd2e00C3F501d15Dab6539f58D6426 (1000 ETH)
(8) 0x5A3007D7eBb7402677263363EFECe28dBe11C9a7 (1000 ETH)
(9) 0xF812EF94E0a3ebcf41eF1492c84adc81733934bd (1000 ETH)

Private Keys
==================
(0) 0x56069e9547e11def7fbb06416f99d13cbc487464fec000f0f884006e107cd7c0
(1) 0x8ae384be08c8c931d1529496dd7762b69f659091eeab5318635b9117db4129f6
(2) 0x2260da57898edb99599842389b03b465a6ada1c8c40fac3fc93b5bfa262e3a79
(3) 0xf136dd8805fe77c184a353585ac6c7c18187dd7daabbe9c66ec10cbf547262e0
(4) 0x03242d8004736ecbe3458860ba6350ffc7159a62414c66e6b9aae4a4f85f8646
(5) 0xd060dd27129ff5f1e2093c73862b6054341e8ff994bfc31fbfac5775fcb8e98e
(6) 0xaa53d5bcbc3705de813fb31fbfc34bf6b485f696e47bf40273763407c4f0a452
(7) 0x2ebc0cd4cc6324645f328048ae28954955032ccdd14402b4edf27119c41934f4
(8) 0x6c7dd7880635a7f9b21f8813fee1a1cc483e575b1267289f9136b8a2d56e5fc4
(9) 0xf100eeb6dc4b9acead59530f0e40d584e4d9df6311ed266414f47130afab82cd

HD Wallet
==================
Mnemonic:      cradle unveil brain okay car steel barely asthma middle limit fossil build
Base HD Path:  m/44'/60'/0'/0/{account_index}

Default Gas Price
==================
2000000000

BlockGas Limit
==================
30000000

Call Gas Limit
==================
50000000

Chain
==================
Hardfork: shanghai
Id:       1337

RPC Listening on 127.0.0.1:8545
web3_clientVersion
eth_blockNumber
net_version
eth_accounts
eth_accounts
eth_blockNumber
net_version
eth_getBlockByNumber
eth_estimateGas
eth_getBlockByNumber
eth_gasPrice
eth_sendTransaction

  Transaction: 0xef02b1a8fed5b33f6145543dbc8a60a4bd3cce838e4769995efa03adff7da650
  Contract created: 0x0e73a677c60b0298e3ef3feec804faba81b48176
  Gas usage: 1330718
  Block number: 1
  Block time: Fri May 08 2026 03:13:18 GMT+0700 (Indochina Time)

eth_getTransactionReceipt
eth_getCode
eth_getTransactionReceipt
eth_getBlockByNumber
eth_gasPrice
eth_sendTransaction

  Transaction: 0xcdfda9386b87090aa4bbd09015dc4bff06959e6af1e80b1dd9d8b039a7c7bb01
  Gas usage: 21055
  Block number: 2
  Block time: Fri May 08 2026 03:13:18 GMT+0700 (Indochina Time)

eth_getTransactionReceipt
eth_blockNumber
evm_mine
eth_blockNumber
evm_mine
eth_blockNumber
evm_mine
eth_blockNumber
evm_mine
eth_blockNumber
evm_mine
eth_blockNumber
evm_mine
eth_blockNumber
evm_mine
eth_blockNumber
net_version
eth_getBlockByNumber
eth_estimateGas
eth_getBlockByNumber
eth_gasPrice
eth_sendTransaction

  Transaction: 0xc7809331e88d102c966989da4391b00a0d815c086a020cd324ac650c21bdf6b9
  Gas usage: 52947
  Block number: 10
  Block time: Fri May 08 2026 03:13:19 GMT+0700 (Indochina Time)

eth_getTransactionReceipt
net_version
eth_getBlockByNumber
eth_estimateGas
eth_getBlockByNumber
eth_gasPrice
eth_sendTransaction

  Transaction: 0x2ac5ebf18bf8319c697a1a1e5e204a0f1470165bab5788b5167452915a2b7cea
  Gas usage: 81176
  Block number: 11
  Block time: Fri May 08 2026 03:13:19 GMT+0700 (Indochina Time)

eth_getTransactionReceipt
eth_blockNumber
eth_getBalance
eth_getTransactionByHash
debug_traceTransaction
eth_getTransactionByHash
debug_traceTransaction
eth_getTransactionByHash
debug_traceTransaction
eth_getTransactionByHash
debug_traceTransaction

Received shutdown signal: SIGTERM
Shutting down…
Server has been shut down
