Using network 'development'.

{
  "ok": true,
  "graph_id": "",
  "pair": "C->D|evm|fund:cd",
  "pairKey": "C->D|evm|fund:cd",
  "contract": "CTLCMultipleEdges",
  "scenario": "worst_claim",
  "deployGas": "0x193aff",
  "gasUsed": "137535",
  "disableGasUsed": "52925",
  "claimGasUsed": "84610",
  "refundGasUsed": "",
  "contractAddress": "0xDecF0E9aA0540F55027C6c1b2FeF4A651e25B8d6",
  "startBlock": "0",
  "endBlock": "11",
  "finalContractBalanceWei": "0",
  "deployer": "0x011301d4F64899A813f94A8bB15393CFd4c017B4",
  "party": "0x27C71593ECa6504517595133b6F0Cc032936b537",
  "counterparty": "0xE7881aBC2816519C874995e89341Ab174A6a3f5D",
  "fundingWei": "1000000000000000000",
  "timelocks": [
    9,
    10
  ],
  "transactions": [
    {
      "role": "deploy",
      "txHash": "0x1452ffd09a9ead470ed03474b456ccfe15a145296e3d618201044eb5b287e697"
    },
    {
      "role": "fund",
      "txHash": "0x33f5902c340243b4c0ffe656ca3e918e4021eceae8580e8139b203269ac5b36c"
    },
    {
      "role": "disable",
      "txHash": "0x612d14b5258dd26010cc829680e4b0d774d45e6e8eb81b3ad132157d351a809f",
      "level": 0
    },
    {
      "role": "claim",
      "txHash": "0x5845d284e182b1d3ca52d3520b49f34fec207089baff91c182f9e832814b5332",
      "level": 1,
      "option": 0
    }
  ],
  "txRoles": [
    {
      "role": "deploy",
      "txHash": "0x1452ffd09a9ead470ed03474b456ccfe15a145296e3d618201044eb5b287e697"
    },
    {
      "role": "fund",
      "txHash": "0x33f5902c340243b4c0ffe656ca3e918e4021eceae8580e8139b203269ac5b36c"
    },
    {
      "role": "disable",
      "txHash": "0x612d14b5258dd26010cc829680e4b0d774d45e6e8eb81b3ad132157d351a809f",
      "level": 0
    },
    {
      "role": "claim",
      "txHash": "0x5845d284e182b1d3ca52d3520b49f34fec207089baff91c182f9e832814b5332",
      "level": 1,
      "option": 0
    }
  ],
  "deployTxHash": "0x1452ffd09a9ead470ed03474b456ccfe15a145296e3d618201044eb5b287e697",
  "fundTxHash": "0x33f5902c340243b4c0ffe656ca3e918e4021eceae8580e8139b203269ac5b36c",
  "disableTxHashes": [
    "0x612d14b5258dd26010cc829680e4b0d774d45e6e8eb81b3ad132157d351a809f"
  ],
  "disableTxHash": "0x612d14b5258dd26010cc829680e4b0d774d45e6e8eb81b3ad132157d351a809f",
  "disableTx": "0x612d14b5258dd26010cc829680e4b0d774d45e6e8eb81b3ad132157d351a809f",
  "claimTxHash": "0x5845d284e182b1d3ca52d3520b49f34fec207089baff91c182f9e832814b5332",
  "txHash": "0x5845d284e182b1d3ca52d3520b49f34fec207089baff91c182f9e832814b5332",
  "tx": "0x5845d284e182b1d3ca52d3520b49f34fec207089baff91c182f9e832814b5332"
}
