COMMAND: python3 experiments/scale_trace/scripts/trace_result_json.py /home/aothuatgiadp/blockchain/project/CTLC-Implementation/experiments/scale_trace/runs/random_v1_148/C-_D_evm_fund_cd_CTLCMultipleEdges_refund/result.json /home/aothuatgiadp/blockchain/project/CTLC-Implementation/experiments/scale_trace/runs/random_v1_148/C-_D_evm_fund_cd_CTLCMultipleEdges_refund/trace.json
STATUS: 0

STDOUT:
{
  "graph_id": "",
  "pair": "C->D|evm|fund:cd",
  "contract": "CTLCMultipleEdges",
  "scenario": "refund",
  "contractAddress": "0x57734E4358337a00A778FE295632B11d0fA5D053",
  "traces": {
    "deploy": {
      "tx_hash": "0x920f9fd22daddc91d464a60ae1540ae18c24aaaf15221d28f2be4849a84c71cc",
      "actual_calldata_bytes": 7881,
      "actual_sstore_count": 15,
      "actual_call_count": 0,
      "opcode_steps": 2336
    },
    "fund": {
      "tx_hash": "0x39c2f7e2e98cd50991d7f6b94dc43fc772f323a241eb3a911fb7366263f3d557",
      "actual_calldata_bytes": 0,
      "actual_sstore_count": 0,
      "actual_call_count": 0,
      "opcode_steps": 13
    },
    "refund_level0": {
      "tx_hash": "0xba0dac85639cd9b86d41e5b38c93b5bdde5494d54c599ba021664f2787690452",
      "actual_calldata_bytes": 4,
      "actual_sstore_count": 1,
      "actual_call_count": 1,
      "opcode_steps": 224
    }
  }
}


STDERR:

