COMMAND: python3 experiments/scale_trace/scripts/trace_result_json.py /home/aothuatgiadp/blockchain/project/CTLC-Implementation/experiments/scale_trace/runs/random_v1_200/F-_C_evm_fund_fc_CTLCOnly_refund/result.json /home/aothuatgiadp/blockchain/project/CTLC-Implementation/experiments/scale_trace/runs/random_v1_200/F-_C_evm_fund_fc_CTLCOnly_refund/trace.json
STATUS: 0

STDOUT:
{
  "graph_id": "",
  "pair": "F->C|evm|fund:fc",
  "contract": "CTLCOnly",
  "scenario": "refund",
  "contractAddress": "0xb13c44637C50cD3f4C5BA92F5838f7B15F45f85E",
  "traces": {
    "deploy": {
      "tx_hash": "0x4adbd048c667ec5a78d369c4ba10c73f097838daaffb740b1df753f6caf063e0",
      "actual_calldata_bytes": 7123,
      "actual_sstore_count": 9,
      "actual_call_count": 0,
      "opcode_steps": 1374
    },
    "fund": {
      "tx_hash": "0x7a0cb413ad3f03ef317b058554b08fdf84bd12d8f3eaf0b12900e95219643836",
      "actual_calldata_bytes": 0,
      "actual_sstore_count": 0,
      "actual_call_count": 0,
      "opcode_steps": 13
    },
    "refund_level0": {
      "tx_hash": "0xfba7e32f7d7384c9dc1ecfb2063156ba6a2670e43e0ec5b66f37c492362fac45",
      "actual_calldata_bytes": 4,
      "actual_sstore_count": 1,
      "actual_call_count": 1,
      "opcode_steps": 229
    }
  }
}


STDERR:

