ganache v7.9.2 (@ganache/cli: 0.10.2, @ganache/core: 0.10.2)
Starting RPC server
web3_clientVersion

Available Accounts
==================
(0) 0xb94097bEe5BB81A43954420ae5e1Dd11fBad16B0 (1000 ETH)
(1) 0x963605F4754d54305f4fB15007B1827D7eeD730a (1000 ETH)
(2) 0xe0Be6D35D8f93A30012518b6C1871AF9B377571C (1000 ETH)
(3) 0xea27E733086FA6DD1aA5Ed1e4668e1ce0581947d (1000 ETH)
(4) 0x11C2CdefdA3d6C36Cd6fcb067A6B49d94b14a98e (1000 ETH)
(5) 0x767091CBD70d2A8e0840575D0Df996C4B043D1a2 (1000 ETH)
(6) 0xaECE1BDaC0101C58D515198C5aa806A79925C98B (1000 ETH)
(7) 0xd1Bd2322aF690F8683841C57b032C6ABFEa1593f (1000 ETH)
(8) 0x20450D7da6305386100182965159d7022f731A70 (1000 ETH)
(9) 0xF9493a226AdfF158439a1AD6a06E51C30cb90A77 (1000 ETH)

Private Keys
==================
(0) 0x2979ef5edb051b4df54a186d476bec57c1c857313cf0582e4ab9723670016b2a
(1) 0x4194ae7bab702ce5bab020ddc6fab30cd48fc6d659a86d209821e43f342a0d35
(2) 0xc55ea51df46ee2b96f47a4b9eca61e30aca07d1d13b94ac46b1f9c69e9f80c01
(3) 0xcd917fa9df4406b26d0669efce03336c51b24ea6dc5d2dc7a1b5b7a565542adf
(4) 0xab2461d5da687c6944c346a617ec034bebe2437b5fd4a175a0473601dd6a0af4
(5) 0xab8fa2b33d0ff3187207f654442129bc73964f116a1c3b5acaddf7fd8cfac212
(6) 0x25a781ec3aa1d1503b6e41157fb210ea9a544b96096180dbf655a6dec1276f7e
(7) 0xc428a13a432f1d985aab4da62e1e831cc75c3de44971ebd9c8bc42284dc85e1f
(8) 0xcf22bffa9dcfd2e0760362becc809a308bcf0245c2dd531c83893b683dd3047d
(9) 0xf36ff0038c4fdcb1f6398818e326515d54096278141f5f1137b58992b2e648b5

HD Wallet
==================
Mnemonic:      valley hurdle arrange people foam hybrid erase float multiply brass escape finger
Base HD Path:  m/44'/60'/0'/0/{account_index}

Default Gas Price
==================
2000000000

BlockGas Limit
==================
30000000

Call Gas Limit
==================
50000000

Chain
==================
Hardfork: shanghai
Id:       1337

RPC Listening on 127.0.0.1:8545
eth_blockNumber
net_version
eth_accounts
eth_accounts
eth_blockNumber
net_version
eth_getBlockByNumber
eth_estimateGas
eth_getBlockByNumber
eth_gasPrice
eth_sendTransaction

  Transaction: 0x07a34578837792e04f67f7908c2a07e0867814c6e1da8b5fc51b35693bfcf855
  Contract created: 0x6e69002882366a2efd1079649e429d7092095a15
  Gas usage: 1284906
  Block number: 1
  Block time: Thu May 07 2026 20:36:15 GMT+0700 (Indochina Time)

eth_getTransactionReceipt
eth_getCode
eth_getTransactionReceipt
eth_getBlockByNumber
eth_gasPrice
eth_sendTransaction

  Transaction: 0x7234d1401f34fdebcf27931013543fe9fe6ef45f7f2af903746a9c485e377594
  Gas usage: 21055
  Block number: 2
  Block time: Thu May 07 2026 20:36:15 GMT+0700 (Indochina Time)

eth_getTransactionReceipt
eth_blockNumber
evm_mine
eth_blockNumber
evm_mine
eth_blockNumber
evm_mine
eth_blockNumber
evm_mine
eth_blockNumber
evm_mine
eth_blockNumber
evm_mine
eth_blockNumber
net_version
eth_getBlockByNumber
eth_estimateGas
eth_getBlockByNumber
eth_gasPrice
eth_sendTransaction

  Transaction: 0x60b320de01d626d1afb7b7908ca4642aecf37435b1e87a0d44f8bdd09253592a
  Gas usage: 52947
  Block number: 9
  Block time: Thu May 07 2026 20:36:15 GMT+0700 (Indochina Time)

eth_getTransactionReceipt
net_version
eth_getBlockByNumber
eth_estimateGas
eth_getBlockByNumber
eth_gasPrice
eth_sendTransaction

  Transaction: 0x556be85d7747638b9ef88413c47c0a358ad6ea42d2876904df9eeab5852497fa
  Gas usage: 77025
  Block number: 10
  Block time: Thu May 07 2026 20:36:15 GMT+0700 (Indochina Time)

eth_getTransactionReceipt
eth_blockNumber
eth_getBalance
eth_getTransactionByHash
debug_traceTransaction
eth_getTransactionByHash
debug_traceTransaction
eth_getTransactionByHash
debug_traceTransaction
eth_getTransactionByHash
debug_traceTransaction

Received shutdown signal: SIGTERM
Shutting down…
Server has been shut down
