ganache v7.9.2 (@ganache/cli: 0.10.2, @ganache/core: 0.10.2)
Starting RPC server

Available Accounts
==================
(0) 0xa55bBD3d8c01AAcAC8BCd0a4bed498e9cB19e781 (1000 ETH)
(1) 0x62537cEf3657928eD6f87E7FCd3Ac00bcf8aB557 (1000 ETH)
(2) 0x49c9b5bfF82830906AF79c58AbFC8f0Bd14d3D40 (1000 ETH)
(3) 0x4d9BeAfa77d013fF67e8efD085109461f7eafC8D (1000 ETH)
(4) 0x86eC9898B8E9452D58a4479Df48Ef81968D6F5E6 (1000 ETH)
(5) 0xb4e66598c2A01d7C1d1d2a1245e8A35Df2dec6B6 (1000 ETH)
(6) 0x39a31b73c256dCC0a343a663E94F53558BA31746 (1000 ETH)
(7) 0xA32E2eC4215eBF17Ad05A553C2926FDeF9a3bA38 (1000 ETH)
(8) 0x21d0E55912945e302A3482b48f9541A017DC00DA (1000 ETH)
(9) 0x89e9F9a72685dE8431E473AfbD07598c97898E11 (1000 ETH)

Private Keys
==================
(0) 0x90cdb8b8944bf66ab1781d8f772abbded16b3a688a596951e678debce893c1af
(1) 0x4badbb208addf3c2640d0feb8574bdb5ef5555d0ca6ad81e36cb6adf86aee4b6
(2) 0x95a790b6db3d9f47e55a8e24b2e0a9bf7f92931122e7742f09ea09ef5d71aed3
(3) 0x22c2c77c66b4013564e2bfaabfaf0445a8276179316add9e88fe9be283515bf4
(4) 0xeb0148da38ec5cf55f2eed367e3a2da5d8336c4d196d1cd4d8bda2a3f81116ff
(5) 0xe20848b0fe1351f1a3d666c0597718cf46d36ce4d70e912821b77ece63926b41
(6) 0xd87b6295e71e2d37c48b24afee8529c97604ac28d8594db995c8862067da3401
(7) 0x59a32c0564edd8230ce3f6e3bedef6c8e62b8165011b52ca2a9d43b4cf6754b7
(8) 0x1d5f195a1f83d026995e4dc10c460dc58be0f9484d525e80d77bd51b64cd8441
(9) 0x2093ca789eb6287e26834f5ce5aaad7d909de8d74d5e988cdb52ae307ffd6beb

HD Wallet
==================
Mnemonic:      lady prosper pilot poverty rail bullet salad mean image only monitor face
Base HD Path:  m/44'/60'/0'/0/{account_index}

Default Gas Price
==================
2000000000

BlockGas Limit
==================
30000000

Call Gas Limit
==================
50000000

Chain
==================
Hardfork: shanghai
Id:       1337

RPC Listening on 127.0.0.1:8545
web3_clientVersion
eth_blockNumber
net_version
eth_accounts
eth_accounts
eth_blockNumber
net_version
eth_getBlockByNumber
eth_estimateGas
eth_getBlockByNumber
eth_gasPrice
eth_sendTransaction

  Transaction: 0x67bcfcad4c2ae89af4e72ba6fed22f446d4ed14480928c53b81edfe0622e8106
  Contract created: 0xf0ee338afcf15cec26ea901c60f184f3592215b2
  Gas usage: 1538412
  Block number: 1
  Block time: Thu May 07 2026 20:30:44 GMT+0700 (Indochina Time)

eth_getTransactionReceipt
eth_getCode
eth_getTransactionReceipt
eth_getBlockByNumber
eth_gasPrice
eth_sendTransaction

  Transaction: 0x14fba0941b72998745be78f27da74a1a8a06316d425423b0f09ded9f039c4aa1
  Gas usage: 21055
  Block number: 2
  Block time: Thu May 07 2026 20:30:44 GMT+0700 (Indochina Time)

eth_getTransactionReceipt
net_version
eth_getBlockByNumber
eth_estimateGas
eth_getBlockByNumber
eth_gasPrice
eth_sendTransaction

  Transaction: 0x87271b7d5ff12ec50710aa64a45e9b6b4bf2fd9c3497f646e2406d471057f4b1
  Gas usage: 80267
  Block number: 3
  Block time: Thu May 07 2026 20:30:44 GMT+0700 (Indochina Time)

eth_getTransactionReceipt
eth_blockNumber
eth_getBalance
eth_getTransactionByHash
debug_traceTransaction
eth_getTransactionByHash
debug_traceTransaction
eth_getTransactionByHash
debug_traceTransaction

Received shutdown signal: SIGTERM
Shutting down…
Server has been shut down
