COMMAND: python3 experiments/scale_trace/scripts/trace_result_json.py /home/aothuatgiadp/blockchain/project/CTLC-Implementation/experiments/scale_trace/runs/random_v1_109/D-_C_evm_fund_dc_CTLCMultipleEdges_best_claim/result.json /home/aothuatgiadp/blockchain/project/CTLC-Implementation/experiments/scale_trace/runs/random_v1_109/D-_C_evm_fund_dc_CTLCMultipleEdges_best_claim/trace.json
STATUS: 0

STDOUT:
{
  "graph_id": "",
  "pair": "D->C|evm|fund:dc",
  "contract": "CTLCMultipleEdges",
  "scenario": "best_claim",
  "contractAddress": "0xf0Ee338afcF15CEC26ea901c60F184F3592215b2",
  "traces": {
    "deploy": {
      "tx_hash": "0x67bcfcad4c2ae89af4e72ba6fed22f446d4ed14480928c53b81edfe0622e8106",
      "actual_calldata_bytes": 8297,
      "actual_sstore_count": 26,
      "actual_call_count": 0,
      "opcode_steps": 3883
    },
    "fund": {
      "tx_hash": "0x14fba0941b72998745be78f27da74a1a8a06316d425423b0f09ded9f039c4aa1",
      "actual_calldata_bytes": 0,
      "actual_sstore_count": 0,
      "actual_call_count": 0,
      "opcode_steps": 13
    },
    "claim_level0": {
      "tx_hash": "0x87271b7d5ff12ec50710aa64a45e9b6b4bf2fd9c3497f646e2406d471057f4b1",
      "actual_calldata_bytes": 516,
      "actual_sstore_count": 1,
      "actual_call_count": 1,
      "opcode_steps": 1953
    }
  }
}


STDERR:

