ganache v7.9.2 (@ganache/cli: 0.10.2, @ganache/core: 0.10.2)
Starting RPC server

Available Accounts
==================
(0) 0xA1e8aC31056F64E0421a148Dd613d2aBF8978796 (1000 ETH)
(1) 0xfFc44A832EbCa5E7BAF99Fe33919784f86eaecB4 (1000 ETH)
(2) 0x510328078168CFEe41b9b79d5AC182937eDFf66b (1000 ETH)
(3) 0x5b55F72d7dfe696B6Cf2a77CC000CFa0CFE305D9 (1000 ETH)
(4) 0xDABf351F4d560c73947AC8e13E3001EB04216Abe (1000 ETH)
(5) 0x829a6BB64f8c5e9Df70BeCd4A34A1277FCA72CdC (1000 ETH)
(6) 0x2c67681367EECCa7Ee8ce07B80E10b25eBD66a27 (1000 ETH)
(7) 0x9Dd6c372ca0Dd23A919d99D3dA338CDBd20078F1 (1000 ETH)
(8) 0x9eF362e88e78b7FdE3Bc01a1C56d86FB13b39688 (1000 ETH)
(9) 0x56497856aDc186B875965b301535EC5713EECE8b (1000 ETH)

Private Keys
==================
(0) 0xcc00eb2876699b95feb20483940584c6123d8d3c4a399880d3185711604bfd68
(1) 0xfcda5aff3333b99e18621a5007744d5ddd89c9cfd6d1d785b6d0f6164c165140
(2) 0xd9e471cdee4050681aa2f7e059d45ca6ce43e74de92688900ce40286ac0bbe93
(3) 0x5eb7eda83fdadd3979155e0f5391d979ead17171b01ad103356eb0e1b469d96a
(4) 0x94b5ca80adb87e57364ad53630ecf0e9df38b3b889df0291949a10782903cb55
(5) 0xbbcdbbcb830eaa55068957102333659f3d9f65dca99107a4790c88c1afa4b469
(6) 0xa2071831a6e56eb2f461a3efe9f139746e8f645ea65d2d1d18e759fd6c3a0c9e
(7) 0x50d1c6b1a01555433aacdef8786ae510208e28e9d6233113f3f11f2d4950a3d0
(8) 0x146d5a0bb2ea2af2827ecca2ba82006c1084a7b02a2cfce782eac27c77521d1f
(9) 0xb6c8df5a481b73e9a88b21b5632c845d167e3620378f21b0dc8e8aafd4b8f0d0

HD Wallet
==================
Mnemonic:      jewel lounge tray analyst bacon language deny visit suspect slight mammal lobster
Base HD Path:  m/44'/60'/0'/0/{account_index}

Default Gas Price
==================
2000000000

BlockGas Limit
==================
30000000

Call Gas Limit
==================
50000000

Chain
==================
Hardfork: shanghai
Id:       1337

RPC Listening on 127.0.0.1:8545
web3_clientVersion
eth_blockNumber
net_version
eth_accounts
eth_accounts
eth_blockNumber
net_version
eth_getBlockByNumber
eth_estimateGas
eth_getBlockByNumber
eth_gasPrice
eth_sendTransaction

  Transaction: 0xe2fd4beadd83548d229434804b80d419b1e0b960aa0d4cea9f8d2f09477df5ca
  Contract created: 0x784719c2d98f99db36212f6bad241ef0651dd128
  Gas usage: 1100987
  Block number: 1
  Block time: Fri May 08 2026 02:26:32 GMT+0700 (Indochina Time)

eth_getTransactionReceipt
eth_getCode
eth_getTransactionReceipt
eth_getBlockByNumber
eth_gasPrice
eth_sendTransaction

  Transaction: 0x6efb520e1c0440ad7e36ef6086a1caf5c70527184ff0c39e1c11dfde26080bac
  Gas usage: 21055
  Block number: 2
  Block time: Fri May 08 2026 02:26:32 GMT+0700 (Indochina Time)

eth_getTransactionReceipt
net_version
eth_getBlockByNumber
eth_estimateGas
eth_getBlockByNumber
eth_gasPrice
eth_sendTransaction

  Transaction: 0x3afe8c563e39f82acf73fd1349fbf75e94a1b42acfbf8344efac6cb8c9ead41b
  Gas usage: 64620
  Block number: 3
  Block time: Fri May 08 2026 02:26:32 GMT+0700 (Indochina Time)

eth_getTransactionReceipt
eth_blockNumber
eth_getBalance
eth_getTransactionByHash
debug_traceTransaction
eth_getTransactionByHash
debug_traceTransaction
eth_getTransactionByHash
debug_traceTransaction

Received shutdown signal: SIGTERM
Shutting down…
Server has been shut down
