ganache v7.9.2 (@ganache/cli: 0.10.2, @ganache/core: 0.10.2)
Starting RPC server
web3_clientVersion

Available Accounts
==================
(0) 0xfc7A120ec7cB1FDaA3EF780BF0e9403dD713348D (1000 ETH)
(1) 0x3C4D741A59910Ce3Cf162E3CfFa82B1719150451 (1000 ETH)
(2) 0x5cF41e5D9f880405751bE1E93AdE5e38EE7D7529 (1000 ETH)
(3) 0x8f39675a4857098B4Fe8D8e8a3194eA48Afd9543 (1000 ETH)
(4) 0xbB63eF74bc45dB70de56e56D29D2CefFC287c199 (1000 ETH)
(5) 0xF72C53B1df066E0e00F528665A790b9B8DA57793 (1000 ETH)
(6) 0xF158b6C0B1a52620F0d81991d2cD7a3efbdC2F8B (1000 ETH)
(7) 0x80E904c1fD1370538E90912bb44412910553e2D4 (1000 ETH)
(8) 0x1667cEc3D2D7453E943DCfC4148d7cdBe621E3Ff (1000 ETH)
(9) 0xc6093F45712425Ae6F9F75330A61954F9AAD0EC3 (1000 ETH)

Private Keys
==================
(0) 0xa40819ece3f8f947143cbea00d34b556c36e92b31e7683d7a3f4039ecfaabc73
(1) 0xca01156aed18c78e0979d8905d53f461f5722021e16edf2b27394d2be9b88957
(2) 0xd1d33fbf54593cf20d7c19f3e67e1c1308db8dab79d3c0bceefd8da2e8a74b37
(3) 0xc1278e4f58f19170b436a4b7f1f0bb70f96a76a1eb4d2fe93df1c179be852b5c
(4) 0xe174af3d425e7f82b2f3b24b29df9ec88acd9f232482f0f0a4f0eea61bb1ba73
(5) 0xfd04b405139b365039fbe6db668f742275febe2b5b158afd81f89baf7c95bb3a
(6) 0xe1ced2218d8d44ee2a4e0b439537d918d72f9908d867829a5a277a7085e6ae64
(7) 0xd013cc0488d366d0444c1fac58fba5956ef76594f7ec89eb5fac7f06d3818b9e
(8) 0xa37c81aa4d65a75b756a1ec5ba8d2b8dec62ede15f0e2c0a28296d648b6d237c
(9) 0x5a61b6a82496bb8a1cacc6427ff8198eab3a173aeea6d8becb01be064aa09bb3

HD Wallet
==================
Mnemonic:      plastic fog announce dismiss office hire much parade dentist swarm chef draft
Base HD Path:  m/44'/60'/0'/0/{account_index}

Default Gas Price
==================
2000000000

BlockGas Limit
==================
30000000

Call Gas Limit
==================
50000000

Chain
==================
Hardfork: shanghai
Id:       1337

RPC Listening on 127.0.0.1:8545
eth_blockNumber
net_version
eth_accounts
eth_accounts
eth_blockNumber
net_version
eth_getBlockByNumber
eth_estimateGas
eth_getBlockByNumber
eth_gasPrice
eth_sendTransaction

  Transaction: 0x9d76f44286d7fd3028f75e7bb72943d654d8f97edeabfc152a7ae55494baec32
  Contract created: 0x29ab7ba866977019bfcd95c484cb0a0aca413a24
  Gas usage: 1239450
  Block number: 1
  Block time: Thu May 07 2026 22:11:49 GMT+0700 (Indochina Time)

eth_getTransactionReceipt
eth_getCode
eth_getTransactionReceipt
eth_getBlockByNumber
eth_gasPrice
eth_sendTransaction

  Transaction: 0xd26466423c173c5843b061607f7c679e0cf1ac753f4afe640de067b78962b70e
  Gas usage: 21055
  Block number: 2
  Block time: Thu May 07 2026 22:11:49 GMT+0700 (Indochina Time)

eth_getTransactionReceipt
eth_blockNumber
evm_mine
eth_blockNumber
evm_mine
eth_blockNumber
evm_mine
eth_blockNumber
evm_mine
eth_blockNumber
evm_mine
eth_blockNumber
net_version
eth_getBlockByNumber
eth_estimateGas
eth_getBlockByNumber
eth_gasPrice
eth_sendTransaction

  Transaction: 0x5c76fd425d41d99a9ea639a08cffcaa6057b70329cba346fecfc165c5c09d721
  Gas usage: 59539
  Block number: 8
  Block time: Thu May 07 2026 22:11:49 GMT+0700 (Indochina Time)

eth_getTransactionReceipt
eth_blockNumber
eth_getBalance
eth_getTransactionByHash
debug_traceTransaction
eth_getTransactionByHash
debug_traceTransaction
eth_getTransactionByHash
debug_traceTransaction

Received shutdown signal: SIGTERM
Shutting down…
Server has been shut down
