COMMAND: python3 experiments/scale_trace/scripts/trace_result_json.py /home/aothuatgiadp/blockchain/project/CTLC-Implementation/experiments/scale_trace/runs/random_v1_188/E-_F_evm_fund_ef_CTLCOnly_best_claim/result.json /home/aothuatgiadp/blockchain/project/CTLC-Implementation/experiments/scale_trace/runs/random_v1_188/E-_F_evm_fund_ef_CTLCOnly_best_claim/trace.json
STATUS: 0

STDOUT:
{
  "graph_id": "",
  "pair": "E->F|evm|fund:ef",
  "contract": "CTLCOnly",
  "scenario": "best_claim",
  "contractAddress": "0x0878Ada0Da3eB5690f8732b91a7595D01C433721",
  "traces": {
    "deploy": {
      "tx_hash": "0x65b5f057fd8ba8daff98c76b63faebc0af36912b4b02c7847d96e30dc2792e2c",
      "actual_calldata_bytes": 7123,
      "actual_sstore_count": 9,
      "actual_call_count": 0,
      "opcode_steps": 1374
    },
    "fund": {
      "tx_hash": "0xb516a1dddc62f6907f6afb952a3985727a393ad2b34c19e19d0f1f0086875247",
      "actual_calldata_bytes": 0,
      "actual_sstore_count": 0,
      "actual_call_count": 0,
      "opcode_steps": 13
    },
    "claim_level0": {
      "tx_hash": "0x2403e80cf453acd76bf97d5c16cd9c9f675a1c4054d2c47f8bcd8e4f705440cc",
      "actual_calldata_bytes": 292,
      "actual_sstore_count": 1,
      "actual_call_count": 1,
      "opcode_steps": 1134
    }
  }
}


STDERR:

