COMMAND: python3 experiments/scale_trace/scripts/trace_result_json.py /home/aothuatgiadp/blockchain/project/CTLC-Implementation/experiments/scale_trace/runs/random_v1_107/E-_F_evm_fund_ef_CTLCOnly_best_claim/result.json /home/aothuatgiadp/blockchain/project/CTLC-Implementation/experiments/scale_trace/runs/random_v1_107/E-_F_evm_fund_ef_CTLCOnly_best_claim/trace.json
STATUS: 0

STDOUT:
{
  "graph_id": "",
  "pair": "E->F|evm|fund:ef",
  "contract": "CTLCOnly",
  "scenario": "best_claim",
  "contractAddress": "0x0571d860676a15F63ee48237CeafD16a5de3E8E6",
  "traces": {
    "deploy": {
      "tx_hash": "0x946045ce0688b757ceef4f2f67c606df0445dc5f9bf3946b6172a4df016dec5f",
      "actual_calldata_bytes": 7347,
      "actual_sstore_count": 15,
      "actual_call_count": 0,
      "opcode_steps": 2264
    },
    "fund": {
      "tx_hash": "0xbcf9aba449397f7df75f9cef4f3ad05dbd20c7e43029ac305f79ea37093237e9",
      "actual_calldata_bytes": 0,
      "actual_sstore_count": 0,
      "actual_call_count": 0,
      "opcode_steps": 13
    },
    "claim_level0": {
      "tx_hash": "0x51b2533e52f3cd33265fbb96af64b15138d2415fe8c25b91556e2181d57a2ea6",
      "actual_calldata_bytes": 292,
      "actual_sstore_count": 1,
      "actual_call_count": 1,
      "opcode_steps": 1134
    }
  }
}


STDERR:

