Using network 'development'.

{
  "ok": true,
  "graph_id": "",
  "pair": "D->A|evm|fund:da",
  "pairKey": "D->A|evm|fund:da",
  "contract": "CTLCOnly",
  "scenario": "worst_claim",
  "deployGas": "0x10ccbb",
  "gasUsed": "64620",
  "disableGasUsed": "0",
  "claimGasUsed": "64620",
  "refundGasUsed": "",
  "contractAddress": "0x6845404C857c67713353794f761cb0EEfacd208B",
  "startBlock": "0",
  "endBlock": "3",
  "finalContractBalanceWei": "0",
  "deployer": "0xE337a6EfBeC675CCA4b07D984374f8143d911203",
  "party": "0x63e29cd875636403255fe6925DBDFBcC1e614C0A",
  "counterparty": "0xBae4a384f0D116B9edc82673A3bF065440a2fA5b",
  "fundingWei": "1000000000000000000",
  "timelocks": [
    6
  ],
  "transactions": [
    {
      "role": "deploy",
      "txHash": "0x63bf8fb0ab93feaf704cbee86299c89055b56c35ade6825acf91a191eee97a76"
    },
    {
      "role": "fund",
      "txHash": "0x02b6f355cccac894c9d5d4656ce5004c06e18cfbc944e4ab9b6b9e453ed28723"
    },
    {
      "role": "claim",
      "txHash": "0x27808a31be232121e10a72839343358e66d5ba4559ef976eec80933221f4f566",
      "level": 0,
      "option": 0
    }
  ],
  "txRoles": [
    {
      "role": "deploy",
      "txHash": "0x63bf8fb0ab93feaf704cbee86299c89055b56c35ade6825acf91a191eee97a76"
    },
    {
      "role": "fund",
      "txHash": "0x02b6f355cccac894c9d5d4656ce5004c06e18cfbc944e4ab9b6b9e453ed28723"
    },
    {
      "role": "claim",
      "txHash": "0x27808a31be232121e10a72839343358e66d5ba4559ef976eec80933221f4f566",
      "level": 0,
      "option": 0
    }
  ],
  "deployTxHash": "0x63bf8fb0ab93feaf704cbee86299c89055b56c35ade6825acf91a191eee97a76",
  "fundTxHash": "0x02b6f355cccac894c9d5d4656ce5004c06e18cfbc944e4ab9b6b9e453ed28723",
  "claimTxHash": "0x27808a31be232121e10a72839343358e66d5ba4559ef976eec80933221f4f566",
  "txHash": "0x27808a31be232121e10a72839343358e66d5ba4559ef976eec80933221f4f566",
  "tx": "0x27808a31be232121e10a72839343358e66d5ba4559ef976eec80933221f4f566"
}
