ganache v7.9.2 (@ganache/cli: 0.10.2, @ganache/core: 0.10.2)
Starting RPC server

Available Accounts
==================
(0) 0x0A8AE0B33A6917B6cAF357aFd5b78a2901dB63D0 (1000 ETH)
(1) 0x67F670F89E367Ea2E47864B89c86636F85A7A5C4 (1000 ETH)
(2) 0x24C6DB975Ef0fD97F73D29a83Da49d18a2F83EBc (1000 ETH)
(3) 0xc20f498029f5c7d296e30BF4eC8F80cBFEc9d256 (1000 ETH)
(4) 0x5374d337379cE6B834522a7Edd7669573d881Ac1 (1000 ETH)
(5) 0x4666440c05338cb9Ca2537156F4955201d9A5968 (1000 ETH)
(6) 0x365C0111e86103268d4F08CB1c1F7CA8708481e4 (1000 ETH)
(7) 0x3Cde639b1B393804e6aAf085aC8683cCbf14b462 (1000 ETH)
(8) 0x7Ddf45628257e8cdF5c849de0A10BD9bAa94c9d0 (1000 ETH)
(9) 0x9ECfd7B6C9b88c7Dd7efAfCAc4508575C21aBB26 (1000 ETH)

Private Keys
==================
(0) 0x8e9019e429ee0e4dd5be874e94b64585361fbad1736e7f86752fd1886e904299
(1) 0xed49d77bad86bc28c15b7a7052e8a86d02ed7530ddf5e0cca068a195cac3fb23
(2) 0x9a0a801495cee688f38438a9ec063f40dd9ab4edb0a2f4184e640bb1b29b5684
(3) 0xb2f50e2042bd6e69c860238f29a063299e010f03cef9775827fe2ca20aba448a
(4) 0x7db0449e0c8a56656edd0b7267f8466f9dffd5e8c7655bc31153f96f1a947698
(5) 0x67c8bdfb166cbf964bedcdb1098e98375a4ba2b76e08d6275a05bb12bc2e0951
(6) 0x84e953b24ca40bad85cdc950c70d34bb448ac0129a1c8c65c0e37805d135c33c
(7) 0xc6f9d49982599242b91a4f6e7f977b059c3164c699dd8842ecdb9613d7fb2e9f
(8) 0xccd0aa25e56cecfb41f073b93f0c0fc645cb5ea9e40eff67b9d9a1d4d968fa66
(9) 0x47ccb9ec37cc438ebbfe8d9143fe59763744ffcdc73ea47306eeed83bb6daf09

HD Wallet
==================
Mnemonic:      toy wave ordinary until differ object dawn silly fashion item crush disorder
Base HD Path:  m/44'/60'/0'/0/{account_index}

Default Gas Price
==================
2000000000

BlockGas Limit
==================
30000000

Call Gas Limit
==================
50000000

Chain
==================
Hardfork: shanghai
Id:       1337

RPC Listening on 127.0.0.1:8545
web3_clientVersion
eth_blockNumber
net_version
eth_accounts
eth_accounts
eth_blockNumber
net_version
eth_getBlockByNumber
eth_estimateGas
eth_getBlockByNumber
eth_gasPrice
eth_sendTransaction

  Transaction: 0xe880588040e163f2bea270ffb0fbb8f328e92ce82c280cdbf493a78bdae7afe7
  Contract created: 0x18279082cc5d29699c3c8b94fb2bc285d99d251e
  Gas usage: 1100987
  Block number: 1
  Block time: Fri May 08 2026 02:40:33 GMT+0700 (Indochina Time)

eth_getTransactionReceipt
eth_getCode
eth_getTransactionReceipt
eth_getBlockByNumber
eth_gasPrice
eth_sendTransaction

  Transaction: 0x86c9dfa88bd7f35a2712370d74f0a059771466c23fadca7bf333f1979b454e49
  Gas usage: 21055
  Block number: 2
  Block time: Fri May 08 2026 02:40:33 GMT+0700 (Indochina Time)

eth_getTransactionReceipt
net_version
eth_getBlockByNumber
eth_estimateGas
eth_getBlockByNumber
eth_gasPrice
eth_sendTransaction

  Transaction: 0xf017a2e6312775d609a7a6868668f6d0f5c7c982f2bb104a1fa00d6ae84de16b
  Gas usage: 64620
  Block number: 3
  Block time: Fri May 08 2026 02:40:33 GMT+0700 (Indochina Time)

eth_getTransactionReceipt
eth_blockNumber
eth_getBalance
eth_getTransactionByHash
debug_traceTransaction
eth_getTransactionByHash
debug_traceTransaction
eth_getTransactionByHash
debug_traceTransaction

Received shutdown signal: SIGTERM
Shutting down…
Server has been shut down
