COMMAND: python3 experiments/scale_trace/scripts/trace_result_json.py /home/aothuatgiadp/blockchain/project/CTLC-Implementation/experiments/scale_trace/runs/random_v1_197/B-_C_evm_fund_bc_CTLCMultipleEdges_best_claim/result.json /home/aothuatgiadp/blockchain/project/CTLC-Implementation/experiments/scale_trace/runs/random_v1_197/B-_C_evm_fund_bc_CTLCMultipleEdges_best_claim/trace.json
STATUS: 0

STDOUT:
{
  "graph_id": "",
  "pair": "B->C|evm|fund:bc",
  "contract": "CTLCMultipleEdges",
  "scenario": "best_claim",
  "contractAddress": "0xEF924fC22A006b0F41B5BdE3a16A3d511D921b2f",
  "traces": {
    "deploy": {
      "tx_hash": "0x4cf4b81767becc365aba3caec30a74befdf7344ec7b75e368b0e0c532c5d43f8",
      "actual_calldata_bytes": 8489,
      "actual_sstore_count": 31,
      "actual_call_count": 0,
      "opcode_steps": 4540
    },
    "fund": {
      "tx_hash": "0x7d30da5ad8c91a452e310513b927487cfa095118176cdd780c0e1ed0d32b0e4c",
      "actual_calldata_bytes": 0,
      "actual_sstore_count": 0,
      "actual_call_count": 0,
      "opcode_steps": 13
    },
    "claim_level0": {
      "tx_hash": "0x9ffa12bbad59865cd7b8b3f4a0629592b234dc8bf5571f3eb710a309a42e7b46",
      "actual_calldata_bytes": 516,
      "actual_sstore_count": 1,
      "actual_call_count": 1,
      "opcode_steps": 1953
    }
  }
}


STDERR:

