COMMAND: python3 experiments/scale_trace/scripts/trace_result_json.py /home/aothuatgiadp/blockchain/project/CTLC-Implementation/experiments/scale_trace/runs/random_v1_8/F-_G_evm_fund_fg_CTLCOnly_worst_claim/result.json /home/aothuatgiadp/blockchain/project/CTLC-Implementation/experiments/scale_trace/runs/random_v1_8/F-_G_evm_fund_fg_CTLCOnly_worst_claim/trace.json
STATUS: 0

STDOUT:
{
  "graph_id": "",
  "pair": "F->G|evm|fund:fg",
  "contract": "CTLCOnly",
  "scenario": "worst_claim",
  "contractAddress": "0x1912f1d4FfD1aC723e8F941A25B0CE4e96B2eC7A",
  "traces": {
    "deploy": {
      "tx_hash": "0x69cdb2a610060cf797ac778cfbd571faac839ac5d72373eedc2283af85369d1b",
      "actual_calldata_bytes": 7123,
      "actual_sstore_count": 9,
      "actual_call_count": 0,
      "opcode_steps": 1374
    },
    "fund": {
      "tx_hash": "0x3966c7882a02c573ba443c34489e16f9e0ad82b4ca6ee6ffc55bb03cbb9365eb",
      "actual_calldata_bytes": 0,
      "actual_sstore_count": 0,
      "actual_call_count": 0,
      "opcode_steps": 13
    },
    "claim_level0": {
      "tx_hash": "0xc8d2fb2e3c28df2a15c898f746664159e30c4dfe0f425007f3b52b04b9f2ee3c",
      "actual_calldata_bytes": 292,
      "actual_sstore_count": 1,
      "actual_call_count": 1,
      "opcode_steps": 1134
    }
  }
}


STDERR:

