COMMAND: python3 experiments/scale_trace/scripts/trace_result_json.py /home/aothuatgiadp/blockchain/project/CTLC-Implementation/experiments/scale_trace/runs/random_v1_226/D-_E_evm_fund_de_CTLCOnly_best_claim/result.json /home/aothuatgiadp/blockchain/project/CTLC-Implementation/experiments/scale_trace/runs/random_v1_226/D-_E_evm_fund_de_CTLCOnly_best_claim/trace.json
STATUS: 0

STDOUT:
{
  "graph_id": "",
  "pair": "D->E|evm|fund:de",
  "contract": "CTLCOnly",
  "scenario": "best_claim",
  "contractAddress": "0x3D9058367f6CC5f31876763F5E2C2b5A3Ab12F40",
  "traces": {
    "deploy": {
      "tx_hash": "0x79572253d0000de934e1a4dd4041736470565bd8c69aaaf256847a92b52cea5e",
      "actual_calldata_bytes": 7539,
      "actual_sstore_count": 20,
      "actual_call_count": 0,
      "opcode_steps": 3066
    },
    "fund": {
      "tx_hash": "0xa298aea2fd62117f06a593fdc81e207e110991a89f17826a897107e78737cb0b",
      "actual_calldata_bytes": 0,
      "actual_sstore_count": 0,
      "actual_call_count": 0,
      "opcode_steps": 13
    },
    "claim_level0": {
      "tx_hash": "0xdb73ebf29fee829b5ea6397748fd72ed3b75616267fc8492727af728c7306d2b",
      "actual_calldata_bytes": 292,
      "actual_sstore_count": 1,
      "actual_call_count": 1,
      "opcode_steps": 1134
    }
  }
}


STDERR:

