ganache v7.9.2 (@ganache/cli: 0.10.2, @ganache/core: 0.10.2)
Starting RPC server

Available Accounts
==================
(0) 0x8cD796d80D45AEb76CA19CF3aB0Ad683cde78b4B (1000 ETH)
(1) 0xa125b268c8870D8AD8f3A460077933AD76662003 (1000 ETH)
(2) 0x5068AfB7F0076B7E5CD72D0aE749Cb1A45664E6B (1000 ETH)
(3) 0x04FBcf8E72b12a3565498F74d1EBb9f7fb395CfB (1000 ETH)
(4) 0x95fD7257a28Ad95b85E3C4A842568C0562De2881 (1000 ETH)
(5) 0x6A3fB51cb27c74978BE8A5e3Ab1Ed9F5e4531C8f (1000 ETH)
(6) 0x89798b7a3E549934C565bee004EB248Ed8506E5C (1000 ETH)
(7) 0x0eE56bd630A78Ec5D9688BF4929FA3B71a6Dae91 (1000 ETH)
(8) 0xD369b7Cb6716992EED1a8ac374256A49E7Ceeee9 (1000 ETH)
(9) 0x3FBCC1A1DE6A326972eac5aC4683764D118eeBCe (1000 ETH)

Private Keys
==================
(0) 0xe43e4c61ddc64aab30a5d7387dfd254b2af0a9aa9f7ef568e2036057f6b0e2a1
(1) 0x8f0047d20818e9abd395df63eb071f689a8123982e18546380ae07b3c025aaf5
(2) 0x2056b5320dd7e5ae99f68ea229e273018552f59e82fea3f1245f303a12b23ed8
(3) 0x493412b117215a60d71214fdba5d9aa79731eb5eb61dbf79c0c32f5bc20a7840
(4) 0xaee1bd240b3e1d7d63d471cff8aaadc17c69810e2d59c9538087520a33777f40
(5) 0xcd4e97f804c9856974884c0769b5584037b40d7a9be4e63716db8f32ae14c08d
(6) 0xc4cda94658f9d1874a9f2405b93cd9bc18536061919c5c24c194fdeb59447fe9
(7) 0x71188c626168e478b79781b4ed8ae1b4be4ccd42dd964023dd0a520a77ce395d
(8) 0x82a7ed1c9fa9f9fa2f3751f3e1d2c8d20559f557578ef8848f57a17b99d0136c
(9) 0xd0cbf659adcca6c36ce9ce18446154397f1b9ba1a54075de6d262275d13bdda8

HD Wallet
==================
Mnemonic:      speak canvas error borrow unable gadget reason uncover album canoe impulse asset
Base HD Path:  m/44'/60'/0'/0/{account_index}

Default Gas Price
==================
2000000000

BlockGas Limit
==================
30000000

Call Gas Limit
==================
50000000

Chain
==================
Hardfork: shanghai
Id:       1337

RPC Listening on 127.0.0.1:8545
web3_clientVersion
eth_blockNumber
net_version
eth_accounts
eth_accounts
eth_blockNumber
net_version
eth_getBlockByNumber
eth_estimateGas
eth_getBlockByNumber
eth_gasPrice
eth_sendTransaction

  Transaction: 0x4bcecd708b21ed6b84b092b35e928a937409dda8586f5d17085808410ce472ce
  Contract created: 0xf80ec76f82812b3001527603316f61884d4e4947
  Gas usage: 1585274
  Block number: 1
  Block time: Fri May 08 2026 03:35:37 GMT+0700 (Indochina Time)

eth_getTransactionReceipt
eth_getCode
eth_getTransactionReceipt
eth_getBlockByNumber
eth_gasPrice
eth_sendTransaction

  Transaction: 0x85d9ed2c611e993a349b7de3166b384eb772432d721df937af07c61245e7eaa4
  Gas usage: 21055
  Block number: 2
  Block time: Fri May 08 2026 03:35:37 GMT+0700 (Indochina Time)

eth_getTransactionReceipt
eth_blockNumber
evm_mine
eth_blockNumber
evm_mine
eth_blockNumber
evm_mine
eth_blockNumber
evm_mine
eth_blockNumber
evm_mine
eth_blockNumber
net_version
eth_getBlockByNumber
eth_estimateGas
eth_getBlockByNumber
eth_gasPrice
eth_sendTransaction

  Transaction: 0x4a3f278e4ff527b8579d94a4e5612feb3ab18ea6ca882ca37b7351d7f7671c01
  Gas usage: 52925
  Block number: 8
  Block time: Fri May 08 2026 03:35:37 GMT+0700 (Indochina Time)

eth_getTransactionReceipt
net_version
eth_getBlockByNumber
eth_estimateGas
eth_getBlockByNumber
eth_gasPrice
eth_sendTransaction

  Transaction: 0x4e13b63359ecbc5ea045d84b1e939370a42d68518030d0bbb61ddd201a716a20
  Gas usage: 75960
  Block number: 9
  Block time: Fri May 08 2026 03:35:37 GMT+0700 (Indochina Time)

eth_getTransactionReceipt
eth_blockNumber
eth_getBalance
eth_getTransactionByHash
debug_traceTransaction
eth_getTransactionByHash
debug_traceTransaction
eth_getTransactionByHash
debug_traceTransaction
eth_getTransactionByHash
debug_traceTransaction

Received shutdown signal: SIGTERM
Shutting down…
Server has been shut down
