Using network 'development'.

{
  "ok": true,
  "graph_id": "",
  "pair": "D->G|evm|fund:dg",
  "pairKey": "D->G|evm|fund:dg",
  "contract": "CTLCOnly",
  "scenario": "best_claim",
  "deployGas": "0x11263b",
  "gasUsed": "68735",
  "disableGasUsed": "",
  "claimGasUsed": "68735",
  "refundGasUsed": "",
  "contractAddress": "0xBcA6Ab8ACfF97e21af8Fc34FC9e4a217809E2632",
  "startBlock": "0",
  "endBlock": "3",
  "finalContractBalanceWei": "0",
  "deployer": "0xE73d548df636fAE0075a2ABe2aC6779987bA2eeB",
  "party": "0x7A9Ae3f19Ed3Ff83Ad808A64270E059bdE70754B",
  "counterparty": "0xE33826F93bB9860520AA1C0e5a0260d5315A59d1",
  "fundingWei": "1000000000000000000",
  "timelocks": [
    7
  ],
  "transactions": [
    {
      "role": "deploy",
      "txHash": "0x3089c2837f53219309852781a73eb5523edb5be4096a251245b5d3526cb51885"
    },
    {
      "role": "fund",
      "txHash": "0xeca64530bfe7a873a186c62b0e5178ab8740e2947ec0e9b4a9459339588a931a"
    },
    {
      "role": "claim",
      "txHash": "0x6f820f7ba6f1b36aea0ef68c9e95bd50eb4fddd2613422b58a6b5d44fed24ec4",
      "level": 0,
      "option": 0
    }
  ],
  "txRoles": [
    {
      "role": "deploy",
      "txHash": "0x3089c2837f53219309852781a73eb5523edb5be4096a251245b5d3526cb51885"
    },
    {
      "role": "fund",
      "txHash": "0xeca64530bfe7a873a186c62b0e5178ab8740e2947ec0e9b4a9459339588a931a"
    },
    {
      "role": "claim",
      "txHash": "0x6f820f7ba6f1b36aea0ef68c9e95bd50eb4fddd2613422b58a6b5d44fed24ec4",
      "level": 0,
      "option": 0
    }
  ],
  "deployTxHash": "0x3089c2837f53219309852781a73eb5523edb5be4096a251245b5d3526cb51885",
  "fundTxHash": "0xeca64530bfe7a873a186c62b0e5178ab8740e2947ec0e9b4a9459339588a931a",
  "claimTxHash": "0x6f820f7ba6f1b36aea0ef68c9e95bd50eb4fddd2613422b58a6b5d44fed24ec4",
  "txHash": "0x6f820f7ba6f1b36aea0ef68c9e95bd50eb4fddd2613422b58a6b5d44fed24ec4",
  "tx": "0x6f820f7ba6f1b36aea0ef68c9e95bd50eb4fddd2613422b58a6b5d44fed24ec4"
}
