Using network 'development'.

{
  "ok": true,
  "graph_id": "",
  "pair": "E->D|evm|fund:ed",
  "pairKey": "E->D|evm|fund:ed",
  "contract": "CTLCOnly",
  "scenario": "best_claim",
  "deployGas": "0x11263b",
  "gasUsed": "68747",
  "disableGasUsed": "",
  "claimGasUsed": "68747",
  "refundGasUsed": "",
  "contractAddress": "0x23b21e08B586099dAEf53F628Ab20a1AD4B59ED0",
  "startBlock": "0",
  "endBlock": "3",
  "finalContractBalanceWei": "0",
  "deployer": "0x050bB07AF02b67FBdd6833c3b7968436994769B9",
  "party": "0x6CFE7750938170B3FB8c0Da2338e083F1C7E46c6",
  "counterparty": "0x54b786d8cd9B06C5D29392658d2Fa4711e625459",
  "fundingWei": "1000000000000000000",
  "timelocks": [
    7
  ],
  "transactions": [
    {
      "role": "deploy",
      "txHash": "0x1862761906373d5b9481673886791f4283cb8b1a55deba0c1dcc97e6c8c2c7e0"
    },
    {
      "role": "fund",
      "txHash": "0x19af8a56c528afcc05400f53cea50489f81ce583685219b634823614336c881d"
    },
    {
      "role": "claim",
      "txHash": "0x7e23a74694a2b2d4ed02a80994e7e5a571624e9a3729b68bf329491fdfbcd88c",
      "level": 0,
      "option": 0
    }
  ],
  "txRoles": [
    {
      "role": "deploy",
      "txHash": "0x1862761906373d5b9481673886791f4283cb8b1a55deba0c1dcc97e6c8c2c7e0"
    },
    {
      "role": "fund",
      "txHash": "0x19af8a56c528afcc05400f53cea50489f81ce583685219b634823614336c881d"
    },
    {
      "role": "claim",
      "txHash": "0x7e23a74694a2b2d4ed02a80994e7e5a571624e9a3729b68bf329491fdfbcd88c",
      "level": 0,
      "option": 0
    }
  ],
  "deployTxHash": "0x1862761906373d5b9481673886791f4283cb8b1a55deba0c1dcc97e6c8c2c7e0",
  "fundTxHash": "0x19af8a56c528afcc05400f53cea50489f81ce583685219b634823614336c881d",
  "claimTxHash": "0x7e23a74694a2b2d4ed02a80994e7e5a571624e9a3729b68bf329491fdfbcd88c",
  "txHash": "0x7e23a74694a2b2d4ed02a80994e7e5a571624e9a3729b68bf329491fdfbcd88c",
  "tx": "0x7e23a74694a2b2d4ed02a80994e7e5a571624e9a3729b68bf329491fdfbcd88c"
}
