COMMAND: python3 experiments/scale_trace/scripts/trace_result_json.py /home/aothuatgiadp/blockchain/project/CTLC-Implementation/experiments/scale_trace/runs/random_v1_79/D-_F_evm_fund_df_CTLCMultipleEdges_worst_claim/result.json /home/aothuatgiadp/blockchain/project/CTLC-Implementation/experiments/scale_trace/runs/random_v1_79/D-_F_evm_fund_df_CTLCMultipleEdges_worst_claim/trace.json
STATUS: 0

STDOUT:
{
  "graph_id": "",
  "pair": "D->F|evm|fund:df",
  "contract": "CTLCMultipleEdges",
  "scenario": "worst_claim",
  "contractAddress": "0x66239BfB29EC3e69E647e3e17Aa564F685ca055C",
  "traces": {
    "deploy": {
      "tx_hash": "0x3e59956f6a77524d274f2f2d5b2f3e07361dd8d510664a18259d0db2f7817f95",
      "actual_calldata_bytes": 7881,
      "actual_sstore_count": 15,
      "actual_call_count": 0,
      "opcode_steps": 2336
    },
    "fund": {
      "tx_hash": "0x97c610a587e68930c38d14f95a1484177a76693a3de1698fc839b70588f7dfd2",
      "actual_calldata_bytes": 0,
      "actual_sstore_count": 0,
      "actual_call_count": 0,
      "opcode_steps": 13
    },
    "claim_level0": {
      "tx_hash": "0xd9a36cf237b02fe7e92226418d1f84e8a0e3fbc0aac4fa49d06cd6c93ac37c89",
      "actual_calldata_bytes": 420,
      "actual_sstore_count": 1,
      "actual_call_count": 1,
      "opcode_steps": 1597
    }
  }
}


STDERR:

