ganache v7.9.2 (@ganache/cli: 0.10.2, @ganache/core: 0.10.2)
Starting RPC server

Available Accounts
==================
(0) 0xf8CaCab457F794975838f668E140C75376d1715f (1000 ETH)
(1) 0x019679DdFE3418BAB211D5DdBe85cC7978FcC87d (1000 ETH)
(2) 0x0Fd89865d1E82fdecfa2a11777E6cB865C1F1471 (1000 ETH)
(3) 0x993b726480cb4A1333c9209dCD01EF22C9d95257 (1000 ETH)
(4) 0xefc72eD416b61A3448ffe4FecD6A3D148963fA7F (1000 ETH)
(5) 0xaF9442F4C6b7531cB2e84d79eFA0608B3F0E95de (1000 ETH)
(6) 0x4d6c85612ef73c7d79734A2bc55d989fa943a138 (1000 ETH)
(7) 0x0c820Bbf36eA0482308D2AdBb50e080cE98e8365 (1000 ETH)
(8) 0x36bB2e3A763a36b557AFc97e60bAF486a39A0E97 (1000 ETH)
(9) 0xAa7dcFa4005BC838D1fc5D928936dbA6F08C287e (1000 ETH)

Private Keys
==================
(0) 0xfb94d12f82004d61bcf9397dd702fcb869a4a890c9f23589016eb4e33cdd3076
(1) 0xf7590819472765c100efdac85492c5f77f1ec9a41d2d9d6953c9f510e6062d01
(2) 0xa86ebb2af68ed54253110d005a593cd4aeff089cfdd426e6f8487bf159ff7658
(3) 0x8c3bda5b84864d26fef04fbe7b261627ba9de596cc12846c79b37bf2c4e85dda
(4) 0x484905c15ce1de84f5f24dbb8f2bc6e7b62f0306a37cb76e8ccbc36ffe5eba99
(5) 0x9d257b6487ebaaf7be11a7d385dcdd000193f7e99a507bfd520c9436927f1d1c
(6) 0x6805585e03b349a1fb0e99e1ea9689fc6c3e946b273b4171c4647a791e1486bc
(7) 0xcb086772acd25629ca7a38b9c82e6ac69a2a2b8f3642f8bfd7cd57a59b5679c7
(8) 0x16c8ced5d60f9ed6a42e7cef4163584119ed3cf3d08b15a2fa8399cce23bf8ce
(9) 0x9e42368d5eb6dc4207102380a7c95e08d110676fc9914cf8b9f3eb88cc5de803

HD Wallet
==================
Mnemonic:      margin innocent pelican champion area bone sheriff catch address gesture ancient derive
Base HD Path:  m/44'/60'/0'/0/{account_index}

Default Gas Price
==================
2000000000

BlockGas Limit
==================
30000000

Call Gas Limit
==================
50000000

Chain
==================
Hardfork: shanghai
Id:       1337

RPC Listening on 127.0.0.1:8545
web3_clientVersion
eth_blockNumber
net_version
eth_accounts
eth_accounts
eth_blockNumber
net_version
eth_getBlockByNumber
eth_estimateGas
eth_getBlockByNumber
eth_gasPrice
eth_sendTransaction

  Transaction: 0xdadf66099cb99b8810b799a8bd304cf9dfe2e1d12b212df29d58553da692e923
  Contract created: 0x4b207f1d069de8a58fe3eb7234f761b2ff890899
  Gas usage: 2021157
  Block number: 1
  Block time: Fri May 08 2026 01:08:56 GMT+0700 (Indochina Time)

eth_getTransactionReceipt
eth_getCode
eth_getTransactionReceipt
eth_getBlockByNumber
eth_gasPrice
eth_sendTransaction

  Transaction: 0x008ebb70d3d37e94c49fb5d5f7eaf78c3e1f4fbd1f4a0e6acfe4c5d67a172345
  Gas usage: 21055
  Block number: 2
  Block time: Fri May 08 2026 01:08:56 GMT+0700 (Indochina Time)

eth_getTransactionReceipt
eth_blockNumber
evm_mine
eth_blockNumber
evm_mine
eth_blockNumber
evm_mine
eth_blockNumber
evm_mine
eth_blockNumber
evm_mine
eth_blockNumber
evm_mine
eth_blockNumber
evm_mine
eth_blockNumber
evm_mine
eth_blockNumber
net_version
eth_getBlockByNumber
eth_estimateGas
eth_getBlockByNumber
eth_gasPrice
eth_sendTransaction

  Transaction: 0xc0e72c15fe509f91689d9bb503102fc599a9bbaf8cd5f5df037824eb19f5c5c9
  Gas usage: 52925
  Block number: 11
  Block time: Fri May 08 2026 01:08:56 GMT+0700 (Indochina Time)

eth_getTransactionReceipt
eth_blockNumber
net_version
eth_getBlockByNumber
eth_estimateGas
eth_getBlockByNumber
eth_gasPrice
eth_sendTransaction

  Transaction: 0x176dbfcea7f89090abb6bb309b03c66c65287510cc54c845643a0745b96530a5
  Gas usage: 59539
  Block number: 12
  Block time: Fri May 08 2026 01:08:56 GMT+0700 (Indochina Time)

eth_getTransactionReceipt
eth_blockNumber
eth_getBalance
eth_getTransactionByHash
debug_traceTransaction
eth_getTransactionByHash
debug_traceTransaction
eth_getTransactionByHash
debug_traceTransaction
eth_getTransactionByHash
debug_traceTransaction

Received shutdown signal: SIGTERM
Shutting down…
Server has been shut down
