ganache v7.9.2 (@ganache/cli: 0.10.2, @ganache/core: 0.10.2)
Starting RPC server

Available Accounts
==================
(0) 0x53Bd406C0B5F022B40C3F6375EBc9a253d55321d (1000 ETH)
(1) 0xbf19086260Ca9E5bbB4dEAEf3F43F74bb04400Dd (1000 ETH)
(2) 0x8EA27C4C68A2d5d8832d89284E88a45Ee46B836C (1000 ETH)
(3) 0x1D17B4f633ab35b18274Ca4958F301f3C3920D4F (1000 ETH)
(4) 0x75625deDa489763dB5787965152Bfccf560962a7 (1000 ETH)
(5) 0xdDB7AdD0EE6989e16592e38a70e6b5D8cd8bC7d1 (1000 ETH)
(6) 0x795F7C6da7079C22C5dfF16756365F05858e6e12 (1000 ETH)
(7) 0x1c7080ACBb9814C08B1a2116694b5069334bE8F5 (1000 ETH)
(8) 0x24cA1d9FA9cF139d8F2be537398E38B7Dd7DE627 (1000 ETH)
(9) 0x32bB14F77f9b5985a55E3b3B2C0665c0783825AF (1000 ETH)

Private Keys
==================
(0) 0xb7b806cc6c00b7eff856e35c10ff03d4cdc047ccc146a2bce7c427c52d7911e0
(1) 0xdc5b742e7345a607f25298fcc19a8d8fa780d79244c2dd5cc25b72e25102a60d
(2) 0xf75918e997341a9de3e6d23bdc3812c764231082624c706fa9db101e902dccd4
(3) 0x0bb7778165817cd162d461e6e22197083e551a94ea30789480f8cc956ae5d00f
(4) 0xe969024b43cc6dd80bca6776b48b997adaf0af96e077de04ad72d7d26241beba
(5) 0xf1560c0e62b8125c30dd86ea3a942007512072ac478e2ddf792ad9a5168f9fc9
(6) 0xdcca21cb09be571c16302b292b4b99e514ee2f1c29940bb75e67366f74501b68
(7) 0x2e728734dada31c6834f943c2ac3dad2daf58160998b26fad82826e290481ca8
(8) 0x1ea826250d9889571327136098d9ca737348705c56cfaf086df232bc3af529b9
(9) 0x113d827d0f736801b86c476be60349ae03b8e51430ab7eec7d385c7637921646

HD Wallet
==================
Mnemonic:      cave broom flavor ankle garage chief isolate tonight clerk grief senior talk
Base HD Path:  m/44'/60'/0'/0/{account_index}

Default Gas Price
==================
2000000000

BlockGas Limit
==================
30000000

Call Gas Limit
==================
50000000

Chain
==================
Hardfork: shanghai
Id:       1337

RPC Listening on 127.0.0.1:8545
web3_clientVersion
eth_blockNumber
net_version
eth_accounts
eth_accounts
eth_blockNumber
net_version
eth_getBlockByNumber
eth_estimateGas
eth_getBlockByNumber
eth_gasPrice
eth_sendTransaction

  Transaction: 0xc825b87f223b63213af31d1a3b654a7b2ce56260dcb7fa34959d46d42c8474c1
  Contract created: 0x1bd024f369c89ab51a1eb494ee199f232a1075bb
  Gas usage: 1239462
  Block number: 1
  Block time: Fri May 08 2026 03:24:10 GMT+0700 (Indochina Time)

eth_getTransactionReceipt
eth_getCode
eth_getTransactionReceipt
eth_getBlockByNumber
eth_gasPrice
eth_sendTransaction

  Transaction: 0x1b29bb8132732cf48d05c95411efa681a476accba8d47228f35dffaa269d3ec6
  Gas usage: 21055
  Block number: 2
  Block time: Fri May 08 2026 03:24:10 GMT+0700 (Indochina Time)

eth_getTransactionReceipt
net_version
eth_getBlockByNumber
eth_estimateGas
eth_getBlockByNumber
eth_gasPrice
eth_sendTransaction

  Transaction: 0x5b6ff5910fba2bd3c04547cee9768a353609eeef229696090da75fbd167a1e4c
  Gas usage: 71641
  Block number: 3
  Block time: Fri May 08 2026 03:24:10 GMT+0700 (Indochina Time)

eth_getTransactionReceipt
eth_blockNumber
eth_getBalance
eth_getTransactionByHash
debug_traceTransaction
eth_getTransactionByHash
debug_traceTransaction
eth_getTransactionByHash
debug_traceTransaction

Received shutdown signal: SIGTERM
Shutting down…
Server has been shut down
