ganache v7.9.2 (@ganache/cli: 0.10.2, @ganache/core: 0.10.2)
Starting RPC server

Available Accounts
==================
(0) 0x4197a9f037766BD3299563043Ee33e8bABCA9049 (1000 ETH)
(1) 0xbe4a5A0c5c87B07F0dF5DB58482faa506FC6A8d9 (1000 ETH)
(2) 0x728bE8AE1cCe046fa683EfE5dF31336668F587F1 (1000 ETH)
(3) 0xd74328534e4BE922293245B955Dc4dc72354F4F3 (1000 ETH)
(4) 0x4f221Ce1312657eA674431873Ba160b088e9636f (1000 ETH)
(5) 0x7674FF710f05B498e225B249bb5918A2540D02bd (1000 ETH)
(6) 0x0c70EF44bb50Fd309A6668531Bc73417D14efCF1 (1000 ETH)
(7) 0xA9Ba13eed54AEF96748Cc9531Ddd37fD1Ca70DEB (1000 ETH)
(8) 0x4Fd87E5F6CAB851f66Cb3a6dAA6784A0c2019c53 (1000 ETH)
(9) 0x4a525F3d902088B44376b85ef3673c588ddEC918 (1000 ETH)

Private Keys
==================
(0) 0xaef6856074747e753a509287ed9c3cc3afa9a8505e7927a626d5cf5a257af78e
(1) 0x7f59ea57490fa721ad0db3a56e81933c083126562b468a28c434615e3b2f4d64
(2) 0x3bc86a72d457ad1da5bf70434583671795f1e54697b68fe4efdc69203699a060
(3) 0xd2e3e4cc91a41e42c82a50261f0d50ba9149039184aa7ad08355d3c747b88808
(4) 0x5cadf65ef78d5bb6253957856f86bb2f3d410025e54f668dbaf1802ccb7f05e0
(5) 0x353ef18ee8ddefd3db99594f86315f64d5dabfbb462f1f453ce4817d06e40ea6
(6) 0xb0820f9f21ce4af8450b1e33a810c5c5cc95e6f9cc27c1b2eb98148cefb19f5a
(7) 0xabe98782042f770b7a68377fa042cd7777729405a61515e79a53344f28414ddd
(8) 0x9a80c56a59d783ed7eb1356747717e6a92170733f5e3526295ecc99313854af9
(9) 0x65ee420574d26da2d6445169294077b75330bd8660149bd4052f5d8fbd34c258

HD Wallet
==================
Mnemonic:      season patient chalk destroy veteran know demand route sorry coach honey rule
Base HD Path:  m/44'/60'/0'/0/{account_index}

Default Gas Price
==================
2000000000

BlockGas Limit
==================
30000000

Call Gas Limit
==================
50000000

Chain
==================
Hardfork: shanghai
Id:       1337

RPC Listening on 127.0.0.1:8545
web3_clientVersion
eth_blockNumber
net_version
eth_accounts
eth_accounts
eth_blockNumber
net_version
eth_getBlockByNumber
eth_estimateGas
eth_getBlockByNumber
eth_gasPrice
eth_sendTransaction

  Transaction: 0x0860a53b72147c91ebda504f5cb89fb1bac29be3a93ab4d29f5dbe704de6ea12
  Contract created: 0xf8af430ca468339289a1a2df949b5d253eb19833
  Gas usage: 1146811
  Block number: 1
  Block time: Fri May 08 2026 02:51:40 GMT+0700 (Indochina Time)

eth_getTransactionReceipt
eth_getCode
eth_getTransactionReceipt
eth_getBlockByNumber
eth_gasPrice
eth_sendTransaction

  Transaction: 0x346bbe8ccaa9ee188f0af6dc092ac7f27a31776b6373a6e5c0a66395b4945f77
  Gas usage: 21055
  Block number: 2
  Block time: Fri May 08 2026 02:51:40 GMT+0700 (Indochina Time)

eth_getTransactionReceipt
eth_blockNumber
evm_mine
eth_blockNumber
evm_mine
eth_blockNumber
evm_mine
eth_blockNumber
evm_mine
eth_blockNumber
evm_mine
eth_blockNumber
evm_mine
eth_blockNumber
net_version
eth_getBlockByNumber
eth_estimateGas
eth_getBlockByNumber
eth_gasPrice
eth_sendTransaction

  Transaction: 0x0fa6c69d57aefa26dd836b1bf23c2c1c883d092db17de9bc446c02a476f3739a
  Gas usage: 59561
  Block number: 9
  Block time: Fri May 08 2026 02:51:40 GMT+0700 (Indochina Time)

eth_getTransactionReceipt
eth_blockNumber
eth_getBalance
eth_getTransactionByHash
debug_traceTransaction
eth_getTransactionByHash
debug_traceTransaction
eth_getTransactionByHash
debug_traceTransaction

Received shutdown signal: SIGTERM
Shutting down…
Server has been shut down
