Using network 'development'.

{
  "ok": true,
  "graph_id": "",
  "pair": "B->A|evm|fund:ba",
  "pairKey": "B->A|evm|fund:ba",
  "contract": "CTLCOnly",
  "scenario": "best_claim",
  "deployGas": "0x10ccaf",
  "gasUsed": "64620",
  "disableGasUsed": "",
  "claimGasUsed": "64620",
  "refundGasUsed": "",
  "contractAddress": "0x9cfe627A45E4B161738334de86eB10bFe64B3872",
  "startBlock": "0",
  "endBlock": "3",
  "finalContractBalanceWei": "0",
  "deployer": "0x1ee3f20bA18dCfbCB6597abdb205A470C3aAa047",
  "party": "0x77989943D63c918E3a1d0054B018a7ab3e5007F0",
  "counterparty": "0xe6C01e313C98563a7622046e39cDF54450405492",
  "fundingWei": "1000000000000000000",
  "timelocks": [
    6
  ],
  "transactions": [
    {
      "role": "deploy",
      "txHash": "0x9406c3dff67cce123d8a6bc8f3d9b634fcd531c9727d701140d2ec9d968bbc5c"
    },
    {
      "role": "fund",
      "txHash": "0xe29a7d0ea58d39e81c95cd6a93f571771259b1e21041f7217b224600b100fb28"
    },
    {
      "role": "claim",
      "txHash": "0x57f1d9f1463be8777affdef5b83586cd6b5a7af7022f04fd0687bab9ca7d83d5",
      "level": 0,
      "option": 0
    }
  ],
  "txRoles": [
    {
      "role": "deploy",
      "txHash": "0x9406c3dff67cce123d8a6bc8f3d9b634fcd531c9727d701140d2ec9d968bbc5c"
    },
    {
      "role": "fund",
      "txHash": "0xe29a7d0ea58d39e81c95cd6a93f571771259b1e21041f7217b224600b100fb28"
    },
    {
      "role": "claim",
      "txHash": "0x57f1d9f1463be8777affdef5b83586cd6b5a7af7022f04fd0687bab9ca7d83d5",
      "level": 0,
      "option": 0
    }
  ],
  "deployTxHash": "0x9406c3dff67cce123d8a6bc8f3d9b634fcd531c9727d701140d2ec9d968bbc5c",
  "fundTxHash": "0xe29a7d0ea58d39e81c95cd6a93f571771259b1e21041f7217b224600b100fb28",
  "claimTxHash": "0x57f1d9f1463be8777affdef5b83586cd6b5a7af7022f04fd0687bab9ca7d83d5",
  "txHash": "0x57f1d9f1463be8777affdef5b83586cd6b5a7af7022f04fd0687bab9ca7d83d5",
  "tx": "0x57f1d9f1463be8777affdef5b83586cd6b5a7af7022f04fd0687bab9ca7d83d5"
}
