ganache v7.9.2 (@ganache/cli: 0.10.2, @ganache/core: 0.10.2)
Starting RPC server

Available Accounts
==================
(0) 0x0cD909a4d897E412D577B8012Ddb41b4237e99c5 (1000 ETH)
(1) 0x32ce2E85333DF33D606599Fb5021FD9fEB3A56cf (1000 ETH)
(2) 0x29B51936fD1832Af4D1EA59104022c3dCA362c51 (1000 ETH)
(3) 0xC1Cb307c46980d9d554Cb7AaAAead5921fc096F1 (1000 ETH)
(4) 0x6D34d1392176CEdE561c298722Df3AC7E0dDFa97 (1000 ETH)
(5) 0x016f34326B3bC16Df37e08cfcf84D89823338099 (1000 ETH)
(6) 0xAD48A0454d6bFf4Fd9f9B0869EBDC4Bf5BdF1A4d (1000 ETH)
(7) 0x69089a948393D090d0d9a70B7F32B2CeB53D80B2 (1000 ETH)
(8) 0xF7efF83a0EF2EACC9C67AEdC8fd8416EF0A61Fc6 (1000 ETH)
(9) 0x54B796B10e0d6570239d799DEc0CA18da7E86223 (1000 ETH)

Private Keys
==================
(0) 0x1c3d55a7d514a3738a92d28dac16c4d1dd10c9f246b4ed91a7c85ba2046d07cb
(1) 0xa273fddd29c892163f171e7a3a0cc05c8cceddcbe4cdc0c83072ed16ffb8f901
(2) 0xc8f8b18f5072d11b5c06073e62ad48b61e52e75c0e35a2ae8a5592b04814b47e
(3) 0xd60521351162a4d1c592d5014c4bdf33194f807d56d9d915736262eb5de45fbc
(4) 0xda919c9b74cd6c7d53395129faca6ea4ece4ddd5bce5ae468652321ed196fc05
(5) 0xfae234ea316b7f25ba894321a8bf567f672e57586bd5f38d900b52c5a9f69df2
(6) 0x6951a964c7b5ee7d20bed389db524130f0415c0c71ab5708abf4e30e20ec932d
(7) 0xc07c8206065746eb3749590def694d7c1eea15c43bb661918761ef0c4ef1c8b3
(8) 0x9c4ba41c98ef3bb6e428a2f87b25c7cd7b3ad736f14545386bfe4a06b025c6c0
(9) 0x0a18da9a7a8e1cedcbc580fffcdf99314d1a4dbd1e3dd4608926765732a093ae

HD Wallet
==================
Mnemonic:      bracket forum essence bus deliver expire legal viable letter remain aunt position
Base HD Path:  m/44'/60'/0'/0/{account_index}

Default Gas Price
==================
2000000000

BlockGas Limit
==================
30000000

Call Gas Limit
==================
50000000

Chain
==================
Hardfork: shanghai
Id:       1337

RPC Listening on 127.0.0.1:8545
web3_clientVersion
eth_blockNumber
net_version
eth_accounts
eth_accounts
eth_blockNumber
net_version
eth_getBlockByNumber
eth_estimateGas
eth_getBlockByNumber
eth_gasPrice
eth_sendTransaction

  Transaction: 0x81d107d75758235db8dfc6a173d1aee72be832419c86e31c88bbb39c3e47f018
  Contract created: 0x82cba02899bb98f1ac2adf38c3058ef0f3e81861
  Gas usage: 1193638
  Block number: 1
  Block time: Fri May 08 2026 03:43:08 GMT+0700 (Indochina Time)

eth_getTransactionReceipt
eth_getCode
eth_getTransactionReceipt
eth_getBlockByNumber
eth_gasPrice
eth_sendTransaction

  Transaction: 0x4a50f13136261cf00a5796adfa502cbc93959a93f6720453268ac732084bd871
  Gas usage: 21055
  Block number: 2
  Block time: Fri May 08 2026 03:43:08 GMT+0700 (Indochina Time)

eth_getTransactionReceipt
net_version
eth_getBlockByNumber
eth_estimateGas
eth_getBlockByNumber
eth_gasPrice
eth_sendTransaction

  Transaction: 0x36cacc6aa164cf000bf8e78083f7f0b696167353c1e4126ef1da5a302fb57048
  Gas usage: 67334
  Block number: 3
  Block time: Fri May 08 2026 03:43:08 GMT+0700 (Indochina Time)

eth_getTransactionReceipt
eth_blockNumber
eth_getBalance
eth_getTransactionByHash
debug_traceTransaction
eth_getTransactionByHash
debug_traceTransaction
eth_getTransactionByHash
debug_traceTransaction

Received shutdown signal: SIGTERM
Shutting down…
Server has been shut down
