Using network 'development'.

{
  "ok": true,
  "graph_id": "",
  "pair": "G->A|evm|fund:ga",
  "pairKey": "G->A|evm|fund:ga",
  "contract": "CTLCMultipleEdges",
  "scenario": "worst_claim",
  "deployGas": "0x12369a",
  "gasUsed": "67334",
  "disableGasUsed": "0",
  "claimGasUsed": "67334",
  "refundGasUsed": "",
  "contractAddress": "0x9b44A70930B998Fb42Ecf4FB279ef5C5d15dD17F",
  "startBlock": "0",
  "endBlock": "3",
  "finalContractBalanceWei": "0",
  "deployer": "0xaa2A3F5C947949B184D765Fea6337BaccF09ACb2",
  "party": "0x7D3ff5E50aaDdd28edEa74Cb63c02A5a4E435cc7",
  "counterparty": "0xE6F2349437e365fE035cfAeCA86a68C4AA9D6cf0",
  "fundingWei": "1000000000000000000",
  "timelocks": [
    6
  ],
  "transactions": [
    {
      "role": "deploy",
      "txHash": "0xb91696f70d874cc73b5a6b4e7b896ba82b8d6bf4efde9012943b3913e69c6698"
    },
    {
      "role": "fund",
      "txHash": "0xa4898f6bfb38ec5812d008df4f076612a1cf66c96705559adb5600ccc62d79ee"
    },
    {
      "role": "claim",
      "txHash": "0x3ca6b9183ea83e6054ea9b87277631a8972455a82fc2d63fbd1b4c2461e39561",
      "level": 0,
      "option": 0
    }
  ],
  "txRoles": [
    {
      "role": "deploy",
      "txHash": "0xb91696f70d874cc73b5a6b4e7b896ba82b8d6bf4efde9012943b3913e69c6698"
    },
    {
      "role": "fund",
      "txHash": "0xa4898f6bfb38ec5812d008df4f076612a1cf66c96705559adb5600ccc62d79ee"
    },
    {
      "role": "claim",
      "txHash": "0x3ca6b9183ea83e6054ea9b87277631a8972455a82fc2d63fbd1b4c2461e39561",
      "level": 0,
      "option": 0
    }
  ],
  "deployTxHash": "0xb91696f70d874cc73b5a6b4e7b896ba82b8d6bf4efde9012943b3913e69c6698",
  "fundTxHash": "0xa4898f6bfb38ec5812d008df4f076612a1cf66c96705559adb5600ccc62d79ee",
  "claimTxHash": "0x3ca6b9183ea83e6054ea9b87277631a8972455a82fc2d63fbd1b4c2461e39561",
  "txHash": "0x3ca6b9183ea83e6054ea9b87277631a8972455a82fc2d63fbd1b4c2461e39561",
  "tx": "0x3ca6b9183ea83e6054ea9b87277631a8972455a82fc2d63fbd1b4c2461e39561"
}
