ganache v7.9.2 (@ganache/cli: 0.10.2, @ganache/core: 0.10.2)
Starting RPC server

Available Accounts
==================
(0) 0x2fA92764AB970bcDD5b9AcF461536797D99a954A (1000 ETH)
(1) 0xAcB9a382E917013056Df1D14914D998E5311c586 (1000 ETH)
(2) 0x20013388e8Ab3D7Eb71710BB871e6Bb703D5Cd51 (1000 ETH)
(3) 0x3ada3eb12f4b7186F3ceF0E452453279f1E28C76 (1000 ETH)
(4) 0x86A394FA3e9E49503E3eddcA06EAEa317c66e8a8 (1000 ETH)
(5) 0x4417729ECBa4028974188ab91Cb88E8251185D55 (1000 ETH)
(6) 0xf4712C5d3eAA0578565F712B1e534441eC9d0995 (1000 ETH)
(7) 0xb80831fcDAF94774Ad93060cdCAA46a5fe072e88 (1000 ETH)
(8) 0x17AD41Fc71E6339A89630A9639E0E886d4c2940c (1000 ETH)
(9) 0xd89dC60A4D7A1FA88BB6535Bc5843F157d05Fb3C (1000 ETH)

Private Keys
==================
(0) 0x28b388ae6d1cc0dbfb4afa188d74ddfaf7dab923494a0a4fa9ed4a1e51f1ad5d
(1) 0xc2dc254008270ae3d839af5acb6f5ace35aa0bfc72d1de18a5f19eddb74564c7
(2) 0x4a01308eae126c36dacc166af62feff95e43832b1d2f936c5b24b87732e1f342
(3) 0xa9d5d2bd00f421d11621b6f5117891462588c532c7140f2a6118f47e8f06cd99
(4) 0xd3c62a5ca4d731bf3833b0cc1acb1b1483662e2f5a3f24bb59134577a9cdd80a
(5) 0x5d4035686d2f276b4a753dd856b1b6bf867c22a82a1bc3a623a21f6a9d161d7c
(6) 0x0168e0eb1ff810bb397f1a16fc112270b27fa98e82de3db353e1a816139678b9
(7) 0x43f160790bdbbfdd742877831408dc7c950d0f4503d7893f7add6a0149d6fbec
(8) 0xe46ebe150c2bb49a79b0fe523e0af137a4e449ba2bde7d348453c3f5f4d31780
(9) 0x834c8815216189dbef6cf6ebcb95775d6529f38c4bf975367512735dc258856a

HD Wallet
==================
Mnemonic:      anxiety tackle mystery unknown glass luggage asthma claw consider lift adjust adult
Base HD Path:  m/44'/60'/0'/0/{account_index}

Default Gas Price
==================
2000000000

BlockGas Limit
==================
30000000

Call Gas Limit
==================
50000000

Chain
==================
Hardfork: shanghai
Id:       1337

RPC Listening on 127.0.0.1:8545
web3_clientVersion
eth_blockNumber
net_version
eth_accounts
eth_accounts
eth_blockNumber
net_version
eth_getBlockByNumber
eth_estimateGas
eth_getBlockByNumber
eth_gasPrice
eth_sendTransaction

  Transaction: 0xb52cbf381b23a6dae30bf803c1e9dbc900b2b796cc3d7ced05498c672b94afd9
  Contract created: 0xd96acbd65948ef2118843dabd389fcb0e4b9e517
  Gas usage: 1123899
  Block number: 1
  Block time: Fri May 08 2026 02:36:48 GMT+0700 (Indochina Time)

eth_getTransactionReceipt
eth_getCode
eth_getTransactionReceipt
eth_getBlockByNumber
eth_gasPrice
eth_sendTransaction

  Transaction: 0x9777e7ff2c412456a2da5d8996adc35faffe99f3a76b2414eb2018be21eeb7ed
  Gas usage: 21055
  Block number: 2
  Block time: Fri May 08 2026 02:36:49 GMT+0700 (Indochina Time)

eth_getTransactionReceipt
eth_blockNumber
evm_mine
eth_blockNumber
evm_mine
eth_blockNumber
evm_mine
eth_blockNumber
evm_mine
eth_blockNumber
evm_mine
eth_blockNumber
net_version
eth_getBlockByNumber
eth_estimateGas
eth_getBlockByNumber
eth_gasPrice
eth_sendTransaction

  Transaction: 0xe6d0402d272b75a38e1f8d4491152942cc403eb8ee05e9dfef7ff9192ac8ab5f
  Gas usage: 59561
  Block number: 8
  Block time: Fri May 08 2026 02:36:49 GMT+0700 (Indochina Time)

eth_getTransactionReceipt
eth_blockNumber
eth_getBalance
eth_getTransactionByHash
debug_traceTransaction
eth_getTransactionByHash
debug_traceTransaction
eth_getTransactionByHash
debug_traceTransaction

Received shutdown signal: SIGTERM
Shutting down…
Server has been shut down
