COMMAND: python3 experiments/scale_trace/scripts/trace_result_json.py /home/aothuatgiadp/blockchain/project/CTLC-Implementation/experiments/scale_trace/runs/random_v1_166/D-_E_evm_fund_de_CTLCMultipleEdges_best_claim/result.json /home/aothuatgiadp/blockchain/project/CTLC-Implementation/experiments/scale_trace/runs/random_v1_166/D-_E_evm_fund_de_CTLCMultipleEdges_best_claim/trace.json
STATUS: 0

STDOUT:
{
  "graph_id": "",
  "pair": "D->E|evm|fund:de",
  "contract": "CTLCMultipleEdges",
  "scenario": "best_claim",
  "contractAddress": "0x43a93d27955582CBb188E0e9D6F6EFb8CEb03725",
  "traces": {
    "deploy": {
      "tx_hash": "0x8a36a815a4b437e87b9d8481572a9981cdeda509d4240fa114d1cbc3d4a8c18d",
      "actual_calldata_bytes": 8137,
      "actual_sstore_count": 22,
      "actual_call_count": 0,
      "opcode_steps": 3169
    },
    "fund": {
      "tx_hash": "0x1b85a5a2ae0fbcd220859825ca73691dcc9ed2aa9e49fefe5faec44db1566141",
      "actual_calldata_bytes": 0,
      "actual_sstore_count": 0,
      "actual_call_count": 0,
      "opcode_steps": 13
    },
    "claim_level0": {
      "tx_hash": "0x115c7840387eb0d97476481f9ccba23e28feca5234d7e5cc1037bfe118205699",
      "actual_calldata_bytes": 516,
      "actual_sstore_count": 1,
      "actual_call_count": 1,
      "opcode_steps": 1953
    }
  }
}


STDERR:

