COMMAND: python3 experiments/scale_trace/scripts/trace_result_json.py /home/aothuatgiadp/blockchain/project/CTLC-Implementation/experiments/scale_trace/runs/random_v1_229/E-_F_evm_fund_ef_CTLCOnly_worst_claim/result.json /home/aothuatgiadp/blockchain/project/CTLC-Implementation/experiments/scale_trace/runs/random_v1_229/E-_F_evm_fund_ef_CTLCOnly_worst_claim/trace.json
STATUS: 0

STDOUT:
{
  "graph_id": "",
  "pair": "E->F|evm|fund:ef",
  "contract": "CTLCOnly",
  "scenario": "worst_claim",
  "contractAddress": "0x5Fc7529420235b662DF3E26b447A76dd1F02fFfC",
  "traces": {
    "deploy": {
      "tx_hash": "0xa3f2e0158c4855ccd3b28ddf7c4394633d9e293d0c0ac1002551573318daa379",
      "actual_calldata_bytes": 7155,
      "actual_sstore_count": 10,
      "actual_call_count": 0,
      "opcode_steps": 1462
    },
    "fund": {
      "tx_hash": "0xdc50d98ffbbea44fb77464970d4a4949935a05c7f81511c7197bf033a4ee252a",
      "actual_calldata_bytes": 0,
      "actual_sstore_count": 0,
      "actual_call_count": 0,
      "opcode_steps": 13
    },
    "claim_level0": {
      "tx_hash": "0xc52dcede0c71aff944733a22fc8502d49ea44cc1f70738e55bd4b79eae2d6942",
      "actual_calldata_bytes": 388,
      "actual_sstore_count": 1,
      "actual_call_count": 1,
      "opcode_steps": 1475
    }
  }
}


STDERR:

