Using network 'development'.

{
  "ok": true,
  "graph_id": "",
  "pair": "B->C|evm|fund:bc",
  "pairKey": "B->C|evm|fund:bc",
  "contract": "CTLCMultipleEdges",
  "scenario": "best_claim",
  "deployGas": "0x161109",
  "gasUsed": "80267",
  "disableGasUsed": "",
  "claimGasUsed": "80267",
  "refundGasUsed": "",
  "contractAddress": "0x2860c8c40A63d6a3Fc72E7D3A1CF4Ce5cCf536D9",
  "startBlock": "0",
  "endBlock": "3",
  "finalContractBalanceWei": "0",
  "deployer": "0x58bf948AD3DAaF6Ce6AecDD16a8094B7B59395Be",
  "party": "0x7a4102fe4425f89D031068e526a4Cd1Bbe73b786",
  "counterparty": "0x14f0fEaB5e7f2e190189ef7116c602761347DcD4",
  "fundingWei": "1000000000000000000",
  "timelocks": [
    9
  ],
  "transactions": [
    {
      "role": "deploy",
      "txHash": "0xeab0f7ee058a07e657d34b717977b5db379a69b1bafb95a0d9f9e266b1c74c27"
    },
    {
      "role": "fund",
      "txHash": "0x5a5f485f4eaade87d09cd1b9440a0a8808f0dc886e663365bbe46f74c43831a5"
    },
    {
      "role": "claim",
      "txHash": "0xfa971116508c8153e61a49bc67a829e963cff6e524435cab9a9c74e6d5211ec0",
      "level": 0,
      "option": 0
    }
  ],
  "txRoles": [
    {
      "role": "deploy",
      "txHash": "0xeab0f7ee058a07e657d34b717977b5db379a69b1bafb95a0d9f9e266b1c74c27"
    },
    {
      "role": "fund",
      "txHash": "0x5a5f485f4eaade87d09cd1b9440a0a8808f0dc886e663365bbe46f74c43831a5"
    },
    {
      "role": "claim",
      "txHash": "0xfa971116508c8153e61a49bc67a829e963cff6e524435cab9a9c74e6d5211ec0",
      "level": 0,
      "option": 0
    }
  ],
  "deployTxHash": "0xeab0f7ee058a07e657d34b717977b5db379a69b1bafb95a0d9f9e266b1c74c27",
  "fundTxHash": "0x5a5f485f4eaade87d09cd1b9440a0a8808f0dc886e663365bbe46f74c43831a5",
  "claimTxHash": "0xfa971116508c8153e61a49bc67a829e963cff6e524435cab9a9c74e6d5211ec0",
  "txHash": "0xfa971116508c8153e61a49bc67a829e963cff6e524435cab9a9c74e6d5211ec0",
  "tx": "0xfa971116508c8153e61a49bc67a829e963cff6e524435cab9a9c74e6d5211ec0"
}
