ganache v7.9.2 (@ganache/cli: 0.10.2, @ganache/core: 0.10.2)
Starting RPC server

Available Accounts
==================
(0) 0xFd75b5aD81f468d8C8A28e7a54ee1a960dC022b9 (1000 ETH)
(1) 0x91F4075b168e9cc962Ee0590ab4F8adEF067B4cF (1000 ETH)
(2) 0x429189e8A9ac30a3E2Ec5e6785C0A260899211F6 (1000 ETH)
(3) 0x94F8eB7FfCcA1C64e145795392541039E89D8d8B (1000 ETH)
(4) 0x759b3caFB07c7732B1C0697325937d00830DC517 (1000 ETH)
(5) 0x640286eb8ee7B34b44c21645eC26945246b58126 (1000 ETH)
(6) 0xaDe83a790751B38D19cf661604514312511f28a8 (1000 ETH)
(7) 0x909831ace4208443719DDbCc3276beb95Ec2F653 (1000 ETH)
(8) 0xECD454c1fBfB369BB5dc0224613fE858A5017ED8 (1000 ETH)
(9) 0x3E4BEb473a53cfD719Af4b1d7DA27dD5d58d21d3 (1000 ETH)

Private Keys
==================
(0) 0x0b48bf63c6f71cc2568425ddbf0cc9470673309b352908ad1a1ebca25f02ebf7
(1) 0x495c07b8170c8852b8d43383d29d28ac70788dc78f897e866b2dd1e8e1f9bdbd
(2) 0xbf2504407080571e8cbe3680aaa2ff6fbc113e77a23c3d8c889a9a19c0383391
(3) 0x8283fb2d12dd73728b8f439a82c1c07768a775db619a6ace348dbb49c82b2c60
(4) 0x724a65ec20b5d19bd0ebbdabd451e0ba275aaf453dbd58e24e569c929c115827
(5) 0xdde04416a64094ad1a0da90db0ff7a3403f6f4430344bf10be9123380cd250c3
(6) 0xd850e9b8a88c50018c21e530a48623735f7b0d2d97a72e9ea8801e56559460cb
(7) 0x7261655c2ad7e1f2dd70e86c39f152017317df76865b1d32b073abe4c6182747
(8) 0x7ffb9a4f541f6aacbfee2dd01ab58985b8552287bb5fcd0b54b59dfec5d45d64
(9) 0xd12bf032a112f7736571552516c1c86ea5150f40c1d9289fb40b2298d3b9ad72

HD Wallet
==================
Mnemonic:      success century apple wheel pyramid stove web elite enlist mammal useless maid
Base HD Path:  m/44'/60'/0'/0/{account_index}

Default Gas Price
==================
2000000000

BlockGas Limit
==================
30000000

Call Gas Limit
==================
50000000

Chain
==================
Hardfork: shanghai
Id:       1337

RPC Listening on 127.0.0.1:8545
web3_clientVersion
eth_blockNumber
net_version
eth_accounts
eth_accounts
eth_blockNumber
net_version
eth_getBlockByNumber
eth_estimateGas
eth_getBlockByNumber
eth_gasPrice
eth_sendTransaction

  Transaction: 0x357463e2723a4f45fc76e76c8f82a8c234d90d10cc8302bcbe8862f1640e07c2
  Contract created: 0xccb0370ce66f4d4cbaa476b73325405c6ff9400e
  Gas usage: 1285274
  Block number: 1
  Block time: Fri May 08 2026 02:08:54 GMT+0700 (Indochina Time)

eth_getTransactionReceipt
eth_getCode
eth_getTransactionReceipt
eth_getBlockByNumber
eth_gasPrice
eth_sendTransaction

  Transaction: 0x23b78b1205735841c319342f2931a217f52cc37668841f88e2b94d7c5be416af
  Gas usage: 21055
  Block number: 2
  Block time: Fri May 08 2026 02:08:54 GMT+0700 (Indochina Time)

eth_getTransactionReceipt
net_version
eth_getBlockByNumber
eth_estimateGas
eth_getBlockByNumber
eth_gasPrice
eth_sendTransaction

  Transaction: 0xcbce438de3ad1f0d1affe580b9691b274523da9a3478330495f4cbef719785c9
  Gas usage: 75948
  Block number: 3
  Block time: Fri May 08 2026 02:08:54 GMT+0700 (Indochina Time)

eth_getTransactionReceipt
eth_blockNumber
eth_getBalance
eth_getTransactionByHash
debug_traceTransaction
eth_getTransactionByHash
debug_traceTransaction
eth_getTransactionByHash
debug_traceTransaction

Received shutdown signal: SIGTERM
Shutting down…
Server has been shut down
