Using network 'development'.

{
  "ok": true,
  "graph_id": "",
  "pair": "B->C|evm|fund:bc",
  "pairKey": "B->C|evm|fund:bc",
  "contract": "CTLCMultipleEdges",
  "scenario": "worst_claim",
  "deployGas": "0x161384",
  "gasUsed": "133204",
  "disableGasUsed": "52925",
  "claimGasUsed": "80279",
  "refundGasUsed": "",
  "contractAddress": "0xa2ae66e770b0943c14186Cc01eF0fa3680aa41f0",
  "startBlock": "0",
  "endBlock": "9",
  "finalContractBalanceWei": "0",
  "deployer": "0x34647169Bed53d32bFAD9F2b2FBD8031494F5554",
  "party": "0xEb9b6Ca7284218f0E89ca1C3191281EE5fDa88e3",
  "counterparty": "0xE0FB4253f3cc4EE48F5A40495B3f053B62B7f81a",
  "fundingWei": "1000000000000000000",
  "timelocks": [
    7,
    9
  ],
  "transactions": [
    {
      "role": "deploy",
      "txHash": "0x9aa61296947d51ee1d41b539f273f7c6be068cfe0f22d937975fe43458cbecc7"
    },
    {
      "role": "fund",
      "txHash": "0x2da750fc41f2ec965548c93b8b0d236f8466a692ca635380679908295f194dc0"
    },
    {
      "role": "disable",
      "txHash": "0x3daf2a266ff1e3ae61021853e9c43dfc471bfee922ab6ece1a49ffb4174773a7",
      "level": 0
    },
    {
      "role": "claim",
      "txHash": "0x46ac20bc5a57fab015b40ff4dddd94baa2b8d2b7af60b7c639fb29becb607f87",
      "level": 1,
      "option": 0
    }
  ],
  "txRoles": [
    {
      "role": "deploy",
      "txHash": "0x9aa61296947d51ee1d41b539f273f7c6be068cfe0f22d937975fe43458cbecc7"
    },
    {
      "role": "fund",
      "txHash": "0x2da750fc41f2ec965548c93b8b0d236f8466a692ca635380679908295f194dc0"
    },
    {
      "role": "disable",
      "txHash": "0x3daf2a266ff1e3ae61021853e9c43dfc471bfee922ab6ece1a49ffb4174773a7",
      "level": 0
    },
    {
      "role": "claim",
      "txHash": "0x46ac20bc5a57fab015b40ff4dddd94baa2b8d2b7af60b7c639fb29becb607f87",
      "level": 1,
      "option": 0
    }
  ],
  "deployTxHash": "0x9aa61296947d51ee1d41b539f273f7c6be068cfe0f22d937975fe43458cbecc7",
  "fundTxHash": "0x2da750fc41f2ec965548c93b8b0d236f8466a692ca635380679908295f194dc0",
  "disableTxHashes": [
    "0x3daf2a266ff1e3ae61021853e9c43dfc471bfee922ab6ece1a49ffb4174773a7"
  ],
  "disableTxHash": "0x3daf2a266ff1e3ae61021853e9c43dfc471bfee922ab6ece1a49ffb4174773a7",
  "disableTx": "0x3daf2a266ff1e3ae61021853e9c43dfc471bfee922ab6ece1a49ffb4174773a7",
  "claimTxHash": "0x46ac20bc5a57fab015b40ff4dddd94baa2b8d2b7af60b7c639fb29becb607f87",
  "txHash": "0x46ac20bc5a57fab015b40ff4dddd94baa2b8d2b7af60b7c639fb29becb607f87",
  "tx": "0x46ac20bc5a57fab015b40ff4dddd94baa2b8d2b7af60b7c639fb29becb607f87"
}
