COMMAND: python3 experiments/scale_trace/scripts/trace_result_json.py /home/aothuatgiadp/blockchain/project/CTLC-Implementation/experiments/scale_trace/runs/random_v1_67/F-_G_evm_fund_fg_CTLCOnly_worst_claim/result.json /home/aothuatgiadp/blockchain/project/CTLC-Implementation/experiments/scale_trace/runs/random_v1_67/F-_G_evm_fund_fg_CTLCOnly_worst_claim/trace.json
STATUS: 0

STDOUT:
{
  "graph_id": "",
  "pair": "F->G|evm|fund:fg",
  "contract": "CTLCOnly",
  "scenario": "worst_claim",
  "contractAddress": "0xcaE65688571C331625a7B21eA6AEa52B569284bc",
  "traces": {
    "deploy": {
      "tx_hash": "0x36c4209c5c5b1437dc48ad4f70d89bf974a043d8c4c8223dec356d2a47cb470a",
      "actual_calldata_bytes": 7123,
      "actual_sstore_count": 9,
      "actual_call_count": 0,
      "opcode_steps": 1374
    },
    "fund": {
      "tx_hash": "0x429f2f768fc2d3dbc51f5591daf0efde4bb169b3c137399779d62f5806830a2e",
      "actual_calldata_bytes": 0,
      "actual_sstore_count": 0,
      "actual_call_count": 0,
      "opcode_steps": 13
    },
    "claim_level0": {
      "tx_hash": "0xa6058ea01f24f9138c7c5772f2668a155e251b2ee3f9b14e4935095241f6daf8",
      "actual_calldata_bytes": 292,
      "actual_sstore_count": 1,
      "actual_call_count": 1,
      "opcode_steps": 1134
    }
  }
}


STDERR:

