COMMAND: python3 experiments/scale_trace/scripts/trace_result_json.py /home/aothuatgiadp/blockchain/project/CTLC-Implementation/experiments/scale_trace/runs/random_v1_255/F-_G_evm_fund_fg_CTLCMultipleEdges_worst_claim/result.json /home/aothuatgiadp/blockchain/project/CTLC-Implementation/experiments/scale_trace/runs/random_v1_255/F-_G_evm_fund_fg_CTLCMultipleEdges_worst_claim/trace.json
STATUS: 0

STDOUT:
{
  "graph_id": "",
  "pair": "F->G|evm|fund:fg",
  "contract": "CTLCMultipleEdges",
  "scenario": "worst_claim",
  "contractAddress": "0x43984EEa3a536B0F62090E90c53329a8c2e7EA6B",
  "traces": {
    "deploy": {
      "tx_hash": "0xf4801e28f8998f2cf4e137e0a5c2cc1e1dccf6ecc7a5153520ae86d438bdaa8a",
      "actual_calldata_bytes": 8425,
      "actual_sstore_count": 28,
      "actual_call_count": 0,
      "opcode_steps": 4638
    },
    "fund": {
      "tx_hash": "0xc083250b2adc52328cf0845d86b0773e9b93f52f40f4b46bb2cd6040aa372e29",
      "actual_calldata_bytes": 0,
      "actual_sstore_count": 0,
      "actual_call_count": 0,
      "opcode_steps": 13
    },
    "disable_level0": {
      "tx_hash": "0x48b51b6555045510c6cde37fd6a89604a6082526a46fb4571baa654eb0a40f06",
      "actual_calldata_bytes": 36,
      "actual_sstore_count": 1,
      "actual_call_count": 0,
      "opcode_steps": 300
    },
    "disable_level1": {
      "tx_hash": "0x82cffda1adb2e074f203c8613818bfe87cf5858ab9fa7f853c9b5859901a4763",
      "actual_calldata_bytes": 36,
      "actual_sstore_count": 1,
      "actual_call_count": 0,
      "opcode_steps": 300
    },
    "claim_level2": {
      "tx_hash": "0xdd49b1edc32dc8cf39f22de475eab40823958780507edb5753c817e65c9e4e6f",
      "actual_calldata_bytes": 612,
      "actual_sstore_count": 1,
      "actual_call_count": 1,
      "opcode_steps": 2309
    }
  }
}


STDERR:

