ganache v7.9.2 (@ganache/cli: 0.10.2, @ganache/core: 0.10.2)
Starting RPC server

Available Accounts
==================
(0) 0x20FBD29Fad0ee547c51FF8F0ce8f81fA81aaf5f1 (1000 ETH)
(1) 0x7c85Cbe6cA23506AE22dE911db8ef8fbCfB3A56F (1000 ETH)
(2) 0x3c739eef1Cb748E7C1E2D2A0a59F81d643CD4C7D (1000 ETH)
(3) 0x0346665B51f2D006D8F53883E2Cfb71C20FD1813 (1000 ETH)
(4) 0x280A813f54CA890816781371D92Bb8CA9e7D8a67 (1000 ETH)
(5) 0x0Ff00C2917622433495988253ea70592d11d7D85 (1000 ETH)
(6) 0x28221312bB216e683025205276a43372d1fFeEf8 (1000 ETH)
(7) 0xEa93444220B897737823E34e2265a4Bc18120873 (1000 ETH)
(8) 0x8414f6f6423E455AA73F7a4e18B9e056424c2f9b (1000 ETH)
(9) 0x4af91436a6BF0c7B08Bb5Ee4ecf570499A1cE733 (1000 ETH)

Private Keys
==================
(0) 0x398f17a56ec7e8ff91348e9b0bf9cb45bc2c198ba9a038860074ce1f769eba10
(1) 0xcfc104b78ba96d593a52721b255865fa71013236eb928262f0edddd31d5e1ff3
(2) 0x0ac9a540ad1ec451eca1a526a5e07a87cb3702ddc42ae31e94e7fa10a5ab66f9
(3) 0xc4058bfa83161071e30d797e025d09aa23f5f762a0cd5297ba35d74335a6ba5e
(4) 0x955e2cbd5ee016253f53e9658d885cbc223c1eab11fa94310d72418939f9d315
(5) 0x62d07f4fcdfb2396c0b088c65fec4d6a5d43988cd659c9511fe6aed62bbde0af
(6) 0x32ec5c11d44c04a8b0c961e076695f652dfca76124d3cf27d60213b2ef408ce3
(7) 0xd4968c3eee73a97399f9b08ba8738111091f75703d06a7fb43a830a5d8eb25d5
(8) 0x7e26c4a46235bdd7b5a54c3c2b4845787fc748cc366166e9051404a288e31aa1
(9) 0xcefcd66dd29561dab67955e0120826ae16ad71759210d9746f1ee70692207629

HD Wallet
==================
Mnemonic:      shy initial side salute doctor lens fog space talent minimum step dynamic
Base HD Path:  m/44'/60'/0'/0/{account_index}

Default Gas Price
==================
2000000000

BlockGas Limit
==================
30000000

Call Gas Limit
==================
50000000

Chain
==================
Hardfork: shanghai
Id:       1337

RPC Listening on 127.0.0.1:8545
web3_clientVersion
eth_blockNumber
net_version
eth_accounts
eth_accounts
eth_blockNumber
net_version
eth_getBlockByNumber
eth_estimateGas
eth_getBlockByNumber
eth_gasPrice
eth_sendTransaction

  Transaction: 0xbc8324ba7ddd64b561f79ac387b83bb703503b6b484c713aad9394cfa78c1311
  Contract created: 0x163dea89b8e55ac77685c21f2316d5bcf5af5d12
  Gas usage: 1331110
  Block number: 1
  Block time: Thu May 07 2026 20:38:06 GMT+0700 (Indochina Time)

eth_getTransactionReceipt
eth_getCode
eth_getTransactionReceipt
eth_getBlockByNumber
eth_gasPrice
eth_sendTransaction

  Transaction: 0x696f70ea6993e8cc5e3c226112be522003a83f7751821c92f291903381d2ab0c
  Gas usage: 21055
  Block number: 2
  Block time: Thu May 07 2026 20:38:06 GMT+0700 (Indochina Time)

eth_getTransactionReceipt
net_version
eth_getBlockByNumber
eth_estimateGas
eth_getBlockByNumber
eth_gasPrice
eth_sendTransaction

  Transaction: 0x2f8ca1b486e57a23e9010093237814486f706fa2375622ba6cfa7bd90859285e
  Gas usage: 80267
  Block number: 3
  Block time: Thu May 07 2026 20:38:06 GMT+0700 (Indochina Time)

eth_getTransactionReceipt
eth_blockNumber
eth_getBalance
eth_getTransactionByHash
debug_traceTransaction
eth_getTransactionByHash
debug_traceTransaction
eth_getTransactionByHash
debug_traceTransaction

Received shutdown signal: SIGTERM
Shutting down…
Server has been shut down
