Using network 'development'.

{
  "ok": true,
  "graph_id": "",
  "pair": "D->E|evm|fund:de",
  "pairKey": "D->E|evm|fund:de",
  "contract": "CTLCMultipleEdges",
  "scenario": "worst_claim",
  "deployGas": "0x1996fa",
  "gasUsed": "177668",
  "disableGasUsed": "88762",
  "claimGasUsed": "88906",
  "refundGasUsed": "",
  "contractAddress": "0x3c42035A8a449C3Cd1f0F0C8930448d30C584D06",
  "startBlock": "0",
  "endBlock": "11",
  "finalContractBalanceWei": "0",
  "deployer": "0xa06dd3F8deE7d615325D896b012bC73A1a26D74E",
  "party": "0xaAaFd671b7F8082ECf055D529755275B66b31507",
  "counterparty": "0x2583cABa6053dcA1eb177F2cdcF4E994cf9e4A35",
  "fundingWei": "1000000000000000000",
  "timelocks": [
    8,
    9,
    11
  ],
  "transactions": [
    {
      "role": "deploy",
      "txHash": "0x5986605c1d15f07513bc025f2f8a186980775388e0344a74f6c274533b8819f9"
    },
    {
      "role": "fund",
      "txHash": "0x84490dced45163ba058ee2a04c64d30aff43c324fd0acf7f3c4538d869a36c98"
    },
    {
      "role": "disable",
      "txHash": "0x022817baf1563754671c87dc818661aeac979d847a1ec27e7840fb837d44a93f",
      "level": 0
    },
    {
      "role": "disable",
      "txHash": "0xdbd43a8263f6e2e27643ba801dd2ca41870c8b5c750800b7fbbad98d1007a832",
      "level": 1
    },
    {
      "role": "claim",
      "txHash": "0x219fe0a82390de75e8d0cb91aa56b2fa63ec9fbc549784265dd98035844730a8",
      "level": 2,
      "option": 0
    }
  ],
  "txRoles": [
    {
      "role": "deploy",
      "txHash": "0x5986605c1d15f07513bc025f2f8a186980775388e0344a74f6c274533b8819f9"
    },
    {
      "role": "fund",
      "txHash": "0x84490dced45163ba058ee2a04c64d30aff43c324fd0acf7f3c4538d869a36c98"
    },
    {
      "role": "disable",
      "txHash": "0x022817baf1563754671c87dc818661aeac979d847a1ec27e7840fb837d44a93f",
      "level": 0
    },
    {
      "role": "disable",
      "txHash": "0xdbd43a8263f6e2e27643ba801dd2ca41870c8b5c750800b7fbbad98d1007a832",
      "level": 1
    },
    {
      "role": "claim",
      "txHash": "0x219fe0a82390de75e8d0cb91aa56b2fa63ec9fbc549784265dd98035844730a8",
      "level": 2,
      "option": 0
    }
  ],
  "deployTxHash": "0x5986605c1d15f07513bc025f2f8a186980775388e0344a74f6c274533b8819f9",
  "fundTxHash": "0x84490dced45163ba058ee2a04c64d30aff43c324fd0acf7f3c4538d869a36c98",
  "disableTxHashes": [
    "0x022817baf1563754671c87dc818661aeac979d847a1ec27e7840fb837d44a93f",
    "0xdbd43a8263f6e2e27643ba801dd2ca41870c8b5c750800b7fbbad98d1007a832"
  ],
  "disableTxHash": "0x022817baf1563754671c87dc818661aeac979d847a1ec27e7840fb837d44a93f",
  "disableTx": "0x022817baf1563754671c87dc818661aeac979d847a1ec27e7840fb837d44a93f",
  "claimTxHash": "0x219fe0a82390de75e8d0cb91aa56b2fa63ec9fbc549784265dd98035844730a8",
  "txHash": "0x219fe0a82390de75e8d0cb91aa56b2fa63ec9fbc549784265dd98035844730a8",
  "tx": "0x219fe0a82390de75e8d0cb91aa56b2fa63ec9fbc549784265dd98035844730a8"
}
