Using network 'development'.

{
  "ok": true,
  "graph_id": "",
  "pair": "C->B|evm|fund:cb",
  "pairKey": "C->B|evm|fund:cb",
  "contract": "CTLCOnly",
  "scenario": "refund",
  "deployGas": "0x11263b",
  "gasUsed": "59561",
  "disableGasUsed": "0",
  "claimGasUsed": "",
  "refundGasUsed": "59561",
  "contractAddress": "0xadE3644f0bdAfe0489c0bFD3fc1c5E9DEd65C2fd",
  "startBlock": "0",
  "endBlock": "8",
  "finalContractBalanceWei": "0",
  "deployer": "0x0ea28d13f10c24f49684FB0772cA184f281428A9",
  "party": "0xf1bdc839C152CA68f78fCe8381C9A0723905EB35",
  "counterparty": "0xa61C549d14e669E35aAA7cc44829a90603b6118f",
  "fundingWei": "1000000000000000000",
  "timelocks": [
    7
  ],
  "transactions": [
    {
      "role": "deploy",
      "txHash": "0xc5ba2109e97ab354b39b127fdc1e790fc8d17ef87d4ff6b82b3e1b9d36071dea"
    },
    {
      "role": "fund",
      "txHash": "0x25d206746cd82fbac3e3464e9ff1cffd834660a7c77d282d4debd6f39b303dfd"
    },
    {
      "role": "refund",
      "txHash": "0x2676bb06a441a990abf7002e4846c53c9786df2e07fa243dde6c72d2d5b5e3bf",
      "level": 0
    }
  ],
  "txRoles": [
    {
      "role": "deploy",
      "txHash": "0xc5ba2109e97ab354b39b127fdc1e790fc8d17ef87d4ff6b82b3e1b9d36071dea"
    },
    {
      "role": "fund",
      "txHash": "0x25d206746cd82fbac3e3464e9ff1cffd834660a7c77d282d4debd6f39b303dfd"
    },
    {
      "role": "refund",
      "txHash": "0x2676bb06a441a990abf7002e4846c53c9786df2e07fa243dde6c72d2d5b5e3bf",
      "level": 0
    }
  ],
  "deployTxHash": "0xc5ba2109e97ab354b39b127fdc1e790fc8d17ef87d4ff6b82b3e1b9d36071dea",
  "fundTxHash": "0x25d206746cd82fbac3e3464e9ff1cffd834660a7c77d282d4debd6f39b303dfd",
  "refundTxHash": "0x2676bb06a441a990abf7002e4846c53c9786df2e07fa243dde6c72d2d5b5e3bf",
  "refundTx": "0x2676bb06a441a990abf7002e4846c53c9786df2e07fa243dde6c72d2d5b5e3bf"
}
