ganache v7.9.2 (@ganache/cli: 0.10.2, @ganache/core: 0.10.2)
Starting RPC server

Available Accounts
==================
(0) 0xbDeAf7CAb881E3D254765ef33Ca485043af55285 (1000 ETH)
(1) 0x1c5579855e44440f87ad399776ac020028617703 (1000 ETH)
(2) 0x9296b2a0aDDe192caB57bE5EA7A3FD5930D1Ce3F (1000 ETH)
(3) 0x359A48B6c40D17852a3E4e9fcba13738aFc2E246 (1000 ETH)
(4) 0xb6beCc9fEaC4E130739E31ca4D14B52fD1E07293 (1000 ETH)
(5) 0x63C8d4e5447209a6C70B252b6D3a2d5e888F9b7E (1000 ETH)
(6) 0x00189e9079eC8F599aD26bD1fCEcb7Dc96c7f7bE (1000 ETH)
(7) 0xd212dD0C1A147163ec1E6000fa854da0b00d1335 (1000 ETH)
(8) 0x986859b1A5b17248C98EEF564BD742DD223380E9 (1000 ETH)
(9) 0x3BB3d48985De98E9004ccE2c07b276c09e086E81 (1000 ETH)

Private Keys
==================
(0) 0x08af8cce990aa0398dd96068acddfb154923af9f62809ec52d006b921df6cf40
(1) 0x7e1629d83b0cba87b53b0b314178bc63980c3aacdd394cf04ab5dc635ac95e3f
(2) 0x5dc0ec1a8034f6a1bb79803fd0093585257d62bd52813a8743cc118d3703ed96
(3) 0xff450254f781a64c8b2258f50b9509f90e44ee9897bdaf86ee9065c4f83b803b
(4) 0xee096c32bc370b690853a9ea6c8f2c71ad88beffbf9f0a3f459540154a9fd1a9
(5) 0x824313fe9dd9b530478ca3245468ac04d3a9657f7faae41e24a892db2649b0cb
(6) 0x968442856591a2852b82b48a3fcc15d6125ffb865c01e3cfe83462bd0cfcd8e7
(7) 0x2e4a005478d0993c1fed07b2256a4d37c080552705c36f4d28c0b2e857d1fb4c
(8) 0xfffa39ca9bdbcc1a193b708e7113630dfe158c16f2638106abe274b1efe43d16
(9) 0x9064edc3cdb20e208b2b60679976c36149dd26752e54f929ef4a4bdcb5935423

HD Wallet
==================
Mnemonic:      impact limb element grid tomorrow fan unfair lecture hill network thumb actress
Base HD Path:  m/44'/60'/0'/0/{account_index}

Default Gas Price
==================
2000000000

BlockGas Limit
==================
30000000

Call Gas Limit
==================
50000000

Chain
==================
Hardfork: shanghai
Id:       1337

RPC Listening on 127.0.0.1:8545
web3_clientVersion
eth_blockNumber
net_version
eth_accounts
eth_accounts
eth_blockNumber
net_version
eth_getBlockByNumber
eth_estimateGas
eth_getBlockByNumber
eth_gasPrice
eth_sendTransaction

  Transaction: 0xd90db52dbd37a1af17361a7b2c7d349af391804b6d7a807abf4a74e254bd325c
  Contract created: 0x0b98b12da2c2193bc155b287e55f4227d6a20bfb
  Gas usage: 1469700
  Block number: 1
  Block time: Fri May 08 2026 01:03:16 GMT+0700 (Indochina Time)

eth_getTransactionReceipt
eth_getCode
eth_getTransactionReceipt
eth_getBlockByNumber
eth_gasPrice
eth_sendTransaction

  Transaction: 0x1778fe74a08a9de7bc6409f06513cee5beee369cf6f65f567d73e19e8dd1f93e
  Gas usage: 21055
  Block number: 2
  Block time: Fri May 08 2026 01:03:16 GMT+0700 (Indochina Time)

eth_getTransactionReceipt
net_version
eth_getBlockByNumber
eth_estimateGas
eth_getBlockByNumber
eth_gasPrice
eth_sendTransaction

  Transaction: 0x73c4356bee3df3f9965d4c290a4aef9a2a81bf264d5a8b6cae86015fb8853e71
  Gas usage: 75948
  Block number: 3
  Block time: Fri May 08 2026 01:03:16 GMT+0700 (Indochina Time)

eth_getTransactionReceipt
eth_blockNumber
eth_getBalance
eth_getTransactionByHash
debug_traceTransaction
eth_getTransactionByHash
debug_traceTransaction
eth_getTransactionByHash
debug_traceTransaction

Received shutdown signal: SIGTERM
Shutting down…
Server has been shut down
