ganache v7.9.2 (@ganache/cli: 0.10.2, @ganache/core: 0.10.2)
Starting RPC server

Available Accounts
==================
(0) 0xDEacd0cA2632D75528BD4C9DE1041081F4868356 (1000 ETH)
(1) 0xcc7A1619405F3476EBb7B8C391AC86ad8442a43D (1000 ETH)
(2) 0xe89387E7467E2396BB09323558454359307579fE (1000 ETH)
(3) 0x9eCc179aF3dA00f8783b17898609B88AcB1609d4 (1000 ETH)
(4) 0x36DB1df21F18Aa3a339fd3c7B0fBAF593eb82D41 (1000 ETH)
(5) 0xAEf6bBE15CD69F6eCb86449f210fC406D6eCBb9B (1000 ETH)
(6) 0x77F80979fB8b65fb9C02c96aD808b75F83F0BDC4 (1000 ETH)
(7) 0xC418becbbb1b489bADe2ebfE51be132BAb114Ab0 (1000 ETH)
(8) 0x6d12f0Fc295b6a3851dbF3A996C0306E17A1cDf4 (1000 ETH)
(9) 0xAf918A5a7C38b8C8c3b89075bb98cbF25247a9dB (1000 ETH)

Private Keys
==================
(0) 0x2d689071140d0e127f9a84f5b92bccb5004b37b6503ac98d4a7234c5811d922a
(1) 0xb876badd9d70a7dbe590719ad7b37c79025bf6b581807eee155502b707d99f0e
(2) 0x3a507a0de98f80e3148e6410e5f8bd0e9347738a740054ee55f07d1f10a00c29
(3) 0x4bc5f1a29bc924c562ce6d7ed2604bea96605e3eb714ade1102fa8bba0135e19
(4) 0xabf72276369b1b4f2c4713d9871038bbf56cbbac44a1ec5a7e83e9508a80797b
(5) 0x62cc0be97f4f3b5c06e4f6b574ef294cff18998ebe35f9b7c37fe0f18bab7e87
(6) 0x80ec728f4cbdd4a2db0f9cc7600c451c80dda6ece104d703b9191ca823b2568e
(7) 0xb0ace761bd4871c7da7e8c29d2b80d5c683df92834117a6de666c1285c38a8a7
(8) 0x27c205c0848689cd448ed0960a224d1ef45ec6f4f742b5c1a8fbf3f1208d09d7
(9) 0x99335db8bc24914c1a377c9835dfd704be98c25a9efc6fe986a75b73797b8d83

HD Wallet
==================
Mnemonic:      inquiry explain peasant typical senior today remain vote simple robust absent hand
Base HD Path:  m/44'/60'/0'/0/{account_index}

Default Gas Price
==================
2000000000

BlockGas Limit
==================
30000000

Call Gas Limit
==================
50000000

Chain
==================
Hardfork: shanghai
Id:       1337

RPC Listening on 127.0.0.1:8545
web3_clientVersion
eth_blockNumber
net_version
eth_accounts
eth_accounts
eth_blockNumber
net_version
eth_getBlockByNumber
eth_estimateGas
eth_getBlockByNumber
eth_gasPrice
eth_sendTransaction

  Transaction: 0x99a1a6daaa1a9faca9599e825456aa3e0cdc771af2cea71839695f25802bdd57
  Contract created: 0xc897398dbcc230b88e0d0fb3e7f25cef6e97723f
  Gas usage: 1884272
  Block number: 1
  Block time: Thu May 07 2026 21:49:04 GMT+0700 (Indochina Time)

eth_getTransactionReceipt
eth_getCode
eth_getTransactionReceipt
eth_getBlockByNumber
eth_gasPrice
eth_sendTransaction

  Transaction: 0xd47f3d978a05c849a6606c61d4dbac923bbccb9c3d8ab85fe4d1b489ab6c5770
  Gas usage: 21055
  Block number: 2
  Block time: Thu May 07 2026 21:49:04 GMT+0700 (Indochina Time)

eth_getTransactionReceipt
eth_blockNumber
evm_mine
eth_blockNumber
evm_mine
eth_blockNumber
evm_mine
eth_blockNumber
evm_mine
eth_blockNumber
evm_mine
eth_blockNumber
evm_mine
eth_blockNumber
net_version
eth_getBlockByNumber
eth_estimateGas
eth_getBlockByNumber
eth_gasPrice
eth_sendTransaction

  Transaction: 0xff5ffdc933b11e35e084da04f19bfc55c15b0d4b9afb443e7f4d7b311703289a
  Gas usage: 52925
  Block number: 9
  Block time: Thu May 07 2026 21:49:04 GMT+0700 (Indochina Time)

eth_getTransactionReceipt
eth_blockNumber
net_version
eth_getBlockByNumber
eth_estimateGas
eth_getBlockByNumber
eth_gasPrice
eth_sendTransaction

  Transaction: 0x0c4a62652e0b65a21982dbfd3a783d63bd26c86c913aa35822493f4cd38ac7f3
  Gas usage: 35837
  Block number: 10
  Block time: Thu May 07 2026 21:49:04 GMT+0700 (Indochina Time)

eth_getTransactionReceipt
eth_blockNumber
net_version
eth_getBlockByNumber
eth_estimateGas
eth_getBlockByNumber
eth_gasPrice
eth_sendTransaction

  Transaction: 0xe3ac4097f31ae0397bff6c161fb6aa3f3c8f05fdf11ddc14c1eea8aab988675e
  Gas usage: 59539
  Block number: 11
  Block time: Thu May 07 2026 21:49:05 GMT+0700 (Indochina Time)

eth_getTransactionReceipt
eth_blockNumber
eth_getBalance
eth_getTransactionByHash
debug_traceTransaction
eth_getTransactionByHash
debug_traceTransaction
eth_getTransactionByHash
debug_traceTransaction
eth_getTransactionByHash
debug_traceTransaction
eth_getTransactionByHash
debug_traceTransaction

Received shutdown signal: SIGTERM
Shutting down…
Server has been shut down
