COMMAND: python3 experiments/scale_trace/scripts/trace_result_json.py /home/aothuatgiadp/blockchain/project/CTLC-Implementation/experiments/scale_trace/runs/random_v1_168/C-_D_evm_fund_cd_CTLCMultipleEdges_best_claim/result.json /home/aothuatgiadp/blockchain/project/CTLC-Implementation/experiments/scale_trace/runs/random_v1_168/C-_D_evm_fund_cd_CTLCMultipleEdges_best_claim/trace.json
STATUS: 0

STDOUT:
{
  "graph_id": "",
  "pair": "C->D|evm|fund:cd",
  "contract": "CTLCMultipleEdges",
  "scenario": "best_claim",
  "contractAddress": "0xD5dC8d61dab65708661d6C94A2C4c68DB8F0280C",
  "traces": {
    "deploy": {
      "tx_hash": "0xbdb8ecfcda25f87cdd909aad4f21884fc556cb7024f3cce3015687a3760fd1ab",
      "actual_calldata_bytes": 8265,
      "actual_sstore_count": 25,
      "actual_call_count": 0,
      "opcode_steps": 3795
    },
    "fund": {
      "tx_hash": "0x53188c0a4607d9b2b1e14d338557f853346adbf8541e293c441d6a024d907456",
      "actual_calldata_bytes": 0,
      "actual_sstore_count": 0,
      "actual_call_count": 0,
      "opcode_steps": 13
    },
    "claim_level0": {
      "tx_hash": "0x137a26461d8dd6297b02bcd16616ebe8bad195c1df50df30978ec1977c636ba3",
      "actual_calldata_bytes": 420,
      "actual_sstore_count": 1,
      "actual_call_count": 1,
      "opcode_steps": 1597
    }
  }
}


STDERR:

