COMMAND: python3 experiments/scale_trace/scripts/trace_result_json.py /home/aothuatgiadp/blockchain/project/CTLC-Implementation/experiments/scale_trace/runs/random_v1_282/D-_E_evm_fund_de_CTLCOnly_refund/result.json /home/aothuatgiadp/blockchain/project/CTLC-Implementation/experiments/scale_trace/runs/random_v1_282/D-_E_evm_fund_de_CTLCOnly_refund/trace.json
STATUS: 0

STDOUT:
{
  "graph_id": "",
  "pair": "D->E|evm|fund:de",
  "contract": "CTLCOnly",
  "scenario": "refund",
  "contractAddress": "0xA76C51431dEE4234026CA786F67023fB7010c937",
  "traces": {
    "deploy": {
      "tx_hash": "0xd657758d0fba4a45493cd1201f75d851ec27021a47407aa24b499f69cc6509d8",
      "actual_calldata_bytes": 7187,
      "actual_sstore_count": 11,
      "actual_call_count": 0,
      "opcode_steps": 1550
    },
    "fund": {
      "tx_hash": "0xae9d9230e884493227830d49d715057ac7ac6d345c71e8d366242b2322c78e3c",
      "actual_calldata_bytes": 0,
      "actual_sstore_count": 0,
      "actual_call_count": 0,
      "opcode_steps": 13
    },
    "refund_level0": {
      "tx_hash": "0x7e849b085e430ebc1c63173f336dc914d03d3a75e35bd4c351e49c83475629d9",
      "actual_calldata_bytes": 4,
      "actual_sstore_count": 1,
      "actual_call_count": 1,
      "opcode_steps": 229
    }
  }
}


STDERR:

