COMMAND: python3 experiments/scale_trace/scripts/trace_result_json.py /home/aothuatgiadp/blockchain/project/CTLC-Implementation/experiments/scale_trace/runs/random_v1_153/E-_F_evm_fund_ef_CTLCOnly_best_claim/result.json /home/aothuatgiadp/blockchain/project/CTLC-Implementation/experiments/scale_trace/runs/random_v1_153/E-_F_evm_fund_ef_CTLCOnly_best_claim/trace.json
STATUS: 0

STDOUT:
{
  "graph_id": "",
  "pair": "E->F|evm|fund:ef",
  "contract": "CTLCOnly",
  "scenario": "best_claim",
  "contractAddress": "0x839B269fB105652E190513feD1500168674c7Eb3",
  "traces": {
    "deploy": {
      "tx_hash": "0x1fe0ac070e978f1b0f0c0f6463783c54e005ccb06e3593392220e5546427dedc",
      "actual_calldata_bytes": 7155,
      "actual_sstore_count": 10,
      "actual_call_count": 0,
      "opcode_steps": 1462
    },
    "fund": {
      "tx_hash": "0xcecc96cd862a22bfcae024470d1380323744ca032af9be6455ad9b5ecad01beb",
      "actual_calldata_bytes": 0,
      "actual_sstore_count": 0,
      "actual_call_count": 0,
      "opcode_steps": 13
    },
    "claim_level0": {
      "tx_hash": "0x58ae2d43796021da714e852d830e9eabe23bfdfbadcc31fe9c1ad8bafa2a51f5",
      "actual_calldata_bytes": 388,
      "actual_sstore_count": 1,
      "actual_call_count": 1,
      "opcode_steps": 1475
    }
  }
}


STDERR:

