ganache v7.9.2 (@ganache/cli: 0.10.2, @ganache/core: 0.10.2)
Starting RPC server

Available Accounts
==================
(0) 0x75847Ba7649eE9C508644FC23cfa7dD794eF885f (1000 ETH)
(1) 0x9DA3c2f70d28e65034Ac777a2b23b2d4567a224E (1000 ETH)
(2) 0xfC176B4AB8f686779CbA193936D506Dd388037F9 (1000 ETH)
(3) 0xE2D02cEDa11a395edA69d3d1959d8a443Be47E2b (1000 ETH)
(4) 0x4DC6d0f8fAaD5d6BfA0B0729E1c6E18B6C4c6242 (1000 ETH)
(5) 0x3B74A7576C0501b8C3c94c89E4Ee285C10D0903f (1000 ETH)
(6) 0xb4d450A0546d02E9066CC8eDC98e0b9eF5448d5c (1000 ETH)
(7) 0xa95D3be32098C23a6cd7e15cb4301a5bC37b7f25 (1000 ETH)
(8) 0xd2DBBCFB2a0A983A24b7898aE13c4c30a330B8ED (1000 ETH)
(9) 0x2e23a524e36A28aD84816278c977d72C4f4b98CE (1000 ETH)

Private Keys
==================
(0) 0x3085b20558130d8ef3be7c4c3f05dfdf0d6397d74fea9c671bafc04f9aa69ec2
(1) 0x1fbeb77abb133b43ae5d25936e9e580abebfbe08b40e8e9562ab8b7e8ad04e38
(2) 0xa9364f593f12763d113d23a9a918361b3b8b0d9cd35cd572cd8be61ea4821599
(3) 0xb9a0dcf7d58d1284f48e977d93519974ac1cf845d2dff20133b32c9f0283b1ff
(4) 0x53c0ccf51c89f652d8c23e90c6b3c498f5dd3db59c5fedc86c043ad5433bfb45
(5) 0xced2876325710e00bc78744571b58e0aefb29e46a64b21d5f77e509208970352
(6) 0x494e381d486a3eaaad8bc14775d41df6cf2caf9263227c09314ff463c4e740ab
(7) 0xe37f696bbc794332ec19412abf29f030c2d9b5e92314aee5b9d35de2fa4ffa66
(8) 0xc27f50fbb10aed5b6d0bf829b9b4ee1137082dcf926ce0660abc25236fbc0f15
(9) 0xf600c9d6364086a2b70562dbb67e0ed5a7d262c8bfc540eeca994b9d834e84ee

HD Wallet
==================
Mnemonic:      loan oblige hero people truck patch distance swing vacuum code alley balcony
Base HD Path:  m/44'/60'/0'/0/{account_index}

Default Gas Price
==================
2000000000

BlockGas Limit
==================
30000000

Call Gas Limit
==================
50000000

Chain
==================
Hardfork: shanghai
Id:       1337

RPC Listening on 127.0.0.1:8545
web3_clientVersion
eth_blockNumber
net_version
eth_accounts
eth_accounts
eth_blockNumber
net_version
eth_getBlockByNumber
eth_estimateGas
eth_getBlockByNumber
eth_gasPrice
eth_sendTransaction

  Transaction: 0xa01cb2135cdd20957a15a2c36c125d2bb1d340b5fd73db7d8e6c2e0f6c87f19c
  Contract created: 0x969057ef79556411274fb73cdbc9c310c19ecbb0
  Gas usage: 1123899
  Block number: 1
  Block time: Fri May 08 2026 03:02:41 GMT+0700 (Indochina Time)

eth_getTransactionReceipt
eth_getCode
eth_getTransactionReceipt
eth_getBlockByNumber
eth_gasPrice
eth_sendTransaction

  Transaction: 0x51d83d1d58bbd4db39606ed0e7189507d446615c16ceeed0f925649e36320052
  Gas usage: 21055
  Block number: 2
  Block time: Fri May 08 2026 03:02:41 GMT+0700 (Indochina Time)

eth_getTransactionReceipt
net_version
eth_getBlockByNumber
eth_estimateGas
eth_getBlockByNumber
eth_gasPrice
eth_sendTransaction

  Transaction: 0x16efd8c325a4c9fb991b2ac263b636a1c2809e8173d7988c3ba851aba782d608
  Gas usage: 68735
  Block number: 3
  Block time: Fri May 08 2026 03:02:41 GMT+0700 (Indochina Time)

eth_getTransactionReceipt
eth_blockNumber
eth_getBalance
eth_getTransactionByHash
debug_traceTransaction
eth_getTransactionByHash
debug_traceTransaction
eth_getTransactionByHash
debug_traceTransaction

Received shutdown signal: SIGTERM
Shutting down…
Server has been shut down
