ganache v7.9.2 (@ganache/cli: 0.10.2, @ganache/core: 0.10.2)
Starting RPC server

Available Accounts
==================
(0) 0x5D9C32687D665caa3E41f2d59D11bF90847944B0 (1000 ETH)
(1) 0x5fbf0eC6537452d76317f779C6477B06F65792B4 (1000 ETH)
(2) 0x3324903AF0bcda0162B7DAa46C58Bc02101686d6 (1000 ETH)
(3) 0xc24AFad9A770D7b18d9E3e8024cb6845c1a017F9 (1000 ETH)
(4) 0xeD663F2a26A5Fdd47F45d299a2feCAD36485BC8A (1000 ETH)
(5) 0xa469f74C70e7FF26c2C257b4F495c24b5881C60C (1000 ETH)
(6) 0xeC7e3a23A7F1346D178029C8AC33f065169a5167 (1000 ETH)
(7) 0x5F3398c1F8Cde4c48961846E1C0097Ed93BA0f13 (1000 ETH)
(8) 0x2ad8e5f7E6aDa8680E1B8b3d7cCC07dc5DB53ac8 (1000 ETH)
(9) 0x73E2de181Bf6FE26ed5338070A16067D651e92C6 (1000 ETH)

Private Keys
==================
(0) 0x6b6acedc2e6ab2abfb5ca21311eeedd4c4ecd911b30bd0913c2bbb28b60590c7
(1) 0x04040b4b3ee744a9c2957023e2a20445000f8bcbb85124228f25493d18f755f0
(2) 0x4cf87c51e8330ba2001383f605ef457f2ecccfd1a9cc724654f85ae676e25249
(3) 0xffd5e4cd1e26a41367185a5edf0c86714694053b0a9e6384d1c2398ed948b112
(4) 0x660857b96a654bb0295965f2ef3ddd9bdefa06089916d5acde7b4083ba59e539
(5) 0x52a5d94db7f1689080b6b54fedb5f62d5b9cd23d0ff87e1bd098f06f8adc1a16
(6) 0xb82d4a7fd7da068e3bebb26663447ce29e1bc68d9d1b8ad7b6d8c6412eccbdb0
(7) 0x438eaf0af8f23d0b47e4b72a65a4e6bf26dcd3eb74ad0afaa7797d8846abbcad
(8) 0xcce21717131c106ad8944657f57262da8beb7459e0448f950a08f7c5fc5ebc5b
(9) 0x84c7a316ccd03fe82c11bd99db106d2da00791d094248e4d95caf0e496b20284

HD Wallet
==================
Mnemonic:      climb pig clown congress label gasp review reduce claw pave island angle
Base HD Path:  m/44'/60'/0'/0/{account_index}

Default Gas Price
==================
2000000000

BlockGas Limit
==================
30000000

Call Gas Limit
==================
50000000

Chain
==================
Hardfork: shanghai
Id:       1337

RPC Listening on 127.0.0.1:8545
web3_clientVersion
eth_blockNumber
net_version
eth_accounts
eth_accounts
eth_blockNumber
net_version
eth_getBlockByNumber
eth_estimateGas
eth_getBlockByNumber
eth_gasPrice
eth_sendTransaction

  Transaction: 0xc3a1d0cefc15f6640c966ea618683ef4443ba4d76c9203b62a0e63c2cf71fa6e
  Contract created: 0x136faa0d4516a7fc2f7ea547f0f342441a73d9bd
  Gas usage: 1585414
  Block number: 1
  Block time: Fri May 08 2026 01:15:53 GMT+0700 (Indochina Time)

eth_getTransactionReceipt
eth_getCode
eth_getTransactionReceipt
eth_getBlockByNumber
eth_gasPrice
eth_sendTransaction

  Transaction: 0x61feb8a33eca5961e1c3c79f4a6a72ffe085cbd939a8aff1cba44f9fa5b440e2
  Gas usage: 21055
  Block number: 2
  Block time: Fri May 08 2026 01:15:53 GMT+0700 (Indochina Time)

eth_getTransactionReceipt
eth_blockNumber
evm_mine
eth_blockNumber
evm_mine
eth_blockNumber
evm_mine
eth_blockNumber
evm_mine
eth_blockNumber
evm_mine
eth_blockNumber
net_version
eth_getBlockByNumber
eth_estimateGas
eth_getBlockByNumber
eth_gasPrice
eth_sendTransaction

  Transaction: 0x600436f8df36151cb51c4e9b625175e78d9bd261f33b32a2819a2728a2afbd68
  Gas usage: 52925
  Block number: 8
  Block time: Fri May 08 2026 01:15:53 GMT+0700 (Indochina Time)

eth_getTransactionReceipt
eth_blockNumber
evm_mine
eth_blockNumber
net_version
eth_getBlockByNumber
eth_estimateGas
eth_getBlockByNumber
eth_gasPrice
eth_sendTransaction

  Transaction: 0x021a3f1083ad856e86c97690acaaf7d0a2fdfa40296414b43cb7be600749a88b
  Gas usage: 35837
  Block number: 10
  Block time: Fri May 08 2026 01:15:54 GMT+0700 (Indochina Time)

eth_getTransactionReceipt
eth_blockNumber
net_version
eth_getBlockByNumber
eth_estimateGas
eth_getBlockByNumber
eth_gasPrice
eth_sendTransaction

  Transaction: 0x4262c30aa80c0d737860ec760f33cfea2d06f2b22f437f509c26bf13cb75a086
  Gas usage: 59539
  Block number: 11
  Block time: Fri May 08 2026 01:15:54 GMT+0700 (Indochina Time)

eth_getTransactionReceipt
eth_blockNumber
eth_getBalance
eth_getTransactionByHash
debug_traceTransaction
eth_getTransactionByHash
debug_traceTransaction
eth_getTransactionByHash
debug_traceTransaction
eth_getTransactionByHash
debug_traceTransaction
eth_getTransactionByHash
debug_traceTransaction

Received shutdown signal: SIGTERM
Shutting down…
Server has been shut down
