ganache v7.9.2 (@ganache/cli: 0.10.2, @ganache/core: 0.10.2)
Starting RPC server

Available Accounts
==================
(0) 0x5758C19aD2c3Ffa1861cFB044f89F07dF9207b96 (1000 ETH)
(1) 0x359F82d3871da26Ba870adb10645801f3FB97477 (1000 ETH)
(2) 0xA96AFbD0A1497cFCCb57f7a35ad44Ee704c3AB3b (1000 ETH)
(3) 0xAe942860835e52a86Ccd40D43f08Fd49be458021 (1000 ETH)
(4) 0xACBF81E3Dd43a86635C02234D40f23e45AA5dF64 (1000 ETH)
(5) 0x1D4b6CD8d19196784a119cF8E0752903De4687e3 (1000 ETH)
(6) 0xC13d3a9aEb4cB89dA2C0c6eF3365Ba07f79DFE9e (1000 ETH)
(7) 0xec7E6D89f7F22C587899Ab01AfD0818AF8394F6E (1000 ETH)
(8) 0xB12FC24884d5204f1DF0a0A9D7414CAC0A52d22b (1000 ETH)
(9) 0xC6D4976f76393E8B4f38B585d61f84A47b81a1cf (1000 ETH)

Private Keys
==================
(0) 0x65c17f5369fc13e7cfbb4f13a6a9069213a2b2aae5f84e8dd4d8b0fd03b24f81
(1) 0x5c8ac4e9d8f6ac86c48f47cb67cd82f0f90eec9e96a777e4387d45fec7b0d501
(2) 0x280aaf9931f9f0e6dda5f8b3163d61844c27ab56474099d34c1de1f76d3f3dcf
(3) 0x03e30a2db70f59807667ac255213d95e887ac77a2fb601dda1ec18099e4120e7
(4) 0xb9e337196897ea033a95a7e38d3de6c8180527b491dfd96b228c785a73fa16b8
(5) 0x69414127c0b35d3ab84cd726d77db231d299844d4f0d96ba4d0e198eba3ea27f
(6) 0xd321c3403f90b984ae8b177425b6dac325ce32865dc8700f09af7669d491b398
(7) 0x2ce110120da74430e6dc9aed020cf45d696ea7cf826d3a02f81b0b9ded9de6f1
(8) 0x0a87305eb58fc21fa14bc430c2a46d26260e7d08459f64a2d14cc7e08f9b8511
(9) 0x7a57447f5eefe872b47d83e095024a62a7f6b42303bc1bf0cac7f1b6fd4e0008

HD Wallet
==================
Mnemonic:      mango prefer embrace syrup gospel injury arena project dwarf crawl switch cloth
Base HD Path:  m/44'/60'/0'/0/{account_index}

Default Gas Price
==================
2000000000

BlockGas Limit
==================
30000000

Call Gas Limit
==================
50000000

Chain
==================
Hardfork: shanghai
Id:       1337

RPC Listening on 127.0.0.1:8545
web3_clientVersion
eth_blockNumber
net_version
eth_accounts
eth_accounts
eth_blockNumber
net_version
eth_getBlockByNumber
eth_estimateGas
eth_getBlockByNumber
eth_gasPrice
eth_sendTransaction

  Transaction: 0xfd67b8f578535642b2f701079d953b64017a0c64ec6ae897baf761d634b651c5
  Contract created: 0x31d557780c24dae4473e3150f33bda1403d592f0
  Gas usage: 1331110
  Block number: 1
  Block time: Fri May 08 2026 00:22:08 GMT+0700 (Indochina Time)

eth_getTransactionReceipt
eth_getCode
eth_getTransactionReceipt
eth_getBlockByNumber
eth_gasPrice
eth_sendTransaction

  Transaction: 0x720d569ea61448d650fa9030d0149f62afc40a5930138541e7a86eee791ae9f4
  Gas usage: 21055
  Block number: 2
  Block time: Fri May 08 2026 00:22:08 GMT+0700 (Indochina Time)

eth_getTransactionReceipt
net_version
eth_getBlockByNumber
eth_estimateGas
eth_getBlockByNumber
eth_gasPrice
eth_sendTransaction

  Transaction: 0x891371c5e113e946b886eaf655dff438c933314ad856e1a9db57b02ca0d02ca7
  Gas usage: 80267
  Block number: 3
  Block time: Fri May 08 2026 00:22:08 GMT+0700 (Indochina Time)

eth_getTransactionReceipt
eth_blockNumber
eth_getBalance
eth_getTransactionByHash
debug_traceTransaction
eth_getTransactionByHash
debug_traceTransaction
eth_getTransactionByHash
debug_traceTransaction

Received shutdown signal: SIGTERM
Shutting down…
Server has been shut down
