ganache v7.9.2 (@ganache/cli: 0.10.2, @ganache/core: 0.10.2)
Starting RPC server

Available Accounts
==================
(0) 0x8fa949Ef32b67957461c5703C9F826159D8E36ff (1000 ETH)
(1) 0xd2AF640be55cf5838Fdb3c65e061BCD30A7D43Af (1000 ETH)
(2) 0xA22AF7b370234BDf1e6744A927c06141E41a7338 (1000 ETH)
(3) 0x22103dA0BCdDc71D4eA1bDBB93F5aA803309F1e7 (1000 ETH)
(4) 0xd560a4A6d0c34B7417Ab57Fe77403A39e0Ea8138 (1000 ETH)
(5) 0xFDCe87d386DCe6222e5F0FA303Da9A594F22a152 (1000 ETH)
(6) 0x6B6B80fDE528a9c1B5d1e7a43B821012F4679276 (1000 ETH)
(7) 0xe1433863d2cCfbC07f629D19a3c07a41c78A95e8 (1000 ETH)
(8) 0xA654b4013fB79aF7DdDcA27E30B37367d3334612 (1000 ETH)
(9) 0xD05e79b5344bd9bd4E41Bf152fc7a106282D92f8 (1000 ETH)

Private Keys
==================
(0) 0x407f96dfe26a7edf9bd2bea68f4f8d0a8dc35aa679b299c38492f19859c3e0f6
(1) 0xfd5512c58e9a7d41a3718f58be0fb31e2bf94191a99c0a8f2891d2db4d9f6d7b
(2) 0x49a0d6cd3cc798205e5c34c188776a5124d8f9387ff5a92152a1c9a00b44f95c
(3) 0x86afc5885cf6e568caaa3c5aac4a26266c6a5b0e7befe75a7ef99ad319a97295
(4) 0xf7192bacb389e6f9e1d29b4162ac5ed4e995877cb47f2c7b4300c3247fc1f9e1
(5) 0x136b25e8bd1f4354f250a8768b005a18627547bc0d835f8b293cb2fe408565ba
(6) 0x635d02aa5c3d32a1f59e0e52d34c29de79203bcddfc872d7765f71235499feac
(7) 0x2f2aec1ac2df2d951c8b95e25bc2303edcf9d0d526962236ddd20db118480f0b
(8) 0x9a50645c30aadf11157a5ac28c54155e73154449aa0f855a158a5602a1360651
(9) 0xa66311360943df0c80827bbc32ed313fdeecf51422fdce3356b92a6742fd3921

HD Wallet
==================
Mnemonic:      evolve gasp note notable reward similar rotate medal card salt benefit alley
Base HD Path:  m/44'/60'/0'/0/{account_index}

Default Gas Price
==================
2000000000

BlockGas Limit
==================
30000000

Call Gas Limit
==================
50000000

Chain
==================
Hardfork: shanghai
Id:       1337

RPC Listening on 127.0.0.1:8545
web3_clientVersion
eth_blockNumber
net_version
eth_accounts
eth_accounts
eth_blockNumber
net_version
eth_getBlockByNumber
eth_estimateGas
eth_getBlockByNumber
eth_gasPrice
eth_sendTransaction

  Transaction: 0xab711ba71d10aa043b4266785242d0709da52f1d9ca0dd6940f3e91c0fb2450d
  Contract created: 0x74e959fdbdedf753af8dcc83d0bae059954e1f64
  Gas usage: 1100987
  Block number: 1
  Block time: Fri May 08 2026 02:25:14 GMT+0700 (Indochina Time)

eth_getTransactionReceipt
eth_getCode
eth_getTransactionReceipt
eth_getBlockByNumber
eth_gasPrice
eth_sendTransaction

  Transaction: 0x367b0fef6190835b26c56e805b4d9be43409e5c2c1c93d3bc20037e3cde8f4e2
  Gas usage: 21055
  Block number: 2
  Block time: Fri May 08 2026 02:25:14 GMT+0700 (Indochina Time)

eth_getTransactionReceipt
net_version
eth_getBlockByNumber
eth_estimateGas
eth_getBlockByNumber
eth_gasPrice
eth_sendTransaction

  Transaction: 0xadde17e50cf43e3a9bdd27193e8e3a866253267dacdd9348dd9db55cb071c078
  Gas usage: 64620
  Block number: 3
  Block time: Fri May 08 2026 02:25:14 GMT+0700 (Indochina Time)

eth_getTransactionReceipt
eth_blockNumber
eth_getBalance
eth_getTransactionByHash
debug_traceTransaction
eth_getTransactionByHash
debug_traceTransaction
eth_getTransactionByHash
debug_traceTransaction

Received shutdown signal: SIGTERM
Shutting down…
Server has been shut down
