Using network 'development'.

{
  "ok": true,
  "graph_id": "",
  "pair": "D->B|evm|fund:db",
  "pairKey": "D->B|evm|fund:db",
  "contract": "CTLCOnly",
  "scenario": "worst_claim",
  "deployGas": "0x15b699",
  "gasUsed": "169982",
  "disableGasUsed": "88806",
  "claimGasUsed": "81176",
  "refundGasUsed": "",
  "contractAddress": "0xbc9F76738794f55dC868d58102Ac1436fbc192e1",
  "startBlock": "0",
  "endBlock": "11",
  "finalContractBalanceWei": "0",
  "deployer": "0x284DBD5B6Bb66F75fB47A63A18b0C7cb94df65DB",
  "party": "0x774B2cB61c001D12c9aDeaB447a5cce07d94ecD5",
  "counterparty": "0xAc0170Cb5CB638b9bad69be39932A03811997A27",
  "fundingWei": "1000000000000000000",
  "timelocks": [
    7,
    9,
    10
  ],
  "transactions": [
    {
      "role": "deploy",
      "txHash": "0x3a67ef011edc9a55e3beb170ca0a4c9366529fed834493ddcc22c7785c0204d4"
    },
    {
      "role": "fund",
      "txHash": "0x1b60b67c30d7742788d751c76e444340a98ac4b93a8265e5e4356738331777af"
    },
    {
      "role": "disable",
      "txHash": "0x73d8c370c669593d5bff284e98b0ceb06e7abd753a36f3ea76d9a4b63d2b43c2",
      "level": 0
    },
    {
      "role": "disable",
      "txHash": "0xce51c30cbef09e8903e5f5c7a6c7fc1dd8a0a3610a24fabee11b9b93e1f3fc52",
      "level": 1
    },
    {
      "role": "claim",
      "txHash": "0x3e723758d838aacbe9c6776f4a9ae5c8e2fad5a81fff9a53363bc1ad264e9195",
      "level": 2,
      "option": 0
    }
  ],
  "txRoles": [
    {
      "role": "deploy",
      "txHash": "0x3a67ef011edc9a55e3beb170ca0a4c9366529fed834493ddcc22c7785c0204d4"
    },
    {
      "role": "fund",
      "txHash": "0x1b60b67c30d7742788d751c76e444340a98ac4b93a8265e5e4356738331777af"
    },
    {
      "role": "disable",
      "txHash": "0x73d8c370c669593d5bff284e98b0ceb06e7abd753a36f3ea76d9a4b63d2b43c2",
      "level": 0
    },
    {
      "role": "disable",
      "txHash": "0xce51c30cbef09e8903e5f5c7a6c7fc1dd8a0a3610a24fabee11b9b93e1f3fc52",
      "level": 1
    },
    {
      "role": "claim",
      "txHash": "0x3e723758d838aacbe9c6776f4a9ae5c8e2fad5a81fff9a53363bc1ad264e9195",
      "level": 2,
      "option": 0
    }
  ],
  "deployTxHash": "0x3a67ef011edc9a55e3beb170ca0a4c9366529fed834493ddcc22c7785c0204d4",
  "fundTxHash": "0x1b60b67c30d7742788d751c76e444340a98ac4b93a8265e5e4356738331777af",
  "disableTxHashes": [
    "0x73d8c370c669593d5bff284e98b0ceb06e7abd753a36f3ea76d9a4b63d2b43c2",
    "0xce51c30cbef09e8903e5f5c7a6c7fc1dd8a0a3610a24fabee11b9b93e1f3fc52"
  ],
  "disableTxHash": "0x73d8c370c669593d5bff284e98b0ceb06e7abd753a36f3ea76d9a4b63d2b43c2",
  "disableTx": "0x73d8c370c669593d5bff284e98b0ceb06e7abd753a36f3ea76d9a4b63d2b43c2",
  "claimTxHash": "0x3e723758d838aacbe9c6776f4a9ae5c8e2fad5a81fff9a53363bc1ad264e9195",
  "txHash": "0x3e723758d838aacbe9c6776f4a9ae5c8e2fad5a81fff9a53363bc1ad264e9195",
  "tx": "0x3e723758d838aacbe9c6776f4a9ae5c8e2fad5a81fff9a53363bc1ad264e9195"
}
