Using network 'development'.

{
  "ok": true,
  "graph_id": "",
  "pair": "B->D|evm|fund:bd",
  "pairKey": "B->D|evm|fund:bd",
  "contract": "CTLCMultipleEdges",
  "scenario": "best_claim",
  "deployGas": "0x1d7320",
  "gasUsed": "75948",
  "disableGasUsed": "",
  "claimGasUsed": "75948",
  "refundGasUsed": "",
  "contractAddress": "0x3f9a7688B9cDcD31E7A77c3220ef3F2E73b117EA",
  "startBlock": "0",
  "endBlock": "3",
  "finalContractBalanceWei": "0",
  "deployer": "0xD16Bdd530F83F37881a29521cc51B27C4744B8A8",
  "party": "0x4338Cac8B9aA3dc93E24859f847C88fB6627D3B7",
  "counterparty": "0xEb6C15A4f9E989bdfB4b342a04858bc7DBc2f65B",
  "fundingWei": "1000000000000000000",
  "timelocks": [
    8,
    9
  ],
  "transactions": [
    {
      "role": "deploy",
      "txHash": "0x2c7e128e55af9b0d0fdd53de70673a230e2007bf888115c2bd5b67efa687f5d2"
    },
    {
      "role": "fund",
      "txHash": "0xf3a6d91a2e5d714d5f23c3ba76a2c8dd07e5b52cbd6d88e55f0d970afec67e3d"
    },
    {
      "role": "claim",
      "txHash": "0xe6aa52349014febe536103fd98f054be0a510ec84fe123ce2bd712f8d96bc026",
      "level": 0,
      "option": 0
    }
  ],
  "txRoles": [
    {
      "role": "deploy",
      "txHash": "0x2c7e128e55af9b0d0fdd53de70673a230e2007bf888115c2bd5b67efa687f5d2"
    },
    {
      "role": "fund",
      "txHash": "0xf3a6d91a2e5d714d5f23c3ba76a2c8dd07e5b52cbd6d88e55f0d970afec67e3d"
    },
    {
      "role": "claim",
      "txHash": "0xe6aa52349014febe536103fd98f054be0a510ec84fe123ce2bd712f8d96bc026",
      "level": 0,
      "option": 0
    }
  ],
  "deployTxHash": "0x2c7e128e55af9b0d0fdd53de70673a230e2007bf888115c2bd5b67efa687f5d2",
  "fundTxHash": "0xf3a6d91a2e5d714d5f23c3ba76a2c8dd07e5b52cbd6d88e55f0d970afec67e3d",
  "claimTxHash": "0xe6aa52349014febe536103fd98f054be0a510ec84fe123ce2bd712f8d96bc026",
  "txHash": "0xe6aa52349014febe536103fd98f054be0a510ec84fe123ce2bd712f8d96bc026",
  "tx": "0xe6aa52349014febe536103fd98f054be0a510ec84fe123ce2bd712f8d96bc026"
}
