COMMAND: python3 experiments/scale_trace/scripts/trace_result_json.py /home/aothuatgiadp/blockchain/project/CTLC-Implementation/experiments/scale_trace/runs/random_v1_178/E-_B_evm_fund_eb_CTLCOnly_best_claim/result.json /home/aothuatgiadp/blockchain/project/CTLC-Implementation/experiments/scale_trace/runs/random_v1_178/E-_B_evm_fund_eb_CTLCOnly_best_claim/trace.json
STATUS: 0

STDOUT:
{
  "graph_id": "",
  "pair": "E->B|evm|fund:eb",
  "contract": "CTLCOnly",
  "scenario": "best_claim",
  "contractAddress": "0x50432C0e00e63d0668f44c0410780912B8393218",
  "traces": {
    "deploy": {
      "tx_hash": "0x53aa7bdb62f05bf412cc801b003d38632f70bee21702c949132a03361cb1832a",
      "actual_calldata_bytes": 7123,
      "actual_sstore_count": 9,
      "actual_call_count": 0,
      "opcode_steps": 1374
    },
    "fund": {
      "tx_hash": "0x5a186cfd5e1f65974157066dcf08b7e7fb781c91d7027b910d6321f394536667",
      "actual_calldata_bytes": 0,
      "actual_sstore_count": 0,
      "actual_call_count": 0,
      "opcode_steps": 13
    },
    "claim_level0": {
      "tx_hash": "0x046c733f6058e7795eb87c3b32aa7de23852b39b4ad1d2fbbaef59c50fa61e24",
      "actual_calldata_bytes": 292,
      "actual_sstore_count": 1,
      "actual_call_count": 1,
      "opcode_steps": 1134
    }
  }
}


STDERR:

