Using network 'development'.

{
  "ok": true,
  "graph_id": "",
  "pair": "D->E|evm|fund:de",
  "pairKey": "D->E|evm|fund:de",
  "contract": "CTLCMultipleEdges",
  "scenario": "best_claim",
  "deployGas": "0x139c8e",
  "gasUsed": "75948",
  "disableGasUsed": "",
  "claimGasUsed": "75948",
  "refundGasUsed": "",
  "contractAddress": "0xf89461CD2364D03B7Ee4792cAc77719ADa7A13F2",
  "startBlock": "0",
  "endBlock": "3",
  "finalContractBalanceWei": "0",
  "deployer": "0x33efDD81954EF417aeea1ADAC2dfd0855aFB27e1",
  "party": "0xf1E61B02B81FCddCe17faA49e2002674fADF2501",
  "counterparty": "0xc959DbC64E54856d7383a2ca6cbd4CEF0E75A2FE",
  "fundingWei": "1000000000000000000",
  "timelocks": [
    8
  ],
  "transactions": [
    {
      "role": "deploy",
      "txHash": "0x92afd2444890932123184a4ce960f242e3df825fe79657479b87ef26503550ee"
    },
    {
      "role": "fund",
      "txHash": "0x9c5f012774565d49ffd15248e971409ab94879fc31605cef80a23952ad59576d"
    },
    {
      "role": "claim",
      "txHash": "0xdaac21592695ed38412fbbb6d42fd7096f1f52cf4dc552002d95c39c77cd32f6",
      "level": 0,
      "option": 0
    }
  ],
  "txRoles": [
    {
      "role": "deploy",
      "txHash": "0x92afd2444890932123184a4ce960f242e3df825fe79657479b87ef26503550ee"
    },
    {
      "role": "fund",
      "txHash": "0x9c5f012774565d49ffd15248e971409ab94879fc31605cef80a23952ad59576d"
    },
    {
      "role": "claim",
      "txHash": "0xdaac21592695ed38412fbbb6d42fd7096f1f52cf4dc552002d95c39c77cd32f6",
      "level": 0,
      "option": 0
    }
  ],
  "deployTxHash": "0x92afd2444890932123184a4ce960f242e3df825fe79657479b87ef26503550ee",
  "fundTxHash": "0x9c5f012774565d49ffd15248e971409ab94879fc31605cef80a23952ad59576d",
  "claimTxHash": "0xdaac21592695ed38412fbbb6d42fd7096f1f52cf4dc552002d95c39c77cd32f6",
  "txHash": "0xdaac21592695ed38412fbbb6d42fd7096f1f52cf4dc552002d95c39c77cd32f6",
  "tx": "0xdaac21592695ed38412fbbb6d42fd7096f1f52cf4dc552002d95c39c77cd32f6"
}
