ganache v7.9.2 (@ganache/cli: 0.10.2, @ganache/core: 0.10.2)
Starting RPC server

Available Accounts
==================
(0) 0x4f10B4DbeD148Ba10486B8821FbB522eb6E9D21D (1000 ETH)
(1) 0x0d1377409933AbEF1F7F9e9ef10Acd7ee8296520 (1000 ETH)
(2) 0x8d79e94b77BB029b684Bf311FD0de2E5EC5bcA30 (1000 ETH)
(3) 0xC5813E6e52e12bA5352510B257B2941D3ac71023 (1000 ETH)
(4) 0xBF1C07F9D01C0470DA1D6b3da6004b2bA4B7310d (1000 ETH)
(5) 0x05aeEa7a36A0E963cdEA29809C9Fe79527c39d1f (1000 ETH)
(6) 0x303d64ad46a6D18f6A1D8420969C42237fDdFEFC (1000 ETH)
(7) 0x20A5cfBFaCd204dBb18e6D309859607f825aec8C (1000 ETH)
(8) 0x7Bd3F538ecC642C87d16a93eBAE883eE21Ca1Ad9 (1000 ETH)
(9) 0x7259E71E7e208FE523500AD297063797773Cf455 (1000 ETH)

Private Keys
==================
(0) 0xbaf292bb7c571fe6d88ca7f11fccb462b9468922205cde739f6e721a12f751e2
(1) 0x5ac1e5ab422639d1b67ad6e6b0524a0c9ee2b1910d851751e5a51530daf1aafd
(2) 0x05f91fb182e5e837254fe5b67a5ff401eb81d8640a0e096339ee3e5bc3db8f90
(3) 0x2cb3a2035bb24e870fc32f22812354d1736ae5c0fd334172e8f696e921ceb425
(4) 0x918c7020264e25b92d6a7133b53e842a7770a677392321c12d2aa67c9be2efe7
(5) 0x43f2b3f08bfe045d5ecf662af04354eb601ff929976fb4e263e7c7a16b6f3dc4
(6) 0x1f5d1b674b1a40fb5e88d2c0c96543ee9ceae3a5313285e4b86d47a8e197611f
(7) 0xc39bd2f9292d749f7ac0ecdbdf2aad957d537b7e1860671bed6e5c2fe8acf607
(8) 0x0dd6430e0fc329b7f2fa6b47d4f7070da8aaa43c713f66a4c732ca73c069cea7
(9) 0x0878ef75e161a55c6711f7c820b3c5f16db98e4897e745a3f80c3be5e45df46d

HD Wallet
==================
Mnemonic:      sustain skull decrease match small enrich finish acquire shiver anger burger goddess
Base HD Path:  m/44'/60'/0'/0/{account_index}

Default Gas Price
==================
2000000000

BlockGas Limit
==================
30000000

Call Gas Limit
==================
50000000

Chain
==================
Hardfork: shanghai
Id:       1337

RPC Listening on 127.0.0.1:8545
web3_clientVersion
eth_blockNumber
net_version
eth_accounts
eth_accounts
eth_blockNumber
net_version
eth_getBlockByNumber
eth_estimateGas
eth_getBlockByNumber
eth_gasPrice
eth_sendTransaction

  Transaction: 0x8d0ef08dc1c7b81581f552ddc2ab211fde5fe0ba6e8b1d5750f4a04b93c00a5f
  Contract created: 0x6f667e36fd546b02b5961f2f775dbe8e4c2a3320
  Gas usage: 1631745
  Block number: 1
  Block time: Thu May 07 2026 20:39:49 GMT+0700 (Indochina Time)

eth_getTransactionReceipt
eth_getCode
eth_getTransactionReceipt
eth_getBlockByNumber
eth_gasPrice
eth_sendTransaction

  Transaction: 0x6be361eba03423d353bc4369ac8a7e96de4d08cedb7ea2cd6f6633cfac73658f
  Gas usage: 21055
  Block number: 2
  Block time: Thu May 07 2026 20:39:49 GMT+0700 (Indochina Time)

eth_getTransactionReceipt
net_version
eth_getBlockByNumber
eth_estimateGas
eth_getBlockByNumber
eth_gasPrice
eth_sendTransaction

  Transaction: 0xfdc15e22386ba735959682ad17d3c8780d90253d5b507a372a4cf0b31d7e2a52
  Gas usage: 71641
  Block number: 3
  Block time: Thu May 07 2026 20:39:49 GMT+0700 (Indochina Time)

eth_getTransactionReceipt
eth_blockNumber
eth_getBalance
eth_getTransactionByHash
debug_traceTransaction
eth_getTransactionByHash
debug_traceTransaction
eth_getTransactionByHash
debug_traceTransaction

Received shutdown signal: SIGTERM
Shutting down…
Server has been shut down
