Using network 'development'.

{
  "ok": true,
  "graph_id": "",
  "pair": "D->B|evm|fund:db",
  "pairKey": "D->B|evm|fund:db",
  "contract": "CTLCOnly",
  "scenario": "worst_claim",
  "deployGas": "0x11263b",
  "gasUsed": "68747",
  "disableGasUsed": "0",
  "claimGasUsed": "68747",
  "refundGasUsed": "",
  "contractAddress": "0x2596737A585BBC6C15ee540Af4090953F8FCA7BF",
  "startBlock": "0",
  "endBlock": "3",
  "finalContractBalanceWei": "0",
  "deployer": "0xcCc0Daf24BCce542f1C85a0c16ab1EDC985b9100",
  "party": "0xC6D0C335bedcDB73F8E9dcFDe0c020abcf38a07E",
  "counterparty": "0x03a3EC924ceb7363AD4f9ae99Eb52c3F37db959E",
  "fundingWei": "1000000000000000000",
  "timelocks": [
    7
  ],
  "transactions": [
    {
      "role": "deploy",
      "txHash": "0xca40d2cd609398c31f10c134b3ab2074fa0dca4913eadf33c75fc3a9a57c2065"
    },
    {
      "role": "fund",
      "txHash": "0x2824f20fee996582059e02b553d118149376d1b640284666779e357e78f52111"
    },
    {
      "role": "claim",
      "txHash": "0x6adea454ef8552710b9699c7680769c950e42a4d292b487ffeaaad63641ea083",
      "level": 0,
      "option": 0
    }
  ],
  "txRoles": [
    {
      "role": "deploy",
      "txHash": "0xca40d2cd609398c31f10c134b3ab2074fa0dca4913eadf33c75fc3a9a57c2065"
    },
    {
      "role": "fund",
      "txHash": "0x2824f20fee996582059e02b553d118149376d1b640284666779e357e78f52111"
    },
    {
      "role": "claim",
      "txHash": "0x6adea454ef8552710b9699c7680769c950e42a4d292b487ffeaaad63641ea083",
      "level": 0,
      "option": 0
    }
  ],
  "deployTxHash": "0xca40d2cd609398c31f10c134b3ab2074fa0dca4913eadf33c75fc3a9a57c2065",
  "fundTxHash": "0x2824f20fee996582059e02b553d118149376d1b640284666779e357e78f52111",
  "claimTxHash": "0x6adea454ef8552710b9699c7680769c950e42a4d292b487ffeaaad63641ea083",
  "txHash": "0x6adea454ef8552710b9699c7680769c950e42a4d292b487ffeaaad63641ea083",
  "tx": "0x6adea454ef8552710b9699c7680769c950e42a4d292b487ffeaaad63641ea083"
}
