Using network 'development'.

{
  "ok": true,
  "graph_id": "",
  "pair": "C->D|evm|fund:cd",
  "pairKey": "C->D|evm|fund:cd",
  "contract": "CTLCMultipleEdges",
  "scenario": "refund",
  "deployGas": "0x139c76",
  "gasUsed": "59539",
  "disableGasUsed": "0",
  "claimGasUsed": "",
  "refundGasUsed": "59539",
  "contractAddress": "0x5b1696341807C67CddaEafbB078406360778f409",
  "startBlock": "0",
  "endBlock": "9",
  "finalContractBalanceWei": "0",
  "deployer": "0xF84fF98c06f582CeC26317A1Ab8858DAff891701",
  "party": "0x9b9dfEc27e9101633C5F794F11EA45Ed3c35681a",
  "counterparty": "0xa8a6CBF8Cf39d0Cca51137e9eCcaC18ca8313bf1",
  "fundingWei": "1000000000000000000",
  "timelocks": [
    8
  ],
  "transactions": [
    {
      "role": "deploy",
      "txHash": "0x8ec521f20ab67a621a9ef894e401cd75767bbf8342c15209f1c7fdb1cece6648"
    },
    {
      "role": "fund",
      "txHash": "0x6520b86037c7ac704d81841bd4ee5e6751a3daa3dbdf6ee25a3c3c2701b76103"
    },
    {
      "role": "refund",
      "txHash": "0x67f2bb9701045f92264224c0653a9ab2bb23d51040805022ac4869ae8bffca99",
      "level": 0
    }
  ],
  "txRoles": [
    {
      "role": "deploy",
      "txHash": "0x8ec521f20ab67a621a9ef894e401cd75767bbf8342c15209f1c7fdb1cece6648"
    },
    {
      "role": "fund",
      "txHash": "0x6520b86037c7ac704d81841bd4ee5e6751a3daa3dbdf6ee25a3c3c2701b76103"
    },
    {
      "role": "refund",
      "txHash": "0x67f2bb9701045f92264224c0653a9ab2bb23d51040805022ac4869ae8bffca99",
      "level": 0
    }
  ],
  "deployTxHash": "0x8ec521f20ab67a621a9ef894e401cd75767bbf8342c15209f1c7fdb1cece6648",
  "fundTxHash": "0x6520b86037c7ac704d81841bd4ee5e6751a3daa3dbdf6ee25a3c3c2701b76103",
  "refundTxHash": "0x67f2bb9701045f92264224c0653a9ab2bb23d51040805022ac4869ae8bffca99",
  "refundTx": "0x67f2bb9701045f92264224c0653a9ab2bb23d51040805022ac4869ae8bffca99"
}
