ganache v7.9.2 (@ganache/cli: 0.10.2, @ganache/core: 0.10.2)
Starting RPC server

Available Accounts
==================
(0) 0xF84fF98c06f582CeC26317A1Ab8858DAff891701 (1000 ETH)
(1) 0xbD79D2e295e4d58e09f471Dc824e3D86b3d68D62 (1000 ETH)
(2) 0x9A140092705288C4c0FeBE6602904743B9452DCE (1000 ETH)
(3) 0x9b9dfEc27e9101633C5F794F11EA45Ed3c35681a (1000 ETH)
(4) 0xa8a6CBF8Cf39d0Cca51137e9eCcaC18ca8313bf1 (1000 ETH)
(5) 0xFb467fe1106C6458dCCF1a1185ce05ed8ab1B09C (1000 ETH)
(6) 0x1D0EDD4643bEE66f6dc4B703AA48c7e7f8703848 (1000 ETH)
(7) 0x8ebC4346cA0Db7B4AD75F41a7A0D599410775274 (1000 ETH)
(8) 0x1C12dC7347C091310B6f21256F0643C6f1b6d2aE (1000 ETH)
(9) 0xB6554B16cA42CcB333FFfD633f17F7587C06e509 (1000 ETH)

Private Keys
==================
(0) 0x9741bd1988b146f5fca0bfca9f299914277b2b3d3f7435b30dd6aa35b7e8404f
(1) 0x86aedb34afe8a3254f640a5346e5136b8b5e73fe89ae2191b247795368c08f59
(2) 0xce339cbc4a22acfed0cac605ae13bfe9a85437d2f2a572565167ffc682599618
(3) 0x7b4f4780eb03c70a97a7c02fef79e0fb3018d51b65484bc78c5ca57a87fe1e93
(4) 0x0e5daa2f93310e913c0153c7fd3d07bcd16e5443cd1d3965190b5013891f7a33
(5) 0xee2d975ec92f8d93543256c6c3f1adf4a054f5d5db24eb9cf0d844ee251556ed
(6) 0x20e955e5cd54f7ee980607f7a7e70b4b5c4214045b4b52cc153d8c766591e8ee
(7) 0x02c3ae6ac296be63ff36b63d5dd60bf0675d86f1f66d1d455a4317d3a4afcf14
(8) 0xdc5d9bacd1571ea30f70ce2d80be4a2d38ae336a15d0eb15847d6832c803a0d3
(9) 0x5bf61d85e829f0a262e57c7d5d2d4baee28aa7cd7b3975bd2278eb1b1d7192fd

HD Wallet
==================
Mnemonic:      lawn stock foot run speed loyal manage valve uphold umbrella mechanic bleak
Base HD Path:  m/44'/60'/0'/0/{account_index}

Default Gas Price
==================
2000000000

BlockGas Limit
==================
30000000

Call Gas Limit
==================
50000000

Chain
==================
Hardfork: shanghai
Id:       1337

RPC Listening on 127.0.0.1:8545
web3_clientVersion
eth_blockNumber
net_version
eth_accounts
eth_accounts
eth_blockNumber
net_version
eth_getBlockByNumber
eth_estimateGas
eth_getBlockByNumber
eth_gasPrice
eth_sendTransaction

  Transaction: 0x8ec521f20ab67a621a9ef894e401cd75767bbf8342c15209f1c7fdb1cece6648
  Contract created: 0x5b1696341807c67cddaeafbb078406360778f409
  Gas usage: 1285238
  Block number: 1
  Block time: Fri May 08 2026 02:09:52 GMT+0700 (Indochina Time)

eth_getTransactionReceipt
eth_getCode
eth_getTransactionReceipt
eth_getBlockByNumber
eth_gasPrice
eth_sendTransaction

  Transaction: 0x6520b86037c7ac704d81841bd4ee5e6751a3daa3dbdf6ee25a3c3c2701b76103
  Gas usage: 21055
  Block number: 2
  Block time: Fri May 08 2026 02:09:52 GMT+0700 (Indochina Time)

eth_getTransactionReceipt
eth_blockNumber
evm_mine
eth_blockNumber
evm_mine
eth_blockNumber
evm_mine
eth_blockNumber
evm_mine
eth_blockNumber
evm_mine
eth_blockNumber
evm_mine
eth_blockNumber
net_version
eth_getBlockByNumber
eth_estimateGas
eth_getBlockByNumber
eth_gasPrice
eth_sendTransaction

  Transaction: 0x67f2bb9701045f92264224c0653a9ab2bb23d51040805022ac4869ae8bffca99
  Gas usage: 59539
  Block number: 9
  Block time: Fri May 08 2026 02:09:52 GMT+0700 (Indochina Time)

eth_getTransactionReceipt
eth_blockNumber
eth_getBalance
eth_getTransactionByHash
debug_traceTransaction
eth_getTransactionByHash
debug_traceTransaction
eth_getTransactionByHash
debug_traceTransaction

Received shutdown signal: SIGTERM
Shutting down…
Server has been shut down
