COMMAND: python3 experiments/scale_trace/scripts/trace_result_json.py /home/aothuatgiadp/blockchain/project/CTLC-Implementation/experiments/scale_trace/runs/random_v1_210/C-_D_evm_fund_cd_CTLCMultipleEdges_best_claim/result.json /home/aothuatgiadp/blockchain/project/CTLC-Implementation/experiments/scale_trace/runs/random_v1_210/C-_D_evm_fund_cd_CTLCMultipleEdges_best_claim/trace.json
STATUS: 0

STDOUT:
{
  "graph_id": "",
  "pair": "C->D|evm|fund:cd",
  "contract": "CTLCMultipleEdges",
  "scenario": "best_claim",
  "contractAddress": "0x30131ECC46eCE89fba303bb1ed588392Fc138f65",
  "traces": {
    "deploy": {
      "tx_hash": "0xed2e01956ef913384f1c731cb6a2a89bece57d2c41c4f789ab37dde895a0e3ed",
      "actual_calldata_bytes": 8361,
      "actual_sstore_count": 27,
      "actual_call_count": 0,
      "opcode_steps": 4188
    },
    "fund": {
      "tx_hash": "0x17f20b8d5a59a9b4af3cb05c75674a7c04ee92b22d36cc9b26b2096097835764",
      "actual_calldata_bytes": 0,
      "actual_sstore_count": 0,
      "actual_call_count": 0,
      "opcode_steps": 13
    },
    "claim_level0": {
      "tx_hash": "0x531e705982fcebdcb160e99d2720c61513c8c4e7c115a8829ed74fa09221fc91",
      "actual_calldata_bytes": 420,
      "actual_sstore_count": 1,
      "actual_call_count": 1,
      "opcode_steps": 1597
    }
  }
}


STDERR:

