ganache v7.9.2 (@ganache/cli: 0.10.2, @ganache/core: 0.10.2)
Starting RPC server

Available Accounts
==================
(0) 0x998b17f6fC08C314aDF7710eAAa1F53F9ea8Be8c (1000 ETH)
(1) 0xE9719d29314f417C689A87F60F5060332A7002cF (1000 ETH)
(2) 0x27d0d248577baC87e7DB1465ac096b1a143d39f4 (1000 ETH)
(3) 0x78535775CC6403818fe93C791c5314780C1239bB (1000 ETH)
(4) 0x37E513cf04B3c7927cC2900818370a0024AC37cd (1000 ETH)
(5) 0xb1d79cae0e1630c605C14b82F24480ce3DE448de (1000 ETH)
(6) 0x33a6008662f6F6640862Ab31F41d0517241ee767 (1000 ETH)
(7) 0x7a9457352424f58A8dac6747c72B5F75b97a15ED (1000 ETH)
(8) 0xa9c02Afc1237E96Ccf1cf72BE61FECAFFE197a37 (1000 ETH)
(9) 0x5120e7F54CbbaAc8BC76501FFC01535d0c002ab0 (1000 ETH)

Private Keys
==================
(0) 0xb1e398077138d71a0f790596f69f8036d798d37c333bb5927b51932c44a9cc8f
(1) 0x8c0474ff91e37916bfafa6ce72756a41cb44ea26553ab3ef8529f9a35b654657
(2) 0x143c9380d56ea82f6ad467375c6ec7f3cc506e2d80f5b7f26e8dd42a0edc014d
(3) 0xbd19fa70de63b2bfababe2c6cb8aee09548cd1d08cae5e0823862bd7a5b8d27b
(4) 0x6f00e119a8f6fc3609f22693338a2cd83023699575d90e00bf20d9da2b58a57b
(5) 0x4e8642d7983247ea14566b99a8c36b9c34e9c297cad3a0a786421c4a739a4226
(6) 0x5f2484479530159a1f2c445d2f9ebf74b57550fdd0377e9c22709440a265c607
(7) 0xf829019edb663fed7caf481e9a67538779b8db729ca8b6ba7597ecdddd4dbdd5
(8) 0x46e4a52321e425ccb9e8f8b1fe93c33f2e7bc0e02cbd4d502e5e2fbce39003f3
(9) 0xaf9f643e8c3c804af4fa5736eecc5e5e4b6b2ebe734baa07391c6e43bab05663

HD Wallet
==================
Mnemonic:      flower will slim bike stool title regular silly scare tobacco enforce property
Base HD Path:  m/44'/60'/0'/0/{account_index}

Default Gas Price
==================
2000000000

BlockGas Limit
==================
30000000

Call Gas Limit
==================
50000000

Chain
==================
Hardfork: shanghai
Id:       1337

RPC Listening on 127.0.0.1:8545
web3_clientVersion
eth_blockNumber
net_version
eth_accounts
eth_accounts
eth_blockNumber
net_version
eth_getBlockByNumber
eth_estimateGas
eth_getBlockByNumber
eth_gasPrice
eth_sendTransaction

  Transaction: 0xce438732ec4442ff303f0e7bfd61d1d6e4ff78c987029247dbfd2de46cd6d955
  Contract created: 0x0faee976b5831f2cab548f22a352fa6271dd91ee
  Gas usage: 1146799
  Block number: 1
  Block time: Fri May 08 2026 00:03:18 GMT+0700 (Indochina Time)

eth_getTransactionReceipt
eth_getCode
eth_getTransactionReceipt
eth_getBlockByNumber
eth_gasPrice
eth_sendTransaction

  Transaction: 0x3878b262fd12c3aa26bb1760db5f050b3f9da58d394a16b1e5dee0200fb5f121
  Gas usage: 21055
  Block number: 2
  Block time: Fri May 08 2026 00:03:19 GMT+0700 (Indochina Time)

eth_getTransactionReceipt
net_version
eth_getBlockByNumber
eth_estimateGas
eth_getBlockByNumber
eth_gasPrice
eth_sendTransaction

  Transaction: 0x518648c97a0aae6384f19dbee5c984a390a2e69788e222090ed5ec980f449b3d
  Gas usage: 72874
  Block number: 3
  Block time: Fri May 08 2026 00:03:19 GMT+0700 (Indochina Time)

eth_getTransactionReceipt
eth_blockNumber
eth_getBalance
eth_getTransactionByHash
debug_traceTransaction
eth_getTransactionByHash
debug_traceTransaction
eth_getTransactionByHash
debug_traceTransaction

Received shutdown signal: SIGTERM
Shutting down…
Server has been shut down
