ganache v7.9.2 (@ganache/cli: 0.10.2, @ganache/core: 0.10.2)
Starting RPC server

Available Accounts
==================
(0) 0x728973160733cD5754c967156fAD21FdD645d8Bf (1000 ETH)
(1) 0xe66550F7c2B5332B340cEb5bbEf772Df12fF1316 (1000 ETH)
(2) 0xB2D1D72079d5E98093eF45443A72576107Be8D80 (1000 ETH)
(3) 0x4F859B77b4237806E2233a0FB9bFcc57bFfE69E7 (1000 ETH)
(4) 0xa63C47ec540b5C6456241E9BBB6C93a2b85a1913 (1000 ETH)
(5) 0xf8e9C59e911d10D5506eBA05e9022d64345DA55F (1000 ETH)
(6) 0xE887E5454e80A581Dea5B22530A3C9CCD4E6072f (1000 ETH)
(7) 0xfF65f08f7d303DffAcC1E5e87dcE81C3EB486cEC (1000 ETH)
(8) 0x7bed963d301C3533924CE97819503455059c936B (1000 ETH)
(9) 0x5DfB62D3D66d31A5eB464870cf8283a8803005A0 (1000 ETH)

Private Keys
==================
(0) 0x9395c6c887e06680be14afe1b4568e0a54fa80a202662a91f0ac119ca81fe64a
(1) 0x4d092f153f2c3c78c5e316c8d13209c76f94bae8ec7bdaec8713f60304b033b0
(2) 0xa28b198345a877acfd59feb91074c07e878d9a774679148e350d18f0efda26dc
(3) 0x3765cdf096dea179a3358f424236be786388d5e2ea35a6fc24d8af759f2df8a2
(4) 0xdf94c30b3769363bd8881231bf675c3f171cf08e8ea9a2d3e97e4121f3e921a7
(5) 0xcf1c4a59ea226f361559168412469c749c6300ac49df236b90f509712aca2ffc
(6) 0x1e4a78fc65fbb982c4b81704ab3b7278f20a4cdad9063cc28d5e208813da0b6a
(7) 0x15249f2a9c37e27f8b61a86fbdf606e98a32614d9292367b16ca69ef50bcdb2f
(8) 0xe5649b36bf159c590bfab1e13787ee182a7b2e56f63979a9158c4df4c07de821
(9) 0x2b2f3d174e6bb48d31d9ca9d9c045d9460055c40c860e875ed83edc859706032

HD Wallet
==================
Mnemonic:      will inquiry twice pride light price luggage slam escape churn drill blanket
Base HD Path:  m/44'/60'/0'/0/{account_index}

Default Gas Price
==================
2000000000

BlockGas Limit
==================
30000000

Call Gas Limit
==================
50000000

Chain
==================
Hardfork: shanghai
Id:       1337

RPC Listening on 127.0.0.1:8545
web3_clientVersion
eth_blockNumber
net_version
eth_accounts
eth_accounts
eth_blockNumber
net_version
eth_getBlockByNumber
eth_estimateGas
eth_getBlockByNumber
eth_gasPrice
eth_sendTransaction

  Transaction: 0xa2fb4083504c7dc62baec64ecb6a1ef02ef0ccc710caac67617911d4826bffc9
  Contract created: 0xc3b8241398777eec29169a22c180afee30b0d8ec
  Gas usage: 1100987
  Block number: 1
  Block time: Thu May 07 2026 21:14:33 GMT+0700 (Indochina Time)

eth_getTransactionReceipt
eth_getCode
eth_getTransactionReceipt
eth_getBlockByNumber
eth_gasPrice
eth_sendTransaction

  Transaction: 0x3da8357484e9d5bd6352ae2a38a5e61503143c37976b21589c41af53f9ea3f6c
  Gas usage: 21055
  Block number: 2
  Block time: Thu May 07 2026 21:14:33 GMT+0700 (Indochina Time)

eth_getTransactionReceipt
eth_blockNumber
evm_mine
eth_blockNumber
evm_mine
eth_blockNumber
evm_mine
eth_blockNumber
evm_mine
eth_blockNumber
net_version
eth_getBlockByNumber
eth_estimateGas
eth_getBlockByNumber
eth_gasPrice
eth_sendTransaction

  Transaction: 0x554c8dca60757ca43ac6431807601338b5e713d63c91c757fe3a933823bf4a52
  Gas usage: 59561
  Block number: 7
  Block time: Thu May 07 2026 21:14:34 GMT+0700 (Indochina Time)

eth_getTransactionReceipt
eth_blockNumber
eth_getBalance
eth_getTransactionByHash
debug_traceTransaction
eth_getTransactionByHash
debug_traceTransaction
eth_getTransactionByHash
debug_traceTransaction

Received shutdown signal: SIGTERM
Shutting down…
Server has been shut down
