ganache v7.9.2 (@ganache/cli: 0.10.2, @ganache/core: 0.10.2)
Starting RPC server

Available Accounts
==================
(0) 0x5f8bCCe090C355AECA26D4E3b138c05e86543637 (1000 ETH)
(1) 0x49ccB96f0F88089C65a1c386A1E468c2aDbE4544 (1000 ETH)
(2) 0xff0A44e47E41A1265F9CB65233A4312662806ee0 (1000 ETH)
(3) 0xFcedb7E9EABC39727C889004aBB68B10230C0006 (1000 ETH)
(4) 0xa70d3719e8669Ab7937545b9aE2d368989DBb406 (1000 ETH)
(5) 0x8C931aCF40c3197B9ed1C29D0E64344C418D500d (1000 ETH)
(6) 0xa5c3D47D691ee946e01eb8b6ee9D790178092E97 (1000 ETH)
(7) 0xd791B5C3a42C6f51fC128739FE2486686e58d567 (1000 ETH)
(8) 0x7b5C08fdcd1D65aA554bEbdb180e54681aa1ebb2 (1000 ETH)
(9) 0xa35419C639A3a24E025359aFFA36dE03E022738c (1000 ETH)

Private Keys
==================
(0) 0xc02df45e40a18d2fdf950e87b452c7225c1388d1faaa86ec30fc38ae8d3ea7f3
(1) 0xf822e671dfe8ec2f34f0ff4dbdea97b47c512230319b8e6bbc355226999637cf
(2) 0x64f9225fa197cbd88da696e8f21329ae824f8603f7e7cf408be21d63d35898ab
(3) 0x646700a95a32c1c45cb762aebfd84e8ddc623e48fa50272e2db951fdb7826b7a
(4) 0x531b47d7983b3c48629e1d57cb1d1c714d186e0e39abcd3271293646aea9a8c4
(5) 0x6db3a896bbd7e103d85f110b063e049e322041b9c3724f8d9042350e3363b012
(6) 0xacb75ababaf1f220a13bb675d7fc5cedb01eef420ee46f66e64902c5879f0847
(7) 0x7cebada20def4d1b2278dcd1a10c4928a40a02788ce8dec86d60064628460090
(8) 0xbadf101cbf5ba451d0bc2339823f1ab5e08e3d1a91367237dbf14c2ccc33e6c9
(9) 0x16bd106a6609ddd86071c3e5bab668d192ce74b7546dbfd4b580f80698ab400f

HD Wallet
==================
Mnemonic:      correct fantasy naive fatigue pluck trouble toe crunch approve artefact century useless
Base HD Path:  m/44'/60'/0'/0/{account_index}

Default Gas Price
==================
2000000000

BlockGas Limit
==================
30000000

Call Gas Limit
==================
50000000

Chain
==================
Hardfork: shanghai
Id:       1337

RPC Listening on 127.0.0.1:8545
web3_clientVersion
eth_blockNumber
net_version
eth_accounts
eth_accounts
eth_blockNumber
net_version
eth_getBlockByNumber
eth_estimateGas
eth_getBlockByNumber
eth_gasPrice
eth_sendTransaction

  Transaction: 0xdaeef326f6f769e2a8463f91a396e535575f46e94daf42025b492a14300f32ba
  Contract created: 0xa95e6eecb29a218ed3c19c89820723bde63729b4
  Gas usage: 1123899
  Block number: 1
  Block time: Thu May 07 2026 21:10:01 GMT+0700 (Indochina Time)

eth_getTransactionReceipt
eth_getCode
eth_getTransactionReceipt
eth_getBlockByNumber
eth_gasPrice
eth_sendTransaction

  Transaction: 0x71179cc06472c676ec6ab22e07a3af287a578652de87ac1d08b59cf2fbe770c0
  Gas usage: 21055
  Block number: 2
  Block time: Thu May 07 2026 21:10:01 GMT+0700 (Indochina Time)

eth_getTransactionReceipt
net_version
eth_getBlockByNumber
eth_estimateGas
eth_getBlockByNumber
eth_gasPrice
eth_sendTransaction

  Transaction: 0x8f0ffdbd8bfbe51bcecfbe2d15470803c2549f4a4a10417033c5bf8cf5590409
  Gas usage: 68735
  Block number: 3
  Block time: Thu May 07 2026 21:10:01 GMT+0700 (Indochina Time)

eth_getTransactionReceipt
eth_blockNumber
eth_getBalance
eth_getTransactionByHash
debug_traceTransaction
eth_getTransactionByHash
debug_traceTransaction
eth_getTransactionByHash
debug_traceTransaction

Received shutdown signal: SIGTERM
Shutting down…
Server has been shut down
