ganache v7.9.2 (@ganache/cli: 0.10.2, @ganache/core: 0.10.2)
Starting RPC server

Available Accounts
==================
(0) 0x18537252a6497eE7894E33aC50372Cb6fA39fFBa (1000 ETH)
(1) 0x383B4f49A8c3fa9AEfFc9AFd624844296B8bb77e (1000 ETH)
(2) 0xAA556a3f58f9b3eA7c780e510db8878B11e1419E (1000 ETH)
(3) 0x13cEb1dfd919b3Aca0Fe643945eCA7Bb16d2ECeE (1000 ETH)
(4) 0xaA08FBffD44e0856904C3A67A5813E90Bb9b576C (1000 ETH)
(5) 0x9d02dDa20f0140520EF58cE6856494236fa39307 (1000 ETH)
(6) 0x24b1B39b3B9f2DAf426db13c3dB82eCa31d664EA (1000 ETH)
(7) 0xAE827e0A971526826585480B7Bd2bc2Da33f2D01 (1000 ETH)
(8) 0xB3aa4dc869Cc4811A5D205e7c7C2aa85b94Ba5b1 (1000 ETH)
(9) 0x377A33F4F7Ad72a6128461C46c26B0EcB5d39E82 (1000 ETH)

Private Keys
==================
(0) 0x00df1400cd837869cddf2ab32bd7f9f675e245d9f1cfe7cc6a1bb0f54efd0cc2
(1) 0x72bb78cfe8b5844bf09748c1faa5ece86131b804d63b942a5edb49395cb201c0
(2) 0x48b15a19d7a4127c001ee948efa2273a90858e0e5ef56eea9f13b2eaa33966f7
(3) 0xe1db22825fb364a6ba4119df9e1187facfde1e1f4bbb6b6b147c1a9d8d62cff3
(4) 0x7bccf0795029cec1495b8bcbb8b98a10061b4028b90829d207a9d1cdff4bb55f
(5) 0x58f9ff057ae73e857e37535e689cfd407584abfc647e8ddba76d5d18398b7074
(6) 0x650ef8d8e7e7586bc2bdf4bb7193a6416a2fb7e55812534f32aa935ebd58d1e4
(7) 0x3ad5604e8418ef1e96a9ce6b50210fe6083d45400bfcc270070c545804d2fdf8
(8) 0x7c54fbec3aa138b6f00f2414b2e1a1bafe6220e8d2fac17135a70d447fdbd469
(9) 0xfc7491551707e488bcec5366835bc9f142a6eeaec49f9ed5f5837bda1315c90e

HD Wallet
==================
Mnemonic:      enrich limit foot ostrich refuse rescue scheme table box rule secret physical
Base HD Path:  m/44'/60'/0'/0/{account_index}

Default Gas Price
==================
2000000000

BlockGas Limit
==================
30000000

Call Gas Limit
==================
50000000

Chain
==================
Hardfork: shanghai
Id:       1337

RPC Listening on 127.0.0.1:8545
web3_clientVersion
eth_blockNumber
net_version
eth_accounts
eth_accounts
eth_blockNumber
net_version
eth_getBlockByNumber
eth_estimateGas
eth_getBlockByNumber
eth_gasPrice
eth_sendTransaction

  Transaction: 0xf6073fe4acdca39d3647b4ff70d41bbcc836bdf616a2dfd9655b70909f57db86
  Contract created: 0x29980a909ee01ce784d9f8af110199abc8870996
  Gas usage: 1100987
  Block number: 1
  Block time: Fri May 08 2026 02:11:00 GMT+0700 (Indochina Time)

eth_getTransactionReceipt
eth_getCode
eth_getTransactionReceipt
eth_getBlockByNumber
eth_gasPrice
eth_sendTransaction

  Transaction: 0x748ffd8ec8016ec699b5a72e93ac6da5f70f0b7ab4d1dc30cf009bab2bd5fa70
  Gas usage: 21055
  Block number: 2
  Block time: Fri May 08 2026 02:11:00 GMT+0700 (Indochina Time)

eth_getTransactionReceipt
net_version
eth_getBlockByNumber
eth_estimateGas
eth_getBlockByNumber
eth_gasPrice
eth_sendTransaction

  Transaction: 0x431669c5c878cecdaa67fe841578133f1cba83749e5a65f952e7dc8bcbbb9140
  Gas usage: 64620
  Block number: 3
  Block time: Fri May 08 2026 02:11:00 GMT+0700 (Indochina Time)

eth_getTransactionReceipt
eth_blockNumber
eth_getBalance
eth_getTransactionByHash
debug_traceTransaction
eth_getTransactionByHash
debug_traceTransaction
eth_getTransactionByHash
debug_traceTransaction

Received shutdown signal: SIGTERM
Shutting down…
Server has been shut down
