ganache v7.9.2 (@ganache/cli: 0.10.2, @ganache/core: 0.10.2)
Starting RPC server

Available Accounts
==================
(0) 0x45Aa76C00846Cf36bc2a2F03A2B505edfa701C85 (1000 ETH)
(1) 0xcEEF339Af4F9455E94a88c22A820B52A54dAA1fC (1000 ETH)
(2) 0xc95972408d05a6C7C25643B292B78dB13B5604D9 (1000 ETH)
(3) 0x36a96A64B814499E3384718Ee04c22b55ABf95b5 (1000 ETH)
(4) 0xA0C84E952eD1B69d8C1EECDB8117c9FD91E9929B (1000 ETH)
(5) 0x0607dCCfF21Ad6d4eFd60F96F2Eaa1ec64eD9e52 (1000 ETH)
(6) 0xF14961021418F7049B0eE55Eb7894b5A689D6e23 (1000 ETH)
(7) 0x8eB16259ACE8d9FcF0d1083C3EAE521c29Ec68A4 (1000 ETH)
(8) 0x6ca2dB2deD9e986Fa0fa2f698074aEB5a3734f0A (1000 ETH)
(9) 0xe7358Fd50Bf5De5cBE3272432AB52222EC850C6E (1000 ETH)

Private Keys
==================
(0) 0xad5cc47ef4af5ca71f3ad79237ceeab71a1abaf0e827de6969ae437cc4e73ef0
(1) 0xa4ca53bfe23e00ad70af1f8268e6db6139df4b031543cf0540b5339d6003380f
(2) 0x58dbd1608438a1ee6d445ca205f743b12864eb9be281a1d180de3e13da456d88
(3) 0x4b80c135189f8fb00d1a94a7733e0229bc33d0e29e87bdbcf48cc282070a8dd4
(4) 0x8dd34eb6ab630448246d60ff9f91f1dda1ba2d2eb21b85592c1a52714387df92
(5) 0x25a16b77f952d0b6ab5035196dec423661ab8abc2a2b235f4be77a2dbc854db8
(6) 0x2260a12cbdd61a2451704837dbc2facd7faf78e13852d90a80b85452c3e57229
(7) 0x04753d4b0ee6620fe1cccc961c0a096d2242dd202154a68a282148b6e1d9ab1e
(8) 0x3da7d9a57be450398592d1c6f93ab00927b43a93200627f62f977fa17a2cd084
(9) 0xe7ec5500ca524c96e919f32f126aaa6015709ca71b55d9fea0ba93116d08e581

HD Wallet
==================
Mnemonic:      cliff tower uncle sniff kitten enough equip dutch mule belt embrace amount
Base HD Path:  m/44'/60'/0'/0/{account_index}

Default Gas Price
==================
2000000000

BlockGas Limit
==================
30000000

Call Gas Limit
==================
50000000

Chain
==================
Hardfork: shanghai
Id:       1337

RPC Listening on 127.0.0.1:8545
web3_clientVersion
eth_blockNumber
net_version
eth_accounts
eth_accounts
eth_blockNumber
net_version
eth_getBlockByNumber
eth_estimateGas
eth_getBlockByNumber
eth_gasPrice
eth_sendTransaction

  Transaction: 0x69d15f19ea4e44ada059e86baf9e420f6a83c2ed8e9ad871ba9cdf671df09ed1
  Contract created: 0x3c0a85d9549bac7e5ea6039ab22be081d1f670fa
  Gas usage: 1677050
  Block number: 1
  Block time: Thu May 07 2026 20:17:07 GMT+0700 (Indochina Time)

eth_getTransactionReceipt
eth_getCode
eth_getTransactionReceipt
eth_getBlockByNumber
eth_gasPrice
eth_sendTransaction

  Transaction: 0x88242d644e8d274e85084060d77e04e26b29063d56055888fe913ddaf45e9c54
  Gas usage: 21055
  Block number: 2
  Block time: Thu May 07 2026 20:17:07 GMT+0700 (Indochina Time)

eth_getTransactionReceipt
eth_blockNumber
evm_mine
eth_blockNumber
evm_mine
eth_blockNumber
evm_mine
eth_blockNumber
evm_mine
eth_blockNumber
evm_mine
eth_blockNumber
evm_mine
eth_blockNumber
net_version
eth_getBlockByNumber
eth_estimateGas
eth_getBlockByNumber
eth_gasPrice
eth_sendTransaction

  Transaction: 0x3c5851932eafc658bc41ec55e102f48ad51152ca2bc6b0a1ffe0541d02fc46bf
  Gas usage: 52925
  Block number: 9
  Block time: Thu May 07 2026 20:17:07 GMT+0700 (Indochina Time)

eth_getTransactionReceipt
eth_blockNumber
net_version
eth_getBlockByNumber
eth_estimateGas
eth_getBlockByNumber
eth_gasPrice
eth_sendTransaction

  Transaction: 0x381a2c25f22717c2fa58f9cdab37b8e3edb9f22c42aab69e0a8b8d80a9244c9b
  Gas usage: 35837
  Block number: 10
  Block time: Thu May 07 2026 20:17:08 GMT+0700 (Indochina Time)

eth_getTransactionReceipt
net_version
eth_getBlockByNumber
eth_estimateGas
eth_getBlockByNumber
eth_gasPrice
eth_sendTransaction

  Transaction: 0x727edb5b372a179c5f471b5a67162b7971f60b51466691c23c730d1126919826
  Gas usage: 84610
  Block number: 11
  Block time: Thu May 07 2026 20:17:08 GMT+0700 (Indochina Time)

eth_getTransactionReceipt
eth_blockNumber
eth_getBalance
eth_getTransactionByHash
debug_traceTransaction
eth_getTransactionByHash
debug_traceTransaction
eth_getTransactionByHash
debug_traceTransaction
eth_getTransactionByHash
debug_traceTransaction
eth_getTransactionByHash
debug_traceTransaction

Received shutdown signal: SIGTERM
Shutting down…
Server has been shut down
