COMMAND: python3 experiments/scale_trace/scripts/trace_result_json.py /home/aothuatgiadp/blockchain/project/CTLC-Implementation/experiments/scale_trace/runs/random_v1_47/B-_C_evm_fund_bc_CTLCMultipleEdges_worst_claim/result.json /home/aothuatgiadp/blockchain/project/CTLC-Implementation/experiments/scale_trace/runs/random_v1_47/B-_C_evm_fund_bc_CTLCMultipleEdges_worst_claim/trace.json
STATUS: 0

STDOUT:
{
  "graph_id": "",
  "pair": "B->C|evm|fund:bc",
  "contract": "CTLCMultipleEdges",
  "scenario": "worst_claim",
  "contractAddress": "0xCc6057032288784Af721E4E3C288B281711AA2ec",
  "traces": {
    "deploy": {
      "tx_hash": "0x64c27e40ea64aaddf51d49a922f6ab3fb4b2eb8bfbbfa45e6b426e3e825f4f60",
      "actual_calldata_bytes": 8009,
      "actual_sstore_count": 19,
      "actual_call_count": 0,
      "opcode_steps": 2688
    },
    "fund": {
      "tx_hash": "0xc193ac2a76abf4dfb991238678abcce3b05a4e123df529d1b8fd46130e5dd8cc",
      "actual_calldata_bytes": 0,
      "actual_sstore_count": 0,
      "actual_call_count": 0,
      "opcode_steps": 13
    },
    "claim_level0": {
      "tx_hash": "0xd1d3f533e0bfa1a7273c860d96867c140dda4cf53e9a0825b7655db7f20282c5",
      "actual_calldata_bytes": 612,
      "actual_sstore_count": 1,
      "actual_call_count": 1,
      "opcode_steps": 2309
    }
  }
}


STDERR:

