Using network 'development'.

{
  "ok": true,
  "graph_id": "",
  "pair": "E->F|evm|fund:ef",
  "pairKey": "E->F|evm|fund:ef",
  "contract": "CTLCMultipleEdges",
  "scenario": "best_claim",
  "deployGas": "0x12e9a6",
  "gasUsed": "71629",
  "disableGasUsed": "",
  "claimGasUsed": "71629",
  "refundGasUsed": "",
  "contractAddress": "0x111Dec8F5D23A957c7bFbA56eD6327E4FF9AD3f1",
  "startBlock": "0",
  "endBlock": "3",
  "finalContractBalanceWei": "0",
  "deployer": "0xA958c90562f8Fd0e928c72Ef07bB491E9011d0de",
  "party": "0xFBdE616eCA37cA0Ceb95F3DDbc315fB8727D5f20",
  "counterparty": "0x326232eaDe6b2D68fA14acab4Df4fBD5E94E3326",
  "fundingWei": "1000000000000000000",
  "timelocks": [
    7
  ],
  "transactions": [
    {
      "role": "deploy",
      "txHash": "0x1be0c63646015687cf98233df5e019d37e548e01b16d6e83236c103e157f42a7"
    },
    {
      "role": "fund",
      "txHash": "0xea6577ed841bee48048fbc43a2bf427f7a41d203b30a771b3762b893f72c1b75"
    },
    {
      "role": "claim",
      "txHash": "0xc8689bc33807d6afc476d16bafd2aa69845c1ea96fa351707eeca34edf3d68f8",
      "level": 0,
      "option": 0
    }
  ],
  "txRoles": [
    {
      "role": "deploy",
      "txHash": "0x1be0c63646015687cf98233df5e019d37e548e01b16d6e83236c103e157f42a7"
    },
    {
      "role": "fund",
      "txHash": "0xea6577ed841bee48048fbc43a2bf427f7a41d203b30a771b3762b893f72c1b75"
    },
    {
      "role": "claim",
      "txHash": "0xc8689bc33807d6afc476d16bafd2aa69845c1ea96fa351707eeca34edf3d68f8",
      "level": 0,
      "option": 0
    }
  ],
  "deployTxHash": "0x1be0c63646015687cf98233df5e019d37e548e01b16d6e83236c103e157f42a7",
  "fundTxHash": "0xea6577ed841bee48048fbc43a2bf427f7a41d203b30a771b3762b893f72c1b75",
  "claimTxHash": "0xc8689bc33807d6afc476d16bafd2aa69845c1ea96fa351707eeca34edf3d68f8",
  "txHash": "0xc8689bc33807d6afc476d16bafd2aa69845c1ea96fa351707eeca34edf3d68f8",
  "tx": "0xc8689bc33807d6afc476d16bafd2aa69845c1ea96fa351707eeca34edf3d68f8"
}
