Using network 'development'.

{
  "ok": true,
  "graph_id": "",
  "pair": "C->D|evm|fund:cd",
  "pairKey": "C->D|evm|fund:cd",
  "contract": "CTLCMultipleEdges",
  "scenario": "best_claim",
  "deployGas": "0x2043fe",
  "gasUsed": "71641",
  "disableGasUsed": "",
  "claimGasUsed": "71641",
  "refundGasUsed": "",
  "contractAddress": "0x2545dcCFf117cc47F210678D33B54F0C7eF3b6b6",
  "startBlock": "0",
  "endBlock": "3",
  "finalContractBalanceWei": "0",
  "deployer": "0x94a57b619d5d2431d28070e2fb0F33FDe4e12597",
  "party": "0x835721b8865A4BC1bCE236F264907D470923D359",
  "counterparty": "0x690f244Dc4A8674436C5E41C5d61B30a66Fd0461",
  "fundingWei": "1000000000000000000",
  "timelocks": [
    7,
    9,
    10,
    11
  ],
  "transactions": [
    {
      "role": "deploy",
      "txHash": "0x489a04be9950a82081ffb11107d5702898ba7337eba2ea6cb67af7d99d6906e1"
    },
    {
      "role": "fund",
      "txHash": "0x4d8cd40d3b0d19ad79db4d34974517f0c9e1b849c74d7b0b4c6b64653dde69da"
    },
    {
      "role": "claim",
      "txHash": "0x3e6953acd0df3e4394c4e6537f08742b58168336c57f15eafc7c517afb7b1ac4",
      "level": 0,
      "option": 0
    }
  ],
  "txRoles": [
    {
      "role": "deploy",
      "txHash": "0x489a04be9950a82081ffb11107d5702898ba7337eba2ea6cb67af7d99d6906e1"
    },
    {
      "role": "fund",
      "txHash": "0x4d8cd40d3b0d19ad79db4d34974517f0c9e1b849c74d7b0b4c6b64653dde69da"
    },
    {
      "role": "claim",
      "txHash": "0x3e6953acd0df3e4394c4e6537f08742b58168336c57f15eafc7c517afb7b1ac4",
      "level": 0,
      "option": 0
    }
  ],
  "deployTxHash": "0x489a04be9950a82081ffb11107d5702898ba7337eba2ea6cb67af7d99d6906e1",
  "fundTxHash": "0x4d8cd40d3b0d19ad79db4d34974517f0c9e1b849c74d7b0b4c6b64653dde69da",
  "claimTxHash": "0x3e6953acd0df3e4394c4e6537f08742b58168336c57f15eafc7c517afb7b1ac4",
  "txHash": "0x3e6953acd0df3e4394c4e6537f08742b58168336c57f15eafc7c517afb7b1ac4",
  "tx": "0x3e6953acd0df3e4394c4e6537f08742b58168336c57f15eafc7c517afb7b1ac4"
}
