ganache v7.9.2 (@ganache/cli: 0.10.2, @ganache/core: 0.10.2)
Starting RPC server

Available Accounts
==================
(0) 0x94a57b619d5d2431d28070e2fb0F33FDe4e12597 (1000 ETH)
(1) 0x357e9F38A6EB54Dc8fe080E07a329B4c4941a7f6 (1000 ETH)
(2) 0x2288B9E27121dB4678e8a0cb95e4BA05c4922f0b (1000 ETH)
(3) 0x835721b8865A4BC1bCE236F264907D470923D359 (1000 ETH)
(4) 0x690f244Dc4A8674436C5E41C5d61B30a66Fd0461 (1000 ETH)
(5) 0x3A148CC7f35E7EC9bDe47dE8A1029AB0e61d3dB6 (1000 ETH)
(6) 0x60d87D6A63e31ecf7c64aafE09f009341E0551eE (1000 ETH)
(7) 0x1FfbF47f9D20bc9Ab9101FA1072C60FaDBc4c392 (1000 ETH)
(8) 0x5e3eC3B0585EAee563ea0B052e4db5530769a5b3 (1000 ETH)
(9) 0x5842316E4cf1D33831ed3784aA3e96326F70565A (1000 ETH)

Private Keys
==================
(0) 0xd8266f7d102f9af0b528c4d8f90a97fef44e5fc49d66fa2eb0828ca801a4f9b8
(1) 0xade6f5662c4324d44e60a8e33e8514ce0a5c88d9ff077b15165fedf456f382dc
(2) 0x800e16a0628ddbc6d12231a97308d67c455bdbb39141aa7145e9e77ffcf12b64
(3) 0x96da6e6d71dfa760d410366c44451e80153a6f6592fdefbeaab9fc8cab6a063e
(4) 0xb3e5ab544c0d5e6cbe6f21189e0621d412db8827e6374ee2c4e676eecd4d9d18
(5) 0xaa70f050ca4d062dd62f23df7f377f25cdf314cbd4ca2e2721e2c219e4298911
(6) 0xf0632186891e7bcbaed46ae8990c4daf2c2ab22ec6c5415537a7de83eb24c460
(7) 0x6c11373716c020c9c94b1f025b5e471b82769661e28299e2402eebcbe364019a
(8) 0x609a97561c85e68d1f3b89ea25be4e96f636f8bb23f0fdb95151373dee9f111b
(9) 0xacb26aa02af66922c27a6b85ed0ef4f665dcbb874a579a390d9fe7a7bee94a2b

HD Wallet
==================
Mnemonic:      battle orange book plunge addict same gauge mobile myself inch voice convince
Base HD Path:  m/44'/60'/0'/0/{account_index}

Default Gas Price
==================
2000000000

BlockGas Limit
==================
30000000

Call Gas Limit
==================
50000000

Chain
==================
Hardfork: shanghai
Id:       1337

RPC Listening on 127.0.0.1:8545
web3_clientVersion
eth_blockNumber
net_version
eth_accounts
eth_accounts
eth_blockNumber
net_version
eth_getBlockByNumber
eth_estimateGas
eth_getBlockByNumber
eth_gasPrice
eth_sendTransaction

  Transaction: 0x489a04be9950a82081ffb11107d5702898ba7337eba2ea6cb67af7d99d6906e1
  Contract created: 0x2545dccff117cc47f210678d33b54f0c7ef3b6b6
  Gas usage: 2114558
  Block number: 1
  Block time: Fri May 08 2026 02:33:42 GMT+0700 (Indochina Time)

eth_getTransactionReceipt
eth_getCode
eth_getTransactionReceipt
eth_getBlockByNumber
eth_gasPrice
eth_sendTransaction

  Transaction: 0x4d8cd40d3b0d19ad79db4d34974517f0c9e1b849c74d7b0b4c6b64653dde69da
  Gas usage: 21055
  Block number: 2
  Block time: Fri May 08 2026 02:33:42 GMT+0700 (Indochina Time)

eth_getTransactionReceipt
net_version
eth_getBlockByNumber
eth_estimateGas
eth_getBlockByNumber
eth_gasPrice
eth_sendTransaction

  Transaction: 0x3e6953acd0df3e4394c4e6537f08742b58168336c57f15eafc7c517afb7b1ac4
  Gas usage: 71641
  Block number: 3
  Block time: Fri May 08 2026 02:33:42 GMT+0700 (Indochina Time)

eth_getTransactionReceipt
eth_blockNumber
eth_getBalance
eth_getTransactionByHash
debug_traceTransaction
eth_getTransactionByHash
debug_traceTransaction
eth_getTransactionByHash
debug_traceTransaction

Received shutdown signal: SIGTERM
Shutting down…
Server has been shut down
