ganache v7.9.2 (@ganache/cli: 0.10.2, @ganache/core: 0.10.2)
Starting RPC server

Available Accounts
==================
(0) 0x8112d309F28daB20D6c6c8C7BfE46086Da45a629 (1000 ETH)
(1) 0x132c0eE05F459A7009761DF5D23Ddb89B2dEC4F3 (1000 ETH)
(2) 0xD57Ed17958D232332d004D18b3B59e06ffD8cFDe (1000 ETH)
(3) 0x3b289B0D438C47379C3889BE6A4A91b5b0C9552a (1000 ETH)
(4) 0xB895573f113DF82AbA213C5239F499a3604aE1c3 (1000 ETH)
(5) 0x4103A53B962690dD4e11D59AE880455BF787454c (1000 ETH)
(6) 0xa2B45a7A245f0Dcb26C78Bac2F3e04f7DB76aC32 (1000 ETH)
(7) 0xCDCfA23bE15423cAB0CcB260F2aCDE869A5c82Fe (1000 ETH)
(8) 0x8E86e9dc4523E4F4575De5dE404524845867368c (1000 ETH)
(9) 0xB56bF943B822Df1B6029002c4344de15fD4b9aFc (1000 ETH)

Private Keys
==================
(0) 0x403c4d31aba902db6dc8cb2d11d8fea31cf0c665b3a40ff8b0af680d7f180939
(1) 0x15c3adadaed27fe7a83b654fe790af178709c15eeac4e9b9fcd4439bdc6c77d3
(2) 0xdc036fc2804d52119e14cd0bb0f297fe38ede7b370121516dd943caa0e7b8317
(3) 0x7851b0a0699bb263c163a75ebfd74f87d69d1a1988d465f97a523a1580a37f2d
(4) 0xc46df5b77355239b33939542ab754adda9ca6f9a12536c11fbf8f9657d9fd17e
(5) 0x9d4f24b46674932a6d6ff2afa869c0aaa2f0a54451728a2d1df0aa3989bcb97a
(6) 0x31a8fe621a2820f7ddfec50efdd5c8622f57e3989e147977a9d9b33e29f0c200
(7) 0xc4dffc0396ca626d36f59993c8bbedf900848aedc5a46149194494646087fe8d
(8) 0x529abc900333845b0af23dd472d4378612dd70fe8cde186f5ae04d30109a291d
(9) 0xaf4d1e96a10c88c150c235f25f8e641c6c92aa6e2008116390552a4cec72147f

HD Wallet
==================
Mnemonic:      van alter device cheap maze glow measure climb second voyage family problem
Base HD Path:  m/44'/60'/0'/0/{account_index}

Default Gas Price
==================
2000000000

BlockGas Limit
==================
30000000

Call Gas Limit
==================
50000000

Chain
==================
Hardfork: shanghai
Id:       1337

RPC Listening on 127.0.0.1:8545
web3_clientVersion
eth_blockNumber
net_version
eth_accounts
eth_accounts
eth_blockNumber
net_version
eth_getBlockByNumber
eth_estimateGas
eth_getBlockByNumber
eth_gasPrice
eth_sendTransaction

  Transaction: 0x61cf1610ddbb82459896cb4aed8f5c1f51879bee98b4241b80aa21a8dc5f750c
  Contract created: 0xbb7f5eeafbe3fd25a80f3386bc33bb41dd3d1a52
  Gas usage: 1769217
  Block number: 1
  Block time: Fri May 08 2026 03:17:09 GMT+0700 (Indochina Time)

eth_getTransactionReceipt
eth_getCode
eth_getTransactionReceipt
eth_getBlockByNumber
eth_gasPrice
eth_sendTransaction

  Transaction: 0xc7ab662aa25dea065a14afad8117121a08029b1ba635d699798c2432f41b244f
  Gas usage: 21055
  Block number: 2
  Block time: Fri May 08 2026 03:17:09 GMT+0700 (Indochina Time)

eth_getTransactionReceipt
net_version
eth_getBlockByNumber
eth_estimateGas
eth_getBlockByNumber
eth_gasPrice
eth_sendTransaction

  Transaction: 0x39aa1a44e7d6bb6992ea317a24d39a0b097217ff92da72ed9d2b167726393b01
  Gas usage: 71641
  Block number: 3
  Block time: Fri May 08 2026 03:17:09 GMT+0700 (Indochina Time)

eth_getTransactionReceipt
eth_blockNumber
eth_getBalance
eth_getTransactionByHash
debug_traceTransaction
eth_getTransactionByHash
debug_traceTransaction
eth_getTransactionByHash
debug_traceTransaction

Received shutdown signal: SIGTERM
Shutting down…
Server has been shut down
