ganache v7.9.2 (@ganache/cli: 0.10.2, @ganache/core: 0.10.2)
Starting RPC server

Available Accounts
==================
(0) 0x272C255e79726a07fb9Eeb68749176D2EF6ddEcA (1000 ETH)
(1) 0x0287A4Ea51c461377ADD471f897F12dfC068D999 (1000 ETH)
(2) 0x094BbEEE3398a2244a76467fE363Fd411B7156f3 (1000 ETH)
(3) 0xF299f9fbc65C27312922Ca872F1985E3c69027Da (1000 ETH)
(4) 0x5f5c689406ddc6E63680ae348D59BeBAF937A105 (1000 ETH)
(5) 0xB6304c08404Aef6364736bD29C7D1e55801fB4f6 (1000 ETH)
(6) 0xe40Fa285BbB235eaeA8bb628FF5D5835AcA99AD8 (1000 ETH)
(7) 0x6954f0C2E5444D663ec3b810e4DCe25E048B64de (1000 ETH)
(8) 0xAF436f7C5B8FE94378c53c13FB43380848d86BaD (1000 ETH)
(9) 0x3Dbca932eB4dc0487800C65D2F3CbE49A7D6468c (1000 ETH)

Private Keys
==================
(0) 0xa01b980251e741996c8cc61c6ac9a72d1ab5dc7ba4f56bc6ceb7360c893ec628
(1) 0x2e58c6242e60f650a42e51a3e98c3870364d92a7c1e6b29e7a2969c90e910d24
(2) 0x4d44efa701b5d2848a9b53eedf132abd0c0d1fb32afbd50d7f8f0407f6cddfe5
(3) 0xec4b8d5411a99dd726bc7c4f5c3ffc73002f2e18b9fc9dbdd12bb4cd5a98680c
(4) 0x88b84c329be20172f28e17c59565ecf0a0b01745a5f1c922760c9f6375e3a108
(5) 0xf582cff1cc9bf7b31e90ed64ae42e189f618a337e9fd96e4cd01e3ba8b4be318
(6) 0xf68321adb47705c870c7692a6c3e583749c61c008c73b4875caf9ddc642709ac
(7) 0x21a77cc2d0f357f2a8167d10a7eb7beafd54a0e6c16a358d170c0b62ab88ab31
(8) 0xf15b156c706d3c4555f1b41bf4d8481c070df1a5b61fa23db940c08727a17da4
(9) 0xc961847cc64625fcbde9c2ee74c2569d8bd9946ce3ce2b47a72cb643d9c22924

HD Wallet
==================
Mnemonic:      forget approve topple shuffle believe elder noodle gown kitten forget bitter rug
Base HD Path:  m/44'/60'/0'/0/{account_index}

Default Gas Price
==================
2000000000

BlockGas Limit
==================
30000000

Call Gas Limit
==================
50000000

Chain
==================
Hardfork: shanghai
Id:       1337

RPC Listening on 127.0.0.1:8545
web3_clientVersion
eth_blockNumber
net_version
eth_accounts
eth_accounts
eth_blockNumber
net_version
eth_getBlockByNumber
eth_estimateGas
eth_getBlockByNumber
eth_gasPrice
eth_sendTransaction

  Transaction: 0x098a3ee4dd4eb5088434dec9d16bd9e930da1f575d88eacd5eeb2e6dfb0c756e
  Contract created: 0x754aa5d33cfefb7c943a5b6b62c850a1dbbf5828
  Gas usage: 1285274
  Block number: 1
  Block time: Fri May 08 2026 03:22:27 GMT+0700 (Indochina Time)

eth_getTransactionReceipt
eth_getCode
eth_getTransactionReceipt
eth_getBlockByNumber
eth_gasPrice
eth_sendTransaction

  Transaction: 0x1252277d44274296816988abdb88009cc3138ee19fbfd3d859fbf9478641822d
  Gas usage: 21055
  Block number: 2
  Block time: Fri May 08 2026 03:22:27 GMT+0700 (Indochina Time)

eth_getTransactionReceipt
net_version
eth_getBlockByNumber
eth_estimateGas
eth_getBlockByNumber
eth_gasPrice
eth_sendTransaction

  Transaction: 0x37000b313ea4d989452dfb41e5509195db7b2c6a4087651f274383ea423d3a27
  Gas usage: 75948
  Block number: 3
  Block time: Fri May 08 2026 03:22:28 GMT+0700 (Indochina Time)

eth_getTransactionReceipt
eth_blockNumber
eth_getBalance
eth_getTransactionByHash
debug_traceTransaction
eth_getTransactionByHash
debug_traceTransaction
eth_getTransactionByHash
debug_traceTransaction

Received shutdown signal: SIGTERM
Shutting down…
Server has been shut down
