ganache v7.9.2 (@ganache/cli: 0.10.2, @ganache/core: 0.10.2)
Starting RPC server

Available Accounts
==================
(0) 0xE46824BC62E15069278658308fEA2720C712C471 (1000 ETH)
(1) 0x135813fe6D73BbfB728D22A225801E8D7bf61071 (1000 ETH)
(2) 0xCB19eDf032D9d1e458b881ffffcC25fd04C828F0 (1000 ETH)
(3) 0x1E03d1b6f4aDA7DFc7F054290A630600a8246F66 (1000 ETH)
(4) 0x656C1E65526AE5fCecC433A39E9d402Ab7fC2a05 (1000 ETH)
(5) 0x3bde5376Cf8bdbC7aa63617D5CcC4E046B417E20 (1000 ETH)
(6) 0xC9E1784D0fDD27f0c48E952F053ca60Ee295299b (1000 ETH)
(7) 0x98c942A988FAf1ab30262FbC27405c1636b09a65 (1000 ETH)
(8) 0x4aB5Be62d4dD27c1931c63CAEc74de8EB7Fa43A5 (1000 ETH)
(9) 0x3f803d60E85f2bA047524736a21F9fE5Ad8CDc1A (1000 ETH)

Private Keys
==================
(0) 0x4f609b59c4033d34627e1cd3f456b4595f69d7487d04ea96c9dd12f21eb2bade
(1) 0x23f7ab5ad3ed433c25ff5e7d2ad0eee3f66c515f5eaec02ae4b9e87161eeaf4b
(2) 0xb379f851445937c5d7f0a96a63477357775dd0b1ba62b69a53165a7191503c1b
(3) 0x29f87e746ff311876ef5c6dfc551574e46df416c2cf717344f13fc2136182f4f
(4) 0x0f2c922f58450989710c851209e35a7c1f56bd4b581ed1c46c1a5ac210f6468b
(5) 0xd2d5486b094dc025a70d2fa522c001355dc5cea985236253162a184b2772f9e7
(6) 0xcef56070c86b7d0fde7199fae5e58ce820905a8984614ae3df71418d949f778e
(7) 0x759315bd8256eb0a494bca16721abc0870d9b890cb211ee163888e48082822df
(8) 0xf190c1cd1f3d91ad31a72ef3e9b78f4564d90168c4384133b4c3e23900fba5d6
(9) 0xd9123ca5c41a841923c91c6610d0cd8a5d7d9bf6a6aba509df059226ed9c3ddf

HD Wallet
==================
Mnemonic:      child estate wheel cat adjust print feature drastic metal talk lonely glance
Base HD Path:  m/44'/60'/0'/0/{account_index}

Default Gas Price
==================
2000000000

BlockGas Limit
==================
30000000

Call Gas Limit
==================
50000000

Chain
==================
Hardfork: shanghai
Id:       1337

RPC Listening on 127.0.0.1:8545
web3_clientVersion
eth_blockNumber
net_version
eth_accounts
eth_accounts
eth_blockNumber
net_version
eth_getBlockByNumber
eth_estimateGas
eth_getBlockByNumber
eth_gasPrice
eth_sendTransaction

  Transaction: 0xff2b6f51a08a05d4a837eced75d3fab7bc0456f8898a9970d286a62403aa6c6f
  Contract created: 0x4b955f91dfdba1c195cecd4631b9a1190cea0283
  Gas usage: 1123899
  Block number: 1
  Block time: Thu May 07 2026 20:37:12 GMT+0700 (Indochina Time)

eth_getTransactionReceipt
eth_getCode
eth_getTransactionReceipt
eth_getBlockByNumber
eth_gasPrice
eth_sendTransaction

  Transaction: 0xa33fb7d0a8ff7f9d92cbed902eb2d2e2fce454103ebe939403179b8bc80188ca
  Gas usage: 21055
  Block number: 2
  Block time: Thu May 07 2026 20:37:12 GMT+0700 (Indochina Time)

eth_getTransactionReceipt
net_version
eth_getBlockByNumber
eth_estimateGas
eth_getBlockByNumber
eth_gasPrice
eth_sendTransaction

  Transaction: 0xbd546bcf4dbc71f83d3db360c9a2850ebb106a6043eafc55edd6976053ee3049
  Gas usage: 68747
  Block number: 3
  Block time: Thu May 07 2026 20:37:12 GMT+0700 (Indochina Time)

eth_getTransactionReceipt
eth_blockNumber
eth_getBalance
eth_getTransactionByHash
debug_traceTransaction
eth_getTransactionByHash
debug_traceTransaction
eth_getTransactionByHash
debug_traceTransaction

Received shutdown signal: SIGTERM
Shutting down…
Server has been shut down
