Using network 'development'.

{
  "ok": true,
  "graph_id": "",
  "pair": "B->C|evm|fund:bc",
  "pairKey": "B->C|evm|fund:bc",
  "contract": "CTLCMultipleEdges",
  "scenario": "worst_claim",
  "deployGas": "0x193b23",
  "gasUsed": "141843",
  "disableGasUsed": "52925",
  "claimGasUsed": "88918",
  "refundGasUsed": "",
  "contractAddress": "0x343E87c8179C0B6eBD77c3C155d05d25EC574960",
  "startBlock": "0",
  "endBlock": "11",
  "finalContractBalanceWei": "0",
  "deployer": "0xaB0d5263bC1E5254EeEAf41903F52953123653B8",
  "party": "0x2Caf303049d707530e6024c485902C8E54A54aFe",
  "counterparty": "0xCd57b2cD1D2927ef496046B8F35FF5D7991A729f",
  "fundingWei": "1000000000000000000",
  "timelocks": [
    9,
    11
  ],
  "transactions": [
    {
      "role": "deploy",
      "txHash": "0x0f2ae693d36ae56957d07ce3be2fa47b741be8344bd593131b787449a1bd4e2c"
    },
    {
      "role": "fund",
      "txHash": "0xc007359f6a0f821fe44a6ce7f3dd48de1ac7ea750171418c576c032149fe7219"
    },
    {
      "role": "disable",
      "txHash": "0x629632e3e761ca60b82cd1a38a440e2bea729dbe2e0b31b06bf06e31bf9da008",
      "level": 0
    },
    {
      "role": "claim",
      "txHash": "0x82b0c8609367254bbfb5461e84d55c702ca6eb936e0d8c5db8d34cec50b7acc7",
      "level": 1,
      "option": 0
    }
  ],
  "txRoles": [
    {
      "role": "deploy",
      "txHash": "0x0f2ae693d36ae56957d07ce3be2fa47b741be8344bd593131b787449a1bd4e2c"
    },
    {
      "role": "fund",
      "txHash": "0xc007359f6a0f821fe44a6ce7f3dd48de1ac7ea750171418c576c032149fe7219"
    },
    {
      "role": "disable",
      "txHash": "0x629632e3e761ca60b82cd1a38a440e2bea729dbe2e0b31b06bf06e31bf9da008",
      "level": 0
    },
    {
      "role": "claim",
      "txHash": "0x82b0c8609367254bbfb5461e84d55c702ca6eb936e0d8c5db8d34cec50b7acc7",
      "level": 1,
      "option": 0
    }
  ],
  "deployTxHash": "0x0f2ae693d36ae56957d07ce3be2fa47b741be8344bd593131b787449a1bd4e2c",
  "fundTxHash": "0xc007359f6a0f821fe44a6ce7f3dd48de1ac7ea750171418c576c032149fe7219",
  "disableTxHashes": [
    "0x629632e3e761ca60b82cd1a38a440e2bea729dbe2e0b31b06bf06e31bf9da008"
  ],
  "disableTxHash": "0x629632e3e761ca60b82cd1a38a440e2bea729dbe2e0b31b06bf06e31bf9da008",
  "disableTx": "0x629632e3e761ca60b82cd1a38a440e2bea729dbe2e0b31b06bf06e31bf9da008",
  "claimTxHash": "0x82b0c8609367254bbfb5461e84d55c702ca6eb936e0d8c5db8d34cec50b7acc7",
  "txHash": "0x82b0c8609367254bbfb5461e84d55c702ca6eb936e0d8c5db8d34cec50b7acc7",
  "tx": "0x82b0c8609367254bbfb5461e84d55c702ca6eb936e0d8c5db8d34cec50b7acc7"
}
