Using network 'development'.

{
  "ok": true,
  "graph_id": "",
  "pair": "D->E|evm|fund:de",
  "pairKey": "D->E|evm|fund:de",
  "contract": "CTLCMultipleEdges",
  "scenario": "refund",
  "deployGas": "0x144f9a",
  "gasUsed": "59539",
  "disableGasUsed": "0",
  "claimGasUsed": "",
  "refundGasUsed": "59539",
  "contractAddress": "0x81451a3493d718aeC895c2c171f23EfadB59cA93",
  "startBlock": "0",
  "endBlock": "10",
  "finalContractBalanceWei": "0",
  "deployer": "0x089F05d29D28219f6c8804fbdd05f1fF0A19245d",
  "party": "0x4584D9E0eDfEc9c94cd81237256D4BCB273E7353",
  "counterparty": "0xBCf315AFAb48De7571Ff154b961Db9B00Dc8B18F",
  "fundingWei": "1000000000000000000",
  "timelocks": [
    9
  ],
  "transactions": [
    {
      "role": "deploy",
      "txHash": "0xe0f2ca581ad024b92be046140adee44f825a6b8d395bbc0fda0d98e73924cb83"
    },
    {
      "role": "fund",
      "txHash": "0x6fc5338df78df8f83b456f68e00925fcfb8e23a4785a8bee04d563cbdf874678"
    },
    {
      "role": "refund",
      "txHash": "0xd6b500a20cbf12b732b0253e4939e67e95628b16acf262fc3f4d334c475a3a4e",
      "level": 0
    }
  ],
  "txRoles": [
    {
      "role": "deploy",
      "txHash": "0xe0f2ca581ad024b92be046140adee44f825a6b8d395bbc0fda0d98e73924cb83"
    },
    {
      "role": "fund",
      "txHash": "0x6fc5338df78df8f83b456f68e00925fcfb8e23a4785a8bee04d563cbdf874678"
    },
    {
      "role": "refund",
      "txHash": "0xd6b500a20cbf12b732b0253e4939e67e95628b16acf262fc3f4d334c475a3a4e",
      "level": 0
    }
  ],
  "deployTxHash": "0xe0f2ca581ad024b92be046140adee44f825a6b8d395bbc0fda0d98e73924cb83",
  "fundTxHash": "0x6fc5338df78df8f83b456f68e00925fcfb8e23a4785a8bee04d563cbdf874678",
  "refundTxHash": "0xd6b500a20cbf12b732b0253e4939e67e95628b16acf262fc3f4d334c475a3a4e",
  "refundTx": "0xd6b500a20cbf12b732b0253e4939e67e95628b16acf262fc3f4d334c475a3a4e"
}
