ganache v7.9.2 (@ganache/cli: 0.10.2, @ganache/core: 0.10.2)
Starting RPC server

Available Accounts
==================
(0) 0x745D6F3CB8bcb48B3b950DDA52e7A0d8776c4E9c (1000 ETH)
(1) 0xbf5b254ad98905Df92a50afAc005b11cCACb6F11 (1000 ETH)
(2) 0xB61fc47ec27811b083F30759D31BdD53D80B1089 (1000 ETH)
(3) 0xF16e47abd01E29b8108Ae001d243aaA48BBEA878 (1000 ETH)
(4) 0x56D400cA202142C58d85dd89A137F2F272010d12 (1000 ETH)
(5) 0x407B290cbaEad1Ed0a0295c0e2A932978d59824B (1000 ETH)
(6) 0x095CcEc23429e2D7c1507D121e70779454604B59 (1000 ETH)
(7) 0x8272201F96e0d56BB3b03093be9CA9d41959E28F (1000 ETH)
(8) 0x9D90d870Ec0a0a3AD42847a6aB7D854f75b22204 (1000 ETH)
(9) 0xe3BFc5a67d56E88E947162414E3079020be65a21 (1000 ETH)

Private Keys
==================
(0) 0xbc21e1f432da8912569937e1986be67b6e71147866043a973a3eb702ce90a01e
(1) 0x5e96300ac640837b8afc145390a8bdd6ef9d83fd362e52a64b3f1b37b392f4b0
(2) 0xf1f2a6f7cb51e83475a1676feed6d4b58fab73bb3832ae13381ca759d1b31f3a
(3) 0xb679f69fb434c6851209871a6406955397046e91aa6ca2e9ec9ce60c9a16134e
(4) 0x1954173be9c49811a94ad4746c16abf318ec9c0a83797a6c5e540cbb6ddce9ee
(5) 0x29a32662629d4acb82dce1ec9e15714cd74d400cb031e38843b89115afa8760e
(6) 0x40c902ef42a635d03b8b3bc54dffb139fd2dbd1025c7bd68f863afde6d70d463
(7) 0x2baec1326f006a5a8d1cb11a8028ab5a0394fe2e37df9cd18cd6f666d879984f
(8) 0x39f354b015461043cf60a3f9ca55c696f1ffc03d015b4e46ae76e06e56bd8364
(9) 0xd7654572ecd4b6814de6ebda33f7237ac2bf4898e5d3cb232e25f0b867591232

HD Wallet
==================
Mnemonic:      crowd hungry vote emotion baby gather bid certain spirit neither elevator wasp
Base HD Path:  m/44'/60'/0'/0/{account_index}

Default Gas Price
==================
2000000000

BlockGas Limit
==================
30000000

Call Gas Limit
==================
50000000

Chain
==================
Hardfork: shanghai
Id:       1337

RPC Listening on 127.0.0.1:8545
web3_clientVersion
eth_blockNumber
net_version
eth_accounts
eth_accounts
eth_blockNumber
net_version
eth_getBlockByNumber
eth_estimateGas
eth_getBlockByNumber
eth_gasPrice
eth_sendTransaction

  Transaction: 0x270c256c41a7049c52d633d45b6c225faac33f6ca73a9de63c07d9497a0061e7
  Contract created: 0x1d2991c94e6c9e09ffe4afe84b5cac5b5ec75e9a
  Gas usage: 1123887
  Block number: 1
  Block time: Thu May 07 2026 21:24:57 GMT+0700 (Indochina Time)

eth_getTransactionReceipt
eth_getCode
eth_getTransactionReceipt
eth_getBlockByNumber
eth_gasPrice
eth_sendTransaction

  Transaction: 0xf2bab7e47ce365adb4402a01dee01116bd1684e204d764f413f1d3a709f91e26
  Gas usage: 21055
  Block number: 2
  Block time: Thu May 07 2026 21:24:57 GMT+0700 (Indochina Time)

eth_getTransactionReceipt
eth_blockNumber
evm_mine
eth_blockNumber
evm_mine
eth_blockNumber
evm_mine
eth_blockNumber
evm_mine
eth_blockNumber
evm_mine
eth_blockNumber
net_version
eth_getBlockByNumber
eth_estimateGas
eth_getBlockByNumber
eth_gasPrice
eth_sendTransaction

  Transaction: 0x74d7f7499eb4a7af5064eb65c06f8341347eff903f99dabed52777372167c945
  Gas usage: 59561
  Block number: 8
  Block time: Thu May 07 2026 21:24:57 GMT+0700 (Indochina Time)

eth_getTransactionReceipt
eth_blockNumber
eth_getBalance
eth_getTransactionByHash
debug_traceTransaction
eth_getTransactionByHash
debug_traceTransaction
eth_getTransactionByHash
debug_traceTransaction

Received shutdown signal: SIGTERM
Shutting down…
Server has been shut down
