ganache v7.9.2 (@ganache/cli: 0.10.2, @ganache/core: 0.10.2)
Starting RPC server

Available Accounts
==================
(0) 0x6002772e824CC04e3975D8746D2642BE45A2F5F8 (1000 ETH)
(1) 0x607D780e14B32E973032F4469c2902260900b610 (1000 ETH)
(2) 0x2add116FEd41951A8c1DF81D82390BF65d8c4B49 (1000 ETH)
(3) 0xd421C9031662efABe5533fe9738D8DC5a12859Ad (1000 ETH)
(4) 0xD8f2bF669537A3051dE495393c7A80b31C73f636 (1000 ETH)
(5) 0x4722d13E377577ceBA76313269a2132eE7b72D05 (1000 ETH)
(6) 0xc11807d9DA09D1E29A5d9c45e3A183bA87F6004e (1000 ETH)
(7) 0x30FF6B338350e12dB20258D2B024767025646360 (1000 ETH)
(8) 0x33F32Efb153F89771ED93FA4fBB3c789466B4e91 (1000 ETH)
(9) 0x233c923B5Cb100275753BA25b55A1D2506BbeFbf (1000 ETH)

Private Keys
==================
(0) 0x031dd8e60c019f79d6315b0728f84b7e022d7a15f2c9f25e6643efb3764e6652
(1) 0x743be8c1896b201fd4d70cb66894c5499fe9c7025b4220235ff76ed564aaa154
(2) 0x85cd4ce72480026705071059335f442bdf3a9103c51078bfdbc12524a65eeb50
(3) 0x63cf5641e86c6eba3f6b44d74d2eae6212e8334d6779a5bdec2a5d2b769abfa2
(4) 0x170645dda62ea2190631cb8f75fe775f1ed71a3833f58a65ed0bf621d0541a81
(5) 0x2fbc9c4bff2d1bf5982259046a092843288144efd800b649e81d5a37a0dd2fc1
(6) 0x1eeec68e682f854172c690cac2b1b5003a5ee71851671513eb78f7ca4124a296
(7) 0x66654f08a6c8b005ca5aaa9727235c832e139b70fdbbae6f427d8b1a74a75861
(8) 0xe74e873e4188d3217189b73dc28c8dbb8dbac22678a54e4ab16913271ac0c6a0
(9) 0xeedef690142c9f37e37cfbded4e4453ed1031cae823585f43d64df51c95ac4d6

HD Wallet
==================
Mnemonic:      drift roof maximum box sphere easily innocent kite basket orchard answer toast
Base HD Path:  m/44'/60'/0'/0/{account_index}

Default Gas Price
==================
2000000000

BlockGas Limit
==================
30000000

Call Gas Limit
==================
50000000

Chain
==================
Hardfork: shanghai
Id:       1337

RPC Listening on 127.0.0.1:8545
web3_clientVersion
eth_blockNumber
net_version
eth_accounts
eth_accounts
eth_blockNumber
net_version
eth_getBlockByNumber
eth_estimateGas
eth_getBlockByNumber
eth_gasPrice
eth_sendTransaction

  Transaction: 0x3e4f222ac85a5024d36ec6a17e5686b770402edda8ee7e9ad4167ab5f2a46282
  Contract created: 0x21456dc0176a3e56ed2b72f44e5ec2c426659ad8
  Gas usage: 1100975
  Block number: 1
  Block time: Fri May 08 2026 03:21:23 GMT+0700 (Indochina Time)

eth_getTransactionReceipt
eth_getCode
eth_getTransactionReceipt
eth_getBlockByNumber
eth_gasPrice
eth_sendTransaction

  Transaction: 0xb789813c05b24408b2ec40dd97a5e7ffe29fbbd2bcb4ae1ee4529c3551278186
  Gas usage: 21055
  Block number: 2
  Block time: Fri May 08 2026 03:21:23 GMT+0700 (Indochina Time)

eth_getTransactionReceipt
net_version
eth_getBlockByNumber
eth_estimateGas
eth_getBlockByNumber
eth_gasPrice
eth_sendTransaction

  Transaction: 0x95c9b6dc4b150bdf82083a5ab17d38f3b6f87223cb2fbdad635ff917aaba2ef4
  Gas usage: 64620
  Block number: 3
  Block time: Fri May 08 2026 03:21:23 GMT+0700 (Indochina Time)

eth_getTransactionReceipt
eth_blockNumber
eth_getBalance
eth_getTransactionByHash
debug_traceTransaction
eth_getTransactionByHash
debug_traceTransaction
eth_getTransactionByHash
debug_traceTransaction

Received shutdown signal: SIGTERM
Shutting down…
Server has been shut down
