COMMAND: python3 experiments/scale_trace/scripts/trace_result_json.py /home/aothuatgiadp/blockchain/project/CTLC-Implementation/experiments/scale_trace/runs/random_v1_54/F-_E_evm_fund_fe_CTLCOnly_best_claim/result.json /home/aothuatgiadp/blockchain/project/CTLC-Implementation/experiments/scale_trace/runs/random_v1_54/F-_E_evm_fund_fe_CTLCOnly_best_claim/trace.json
STATUS: 0

STDOUT:
{
  "graph_id": "",
  "pair": "F->E|evm|fund:fe",
  "contract": "CTLCOnly",
  "scenario": "best_claim",
  "contractAddress": "0x1609807f45d8429768eAFE59CFf7d1286333ac94",
  "traces": {
    "deploy": {
      "tx_hash": "0xde74b0d9f517925cf13a8ce2a178c65f0155893ab62019169dfad542dac819bc",
      "actual_calldata_bytes": 7379,
      "actual_sstore_count": 16,
      "actual_call_count": 0,
      "opcode_steps": 2352
    },
    "fund": {
      "tx_hash": "0x5e734ab940602cdc5722e98e94985d6917c2a9610a8a3957700998a56716c645",
      "actual_calldata_bytes": 0,
      "actual_sstore_count": 0,
      "actual_call_count": 0,
      "opcode_steps": 13
    },
    "claim_level0": {
      "tx_hash": "0x809c204d59a5ed4f18e0d37d79ec474cb786037bd91f5bc98e68bc41cca2faa7",
      "actual_calldata_bytes": 388,
      "actual_sstore_count": 1,
      "actual_call_count": 1,
      "opcode_steps": 1475
    }
  }
}


STDERR:

