ganache v7.9.2 (@ganache/cli: 0.10.2, @ganache/core: 0.10.2)
Starting RPC server

Available Accounts
==================
(0) 0xD5Dce227b41A81436802b58DDb07e81749cCee2F (1000 ETH)
(1) 0x49a482151133AB9eA375c2961ACBd4220A3DbB01 (1000 ETH)
(2) 0x0cEA1fBB901761ed035a43200bfF02f66A8F8773 (1000 ETH)
(3) 0x451828cdd4D5aAE5680f1Ed25a246DF99e61D501 (1000 ETH)
(4) 0x0A6040B6aF0c9b7C1073BAaAB6Ff7fFe923f4b8A (1000 ETH)
(5) 0xeeE58bf5947d401c301Ad7842c408dB55338a199 (1000 ETH)
(6) 0x89bd975917990780764DcdbD36541f0c98D0f33F (1000 ETH)
(7) 0xE211C9836FC8BC1C4Aa7A51e14604764F4e833df (1000 ETH)
(8) 0xad6b44d149BE31FD24F83C0dBE3a6a05A1Df9118 (1000 ETH)
(9) 0x47Ce1537afb04dFb8D345f970E4BA7f040A0c54D (1000 ETH)

Private Keys
==================
(0) 0x396d8dd99a2d43b65c0922517c968e5d1bacbf75a0d609356f5a27aca6f0f163
(1) 0x2837ad6755cf0ca21a8154e92c8cf1bd9f45fecb1eeb740ba1681d8d2bd66f4d
(2) 0xa88d5ded2e04e8e22eb65f4238b5e83c9dcfab9e03d8db036f51d289dcb85fdc
(3) 0x618e7dc933095d7c306e2508c26b82ba82e228fc9a799dd8e50e4f28e71d620f
(4) 0x7d3104d671748bc011eada232621375c94735a0f2211d39398dbb0db0568558e
(5) 0x77d1d37d192b66a6773f8c46c26bb25af1c39d2adb95c9ccad7be56f4d06642c
(6) 0x9b12e7e1131a3ffad2c3630d5bcee84bb7beffa9a65421316ef4cba356afae93
(7) 0x2074aee92269aac1a7bf06b764fd8bb2a6b7919c39691f1c7e8bac5982846ef0
(8) 0x899f351eb44285d45f9dc8c72a10972d65ccd341db25feab5ffdc304a80930c0
(9) 0x3023f43ba9343e1ede654479d041a3fa7c00d5378d5b1d1e1613af1d3bc1207e

HD Wallet
==================
Mnemonic:      inherit plug abandon easy chuckle squeeze text ten orient unfold woman oven
Base HD Path:  m/44'/60'/0'/0/{account_index}

Default Gas Price
==================
2000000000

BlockGas Limit
==================
30000000

Call Gas Limit
==================
50000000

Chain
==================
Hardfork: shanghai
Id:       1337

RPC Listening on 127.0.0.1:8545
web3_clientVersion
eth_blockNumber
net_version
eth_accounts
eth_accounts
eth_blockNumber
net_version
eth_getBlockByNumber
eth_estimateGas
eth_getBlockByNumber
eth_gasPrice
eth_sendTransaction

  Transaction: 0xa7f1d091639efed51c189779e8ce9e2969b25a7cdc3d932d2578cac36e70dd96
  Contract created: 0x67674042f839dbf477845774a9aeb57fa4ddee0e
  Gas usage: 1100987
  Block number: 1
  Block time: Thu May 07 2026 21:10:14 GMT+0700 (Indochina Time)

eth_getTransactionReceipt
eth_getCode
eth_getTransactionReceipt
eth_getBlockByNumber
eth_gasPrice
eth_sendTransaction

  Transaction: 0x632f1eda1873a17ad10f1ef8834ee079f9b76ec3a8db3a7b53433844c0697697
  Gas usage: 21055
  Block number: 2
  Block time: Thu May 07 2026 21:10:14 GMT+0700 (Indochina Time)

eth_getTransactionReceipt
eth_blockNumber
evm_mine
eth_blockNumber
evm_mine
eth_blockNumber
evm_mine
eth_blockNumber
evm_mine
eth_blockNumber
net_version
eth_getBlockByNumber
eth_estimateGas
eth_getBlockByNumber
eth_gasPrice
eth_sendTransaction

  Transaction: 0x68c9ca4bf0c592f2aa5330d302db2d1d03e7f730fa4e1f4bddb76516b13d5372
  Gas usage: 59561
  Block number: 7
  Block time: Thu May 07 2026 21:10:14 GMT+0700 (Indochina Time)

eth_getTransactionReceipt
eth_blockNumber
eth_getBalance
eth_getTransactionByHash
debug_traceTransaction
eth_getTransactionByHash
debug_traceTransaction
eth_getTransactionByHash
debug_traceTransaction

Received shutdown signal: SIGTERM
Shutting down…
Server has been shut down
