COMMAND: python3 experiments/scale_trace/scripts/trace_result_json.py /home/aothuatgiadp/blockchain/project/CTLC-Implementation/experiments/scale_trace/runs/random_v1_168/F-_G_evm_fund_fg_CTLCOnly_refund/result.json /home/aothuatgiadp/blockchain/project/CTLC-Implementation/experiments/scale_trace/runs/random_v1_168/F-_G_evm_fund_fg_CTLCOnly_refund/trace.json
STATUS: 0

STDOUT:
{
  "graph_id": "",
  "pair": "F->G|evm|fund:fg",
  "contract": "CTLCOnly",
  "scenario": "refund",
  "contractAddress": "0x88d2D78aE9deD037FB0613D644C615Db5a28Ce9b",
  "traces": {
    "deploy": {
      "tx_hash": "0x8b20ce71a8ba517f33dfc548e0aaf40f3a264c33b8675afca9ec72b06f052c2f",
      "actual_calldata_bytes": 7123,
      "actual_sstore_count": 9,
      "actual_call_count": 0,
      "opcode_steps": 1374
    },
    "fund": {
      "tx_hash": "0xf9e1f5a8601ddfd648206dfe7720c2ddf0f9ac21c5bd1c7eff1398df92a762a7",
      "actual_calldata_bytes": 0,
      "actual_sstore_count": 0,
      "actual_call_count": 0,
      "opcode_steps": 13
    },
    "refund_level0": {
      "tx_hash": "0xb9e5f6dc4e19f9b543767c4d81114b7fc86400e8c66595f6df6f63cfcca827d1",
      "actual_calldata_bytes": 4,
      "actual_sstore_count": 1,
      "actual_call_count": 1,
      "opcode_steps": 229
    }
  }
}


STDERR:

