Using network 'development'.

{
  "ok": true,
  "graph_id": "",
  "pair": "B->C|evm|fund:bc",
  "pairKey": "B->C|evm|fund:bc",
  "contract": "CTLCMultipleEdges",
  "scenario": "worst_claim",
  "deployGas": "0x139ca6",
  "gasUsed": "75948",
  "disableGasUsed": "0",
  "claimGasUsed": "75948",
  "refundGasUsed": "",
  "contractAddress": "0xd55eaa8724B424b3E651002f71F2F5B5Eb0DC7BA",
  "startBlock": "0",
  "endBlock": "3",
  "finalContractBalanceWei": "0",
  "deployer": "0x83e807c3940F3aC66cD35F04970482fAC244c342",
  "party": "0x85E96A8681D3fc97b6D319994fE914d110c6eB67",
  "counterparty": "0x2dcC492B9f3C0F919793543c0770D69b59b676Df",
  "fundingWei": "1000000000000000000",
  "timelocks": [
    8
  ],
  "transactions": [
    {
      "role": "deploy",
      "txHash": "0x6e9a8bd4229283e8740d06ac0f7f1a3f4269029362c705f8abb3e0ccc7075714"
    },
    {
      "role": "fund",
      "txHash": "0xe83e5de9aa99606ff045fcac0aa32b96f1a52e6a5152b0b93103273051110eaa"
    },
    {
      "role": "claim",
      "txHash": "0x470b258d6c1cfc30e8fdd74d76a94596799fe6964678aefae03e76583530341b",
      "level": 0,
      "option": 0
    }
  ],
  "txRoles": [
    {
      "role": "deploy",
      "txHash": "0x6e9a8bd4229283e8740d06ac0f7f1a3f4269029362c705f8abb3e0ccc7075714"
    },
    {
      "role": "fund",
      "txHash": "0xe83e5de9aa99606ff045fcac0aa32b96f1a52e6a5152b0b93103273051110eaa"
    },
    {
      "role": "claim",
      "txHash": "0x470b258d6c1cfc30e8fdd74d76a94596799fe6964678aefae03e76583530341b",
      "level": 0,
      "option": 0
    }
  ],
  "deployTxHash": "0x6e9a8bd4229283e8740d06ac0f7f1a3f4269029362c705f8abb3e0ccc7075714",
  "fundTxHash": "0xe83e5de9aa99606ff045fcac0aa32b96f1a52e6a5152b0b93103273051110eaa",
  "claimTxHash": "0x470b258d6c1cfc30e8fdd74d76a94596799fe6964678aefae03e76583530341b",
  "txHash": "0x470b258d6c1cfc30e8fdd74d76a94596799fe6964678aefae03e76583530341b",
  "tx": "0x470b258d6c1cfc30e8fdd74d76a94596799fe6964678aefae03e76583530341b"
}
