Using network 'development'.

{
  "ok": true,
  "graph_id": "",
  "pair": "D->E|evm|fund:de",
  "pairKey": "D->E|evm|fund:de",
  "contract": "CTLCOnly",
  "scenario": "refund",
  "deployGas": "0x117faf",
  "gasUsed": "59561",
  "disableGasUsed": "0",
  "claimGasUsed": "",
  "refundGasUsed": "59561",
  "contractAddress": "0x99A6639A7334a2C4310e7a4D45B8e695bb69DE68",
  "startBlock": "0",
  "endBlock": "9",
  "finalContractBalanceWei": "0",
  "deployer": "0xFE9B083fB1Bf95E44eded799dd9C4B76cB9da4A4",
  "party": "0x8c3aFA149B242033e125F0bc820D08Acf568aA52",
  "counterparty": "0xD9E3Aaa016f1F8810e3EdFA80a5dA9cA04FfB649",
  "fundingWei": "1000000000000000000",
  "timelocks": [
    8
  ],
  "transactions": [
    {
      "role": "deploy",
      "txHash": "0xaf36ea2b77b294deda6687c54188a2ecf43e765e06afe4bfd1b0cfc927f1ffb6"
    },
    {
      "role": "fund",
      "txHash": "0x94320d57025154ca65dd5d337ae26e0b4808fb41d1b0573cf6b5c1e3a41c4990"
    },
    {
      "role": "refund",
      "txHash": "0x45efbcd0565a92bd0ce9dd83bccf87666ea39898dd1cd7d5f74c7e16b411960b",
      "level": 0
    }
  ],
  "txRoles": [
    {
      "role": "deploy",
      "txHash": "0xaf36ea2b77b294deda6687c54188a2ecf43e765e06afe4bfd1b0cfc927f1ffb6"
    },
    {
      "role": "fund",
      "txHash": "0x94320d57025154ca65dd5d337ae26e0b4808fb41d1b0573cf6b5c1e3a41c4990"
    },
    {
      "role": "refund",
      "txHash": "0x45efbcd0565a92bd0ce9dd83bccf87666ea39898dd1cd7d5f74c7e16b411960b",
      "level": 0
    }
  ],
  "deployTxHash": "0xaf36ea2b77b294deda6687c54188a2ecf43e765e06afe4bfd1b0cfc927f1ffb6",
  "fundTxHash": "0x94320d57025154ca65dd5d337ae26e0b4808fb41d1b0573cf6b5c1e3a41c4990",
  "refundTxHash": "0x45efbcd0565a92bd0ce9dd83bccf87666ea39898dd1cd7d5f74c7e16b411960b",
  "refundTx": "0x45efbcd0565a92bd0ce9dd83bccf87666ea39898dd1cd7d5f74c7e16b411960b"
}
