Using network 'development'.

{
  "ok": true,
  "graph_id": "",
  "pair": "B->C|evm|fund:bc",
  "pairKey": "B->C|evm|fund:bc",
  "contract": "CTLCMultipleEdges",
  "scenario": "refund",
  "deployGas": "0x17d2c0",
  "gasUsed": "59539",
  "disableGasUsed": "0",
  "claimGasUsed": "",
  "refundGasUsed": "59539",
  "contractAddress": "0x4f2EbBA75a9F3548304a36C28bFF8608d485E3d7",
  "startBlock": "0",
  "endBlock": "10",
  "finalContractBalanceWei": "0",
  "deployer": "0xa51b73A0bD8036846342Ad5D3E6bEE0650Fa8196",
  "party": "0x3B318e97b86186436142b1bE18131615B30172d8",
  "counterparty": "0x879Ec7C17665cFe4F06385d73A659159A37AeE76",
  "fundingWei": "1000000000000000000",
  "timelocks": [
    9
  ],
  "transactions": [
    {
      "role": "deploy",
      "txHash": "0x82efec725b15a9620a7fb21442d32407c13bd1fd511ff0aee5ac910167b0d3bd"
    },
    {
      "role": "fund",
      "txHash": "0x859de7dc401841fe07a955499fa97ff69ffa0fa0ae5acec8118b1836a37f3e1d"
    },
    {
      "role": "refund",
      "txHash": "0xc4cf33747129e0d73fc5f467b127b19a6bdc94dd1459e2d7b8a2cf8704b9416c",
      "level": 0
    }
  ],
  "txRoles": [
    {
      "role": "deploy",
      "txHash": "0x82efec725b15a9620a7fb21442d32407c13bd1fd511ff0aee5ac910167b0d3bd"
    },
    {
      "role": "fund",
      "txHash": "0x859de7dc401841fe07a955499fa97ff69ffa0fa0ae5acec8118b1836a37f3e1d"
    },
    {
      "role": "refund",
      "txHash": "0xc4cf33747129e0d73fc5f467b127b19a6bdc94dd1459e2d7b8a2cf8704b9416c",
      "level": 0
    }
  ],
  "deployTxHash": "0x82efec725b15a9620a7fb21442d32407c13bd1fd511ff0aee5ac910167b0d3bd",
  "fundTxHash": "0x859de7dc401841fe07a955499fa97ff69ffa0fa0ae5acec8118b1836a37f3e1d",
  "refundTxHash": "0xc4cf33747129e0d73fc5f467b127b19a6bdc94dd1459e2d7b8a2cf8704b9416c",
  "refundTx": "0xc4cf33747129e0d73fc5f467b127b19a6bdc94dd1459e2d7b8a2cf8704b9416c"
}
