ganache v7.9.2 (@ganache/cli: 0.10.2, @ganache/core: 0.10.2)
Starting RPC server

Available Accounts
==================
(0) 0xfdC69A1796dC70D6dd8fF1144210A245187480F6 (1000 ETH)
(1) 0x676e16a8a731181593b8b239F62fF2f255330cB9 (1000 ETH)
(2) 0x002c9E30E0BCB6aC1a5cc453d4C4E544178e8903 (1000 ETH)
(3) 0x495839eD4FB32dA995591DDDE972668253CcA040 (1000 ETH)
(4) 0x063cb5fda6c64De3A0d26A6c4E10780D4e5625Aa (1000 ETH)
(5) 0x447C854eaDf67BBDC7877775Ed9162c57c5C22d1 (1000 ETH)
(6) 0xD4F5252052B30Ebf8e1aD7776E64532201eBe821 (1000 ETH)
(7) 0x998a063e7Eb9B5464879b1E8344E425496375837 (1000 ETH)
(8) 0x3910AF760E2513659E0F95958Bd1ae2496FD6b4A (1000 ETH)
(9) 0xBD1e75833bAA184970d909c910Cccf71B57C06c2 (1000 ETH)

Private Keys
==================
(0) 0x035cf71aa1098c30ca1c6905b65f4c6b2fdecd3bfcf0eb603bf1c9ddfa1b4313
(1) 0xa263322e3257250bb9e315b6c0f03d1165a8b608db043cca00527aaec82cebbd
(2) 0x3c7722cf8ca1cb12b1b8eb35ded137dbddfc1cde321e2f7db455128f30257321
(3) 0x2085e32ed86d8236cf90a185b41d31ada6fdb958b5cb5ac4a32998f5afe1b39b
(4) 0x277c7bf23b6f2d9e00a94994dee35dde47f0fa38649f6b6da2346141239ec8fc
(5) 0x53178f4eafdba72aa0a04150c67b7c5e327dc7adfe9a7092d05cfc52783af819
(6) 0x124c00c7783d0403733c5cce708307df99377d66e351c198f90894f33ffa199d
(7) 0xf13e19ab94d1f643f17fc198b50d791c2dafc4cca0aedc46c88ae1c16d797e9c
(8) 0xa6cbfffa77d5b75730f0dcbc06039ee87fe08bb16c686d3e54408ed89353c2f3
(9) 0x4590688d5751ff542373d48c4f21169845f1484323e781388a94d527ce7b5d08

HD Wallet
==================
Mnemonic:      mail lava canyon exit pair say main sight math glad vehicle unlock
Base HD Path:  m/44'/60'/0'/0/{account_index}

Default Gas Price
==================
2000000000

BlockGas Limit
==================
30000000

Call Gas Limit
==================
50000000

Chain
==================
Hardfork: shanghai
Id:       1337

RPC Listening on 127.0.0.1:8545
web3_clientVersion
eth_blockNumber
net_version
eth_accounts
eth_accounts
eth_blockNumber
net_version
eth_getBlockByNumber
eth_estimateGas
eth_getBlockByNumber
eth_gasPrice
eth_sendTransaction

  Transaction: 0xb4b79a2e624d28fb34c1ebf0e348d16c7f655b1bf881a06f8beec3d085ec3d68
  Contract created: 0xc4b75235f65300209f8ef2c10618191201f72421
  Gas usage: 1193638
  Block number: 1
  Block time: Fri May 08 2026 02:51:08 GMT+0700 (Indochina Time)

eth_getTransactionReceipt
eth_getCode
eth_getTransactionReceipt
eth_getBlockByNumber
eth_gasPrice
eth_sendTransaction

  Transaction: 0x7f3ccf5fe46f5135eb123277a4674871dca1417894c2c2b6986e8453405d3528
  Gas usage: 21055
  Block number: 2
  Block time: Fri May 08 2026 02:51:08 GMT+0700 (Indochina Time)

eth_getTransactionReceipt
net_version
eth_getBlockByNumber
eth_estimateGas
eth_getBlockByNumber
eth_gasPrice
eth_sendTransaction

  Transaction: 0xea405d300288358ef34eab1e4f32a2e172881698b8187aa46f55ac73445430ad
  Gas usage: 67334
  Block number: 3
  Block time: Fri May 08 2026 02:51:08 GMT+0700 (Indochina Time)

eth_getTransactionReceipt
eth_blockNumber
eth_getBalance
eth_getTransactionByHash
debug_traceTransaction
eth_getTransactionByHash
debug_traceTransaction
eth_getTransactionByHash
debug_traceTransaction

Received shutdown signal: SIGTERM
Shutting down…
Server has been shut down
