COMMAND: python3 experiments/scale_trace/scripts/trace_result_json.py /home/aothuatgiadp/blockchain/project/CTLC-Implementation/experiments/scale_trace/runs/random_v1_108/F-_B_evm_fund_fb_CTLCMultipleEdges_best_claim/result.json /home/aothuatgiadp/blockchain/project/CTLC-Implementation/experiments/scale_trace/runs/random_v1_108/F-_B_evm_fund_fb_CTLCMultipleEdges_best_claim/trace.json
STATUS: 0

STDOUT:
{
  "graph_id": "",
  "pair": "F->B|evm|fund:fb",
  "contract": "CTLCMultipleEdges",
  "scenario": "best_claim",
  "contractAddress": "0xE818C9145E2e04fc7c96E4879407F88554f85aD6",
  "traces": {
    "deploy": {
      "tx_hash": "0xff0d6ab33342302b1f8f193eaaeba8dc1c8035b03e1cda580ce5779b8466d1a2",
      "actual_calldata_bytes": 8585,
      "actual_sstore_count": 32,
      "actual_call_count": 0,
      "opcode_steps": 5207
    },
    "fund": {
      "tx_hash": "0x79ea5ad9d36660079707ebeab37e3066abe66d6919be598527f2fdaa5bcbdcd4",
      "actual_calldata_bytes": 0,
      "actual_sstore_count": 0,
      "actual_call_count": 0,
      "opcode_steps": 13
    },
    "claim_level0": {
      "tx_hash": "0x9dc6ddda58ea63ff453e708f99fc1f85d6b2ca36f0bb80df1fb49f03a92790fd",
      "actual_calldata_bytes": 324,
      "actual_sstore_count": 1,
      "actual_call_count": 1,
      "opcode_steps": 1241
    }
  }
}


STDERR:

