ganache v7.9.2 (@ganache/cli: 0.10.2, @ganache/core: 0.10.2)
Starting RPC server

Available Accounts
==================
(0) 0x1D96f8a34Cb8D22c6224a53C3808AAa77d2AAF0D (1000 ETH)
(1) 0xCE5895bCe1564227c15022a933A2271E80f5f1f5 (1000 ETH)
(2) 0x2c1977079eBE630D580e442BcBdEc96e7803874c (1000 ETH)
(3) 0x7d0Ef77cDB5fD0B6Ef32096C96816d907A9Db4b8 (1000 ETH)
(4) 0xFbE4898de06Ce564c852Ece65c2Fac7eEABc5fE6 (1000 ETH)
(5) 0x0785a4b0F52df61b41c5EA06cAE1F6d6407e19B8 (1000 ETH)
(6) 0xB4825520938116F2d53d48af1ad69De705b3F89E (1000 ETH)
(7) 0x0B51193A57Ff5826CfDBc5Ad56D9Bb61e9fe3550 (1000 ETH)
(8) 0xaA8AffA75e3B76CeCeE73298BD25E34E51bdcF49 (1000 ETH)
(9) 0x857360D46b386A5f070dD7250E7723a86497E974 (1000 ETH)

Private Keys
==================
(0) 0xe29fefd8f19db791816cdc9d514ffe86d1148f0ee60589f9dff841c28f25b2c0
(1) 0x5e923d29bf6196a223294cbc13f22e02875604adf2891a2a137c7b2892dd5762
(2) 0xfdfe37cac3c69174cca872db51ee92b18a3bfe93e3a92672d60777e4b5374ac1
(3) 0x8fcf61547ad6cddff5cced779cabfcb548d37d640e8296a3599e733c74661f1d
(4) 0x870dc752f527b7604b9a24349be7bcca255317b6da9fb0ed224407d494344dba
(5) 0x211454543fd785f917e6548593e04896e824ad323edd759942aa105850799319
(6) 0x476886f020513ba8bcf45e1248c4ef2b0f4ed51d99c71644dc4b1cdd94d125f6
(7) 0xca4258982cce9d67e66864266e332898c016024f660564efa045f006691f0360
(8) 0x3e6ec7c0501d26a0043d78144cb6331db73c5827d7aff72046b81e9fcd5ccbc4
(9) 0x57ea6c867c9eb6f118db0e5576db6f358a519f9333fb627206060c93687bf7a3

HD Wallet
==================
Mnemonic:      dawn amateur panther oven forum rent divide journey diagram neither salute minute
Base HD Path:  m/44'/60'/0'/0/{account_index}

Default Gas Price
==================
2000000000

BlockGas Limit
==================
30000000

Call Gas Limit
==================
50000000

Chain
==================
Hardfork: shanghai
Id:       1337

RPC Listening on 127.0.0.1:8545
web3_clientVersion
eth_blockNumber
net_version
eth_accounts
eth_accounts
eth_blockNumber
net_version
eth_getBlockByNumber
eth_estimateGas
eth_getBlockByNumber
eth_gasPrice
eth_sendTransaction

  Transaction: 0xe4925c625e32f69ba553ccbaa1f63be7dbd831c55327f69677cbb4e0b99dc17a
  Contract created: 0x638ced9def3f3931c176235d0d7d3ec0f026cc2b
  Gas usage: 1446812
  Block number: 1
  Block time: Fri May 08 2026 02:21:19 GMT+0700 (Indochina Time)

eth_getTransactionReceipt
eth_getCode
eth_getTransactionReceipt
eth_getBlockByNumber
eth_gasPrice
eth_sendTransaction

  Transaction: 0x16e547a9b31fe0fd2368865e30ad4ac9bc7809e1b5ec5193bcf34b88e0938af9
  Gas usage: 21055
  Block number: 2
  Block time: Fri May 08 2026 02:21:19 GMT+0700 (Indochina Time)

eth_getTransactionReceipt
net_version
eth_getBlockByNumber
eth_estimateGas
eth_getBlockByNumber
eth_gasPrice
eth_sendTransaction

  Transaction: 0x245bb38b4b5b4b38cc497f3615fa8efd4449b11c7fc13136290ece93357d3603
  Gas usage: 75948
  Block number: 3
  Block time: Fri May 08 2026 02:21:19 GMT+0700 (Indochina Time)

eth_getTransactionReceipt
eth_blockNumber
eth_getBalance
eth_getTransactionByHash
debug_traceTransaction
eth_getTransactionByHash
debug_traceTransaction
eth_getTransactionByHash
debug_traceTransaction

Received shutdown signal: SIGTERM
Shutting down…
Server has been shut down
