ganache v7.9.2 (@ganache/cli: 0.10.2, @ganache/core: 0.10.2)
Starting RPC server

Available Accounts
==================
(0) 0x3a28040Ff071e7C5E3dE315c4E04Fd48a9356945 (1000 ETH)
(1) 0xFF8a9252bdBaA6827D385d658570CEA74dEd6232 (1000 ETH)
(2) 0x916e6E0fBED435247e55447cDca89c45869b8f1e (1000 ETH)
(3) 0x80030800f4A6D96b6a96181e569AB1285331ED32 (1000 ETH)
(4) 0xFf12F8197ca60e6FBc4E130a6bD113299f9DB918 (1000 ETH)
(5) 0x3e33997736C79849A4F1444BC9103201dA2169B5 (1000 ETH)
(6) 0x45B6EBa36e918Fb5555974cF45FDA2e091A64F10 (1000 ETH)
(7) 0x470d457Ba2ea67EA5426993E2846519a331138C7 (1000 ETH)
(8) 0x92502706ded28d679d6C86Cc87f3BF8CDEB39664 (1000 ETH)
(9) 0xdEb399d2FcA3f86F514B7288F4B6aCCC70AD734C (1000 ETH)

Private Keys
==================
(0) 0xfb0dcae282a77dc4082996c0ca7e408a9bd251062b938928b0cb7cd95ea261a3
(1) 0xe6e08651f645b65f72387313fc3d30a87b9b2fb55d81a0f294752fa7e573fccb
(2) 0xc5ad1adf476eaf1f5ebcd0bfb31872a73a474cb5f6bf2676a810351d4f1a1655
(3) 0xc3e0221c63d3872c04e508f426beef51b6c837e0a710ef537c9117b120d5ed45
(4) 0x6a4e9261705d6169b4aceb1ed550c8ee282f89de77af98121e3318f68de740bb
(5) 0x7373dca6668b7fe4902fbce6464a8ffe0f3b975704451c719bd42a31af57e952
(6) 0xbc0c0e8b0da06afe5fe030913055ebffd3d32c47a952bf02a52b25269d449dda
(7) 0x3e30aa6875cf0bc9e2c9fefe48f1b40089b75e53a98c3ecf0fb4246614da8d58
(8) 0x18e181572ae9ebd5a9cd2690564b4f0fef4e4405b222be29bc57e67c27c840e0
(9) 0xa1680423ad6f1c1e5d35aad71a4a346fdfd671df2f1bc6aa6ec287203ab3dd65

HD Wallet
==================
Mnemonic:      usual west vessel tongue twist error scorpion dignity unfair crew local clerk
Base HD Path:  m/44'/60'/0'/0/{account_index}

Default Gas Price
==================
2000000000

BlockGas Limit
==================
30000000

Call Gas Limit
==================
50000000

Chain
==================
Hardfork: shanghai
Id:       1337

RPC Listening on 127.0.0.1:8545
web3_clientVersion
eth_blockNumber
net_version
eth_accounts
eth_accounts
eth_blockNumber
net_version
eth_getBlockByNumber
eth_estimateGas
eth_getBlockByNumber
eth_gasPrice
eth_sendTransaction

  Transaction: 0x51ccc232fb29c46dd0d73e7509867deac946d3ce015649de397f7b326501691a
  Contract created: 0x3519c1a8ba4172e33d720a56a2738075744081f5
  Gas usage: 1192623
  Block number: 1
  Block time: Fri May 08 2026 03:38:28 GMT+0700 (Indochina Time)

eth_getTransactionReceipt
eth_getCode
eth_getTransactionReceipt
eth_getBlockByNumber
eth_gasPrice
eth_sendTransaction

  Transaction: 0xff342d3b820e2a4fcbb700609809bd392d95b1a0d6f3852412b878ab11b5f755
  Gas usage: 21055
  Block number: 2
  Block time: Fri May 08 2026 03:38:28 GMT+0700 (Indochina Time)

eth_getTransactionReceipt
eth_blockNumber
evm_mine
eth_blockNumber
evm_mine
eth_blockNumber
evm_mine
eth_blockNumber
evm_mine
eth_blockNumber
evm_mine
eth_blockNumber
evm_mine
eth_blockNumber
evm_mine
eth_blockNumber
evm_mine
eth_blockNumber
net_version
eth_getBlockByNumber
eth_estimateGas
eth_getBlockByNumber
eth_gasPrice
eth_sendTransaction

  Transaction: 0xcf0735c081011c17f73caa8d90447b7e0f8ebf98fe1169313a509bab50a9c5e7
  Gas usage: 59561
  Block number: 11
  Block time: Fri May 08 2026 03:38:29 GMT+0700 (Indochina Time)

eth_getTransactionReceipt
eth_blockNumber
eth_getBalance
eth_getTransactionByHash
debug_traceTransaction
eth_getTransactionByHash
debug_traceTransaction
eth_getTransactionByHash
debug_traceTransaction

Received shutdown signal: SIGTERM
Shutting down…
Server has been shut down
