Using network 'development'.

{
  "ok": true,
  "graph_id": "",
  "pair": "D->F|evm|fund:df",
  "pairKey": "D->F|evm|fund:df",
  "contract": "CTLCOnly",
  "scenario": "worst_claim",
  "deployGas": "0x11263b",
  "gasUsed": "68747",
  "disableGasUsed": "0",
  "claimGasUsed": "68747",
  "refundGasUsed": "",
  "contractAddress": "0x327a6FE1f2eb879060902347485843f67D388556",
  "startBlock": "0",
  "endBlock": "3",
  "finalContractBalanceWei": "0",
  "deployer": "0xE6b8eB5849a032EFefd919CA40057eEa14F4C5F2",
  "party": "0xcDFC44BEa2cBBaC81aF18352fd160651C2Bb1Bf9",
  "counterparty": "0xBCA4D996b06C8966f16bA073FefeB88545CD2636",
  "fundingWei": "1000000000000000000",
  "timelocks": [
    7
  ],
  "transactions": [
    {
      "role": "deploy",
      "txHash": "0xe66d18c8275e12385b44e79e2d70c82731a08d857a498c0b8668db084f4ff674"
    },
    {
      "role": "fund",
      "txHash": "0xfa10dfe5f905fddeb4dde9503363d992ed270a86fa86b2288fbbf90271c1b687"
    },
    {
      "role": "claim",
      "txHash": "0xe7721e19ce126ed260e6899af7d64061c083aa4954fcb1d73e184afa557d48d2",
      "level": 0,
      "option": 0
    }
  ],
  "txRoles": [
    {
      "role": "deploy",
      "txHash": "0xe66d18c8275e12385b44e79e2d70c82731a08d857a498c0b8668db084f4ff674"
    },
    {
      "role": "fund",
      "txHash": "0xfa10dfe5f905fddeb4dde9503363d992ed270a86fa86b2288fbbf90271c1b687"
    },
    {
      "role": "claim",
      "txHash": "0xe7721e19ce126ed260e6899af7d64061c083aa4954fcb1d73e184afa557d48d2",
      "level": 0,
      "option": 0
    }
  ],
  "deployTxHash": "0xe66d18c8275e12385b44e79e2d70c82731a08d857a498c0b8668db084f4ff674",
  "fundTxHash": "0xfa10dfe5f905fddeb4dde9503363d992ed270a86fa86b2288fbbf90271c1b687",
  "claimTxHash": "0xe7721e19ce126ed260e6899af7d64061c083aa4954fcb1d73e184afa557d48d2",
  "txHash": "0xe7721e19ce126ed260e6899af7d64061c083aa4954fcb1d73e184afa557d48d2",
  "tx": "0xe7721e19ce126ed260e6899af7d64061c083aa4954fcb1d73e184afa557d48d2"
}
