Using network 'development'.

{
  "ok": true,
  "graph_id": "",
  "pair": "E->A|evm|fund:ea",
  "pairKey": "E->A|evm|fund:ea",
  "contract": "CTLCOnly",
  "scenario": "worst_claim",
  "deployGas": "0x10ccbb",
  "gasUsed": "64620",
  "disableGasUsed": "0",
  "claimGasUsed": "64620",
  "refundGasUsed": "",
  "contractAddress": "0xac891b57D36FDbA24B7849F92ffea0925426ABBe",
  "startBlock": "0",
  "endBlock": "3",
  "finalContractBalanceWei": "0",
  "deployer": "0x847DC93fa3581855f22D5ebBF54291F7A7171773",
  "party": "0x936b1e1836779682D0a528eDaf0E8Fdcf02bf513",
  "counterparty": "0xF21B43C74864803c091C1730d554469251a6c503",
  "fundingWei": "1000000000000000000",
  "timelocks": [
    6
  ],
  "transactions": [
    {
      "role": "deploy",
      "txHash": "0x9ebf9e24b2c1c8efbbff54c30bfc17d7be4a04570c4cff006710bfeb0feafb31"
    },
    {
      "role": "fund",
      "txHash": "0xae36c10971dcba85342b290ad8b9ca9b6bb2b244f6e9ca66a2c8a40059bc2f38"
    },
    {
      "role": "claim",
      "txHash": "0xbd52bd8994a8166ce4d2d015662f3988f2aa98233a08b40ed4d01034830bc302",
      "level": 0,
      "option": 0
    }
  ],
  "txRoles": [
    {
      "role": "deploy",
      "txHash": "0x9ebf9e24b2c1c8efbbff54c30bfc17d7be4a04570c4cff006710bfeb0feafb31"
    },
    {
      "role": "fund",
      "txHash": "0xae36c10971dcba85342b290ad8b9ca9b6bb2b244f6e9ca66a2c8a40059bc2f38"
    },
    {
      "role": "claim",
      "txHash": "0xbd52bd8994a8166ce4d2d015662f3988f2aa98233a08b40ed4d01034830bc302",
      "level": 0,
      "option": 0
    }
  ],
  "deployTxHash": "0x9ebf9e24b2c1c8efbbff54c30bfc17d7be4a04570c4cff006710bfeb0feafb31",
  "fundTxHash": "0xae36c10971dcba85342b290ad8b9ca9b6bb2b244f6e9ca66a2c8a40059bc2f38",
  "claimTxHash": "0xbd52bd8994a8166ce4d2d015662f3988f2aa98233a08b40ed4d01034830bc302",
  "txHash": "0xbd52bd8994a8166ce4d2d015662f3988f2aa98233a08b40ed4d01034830bc302",
  "tx": "0xbd52bd8994a8166ce4d2d015662f3988f2aa98233a08b40ed4d01034830bc302"
}
