ganache v7.9.2 (@ganache/cli: 0.10.2, @ganache/core: 0.10.2)
Starting RPC server

Available Accounts
==================
(0) 0x085A9A7C4E5B98e17239C0a3Ad8C6578519703e0 (1000 ETH)
(1) 0xDB142347d661439572470f850044563Ccd40f3eb (1000 ETH)
(2) 0x9Fe382436746572da3FdABE3398BF38B4ec2b6B9 (1000 ETH)
(3) 0xcda0911484B193E59f36f2c67b6Ae3963Ef1Fe26 (1000 ETH)
(4) 0x2197563D7bC01F5A567E391b00Aec76B6c3b50FC (1000 ETH)
(5) 0x2aA5F8c108F10147646AF5af0A082145B9Ca1905 (1000 ETH)
(6) 0x8eE9D5232a665298D2FC3217D0737D1679b6cCef (1000 ETH)
(7) 0xC79b2F9D0589ec54b4c6874140cd4Eaa041c846C (1000 ETH)
(8) 0x1f79005845fE035de37c8396d407FDF8A1a31F9B (1000 ETH)
(9) 0x8C935A7575dC3DfA4b70683E9577D572e1fF4f30 (1000 ETH)

Private Keys
==================
(0) 0x0f830f637b39247bdcebc0bda4d0c39a81b6a6795b2dda262af0691c90df124f
(1) 0x17034e05acf2d40e4eb8e6137a070cefc25be7c81e6e38bd3367f3d9154d9651
(2) 0x9b45e578c944773d5534f1a0f7de8cd3a6b11e5be696d946e9d5a035babf4ffa
(3) 0x1458ab91eab9cc39fc66425a24718fd77376ae70139352bae6bc8d355d642bf5
(4) 0xc7ba933cd52a06a3de86886ad14a631020dc323ddca18701d2b35df3ddc4cdf5
(5) 0x77d4dcc0dbd721673a953b0446b30afe99602ed5663dc4be600da08af38b2cae
(6) 0x575a5d5c6442c2cbfd24eb4e6da341bf860e57172e61fc643a5f2dd49f2e4156
(7) 0x3f404b859cbb2e36baa5c7db5199851a17b21e27c3f656f3ecb6cb39449b1dbb
(8) 0xfa3c86de094d8b19d0fd4b1cdb13dd6d22c187e6a6682bc789f113bec89d1731
(9) 0x3f6a8806d10a7edaddb2e3cd4f211350dc4112d90b956e3352bf8b584dc059ff

HD Wallet
==================
Mnemonic:      save display sauce lady local dizzy soup supply obey glad kangaroo game
Base HD Path:  m/44'/60'/0'/0/{account_index}

Default Gas Price
==================
2000000000

BlockGas Limit
==================
30000000

Call Gas Limit
==================
50000000

Chain
==================
Hardfork: shanghai
Id:       1337

RPC Listening on 127.0.0.1:8545
web3_clientVersion
eth_blockNumber
net_version
eth_accounts
eth_accounts
eth_blockNumber
net_version
eth_getBlockByNumber
eth_estimateGas
eth_getBlockByNumber
eth_gasPrice
eth_sendTransaction

  Transaction: 0x8043fd2d583ef2ff23c4b12c92cf9bb59c8ed13c45d712cd5f45e345a2c10a4f
  Contract created: 0xc2c7070dabf2ba0d11759016df4015b80ac43493
  Gas usage: 1284870
  Block number: 1
  Block time: Thu May 07 2026 21:51:11 GMT+0700 (Indochina Time)

eth_getTransactionReceipt
eth_getCode
eth_getTransactionReceipt
eth_getBlockByNumber
eth_gasPrice
eth_sendTransaction

  Transaction: 0x3077f87f174020cde499d86e1d73d9de6a2ee55c91060bd8e29ff473dd4adfc4
  Gas usage: 21055
  Block number: 2
  Block time: Thu May 07 2026 21:51:11 GMT+0700 (Indochina Time)

eth_getTransactionReceipt
net_version
eth_getBlockByNumber
eth_estimateGas
eth_getBlockByNumber
eth_gasPrice
eth_sendTransaction

  Transaction: 0x7a30f179d1e7c5a3537f42b951d2ba63d02b5664c5172a537b1cb69de245a2a9
  Gas usage: 72874
  Block number: 3
  Block time: Thu May 07 2026 21:51:11 GMT+0700 (Indochina Time)

eth_getTransactionReceipt
eth_blockNumber
eth_getBalance
eth_getTransactionByHash
debug_traceTransaction
eth_getTransactionByHash
debug_traceTransaction
eth_getTransactionByHash
debug_traceTransaction

Received shutdown signal: SIGTERM
Shutting down…
Server has been shut down
