ganache v7.9.2 (@ganache/cli: 0.10.2, @ganache/core: 0.10.2)
Starting RPC server

Available Accounts
==================
(0) 0x18Ed7b5cd08ef9829b582632B5fe8dBCe48A534C (1000 ETH)
(1) 0x4c55dAb611714b06d9C690f99e817BF7b6682734 (1000 ETH)
(2) 0x89eB225E787404Cdd07b451eeD899516E01D2C52 (1000 ETH)
(3) 0xB1c097B52b925218cbFe36c6c85841D7aa4ed0D4 (1000 ETH)
(4) 0xC9a692adD5A4873114E02e58B4f982e476128962 (1000 ETH)
(5) 0x831f62CAE35F510B084C79920239ACaa51fb89ba (1000 ETH)
(6) 0x12E1F7d8186Df2C7893B23A29cB57B55613534ee (1000 ETH)
(7) 0x73b52322ef5D1989B6A914ebe47fA4648475e58B (1000 ETH)
(8) 0x694f7fe3B03a0C8f2f0b11Cdd9F68402424c086b (1000 ETH)
(9) 0xC0fffd4e86e84108B03617Aa2faE0df192e430fe (1000 ETH)

Private Keys
==================
(0) 0xb6c815efdee14888f4ea0a422772056a1dfe76ff6cff901be2f8a6ebc299bc9f
(1) 0xfec39138cc9bdb0dea18e6eb135a0ff4ec6e94c962107797e12f2701da2d71e8
(2) 0xd58fcbacba83843754a512cc90b8b3f08e64386de9ff7317e0ff6675e120fb87
(3) 0x035ed31a645da5fb2856660f48e40dbad64fa7751522f0fad54626775e254b4d
(4) 0x690134eae0ff21f6a6a99606bd67090e18b3459eaea2485f0505807a813ee7a2
(5) 0x3bd72bf532c6c8c9d040d6f1cb8687b062c1ac2b1ec89e8fcf952b9dfbcd0ebc
(6) 0x03dc4f15daab509deb836324af8cebc857662d7f0dc8def8b5dabbcb5d57f903
(7) 0x0147410509ad71b2d0a4d591073335da0126c8899ad68b8e58bb5c16ddbcf12e
(8) 0xb5c5d9d5f51e1869811f6e710888535927a5ab38db619183ba3373bce353c1b5
(9) 0xbe7688aa3091aa2a7d53ceb2af9c5fc75ff66fc0240df4645455964c9bd973c8

HD Wallet
==================
Mnemonic:      border nice opera become father butter protect lady dice hockey able scare
Base HD Path:  m/44'/60'/0'/0/{account_index}

Default Gas Price
==================
2000000000

BlockGas Limit
==================
30000000

Call Gas Limit
==================
50000000

Chain
==================
Hardfork: shanghai
Id:       1337

RPC Listening on 127.0.0.1:8545
web3_clientVersion
eth_blockNumber
net_version
eth_accounts
eth_accounts
eth_blockNumber
net_version
eth_getBlockByNumber
eth_estimateGas
eth_getBlockByNumber
eth_gasPrice
eth_sendTransaction

  Transaction: 0x9c8b49db0747533e3facef4c4426ef436f5ed941af837c7e15d8c65d631a26f7
  Contract created: 0x49ab900dfd3081dae527122a9ac5934412a90d99
  Gas usage: 1331110
  Block number: 1
  Block time: Fri May 08 2026 03:14:35 GMT+0700 (Indochina Time)

eth_getTransactionReceipt
eth_getCode
eth_getTransactionReceipt
eth_getBlockByNumber
eth_gasPrice
eth_sendTransaction

  Transaction: 0xd63974bacced5c1b23cbe699b870eed56335e776c22157994bbdda36d2ee4a83
  Gas usage: 21055
  Block number: 2
  Block time: Fri May 08 2026 03:14:35 GMT+0700 (Indochina Time)

eth_getTransactionReceipt
net_version
eth_getBlockByNumber
eth_estimateGas
eth_getBlockByNumber
eth_gasPrice
eth_sendTransaction

  Transaction: 0x0d2e590fcad747cc09f77a434f4223a5f79ce6fcfca44c8e5db7b0c8d6cdd19f
  Gas usage: 80267
  Block number: 3
  Block time: Fri May 08 2026 03:14:35 GMT+0700 (Indochina Time)

eth_getTransactionReceipt
eth_blockNumber
eth_getBalance
eth_getTransactionByHash
debug_traceTransaction
eth_getTransactionByHash
debug_traceTransaction
eth_getTransactionByHash
debug_traceTransaction

Received shutdown signal: SIGTERM
Shutting down…
Server has been shut down
