Using network 'development'.

{
  "ok": true,
  "graph_id": "",
  "pair": "E->B|evm|fund:eb",
  "pairKey": "E->B|evm|fund:eb",
  "contract": "CTLCOnly",
  "scenario": "worst_claim",
  "deployGas": "0x117fbb",
  "gasUsed": "72874",
  "disableGasUsed": "0",
  "claimGasUsed": "72874",
  "refundGasUsed": "",
  "contractAddress": "0x054655C54500eF2CB6d31a99837fab940F932be9",
  "startBlock": "0",
  "endBlock": "3",
  "finalContractBalanceWei": "0",
  "deployer": "0xcce5C1d467Fe10cAe14dB58842ead0C27e215E4f",
  "party": "0xe6d525d0013bf4eAACddE3402D98deEdFEA043DB",
  "counterparty": "0xed866dFf0fC5884C99f2FedF74ea90AeFFE67faF",
  "fundingWei": "1000000000000000000",
  "timelocks": [
    8
  ],
  "transactions": [
    {
      "role": "deploy",
      "txHash": "0xe668fe31b56a5d0855a5e2037eeb414af99ee306d9af21720df0cf274c50ed93"
    },
    {
      "role": "fund",
      "txHash": "0x09e15c8953ca21c96433e6d0660ff608f949b8cc7a98e9174f03fe525bf27e0b"
    },
    {
      "role": "claim",
      "txHash": "0xc40035d0d3380800ede07de968d34d1c61b6474600d4956c4f689c58fce340f2",
      "level": 0,
      "option": 0
    }
  ],
  "txRoles": [
    {
      "role": "deploy",
      "txHash": "0xe668fe31b56a5d0855a5e2037eeb414af99ee306d9af21720df0cf274c50ed93"
    },
    {
      "role": "fund",
      "txHash": "0x09e15c8953ca21c96433e6d0660ff608f949b8cc7a98e9174f03fe525bf27e0b"
    },
    {
      "role": "claim",
      "txHash": "0xc40035d0d3380800ede07de968d34d1c61b6474600d4956c4f689c58fce340f2",
      "level": 0,
      "option": 0
    }
  ],
  "deployTxHash": "0xe668fe31b56a5d0855a5e2037eeb414af99ee306d9af21720df0cf274c50ed93",
  "fundTxHash": "0x09e15c8953ca21c96433e6d0660ff608f949b8cc7a98e9174f03fe525bf27e0b",
  "claimTxHash": "0xc40035d0d3380800ede07de968d34d1c61b6474600d4956c4f689c58fce340f2",
  "txHash": "0xc40035d0d3380800ede07de968d34d1c61b6474600d4956c4f689c58fce340f2",
  "tx": "0xc40035d0d3380800ede07de968d34d1c61b6474600d4956c4f689c58fce340f2"
}
