Using network 'development'.

{
  "ok": true,
  "graph_id": "",
  "pair": "D->A|evm|fund:da",
  "pairKey": "D->A|evm|fund:da",
  "contract": "CTLCMultipleEdges",
  "scenario": "best_claim",
  "deployGas": "0x1236a6",
  "gasUsed": "67334",
  "disableGasUsed": "",
  "claimGasUsed": "67334",
  "refundGasUsed": "",
  "contractAddress": "0xf22b32B29B98FA4cF4162744173716d8f7F23790",
  "startBlock": "0",
  "endBlock": "3",
  "finalContractBalanceWei": "0",
  "deployer": "0xc59324Bb4b75b8C5e46164815EAc120479Ea62E0",
  "party": "0x5CF55653062Feef9D9E9227A157d332c3A14e8E4",
  "counterparty": "0xdBE4A44522365e8dD0161efB1028A32D3ace3d2B",
  "fundingWei": "1000000000000000000",
  "timelocks": [
    6
  ],
  "transactions": [
    {
      "role": "deploy",
      "txHash": "0x9fa9e88f8bd59b3b0620b0df733428dc679c1f64d8749618a4c266e4fee872ff"
    },
    {
      "role": "fund",
      "txHash": "0x110154e3cb2834c49af200f2ee3ee0a55cd821829da1ee995dfa6b8bba797a06"
    },
    {
      "role": "claim",
      "txHash": "0xf41e254b0608e13f3b7951c475181b53ba7be5be1a48c72db7522bc499e85451",
      "level": 0,
      "option": 0
    }
  ],
  "txRoles": [
    {
      "role": "deploy",
      "txHash": "0x9fa9e88f8bd59b3b0620b0df733428dc679c1f64d8749618a4c266e4fee872ff"
    },
    {
      "role": "fund",
      "txHash": "0x110154e3cb2834c49af200f2ee3ee0a55cd821829da1ee995dfa6b8bba797a06"
    },
    {
      "role": "claim",
      "txHash": "0xf41e254b0608e13f3b7951c475181b53ba7be5be1a48c72db7522bc499e85451",
      "level": 0,
      "option": 0
    }
  ],
  "deployTxHash": "0x9fa9e88f8bd59b3b0620b0df733428dc679c1f64d8749618a4c266e4fee872ff",
  "fundTxHash": "0x110154e3cb2834c49af200f2ee3ee0a55cd821829da1ee995dfa6b8bba797a06",
  "claimTxHash": "0xf41e254b0608e13f3b7951c475181b53ba7be5be1a48c72db7522bc499e85451",
  "txHash": "0xf41e254b0608e13f3b7951c475181b53ba7be5be1a48c72db7522bc499e85451",
  "tx": "0xf41e254b0608e13f3b7951c475181b53ba7be5be1a48c72db7522bc499e85451"
}
