ganache v7.9.2 (@ganache/cli: 0.10.2, @ganache/core: 0.10.2)
Starting RPC server

Available Accounts
==================
(0) 0x91f9B93CD988a0D5DF4de3Bb99868c420c437591 (1000 ETH)
(1) 0x1809734cbEFD080C53110420F0037390FA870851 (1000 ETH)
(2) 0x7e7a868EFb8da09c126508c0875816d3122E4359 (1000 ETH)
(3) 0x431E4474C1EF33D0bB614c9F7f90447080E1C59a (1000 ETH)
(4) 0xB67A69a8dE63815cFDB50b1cc6a3Ed22636391ce (1000 ETH)
(5) 0x8bb1BC261F6478A4d692cB7b619EC856Dfc8125A (1000 ETH)
(6) 0xe7DD6DDE0a6AC5a78Bb482Fe478d84625E87b68F (1000 ETH)
(7) 0xf81CD30A938F4AF782429698503b3B421C5D0a59 (1000 ETH)
(8) 0xF5785A437156fC9F105DFEa11b2191eB0e69e4dC (1000 ETH)
(9) 0x521Ab78596dc5C23d95A2f214d871bf72223f2E9 (1000 ETH)

Private Keys
==================
(0) 0x4db9deb261b9d436d76d14991a091cb87d8cd210ffbf8673f193521ab8222e55
(1) 0xaa18b5ef537f95e0e9ec002eb6f2c9a966d12a8fbc2a1078608b2e31ecdda35f
(2) 0xb67248c1804354de820f6b30ee7f54e20dd1cc1fc89c7d62c1dc537385aff569
(3) 0x6a1d4aeab633ef284bb7a92286efa61aa23aa0a21c2a7ae4e8cb4304a726cf14
(4) 0xb5cbf605035a9000b15c21dd67922cce015420a35d8817ff6793644d799f685d
(5) 0x0c49c8fb72f467d92f0149b5688a61e40f4cf22bb47cb49e392cedf70f68c636
(6) 0xae84e952e70666d8260729bd7d52f1138017a575968a04783a52f02148bfad61
(7) 0xb998d93e8875071c1899a69ed6436eace53cf92ab1e7cd74d7eea9c1dc1d0fc1
(8) 0x9815c62455b3954525423f52c8dc4a41b989ba0c1ba937f2abf090dba3314111
(9) 0x93a0d1a62b958749cabddec8c1a701fc6e6fd2ca0e714dc11cf9e8446a23cc77

HD Wallet
==================
Mnemonic:      cram only camp believe used skin monitor eager century drum train kingdom
Base HD Path:  m/44'/60'/0'/0/{account_index}

Default Gas Price
==================
2000000000

BlockGas Limit
==================
30000000

Call Gas Limit
==================
50000000

Chain
==================
Hardfork: shanghai
Id:       1337

RPC Listening on 127.0.0.1:8545
web3_clientVersion
eth_blockNumber
net_version
eth_accounts
eth_accounts
eth_blockNumber
net_version
eth_getBlockByNumber
eth_estimateGas
eth_getBlockByNumber
eth_gasPrice
eth_sendTransaction

  Transaction: 0xb1e11d91b21c1e4b2dfdc35e53fac7ef50e8437959a979c2dfff329809aaf495
  Contract created: 0x2babb522c8124e0d1ce0bf58d327855521156032
  Gas usage: 1331074
  Block number: 1
  Block time: Thu May 07 2026 21:48:16 GMT+0700 (Indochina Time)

eth_getTransactionReceipt
eth_getCode
eth_getTransactionReceipt
eth_getBlockByNumber
eth_gasPrice
eth_sendTransaction

  Transaction: 0xce65e3f86bd6302f41f735337069d8b5a8043cf82fe39449965158f55385d8a0
  Gas usage: 21055
  Block number: 2
  Block time: Thu May 07 2026 21:48:16 GMT+0700 (Indochina Time)

eth_getTransactionReceipt
net_version
eth_getBlockByNumber
eth_estimateGas
eth_getBlockByNumber
eth_gasPrice
eth_sendTransaction

  Transaction: 0x7b698b54c5faf1f5a250903c843fb441728cc0f124b80b2d6b10edae02d0d4bb
  Gas usage: 80243
  Block number: 3
  Block time: Thu May 07 2026 21:48:17 GMT+0700 (Indochina Time)

eth_getTransactionReceipt
eth_blockNumber
eth_getBalance
eth_getTransactionByHash
debug_traceTransaction
eth_getTransactionByHash
debug_traceTransaction
eth_getTransactionByHash
debug_traceTransaction

Received shutdown signal: SIGTERM
Shutting down…
Server has been shut down
