ganache v7.9.2 (@ganache/cli: 0.10.2, @ganache/core: 0.10.2)
Starting RPC server

Available Accounts
==================
(0) 0xcCdE11384a391e3a7358f95f1110ff128F21a459 (1000 ETH)
(1) 0x6fC7149a99b48fBD2fa716B07926673F481E97Ee (1000 ETH)
(2) 0x2259F7D9F7e26C7c42E044B30586bEc450dF98E3 (1000 ETH)
(3) 0x918dcd797eA4c54638Dc89D7E8C0D72702dc3523 (1000 ETH)
(4) 0x6c1342834f010a11263783A127Db81369cB2d0ea (1000 ETH)
(5) 0x1175D6Dc79A78f414a2Fbcc3ADe11C3DFc94dBBd (1000 ETH)
(6) 0xa80F73CB08f969C0C70f715F96CEbA1AB0C5Ea30 (1000 ETH)
(7) 0xDDB3CCA47Db6769857f3F5982b682598c0a2e380 (1000 ETH)
(8) 0x894f581Fd90fCD7894B4717A76c5f493A44B4A59 (1000 ETH)
(9) 0x94D0D4E44468f7D48bB3dE86b698beEf88a4f352 (1000 ETH)

Private Keys
==================
(0) 0x6504004216d3cc162e987cba6fe2432ba2c2f7b6b5ce98af1b603f37d14eef02
(1) 0x1207763e167a6d10383b4f4b9a28d878dbffa7cd440ab0031963782b3adc19ac
(2) 0x4880ec2562d514405435acf83a180746cc273340cae1c4ea5b1f45e2faaeb5a5
(3) 0x59b59aea9bebde6511f32b75003a06754bba2033a05039792e0a38a2f5eb9455
(4) 0x0bc9a77cd2731e31a81f29354a7ac1d75d7d269494c3eb49d350501555bd767c
(5) 0x793ce3597abe47a72d94866ead97da0d756a531b0d132a895737eaf38633fcff
(6) 0xed0368d1dabaa1a2a2cb4b556637529aa794e57c165d125d0c7e1d168ae0587f
(7) 0x13c1d5258d04f9102b5b8fbf3b8800e3b8910741c33900ac2cf7441c39cb3324
(8) 0x97758df566257db3e926aa99e41e97db2ccb88dd5553b771ee18ddcb7d864ff5
(9) 0xe95f1e3f7226826455e84c72b6994c403909fbde0ab771535921884beee63145

HD Wallet
==================
Mnemonic:      stem fiscal civil country health diary visual few border topple square crunch
Base HD Path:  m/44'/60'/0'/0/{account_index}

Default Gas Price
==================
2000000000

BlockGas Limit
==================
30000000

Call Gas Limit
==================
50000000

Chain
==================
Hardfork: shanghai
Id:       1337

RPC Listening on 127.0.0.1:8545
web3_clientVersion
eth_blockNumber
net_version
eth_accounts
eth_accounts
eth_blockNumber
net_version
eth_getBlockByNumber
eth_estimateGas
eth_getBlockByNumber
eth_gasPrice
eth_sendTransaction

  Transaction: 0x9fd17178a99d1a435aa76d839f185128bb923d19c342c1fe73fb82f2e8f22184
  Contract created: 0xb6c76f30bd1548ea23d79652510df37edadeaf0f
  Gas usage: 1100987
  Block number: 1
  Block time: Fri May 08 2026 01:50:02 GMT+0700 (Indochina Time)

eth_getTransactionReceipt
eth_getCode
eth_getTransactionReceipt
eth_getBlockByNumber
eth_gasPrice
eth_sendTransaction

  Transaction: 0x564279a12ea33e6ce28d25e38c70526723cd1678ffa5f1e262650d9df1545ec8
  Gas usage: 21055
  Block number: 2
  Block time: Fri May 08 2026 01:50:02 GMT+0700 (Indochina Time)

eth_getTransactionReceipt
eth_blockNumber
evm_mine
eth_blockNumber
evm_mine
eth_blockNumber
evm_mine
eth_blockNumber
evm_mine
eth_blockNumber
net_version
eth_getBlockByNumber
eth_estimateGas
eth_getBlockByNumber
eth_gasPrice
eth_sendTransaction

  Transaction: 0xe2ce02c50c4da84506e8526e33966de7b36a55889a915eb6ee6d8d6a14ad9e01
  Gas usage: 59561
  Block number: 7
  Block time: Fri May 08 2026 01:50:02 GMT+0700 (Indochina Time)

eth_getTransactionReceipt
eth_blockNumber
eth_getBalance
eth_getTransactionByHash
debug_traceTransaction
eth_getTransactionByHash
debug_traceTransaction
eth_getTransactionByHash
debug_traceTransaction

Received shutdown signal: SIGTERM
Shutting down…
Server has been shut down
