ganache v7.9.2 (@ganache/cli: 0.10.2, @ganache/core: 0.10.2)
Starting RPC server

Available Accounts
==================
(0) 0x1e23C7b9D4f90A91F9ff02Db15A6Dd42b71202F1 (1000 ETH)
(1) 0xc95F4229Da7133E54aFa0875823d13A5a4a556d0 (1000 ETH)
(2) 0xe1D7018D99A955d4e14D2db9cF728CA0b7472f98 (1000 ETH)
(3) 0x38EbbEF116c16D775156Bf54F5bfAEAf695f1EBE (1000 ETH)
(4) 0x3652Fed095eaDeD2902558a6b0922160E4B357fc (1000 ETH)
(5) 0x064E1deB9Fc729750413C5bC10331F158E1fCe9d (1000 ETH)
(6) 0x8CA7b14221638581eb04Fa680a6407F276C9B05a (1000 ETH)
(7) 0xff2Fb18876a978040cc17C9c9085F15fE910cD8a (1000 ETH)
(8) 0xBFF9E081C0D406F726bFc2aCec3a5E99a145B042 (1000 ETH)
(9) 0x34dD8F31Eb316c4582D8d86B3Ed9D440a6998cB7 (1000 ETH)

Private Keys
==================
(0) 0x3ba4383f07544682ce5450f3e33c25c3c0676ba066af27055a31a030fa0fe4cc
(1) 0x1f90f991acb163087f99dfe2c1749aa8eb9719f6c85c9fb8571698fe32c9cbb9
(2) 0xe0d19df7484a164d0e75e554cae80d612ccc7561a39e6d04c58f985da7712555
(3) 0xd669d21f8a93a48c1beb58e582efa3b859177a94d8ee73db89bbacafbba00e84
(4) 0x2ca69bc97de7ec520efba771d0acb3125d55f0188da1d1a3f9d14f789fa906f2
(5) 0xf59a09ca3a6a2ef861455af8fefc7e4f8c78583dbd91b3334128029b6175732e
(6) 0x18a2ba8861dcf525d7a810be1a8a5c3785c69c4d44b5a5029c1ba0807d27952d
(7) 0x396796269c7faa2d24a304da20b3d8bebb3f85f1154df3467b05227aa59f30ab
(8) 0xe4569d4ffa6ef6cdbd8eeef8a2e5c297a20ea34c4b838b8c6358d1fb89e89f32
(9) 0xcd4ca9268ce0bdbfbb714ae338eb527e4e6e59dc94578a65fe9dea494365efa4

HD Wallet
==================
Mnemonic:      chicken art dawn blame critic range scale nose item museum famous castle
Base HD Path:  m/44'/60'/0'/0/{account_index}

Default Gas Price
==================
2000000000

BlockGas Limit
==================
30000000

Call Gas Limit
==================
50000000

Chain
==================
Hardfork: shanghai
Id:       1337

RPC Listening on 127.0.0.1:8545
web3_clientVersion
eth_blockNumber
net_version
eth_accounts
eth_accounts
eth_blockNumber
net_version
eth_getBlockByNumber
eth_estimateGas
eth_getBlockByNumber
eth_gasPrice
eth_sendTransaction

  Transaction: 0x7d9c33917cec496f49feb051daa23a4c72aaf9f84d342ffbf2dbe44c5c383f4d
  Contract created: 0xf680f59a35d05e1acd77225582836c7513ef0a6b
  Gas usage: 1285286
  Block number: 1
  Block time: Fri May 08 2026 02:52:24 GMT+0700 (Indochina Time)

eth_getTransactionReceipt
eth_getCode
eth_getTransactionReceipt
eth_getBlockByNumber
eth_gasPrice
eth_sendTransaction

  Transaction: 0xec2c39ebd34dd49f26f422267bcfcd19b0b39eaabb6e7f6bd219f85852f1979b
  Gas usage: 21055
  Block number: 2
  Block time: Fri May 08 2026 02:52:24 GMT+0700 (Indochina Time)

eth_getTransactionReceipt
net_version
eth_getBlockByNumber
eth_estimateGas
eth_getBlockByNumber
eth_gasPrice
eth_sendTransaction

  Transaction: 0x834ee707ea028948e363d7370bfd08522530ee91af59ac8ea0a7ad2fc50e8a83
  Gas usage: 75948
  Block number: 3
  Block time: Fri May 08 2026 02:52:24 GMT+0700 (Indochina Time)

eth_getTransactionReceipt
eth_blockNumber
eth_getBalance
eth_getTransactionByHash
debug_traceTransaction
eth_getTransactionByHash
debug_traceTransaction
eth_getTransactionByHash
debug_traceTransaction

Received shutdown signal: SIGTERM
Shutting down…
Server has been shut down
