ganache v7.9.2 (@ganache/cli: 0.10.2, @ganache/core: 0.10.2)
Starting RPC server

Available Accounts
==================
(0) 0xa355C83dde53bD9934627D935e4E144A7f8dfC61 (1000 ETH)
(1) 0x9C2B3Dd2da949c88ed300527b8141ac0B9868cab (1000 ETH)
(2) 0x676b2D94190adFBAAe2F3487973A25081239B68B (1000 ETH)
(3) 0x0441C2Ec350152dc5A1bf1a5386ae9a39f360D5a (1000 ETH)
(4) 0xcDE5a94DB7dB4fA7dA14613B731523778697404b (1000 ETH)
(5) 0xe8548A6b564d53923B589c9c754F6d1d662182eA (1000 ETH)
(6) 0x69C936D9457a2C78A3Ab46d8D112a909dEeF5359 (1000 ETH)
(7) 0x20D552394d04FFea057E8B7c498462a58CF2E08c (1000 ETH)
(8) 0x25099359D867b099E15F546b132E60EEC2154f15 (1000 ETH)
(9) 0xE2a0887b799BF8C9F91D0614fCc0B7B7DD385993 (1000 ETH)

Private Keys
==================
(0) 0x3b6b1a99164716e81d98b78dac306b8598e2d5e1c966383ca28ccc75e2b2f03d
(1) 0xff71d1bc0ba70ef6482029ad343517c274b918200b79d74371f283b1686b98bc
(2) 0xf9c50a23e5c0249f6f03375303d37a066820470cbb5ae049e66dacf4a6cab789
(3) 0x640befbc1633a168750cd924e5cbd32be0aa424c9d69592e1b060baa526b004c
(4) 0xc462b3f09cc0896f202a3782df3eca282b54c552ba7dfd052cdf1e98b0a6286b
(5) 0xe2d70004ce2c13b88b2b5643672842b3ef0d05765220cb8573710482199d826a
(6) 0xae03c8d8ea6b72ba6d1d0151da8eb7b04927fa75fa2b6f30064e38e90d979412
(7) 0xf8e822e31e4b76e37d3c9abf103dc4f0fc25958f86d0a85a54f3b00de97d17c9
(8) 0xac6bd72604cd063c91b8e43bdd7ab705e55b3fb21341dcbf0e19fabeb7b82d89
(9) 0xdd30635f2619796c9bde830e053ff5690f4318de6502272adf26200bcccccb5b

HD Wallet
==================
Mnemonic:      tissue crane media gadget lumber snake library snack fruit cattle defy fatigue
Base HD Path:  m/44'/60'/0'/0/{account_index}

Default Gas Price
==================
2000000000

BlockGas Limit
==================
30000000

Call Gas Limit
==================
50000000

Chain
==================
Hardfork: shanghai
Id:       1337

RPC Listening on 127.0.0.1:8545
web3_clientVersion
eth_blockNumber
net_version
eth_accounts
eth_accounts
eth_blockNumber
net_version
eth_getBlockByNumber
eth_estimateGas
eth_getBlockByNumber
eth_gasPrice
eth_sendTransaction

  Transaction: 0xa3c7b86c268fb39b26d6d058c0d0eca8cb707c3f4bdc8d81a650567af348da92
  Contract created: 0xfe9f5a5b7eea0b9438bdb84eecc008311b7e0215
  Gas usage: 1123899
  Block number: 1
  Block time: Fri May 08 2026 02:32:14 GMT+0700 (Indochina Time)

eth_getTransactionReceipt
eth_getCode
eth_getTransactionReceipt
eth_getBlockByNumber
eth_gasPrice
eth_sendTransaction

  Transaction: 0xd7c55854fa3e3187aab967583b8adcb001b8d715b768282bf5802405308dc54b
  Gas usage: 21055
  Block number: 2
  Block time: Fri May 08 2026 02:32:14 GMT+0700 (Indochina Time)

eth_getTransactionReceipt
net_version
eth_getBlockByNumber
eth_estimateGas
eth_getBlockByNumber
eth_gasPrice
eth_sendTransaction

  Transaction: 0x84a3fa532153dcdab9ef4a6eabc34c06cf11cd46e0fb6e1e73e2dcdea73abb09
  Gas usage: 68747
  Block number: 3
  Block time: Fri May 08 2026 02:32:14 GMT+0700 (Indochina Time)

eth_getTransactionReceipt
eth_blockNumber
eth_getBalance
eth_getTransactionByHash
debug_traceTransaction
eth_getTransactionByHash
debug_traceTransaction
eth_getTransactionByHash
debug_traceTransaction

Received shutdown signal: SIGTERM
Shutting down…
Server has been shut down
