COMMAND: python3 experiments/scale_trace/scripts/trace_result_json.py /home/aothuatgiadp/blockchain/project/CTLC-Implementation/experiments/scale_trace/runs/random_v1_281/D-_E_evm_fund_de_CTLCOnly_worst_claim/result.json /home/aothuatgiadp/blockchain/project/CTLC-Implementation/experiments/scale_trace/runs/random_v1_281/D-_E_evm_fund_de_CTLCOnly_worst_claim/trace.json
STATUS: 0

STDOUT:
{
  "graph_id": "",
  "pair": "D->E|evm|fund:de",
  "contract": "CTLCOnly",
  "scenario": "worst_claim",
  "contractAddress": "0xE6FE2FdFAa6151c90BE0a6F7B25C7335a7C98403",
  "traces": {
    "deploy": {
      "tx_hash": "0x492966e3b0bd98ba76acc4f8a8a107fb3724c443d323918232a6f6e0d1895ccc",
      "actual_calldata_bytes": 7347,
      "actual_sstore_count": 15,
      "actual_call_count": 0,
      "opcode_steps": 2264
    },
    "fund": {
      "tx_hash": "0x040fb2b4cbda70266d385eda44064897da426fae3db8d41657c22dc495b414f7",
      "actual_calldata_bytes": 0,
      "actual_sstore_count": 0,
      "actual_call_count": 0,
      "opcode_steps": 13
    },
    "disable_level0": {
      "tx_hash": "0xd29946702e5511309a00e84775b52dac5bc5c4cfc2e4f4402b937cd07b361432",
      "actual_calldata_bytes": 36,
      "actual_sstore_count": 1,
      "actual_call_count": 0,
      "opcode_steps": 305
    },
    "claim_level1": {
      "tx_hash": "0x6ef7e324750cf2e9c0455d4d1855a79bbb423fc45fe820c0d4c0a3e6cd6454d8",
      "actual_calldata_bytes": 484,
      "actual_sstore_count": 1,
      "actual_call_count": 1,
      "opcode_steps": 1816
    }
  }
}


STDERR:

