COMMAND: python3 experiments/scale_trace/scripts/trace_result_json.py /home/aothuatgiadp/blockchain/project/CTLC-Implementation/experiments/scale_trace/runs/random_v1_125/B-_D_evm_fund_bd_CTLCMultipleEdges_refund/result.json /home/aothuatgiadp/blockchain/project/CTLC-Implementation/experiments/scale_trace/runs/random_v1_125/B-_D_evm_fund_bd_CTLCMultipleEdges_refund/trace.json
STATUS: 0

STDOUT:
{
  "graph_id": "",
  "pair": "B->D|evm|fund:bd",
  "contract": "CTLCMultipleEdges",
  "scenario": "refund",
  "contractAddress": "0xe6c4A890DE1138a5d1A3a4038e1C22bcDe400f52",
  "traces": {
    "deploy": {
      "tx_hash": "0x6909305bfa804bafd366ee89cd5119bb262b19d9bed739aae8d06473791c1f6b",
      "actual_calldata_bytes": 7945,
      "actual_sstore_count": 17,
      "actual_call_count": 0,
      "opcode_steps": 2512
    },
    "fund": {
      "tx_hash": "0x5a586b3ea4a7872fd49e73cc035b79e2c1ce00ec37eda17670b3014511ae75d9",
      "actual_calldata_bytes": 0,
      "actual_sstore_count": 0,
      "actual_call_count": 0,
      "opcode_steps": 13
    },
    "refund_level0": {
      "tx_hash": "0xf5cfd77e7fafb7bbf3f2ed756313022d2533788fa1393aa06dbfff38568e95db",
      "actual_calldata_bytes": 4,
      "actual_sstore_count": 1,
      "actual_call_count": 1,
      "opcode_steps": 224
    }
  }
}


STDERR:

