COMMAND: python3 experiments/scale_trace/scripts/trace_result_json.py /home/aothuatgiadp/blockchain/project/CTLC-Implementation/experiments/scale_trace/runs/random_v1_203/D-_E_evm_fund_de_CTLCMultipleEdges_refund/result.json /home/aothuatgiadp/blockchain/project/CTLC-Implementation/experiments/scale_trace/runs/random_v1_203/D-_E_evm_fund_de_CTLCMultipleEdges_refund/trace.json
STATUS: 0

STDOUT:
{
  "graph_id": "",
  "pair": "D->E|evm|fund:de",
  "contract": "CTLCMultipleEdges",
  "scenario": "refund",
  "contractAddress": "0x12640eFd8AF1402d75Bf5F1bF07db40847dB2d27",
  "traces": {
    "deploy": {
      "tx_hash": "0xbd510425b9e82731fef45a25cf711812eda7e25d33a094a6b51c1b0a6ffb0349",
      "actual_calldata_bytes": 7817,
      "actual_sstore_count": 13,
      "actual_call_count": 0,
      "opcode_steps": 2160
    },
    "fund": {
      "tx_hash": "0x95ea86cbbf8f5168a2ed4a43de91f453901c3ed526e27fac7b1f98976e7fbb4d",
      "actual_calldata_bytes": 0,
      "actual_sstore_count": 0,
      "actual_call_count": 0,
      "opcode_steps": 13
    },
    "refund_level0": {
      "tx_hash": "0x1787757ecf771ca97f6fd3431715149a2b49e90a7e31ae01d1af1015b0fd93e0",
      "actual_calldata_bytes": 4,
      "actual_sstore_count": 1,
      "actual_call_count": 1,
      "opcode_steps": 224
    }
  }
}


STDERR:

