Using network 'development'.

{
  "ok": true,
  "graph_id": "",
  "pair": "E->B|evm|fund:eb",
  "pairKey": "E->B|evm|fund:eb",
  "contract": "CTLCMultipleEdges",
  "scenario": "worst_claim",
  "deployGas": "0x1938b4",
  "gasUsed": "84598",
  "disableGasUsed": "0",
  "claimGasUsed": "84598",
  "refundGasUsed": "",
  "contractAddress": "0x3524166756863EAA6cDd9cbf8F804Bf907db6D70",
  "startBlock": "0",
  "endBlock": "3",
  "finalContractBalanceWei": "0",
  "deployer": "0x57461A922DC6635846157c3B641B3b585f38a308",
  "party": "0xD1aa7966c43679341AB29b80F72d6319E8d2010c",
  "counterparty": "0xCa0B279A9E8b1010E547eDd6E6D54f31ac8443E4",
  "fundingWei": "1000000000000000000",
  "timelocks": [
    10
  ],
  "transactions": [
    {
      "role": "deploy",
      "txHash": "0xa04847756da9ecbf53bc165cd6e545028da8343840efc84bddbecf6e1eda39cc"
    },
    {
      "role": "fund",
      "txHash": "0x713db90e62450e5c7a8ddb1c52dd3465f0c01c5a1e57f746b23966e8180763bb"
    },
    {
      "role": "claim",
      "txHash": "0xdd76c0cb92978a61672d043340b226c865a80440db14784e15a60962dbb9531c",
      "level": 0,
      "option": 0
    }
  ],
  "txRoles": [
    {
      "role": "deploy",
      "txHash": "0xa04847756da9ecbf53bc165cd6e545028da8343840efc84bddbecf6e1eda39cc"
    },
    {
      "role": "fund",
      "txHash": "0x713db90e62450e5c7a8ddb1c52dd3465f0c01c5a1e57f746b23966e8180763bb"
    },
    {
      "role": "claim",
      "txHash": "0xdd76c0cb92978a61672d043340b226c865a80440db14784e15a60962dbb9531c",
      "level": 0,
      "option": 0
    }
  ],
  "deployTxHash": "0xa04847756da9ecbf53bc165cd6e545028da8343840efc84bddbecf6e1eda39cc",
  "fundTxHash": "0x713db90e62450e5c7a8ddb1c52dd3465f0c01c5a1e57f746b23966e8180763bb",
  "claimTxHash": "0xdd76c0cb92978a61672d043340b226c865a80440db14784e15a60962dbb9531c",
  "txHash": "0xdd76c0cb92978a61672d043340b226c865a80440db14784e15a60962dbb9531c",
  "tx": "0xdd76c0cb92978a61672d043340b226c865a80440db14784e15a60962dbb9531c"
}
