ganache v7.9.2 (@ganache/cli: 0.10.2, @ganache/core: 0.10.2)
Starting RPC server

Available Accounts
==================
(0) 0x64817FBDc27465987e6652b0D3e23635Bc53B656 (1000 ETH)
(1) 0xbC1C2627595e6D40D3302B7C5a1bc5B5c9e78c6F (1000 ETH)
(2) 0x8ed3fa47F55D784D9B1754f4Ed506F92E68B5720 (1000 ETH)
(3) 0xAbFe589F830EfF3E0C1fEBF748621e85D743930f (1000 ETH)
(4) 0xDFaa6f0682404D80aF5EF491441C8b2B1638e1Cc (1000 ETH)
(5) 0x2DeBe0316629e7ED708DD2944Dd0293f293b6Cd3 (1000 ETH)
(6) 0xc886893eC52B7B734A20c894d7A443213c6cA59A (1000 ETH)
(7) 0xD19FB97a6F00E5d112276A3d7274AD8d72B810EF (1000 ETH)
(8) 0x83C7461AC630a02Ef51695C6687B033F7eB41c64 (1000 ETH)
(9) 0x22c1370BD457f7Eded370fD2147568203985dE06 (1000 ETH)

Private Keys
==================
(0) 0x7f9d3b4812f8e7d376e68cb4393372a08f4462072f29532a776de5821502c5de
(1) 0x16d3dbb551c7338ef997705474594af323523b94d4f95c23ed7f35d06aa42384
(2) 0x204262a996ab96cc8b73db7aba439875e3a32977ad81547f478f61568fcfc693
(3) 0x56fa3237839036c138a1db5db85e02ef1ede30e60aa17b76daecafa9db7e154b
(4) 0x13eff3f88b6ae6c73c1ff95dc1c69c2631e061a619f9a1663753d4a98980caa5
(5) 0x24388b3ba3930dcb3b408364cc1ce2eab57469c2b85b6f995da2d78bb7198db6
(6) 0x18fead194806d312b45aa846ad5c9a8925b561efa2d456f71e3edda02b321b8e
(7) 0x67f7cba5db71e71a1f81afdd585b6ce1fe0e30917981341c10628d3ad2e543fe
(8) 0x6985de3cceec650e5bc4bca2540d52a82445b25328d65958d25e9ac761292209
(9) 0x5a7d5d3cbce025fa1f7596f546d69e0e152511390ee9027ba15f576b37d02251

HD Wallet
==================
Mnemonic:      marble faint grit hungry deer element guitar stadium duty pole nothing apart
Base HD Path:  m/44'/60'/0'/0/{account_index}

Default Gas Price
==================
2000000000

BlockGas Limit
==================
30000000

Call Gas Limit
==================
50000000

Chain
==================
Hardfork: shanghai
Id:       1337

RPC Listening on 127.0.0.1:8545
web3_clientVersion
eth_blockNumber
net_version
eth_accounts
eth_accounts
eth_blockNumber
net_version
eth_getBlockByNumber
eth_estimateGas
eth_getBlockByNumber
eth_gasPrice
eth_sendTransaction

  Transaction: 0xc6b535731ef6a0405fbb99a3c91379e4f1bc254812bd5e686226d7ff0751a822
  Contract created: 0x5ea2ae7a69a06164ee05a066c3e9cc6566587eb1
  Gas usage: 1100987
  Block number: 1
  Block time: Fri May 08 2026 01:32:12 GMT+0700 (Indochina Time)

eth_getTransactionReceipt
eth_getCode
eth_getTransactionReceipt
eth_getBlockByNumber
eth_gasPrice
eth_sendTransaction

  Transaction: 0x505c2aa4c2942a324e8ef7d291d9c096aab28d48158cc714bcdf7148195c9a13
  Gas usage: 21055
  Block number: 2
  Block time: Fri May 08 2026 01:32:12 GMT+0700 (Indochina Time)

eth_getTransactionReceipt
net_version
eth_getBlockByNumber
eth_estimateGas
eth_getBlockByNumber
eth_gasPrice
eth_sendTransaction

  Transaction: 0xabdee677f83fd29d283f28b16d1936435a1c88a36e3a04c37c86e09963f75cf0
  Gas usage: 64620
  Block number: 3
  Block time: Fri May 08 2026 01:32:12 GMT+0700 (Indochina Time)

eth_getTransactionReceipt
eth_blockNumber
eth_getBalance
eth_getTransactionByHash
debug_traceTransaction
eth_getTransactionByHash
debug_traceTransaction
eth_getTransactionByHash
debug_traceTransaction

Received shutdown signal: SIGTERM
Shutting down…
Server has been shut down
