Using network 'development'.

{
  "ok": true,
  "graph_id": "",
  "pair": "C->D|evm|fund:cd",
  "pairKey": "C->D|evm|fund:cd",
  "contract": "CTLCMultipleEdges",
  "scenario": "refund",
  "deployGas": "0x1b53a3",
  "gasUsed": "59539",
  "disableGasUsed": "0",
  "claimGasUsed": "",
  "refundGasUsed": "59539",
  "contractAddress": "0xA7277BD94B6452058D033F312465a7BB897DFF39",
  "startBlock": "0",
  "endBlock": "11",
  "finalContractBalanceWei": "0",
  "deployer": "0xaFc8A224266c3F81aabFdaAa7e64E7E9b2bF7f15",
  "party": "0xace7e2D06eC721D6C9161A5bE22f637d1A7abF33",
  "counterparty": "0xB7c89f25E4487A6889a5f0479616602e7c18166e",
  "fundingWei": "1000000000000000000",
  "timelocks": [
    10
  ],
  "transactions": [
    {
      "role": "deploy",
      "txHash": "0x5bd83fdc713e90777f019f45e0dcb509797f17ebeb4e0f2e05f99ae9ea4ebf7b"
    },
    {
      "role": "fund",
      "txHash": "0x9373635390a78fe724adba1d188d18e27ef4ae3bb738e79583ca9d55d9f3007e"
    },
    {
      "role": "refund",
      "txHash": "0x8fe0765bffe1d5dfb3a7bde6a54b8ece4fc142b22a578da4e28edfb0992dbda0",
      "level": 0
    }
  ],
  "txRoles": [
    {
      "role": "deploy",
      "txHash": "0x5bd83fdc713e90777f019f45e0dcb509797f17ebeb4e0f2e05f99ae9ea4ebf7b"
    },
    {
      "role": "fund",
      "txHash": "0x9373635390a78fe724adba1d188d18e27ef4ae3bb738e79583ca9d55d9f3007e"
    },
    {
      "role": "refund",
      "txHash": "0x8fe0765bffe1d5dfb3a7bde6a54b8ece4fc142b22a578da4e28edfb0992dbda0",
      "level": 0
    }
  ],
  "deployTxHash": "0x5bd83fdc713e90777f019f45e0dcb509797f17ebeb4e0f2e05f99ae9ea4ebf7b",
  "fundTxHash": "0x9373635390a78fe724adba1d188d18e27ef4ae3bb738e79583ca9d55d9f3007e",
  "refundTxHash": "0x8fe0765bffe1d5dfb3a7bde6a54b8ece4fc142b22a578da4e28edfb0992dbda0",
  "refundTx": "0x8fe0765bffe1d5dfb3a7bde6a54b8ece4fc142b22a578da4e28edfb0992dbda0"
}
