COMMAND: python3 experiments/scale_trace/scripts/trace_result_json.py /home/aothuatgiadp/blockchain/project/CTLC-Implementation/experiments/scale_trace/runs/random_v1_300/E-_F_evm_fund_ef_CTLCOnly_worst_claim/result.json /home/aothuatgiadp/blockchain/project/CTLC-Implementation/experiments/scale_trace/runs/random_v1_300/E-_F_evm_fund_ef_CTLCOnly_worst_claim/trace.json
STATUS: 0

STDOUT:
{
  "graph_id": "",
  "pair": "E->F|evm|fund:ef",
  "contract": "CTLCOnly",
  "scenario": "worst_claim",
  "contractAddress": "0x5E0D76fAb6F06253E437337B1541D02A52A42473",
  "traces": {
    "deploy": {
      "tx_hash": "0x0c897cf03b807f22c547aaa00c4d573f30c07efa42af4229fe7d97301ffc5289",
      "actual_calldata_bytes": 7155,
      "actual_sstore_count": 10,
      "actual_call_count": 0,
      "opcode_steps": 1462
    },
    "fund": {
      "tx_hash": "0x07030ce38b9ec729f46f5386c8bb00c6f3c9ba4294493c185cbe3904467a8e80",
      "actual_calldata_bytes": 0,
      "actual_sstore_count": 0,
      "actual_call_count": 0,
      "opcode_steps": 13
    },
    "claim_level0": {
      "tx_hash": "0xe8b0db543e6414068eac51395665ad6c1d1d0774f6101d007ad2018c0f823cc0",
      "actual_calldata_bytes": 388,
      "actual_sstore_count": 1,
      "actual_call_count": 1,
      "opcode_steps": 1475
    }
  }
}


STDERR:

