ganache v7.9.2 (@ganache/cli: 0.10.2, @ganache/core: 0.10.2)
Starting RPC server

Available Accounts
==================
(0) 0x1EF75Ab510a61F66828b47E3c257B4a9757AF911 (1000 ETH)
(1) 0x95c123C1a1F69a6E37Fc6581aedB43ed23c2045C (1000 ETH)
(2) 0xd638B0D8B0a50f72508D786BDa19Baa64bdaabb4 (1000 ETH)
(3) 0x32a4e692fb578A23953aEEb9d61186E98759069E (1000 ETH)
(4) 0x3634314592Ec9b847cDa607d273E17288a62Ab69 (1000 ETH)
(5) 0xF42DA1DEe408bA065083BEC6a531A59e243Eb3c0 (1000 ETH)
(6) 0x8D67bEe53aFe6fEE35dA898955909aFBa21B2591 (1000 ETH)
(7) 0xfF83FfBaE1C1b1941280b56eDe5050Fe8FEd04D4 (1000 ETH)
(8) 0x40e7Cf82C2Bd80eEA75e69190E8FA89f6147CC26 (1000 ETH)
(9) 0xFF20023b8147634eEFE499401b5272d4B42714c9 (1000 ETH)

Private Keys
==================
(0) 0x88742863cfeeb6a128b2451762e97dca983845dfc7ae559f85e3c6ee619f6968
(1) 0x001edd18c1fe5d08b0b0890452dfe597e4cca9ddfc7b3e983d3beb5043fb86bd
(2) 0x11f1d7241de8c0e550b3c21e7fa5d6f907ac1e7416388b14c7712146823cf980
(3) 0x110b13772fd44319448c458f9b3cd27916e1b7818a7782a4359443b035a903ea
(4) 0x7b1c06c87ea13fdcaa72342a2289b9934f90e8852efb4c1f66c7d3b1294dea8f
(5) 0x09eb497004481701f6ff8a4ad87f196661e1f785bbd4eebef473b6a993650a5a
(6) 0x90b6c0285617057755ccba74a45e9978b8c1ede7694e3611dcec878359fa46e5
(7) 0xadac668614992510962eecd018941cc7e4296e8557da29c5a841a3e625c9520e
(8) 0xb4f26ab00490bdd96d77ce0c79ce3a29a8e3479d106b37aa3a2bfa26a365315c
(9) 0xd648eb59f67b9812f26ee6a300ee4170414f5d7de780dc0a8a5512d7bcaaccb3

HD Wallet
==================
Mnemonic:      broken useless today chuckle puzzle wasp apart brown rhythm melody estate close
Base HD Path:  m/44'/60'/0'/0/{account_index}

Default Gas Price
==================
2000000000

BlockGas Limit
==================
30000000

Call Gas Limit
==================
50000000

Chain
==================
Hardfork: shanghai
Id:       1337

RPC Listening on 127.0.0.1:8545
web3_clientVersion
eth_blockNumber
net_version
eth_accounts
eth_accounts
eth_blockNumber
net_version
eth_getBlockByNumber
eth_estimateGas
eth_getBlockByNumber
eth_gasPrice
eth_sendTransaction

  Transaction: 0xdeaea940b59bfb8a9503eee5f7109c128d65e6c4ac545042df6bdc6e8db7ba84
  Contract created: 0x302353528f219017f16a7f9e2a56bf0ff7ed1e57
  Gas usage: 1100987
  Block number: 1
  Block time: Fri May 08 2026 03:11:53 GMT+0700 (Indochina Time)

eth_getTransactionReceipt
eth_getCode
eth_getTransactionReceipt
eth_getBlockByNumber
eth_gasPrice
eth_sendTransaction

  Transaction: 0xcb66015d506bdad3c971a2c075a5976c2fdc70c973555d891d1a1bd13be56fd9
  Gas usage: 21055
  Block number: 2
  Block time: Fri May 08 2026 03:11:53 GMT+0700 (Indochina Time)

eth_getTransactionReceipt
net_version
eth_getBlockByNumber
eth_estimateGas
eth_getBlockByNumber
eth_gasPrice
eth_sendTransaction

  Transaction: 0xf513113f26345283743951d1c9792090b13d8fa7aa082f62b9b5aa680a9e2cac
  Gas usage: 64620
  Block number: 3
  Block time: Fri May 08 2026 03:11:53 GMT+0700 (Indochina Time)

eth_getTransactionReceipt
eth_blockNumber
eth_getBalance
eth_getTransactionByHash
debug_traceTransaction
eth_getTransactionByHash
debug_traceTransaction
eth_getTransactionByHash
debug_traceTransaction

Received shutdown signal: SIGTERM
Shutting down…
Server has been shut down
