ganache v7.9.2 (@ganache/cli: 0.10.2, @ganache/core: 0.10.2)
Starting RPC server

Available Accounts
==================
(0) 0x5a30fc10DEA967c7d65c799b933fb582a40C7260 (1000 ETH)
(1) 0x95C492515eB79B2e3Ac61F8B0412e3caf91907C5 (1000 ETH)
(2) 0xFCa4a6a694c1E6dCc4590F6ea18DF987dbc29C79 (1000 ETH)
(3) 0xDed5f45Ade1200a88351CCe845E5bEa83e956aA8 (1000 ETH)
(4) 0x9B5EE6763718Ba1571357572B84F6Bbf99F8F441 (1000 ETH)
(5) 0xBBeDf802b865Fc16E82B658dB477176BA38b02c0 (1000 ETH)
(6) 0x878f8630BA975863860619f4082E8fEA720CBcD3 (1000 ETH)
(7) 0x0Ea90a1DC3d683594362676597C3a2ba31C507f5 (1000 ETH)
(8) 0x075732F86d7D91F6B2D2F3d6145B2104AD1990Bf (1000 ETH)
(9) 0x1cE160a54570E6C4d519538244c9a9c7AdB97A3c (1000 ETH)

Private Keys
==================
(0) 0x797aae6c53c75aa378afb643809caa3c71f1003ac610940af4d08f505f0ac839
(1) 0xbb699e9265f891f5c8dd9f6b8a3f572208fe8b1c9ae1a1d2530c71948bfeb103
(2) 0x2c6a6d93bba2b8da0cbaf516eb3b6bc14ac166382e7146c885bf1a42d96649f7
(3) 0x973e42fa46e69c8f5eacc6de9a1afb51ca54af2cdad543cc3a3a6ba6ad12fc22
(4) 0xf9584038301ed4700a4d4fc340845c3b1751a0f0f05c85fa0c7c7997c9ca862d
(5) 0x3c2c762e98135393bfb30432fc04f5fae6706dcb49d51e71ea37e4f380259616
(6) 0x21cfd755dede3f31b10981dfe21657e08edebf588161cd3a5d4a70ba5ef401d4
(7) 0x6fe44d7acfd2e2d527d3bf131d10a0c7af3b5b5e29c18ce81efeb7563d5f6bd8
(8) 0x2f7b433a4ddd71c9650e482a881c41f00dfb0afd980972f4ae0e31e1e3f1effc
(9) 0xab86689af68b57f0bb49428bc8dbe53915ccc2e651a7d0f9d5430b03b10918af

HD Wallet
==================
Mnemonic:      hello jazz crisp scissors sting west brave make gauge veteran gloom trap
Base HD Path:  m/44'/60'/0'/0/{account_index}

Default Gas Price
==================
2000000000

BlockGas Limit
==================
30000000

Call Gas Limit
==================
50000000

Chain
==================
Hardfork: shanghai
Id:       1337

RPC Listening on 127.0.0.1:8545
web3_clientVersion
eth_blockNumber
net_version
eth_accounts
eth_accounts
eth_blockNumber
net_version
eth_getBlockByNumber
eth_estimateGas
eth_getBlockByNumber
eth_gasPrice
eth_sendTransaction

  Transaction: 0xb8117eb84de69edc718a6da7527522a97643ebf792c417cefb479808714f3697
  Contract created: 0x84798622b7b49ea388b860ab050f7af0132d4dbd
  Gas usage: 1100987
  Block number: 1
  Block time: Thu May 07 2026 21:02:27 GMT+0700 (Indochina Time)

eth_getTransactionReceipt
eth_getCode
eth_getTransactionReceipt
eth_getBlockByNumber
eth_gasPrice
eth_sendTransaction

  Transaction: 0xbe2786839eb8b7da5b5d2a21e5d07cf74caf0af60cad3fa8cb1ba1cf474c5eba
  Gas usage: 21055
  Block number: 2
  Block time: Thu May 07 2026 21:02:27 GMT+0700 (Indochina Time)

eth_getTransactionReceipt
net_version
eth_getBlockByNumber
eth_estimateGas
eth_getBlockByNumber
eth_gasPrice
eth_sendTransaction

  Transaction: 0x30eed1508bfd816d5801266936381b497c1196ffaa6fff291d95b09e84a01b7c
  Gas usage: 64620
  Block number: 3
  Block time: Thu May 07 2026 21:02:27 GMT+0700 (Indochina Time)

eth_getTransactionReceipt
eth_blockNumber
eth_getBalance
eth_getTransactionByHash
debug_traceTransaction
eth_getTransactionByHash
debug_traceTransaction
eth_getTransactionByHash
debug_traceTransaction

Received shutdown signal: SIGTERM
Shutting down…
Server has been shut down
