ganache v7.9.2 (@ganache/cli: 0.10.2, @ganache/core: 0.10.2)
Starting RPC server

Available Accounts
==================
(0) 0x2EC43f160e0Efd1788b98870bc45045707917879 (1000 ETH)
(1) 0x9f686d23708e31Ed1402840b6E63EF09F38C282a (1000 ETH)
(2) 0x14D36f4B54ac73E70970De6aab27da7C57425024 (1000 ETH)
(3) 0xE40791c4B66F71BB2953112bB8334A27cC7B2d24 (1000 ETH)
(4) 0x86FC92020705556370F90fA2150c3F47f9F9df5C (1000 ETH)
(5) 0x7C85EbfDF55181D7EfFa4aE24c61ABEA012032a2 (1000 ETH)
(6) 0xb8f0e6B8D5e670325EB41381C2aB6d692d41e5F1 (1000 ETH)
(7) 0xAD7a639d4c0CDd3cA78732eB3f09192Ff19B677C (1000 ETH)
(8) 0x14d0E7CD8b737Df0BC13a2eb47280FdB789111b3 (1000 ETH)
(9) 0x4dFa9220801b9B886bCa23021746AaFE9126053B (1000 ETH)

Private Keys
==================
(0) 0x2ebb80980ba946eae65e90c1c1754c4270140a956cf6e0340f811791803b0f62
(1) 0x43b9eb2f391823d64d7ec3e261a5d3a806e477818de79c79495a5e6cf6bce367
(2) 0xec272c23d083d06fba94b2aef65614eb6dfae89dfff841cb3f949decc93e1ffd
(3) 0x556a137b262f51ec52ad46191468e317df69518705a4f80121477a71697aeefb
(4) 0x7cae78474cdd5e64855f54697ef16de6270c987544c2eaaf5e865b808cc81758
(5) 0xfb26d4eafb7a685b97ddeb9d623e92c8b85169a32f7e27402ef84fb3eecde28b
(6) 0x07af1e6d2ad076bbc6e77bb86da06ea9778f5cb79485a0afc99ee2722e62de4a
(7) 0x500782906cef7f337f6a6396f8612bd41aecc1d111a437a24df39db34b4de2fd
(8) 0x0b2d3e4af3850e81d4f5f95cabb9f0b67dc1cf9a77dc4fa0eb8abf035ea1e140
(9) 0x7802a845dc320950a4377a16a20554d042bea172e4084fc6f342db5deba6f954

HD Wallet
==================
Mnemonic:      spare bundle slogan try invest peanut alarm man lock network floor lunch
Base HD Path:  m/44'/60'/0'/0/{account_index}

Default Gas Price
==================
2000000000

BlockGas Limit
==================
30000000

Call Gas Limit
==================
50000000

Chain
==================
Hardfork: shanghai
Id:       1337

RPC Listening on 127.0.0.1:8545
web3_clientVersion
eth_blockNumber
net_version
eth_accounts
eth_accounts
eth_blockNumber
net_version
eth_getBlockByNumber
eth_estimateGas
eth_getBlockByNumber
eth_gasPrice
eth_sendTransaction

  Transaction: 0x9433a2f918f90e97c6e199ec1fa9cf9a04ae14d2a2b6c4832f087cc6f956d72f
  Contract created: 0x793dbc8713816ab40c87c5b12f58ca4ac926125f
  Gas usage: 1100987
  Block number: 1
  Block time: Fri May 08 2026 03:33:16 GMT+0700 (Indochina Time)

eth_getTransactionReceipt
eth_getCode
eth_getTransactionReceipt
eth_getBlockByNumber
eth_gasPrice
eth_sendTransaction

  Transaction: 0x0b446600fe766ff4d512dd7a127e6be1cf05c0aa1b7abe6b8b398fbf707106b1
  Gas usage: 21055
  Block number: 2
  Block time: Fri May 08 2026 03:33:16 GMT+0700 (Indochina Time)

eth_getTransactionReceipt
net_version
eth_getBlockByNumber
eth_estimateGas
eth_getBlockByNumber
eth_gasPrice
eth_sendTransaction

  Transaction: 0x5f3e73e4c3c33ee314e42f6d384250d06c32d5409ab3b6cc35593759f7bfef8d
  Gas usage: 64620
  Block number: 3
  Block time: Fri May 08 2026 03:33:16 GMT+0700 (Indochina Time)

eth_getTransactionReceipt
eth_blockNumber
eth_getBalance
eth_getTransactionByHash
debug_traceTransaction
eth_getTransactionByHash
debug_traceTransaction
eth_getTransactionByHash
debug_traceTransaction

Received shutdown signal: SIGTERM
Shutting down…
Server has been shut down
