ganache v7.9.2 (@ganache/cli: 0.10.2, @ganache/core: 0.10.2)
Starting RPC server

Available Accounts
==================
(0) 0xECf63166D8eE5A478eB733eB89fdDe3dFEEC1924 (1000 ETH)
(1) 0xc3f4FF286DD5c91e8e984D207664CD3C6bc3D513 (1000 ETH)
(2) 0x84d75f2C29513286ce05ca4E52D3505cE150D71f (1000 ETH)
(3) 0x2DE8bFA4BE05c5a22118caf461661FE5731122e7 (1000 ETH)
(4) 0x1691e3fc6F31c2DcDe410257cB71121DdD088943 (1000 ETH)
(5) 0x1C70898B53C5c3e49e3544104a156D16dF5c4533 (1000 ETH)
(6) 0xcbf4Cd156E06Ac7635CCdCC838Fb159D262A4544 (1000 ETH)
(7) 0x9C76055afeEB88d52446110835ada4d8CD09D1AF (1000 ETH)
(8) 0x64e4bB039fb87967c37ca152F60764c41C0b839e (1000 ETH)
(9) 0x263d597Ff80f7B1B0723ba22C9C6d6F752294EC5 (1000 ETH)

Private Keys
==================
(0) 0x994c5aa0a0dfd14ad789078da0420a844b914bc89120022a3854b212575f0494
(1) 0xddcd02ba3e70d7aad441ae6153f80a9543a12a653a281b059e85a071126ddaa9
(2) 0x7f4b65ce7d9296c686d6104b8c2bc211d7b0f4ec4ea6d7964de65823de2b7740
(3) 0xa328fafcf3ab4a57806f175a5359992ebdb1e608022a7784300be844e686dae3
(4) 0x0c40ea5884e84505873079f983b6fcbf3cc59484914367776139d527e71d8d2f
(5) 0xc96b9b33d75f87d76ba271784240b5f79094fb492c57ecc6170b2042f399347f
(6) 0x9c26bd2379224d6cabc4a19b97409dfb74fbd068374c7ef20a5cfda454b5e9dd
(7) 0xaed15491081e816b842b862952c683f408c662c7ce65244797f54c6054494e6a
(8) 0x6cdb336690e6829bdb5112378498d071928d2b65f881598a058978c6de589d7c
(9) 0x1ae4ff01ea6e6c2e916833eb6722eb6f6d5dad9dda3920c58e3e7b61a12affc2

HD Wallet
==================
Mnemonic:      differ eagle yard egg goat oblige apology this polar table neither sock
Base HD Path:  m/44'/60'/0'/0/{account_index}

Default Gas Price
==================
2000000000

BlockGas Limit
==================
30000000

Call Gas Limit
==================
50000000

Chain
==================
Hardfork: shanghai
Id:       1337

RPC Listening on 127.0.0.1:8545
web3_clientVersion
eth_blockNumber
net_version
eth_accounts
eth_accounts
eth_blockNumber
net_version
eth_getBlockByNumber
eth_estimateGas
eth_getBlockByNumber
eth_gasPrice
eth_sendTransaction

  Transaction: 0x73730c7bd6629ac5301ab9a6ef8fbd9f7bf1609cfcbc087304386c5275b1a044
  Contract created: 0x9536aba00459afe6fdc3bca35eb64e7eefd6c08e
  Gas usage: 1100987
  Block number: 1
  Block time: Thu May 07 2026 22:30:38 GMT+0700 (Indochina Time)

eth_getTransactionReceipt
eth_getCode
eth_getTransactionReceipt
eth_getBlockByNumber
eth_gasPrice
eth_sendTransaction

  Transaction: 0xb59602e9fc05c9811884ba12d04d65b3959561a8b3c0d350692d867e49acc18f
  Gas usage: 21055
  Block number: 2
  Block time: Thu May 07 2026 22:30:38 GMT+0700 (Indochina Time)

eth_getTransactionReceipt
net_version
eth_getBlockByNumber
eth_estimateGas
eth_getBlockByNumber
eth_gasPrice
eth_sendTransaction

  Transaction: 0xd114937415f26f63fbd5d820fccd5ddd67d5ddec760acf08eff10cbfd9879a9e
  Gas usage: 64620
  Block number: 3
  Block time: Thu May 07 2026 22:30:38 GMT+0700 (Indochina Time)

eth_getTransactionReceipt
eth_blockNumber
eth_getBalance
eth_getTransactionByHash
debug_traceTransaction
eth_getTransactionByHash
debug_traceTransaction
eth_getTransactionByHash
debug_traceTransaction

Received shutdown signal: SIGTERM
Shutting down…
Server has been shut down
