ganache v7.9.2 (@ganache/cli: 0.10.2, @ganache/core: 0.10.2)
Starting RPC server

Available Accounts
==================
(0) 0x55a005a6A19668254e9191B636Ff06aBf7450361 (1000 ETH)
(1) 0xe42D130729FeC22Fa1710F91Aaa65Ef64dFa5a9c (1000 ETH)
(2) 0xDFf57A6e11f0F6c629CB6Daf4b07fb519EB76A3c (1000 ETH)
(3) 0xB5eEea6310913ACa0b309755a59aE0bf573EFC2e (1000 ETH)
(4) 0x58471D70658A33972a37B504df92bBf46768F1f5 (1000 ETH)
(5) 0x06D47C77A646720723271320950C17f38B166bFc (1000 ETH)
(6) 0x3b61bba587FC60f3323F7aF9Cdfd87E96F1A493a (1000 ETH)
(7) 0xbea322DAA732151CDe0eaFFF91b586C04BC1707E (1000 ETH)
(8) 0x5223A7Eb29A6fe91B9B4a79C41e3D9F90951fAbF (1000 ETH)
(9) 0x7b51d8F66E5D715b8aFe2A21E4c28aE4DF0DFA9c (1000 ETH)

Private Keys
==================
(0) 0xa973d2268397d5d210ee345463140da128db70f308f3d960f7c6fac5fb4fbba9
(1) 0xc63827e9e04d413f5768b427133c704e77cf516e73028dba2620e67fe2dcfd83
(2) 0xacae0215ff182fba6cdb649ce90e66e6738ab52dc698a9d28ee63e721e17fa41
(3) 0x0ede20bb9bcd3f0205d364b08e76b9766cc78263fe576072005738bf847eb1b0
(4) 0x9500dfc9c332dbedcb75477beb7860dbebdc30f16b9abb2e91a19305f35d0b6f
(5) 0x7a029021b4a07dce977a084b7bd47b950397da2b678d21cab380f2c9442a8050
(6) 0x6c8c2868a685fed50b954fdf517c9ece28d9c3ae4995bc3a5a9e288b9284bb68
(7) 0x0ad72de1ecd047be50ec6fdccb2bf1946c7cd28ed7dc4bbce9c148b5fbd59055
(8) 0x2bc47d14d387787ab0a3504481ce8c2725bf82844d122be048bc4788bd81502f
(9) 0x4baee460360cb68e6e42b2ec7ba4a7ef5d5d57be45e71472529bd4242e5b26aa

HD Wallet
==================
Mnemonic:      today quality cycle sibling net tube pill circle charge chat head journey
Base HD Path:  m/44'/60'/0'/0/{account_index}

Default Gas Price
==================
2000000000

BlockGas Limit
==================
30000000

Call Gas Limit
==================
50000000

Chain
==================
Hardfork: shanghai
Id:       1337

RPC Listening on 127.0.0.1:8545
web3_clientVersion
eth_blockNumber
net_version
eth_accounts
eth_accounts
eth_blockNumber
net_version
eth_getBlockByNumber
eth_estimateGas
eth_getBlockByNumber
eth_gasPrice
eth_sendTransaction

  Transaction: 0x4d0baccd5bf82aae51264d231b4f6aa454fd8f4a071c773198f0349a244fe0fc
  Contract created: 0xb4b4ae105ddc5c4486a5da349b854a9d6fabc94a
  Gas usage: 1538184
  Block number: 1
  Block time: Fri May 08 2026 01:31:32 GMT+0700 (Indochina Time)

eth_getTransactionReceipt
eth_getCode
eth_getTransactionReceipt
eth_getBlockByNumber
eth_gasPrice
eth_sendTransaction

  Transaction: 0x0a25a173578e38954b55b6a11656df820cd3c4f7827a6d89d759b336a6719099
  Gas usage: 21055
  Block number: 2
  Block time: Fri May 08 2026 01:31:32 GMT+0700 (Indochina Time)

eth_getTransactionReceipt
eth_blockNumber
evm_mine
eth_blockNumber
evm_mine
eth_blockNumber
evm_mine
eth_blockNumber
evm_mine
eth_blockNumber
evm_mine
eth_blockNumber
net_version
eth_getBlockByNumber
eth_estimateGas
eth_getBlockByNumber
eth_gasPrice
eth_sendTransaction

  Transaction: 0x90c5992b00fffc4872bca61a5b8adcf30479692a469d11bd7523f9e02d745900
  Gas usage: 52947
  Block number: 8
  Block time: Fri May 08 2026 01:31:32 GMT+0700 (Indochina Time)

eth_getTransactionReceipt
eth_blockNumber
net_version
eth_getBlockByNumber
eth_estimateGas
eth_getBlockByNumber
eth_gasPrice
eth_sendTransaction

  Transaction: 0xaefa2f0946a6b23751b01eee90b8ee729630f2ed23a012bd8c82cae8226ca5f0
  Gas usage: 35859
  Block number: 9
  Block time: Fri May 08 2026 01:31:32 GMT+0700 (Indochina Time)

eth_getTransactionReceipt
eth_blockNumber
net_version
eth_getBlockByNumber
eth_estimateGas
eth_getBlockByNumber
eth_gasPrice
eth_sendTransaction

  Transaction: 0x815b3cc47ea2457296f881ff1a1766c9c6eb3c2db916b7528652de6338a32d95
  Gas usage: 35859
  Block number: 10
  Block time: Fri May 08 2026 01:31:32 GMT+0700 (Indochina Time)

eth_getTransactionReceipt
eth_blockNumber
net_version
eth_getBlockByNumber
eth_estimateGas
eth_getBlockByNumber
eth_gasPrice
eth_sendTransaction

  Transaction: 0x6ef0bc1235de34904787bcc03c6cffe2171d3eaf1f5be6c25d8cdcb7483e7f78
  Gas usage: 59561
  Block number: 11
  Block time: Fri May 08 2026 01:31:32 GMT+0700 (Indochina Time)

eth_getTransactionReceipt
eth_blockNumber
eth_getBalance
eth_getTransactionByHash
debug_traceTransaction
eth_getTransactionByHash
debug_traceTransaction
eth_getTransactionByHash
debug_traceTransaction
eth_getTransactionByHash
debug_traceTransaction
eth_getTransactionByHash
debug_traceTransaction
eth_getTransactionByHash
debug_traceTransaction

Received shutdown signal: SIGTERM
Shutting down…
Server has been shut down
