Using network 'development'.

{
  "ok": true,
  "graph_id": "",
  "pair": "B->C|evm|fund:bc",
  "pairKey": "B->C|evm|fund:bc",
  "contract": "CTLCMultipleEdges",
  "scenario": "refund",
  "deployGas": "0x18e58d",
  "gasUsed": "112464",
  "disableGasUsed": "52925",
  "claimGasUsed": "",
  "refundGasUsed": "59539",
  "contractAddress": "0x6E12E763023109B02AC5BaBc9130f30Fe4f41f8b",
  "startBlock": "0",
  "endBlock": "9",
  "finalContractBalanceWei": "0",
  "deployer": "0xcB0F24eb9feC14a729Aa85f0dFA94762579B5AeE",
  "party": "0x59C20500E8FC24f57c07936A40e16C4731d89f37",
  "counterparty": "0xD61765d8e88B68a3a531C463F435A89E70255c77",
  "fundingWei": "1000000000000000000",
  "timelocks": [
    7,
    8
  ],
  "transactions": [
    {
      "role": "deploy",
      "txHash": "0x1bd9c169c33e6f962acb2cbd667d2e818e5348d818a7cb8bcd787f4b65d7dbba"
    },
    {
      "role": "fund",
      "txHash": "0xf24639590638159624ab8abc9dfa00d7341865500f72345da524d1b4337acad3"
    },
    {
      "role": "disable",
      "txHash": "0x42d2844fca99ad1932e52bea958e2bd69998c60d773aba4efd54ccf154e0a412",
      "level": 0
    },
    {
      "role": "refund",
      "txHash": "0x09449e0b95f7c03cfe2c4649ed14c9e92354a99d2fe51eb61ea70c03a39b60da",
      "level": 1
    }
  ],
  "txRoles": [
    {
      "role": "deploy",
      "txHash": "0x1bd9c169c33e6f962acb2cbd667d2e818e5348d818a7cb8bcd787f4b65d7dbba"
    },
    {
      "role": "fund",
      "txHash": "0xf24639590638159624ab8abc9dfa00d7341865500f72345da524d1b4337acad3"
    },
    {
      "role": "disable",
      "txHash": "0x42d2844fca99ad1932e52bea958e2bd69998c60d773aba4efd54ccf154e0a412",
      "level": 0
    },
    {
      "role": "refund",
      "txHash": "0x09449e0b95f7c03cfe2c4649ed14c9e92354a99d2fe51eb61ea70c03a39b60da",
      "level": 1
    }
  ],
  "deployTxHash": "0x1bd9c169c33e6f962acb2cbd667d2e818e5348d818a7cb8bcd787f4b65d7dbba",
  "fundTxHash": "0xf24639590638159624ab8abc9dfa00d7341865500f72345da524d1b4337acad3",
  "disableTxHashes": [
    "0x42d2844fca99ad1932e52bea958e2bd69998c60d773aba4efd54ccf154e0a412"
  ],
  "disableTxHash": "0x42d2844fca99ad1932e52bea958e2bd69998c60d773aba4efd54ccf154e0a412",
  "disableTx": "0x42d2844fca99ad1932e52bea958e2bd69998c60d773aba4efd54ccf154e0a412",
  "refundTxHash": "0x09449e0b95f7c03cfe2c4649ed14c9e92354a99d2fe51eb61ea70c03a39b60da",
  "refundTx": "0x09449e0b95f7c03cfe2c4649ed14c9e92354a99d2fe51eb61ea70c03a39b60da"
}
