ganache v7.9.2 (@ganache/cli: 0.10.2, @ganache/core: 0.10.2)
Starting RPC server

Available Accounts
==================
(0) 0x89e44B490dF9A92659dDd13F2c99F902Be51F3E0 (1000 ETH)
(1) 0x52F0430bc3505343118155f7F03d930B5cf2423D (1000 ETH)
(2) 0x5c5291f301D520d3092937c2766cf5AF8Bf61672 (1000 ETH)
(3) 0xE009761130CCdd9f8159D9cf719273Ca70abb27F (1000 ETH)
(4) 0x4487f8a71F6E52C2DB793B05BD94C60181A1f5FA (1000 ETH)
(5) 0x4DA7B43109CB126c7185257cEBdbb08721A50021 (1000 ETH)
(6) 0x5a908a87D2c519C960eD998bce14b1719AE7875F (1000 ETH)
(7) 0xF2B7bb1c6B64F68B1909041Ed1dD7270F86cF53E (1000 ETH)
(8) 0x00F046171A9F4E9745172FeF45f9891FBAC95Ad0 (1000 ETH)
(9) 0xdfcA2E4E3c50F35d6Fa1314DB56d18E262478d80 (1000 ETH)

Private Keys
==================
(0) 0xe47265b3bcb30fd26c9bbc1c4aa3718147ba48d8778698d82b480dd6872fe3c2
(1) 0x531ce07238f9066e5eb3bb15eb79207d84a240d793902e3ead9b6328e4b5f5c2
(2) 0x101874fe7495329484101fe1c4346788a40f142ab760511b81d04bc67a125b75
(3) 0xc650f66c66c0c53aa279f9167579f91565726928904b0f856f4c3287051aff9e
(4) 0xe4da08bd22f5a12296caa429474b825a5c3c4590381cb6a60fa97ea63a6a2ea3
(5) 0xc08749ed3a3eb66b8a73abb8ad0a03017187508383b3950c0fda3e4fd4f7d963
(6) 0xda5cdc907871330e047a171650fb592adb4f95574e8d1ce460bde812d2fe7d09
(7) 0x80628c57013e52051d2989bb2bfed74ab962e2bc86dd2fa81cb94f90923b04e2
(8) 0x558006538dd687eccae27deae4e10f7bf6568a8522398159a9fafd26719f1008
(9) 0x97bac48fe14e01e21b8b9f4d7a835bc17f0df8a7cdf8b763d7ca07fcb251c47b

HD Wallet
==================
Mnemonic:      random load position radio bubble pull liar abandon symbol breeze peace style
Base HD Path:  m/44'/60'/0'/0/{account_index}

Default Gas Price
==================
2000000000

BlockGas Limit
==================
30000000

Call Gas Limit
==================
50000000

Chain
==================
Hardfork: shanghai
Id:       1337

RPC Listening on 127.0.0.1:8545
web3_clientVersion
eth_blockNumber
net_version
eth_accounts
eth_accounts
eth_blockNumber
net_version
eth_getBlockByNumber
eth_estimateGas
eth_getBlockByNumber
eth_gasPrice
eth_sendTransaction

  Transaction: 0xf4a64974e24b0adefdb2bb6f6593064090aaac883722ec5cee0a5378dc9540bf
  Contract created: 0x65851b662b232b8f2966918a0d8506ea92b0e630
  Gas usage: 1123875
  Block number: 1
  Block time: Thu May 07 2026 20:35:26 GMT+0700 (Indochina Time)

eth_getTransactionReceipt
eth_getCode
eth_getTransactionReceipt
eth_getBlockByNumber
eth_gasPrice
eth_sendTransaction

  Transaction: 0x3bc4b26ca2bb7fa1027d1f6e65dc1d4313d7c2f061b5c9b517427cfee9ec80f4
  Gas usage: 21055
  Block number: 2
  Block time: Thu May 07 2026 20:35:26 GMT+0700 (Indochina Time)

eth_getTransactionReceipt
net_version
eth_getBlockByNumber
eth_estimateGas
eth_getBlockByNumber
eth_gasPrice
eth_sendTransaction

  Transaction: 0xbd9164ef70e1e5ab494cb284669d0a4f652b0d955143ff7bd69e304d690a1dfa
  Gas usage: 68747
  Block number: 3
  Block time: Thu May 07 2026 20:35:26 GMT+0700 (Indochina Time)

eth_getTransactionReceipt
eth_blockNumber
eth_getBalance
eth_getTransactionByHash
debug_traceTransaction
eth_getTransactionByHash
debug_traceTransaction
eth_getTransactionByHash
debug_traceTransaction

Received shutdown signal: SIGTERM
Shutting down…
Server has been shut down
