Using network 'development'.

{
  "ok": true,
  "graph_id": "",
  "pair": "F->A|evm|fund:fa",
  "pairKey": "F->A|evm|fund:fa",
  "contract": "CTLCOnly",
  "scenario": "best_claim",
  "deployGas": "0x10ccbb",
  "gasUsed": "64620",
  "disableGasUsed": "",
  "claimGasUsed": "64620",
  "refundGasUsed": "",
  "contractAddress": "0xFcF605F98D8e3dC705911aE664A67adF337802F2",
  "startBlock": "0",
  "endBlock": "3",
  "finalContractBalanceWei": "0",
  "deployer": "0xa621F07218f3F7156921D465C1E81F9F61C3d3a0",
  "party": "0x490D22136353883089c33695E1993671C325E36B",
  "counterparty": "0x028b995f1390a6c7F6c013C4748D6DE30a7Ce061",
  "fundingWei": "1000000000000000000",
  "timelocks": [
    6
  ],
  "transactions": [
    {
      "role": "deploy",
      "txHash": "0xe134ea341744c532a78be3441b3586fb87a9e65e2a25f0561e85c1812fe16f0e"
    },
    {
      "role": "fund",
      "txHash": "0xc56de8afe53da78231a3c3fae4aab73279e610635f63c5892ff33b9170cdc1db"
    },
    {
      "role": "claim",
      "txHash": "0xd29e84bef6f20fb0aa0a5a7c6f867ad81d01c43832ddda8ed209830df9a400da",
      "level": 0,
      "option": 0
    }
  ],
  "txRoles": [
    {
      "role": "deploy",
      "txHash": "0xe134ea341744c532a78be3441b3586fb87a9e65e2a25f0561e85c1812fe16f0e"
    },
    {
      "role": "fund",
      "txHash": "0xc56de8afe53da78231a3c3fae4aab73279e610635f63c5892ff33b9170cdc1db"
    },
    {
      "role": "claim",
      "txHash": "0xd29e84bef6f20fb0aa0a5a7c6f867ad81d01c43832ddda8ed209830df9a400da",
      "level": 0,
      "option": 0
    }
  ],
  "deployTxHash": "0xe134ea341744c532a78be3441b3586fb87a9e65e2a25f0561e85c1812fe16f0e",
  "fundTxHash": "0xc56de8afe53da78231a3c3fae4aab73279e610635f63c5892ff33b9170cdc1db",
  "claimTxHash": "0xd29e84bef6f20fb0aa0a5a7c6f867ad81d01c43832ddda8ed209830df9a400da",
  "txHash": "0xd29e84bef6f20fb0aa0a5a7c6f867ad81d01c43832ddda8ed209830df9a400da",
  "tx": "0xd29e84bef6f20fb0aa0a5a7c6f867ad81d01c43832ddda8ed209830df9a400da"
}
