ganache v7.9.2 (@ganache/cli: 0.10.2, @ganache/core: 0.10.2)
Starting RPC server

Available Accounts
==================
(0) 0x9B84a5E99d7094a3041ab31A99b94f0ecc480a6a (1000 ETH)
(1) 0x71303c6a4C2F72D8047057354e948cdB8b5F2FAF (1000 ETH)
(2) 0x5fc4D1A996B04d03CCa6CC4578404A452D205f29 (1000 ETH)
(3) 0x43E825544CA85D4646934927CE0a425a673E355e (1000 ETH)
(4) 0xfeDaD4344fDE2CB95ab82A901031C322C0A0ac1B (1000 ETH)
(5) 0x9fC3d5Ecf296aB0B2538F111C3CA82F971740043 (1000 ETH)
(6) 0x0c0db27c0839eAe9e5Bd8B0C4b1A311ff24e01cb (1000 ETH)
(7) 0xbDBea5cb670f72Bfa4C610fB63cC1dF1082063f4 (1000 ETH)
(8) 0xF30cE1E52F7D4a6B48ef07a21158D756c5dD01C3 (1000 ETH)
(9) 0x7E0002eE5E6938c223e7875d0067f923Aa569131 (1000 ETH)

Private Keys
==================
(0) 0x8b18f9e383d41c34591d35f2edb0e2f08dbae003f0df29aef129512a5f8cb86a
(1) 0xa8aa0f413c0c4948ebca0a12b780348a845e67768460d243a438a1f27e20054e
(2) 0xccad26e28d57532d0fa9d3bb58afa2cad6c2c5846df9604d49b05228975f44ce
(3) 0xd9adc7ca63f5aff64aa044595a22e2fc4e3fec41eaa037aacc16c192076ee7b3
(4) 0x0137294a3c9f9b1df1ae7ebf432c4463fa784546ecbca18e899f0dd44b47631d
(5) 0x3b08dc6e18478c4ec9cb1b22c6bdbc3f1f54330b7172ef38033b37860e346d2a
(6) 0x1bfb2b43ef49561c7d1e381222e7d09a1f843c0c660df64abad63608dae02786
(7) 0x62ba84469bcadd3dd7b49ed5ce0977e5d24d074baba9b2b8b29bbd0e3873c6fd
(8) 0x50aa883ea123e7d75cad8016c435761f3fa8dd2ef0dbe3b1f34c037d3fb66e5b
(9) 0xb81af85918ef14bc36c851a3f2ce91ad4dc178914d01ca5ecfdd94cb06bfa97a

HD Wallet
==================
Mnemonic:      harsh column luxury reason twice jaguar hungry faith artefact budget gravity bind
Base HD Path:  m/44'/60'/0'/0/{account_index}

Default Gas Price
==================
2000000000

BlockGas Limit
==================
30000000

Call Gas Limit
==================
50000000

Chain
==================
Hardfork: shanghai
Id:       1337

RPC Listening on 127.0.0.1:8545
web3_clientVersion
eth_blockNumber
net_version
eth_accounts
eth_accounts
eth_blockNumber
net_version
eth_getBlockByNumber
eth_estimateGas
eth_getBlockByNumber
eth_gasPrice
eth_sendTransaction

  Transaction: 0xb34ebd3fd2928d067230fea00dc5b3b0148dde95a1730b2461184f9167272ac7
  Contract created: 0xc2e96b20144b69977ab545d2f5aa9c84393e9471
  Gas usage: 1146799
  Block number: 1
  Block time: Fri May 08 2026 03:28:33 GMT+0700 (Indochina Time)

eth_getTransactionReceipt
eth_getCode
eth_getTransactionReceipt
eth_getBlockByNumber
eth_gasPrice
eth_sendTransaction

  Transaction: 0x1677f55aeb9cfe16f5ef6335485cae80dffb26e206d2c6b5b41b953de5912485
  Gas usage: 21055
  Block number: 2
  Block time: Fri May 08 2026 03:28:33 GMT+0700 (Indochina Time)

eth_getTransactionReceipt
net_version
eth_getBlockByNumber
eth_estimateGas
eth_getBlockByNumber
eth_gasPrice
eth_sendTransaction

  Transaction: 0x2a51ad848c930bc34adf8c6c4e5407b17c0886f79777617131c08f5caf91a54d
  Gas usage: 72862
  Block number: 3
  Block time: Fri May 08 2026 03:28:33 GMT+0700 (Indochina Time)

eth_getTransactionReceipt
eth_blockNumber
eth_getBalance
eth_getTransactionByHash
debug_traceTransaction
eth_getTransactionByHash
debug_traceTransaction
eth_getTransactionByHash
debug_traceTransaction

Received shutdown signal: SIGTERM
Shutting down…
Server has been shut down
