ganache v7.9.2 (@ganache/cli: 0.10.2, @ganache/core: 0.10.2)
Starting RPC server

Available Accounts
==================
(0) 0x24Df16efC80C276421501b17d12a74f523b166A9 (1000 ETH)
(1) 0xF93216B10f7f5aB89DEC016939555a54704d8A51 (1000 ETH)
(2) 0x25c65d0d76379B3E6eD9EC58E0c54e60d76e579d (1000 ETH)
(3) 0xa335711702CdafcC4Aed4EF9F7846137fD357F40 (1000 ETH)
(4) 0xE39b6D88C2792756e40D782B972d43a1252640E6 (1000 ETH)
(5) 0xE5596eD91B390fF145F532049688820ef452EC04 (1000 ETH)
(6) 0xA6fDc4eE28f72d1c24D21af7e759b988DD28E01A (1000 ETH)
(7) 0xf68cd2d3BF5D0398A9D7Fb73CcF0191bC0A72fA0 (1000 ETH)
(8) 0x1F08CF627538A00798365966CD61a13cA6F88bB1 (1000 ETH)
(9) 0x73890c33ba9bE8903174503ca1ccbD08CC2e5011 (1000 ETH)

Private Keys
==================
(0) 0x7608f232389d6c83089727f09acf30bb5b12df80ba3a87195d366aeefb44af9d
(1) 0xc0f6c95a3f4f8e6c718ddd866121d8fe10ad2a2e3310b07afc475c8256c83e68
(2) 0xdaaafafc33c03377278eba8ba2f54853593c786e11d7f364632b87c4dce473a0
(3) 0xc4e2e5e893c31ac5d8b291039c046a7aa5b45ce34364d04b6534a10049d5ab73
(4) 0x95769b971473cef7fb7331b567843a48fc9bd2ed6d3af5f8891efede96678879
(5) 0x9ae7f487417434b010f698d027ee517156617fc3db2608cee99eed6d8c147b3c
(6) 0x106d07ad4f8329cb456f71f2213a0fed781615948a02b91a5ef676588e804547
(7) 0xefe358587c2a4b77f6cf7ff20e54cfac1ca296bf1e9b77fdfe8da9d7130df294
(8) 0x601f7cb01b653753c8c509ee763f7b4ac9f6359755ec920d039851a97ebdca2e
(9) 0x45b336244ba518aee5d9cf5709fb6c2a5f699e9659c5578bdb2a22901a676cb5

HD Wallet
==================
Mnemonic:      vessel merit globe broken video battle craft energy wave guess during shock
Base HD Path:  m/44'/60'/0'/0/{account_index}

Default Gas Price
==================
2000000000

BlockGas Limit
==================
30000000

Call Gas Limit
==================
50000000

Chain
==================
Hardfork: shanghai
Id:       1337

RPC Listening on 127.0.0.1:8545
web3_clientVersion
eth_blockNumber
net_version
eth_accounts
eth_accounts
eth_blockNumber
net_version
eth_getBlockByNumber
eth_estimateGas
eth_getBlockByNumber
eth_gasPrice
eth_sendTransaction

  Transaction: 0xd6228ef31f9383bfa646d218c42db3b8714ea853f809a4392a77a8c96c725216
  Contract created: 0x6a83abfe4869a38cb4fd9ca29ddc012db8a6ffc0
  Gas usage: 1123875
  Block number: 1
  Block time: Fri May 08 2026 00:59:56 GMT+0700 (Indochina Time)

eth_getTransactionReceipt
eth_getCode
eth_getTransactionReceipt
eth_getBlockByNumber
eth_gasPrice
eth_sendTransaction

  Transaction: 0xda3fa883035947dfde1a283efe194f67107526a1ba3b71c93a8c0032ff34f466
  Gas usage: 21055
  Block number: 2
  Block time: Fri May 08 2026 00:59:56 GMT+0700 (Indochina Time)

eth_getTransactionReceipt
net_version
eth_getBlockByNumber
eth_estimateGas
eth_getBlockByNumber
eth_gasPrice
eth_sendTransaction

  Transaction: 0x25e7901cdddea57003a1679bbf0a3b487aa739a1a211f8cabb1421392e5395be
  Gas usage: 68747
  Block number: 3
  Block time: Fri May 08 2026 00:59:56 GMT+0700 (Indochina Time)

eth_getTransactionReceipt
eth_blockNumber
eth_getBalance
eth_getTransactionByHash
debug_traceTransaction
eth_getTransactionByHash
debug_traceTransaction
eth_getTransactionByHash
debug_traceTransaction

Received shutdown signal: SIGTERM
Shutting down…
Server has been shut down
