ganache v7.9.2 (@ganache/cli: 0.10.2, @ganache/core: 0.10.2)
Starting RPC server

Available Accounts
==================
(0) 0xac54a0B788A258666C2565e7FFD75B5D4479d73a (1000 ETH)
(1) 0x9f2AB84809043354F31876ccb588498dfC4EA677 (1000 ETH)
(2) 0x8F126798eAE22bE54A93C43C4Ba6E3620C15a2a7 (1000 ETH)
(3) 0xC15967B0dbB9247187C6E80AC2FC45021BF1FD72 (1000 ETH)
(4) 0x5bC4E8F30f3D8CF9F64f2831BE9f0c81a2DBC95B (1000 ETH)
(5) 0xb19532b3E0D8653A67169f5Ba5BeC4fD40C89aE4 (1000 ETH)
(6) 0xCFc62CC2eE605D05243a45CF0833539EE3b48754 (1000 ETH)
(7) 0xE155Fb3aDD8A19EFF917DF6E56318AD612ec20F9 (1000 ETH)
(8) 0x4839561226f3a18856559700C12a45D3546BB046 (1000 ETH)
(9) 0x6Ef1b9e0A11a7712E891a3ca3B6037bC46069f58 (1000 ETH)

Private Keys
==================
(0) 0x33ad0f72995ddacb553534663c42f080c913095313364e4826aa3556da173084
(1) 0x0048737afed3fe5f840327eda2b8ce63fe2f995d022bda15c63241a13c26743f
(2) 0xcabe05ea2f6699b3d7e5aa94efae8eda49532da777e85eae7f78c201b649a93d
(3) 0x2d2edf7b68fd7adf85040ccb291462fcc4579e922a01e1031bf8d42fa58227ed
(4) 0xc89fc7301434afd15b1d6a76246d34458305f02df95c98cd3f6920b95c3be9e2
(5) 0x4d1ab90c745e6d0d87a24e3ec7a726956a5713c99874480e74b217ccfd180fc3
(6) 0x0042c8a7742b9d9f5ad0c4d62925af00401f5a4e2292b0bb26b0b58e7de64dd0
(7) 0x7e633892bc114180de6c631f68e1ebe33ab2b9b12f9e2fbdaa56995f36a48faf
(8) 0x72ca07da9b13dc26175947c8e72ae7c614bde600593b8828ff8aab7683999ea5
(9) 0xd87f42eb0c72fde389a4a2f565773cf45226ecd8639a01d20b30db6556e6c14b

HD Wallet
==================
Mnemonic:      process cupboard tiny drop knee miss tape diet potato shrimp verify capable
Base HD Path:  m/44'/60'/0'/0/{account_index}

Default Gas Price
==================
2000000000

BlockGas Limit
==================
30000000

Call Gas Limit
==================
50000000

Chain
==================
Hardfork: shanghai
Id:       1337

RPC Listening on 127.0.0.1:8545
web3_clientVersion
eth_blockNumber
net_version
eth_accounts
eth_accounts
eth_blockNumber
net_version
eth_getBlockByNumber
eth_estimateGas
eth_getBlockByNumber
eth_gasPrice
eth_sendTransaction

  Transaction: 0x35b9b4ac87a8eba7c9e0846a0e925305a634534eff5a990628ac052c3ef442f6
  Contract created: 0x1ffb6b38510f02b228803b9d43ff64aba18be2fe
  Gas usage: 1377441
  Block number: 1
  Block time: Thu May 07 2026 22:27:45 GMT+0700 (Indochina Time)

eth_getTransactionReceipt
eth_getCode
eth_getTransactionReceipt
eth_getBlockByNumber
eth_gasPrice
eth_sendTransaction

  Transaction: 0xed3e0f8d601c1528ed839d9c3a8b67a6d539a76fc6e6e5cabf3bbf61ea3b68cc
  Gas usage: 21055
  Block number: 2
  Block time: Thu May 07 2026 22:27:45 GMT+0700 (Indochina Time)

eth_getTransactionReceipt
net_version
eth_getBlockByNumber
eth_estimateGas
eth_getBlockByNumber
eth_gasPrice
eth_sendTransaction

  Transaction: 0x4bc0aa25e844fa34057052674648418408c0d07cd5f7c551fe643b3ba1b9dcb4
  Gas usage: 75948
  Block number: 3
  Block time: Thu May 07 2026 22:27:45 GMT+0700 (Indochina Time)

eth_getTransactionReceipt
eth_blockNumber
eth_getBalance
eth_getTransactionByHash
debug_traceTransaction
eth_getTransactionByHash
debug_traceTransaction
eth_getTransactionByHash
debug_traceTransaction

Received shutdown signal: SIGTERM
Shutting down…
Server has been shut down
