ganache v7.9.2 (@ganache/cli: 0.10.2, @ganache/core: 0.10.2)
Starting RPC server
web3_clientVersion

Available Accounts
==================
(0) 0xe2949B88eCc7ba68b08F9A84ccB7495d4079f892 (1000 ETH)
(1) 0x27592970674C67666f30C5B64FD2A79E4d3Ab150 (1000 ETH)
(2) 0x6A75012E4F82eaae1ab1DD9f4f68a263fc73450D (1000 ETH)
(3) 0x2E8306E006Cc1AFD7802E79AD879aE4e3a30C68B (1000 ETH)
(4) 0xfB10419fCea4a93e98ddbCAC3EC75327014dAF28 (1000 ETH)
(5) 0x0b9e606fCd6fd97765Df9D1bfF598d08F5D1A826 (1000 ETH)
(6) 0xf9a1BD8B1D3D3c165da8b280169D57a789bf2064 (1000 ETH)
(7) 0xF5D71B053B6Cd6588ac3910C72b901c35178F211 (1000 ETH)
(8) 0x4742ec800eC62b37AE5e1dD6740d53F61Fea7773 (1000 ETH)
(9) 0x750be3902408DDDEe614041B3738406A4b5D1240 (1000 ETH)

Private Keys
==================
(0) 0x8fc392af24db687a2069ff7ec630d9fc17fd6d05bb63d39e0296e15ea11ef710
(1) 0x1899568babda2bbecf39277953ed4df723956f984d561047acce211a2ec4777b
(2) 0x37a49169898af338ddde277322762d9207e1152cce96cbff2a710782073c5fb3
(3) 0x036a8f4801970171f946e1d38b7e4dc1f350610b3ca9954ca763038d1a24bea7
(4) 0x14dac773ac2eb10f42c554bd03659ba49889ec8b744053578a4e959957983b3c
(5) 0xf0099526ba6b14d40901f34ea352b5972917be808d7e9a621979ba701d0a43e7
(6) 0x75cc706d6aea03e7b0536fabd629a009dc2f16071f16c52e0ae7b0aea3a5f17d
(7) 0xb04cf2590eec6ec3ade9df28fdfab6d1cdde1b588bf8fdb11472a1b81aa73b47
(8) 0xc1423adce1ef47a5c63a908c3d45dd0a4eea7a9ab83c19f09660c0b71232f2f0
(9) 0x835669b6c2a567f46b7b63fe95c914877fd3a54f3f0f66132eacadad0cf1842f

HD Wallet
==================
Mnemonic:      tribe chunk scrub cherry ketchup chest gospel food route web dirt basket
Base HD Path:  m/44'/60'/0'/0/{account_index}

Default Gas Price
==================
2000000000

BlockGas Limit
==================
30000000

Call Gas Limit
==================
50000000

Chain
==================
Hardfork: shanghai
Id:       1337

RPC Listening on 127.0.0.1:8545
eth_blockNumber
net_version
eth_accounts
eth_accounts
eth_blockNumber
net_version
eth_getBlockByNumber
eth_estimateGas
eth_getBlockByNumber
eth_gasPrice
eth_sendTransaction

  Transaction: 0x9946366ecb8c2448665f8965d42d34eef32bbc0662e00d43938e539a1e9fc196
  Contract created: 0x716d72210406c47692faf0e862aec5355f18fce3
  Gas usage: 1123899
  Block number: 1
  Block time: Thu May 07 2026 21:05:53 GMT+0700 (Indochina Time)

eth_getTransactionReceipt
eth_getCode
eth_getTransactionReceipt
eth_getBlockByNumber
eth_gasPrice
eth_sendTransaction

  Transaction: 0xfd48f16505884f3c7ebfb232d70a9dc9feb3f87b7057904445adfc0334e76000
  Gas usage: 21055
  Block number: 2
  Block time: Thu May 07 2026 21:05:53 GMT+0700 (Indochina Time)

eth_getTransactionReceipt
net_version
eth_getBlockByNumber
eth_estimateGas
eth_getBlockByNumber
eth_gasPrice
eth_sendTransaction

  Transaction: 0xcc6cdaed915480d0b1785f0370b551ee9cb8fb2b17a46914603eebf2b7cdf14a
  Gas usage: 68735
  Block number: 3
  Block time: Thu May 07 2026 21:05:53 GMT+0700 (Indochina Time)

eth_getTransactionReceipt
eth_blockNumber
eth_getBalance
eth_getTransactionByHash
debug_traceTransaction
eth_getTransactionByHash
debug_traceTransaction
eth_getTransactionByHash
debug_traceTransaction

Received shutdown signal: SIGTERM
Shutting down…
Server has been shut down
