Using network 'development'.

{
  "ok": true,
  "graph_id": "",
  "pair": "B->D|evm|fund:bd",
  "pairKey": "B->D|evm|fund:bd",
  "contract": "CTLCMultipleEdges",
  "scenario": "worst_claim",
  "deployGas": "0x172004",
  "gasUsed": "137511",
  "disableGasUsed": "52925",
  "claimGasUsed": "84586",
  "refundGasUsed": "",
  "contractAddress": "0xA85CeF5e3f5538092F7227D57AF9811560CbD048",
  "startBlock": "0",
  "endBlock": "11",
  "finalContractBalanceWei": "0",
  "deployer": "0x33B6E476232dA01faD2e9f14E61b59f886FC49c6",
  "party": "0xEC309f7031Db1130f410E29144dE62981C1C796e",
  "counterparty": "0x7723AeD4739B626845c2b7ACA5Ed1af7b29408d2",
  "fundingWei": "1000000000000000000",
  "timelocks": [
    9,
    10
  ],
  "transactions": [
    {
      "role": "deploy",
      "txHash": "0x0c7f9b06aa4e1130e30558aeb1dece14f3e1eb250026fd89740d22ed01586d9d"
    },
    {
      "role": "fund",
      "txHash": "0x99368b23836a7f5d4e277a87a2440939aef7ef2b275f044c549adaecc82b078d"
    },
    {
      "role": "disable",
      "txHash": "0xb61701a7ca2cd7c782453bf1dc69d2a65d6dcccfb74b5aea15415924e17e7134",
      "level": 0
    },
    {
      "role": "claim",
      "txHash": "0xb4e5b3a1b4b92ba50ca68a4d4a778c36a8301f24e1ea0d2edf6abf6fa82809cd",
      "level": 1,
      "option": 0
    }
  ],
  "txRoles": [
    {
      "role": "deploy",
      "txHash": "0x0c7f9b06aa4e1130e30558aeb1dece14f3e1eb250026fd89740d22ed01586d9d"
    },
    {
      "role": "fund",
      "txHash": "0x99368b23836a7f5d4e277a87a2440939aef7ef2b275f044c549adaecc82b078d"
    },
    {
      "role": "disable",
      "txHash": "0xb61701a7ca2cd7c782453bf1dc69d2a65d6dcccfb74b5aea15415924e17e7134",
      "level": 0
    },
    {
      "role": "claim",
      "txHash": "0xb4e5b3a1b4b92ba50ca68a4d4a778c36a8301f24e1ea0d2edf6abf6fa82809cd",
      "level": 1,
      "option": 0
    }
  ],
  "deployTxHash": "0x0c7f9b06aa4e1130e30558aeb1dece14f3e1eb250026fd89740d22ed01586d9d",
  "fundTxHash": "0x99368b23836a7f5d4e277a87a2440939aef7ef2b275f044c549adaecc82b078d",
  "disableTxHashes": [
    "0xb61701a7ca2cd7c782453bf1dc69d2a65d6dcccfb74b5aea15415924e17e7134"
  ],
  "disableTxHash": "0xb61701a7ca2cd7c782453bf1dc69d2a65d6dcccfb74b5aea15415924e17e7134",
  "disableTx": "0xb61701a7ca2cd7c782453bf1dc69d2a65d6dcccfb74b5aea15415924e17e7134",
  "claimTxHash": "0xb4e5b3a1b4b92ba50ca68a4d4a778c36a8301f24e1ea0d2edf6abf6fa82809cd",
  "txHash": "0xb4e5b3a1b4b92ba50ca68a4d4a778c36a8301f24e1ea0d2edf6abf6fa82809cd",
  "tx": "0xb4e5b3a1b4b92ba50ca68a4d4a778c36a8301f24e1ea0d2edf6abf6fa82809cd"
}
