ganache v7.9.2 (@ganache/cli: 0.10.2, @ganache/core: 0.10.2)
Starting RPC server
web3_clientVersion

Available Accounts
==================
(0) 0x823A311F45Ef66F1e8ebbbe0b547c689d78F3f9d (1000 ETH)
(1) 0x860Bb0866c6FAD94569c6188c162a912d06d3452 (1000 ETH)
(2) 0x92d1EbA04fd44445515DeCe14FFf3B8Fc70C96cd (1000 ETH)
(3) 0xd7bD6411eA872ADE2340b1F2CEDBFa8FE10b4013 (1000 ETH)
(4) 0xE0193B8467eD04373c76a9B873F36f294cde2fAE (1000 ETH)
(5) 0xc0807bf6c3E05Cb039e22C862cD295864cd3aEBa (1000 ETH)
(6) 0xfB5Dc2aDeB9b1985E35E9551feB4103ed7C63dF8 (1000 ETH)
(7) 0xbD595E8D7e53E778A73485383c18327d28425a32 (1000 ETH)
(8) 0xF63c09975BB9e49787f3E7b15CB32f0CdA0fA84e (1000 ETH)
(9) 0x4D7A5e1704AB7D37D6dc19158d46022942928a80 (1000 ETH)

Private Keys
==================
(0) 0x94574030427b59a4ed12687584c145b5a04e1fc1894b1943e920134439230b0b
(1) 0x1bc3a0e3b9aeaf155b969dc1e76c3123c655191e46aefc6daa8416f0f95b6243
(2) 0x9f86e3c0e5052daf5e8a13ecadd457805803a73a9c29c9e0b55ae7c0348c5935
(3) 0x8c98fb4d379a8367b1379bebc1004cf03b50736d60e6a9919b07f093da5fc992
(4) 0x09af2fc66d5ac45f0f69e1cb098e544eaa68395df85fee165109afa6107868e8
(5) 0x06a7af6e4ce2af15ac80d8761b73aed772726e9a1962adbd085ce8274cbe7cdd
(6) 0x6838e7c324205a23f95d70c3cb9baa97fd18fa81d5f1b9490836365124178adc
(7) 0x08156044010fcbb19ed0d60d783a187a4f52ade5aa7da50597303fd02729664d
(8) 0x8d6393c5d914b0c895d4ad30c782f60e59817f19c76f0aeaf7f7a285d16f2078
(9) 0xc16e3c3276f5c9e4ee27d87d89964f0d66b7cb77afcc725b3ef83ff6ee02741c

HD Wallet
==================
Mnemonic:      swallow saddle clean oval traffic hurry heart apology scorpion soul shadow club
Base HD Path:  m/44'/60'/0'/0/{account_index}

Default Gas Price
==================
2000000000

BlockGas Limit
==================
30000000

Call Gas Limit
==================
50000000

Chain
==================
Hardfork: shanghai
Id:       1337

RPC Listening on 127.0.0.1:8545
eth_blockNumber
net_version
eth_accounts
eth_accounts
eth_blockNumber
net_version
eth_getBlockByNumber
eth_estimateGas
eth_getBlockByNumber
eth_gasPrice
eth_sendTransaction

  Transaction: 0x74d8440eaa28a70d9a1f1b309d866b2c095fe687fada6c50323bc69c4d71f9e9
  Contract created: 0xe1fcd6eeb654758a5bbea91272a90ba2c16e07a2
  Gas usage: 1123899
  Block number: 1
  Block time: Thu May 07 2026 22:15:45 GMT+0700 (Indochina Time)

eth_getTransactionReceipt
eth_getCode
eth_getTransactionReceipt
eth_getBlockByNumber
eth_gasPrice
eth_sendTransaction

  Transaction: 0x0ff22c77f1e4a9632170b8a4e6f2bf31ea478c9b0f88551ee652404bb9ff04da
  Gas usage: 21055
  Block number: 2
  Block time: Thu May 07 2026 22:15:45 GMT+0700 (Indochina Time)

eth_getTransactionReceipt
net_version
eth_getBlockByNumber
eth_estimateGas
eth_getBlockByNumber
eth_gasPrice
eth_sendTransaction

  Transaction: 0xe531594e66632ac5c74cd7ee2c8dbaa84e5b3a54aecc90b183836e2179186d74
  Gas usage: 68747
  Block number: 3
  Block time: Thu May 07 2026 22:15:45 GMT+0700 (Indochina Time)

eth_getTransactionReceipt
eth_blockNumber
eth_getBalance
eth_getTransactionByHash
debug_traceTransaction
eth_getTransactionByHash
debug_traceTransaction
eth_getTransactionByHash
debug_traceTransaction

Received shutdown signal: SIGTERM
Shutting down…
Server has been shut down
