Using network 'development'.

{
  "ok": true,
  "graph_id": "",
  "pair": "E->F|evm|fund:ef",
  "pairKey": "E->F|evm|fund:ef",
  "contract": "CTLCMultipleEdges",
  "scenario": "worst_claim",
  "deployGas": "0x139ca6",
  "gasUsed": "75948",
  "disableGasUsed": "0",
  "claimGasUsed": "75948",
  "refundGasUsed": "",
  "contractAddress": "0xB3a5771D4348A23A31b3181a527EF2Ba8F9c35Fa",
  "startBlock": "0",
  "endBlock": "3",
  "finalContractBalanceWei": "0",
  "deployer": "0xB3f3F01736E30cBE5e3202a2f864892B2eb543B1",
  "party": "0x2586B79d5cd0D3022567106019e3C279Fa99dE4b",
  "counterparty": "0x021e13aE280e3775C1B96075A3335a326D968D98",
  "fundingWei": "1000000000000000000",
  "timelocks": [
    8
  ],
  "transactions": [
    {
      "role": "deploy",
      "txHash": "0xe359032e10dc71eee85edc16951eaa96aec0caf5877812e12a3c7efb1936e3a2"
    },
    {
      "role": "fund",
      "txHash": "0x975291d716d662d5d76f5e2f9090512ee709082c382bdfb1ee7b61a98a17c819"
    },
    {
      "role": "claim",
      "txHash": "0x6e9b916577507714e1b25c4d3e19f4b9efba132fa4d64c7ee1b874b9b08f51ce",
      "level": 0,
      "option": 0
    }
  ],
  "txRoles": [
    {
      "role": "deploy",
      "txHash": "0xe359032e10dc71eee85edc16951eaa96aec0caf5877812e12a3c7efb1936e3a2"
    },
    {
      "role": "fund",
      "txHash": "0x975291d716d662d5d76f5e2f9090512ee709082c382bdfb1ee7b61a98a17c819"
    },
    {
      "role": "claim",
      "txHash": "0x6e9b916577507714e1b25c4d3e19f4b9efba132fa4d64c7ee1b874b9b08f51ce",
      "level": 0,
      "option": 0
    }
  ],
  "deployTxHash": "0xe359032e10dc71eee85edc16951eaa96aec0caf5877812e12a3c7efb1936e3a2",
  "fundTxHash": "0x975291d716d662d5d76f5e2f9090512ee709082c382bdfb1ee7b61a98a17c819",
  "claimTxHash": "0x6e9b916577507714e1b25c4d3e19f4b9efba132fa4d64c7ee1b874b9b08f51ce",
  "txHash": "0x6e9b916577507714e1b25c4d3e19f4b9efba132fa4d64c7ee1b874b9b08f51ce",
  "tx": "0x6e9b916577507714e1b25c4d3e19f4b9efba132fa4d64c7ee1b874b9b08f51ce"
}
