COMMAND: python3 experiments/scale_trace/scripts/trace_result_json.py /home/aothuatgiadp/blockchain/project/CTLC-Implementation/experiments/scale_trace/runs/random_v1_254/D-_E_evm_fund_de_CTLCMultipleEdges_worst_claim/result.json /home/aothuatgiadp/blockchain/project/CTLC-Implementation/experiments/scale_trace/runs/random_v1_254/D-_E_evm_fund_de_CTLCMultipleEdges_worst_claim/trace.json
STATUS: 0

STDOUT:
{
  "graph_id": "",
  "pair": "D->E|evm|fund:de",
  "contract": "CTLCMultipleEdges",
  "scenario": "worst_claim",
  "contractAddress": "0x9aea6b486611A8326de70454Ae5C8913e9E9709D",
  "traces": {
    "deploy": {
      "tx_hash": "0xbacffe69eb3f7092848412c40a48704ebda3b5a21ae18d0c60b8b38b43c64123",
      "actual_calldata_bytes": 8169,
      "actual_sstore_count": 22,
      "actual_call_count": 0,
      "opcode_steps": 3531
    },
    "fund": {
      "tx_hash": "0x21e4d6a05762810d0454a7f9869f6f22649e923453f1625ebda7e8a5445e87fd",
      "actual_calldata_bytes": 0,
      "actual_sstore_count": 0,
      "actual_call_count": 0,
      "opcode_steps": 13
    },
    "disable_level0": {
      "tx_hash": "0x183f76be164f11933cf04eeaeca1330b79b975c9baa47d5cf566d9d7b79c7c54",
      "actual_calldata_bytes": 36,
      "actual_sstore_count": 1,
      "actual_call_count": 0,
      "opcode_steps": 300
    },
    "claim_level1": {
      "tx_hash": "0x30a5a90c71ae190ef9201af4ea9a735e6b2da2f80e3e2afc16ba4fc1b38c2432",
      "actual_calldata_bytes": 516,
      "actual_sstore_count": 1,
      "actual_call_count": 1,
      "opcode_steps": 1953
    }
  }
}


STDERR:

