ganache v7.9.2 (@ganache/cli: 0.10.2, @ganache/core: 0.10.2)
Starting RPC server

Available Accounts
==================
(0) 0x34ea9db49E40cf966186c6F8927b3B7e6F7b05bf (1000 ETH)
(1) 0xa22275be8FbB11a33Cb3F45C91a3A5417e5152a4 (1000 ETH)
(2) 0x0e05dCb1a8F64472A80bbB9Fc47b22e0431a8833 (1000 ETH)
(3) 0xDBbBA17819e686D549Bb292A1925F741B370a6b6 (1000 ETH)
(4) 0xa781200CF9D87d25fAfD31ef615fE6DeAC5Bf57E (1000 ETH)
(5) 0x58e7545c23C502F5947079Cc6bdb2C3033a59532 (1000 ETH)
(6) 0x2Dd9dfD38A7F69191E46CdB17E783B19FFC9F2C6 (1000 ETH)
(7) 0xf24F789daCe171b7a850bb6A5147ad97ffeBdB63 (1000 ETH)
(8) 0x81c04CeA56c4f35d71B5C023eF2290ABAD5150Ab (1000 ETH)
(9) 0xA850Bc86fef0034Edaa0F372Cb7B070EF6b2DE34 (1000 ETH)

Private Keys
==================
(0) 0xbdab0c32908564cd33b107445611fc37e06c393f2bd0a3fda4f985d39349f6eb
(1) 0x67a4a3021fca77d9ff7d3a6f7eca638783749397054a06fbba4fe60bf0d961c7
(2) 0x0529a92a2a47e78c810acdab4ea664c38775fa5505ab212b0161bddd2643a67a
(3) 0xb080529fee937dbd96a0bf12bb0f8f6b5f3b719dabc3ed47ef82d7968a01dc1a
(4) 0x227a0808fcd8fd95eff7c2857cb4cc8dec3d02736ccf8cb3c5254367078b8bd3
(5) 0xfff7f694b971a8a97a4d85bc9604a0c976bdba365ed396599eba8b09fcab6e97
(6) 0x66d9c14296012fe1bf1af88d3596a540a255712c149116478ab08f7d4c412369
(7) 0xd28f7680054924c57c6040e15cb2938663a7d540c5997e3bac66b6302bb84ab4
(8) 0xea3302362b9dfa2394b604e3e65f9bdd6e7912399b7461bd11a55d340fda5ec7
(9) 0x94163da2c2dbf701160e4975b5293bce3e866c0e4c0f9b8dae7734043b30f052

HD Wallet
==================
Mnemonic:      mystery furnace remind girl ozone vague grow soup occur vendor ordinary patient
Base HD Path:  m/44'/60'/0'/0/{account_index}

Default Gas Price
==================
2000000000

BlockGas Limit
==================
30000000

Call Gas Limit
==================
50000000

Chain
==================
Hardfork: shanghai
Id:       1337

RPC Listening on 127.0.0.1:8545
web3_clientVersion
eth_blockNumber
net_version
eth_accounts
eth_accounts
eth_blockNumber
net_version
eth_getBlockByNumber
eth_estimateGas
eth_getBlockByNumber
eth_gasPrice
eth_sendTransaction

  Transaction: 0x0aae287bcaa61bd95572dc36a9bd525552b559e288dda15d0ae059dfa630f3b2
  Contract created: 0x2ad19be9a6b8b9ddaaea282186eb17f95548fb3c
  Gas usage: 1169711
  Block number: 1
  Block time: Fri May 08 2026 01:54:07 GMT+0700 (Indochina Time)

eth_getTransactionReceipt
eth_getCode
eth_getTransactionReceipt
eth_getBlockByNumber
eth_gasPrice
eth_sendTransaction

  Transaction: 0x2b469ef666e51e9b2cbc694e592887d10276ff2141f28fa04db1326135eb8b69
  Gas usage: 21055
  Block number: 2
  Block time: Fri May 08 2026 01:54:07 GMT+0700 (Indochina Time)

eth_getTransactionReceipt
net_version
eth_getBlockByNumber
eth_estimateGas
eth_getBlockByNumber
eth_gasPrice
eth_sendTransaction

  Transaction: 0xdb31599071dadf77972f5e5bbaa8ef2c6a50cbb0df402adeca7ee92b692bf4e3
  Gas usage: 77013
  Block number: 3
  Block time: Fri May 08 2026 01:54:07 GMT+0700 (Indochina Time)

eth_getTransactionReceipt
eth_blockNumber
eth_getBalance
eth_getTransactionByHash
debug_traceTransaction
eth_getTransactionByHash
debug_traceTransaction
eth_getTransactionByHash
debug_traceTransaction

Received shutdown signal: SIGTERM
Shutting down…
Server has been shut down
