COMMAND: python3 experiments/scale_trace/scripts/trace_result_json.py /home/aothuatgiadp/blockchain/project/CTLC-Implementation/experiments/scale_trace/runs/random_v1_78/B-_E_evm_fund_be_CTLCOnly_best_claim/result.json /home/aothuatgiadp/blockchain/project/CTLC-Implementation/experiments/scale_trace/runs/random_v1_78/B-_E_evm_fund_be_CTLCOnly_best_claim/trace.json
STATUS: 0

STDOUT:
{
  "graph_id": "",
  "pair": "B->E|evm|fund:be",
  "contract": "CTLCOnly",
  "scenario": "best_claim",
  "contractAddress": "0xC20e610c71e75b65452b6D7bd80bDb4B18E81149",
  "traces": {
    "deploy": {
      "tx_hash": "0x748faec192979dde088d4ab130a2b21cab68e0761390b0bb51fae7a66f6be08b",
      "actual_calldata_bytes": 7123,
      "actual_sstore_count": 9,
      "actual_call_count": 0,
      "opcode_steps": 1374
    },
    "fund": {
      "tx_hash": "0xe23761ba4090dea41d0dce66d76f3772600745213057f649669b474fd2b7d7e3",
      "actual_calldata_bytes": 0,
      "actual_sstore_count": 0,
      "actual_call_count": 0,
      "opcode_steps": 13
    },
    "claim_level0": {
      "tx_hash": "0xd8a68f9e16cc36ee90e25e0a854bef206e6aa734074084d2630b554d65c27944",
      "actual_calldata_bytes": 292,
      "actual_sstore_count": 1,
      "actual_call_count": 1,
      "opcode_steps": 1134
    }
  }
}


STDERR:

