Using network 'development'.

{
  "ok": true,
  "graph_id": "",
  "pair": "B->F|evm|fund:bf",
  "pairKey": "B->F|evm|fund:bf",
  "contract": "CTLCOnly",
  "scenario": "refund",
  "deployGas": "0x11263b",
  "gasUsed": "59561",
  "disableGasUsed": "0",
  "claimGasUsed": "",
  "refundGasUsed": "59561",
  "contractAddress": "0x0bDDdDf764D20dE6eC7FB15df7293377390D9C3f",
  "startBlock": "0",
  "endBlock": "8",
  "finalContractBalanceWei": "0",
  "deployer": "0xcF935fED1E5529d744cB173b9182A20DbaEf1969",
  "party": "0xC031076F1BaBe047828f67Ca293e4e268aB59d33",
  "counterparty": "0x8324483F53d74358d68a1d70680876Dab06D4d43",
  "fundingWei": "1000000000000000000",
  "timelocks": [
    7
  ],
  "transactions": [
    {
      "role": "deploy",
      "txHash": "0x216cc30a6d8bd2bfe2df1a15a8f0d476ffb3448248c78caef7bb17a435e31d9e"
    },
    {
      "role": "fund",
      "txHash": "0xbef0078d5757b836c8282f0fd12c857f5413b929dd867a148dadb50765b3a7b5"
    },
    {
      "role": "refund",
      "txHash": "0x4061b59d30efd3feb7f6367b40ffdcef1633d5aacad536bd4757603e1eb3a49f",
      "level": 0
    }
  ],
  "txRoles": [
    {
      "role": "deploy",
      "txHash": "0x216cc30a6d8bd2bfe2df1a15a8f0d476ffb3448248c78caef7bb17a435e31d9e"
    },
    {
      "role": "fund",
      "txHash": "0xbef0078d5757b836c8282f0fd12c857f5413b929dd867a148dadb50765b3a7b5"
    },
    {
      "role": "refund",
      "txHash": "0x4061b59d30efd3feb7f6367b40ffdcef1633d5aacad536bd4757603e1eb3a49f",
      "level": 0
    }
  ],
  "deployTxHash": "0x216cc30a6d8bd2bfe2df1a15a8f0d476ffb3448248c78caef7bb17a435e31d9e",
  "fundTxHash": "0xbef0078d5757b836c8282f0fd12c857f5413b929dd867a148dadb50765b3a7b5",
  "refundTxHash": "0x4061b59d30efd3feb7f6367b40ffdcef1633d5aacad536bd4757603e1eb3a49f",
  "refundTx": "0x4061b59d30efd3feb7f6367b40ffdcef1633d5aacad536bd4757603e1eb3a49f"
}
