COMMAND: python3 experiments/scale_trace/scripts/trace_result_json.py /home/aothuatgiadp/blockchain/project/CTLC-Implementation/experiments/scale_trace/runs/random_v1_235/D-_C_evm_fund_dc_CTLCMultipleEdges_refund/result.json /home/aothuatgiadp/blockchain/project/CTLC-Implementation/experiments/scale_trace/runs/random_v1_235/D-_C_evm_fund_dc_CTLCMultipleEdges_refund/trace.json
STATUS: 0

STDOUT:
{
  "graph_id": "",
  "pair": "D->C|evm|fund:dc",
  "contract": "CTLCMultipleEdges",
  "scenario": "refund",
  "contractAddress": "0xFFE8f45a97038ba643b7b99467543d0f4aeccd0e",
  "traces": {
    "deploy": {
      "tx_hash": "0xe27deeaf8c9e6fe8322aff5c2a92f6e4d36f5d203d47cf1cf00a46c55ba2cf7b",
      "actual_calldata_bytes": 7881,
      "actual_sstore_count": 15,
      "actual_call_count": 0,
      "opcode_steps": 2336
    },
    "fund": {
      "tx_hash": "0x6197c12a6a4cda6157e4e202dd2ef7cc37018b45deec4d59de84e293b8313ba3",
      "actual_calldata_bytes": 0,
      "actual_sstore_count": 0,
      "actual_call_count": 0,
      "opcode_steps": 13
    },
    "refund_level0": {
      "tx_hash": "0x99fa8702ff30b42a4c64f2eced8b14664a164bf5541bc5e5470834fed0b4084f",
      "actual_calldata_bytes": 4,
      "actual_sstore_count": 1,
      "actual_call_count": 1,
      "opcode_steps": 224
    }
  }
}


STDERR:

