ganache v7.9.2 (@ganache/cli: 0.10.2, @ganache/core: 0.10.2)
Starting RPC server

Available Accounts
==================
(0) 0xB7fb892f8F3E96614bB93E716108da2F912db21A (1000 ETH)
(1) 0x33D3b08DA9985c8137a51c75eb6fd191EA67D639 (1000 ETH)
(2) 0xf4a24fBC3cd6C72012F1089a53FbCCc582859188 (1000 ETH)
(3) 0x1763ab642a3E13c59D1627dc7f9274C8542c3C1C (1000 ETH)
(4) 0xe1d05019AB96F2EC9CbE6860a21C86498bdBE908 (1000 ETH)
(5) 0xDb4585d2b2d56eBd2792E678c8a3111f9B436F3d (1000 ETH)
(6) 0x885168452e5c5dAD83B1B0406911832a11c518dC (1000 ETH)
(7) 0x76fEAB868B2D815BA44a510638bC020549D7Dc18 (1000 ETH)
(8) 0xeae148454461A3E4F319CE503151aC00E601836f (1000 ETH)
(9) 0xd9b80C667B54Ffd34Ec236D04beFF44F1cd0fE4f (1000 ETH)

Private Keys
==================
(0) 0xcdb9bb958e48c163f01dc5041ae001220854b2d1c23ccac0b4648411e2112ee3
(1) 0xa387c2285fa23d051c3d54717ee8920ecc08a793a795c3fcaf69333bfec7ca97
(2) 0xdab16db26e873fc50ae1113e1d2cf5aa8a2d0a1e3016e0f9082572de47337dd5
(3) 0x81fe4075aebd4f968f108ce29bbf681de29ad3d200a4da8e4e98dbbba24a7dc8
(4) 0x2466918dcc6a77272fe0e484025b6c738321c3dc329a48c32129de4e086d0f6c
(5) 0xddb6f7ede751194ed6231aa37262949b0b4a6ba552f601828e7b17ce699c4f62
(6) 0x1aad6664cb5ff21d603f663f40eb41f7cff057a2df809709700541384d8271a6
(7) 0xbc4b623c0a65dd57d68eac1c796d6bbc613a087d6ba98a52e2383f3fded31b6f
(8) 0x2b58c259455a95740a3a7ab36ea5687fd168797bc4dd4dbc49bed7a93b825312
(9) 0xf94d967f076428771a63cb722f145e6538c7ff49251987b48ae71b8a363b6118

HD Wallet
==================
Mnemonic:      rain crisp asthma height slim photo duty crack dinner unfold engage jelly
Base HD Path:  m/44'/60'/0'/0/{account_index}

Default Gas Price
==================
2000000000

BlockGas Limit
==================
30000000

Call Gas Limit
==================
50000000

Chain
==================
Hardfork: shanghai
Id:       1337

RPC Listening on 127.0.0.1:8545
web3_clientVersion
eth_blockNumber
net_version
eth_accounts
eth_accounts
eth_blockNumber
net_version
eth_getBlockByNumber
eth_estimateGas
eth_getBlockByNumber
eth_gasPrice
eth_sendTransaction

  Transaction: 0x251c0cb611980d90733828df0700ebc1a847c969edc2504c04bdf596f36e1466
  Contract created: 0xb271a983129c40980dc924369f9936b45f460b69
  Gas usage: 1469584
  Block number: 1
  Block time: Fri May 08 2026 03:10:50 GMT+0700 (Indochina Time)

eth_getTransactionReceipt
eth_getCode
eth_getTransactionReceipt
eth_getBlockByNumber
eth_gasPrice
eth_sendTransaction

  Transaction: 0xf60d6691d92c7526cdb45978d87e116e5aa42273d81dfa44b31f545edaf67f68
  Gas usage: 21055
  Block number: 2
  Block time: Fri May 08 2026 03:10:50 GMT+0700 (Indochina Time)

eth_getTransactionReceipt
net_version
eth_getBlockByNumber
eth_estimateGas
eth_getBlockByNumber
eth_gasPrice
eth_sendTransaction

  Transaction: 0x3940088d98c17051577df744e35d145028cb87d06504ac91727ef2e03ea90be0
  Gas usage: 75948
  Block number: 3
  Block time: Fri May 08 2026 03:10:51 GMT+0700 (Indochina Time)

eth_getTransactionReceipt
eth_blockNumber
eth_getBalance
eth_getTransactionByHash
debug_traceTransaction
eth_getTransactionByHash
debug_traceTransaction
eth_getTransactionByHash
debug_traceTransaction

Received shutdown signal: SIGTERM
Shutting down…
Server has been shut down
