Using network 'development'.

{
  "ok": true,
  "graph_id": "",
  "pair": "C->D|evm|fund:cd",
  "pairKey": "C->D|evm|fund:cd",
  "contract": "CTLCMultipleEdges",
  "scenario": "best_claim",
  "deployGas": "0x322a25",
  "gasUsed": "71641",
  "disableGasUsed": "",
  "claimGasUsed": "71641",
  "refundGasUsed": "",
  "contractAddress": "0xC051BB1d8Daa7De51D92A67e07619c809df25647",
  "startBlock": "0",
  "endBlock": "3",
  "finalContractBalanceWei": "0",
  "deployer": "0xd3935D2C444DD3b75d381e049547f6c4538FBd53",
  "party": "0xBC14B32bBbA8Ead4ea69F04df65B36be716C1688",
  "counterparty": "0xA5B30D1255F36d49Bc102dbfe0F9289f4F498e83",
  "fundingWei": "1000000000000000000",
  "timelocks": [
    7,
    8,
    10,
    11
  ],
  "transactions": [
    {
      "role": "deploy",
      "txHash": "0xe00a5b13f3d4b96e7551bce059df37d577cbea0433d119c640e050ca85fcd926"
    },
    {
      "role": "fund",
      "txHash": "0x7488cfa6c0fb171b9b174af7cae6526f31a853972c7712861cb7856d2542f5cd"
    },
    {
      "role": "claim",
      "txHash": "0xc023b0d580a1a590796ba51b401ae3a014c6fcc118a525516092a5b64d9287e6",
      "level": 0,
      "option": 0
    }
  ],
  "txRoles": [
    {
      "role": "deploy",
      "txHash": "0xe00a5b13f3d4b96e7551bce059df37d577cbea0433d119c640e050ca85fcd926"
    },
    {
      "role": "fund",
      "txHash": "0x7488cfa6c0fb171b9b174af7cae6526f31a853972c7712861cb7856d2542f5cd"
    },
    {
      "role": "claim",
      "txHash": "0xc023b0d580a1a590796ba51b401ae3a014c6fcc118a525516092a5b64d9287e6",
      "level": 0,
      "option": 0
    }
  ],
  "deployTxHash": "0xe00a5b13f3d4b96e7551bce059df37d577cbea0433d119c640e050ca85fcd926",
  "fundTxHash": "0x7488cfa6c0fb171b9b174af7cae6526f31a853972c7712861cb7856d2542f5cd",
  "claimTxHash": "0xc023b0d580a1a590796ba51b401ae3a014c6fcc118a525516092a5b64d9287e6",
  "txHash": "0xc023b0d580a1a590796ba51b401ae3a014c6fcc118a525516092a5b64d9287e6",
  "tx": "0xc023b0d580a1a590796ba51b401ae3a014c6fcc118a525516092a5b64d9287e6"
}
