ganache v7.9.2 (@ganache/cli: 0.10.2, @ganache/core: 0.10.2)
Starting RPC server

Available Accounts
==================
(0) 0x883776Edc1BB28cEB792135e2C8a38Cc0b3ed6F0 (1000 ETH)
(1) 0x48cF7DA41c7D8d7cEC94AF02E1535A3549D29C1B (1000 ETH)
(2) 0xFe2d331165b613B99A78b82a4dC0f9941508A979 (1000 ETH)
(3) 0xB6388F08BA8AA7bc3bbac10144394121370d83c3 (1000 ETH)
(4) 0xA807fA7B13CCCA3DA8776417Beb279EC95bedCc0 (1000 ETH)
(5) 0x42F7638ACCEfed4e543336422d8Cb641262F2B1C (1000 ETH)
(6) 0x2e0026cFc8f25836861E00b1863426c5aDA10e6C (1000 ETH)
(7) 0x8397F512f422e45334697aae501eaD9464542A85 (1000 ETH)
(8) 0x2Ce19A1f8af668C6C31A812bc671E54Ba07b8dA4 (1000 ETH)
(9) 0x7392Ae5d0A7cf668aeC3CEA18ad9abFb4814409e (1000 ETH)

Private Keys
==================
(0) 0xaf99171417c6ba1030119ee7ee726002cc49bfce9a0c332053396ef61d7c84a7
(1) 0x6be2bfa10d4e83b5fd29e34f575cd8a5caa3cc874f070bcab24a49583611ef2e
(2) 0x3cdb67d316a65d285821cefdea4c183339280627fa92c69d028fd6d6d829b832
(3) 0x62a617b398fec7e7ae111b5157970451e647aa44b9ea6678e59087044fd6d043
(4) 0x3e3ec83d3dea424753c6efde17c824ed571ff487f34c2e2a2ebf2b497e866d48
(5) 0x18a6b6c0d2732fd2e914fcad7aba795697c28baaed0ef4578cde8cf7d6de6c5f
(6) 0x22971534323313c2d99f4de48d9a55d7899c90180346ab9d9f1c0d0b3725d068
(7) 0x150f95d3d186deec4692f0f7b961899b80f60b1d928ee0625304e7e8b05c02c2
(8) 0x8c6b482bba2b42b5a71ec026e59391ea74a8d04ca62a17505a9bea4d4fde240d
(9) 0x105d34db94d24b4e764e97fa516125ce9cebff30b96763c40d17be9d7016246f

HD Wallet
==================
Mnemonic:      rate wet negative bleak swap practice stem comic short alien south hospital
Base HD Path:  m/44'/60'/0'/0/{account_index}

Default Gas Price
==================
2000000000

BlockGas Limit
==================
30000000

Call Gas Limit
==================
50000000

Chain
==================
Hardfork: shanghai
Id:       1337

RPC Listening on 127.0.0.1:8545
web3_clientVersion
eth_blockNumber
net_version
eth_accounts
eth_accounts
eth_blockNumber
net_version
eth_getBlockByNumber
eth_estimateGas
eth_getBlockByNumber
eth_gasPrice
eth_sendTransaction

  Transaction: 0x0ba5a37d753a9fb8ac9bd47ab70bb1ab9fdc0176e1987165b504c495b42766ed
  Contract created: 0x85263be9f6dd51005c8dd5a73af386a801dd5a7f
  Gas usage: 1123899
  Block number: 1
  Block time: Thu May 07 2026 22:12:45 GMT+0700 (Indochina Time)

eth_getTransactionReceipt
eth_getCode
eth_getTransactionReceipt
eth_getBlockByNumber
eth_gasPrice
eth_sendTransaction

  Transaction: 0x96a6ac7a45862e9128637e46e4b73aec11831ebc3f72db28708a94d48fc061b9
  Gas usage: 21055
  Block number: 2
  Block time: Thu May 07 2026 22:12:45 GMT+0700 (Indochina Time)

eth_getTransactionReceipt
net_version
eth_getBlockByNumber
eth_estimateGas
eth_getBlockByNumber
eth_gasPrice
eth_sendTransaction

  Transaction: 0xf3432b123ed65c5d59ee99eac397c4d1a0cdff61f6b25ba6ddfd6c907df47d98
  Gas usage: 68735
  Block number: 3
  Block time: Thu May 07 2026 22:12:45 GMT+0700 (Indochina Time)

eth_getTransactionReceipt
eth_blockNumber
eth_getBalance
eth_getTransactionByHash
debug_traceTransaction
eth_getTransactionByHash
debug_traceTransaction
eth_getTransactionByHash
debug_traceTransaction

Received shutdown signal: SIGTERM
Shutting down…
Server has been shut down
