ganache v7.9.2 (@ganache/cli: 0.10.2, @ganache/core: 0.10.2)
Starting RPC server
web3_clientVersion

Available Accounts
==================
(0) 0x48698b9168A41693a56FAF1CB7b99B35c560979b (1000 ETH)
(1) 0x7152822C28938D64A2c499e6D3D82f0114393DaF (1000 ETH)
(2) 0x1B17e5af0eAeA02c5CEBF4fe26938abB568B8E0d (1000 ETH)
(3) 0xC83F0866B31AdB9761485Ee5986f0444b8c3d74b (1000 ETH)
(4) 0xb1903D86c9Df3Cf19630cC5F0B51Db79c6EE2D87 (1000 ETH)
(5) 0x05653c12AC4163278C78775Bada3fe5f1B7250FA (1000 ETH)
(6) 0x0dD83f1eBb1fA79d02d1251Fe2457Cc9cf5BF096 (1000 ETH)
(7) 0x1a8240E4891fC40bc1E0D2Fe4677b79C16384584 (1000 ETH)
(8) 0x882a3A23519170A09EdA8CA316b26068D867482C (1000 ETH)
(9) 0xaFDb536AAd055e47b66667EE820123fCE435AA38 (1000 ETH)

Private Keys
==================
(0) 0xc1bef146d824f93dedd26763da9c7a942bfda830bae826154d9e00ba64a23e7b
(1) 0xc9fd7448751cca48359b4971f10d257bba6364f8da849d39b8605dff29abf684
(2) 0x5254d2e28e171ccb7caff5d7b8347ff51d5c7ac10b37e561ed1f3a62738990ca
(3) 0x9ca15993f02c589765d7bd4f3d95b5b94caa7d8a32f98ea526c5deaffdb1608f
(4) 0x8845a9fae2fe3e62fe58e108daf317d79461f1b74cc1250a4cbc0587cfbb8c22
(5) 0x1f293df652b0a58f945eaffbc6fac285b6966f4623913728efe59ae3a124e52e
(6) 0x8ed90a21d5bf71e731ec0000424e715d84111f5a594a776f23683f77600c019a
(7) 0x39cd4e4b502d0ab56b9847cf30b4f585825dcef048d9bc530c29c397e51941cb
(8) 0xbc0ba244194e5b24e352a1d4a6c92403348aa18117285886955cd6c3f1975d88
(9) 0x895d6fe4dae7fdbc6aa18c0e007af9a73352306a833e52deda6480dc8a0e1e69

HD Wallet
==================
Mnemonic:      result artefact man fame rebel raw wasp hobby city myth artefact nasty
Base HD Path:  m/44'/60'/0'/0/{account_index}

Default Gas Price
==================
2000000000

BlockGas Limit
==================
30000000

Call Gas Limit
==================
50000000

Chain
==================
Hardfork: shanghai
Id:       1337

RPC Listening on 127.0.0.1:8545
eth_blockNumber
net_version
eth_accounts
eth_accounts
eth_blockNumber
net_version
eth_getBlockByNumber
eth_estimateGas
eth_getBlockByNumber
eth_gasPrice
eth_sendTransaction

  Transaction: 0x6bd2c2ec05808a6a85cd5aa0823e096be8dfd499958c8fc7f033cade24c549dd
  Contract created: 0xfe9799f44bfb9b9591bc117ddb4b4fe6a0f73c93
  Gas usage: 1146799
  Block number: 1
  Block time: Thu May 07 2026 21:05:18 GMT+0700 (Indochina Time)

eth_getTransactionReceipt
eth_getCode
eth_getTransactionReceipt
eth_getBlockByNumber
eth_gasPrice
eth_sendTransaction

  Transaction: 0x383046821b79de152cdca1065903bd421946c3487e20aa0a2531c5ffc8f2ba77
  Gas usage: 21055
  Block number: 2
  Block time: Thu May 07 2026 21:05:18 GMT+0700 (Indochina Time)

eth_getTransactionReceipt
eth_blockNumber
evm_mine
eth_blockNumber
evm_mine
eth_blockNumber
evm_mine
eth_blockNumber
evm_mine
eth_blockNumber
evm_mine
eth_blockNumber
evm_mine
eth_blockNumber
net_version
eth_getBlockByNumber
eth_estimateGas
eth_getBlockByNumber
eth_gasPrice
eth_sendTransaction

  Transaction: 0x55dc34c7c0f26183c1484de98df6d858a1f5e91942b5c56f683db908b4c592aa
  Gas usage: 59561
  Block number: 9
  Block time: Thu May 07 2026 21:05:19 GMT+0700 (Indochina Time)

eth_getTransactionReceipt
eth_blockNumber
eth_getBalance
eth_getTransactionByHash
debug_traceTransaction
eth_getTransactionByHash
debug_traceTransaction
eth_getTransactionByHash
debug_traceTransaction

Received shutdown signal: SIGTERM
Shutting down…
Server has been shut down
