ganache v7.9.2 (@ganache/cli: 0.10.2, @ganache/core: 0.10.2)
Starting RPC server

Available Accounts
==================
(0) 0xE2ea73DaD835A27b981460524A685E87098f1caD (1000 ETH)
(1) 0x810F4023bAB1758E2D930C6C590b52fDFa64C84A (1000 ETH)
(2) 0x066BB02a603B8a0aCFfF5eA628603871791Ccc7a (1000 ETH)
(3) 0xFf4d700d5e12080d65adF16757d0520B4a7f4A7D (1000 ETH)
(4) 0x8F0049cD0645E0E8d30C052BF2C68367A43f10d9 (1000 ETH)
(5) 0x2f88d3c04F962Fd2Cc098c3C83DC86D184c5141D (1000 ETH)
(6) 0x47800465795a824F5B4979A744516F04Ab788Cfd (1000 ETH)
(7) 0xbD3b2754Ebb5A02D97DC67a3eC821AB102E0548E (1000 ETH)
(8) 0x18E077e6F42026312fB33da198A2AF1F42CfDC2A (1000 ETH)
(9) 0x108215110E34a64AF639Ba43A8eE815aDe5818FB (1000 ETH)

Private Keys
==================
(0) 0xcaf99b37b194dcde6e701c1ed10833e9d3f97025c1e08dd4da0959901dbf7b80
(1) 0xec89200d857ea4809c0adda7ac0e2c18117e26b3cda7b503b18024995644f963
(2) 0x334832a7b74c272c75536fb3c7da72aba613ac7b913ce907bf3dbf199b1a7972
(3) 0x19b88fcf5ee1d4dce509623b7ee4ea93ca2d189e8b10f029b31c657c5bca5f9b
(4) 0x4f9e5193bf642730221367e5cd2c5537c867fa96e44a8bf9910b9f176cc4bdd3
(5) 0xf7ce3746af8e79123408a73f7db7793340808dcf0c14bd6c6ce470a8a90dc1d2
(6) 0xabe1a7131c6163c1aedcb60f72329ff69b2b9936b701353f1b2b047511aa502d
(7) 0x56f34cd6c1d3f1f8f2f451a2201d097125e7f7c38837c8fa15137283996537f4
(8) 0x828a7544fb16b26c941a70ceaf726659bafc53984508695bea5f05f1beb8efb9
(9) 0xe56c98fc002384bf9084e1b75188a4e1b9fc229993103e25c24520e1345cb335

HD Wallet
==================
Mnemonic:      inch model play bean day plug arrange naive deny absent alien settle
Base HD Path:  m/44'/60'/0'/0/{account_index}

Default Gas Price
==================
2000000000

BlockGas Limit
==================
30000000

Call Gas Limit
==================
50000000

Chain
==================
Hardfork: shanghai
Id:       1337

RPC Listening on 127.0.0.1:8545
web3_clientVersion
eth_blockNumber
net_version
eth_accounts
eth_accounts
eth_blockNumber
net_version
eth_getBlockByNumber
eth_estimateGas
eth_getBlockByNumber
eth_gasPrice
eth_sendTransaction

  Transaction: 0x017c352a5071f410bf3862a31c489298c0d3e2d8d8e70e7e15e24337d216b0a3
  Contract created: 0x4e18dcf04b98652d610005d6396463dabbae63d7
  Gas usage: 1239462
  Block number: 1
  Block time: Thu May 07 2026 20:41:28 GMT+0700 (Indochina Time)

eth_getTransactionReceipt
eth_getCode
eth_getTransactionReceipt
eth_getBlockByNumber
eth_gasPrice
eth_sendTransaction

  Transaction: 0xc9e2b6c1619eddc733f0aac21a4f7d2b016761ad815690b42714d5f08c535ab5
  Gas usage: 21055
  Block number: 2
  Block time: Thu May 07 2026 20:41:28 GMT+0700 (Indochina Time)

eth_getTransactionReceipt
eth_blockNumber
evm_mine
eth_blockNumber
evm_mine
eth_blockNumber
evm_mine
eth_blockNumber
evm_mine
eth_blockNumber
evm_mine
eth_blockNumber
net_version
eth_getBlockByNumber
eth_estimateGas
eth_getBlockByNumber
eth_gasPrice
eth_sendTransaction

  Transaction: 0x2f15bd3190631489a27d9db922a8f56c8a4a703ec66b509dc15c0646e0b262bc
  Gas usage: 59539
  Block number: 8
  Block time: Thu May 07 2026 20:41:28 GMT+0700 (Indochina Time)

eth_getTransactionReceipt
eth_blockNumber
eth_getBalance
eth_getTransactionByHash
debug_traceTransaction
eth_getTransactionByHash
debug_traceTransaction
eth_getTransactionByHash
debug_traceTransaction

Received shutdown signal: SIGTERM
Shutting down…
Server has been shut down
