COMMAND: python3 experiments/scale_trace/scripts/trace_result_json.py /home/aothuatgiadp/blockchain/project/CTLC-Implementation/experiments/scale_trace/runs/random_v1_265/E-_A_evm_fund_ea_CTLCMultipleEdges_refund/result.json /home/aothuatgiadp/blockchain/project/CTLC-Implementation/experiments/scale_trace/runs/random_v1_265/E-_A_evm_fund_ea_CTLCMultipleEdges_refund/trace.json
STATUS: 0

STDOUT:
{
  "graph_id": "",
  "pair": "E->A|evm|fund:ea",
  "contract": "CTLCMultipleEdges",
  "scenario": "refund",
  "contractAddress": "0x408162009f7954A2f891C28367240E9e224f9401",
  "traces": {
    "deploy": {
      "tx_hash": "0xe208ed91e5fa4b414e70d863f63358a790ecaa0816939ab937217617ce3df9b8",
      "actual_calldata_bytes": 7753,
      "actual_sstore_count": 11,
      "actual_call_count": 0,
      "opcode_steps": 1984
    },
    "fund": {
      "tx_hash": "0x09797ca691af74be964584cf85a21bbde6d1442bd1e440c0c542c903bdcc7cdd",
      "actual_calldata_bytes": 0,
      "actual_sstore_count": 0,
      "actual_call_count": 0,
      "opcode_steps": 13
    },
    "refund_level0": {
      "tx_hash": "0x23850e99824ec1aa3797594dc372284907c08876ddb1855946f9b54564af1f54",
      "actual_calldata_bytes": 4,
      "actual_sstore_count": 1,
      "actual_call_count": 1,
      "opcode_steps": 224
    }
  }
}


STDERR:

