ganache v7.9.2 (@ganache/cli: 0.10.2, @ganache/core: 0.10.2)
Starting RPC server

Available Accounts
==================
(0) 0x8b4dBA3B871a4e23E1D330F1937a687Ab86671aD (1000 ETH)
(1) 0x4b6663e463CF23F82949273E2fAFe75ADFf1609F (1000 ETH)
(2) 0xC4EF635f217B980dA5c544aCf52b67F45068E525 (1000 ETH)
(3) 0xfbEe74Cce01FB507E1f4a59101ECa0785D11c5Df (1000 ETH)
(4) 0x09E9C0dC284EE52Adf5Dd6f8eEf5CfAc18879283 (1000 ETH)
(5) 0x8CBa3e60CB69Ee3ee27Dd5FAb6806FD858148199 (1000 ETH)
(6) 0x09dE01BABF0473cd26E911646C2De9586c7f1D1A (1000 ETH)
(7) 0x40CFa7381df55CA702eF9D320cF90217cd479E3e (1000 ETH)
(8) 0xc41Dab0369302a9aabD2177A321bF83a2FB78b49 (1000 ETH)
(9) 0x1587f6535c5F8f5B1D845e9A13CcE9F2A1e6032C (1000 ETH)

Private Keys
==================
(0) 0xd566e3cb37d1b6f4114269e56c5e8fb5473835c4e2c132e051dadec9f85d69af
(1) 0xbf69689acf7d600f4dbad21b0572612acacd56e1ca09fb25b09fd2070fe74092
(2) 0xb78ee04ac3d159751450ca907dbc6d5bf0194853f8fd03b497dcaf1cacb23012
(3) 0x6194d65949b40439b85e4f6196bb0cc57700b2702b51a96f0bdf1fa35db039a2
(4) 0xd1cb1d6f09edd1c31676e238bc4fc556e15de326d114c1f9829676cf899ae23c
(5) 0x2f51d53dd346d1e1815fc3046f76c04f8670722515d1933df4f71f796ffe15f6
(6) 0x554e6f95fb233e1321ae70ca3b6de1995b7c900e552a22536e6998e6f59f9947
(7) 0x5b43484a552fd41e6d1d88e52a69fc70a0b15c46c17472edfa7c1dc73c6dda30
(8) 0x489ba1ca7604e761824afdb09dae703bbcfb227977349cf947fb316e7e88e465
(9) 0x1dff7af121b99d415657443ca2a8f1aa77dd5bc7eb0c6295c1fd4b7943f2c66e

HD Wallet
==================
Mnemonic:      advice actress flee manage celery glory mom couch dress glad decorate betray
Base HD Path:  m/44'/60'/0'/0/{account_index}

Default Gas Price
==================
2000000000

BlockGas Limit
==================
30000000

Call Gas Limit
==================
50000000

Chain
==================
Hardfork: shanghai
Id:       1337

RPC Listening on 127.0.0.1:8545
web3_clientVersion
eth_blockNumber
net_version
eth_accounts
eth_accounts
eth_blockNumber
net_version
eth_getBlockByNumber
eth_estimateGas
eth_getBlockByNumber
eth_gasPrice
eth_sendTransaction

  Transaction: 0x89efab68d96f18c872b9bb042c29eca9fd8e19ef4d6612daa2626021e26be4ac
  Contract created: 0xb4098d8eb586451975b5575000be98b7d68cc388
  Gas usage: 1769101
  Block number: 1
  Block time: Fri May 08 2026 00:24:39 GMT+0700 (Indochina Time)

eth_getTransactionReceipt
eth_getCode
eth_getTransactionReceipt
eth_getBlockByNumber
eth_gasPrice
eth_sendTransaction

  Transaction: 0xcb499cbc8890e9b7930ebb8f299b97b6294f3c1f5fe6a7b79ad1fad328307b5e
  Gas usage: 21055
  Block number: 2
  Block time: Fri May 08 2026 00:24:39 GMT+0700 (Indochina Time)

eth_getTransactionReceipt
eth_blockNumber
evm_mine
eth_blockNumber
evm_mine
eth_blockNumber
evm_mine
eth_blockNumber
evm_mine
eth_blockNumber
evm_mine
eth_blockNumber
evm_mine
eth_blockNumber
net_version
eth_getBlockByNumber
eth_estimateGas
eth_getBlockByNumber
eth_gasPrice
eth_sendTransaction

  Transaction: 0xed805000d6e823ed2878ade53c7878f31100a2506dec8a73656268d0919072c1
  Gas usage: 52925
  Block number: 9
  Block time: Fri May 08 2026 00:24:39 GMT+0700 (Indochina Time)

eth_getTransactionReceipt
eth_blockNumber
net_version
eth_getBlockByNumber
eth_estimateGas
eth_getBlockByNumber
eth_gasPrice
eth_sendTransaction

  Transaction: 0x4b9384d633400d377f3ef0e99a816497bcfe226a0df90c429e0eb5b028f4a877
  Gas usage: 59539
  Block number: 10
  Block time: Fri May 08 2026 00:24:39 GMT+0700 (Indochina Time)

eth_getTransactionReceipt
eth_blockNumber
eth_getBalance
eth_getTransactionByHash
debug_traceTransaction
eth_getTransactionByHash
debug_traceTransaction
eth_getTransactionByHash
debug_traceTransaction
eth_getTransactionByHash
debug_traceTransaction

Received shutdown signal: SIGTERM
Shutting down…
Server has been shut down
