ganache v7.9.2 (@ganache/cli: 0.10.2, @ganache/core: 0.10.2)
Starting RPC server

Available Accounts
==================
(0) 0x27e667b5A320FcaDe875DcBF0Bcb764071c8D76a (1000 ETH)
(1) 0x04F636A1886340CbaA86F092F02e48F59d19Bfd3 (1000 ETH)
(2) 0xc381e78FECA2402D981278D8107e511bc9d01aa7 (1000 ETH)
(3) 0x2381d944FCd85b75f2c63A71CE25359710aF6865 (1000 ETH)
(4) 0x499aac6B83321b43cC5401fe4306e115d2ecF967 (1000 ETH)
(5) 0xa56E0cd8269a430a16225efFF436e51d0d7E8155 (1000 ETH)
(6) 0x603D4FCA95c4907E851884c3CbCe60dF6beaa7FF (1000 ETH)
(7) 0x7ccf530a26137A4f941FCC13a858Abb2391Fc2b2 (1000 ETH)
(8) 0x58A05d70448BAc0245803d6c36e24F4dB35362Dd (1000 ETH)
(9) 0x0C953D0Ee579C97E1DCc1370F0749fA2047820f8 (1000 ETH)

Private Keys
==================
(0) 0x9f60b1cdee93a22bf6a994425e9847bb44c5e2a9248956bf1d28d9621d320570
(1) 0x428d3867c74da8e4d7ef9b9022885109757f1a7a26caff0103ad830f6bbd3428
(2) 0x52e66fdbd668fb915c27dc7ffad88edbf815b15da8a5cc6e63a6ddbf00033ad9
(3) 0xff6c5784899e25b6bd62accd7daaa68440ca946b4cba25978098b6ba577eed0b
(4) 0x334927f29885fbbbb9f1753d3db1bc53fe33b55fcedf717acb730ba4fd08f19d
(5) 0xfcf8680935ca352ac67a2565f971a9fe9ae0fa763a5b390451411eccfab0df0a
(6) 0x5c3cc103e389e0546b81ba4e8675bff6471f13aaf2f40f66b8c9711bf31e697d
(7) 0x974aa317f9004e9f3893c7447062559ef970b63c3431fca00db670d05c5f02d8
(8) 0xff2b0e45d07902148a18c3fd4de9a9cad9626df947804f86e8a6eba378ce308c
(9) 0x0bcaba886abd59bf9ba02e8bd0b2912cd3f56e9a248ede948db5daf710bc2e74

HD Wallet
==================
Mnemonic:      fog spin flat undo apology ability pilot chicken inform deputy twin grunt
Base HD Path:  m/44'/60'/0'/0/{account_index}

Default Gas Price
==================
2000000000

BlockGas Limit
==================
30000000

Call Gas Limit
==================
50000000

Chain
==================
Hardfork: shanghai
Id:       1337

RPC Listening on 127.0.0.1:8545
web3_clientVersion
eth_blockNumber
net_version
eth_accounts
eth_accounts
eth_blockNumber
net_version
eth_getBlockByNumber
eth_estimateGas
eth_getBlockByNumber
eth_gasPrice
eth_sendTransaction

  Transaction: 0xc2bd98a0599f6ef5af1d7c0ba284aa740a5f4c3b49dbc6af7d9c37810d112f29
  Contract created: 0x29295fb5b9fd8c90b81c2a38e778f46465345d6f
  Gas usage: 1538448
  Block number: 1
  Block time: Fri May 08 2026 02:29:18 GMT+0700 (Indochina Time)

eth_getTransactionReceipt
eth_getCode
eth_getTransactionReceipt
eth_getBlockByNumber
eth_gasPrice
eth_sendTransaction

  Transaction: 0x3be40bfaa285ca9c4891fe20dc46d74e02782038343ac4f5bfc7ef8ab01a79ac
  Gas usage: 21055
  Block number: 2
  Block time: Fri May 08 2026 02:29:18 GMT+0700 (Indochina Time)

eth_getTransactionReceipt
eth_blockNumber
evm_mine
eth_blockNumber
evm_mine
eth_blockNumber
evm_mine
eth_blockNumber
evm_mine
eth_blockNumber
evm_mine
eth_blockNumber
evm_mine
eth_blockNumber
evm_mine
eth_blockNumber
net_version
eth_getBlockByNumber
eth_estimateGas
eth_getBlockByNumber
eth_gasPrice
eth_sendTransaction

  Transaction: 0x977489a892d8aad9e166fda372616df9d0b6748ec067a421ce12a0ba791cd8ef
  Gas usage: 52925
  Block number: 10
  Block time: Fri May 08 2026 02:29:18 GMT+0700 (Indochina Time)

eth_getTransactionReceipt
net_version
eth_getBlockByNumber
eth_estimateGas
eth_getBlockByNumber
eth_gasPrice
eth_sendTransaction

  Transaction: 0x4cd2c309365936bd89e3e9d3edde8707e1194de84ec7ce6f22f1038fa9673768
  Gas usage: 88918
  Block number: 11
  Block time: Fri May 08 2026 02:29:18 GMT+0700 (Indochina Time)

eth_getTransactionReceipt
eth_blockNumber
eth_getBalance
eth_getTransactionByHash
debug_traceTransaction
eth_getTransactionByHash
debug_traceTransaction
eth_getTransactionByHash
debug_traceTransaction
eth_getTransactionByHash
debug_traceTransaction

Received shutdown signal: SIGTERM
Shutting down…
Server has been shut down
