COMMAND: python3 experiments/scale_trace/scripts/trace_result_json.py /home/aothuatgiadp/blockchain/project/CTLC-Implementation/experiments/scale_trace/runs/random_v1_127/C-_D_evm_fund_cd_CTLCOnly_refund/result.json /home/aothuatgiadp/blockchain/project/CTLC-Implementation/experiments/scale_trace/runs/random_v1_127/C-_D_evm_fund_cd_CTLCOnly_refund/trace.json
STATUS: 0

STDOUT:
{
  "graph_id": "",
  "pair": "C->D|evm|fund:cd",
  "contract": "CTLCOnly",
  "scenario": "refund",
  "contractAddress": "0xF49ea97c340a373372FDDBdbD0c33E5559844C37",
  "traces": {
    "deploy": {
      "tx_hash": "0x910c7a53100425eb9c02df283cb9ef3c5f36667580bd70eeda7e0b13d680d04d",
      "actual_calldata_bytes": 7187,
      "actual_sstore_count": 11,
      "actual_call_count": 0,
      "opcode_steps": 1550
    },
    "fund": {
      "tx_hash": "0xf7546d8a9e188c97203450a0b00c67e4462d57c86ae31fdecb3a6bce7c381d14",
      "actual_calldata_bytes": 0,
      "actual_sstore_count": 0,
      "actual_call_count": 0,
      "opcode_steps": 13
    },
    "refund_level0": {
      "tx_hash": "0xd83895ceb4158d5a318720c17cafaeb712e909828191f30913dbbc02fafeee10",
      "actual_calldata_bytes": 4,
      "actual_sstore_count": 1,
      "actual_call_count": 1,
      "opcode_steps": 229
    }
  }
}


STDERR:

