ganache v7.9.2 (@ganache/cli: 0.10.2, @ganache/core: 0.10.2)
Starting RPC server

Available Accounts
==================
(0) 0x75dfAB1d48cba972F0BF3eA5A49A305Df9770aAb (1000 ETH)
(1) 0xd01e9F01D36e123aB4Feb3DD426A98caC05441E8 (1000 ETH)
(2) 0xa5F5E932205761885D72AD711268E3F2A12DBce5 (1000 ETH)
(3) 0x3D026792F3690085e80fE518da55dadEb8E5A792 (1000 ETH)
(4) 0x6B44A66123190DfDe9538Cc607efd785dE662Bf0 (1000 ETH)
(5) 0xf7e33696F52BCade2b2e2D2008F0A014AaA29218 (1000 ETH)
(6) 0x7f0f522d3D813ee79772FEb782987019D6fA1696 (1000 ETH)
(7) 0x7b5DcB719E9eA655d081Ec0E80d6592e670b2245 (1000 ETH)
(8) 0x7b67c7c16492e5c6D59c6AeeB2061347C8DA7A7C (1000 ETH)
(9) 0x584ECDF3f185289FE27F9E0faFA0FdD3d5eC8150 (1000 ETH)

Private Keys
==================
(0) 0xe9acf17dff1d1c0e21a23ecb319c4fffbfc20adb22cb65ff7e8d7da7c2fa8f5b
(1) 0xc1f2aeca3d080557d0daafec30e4d71e2db5840ec41dd0a5a908a0a1791f9d69
(2) 0x7affe5c9415529c36103cdf259d602ec47266c02a59adad9ec62e4813beda905
(3) 0x4f05f9a40226a4d99fdc6e6625de29872eb51bc377769cee8273c00feb6ca875
(4) 0x07844184a5afccf910265b3c32f19c6c161b63263c1ed22be219d000b3d94947
(5) 0x684bf80762f516c8b1e8a0cea16511544588d54ce47881551ba81a672b593436
(6) 0x8cb1fe2b5314021720a027fe086216bc586b46fced2372c3d79ce227f2ff6674
(7) 0x112a26c23de0998b81e1b54f59e38ed17ea73d8f24873c6a4ce7ad8d5ed29bbd
(8) 0x5898e6d6d76682c298bfb92b1425cd6b6fe8afe7a9e27b98781dd4979aba38d2
(9) 0xba76e1f17bd12d0255857c5ded2c7511e99f708bc01c346ae50aa0c19c7373fd

HD Wallet
==================
Mnemonic:      price business floor champion expect express produce stove buyer prefer salmon admit
Base HD Path:  m/44'/60'/0'/0/{account_index}

Default Gas Price
==================
2000000000

BlockGas Limit
==================
30000000

Call Gas Limit
==================
50000000

Chain
==================
Hardfork: shanghai
Id:       1337

RPC Listening on 127.0.0.1:8545
web3_clientVersion
eth_blockNumber
net_version
eth_accounts
eth_accounts
eth_blockNumber
net_version
eth_getBlockByNumber
eth_estimateGas
eth_getBlockByNumber
eth_gasPrice
eth_sendTransaction

  Transaction: 0x8f523cb41a06d548cf121c3b38506b87ec30835c37f83acbce5f2d312b4624e5
  Contract created: 0x6c69f42589ba26f7155f3ea8d45fa465d43fee57
  Gas usage: 1100975
  Block number: 1
  Block time: Thu May 07 2026 21:39:42 GMT+0700 (Indochina Time)

eth_getTransactionReceipt
eth_getCode
eth_getTransactionReceipt
eth_getBlockByNumber
eth_gasPrice
eth_sendTransaction

  Transaction: 0xcb270bca8967a6625b00d81cefc361cdfec398ce15f7096a8028746207e432f8
  Gas usage: 21055
  Block number: 2
  Block time: Thu May 07 2026 21:39:42 GMT+0700 (Indochina Time)

eth_getTransactionReceipt
eth_blockNumber
evm_mine
eth_blockNumber
evm_mine
eth_blockNumber
evm_mine
eth_blockNumber
evm_mine
eth_blockNumber
net_version
eth_getBlockByNumber
eth_estimateGas
eth_getBlockByNumber
eth_gasPrice
eth_sendTransaction

  Transaction: 0x1c9b4399a93d5b3e85ffd86c0af94782a641811fd3e1df8ec2a84ca3a2482f06
  Gas usage: 59561
  Block number: 7
  Block time: Thu May 07 2026 21:39:42 GMT+0700 (Indochina Time)

eth_getTransactionReceipt
eth_blockNumber
eth_getBalance
eth_getTransactionByHash
debug_traceTransaction
eth_getTransactionByHash
debug_traceTransaction
eth_getTransactionByHash
debug_traceTransaction

Received shutdown signal: SIGTERM
Shutting down…
Server has been shut down
