COMMAND: python3 experiments/scale_trace/scripts/trace_result_json.py /home/aothuatgiadp/blockchain/project/CTLC-Implementation/experiments/scale_trace/runs/random_v1_138/E-_C_evm_fund_ec_CTLCMultipleEdges_refund/result.json /home/aothuatgiadp/blockchain/project/CTLC-Implementation/experiments/scale_trace/runs/random_v1_138/E-_C_evm_fund_ec_CTLCMultipleEdges_refund/trace.json
STATUS: 0

STDOUT:
{
  "graph_id": "",
  "pair": "E->C|evm|fund:ec",
  "contract": "CTLCMultipleEdges",
  "scenario": "refund",
  "contractAddress": "0x24385B17E1a82E359b0a0C3cb8366854E4F8A159",
  "traces": {
    "deploy": {
      "tx_hash": "0x999aa1bab72747d27f0329de389827fd8cb7a0e9580556c7454b57dd6e747bdc",
      "actual_calldata_bytes": 7945,
      "actual_sstore_count": 17,
      "actual_call_count": 0,
      "opcode_steps": 2512
    },
    "fund": {
      "tx_hash": "0xcb147b23e60671dffc328c18729323e4425ed17f6f69e638f662d773fba5f256",
      "actual_calldata_bytes": 0,
      "actual_sstore_count": 0,
      "actual_call_count": 0,
      "opcode_steps": 13
    },
    "refund_level0": {
      "tx_hash": "0xd78cc4187a2a861ff3b9dfc52d193515246f87b7e8bc9a422d43e85da62dab56",
      "actual_calldata_bytes": 4,
      "actual_sstore_count": 1,
      "actual_call_count": 1,
      "opcode_steps": 224
    }
  }
}


STDERR:

