ganache v7.9.2 (@ganache/cli: 0.10.2, @ganache/core: 0.10.2)
Starting RPC server

Available Accounts
==================
(0) 0xfBd1BF195026A5160e5d169ef15853F465e6f3d8 (1000 ETH)
(1) 0xA39052bE75CC4E757Cf0fca739593F69a28931f7 (1000 ETH)
(2) 0x09D93D56caBC340A29ac3e673761E3752BD66548 (1000 ETH)
(3) 0x3bD741e7524632DE0d78Cdf1680FF38a6bf82271 (1000 ETH)
(4) 0x05bEc2980f724D2Fa5Ed97A8b0a783A47cbAF98c (1000 ETH)
(5) 0x9fb3B6f1042E96A4FF7eE4F7e90976435D1aF98e (1000 ETH)
(6) 0x7baB19b1B68447077b4B00C8434b500F608Ca386 (1000 ETH)
(7) 0xBBf56559E90b3B6d95622e57C7F3215853a36586 (1000 ETH)
(8) 0x3d6DD6a1CDE3d65A86eB4081C7EBb61961E74b77 (1000 ETH)
(9) 0xF8E12483b80d9043d9D3f8553b1FfB9ed1d8FF46 (1000 ETH)

Private Keys
==================
(0) 0xe9ade0c087d8484f129ec697a6dc5e0035db088c95eb5f1dd090329fe18f23cc
(1) 0x220df335153452cceacf80164fc0db8d7fca785def28e9807a838ec5658bcd92
(2) 0x2b6ab5fdec21d7d19745ae754f93bab9a97caa4d99e37c36c6f16209dd22a130
(3) 0xf723ed8c3ac72173d16108f7e3ab85b1da12964ebfd97ed51836b5b43f58c679
(4) 0x5f3203061c1125a8d7eacf1a3cd772ee5cdb68d524d67c598d57d8b12a27fb8d
(5) 0x028b0eec74d8e6d91482c1b78c96ca611276defa0e078e95a56518f241bb7a7d
(6) 0x4811911a643c3c612804ac1ed23081cc0dc063e01ff9b68dce2e62dac38ada5b
(7) 0x64ebe59f037cf01037725b1f21e9f3e0f618a5229e1969e784796fc5fc185354
(8) 0x2524c18ae572127b61a58d2a04b29e92c073843cf1a0f61da98315555afe9618
(9) 0xd6480ef9c252f44a5fd0e20c9c7f55a703fb75db57ea3f02e975007751735f54

HD Wallet
==================
Mnemonic:      gap wing shoulder ocean loop rural click car peace try cabbage expand
Base HD Path:  m/44'/60'/0'/0/{account_index}

Default Gas Price
==================
2000000000

BlockGas Limit
==================
30000000

Call Gas Limit
==================
50000000

Chain
==================
Hardfork: shanghai
Id:       1337

RPC Listening on 127.0.0.1:8545
web3_clientVersion
eth_blockNumber
net_version
eth_accounts
eth_accounts
eth_blockNumber
net_version
eth_getBlockByNumber
eth_estimateGas
eth_getBlockByNumber
eth_gasPrice
eth_sendTransaction

  Transaction: 0x3ea18013428df6c86e91771801e002e470736f70e3f6e9f3c55c6ec7db20fafa
  Contract created: 0x20cf54f81a6c7892578b6761f4231ac2bb7a63b7
  Gas usage: 5887590
  Block number: 1
  Block time: Fri May 08 2026 03:07:18 GMT+0700 (Indochina Time)

eth_getTransactionReceipt
eth_getCode
eth_getTransactionReceipt
eth_getBlockByNumber
eth_gasPrice
eth_sendTransaction

  Transaction: 0xadfbfd6aa5709c71554a78a9e3790d83d9c4a740bb0fde02a17c31208b4c8a5a
  Gas usage: 21055
  Block number: 2
  Block time: Fri May 08 2026 03:07:18 GMT+0700 (Indochina Time)

eth_getTransactionReceipt
eth_blockNumber
evm_mine
eth_blockNumber
evm_mine
eth_blockNumber
evm_mine
eth_blockNumber
evm_mine
eth_blockNumber
evm_mine
eth_blockNumber
evm_mine
eth_blockNumber
net_version
eth_getBlockByNumber
eth_estimateGas
eth_getBlockByNumber
eth_gasPrice
eth_sendTransaction

  Transaction: 0xc860450b6962dfa57917713c161e99fb2a2e2ae8a30078b05c37b035aad942a1
  Gas usage: 52925
  Block number: 9
  Block time: Fri May 08 2026 03:07:18 GMT+0700 (Indochina Time)

eth_getTransactionReceipt
eth_blockNumber
net_version
eth_getBlockByNumber
eth_estimateGas
eth_getBlockByNumber
eth_gasPrice
eth_sendTransaction

  Transaction: 0x4177e27c941167b8fa4c4a3f5642eff212e8e4bcc6908a9cb63dda1abc54e9de
  Gas usage: 35837
  Block number: 10
  Block time: Fri May 08 2026 03:07:18 GMT+0700 (Indochina Time)

eth_getTransactionReceipt
eth_blockNumber
net_version
eth_getBlockByNumber
eth_estimateGas
eth_getBlockByNumber
eth_gasPrice
eth_sendTransaction

  Transaction: 0xe88f2bee4552fd09013710d856122216e25f2b97ceff68d206cc18ebb525fad8
  Gas usage: 35837
  Block number: 11
  Block time: Fri May 08 2026 03:07:18 GMT+0700 (Indochina Time)

eth_getTransactionReceipt
net_version
eth_getBlockByNumber
eth_estimateGas
eth_getBlockByNumber
eth_gasPrice
eth_sendTransaction

  Transaction: 0x70054a18dde2d5bb58ee46c16673b7ff760512a733bc0f80c50a332b20584106
  Gas usage: 88918
  Block number: 12
  Block time: Fri May 08 2026 03:07:19 GMT+0700 (Indochina Time)

eth_getTransactionReceipt
eth_blockNumber
eth_getBalance
eth_getTransactionByHash
debug_traceTransaction
eth_getTransactionByHash
debug_traceTransaction
eth_getTransactionByHash
debug_traceTransaction
eth_getTransactionByHash
debug_traceTransaction
eth_getTransactionByHash
debug_traceTransaction
eth_getTransactionByHash
debug_traceTransaction

Received shutdown signal: SIGTERM
Shutting down…
Server has been shut down
