COMMAND: python3 experiments/scale_trace/scripts/trace_result_json.py /home/aothuatgiadp/blockchain/project/CTLC-Implementation/experiments/scale_trace/runs/random_v1_151/F-_A_evm_fund_fa_CTLCOnly_best_claim/result.json /home/aothuatgiadp/blockchain/project/CTLC-Implementation/experiments/scale_trace/runs/random_v1_151/F-_A_evm_fund_fa_CTLCOnly_best_claim/trace.json
STATUS: 0

STDOUT:
{
  "graph_id": "",
  "pair": "F->A|evm|fund:fa",
  "contract": "CTLCOnly",
  "scenario": "best_claim",
  "contractAddress": "0x7820Ce809674015e949b83cA7735A7F890519CB7",
  "traces": {
    "deploy": {
      "tx_hash": "0xf23078372d22292e6a5cfbad4bd00f7132408f16dc885b3cfaa4165f49580112",
      "actual_calldata_bytes": 7091,
      "actual_sstore_count": 8,
      "actual_call_count": 0,
      "opcode_steps": 1286
    },
    "fund": {
      "tx_hash": "0xd9d2d240f9957d06c74215418a477ee6dddff99517eac34e55f426fd087e7761",
      "actual_calldata_bytes": 0,
      "actual_sstore_count": 0,
      "actual_call_count": 0,
      "opcode_steps": 13
    },
    "claim_level0": {
      "tx_hash": "0x4cf24f3271f6cb4ca6749e5e50d9c55ae67708d9e5605d16262d1837800dd5db",
      "actual_calldata_bytes": 196,
      "actual_sstore_count": 1,
      "actual_call_count": 1,
      "opcode_steps": 793
    }
  }
}


STDERR:

