COMMAND: python3 experiments/scale_trace/scripts/trace_result_json.py /home/aothuatgiadp/blockchain/project/CTLC-Implementation/experiments/scale_trace/runs/random_v1_284/E-_C_evm_fund_ec_CTLCMultipleEdges_best_claim/result.json /home/aothuatgiadp/blockchain/project/CTLC-Implementation/experiments/scale_trace/runs/random_v1_284/E-_C_evm_fund_ec_CTLCMultipleEdges_best_claim/trace.json
STATUS: 0

STDOUT:
{
  "graph_id": "",
  "pair": "E->C|evm|fund:ec",
  "contract": "CTLCMultipleEdges",
  "scenario": "best_claim",
  "contractAddress": "0x2EB23915fdDa98E45b3bc875edd4d4De1D470dAf",
  "traces": {
    "deploy": {
      "tx_hash": "0xe8541eef651a3bc80f2066f59d20599e5c04d80cc3f79a4296bec25ba2932eb8",
      "actual_calldata_bytes": 7881,
      "actual_sstore_count": 15,
      "actual_call_count": 0,
      "opcode_steps": 2336
    },
    "fund": {
      "tx_hash": "0xb2bbe0b6ee740cc6cdd2d6d920dc6804272d00fb575bf2c75272a7165a3efe5e",
      "actual_calldata_bytes": 0,
      "actual_sstore_count": 0,
      "actual_call_count": 0,
      "opcode_steps": 13
    },
    "claim_level0": {
      "tx_hash": "0x3d7cc347a51e2329ec53f84b4e0365b307cc4eb001b405ff10ecea53019139ed",
      "actual_calldata_bytes": 420,
      "actual_sstore_count": 1,
      "actual_call_count": 1,
      "opcode_steps": 1597
    }
  }
}


STDERR:

