ganache v7.9.2 (@ganache/cli: 0.10.2, @ganache/core: 0.10.2)
Starting RPC server

Available Accounts
==================
(0) 0x4C377cA4197227CF88Abc06EfdC6566A21464ee8 (1000 ETH)
(1) 0xfAf5462c4F9c14c4F06F0ce318838e164D04d643 (1000 ETH)
(2) 0x466cE3C7F743977A7b0F4b0A32Aed4e5d0e0506E (1000 ETH)
(3) 0x8C2463b139D7B3b6C283BAdda110137c24cAe621 (1000 ETH)
(4) 0x2835C1CE620c4373d8F13bb3Dd1CBAc2B53D4CFB (1000 ETH)
(5) 0x88b0BFcac029b018ec3108c1afE9cd5113d47218 (1000 ETH)
(6) 0xce8d3B6fF0d066058Ab0780A620B0D176e4A7e15 (1000 ETH)
(7) 0x66F52DCEb53D9bEA09f7f4863cC93A2f4e3eb330 (1000 ETH)
(8) 0x31eF488f9378cd7a487cb781b4F6002Ca3Da9B32 (1000 ETH)
(9) 0x7b974f094a0A3B4b1c7cbad3b22Cdc33a82c68aC (1000 ETH)

Private Keys
==================
(0) 0xf90a0ba0f6e173f8ab67fc8ee3f470988878f31464702bf708c3a0574a62d968
(1) 0xeddb2f585da43e493e403cf314c5577cbca86936c44a7bef3f53d6e663a83761
(2) 0x95920ff74d3f62a8d1ff3001086c6ddc83b4548fe630fe3b3f95f658c4e7e0b1
(3) 0xf9b39c71757b5465927771447471ac38c3a76839beeb941c99a7c247f96873e7
(4) 0xf0855cdce0a5d2056c6f23dcf77d47b8d55b9041802dc3f280df0ebf7b1c3ba1
(5) 0xd1fc2afa58bd7d0c5ed8bf99504ff313a686d244072860da0bc8b92db7ee3dac
(6) 0x948c3fde7eaca6121dbe8663a60c9ce2d5fd2ed1a99a8d59b1486db2ad262637
(7) 0x6bdf02be111132ebcdbc16f74949220501be61d966ab08cc896f609103b5addb
(8) 0x905bc7c5ac94032b543bf7cb60c9e2734e1d57c0cf14aab0f992e03f16787d6b
(9) 0x47a9c593edfa3a42fe491d026c93ee944ad275ae4eda0c3a7aa32f44a778985f

HD Wallet
==================
Mnemonic:      rice fancy bring lesson pass mind reject exclude slot smoke silent luggage
Base HD Path:  m/44'/60'/0'/0/{account_index}

Default Gas Price
==================
2000000000

BlockGas Limit
==================
30000000

Call Gas Limit
==================
50000000

Chain
==================
Hardfork: shanghai
Id:       1337

RPC Listening on 127.0.0.1:8545
web3_clientVersion
eth_blockNumber
net_version
eth_accounts
eth_accounts
eth_blockNumber
net_version
eth_getBlockByNumber
eth_estimateGas
eth_getBlockByNumber
eth_gasPrice
eth_sendTransaction

  Transaction: 0x773cdd6509650cd0833c5dffffeeb3e80cfdc7be7d7125f2a9fb1eacad4e6de8
  Contract created: 0x3b71cb5aee2b7d53435c1ff71f3f67c1769731ab
  Gas usage: 1123899
  Block number: 1
  Block time: Thu May 07 2026 21:53:07 GMT+0700 (Indochina Time)

eth_getTransactionReceipt
eth_getCode
eth_getTransactionReceipt
eth_getBlockByNumber
eth_gasPrice
eth_sendTransaction

  Transaction: 0xabdb8b8bbfed4586694e918a290a480a5714af66f1500f6faa6ece80908dea7a
  Gas usage: 21055
  Block number: 2
  Block time: Thu May 07 2026 21:53:07 GMT+0700 (Indochina Time)

eth_getTransactionReceipt
eth_blockNumber
evm_mine
eth_blockNumber
evm_mine
eth_blockNumber
evm_mine
eth_blockNumber
evm_mine
eth_blockNumber
evm_mine
eth_blockNumber
net_version
eth_getBlockByNumber
eth_estimateGas
eth_getBlockByNumber
eth_gasPrice
eth_sendTransaction

  Transaction: 0xba013f83660fa89d73c2185eb16579854b6f9b3ca3cee00790862e3e3f0c91a9
  Gas usage: 59561
  Block number: 8
  Block time: Thu May 07 2026 21:53:07 GMT+0700 (Indochina Time)

eth_getTransactionReceipt
eth_blockNumber
eth_getBalance
eth_getTransactionByHash
debug_traceTransaction
eth_getTransactionByHash
debug_traceTransaction
eth_getTransactionByHash
debug_traceTransaction

Received shutdown signal: SIGTERM
Shutting down…
Server has been shut down
