Using network 'development'.

{
  "ok": true,
  "graph_id": "",
  "pair": "F->G|evm|fund:fg",
  "pairKey": "F->G|evm|fund:fg",
  "contract": "CTLCOnly",
  "scenario": "best_claim",
  "deployGas": "0x11263b",
  "gasUsed": "68747",
  "disableGasUsed": "",
  "claimGasUsed": "68747",
  "refundGasUsed": "",
  "contractAddress": "0x222042198A3Ec44805fb72Cd0C9d7B6091550141",
  "startBlock": "0",
  "endBlock": "3",
  "finalContractBalanceWei": "0",
  "deployer": "0x33A54d9f46B533235FA3629A1f37e2C8cDe6eB02",
  "party": "0xFE2023d0F7794f22c9965008957b8A4162cB7e9e",
  "counterparty": "0xb503c89b0c807d30b70De4C3156340572753822D",
  "fundingWei": "1000000000000000000",
  "timelocks": [
    7
  ],
  "transactions": [
    {
      "role": "deploy",
      "txHash": "0xf35c391243d2eb371367d8e97bae32b3c0a756694f74f6d0aa8efda7c7f9efee"
    },
    {
      "role": "fund",
      "txHash": "0xbfe382a9f2ab3efd57af3e8b2181915cec5087486d91cedf8667a8616474785e"
    },
    {
      "role": "claim",
      "txHash": "0x31c1a4d3754e00748c724aefcd61f04c17d8a712f551c8fba7b9767314f9f096",
      "level": 0,
      "option": 0
    }
  ],
  "txRoles": [
    {
      "role": "deploy",
      "txHash": "0xf35c391243d2eb371367d8e97bae32b3c0a756694f74f6d0aa8efda7c7f9efee"
    },
    {
      "role": "fund",
      "txHash": "0xbfe382a9f2ab3efd57af3e8b2181915cec5087486d91cedf8667a8616474785e"
    },
    {
      "role": "claim",
      "txHash": "0x31c1a4d3754e00748c724aefcd61f04c17d8a712f551c8fba7b9767314f9f096",
      "level": 0,
      "option": 0
    }
  ],
  "deployTxHash": "0xf35c391243d2eb371367d8e97bae32b3c0a756694f74f6d0aa8efda7c7f9efee",
  "fundTxHash": "0xbfe382a9f2ab3efd57af3e8b2181915cec5087486d91cedf8667a8616474785e",
  "claimTxHash": "0x31c1a4d3754e00748c724aefcd61f04c17d8a712f551c8fba7b9767314f9f096",
  "txHash": "0x31c1a4d3754e00748c724aefcd61f04c17d8a712f551c8fba7b9767314f9f096",
  "tx": "0x31c1a4d3754e00748c724aefcd61f04c17d8a712f551c8fba7b9767314f9f096"
}
