ganache v7.9.2 (@ganache/cli: 0.10.2, @ganache/core: 0.10.2)
Starting RPC server
web3_clientVersion

Available Accounts
==================
(0) 0x93e010C4F8AeEb48d7d6f6424F39Bea88E8b250E (1000 ETH)
(1) 0x1b457C04b3229bD4b749ee62301623D6fF34c6dd (1000 ETH)
(2) 0xB06c56FB2de48510511e583c326874c25Ac44258 (1000 ETH)
(3) 0x762Dee340D80c6Ac2D89E730758d05BfcC2dFA05 (1000 ETH)
(4) 0x488518bc6b37AAc7a483c316342232f4FA3d0124 (1000 ETH)
(5) 0xA5F8554DEe0fA4024E2e79a11A37cbB7b44E8C6E (1000 ETH)
(6) 0x1006C8dE3D662533b17C2Ac27F0cd31C171b1b6d (1000 ETH)
(7) 0x1B4140548C2A521c4de92faee93C5ee461198C7c (1000 ETH)
(8) 0x829B729AE4aA14158148C8E288c39839D0936311 (1000 ETH)
(9) 0x5816A317b5f6261524B4e9DC203212AEd7aD8E7b (1000 ETH)

Private Keys
==================
(0) 0x082798e646c1e828adb2351ccc3de98d49f2329d2930b3684562b38e919444f8
(1) 0x21844ea85f9b530921ee44ff96d5be8f9652f1595b779888de8766018de37bda
(2) 0x7aa1ad3a198a59f6e7c61d5bfb5fb74543944dabe665233939349f46afbbdee1
(3) 0x215e15c350cabaeefc41bd04e437da74c48bad16fc26788d21174c755136f47d
(4) 0xe0e761a757ecf5c6a5d3fe55f2d05e10007c4c5fc4a3a4bface381a8e682490a
(5) 0x1085a1afb40f8ffb896a284954f17b617782d81b9c2c640bc2628d1d2d48784c
(6) 0x1914bd0b1f15158bee1eda67803e40d60331a2fde72290cae97ebd749deaa920
(7) 0x5e3b5097fab9d81f1b6df67ba1f757ade2f473300f4bc7357b968af6a0e08016
(8) 0xfa32ffc358b31446dd10fe889e793299df8a2bace15807b26555d61360668502
(9) 0x3b8d9c47b2caab9207dd8fa43f0c7a02ab9e4bf3e02556b38c2a1a75636fb02a

HD Wallet
==================
Mnemonic:      case bubble join system later soul lawsuit gossip hole trade simple bullet
Base HD Path:  m/44'/60'/0'/0/{account_index}

Default Gas Price
==================
2000000000

BlockGas Limit
==================
30000000

Call Gas Limit
==================
50000000

Chain
==================
Hardfork: shanghai
Id:       1337

RPC Listening on 127.0.0.1:8545
eth_blockNumber
net_version
eth_accounts
eth_accounts
eth_blockNumber
net_version
eth_getBlockByNumber
eth_estimateGas
eth_getBlockByNumber
eth_gasPrice
eth_sendTransaction

  Transaction: 0xde88d692e4e6ab718c14bbdf510740f564e5a7f8f4b284fa8207442bc29ec1fb
  Contract created: 0x7a325c943dd30ce88b60aecb0f38119e4fe388d2
  Gas usage: 1285274
  Block number: 1
  Block time: Thu May 07 2026 22:11:36 GMT+0700 (Indochina Time)

eth_getTransactionReceipt
eth_getCode
eth_getTransactionReceipt
eth_getBlockByNumber
eth_gasPrice
eth_sendTransaction

  Transaction: 0xdcd06095269545b208e4ca3f08f2380b4b97064b40918a11086b749cdd95e1d8
  Gas usage: 21055
  Block number: 2
  Block time: Thu May 07 2026 22:11:36 GMT+0700 (Indochina Time)

eth_getTransactionReceipt
net_version
eth_getBlockByNumber
eth_estimateGas
eth_getBlockByNumber
eth_gasPrice
eth_sendTransaction

  Transaction: 0x07b259d84b5599fa10f2b7b7f0a07bc4eaba4462e8e97c03a0084ec172680751
  Gas usage: 75948
  Block number: 3
  Block time: Thu May 07 2026 22:11:36 GMT+0700 (Indochina Time)

eth_getTransactionReceipt
eth_blockNumber
eth_getBalance
eth_getTransactionByHash
debug_traceTransaction
eth_getTransactionByHash
debug_traceTransaction
eth_getTransactionByHash
debug_traceTransaction

Received shutdown signal: SIGTERM
Shutting down…
Server has been shut down
