ganache v7.9.2 (@ganache/cli: 0.10.2, @ganache/core: 0.10.2)
Starting RPC server

Available Accounts
==================
(0) 0x2A184Bbdc385Ec0007FC23214ce1B15Ad882B951 (1000 ETH)
(1) 0x1D5483371e2119D4B4E29488CE65f9b3A77f8431 (1000 ETH)
(2) 0xe9aC670292D2B44e66f47C6143C420284E62CadF (1000 ETH)
(3) 0xB867884703B5Ca108012100D640D968ec68A8360 (1000 ETH)
(4) 0xc0DDBE1901c888c08705f713377594D188eF9C51 (1000 ETH)
(5) 0x89d7F1E46240086dbB4E1F6D00c86201bB207741 (1000 ETH)
(6) 0xbeCBFddd13bD9cD210633d922C50970650f0CcE8 (1000 ETH)
(7) 0x013F4cdf5227799ec9da1c6536a0c9025220efE5 (1000 ETH)
(8) 0x4fB6F1335CD9e623AB55855e08f2184fa36ac888 (1000 ETH)
(9) 0xD299e8Cf9031e4aE674c164BeA8a4742e933D2B4 (1000 ETH)

Private Keys
==================
(0) 0x70f3ed18f8968a6bf6483804d235b013dc6def8a0182216da1b78e2f464221d4
(1) 0x7d5eda24e95c95ff7b86fbea6164ef199c3562081a593ed64897ad4703db433f
(2) 0x83dbbfeb3aa249154ef1ddd56ea87594f08fa0ac1481eebba64995f4a9f13907
(3) 0x9128ff0c94543fda0532f518b67dea0fa5ef81ec05be0031bf560ecd6ea51bee
(4) 0x20a57f211d834e4f3e1b2f01dca6f0f23eeaacbea22fc54c4a26f06675bc15a2
(5) 0xce127b33b73723514786488b548943e0c77da9fe48480c72c1bbc34231da76a6
(6) 0x07f16b286019aef5bed3e6f47bbc82595689a4522111b83b2a5a4fcf9c572434
(7) 0xb9337619bc2ca0b91b5eb8d476e1b09d1d0616098d19e4c041fd96e908246328
(8) 0x70d6097109279e31d21dc2f5f22d42c08d9b8324bf197a20d94a8fb9180ce754
(9) 0xdb6612d4ead298bf6757332df5a2808e444b8789f2580fdc9b23d8628f08e090

HD Wallet
==================
Mnemonic:      toy hurdle grant town horn hurdle chase barrel history heavy pledge memory
Base HD Path:  m/44'/60'/0'/0/{account_index}

Default Gas Price
==================
2000000000

BlockGas Limit
==================
30000000

Call Gas Limit
==================
50000000

Chain
==================
Hardfork: shanghai
Id:       1337

RPC Listening on 127.0.0.1:8545
web3_clientVersion
eth_blockNumber
net_version
eth_accounts
eth_accounts
eth_blockNumber
net_version
eth_getBlockByNumber
eth_estimateGas
eth_getBlockByNumber
eth_gasPrice
eth_sendTransaction

  Transaction: 0x4c4a35955cc3d80422eee94d268567f77aa5f400d0caa9387a11e226286d4c58
  Contract created: 0xcd1ca0a68f3f33115563149c2d9cc26b3d7f9899
  Gas usage: 1400089
  Block number: 1
  Block time: Fri May 08 2026 01:32:49 GMT+0700 (Indochina Time)

eth_getTransactionReceipt
eth_getCode
eth_getTransactionReceipt
eth_getBlockByNumber
eth_gasPrice
eth_sendTransaction

  Transaction: 0xd5d9f2d05e5434c9bec73cea08bdaa4b16ac9ead06d7d03c417df302ed30e916
  Gas usage: 21055
  Block number: 2
  Block time: Fri May 08 2026 01:32:49 GMT+0700 (Indochina Time)

eth_getTransactionReceipt
eth_blockNumber
evm_mine
eth_blockNumber
evm_mine
eth_blockNumber
evm_mine
eth_blockNumber
evm_mine
eth_blockNumber
evm_mine
eth_blockNumber
net_version
eth_getBlockByNumber
eth_estimateGas
eth_getBlockByNumber
eth_gasPrice
eth_sendTransaction

  Transaction: 0xe40becb83040978d9b3785c77d9a3e92475f9e4181339dadcb091ec5373b513f
  Gas usage: 52947
  Block number: 8
  Block time: Fri May 08 2026 01:32:49 GMT+0700 (Indochina Time)

eth_getTransactionReceipt
eth_blockNumber
net_version
eth_getBlockByNumber
eth_estimateGas
eth_getBlockByNumber
eth_gasPrice
eth_sendTransaction

  Transaction: 0xe66d75af2ce64066f4b94f93a9415a74f5703fbee4db01e84b50883a1202c743
  Gas usage: 35859
  Block number: 9
  Block time: Fri May 08 2026 01:32:49 GMT+0700 (Indochina Time)

eth_getTransactionReceipt
net_version
eth_getBlockByNumber
eth_estimateGas
eth_getBlockByNumber
eth_gasPrice
eth_sendTransaction

  Transaction: 0xcff2a94955ae85361edce9dc6e13387a6009a8d3f4afa45cf81bb941da986cc1
  Gas usage: 81176
  Block number: 10
  Block time: Fri May 08 2026 01:32:49 GMT+0700 (Indochina Time)

eth_getTransactionReceipt
eth_blockNumber
eth_getBalance
eth_getTransactionByHash
debug_traceTransaction
eth_getTransactionByHash
debug_traceTransaction
eth_getTransactionByHash
debug_traceTransaction
eth_getTransactionByHash
debug_traceTransaction
eth_getTransactionByHash
debug_traceTransaction

Received shutdown signal: SIGTERM
Shutting down…
Server has been shut down
