Using network 'development'.

{
  "ok": true,
  "graph_id": "",
  "pair": "C->D|evm|fund:cd",
  "pairKey": "C->D|evm|fund:cd",
  "contract": "CTLCOnly",
  "scenario": "refund",
  "deployGas": "0x15011e",
  "gasUsed": "112508",
  "disableGasUsed": "52947",
  "claimGasUsed": "",
  "refundGasUsed": "59561",
  "contractAddress": "0x9bFC720BDe5571E05fd5F790E43447004A7786D0",
  "startBlock": "0",
  "endBlock": "12",
  "finalContractBalanceWei": "0",
  "deployer": "0x9c594a5bF43b99031A3beb378b51B70fE0ABb7d5",
  "party": "0xb6c270e80B8F54A8c98C02344B2bD39aF5b9b849",
  "counterparty": "0x0A3Bc975e7AE022639928DEC926E6e7D09297B90",
  "fundingWei": "1000000000000000000",
  "timelocks": [
    10,
    11
  ],
  "transactions": [
    {
      "role": "deploy",
      "txHash": "0x6906fc0d39e351a7c75b7b6fa1ca976b68b4339d31bfd8235f5a0a574c532656"
    },
    {
      "role": "fund",
      "txHash": "0x4895841935e2d20a160caf825bb4e3a40afcb936e72360b850b1cbb9492b2adc"
    },
    {
      "role": "disable",
      "txHash": "0x6ec38b3262f2f3715522a63428fde7daa00325589b790750c0848ee67fa8f5c5",
      "level": 0
    },
    {
      "role": "refund",
      "txHash": "0x8e067ed78d0fa732b341d228fc0be0de9c2bd22adb9d9126bcf417019ccdc4ca",
      "level": 1
    }
  ],
  "txRoles": [
    {
      "role": "deploy",
      "txHash": "0x6906fc0d39e351a7c75b7b6fa1ca976b68b4339d31bfd8235f5a0a574c532656"
    },
    {
      "role": "fund",
      "txHash": "0x4895841935e2d20a160caf825bb4e3a40afcb936e72360b850b1cbb9492b2adc"
    },
    {
      "role": "disable",
      "txHash": "0x6ec38b3262f2f3715522a63428fde7daa00325589b790750c0848ee67fa8f5c5",
      "level": 0
    },
    {
      "role": "refund",
      "txHash": "0x8e067ed78d0fa732b341d228fc0be0de9c2bd22adb9d9126bcf417019ccdc4ca",
      "level": 1
    }
  ],
  "deployTxHash": "0x6906fc0d39e351a7c75b7b6fa1ca976b68b4339d31bfd8235f5a0a574c532656",
  "fundTxHash": "0x4895841935e2d20a160caf825bb4e3a40afcb936e72360b850b1cbb9492b2adc",
  "disableTxHashes": [
    "0x6ec38b3262f2f3715522a63428fde7daa00325589b790750c0848ee67fa8f5c5"
  ],
  "disableTxHash": "0x6ec38b3262f2f3715522a63428fde7daa00325589b790750c0848ee67fa8f5c5",
  "disableTx": "0x6ec38b3262f2f3715522a63428fde7daa00325589b790750c0848ee67fa8f5c5",
  "refundTxHash": "0x8e067ed78d0fa732b341d228fc0be0de9c2bd22adb9d9126bcf417019ccdc4ca",
  "refundTx": "0x8e067ed78d0fa732b341d228fc0be0de9c2bd22adb9d9126bcf417019ccdc4ca"
}
