ganache v7.9.2 (@ganache/cli: 0.10.2, @ganache/core: 0.10.2)
Starting RPC server

Available Accounts
==================
(0) 0x6AD669B5887a06eE4Cc7693Ee6118F0e1F1f3c91 (1000 ETH)
(1) 0x317B988A0E4E1b4a66DaC27e493004f9654911Fa (1000 ETH)
(2) 0x0dc12789962d89Cd017355d77350F87ce02D8C0e (1000 ETH)
(3) 0x585b09024a238aCFC058bfBd7aeE8bA5BC2B7D63 (1000 ETH)
(4) 0x875a6ED5742F07FedBF3a84439eB47080eee8c49 (1000 ETH)
(5) 0x63ce66140891FadAf329D340f79c3AB62DCAA993 (1000 ETH)
(6) 0xDf5c89B272Be6e0B1BA73420557b45b65db75D5d (1000 ETH)
(7) 0x8821f363251D473Bd9F0044c1555FE90c782df8F (1000 ETH)
(8) 0xe773e40d16f71924C7EBCd077db051Ebf28e0747 (1000 ETH)
(9) 0x7f69DB341d4Afe4208dc94E364E530B02122C017 (1000 ETH)

Private Keys
==================
(0) 0x74a845ce18e162ad0f3273ab8bde3d515cd8330d9798ee4d9d8a9661b8497739
(1) 0x7d36cf33d68db90374f649473d777f413e62180acdefc65d30d08fe87e796270
(2) 0x1e620367ec2c55f281a9191240f237d6cb7d42abcbca77e50f11c19c19ed89f6
(3) 0xf07e45f60ef23feef86d0cb411244a71f907a7f1a68b88e6d66ddc967750b55a
(4) 0xe75d0aa4880049505ddd45019f77c505c8864cfe5a632425d8a560c16c44ffb0
(5) 0x977135a7445d9302749a60e72c244da73f5583abd24f1b24f871dfc20df34154
(6) 0xfd6aeabd0ef563800ad88fade64854cf384fb8f0c1da01f11430fa17c93c8fa0
(7) 0x387f580af11c5be2f78015b0bc96f3bae1a7a1253986935eeda80383e2cf5b6e
(8) 0x3651f37bbb60d39a5233a88a30470530de3e891164b491abc340ed6a7537fcf9
(9) 0xd9ee827b58cce34842b360fcab732440f604c745d43f978e51996dd8eefe69fb

HD Wallet
==================
Mnemonic:      surge teach object impose correct until clown hollow front capital office prosper
Base HD Path:  m/44'/60'/0'/0/{account_index}

Default Gas Price
==================
2000000000

BlockGas Limit
==================
30000000

Call Gas Limit
==================
50000000

Chain
==================
Hardfork: shanghai
Id:       1337

RPC Listening on 127.0.0.1:8545
web3_clientVersion
eth_blockNumber
net_version
eth_accounts
eth_accounts
eth_blockNumber
net_version
eth_getBlockByNumber
eth_estimateGas
eth_getBlockByNumber
eth_gasPrice
eth_sendTransaction

  Transaction: 0xb8eebbb8e9ec90e294f541adcfd47d56c68afe60c1d8d590b416b9b962f0c5ce
  Contract created: 0x1350be1c4fbd4d77e2c2556345034e91c16b1cb7
  Gas usage: 1100987
  Block number: 1
  Block time: Fri May 08 2026 01:01:42 GMT+0700 (Indochina Time)

eth_getTransactionReceipt
eth_getCode
eth_getTransactionReceipt
eth_getBlockByNumber
eth_gasPrice
eth_sendTransaction

  Transaction: 0x16a70b7daa75f15776e17d2409cb1b3b6ae306a9e935c7988ea0271462bba67f
  Gas usage: 21055
  Block number: 2
  Block time: Fri May 08 2026 01:01:43 GMT+0700 (Indochina Time)

eth_getTransactionReceipt
net_version
eth_getBlockByNumber
eth_estimateGas
eth_getBlockByNumber
eth_gasPrice
eth_sendTransaction

  Transaction: 0xdc857973d4c833a0535b81dac5638bbd71a053f697b6980d37f14d5f7c3f6f2e
  Gas usage: 64620
  Block number: 3
  Block time: Fri May 08 2026 01:01:43 GMT+0700 (Indochina Time)

eth_getTransactionReceipt
eth_blockNumber
eth_getBalance
eth_getTransactionByHash
debug_traceTransaction
eth_getTransactionByHash
debug_traceTransaction
eth_getTransactionByHash
debug_traceTransaction

Received shutdown signal: SIGTERM
Shutting down…
Server has been shut down
