ganache v7.9.2 (@ganache/cli: 0.10.2, @ganache/core: 0.10.2)
Starting RPC server

Available Accounts
==================
(0) 0x7a67E0F95c2c64B15C9238badBD50930544F2CB4 (1000 ETH)
(1) 0x4790991B0c2DBF7E2f7389357B0cc9569df182df (1000 ETH)
(2) 0x0E85C76956EA5E8c78A999e5cC69b3A251514c81 (1000 ETH)
(3) 0x64e24B210936Bfd6A9200B7f9Ee0f9415AeE894a (1000 ETH)
(4) 0xB9D96Fd80d73e9dC3FEEfBBa1cdE68A1De583a50 (1000 ETH)
(5) 0xb9535B05951EF574fAbf068Ba06AF8c7Ce279148 (1000 ETH)
(6) 0x8b4514B965dDA1ed7c92028eEDaCED21eD6d86c5 (1000 ETH)
(7) 0x1Bd8d70e5514B2DceE10348521da6D7D9bAf033A (1000 ETH)
(8) 0x5A3Afaca7D23E043b4f1793C3537B07FC1Fdf331 (1000 ETH)
(9) 0xd6AeBe0fE7649C8344Fab362fd74ED62d8ccC71F (1000 ETH)

Private Keys
==================
(0) 0xd2387636b6452ce31c9198c2a2b2d3a45302e3bf8414e8eb1c688fe419277448
(1) 0x565259cfdeaf9061f97cf8b9fe22047c7ae8aa9d5207373cd6e89e7d3b46e1cd
(2) 0x16356e1c611635c0b3cd59ba43ac92e2152d832dee53fbee0a998ce63bb4f023
(3) 0x2e8fc8a71791f1763e51c1a4f7e3f1e4c655c34d9d1626de6144c98c7b9cb655
(4) 0xd147d6663d73b40a00ce95b8b37b16ba82fe0af28486b665e3281736b2c06253
(5) 0xb7a71c2771124ffc8a3255759e7b893933eddf0a3e9d23d58a11d237a569b16a
(6) 0x8941f3272739b834e3fb339fb82af698c60cba56626ea1a6632e086bc65ab5fe
(7) 0xacc4e0f943854068bba4427d8a31287a8c43e71d1601576c55a4cab9bcc54ad2
(8) 0x9da45af81a0ded94ceb3da8bfb015f9a653a59e1242f6444ed6770c482308253
(9) 0xa8efd4f8d5078e79610068c492beca0c9094c396cb9ea971ff53fb25b1ad288d

HD Wallet
==================
Mnemonic:      kit muscle weird design blame upset great offer goose pet route zone
Base HD Path:  m/44'/60'/0'/0/{account_index}

Default Gas Price
==================
2000000000

BlockGas Limit
==================
30000000

Call Gas Limit
==================
50000000

Chain
==================
Hardfork: shanghai
Id:       1337

RPC Listening on 127.0.0.1:8545
web3_clientVersion
eth_blockNumber
net_version
eth_accounts
eth_accounts
eth_blockNumber
net_version
eth_getBlockByNumber
eth_estimateGas
eth_getBlockByNumber
eth_gasPrice
eth_sendTransaction

  Transaction: 0xf7f8daadc16fc033bd868378cc85e99fac7167eb1858eb1fd3285c1389b285d9
  Contract created: 0xe9a25ded0bd533eee199241835ee506c1334cb5a
  Gas usage: 1100987
  Block number: 1
  Block time: Fri May 08 2026 02:22:21 GMT+0700 (Indochina Time)

eth_getTransactionReceipt
eth_getCode
eth_getTransactionReceipt
eth_getBlockByNumber
eth_gasPrice
eth_sendTransaction

  Transaction: 0x00e0e1b415f4569107c1aecfced5c5a6c1f0340bc2ac6671fc95bd57b00424d6
  Gas usage: 21055
  Block number: 2
  Block time: Fri May 08 2026 02:22:21 GMT+0700 (Indochina Time)

eth_getTransactionReceipt
net_version
eth_getBlockByNumber
eth_estimateGas
eth_getBlockByNumber
eth_gasPrice
eth_sendTransaction

  Transaction: 0x65de4409f103e48bd484be003e7c7c29ea5e5a042b32e1edb0c36a5ebbc413d3
  Gas usage: 64620
  Block number: 3
  Block time: Fri May 08 2026 02:22:21 GMT+0700 (Indochina Time)

eth_getTransactionReceipt
eth_blockNumber
eth_getBalance
eth_getTransactionByHash
debug_traceTransaction
eth_getTransactionByHash
debug_traceTransaction
eth_getTransactionByHash
debug_traceTransaction

Received shutdown signal: SIGTERM
Shutting down…
Server has been shut down
