Using network 'development'.

{
  "ok": true,
  "graph_id": "",
  "pair": "E->F|evm|fund:ef",
  "pairKey": "E->F|evm|fund:ef",
  "contract": "CTLCMultipleEdges",
  "scenario": "refund",
  "deployGas": "0x1504ad",
  "gasUsed": "59539",
  "disableGasUsed": "0",
  "claimGasUsed": "",
  "refundGasUsed": "59539",
  "contractAddress": "0x3d08c52398B19FeD840EBB8e85B25a3dd595E991",
  "startBlock": "0",
  "endBlock": "9",
  "finalContractBalanceWei": "0",
  "deployer": "0x1Ddde8acd0664a8599D43b5D99206632a42e6A10",
  "party": "0x8d2f3d30556C1215C0D7462EC9e658e8Dc8937CC",
  "counterparty": "0xcA06A414A1917CD2050e880AF76Bf2129660C6C1",
  "fundingWei": "1000000000000000000",
  "timelocks": [
    8
  ],
  "transactions": [
    {
      "role": "deploy",
      "txHash": "0xbf285aab1b8d16982f1ba7572d21c2400aaa56d06f10c3565a527eb1ac3e7256"
    },
    {
      "role": "fund",
      "txHash": "0xb982710f04235b1e91983c2409a6363d5e196373e3c613d13f9cea4e6a47b505"
    },
    {
      "role": "refund",
      "txHash": "0x5e1beb9ae354a47d07dd68e055ae6fd86a0626ce9dd6a3c65f45e4da2f5a1c83",
      "level": 0
    }
  ],
  "txRoles": [
    {
      "role": "deploy",
      "txHash": "0xbf285aab1b8d16982f1ba7572d21c2400aaa56d06f10c3565a527eb1ac3e7256"
    },
    {
      "role": "fund",
      "txHash": "0xb982710f04235b1e91983c2409a6363d5e196373e3c613d13f9cea4e6a47b505"
    },
    {
      "role": "refund",
      "txHash": "0x5e1beb9ae354a47d07dd68e055ae6fd86a0626ce9dd6a3c65f45e4da2f5a1c83",
      "level": 0
    }
  ],
  "deployTxHash": "0xbf285aab1b8d16982f1ba7572d21c2400aaa56d06f10c3565a527eb1ac3e7256",
  "fundTxHash": "0xb982710f04235b1e91983c2409a6363d5e196373e3c613d13f9cea4e6a47b505",
  "refundTxHash": "0x5e1beb9ae354a47d07dd68e055ae6fd86a0626ce9dd6a3c65f45e4da2f5a1c83",
  "refundTx": "0x5e1beb9ae354a47d07dd68e055ae6fd86a0626ce9dd6a3c65f45e4da2f5a1c83"
}
