ganache v7.9.2 (@ganache/cli: 0.10.2, @ganache/core: 0.10.2)
Starting RPC server

Available Accounts
==================
(0) 0xEAb8B2869aCC6A6d3D283A50f25b62a4C46b2d59 (1000 ETH)
(1) 0x903939237c452835C3bEA73444651e763a470BfC (1000 ETH)
(2) 0x291C09F84ADd4b0a07B28e40D6fD40eF38225397 (1000 ETH)
(3) 0x4ae4c1a6aD7Ac4759f7112Cd2a5b9bD81Ad77ac2 (1000 ETH)
(4) 0x82DF1b3a5ab8fd0bc6C34F22e4C86053Dcc5462e (1000 ETH)
(5) 0xCfB58bc5b723D28a98b9D27D28eC2CEA2ada2CFB (1000 ETH)
(6) 0x2a5a42c160B82559179BC58c29b85d1aBEF4Feb3 (1000 ETH)
(7) 0x8830bb362C7F558Ea12e219514Dac86747bbAE11 (1000 ETH)
(8) 0x98fe1D3E9d5B69A6e0be60f604B18e531e9BB96a (1000 ETH)
(9) 0x0602E26a4ADb4970EAd8E18463283B71c714DC4C (1000 ETH)

Private Keys
==================
(0) 0x54dbbaec0d1db1d8646490dabc61a2eb06ae94f38c5d80b47b63b721239fc93f
(1) 0x78103c4ec8e79fcc70582095ff965a535374e0602c9c5740c2493d93f0d6176c
(2) 0xe80baad32cef18dc1c1fea9a8ecf7bef9348ea0cfc68a3286fd8f41a91bfcb50
(3) 0x111d5231bb2c48fbec2e5556dfa4fcb53eef586af209f3c5dedc319c5746c15e
(4) 0x947fcc40392178baf3b6f8ae8124257c52b9126df99c70432fb49c0fdf70aea6
(5) 0x0ae12f3e6b5e5756eaed69490b442a38c3cf30f927ab879da4ece0ba3c8fbf1a
(6) 0xd2a57cad9d4f5de3dfc5db49137461caadefae1c0e746fbe94e9be311717007c
(7) 0xc7d7690b62c67089f1d604018db6b1a814011e58ab8ca80beb139f906b496e3a
(8) 0x20bda33aaaa5ead026ea81ec76c906a87f6e4c2b7affb003fe2d509ea5800717
(9) 0x3c3f1b9f6cb6e9ce87fc4dfe7aae47eac171b54298e907d140001ca19ff6e340

HD Wallet
==================
Mnemonic:      allow proof engage impact toss buyer art library horror visa tuition fetch
Base HD Path:  m/44'/60'/0'/0/{account_index}

Default Gas Price
==================
2000000000

BlockGas Limit
==================
30000000

Call Gas Limit
==================
50000000

Chain
==================
Hardfork: shanghai
Id:       1337

RPC Listening on 127.0.0.1:8545
web3_clientVersion
eth_blockNumber
net_version
eth_accounts
eth_accounts
eth_blockNumber
net_version
eth_getBlockByNumber
eth_estimateGas
eth_getBlockByNumber
eth_gasPrice
eth_sendTransaction

  Transaction: 0xa6d2a759e5bc98e04bba3021245d7cdeedc38ee9ea974fb6b1b6ed002b09d9d0
  Contract created: 0x623d27b7333cb1ee703ad1e5c40a156f910007f6
  Gas usage: 1469608
  Block number: 1
  Block time: Fri May 08 2026 02:10:16 GMT+0700 (Indochina Time)

eth_getTransactionReceipt
eth_getCode
eth_getTransactionReceipt
eth_getBlockByNumber
eth_gasPrice
eth_sendTransaction

  Transaction: 0x52b709f416d945a06ac7fbec268e446741dcc97ca0af44fd9a1f8a89bd0a0273
  Gas usage: 21055
  Block number: 2
  Block time: Fri May 08 2026 02:10:16 GMT+0700 (Indochina Time)

eth_getTransactionReceipt
net_version
eth_getBlockByNumber
eth_estimateGas
eth_getBlockByNumber
eth_gasPrice
eth_sendTransaction

  Transaction: 0xddcfb052e8a08d9bbe429b6872db22fe45ab090c249d3b56ea42150d0d48b2a5
  Gas usage: 75948
  Block number: 3
  Block time: Fri May 08 2026 02:10:16 GMT+0700 (Indochina Time)

eth_getTransactionReceipt
eth_blockNumber
eth_getBalance
eth_getTransactionByHash
debug_traceTransaction
eth_getTransactionByHash
debug_traceTransaction
eth_getTransactionByHash
debug_traceTransaction

Received shutdown signal: SIGTERM
Shutting down…
Server has been shut down
