COMMAND: python3 experiments/scale_trace/scripts/trace_result_json.py /home/aothuatgiadp/blockchain/project/CTLC-Implementation/experiments/scale_trace/runs/random_v1_170/B-_C_evm_fund_bc_CTLCOnly_worst_claim/result.json /home/aothuatgiadp/blockchain/project/CTLC-Implementation/experiments/scale_trace/runs/random_v1_170/B-_C_evm_fund_bc_CTLCOnly_worst_claim/trace.json
STATUS: 0

STDOUT:
{
  "graph_id": "",
  "pair": "B->C|evm|fund:bc",
  "contract": "CTLCOnly",
  "scenario": "worst_claim",
  "contractAddress": "0x84aDEa7E48CEb9E0a001C1b34f185BB0f9aF621C",
  "traces": {
    "deploy": {
      "tx_hash": "0xeb3db787cfe830ffa5c20dece767dcbfa6bb679625c4b3a11f7c5bc661587244",
      "actual_calldata_bytes": 7187,
      "actual_sstore_count": 11,
      "actual_call_count": 0,
      "opcode_steps": 1550
    },
    "fund": {
      "tx_hash": "0xfe720f6a749f5504f1bab90b8c80379b39ef5c91c1a55f61e77655eb79eef569",
      "actual_calldata_bytes": 0,
      "actual_sstore_count": 0,
      "actual_call_count": 0,
      "opcode_steps": 13
    },
    "claim_level0": {
      "tx_hash": "0x8c104d43af5617b83661139b24623d1e125c5f23525a3bbfc2c68d343695fead",
      "actual_calldata_bytes": 484,
      "actual_sstore_count": 1,
      "actual_call_count": 1,
      "opcode_steps": 1816
    }
  }
}


STDERR:

