Using network 'development'.

{
  "ok": true,
  "graph_id": "",
  "pair": "B->C|evm|fund:bc",
  "pairKey": "B->C|evm|fund:bc",
  "contract": "CTLCMultipleEdges",
  "scenario": "refund",
  "deployGas": "0x188c0d",
  "gasUsed": "112464",
  "disableGasUsed": "52925",
  "claimGasUsed": "",
  "refundGasUsed": "59539",
  "contractAddress": "0xcbe8057fe2bB880Cf279ED7140bD51B2adb4093f",
  "startBlock": "0",
  "endBlock": "9",
  "finalContractBalanceWei": "0",
  "deployer": "0xdBc63eA7d62DffBB8194E4c208048CE0CA38A589",
  "party": "0x6422ba42C52eA5c55C2F529B519c292ce5f7424a",
  "counterparty": "0x4e72CA978f77b72519B7adDef497152E3d0A6Aef",
  "fundingWei": "1000000000000000000",
  "timelocks": [
    7,
    8
  ],
  "transactions": [
    {
      "role": "deploy",
      "txHash": "0xa8ba0d762b1c4f16e0c656a817851b21777d1c1ae0deb7acf8c1ee32c211add2"
    },
    {
      "role": "fund",
      "txHash": "0x82e20506c822c1a69b48c0ff7b3def561ac5f3e18f50f7e4f9d010126e0b3127"
    },
    {
      "role": "disable",
      "txHash": "0xfb45d968f6ebe2accd4e4871c3a2295efd3986864dbefc80c9e81ea17aed80f8",
      "level": 0
    },
    {
      "role": "refund",
      "txHash": "0x88ffe838effdb99d568f28f2b568b881478c76f058b4e01d0a46ce47ccf65767",
      "level": 1
    }
  ],
  "txRoles": [
    {
      "role": "deploy",
      "txHash": "0xa8ba0d762b1c4f16e0c656a817851b21777d1c1ae0deb7acf8c1ee32c211add2"
    },
    {
      "role": "fund",
      "txHash": "0x82e20506c822c1a69b48c0ff7b3def561ac5f3e18f50f7e4f9d010126e0b3127"
    },
    {
      "role": "disable",
      "txHash": "0xfb45d968f6ebe2accd4e4871c3a2295efd3986864dbefc80c9e81ea17aed80f8",
      "level": 0
    },
    {
      "role": "refund",
      "txHash": "0x88ffe838effdb99d568f28f2b568b881478c76f058b4e01d0a46ce47ccf65767",
      "level": 1
    }
  ],
  "deployTxHash": "0xa8ba0d762b1c4f16e0c656a817851b21777d1c1ae0deb7acf8c1ee32c211add2",
  "fundTxHash": "0x82e20506c822c1a69b48c0ff7b3def561ac5f3e18f50f7e4f9d010126e0b3127",
  "disableTxHashes": [
    "0xfb45d968f6ebe2accd4e4871c3a2295efd3986864dbefc80c9e81ea17aed80f8"
  ],
  "disableTxHash": "0xfb45d968f6ebe2accd4e4871c3a2295efd3986864dbefc80c9e81ea17aed80f8",
  "disableTx": "0xfb45d968f6ebe2accd4e4871c3a2295efd3986864dbefc80c9e81ea17aed80f8",
  "refundTxHash": "0x88ffe838effdb99d568f28f2b568b881478c76f058b4e01d0a46ce47ccf65767",
  "refundTx": "0x88ffe838effdb99d568f28f2b568b881478c76f058b4e01d0a46ce47ccf65767"
}
