ganache v7.9.2 (@ganache/cli: 0.10.2, @ganache/core: 0.10.2)
Starting RPC server

Available Accounts
==================
(0) 0x2f164cE636148d8490EFF381113335fC04F68C01 (1000 ETH)
(1) 0x9C5CfaEC507859D5Cb7E3faf76D341DE54bf4Ba9 (1000 ETH)
(2) 0x204c8c3a9A743D8D52bA312856c45A7aA8d90Bd0 (1000 ETH)
(3) 0xa448629fb1Fe91994851F58d8BFC648Fd5D69EE6 (1000 ETH)
(4) 0xea10d9546A7E30e87350520902Ee3A72b1A4B6cA (1000 ETH)
(5) 0xfDfDfdCa5b51F074f8c525019d55f2d311d98f77 (1000 ETH)
(6) 0x998206043b9cB21507C438c4eA2A03295098Bb14 (1000 ETH)
(7) 0x94fF72D5de315877e8ec92d7ef75843b3Dd90261 (1000 ETH)
(8) 0xDC03B89340744D9614B56681687F23490E1327D0 (1000 ETH)
(9) 0x562E5aAe0557C81f5cEB380FFfD1D12b19653055 (1000 ETH)

Private Keys
==================
(0) 0x16d30fc99a7734836d0596df6df6846f27ca918048f5a926f36c09deceb47bb6
(1) 0xac314d8c47941629570698ac674edd094d6f94808cf21b8d2391ee1756970edb
(2) 0xc9337fca2e75b00271d7adfe4030d0e414e42cf7219578e3805841ddb3891ca7
(3) 0x6ee769f801bba096db36a22c89bbf4f020c7d451545e142be08f03a99f897e5c
(4) 0xed207a235b050d8cabf1cbc83f9a2919a93bef67605f0f55f8783fd9b101cea6
(5) 0x2c0960835f4282e211888ff9f861316e01f28c43b0d5ec00f965485391fb7b09
(6) 0xd804f8c6d0584206854cd53595b7e6844a1d38e23ac6f5fb2eb05338a16e69f1
(7) 0x07240234f44b9cf7c0656055daa1b24294e8501e9f30b25878b4898bee5b1e9b
(8) 0xbe3c30117911424106ebb65d841384e93e1d3948dd955f9e70aaea6751fd4518
(9) 0xfd44dac4309aaac01f43993b27881d97577ced403099c9e36c1624009aa74cf6

HD Wallet
==================
Mnemonic:      sadness finish then shield baby agree enter hold hint good century piece
Base HD Path:  m/44'/60'/0'/0/{account_index}

Default Gas Price
==================
2000000000

BlockGas Limit
==================
30000000

Call Gas Limit
==================
50000000

Chain
==================
Hardfork: shanghai
Id:       1337

RPC Listening on 127.0.0.1:8545
web3_clientVersion
eth_blockNumber
net_version
eth_accounts
eth_accounts
eth_blockNumber
net_version
eth_getBlockByNumber
eth_estimateGas
eth_getBlockByNumber
eth_gasPrice
eth_sendTransaction

  Transaction: 0xc120815fc94e8b6253756ca425fd642be8761e3e71457ce8d532ba425a2b6c52
  Contract created: 0x904b119b46e58e136f2e56bd8cb80885d1876f55
  Gas usage: 1100987
  Block number: 1
  Block time: Fri May 08 2026 00:40:17 GMT+0700 (Indochina Time)

eth_getTransactionReceipt
eth_getCode
eth_getTransactionReceipt
eth_getBlockByNumber
eth_gasPrice
eth_sendTransaction

  Transaction: 0xc5e00794f43a5e272dd471d60874e54ebdf684ca31480fa9fcd69e9299bef409
  Gas usage: 21055
  Block number: 2
  Block time: Fri May 08 2026 00:40:17 GMT+0700 (Indochina Time)

eth_getTransactionReceipt
net_version
eth_getBlockByNumber
eth_estimateGas
eth_getBlockByNumber
eth_gasPrice
eth_sendTransaction

  Transaction: 0x8d50e5cfc8f8ee149228d06e1f6e24f4cddc029af3c28f5a4ba865a062ff925d
  Gas usage: 64620
  Block number: 3
  Block time: Fri May 08 2026 00:40:17 GMT+0700 (Indochina Time)

eth_getTransactionReceipt
eth_blockNumber
eth_getBalance
eth_getTransactionByHash
debug_traceTransaction
eth_getTransactionByHash
debug_traceTransaction
eth_getTransactionByHash
debug_traceTransaction

Received shutdown signal: SIGTERM
Shutting down…
Server has been shut down
