ganache v7.9.2 (@ganache/cli: 0.10.2, @ganache/core: 0.10.2)
Starting RPC server

Available Accounts
==================
(0) 0x1A19AE54c4009b0d37006b7035B4D96E814aB001 (1000 ETH)
(1) 0x6225ff24620725d30fB06dEA679ae364Af38348f (1000 ETH)
(2) 0xC45CbBBA8f5374dbCFD15c68AEf729BCDA956aF7 (1000 ETH)
(3) 0x3c133FAFdfD71a3E7e5A78357fdB8D169672f64d (1000 ETH)
(4) 0x962De32e8fb2483188075288314e8C12c45756de (1000 ETH)
(5) 0x030Fec1E12723B239909351a37289fC7C3FAA72a (1000 ETH)
(6) 0x39bC9FB73f8b2F45d47c34731B5c72e60DaF90E4 (1000 ETH)
(7) 0x34e2C469cBf637511be439494ec4B3D9b47b18DD (1000 ETH)
(8) 0x1b8eC39dF3a1A345Bc53b6DDFd30437b869A82Bd (1000 ETH)
(9) 0x476096b4E1c63C045fee07E2CA104E1C657419A1 (1000 ETH)

Private Keys
==================
(0) 0xec0016dce5e9be10ad3c82d5d20768809d56a037e17d1cd34dbcc256a8fbc839
(1) 0xfcca6f291ae25adf94ffd8a45f5781a6a50e1a26e0a63e742ec4b3dca781e3c6
(2) 0x7dc5a81b5d6bad425df4120768e2363766130d851ca243dcf215680c294aa25c
(3) 0x8cea0c9e7093fd233e4be063b4f396907e2913a1fe7aed4004f60d0956b9eda4
(4) 0x8f7b0d6b7fc9ed456ab27e9c1ebccd68f7d5d98598d5c508e54152b57daca808
(5) 0x2fed7a52e72daa020e1a945b2ada6bd3190d29cb91cd087d87c9eab2cf61d775
(6) 0x610c3a6c299f56e22efb7bdaa0dd8f6b1de75b9f060e7fca55a72041fe51c055
(7) 0x3ce6504e86fa87c1476ecd69709c26a96f7c58830869cf3784c7c93424269105
(8) 0xe5dbad30d2527143c9fc2113c91a75c856e3e2bccd4dc6f2ece803e93e895e3a
(9) 0x0eb1699f20c454a5810ce9c7d1f8539fd766d7736c1bc38345c7b24766b527d9

HD Wallet
==================
Mnemonic:      rhythm net theory grape brick nest strategy obvious abuse umbrella later bar
Base HD Path:  m/44'/60'/0'/0/{account_index}

Default Gas Price
==================
2000000000

BlockGas Limit
==================
30000000

Call Gas Limit
==================
50000000

Chain
==================
Hardfork: shanghai
Id:       1337

RPC Listening on 127.0.0.1:8545
web3_clientVersion
eth_blockNumber
net_version
eth_accounts
eth_accounts
eth_blockNumber
net_version
eth_getBlockByNumber
eth_estimateGas
eth_getBlockByNumber
eth_gasPrice
eth_sendTransaction

  Transaction: 0x25f75fe168464cad952ebed1ec382d74cc9d1f7a0d08d86243981d6e6bd51aec
  Contract created: 0xd28c340958ace8a0eedf2bd7c9a5645dfe32ac86
  Gas usage: 1123899
  Block number: 1
  Block time: Fri May 08 2026 02:35:35 GMT+0700 (Indochina Time)

eth_getTransactionReceipt
eth_getCode
eth_getTransactionReceipt
eth_getBlockByNumber
eth_gasPrice
eth_sendTransaction

  Transaction: 0xbde945720425ffd235512635c48de0fdfe5b65e78d945a2dc2d17208ce5ba20e
  Gas usage: 21055
  Block number: 2
  Block time: Fri May 08 2026 02:35:35 GMT+0700 (Indochina Time)

eth_getTransactionReceipt
net_version
eth_getBlockByNumber
eth_estimateGas
eth_getBlockByNumber
eth_gasPrice
eth_sendTransaction

  Transaction: 0xb8e0fdaf9684beb772d5a87089a587ab17ebf6eb1bc52d67c46e28095304d0f4
  Gas usage: 68747
  Block number: 3
  Block time: Fri May 08 2026 02:35:35 GMT+0700 (Indochina Time)

eth_getTransactionReceipt
eth_blockNumber
eth_getBalance
eth_getTransactionByHash
debug_traceTransaction
eth_getTransactionByHash
debug_traceTransaction
eth_getTransactionByHash
debug_traceTransaction

Received shutdown signal: SIGTERM
Shutting down…
Server has been shut down
