COMMAND: python3 experiments/scale_trace/scripts/trace_result_json.py /home/aothuatgiadp/blockchain/project/CTLC-Implementation/experiments/scale_trace/runs/random_v1_29/G-_B_evm_fund_gb_CTLCOnly_best_claim/result.json /home/aothuatgiadp/blockchain/project/CTLC-Implementation/experiments/scale_trace/runs/random_v1_29/G-_B_evm_fund_gb_CTLCOnly_best_claim/trace.json
STATUS: 0

STDOUT:
{
  "graph_id": "",
  "pair": "G->B|evm|fund:gb",
  "contract": "CTLCOnly",
  "scenario": "best_claim",
  "contractAddress": "0x5F299d699518aF3CD4beaF419B709CCBf1F85d42",
  "traces": {
    "deploy": {
      "tx_hash": "0xbaf98ab6b37182786807c57442c71b1af2555f14847017c499701261e8d41bce",
      "actual_calldata_bytes": 7155,
      "actual_sstore_count": 10,
      "actual_call_count": 0,
      "opcode_steps": 1462
    },
    "fund": {
      "tx_hash": "0x6fc33d23c54e313a56c9c7bd454d8fe0425c64c1921ac4e2cffb3f51f0e05218",
      "actual_calldata_bytes": 0,
      "actual_sstore_count": 0,
      "actual_call_count": 0,
      "opcode_steps": 13
    },
    "claim_level0": {
      "tx_hash": "0xa67b340069719c2fef0bcdae74f3d50357f661d24f19f9d08f4233c0a103e566",
      "actual_calldata_bytes": 388,
      "actual_sstore_count": 1,
      "actual_call_count": 1,
      "opcode_steps": 1475
    }
  }
}


STDERR:

