ganache v7.9.2 (@ganache/cli: 0.10.2, @ganache/core: 0.10.2)
Starting RPC server

Available Accounts
==================
(0) 0x065B42eE8D1Ca2236e9C11e9C84cC0638D2c9B8f (1000 ETH)
(1) 0xf40450200c3076af495f813a9d5a1176f9C4c46A (1000 ETH)
(2) 0xC76e10E1383bD1f55D0E10Ee96fb10940a35b3ec (1000 ETH)
(3) 0x6ABF4243092CF7d644ef852ee1Dc0869dB2749B8 (1000 ETH)
(4) 0x3fC68e49BAbdd4AC0236416808e028C5d3c67A0B (1000 ETH)
(5) 0x77Fb16e70fBa2ae15cC57CE20dA4dae6e9ff2e8b (1000 ETH)
(6) 0x4f87A5a07acc473A94323aC744Add63595B1FC20 (1000 ETH)
(7) 0x229CCEba7D9A706662EC7Fe29cD20c028b9168D1 (1000 ETH)
(8) 0x2711e4f7B251FF1584B6aE419de5A8c367a9C378 (1000 ETH)
(9) 0x50d1ffE75A0Aa4F4F6B1aCf75591172Cc187AB72 (1000 ETH)

Private Keys
==================
(0) 0x6812c03e742fc7db20c183069aa3a831c88ce073c924fd054675ee5e6b2bf032
(1) 0x6c06eff27c14d3c2c396c0f8024b3d1081d175a06f3beb5fc75e173f418c940d
(2) 0x6610a0bbb904e150fbb0c75b207a0d4f982b9f51f16648788f23354ba682dabc
(3) 0x2ae22b84fb2f197fe3ecd8c1eb3368b65f6fd3035c23b7fe68bfd3db42076c4e
(4) 0xd1b8d6f6a978791badb380102e143fd064e56503200b4e607f07a295552972de
(5) 0x566a9d96cb2c3f371001f7bf1662c1e9591b610f676c8ed403631b2142f7efce
(6) 0x1851e02102ffbaea2c01d02a7328b94d0a0f5633bb9745215f0a01082a5b6a90
(7) 0x8f09b71a97f9e84a595e8089319e839f06d2de58fa946a4db66a8ecf542bb3e5
(8) 0xe6be26c35d6a70c543a74d6d384b10cba1a89b04a90a5de97eab0e685dca0819
(9) 0x7c1bbdaac123fbc744b5f59ec4841daf7475fb49eb6cea9230c623ebdacf2116

HD Wallet
==================
Mnemonic:      first hand umbrella click length clip wage harsh enlist bottom tornado ocean
Base HD Path:  m/44'/60'/0'/0/{account_index}

Default Gas Price
==================
2000000000

BlockGas Limit
==================
30000000

Call Gas Limit
==================
50000000

Chain
==================
Hardfork: shanghai
Id:       1337

RPC Listening on 127.0.0.1:8545
web3_clientVersion
eth_blockNumber
net_version
eth_accounts
eth_accounts
eth_blockNumber
net_version
eth_getBlockByNumber
eth_estimateGas
eth_getBlockByNumber
eth_gasPrice
eth_sendTransaction

  Transaction: 0xa2560403f4a9e2641b5689bf91b5468a993a6321a08e6d6f327ea3ba94696b97
  Contract created: 0x3f6c14a321d5fdc7aae01b92b6700baec4a0e625
  Gas usage: 1100975
  Block number: 1
  Block time: Fri May 08 2026 02:01:04 GMT+0700 (Indochina Time)

eth_getTransactionReceipt
eth_getCode
eth_getTransactionReceipt
eth_getBlockByNumber
eth_gasPrice
eth_sendTransaction

  Transaction: 0x2cc089892365bd9035bea5a819da7399141befad45db964429c99111bdba8877
  Gas usage: 21055
  Block number: 2
  Block time: Fri May 08 2026 02:01:04 GMT+0700 (Indochina Time)

eth_getTransactionReceipt
eth_blockNumber
evm_mine
eth_blockNumber
evm_mine
eth_blockNumber
evm_mine
eth_blockNumber
evm_mine
eth_blockNumber
net_version
eth_getBlockByNumber
eth_estimateGas
eth_getBlockByNumber
eth_gasPrice
eth_sendTransaction

  Transaction: 0x0088ea43947d1ba20b87ea3c3e488e83758ad56b180d14b8cacf2cb950b2517d
  Gas usage: 59561
  Block number: 7
  Block time: Fri May 08 2026 02:01:05 GMT+0700 (Indochina Time)

eth_getTransactionReceipt
eth_blockNumber
eth_getBalance
eth_getTransactionByHash
debug_traceTransaction
eth_getTransactionByHash
debug_traceTransaction
eth_getTransactionByHash
debug_traceTransaction

Received shutdown signal: SIGTERM
Shutting down…
Server has been shut down
