COMMAND: python3 experiments/scale_trace/scripts/trace_result_json.py /home/aothuatgiadp/blockchain/project/CTLC-Implementation/experiments/scale_trace/runs/random_v1_283/C-_D_evm_fund_cd_CTLCOnly_worst_claim/result.json /home/aothuatgiadp/blockchain/project/CTLC-Implementation/experiments/scale_trace/runs/random_v1_283/C-_D_evm_fund_cd_CTLCOnly_worst_claim/trace.json
STATUS: 0

STDOUT:
{
  "graph_id": "",
  "pair": "C->D|evm|fund:cd",
  "contract": "CTLCOnly",
  "scenario": "worst_claim",
  "contractAddress": "0x7E90504Db62e6D8ef1C065888a68Fc4548a89ed1",
  "traces": {
    "deploy": {
      "tx_hash": "0xa845c643998169db22895e8d2d87c5002bdbd17ccd280edb3c4ee19df0a20135",
      "actual_calldata_bytes": 7187,
      "actual_sstore_count": 11,
      "actual_call_count": 0,
      "opcode_steps": 1550
    },
    "fund": {
      "tx_hash": "0x6acbb34333fbc2aef69bbfb7306f4ef03d44733a80f5f79648fc66150a389e32",
      "actual_calldata_bytes": 0,
      "actual_sstore_count": 0,
      "actual_call_count": 0,
      "opcode_steps": 13
    },
    "claim_level0": {
      "tx_hash": "0xb3666dec8e5baf39952e5039521015b680b1607c6f4e6a1b0e2491ea9d70e1c5",
      "actual_calldata_bytes": 484,
      "actual_sstore_count": 1,
      "actual_call_count": 1,
      "opcode_steps": 1816
    }
  }
}


STDERR:

