ganache v7.9.2 (@ganache/cli: 0.10.2, @ganache/core: 0.10.2)
Starting RPC server

Available Accounts
==================
(0) 0x55066bAdE8d4Fc508a3D5AA360Da5A8EBD43caE1 (1000 ETH)
(1) 0xe5d3CeAb7AE0DBeD80dE04e04aF880295FaF8AB2 (1000 ETH)
(2) 0xd4C8286741ADe2D33fa96f06660F94fD8041e9af (1000 ETH)
(3) 0xB644Fb68DcC0eDd72AAcdFF7142c46E76f1a7262 (1000 ETH)
(4) 0x6b48C74A8dFb19B56bb22662Fda804e812842d98 (1000 ETH)
(5) 0xfDEE214153ff1C82474071C620E33f6d61B9B697 (1000 ETH)
(6) 0xa87a9c2e9460e6253b5437A2b0FAa043D94bd67c (1000 ETH)
(7) 0x4805432782461023d60ff51eD4Bb2b48B5c66F67 (1000 ETH)
(8) 0x8Df972c7477c9375cB45C2B7Da217DDfa5Cafc2A (1000 ETH)
(9) 0x3951899B89a74b713e5f70C6BaA39B10310a3276 (1000 ETH)

Private Keys
==================
(0) 0x3048fd0ffbfb0070590eff19721578f3c4a86af06fe90aa411f5f169b3d1798a
(1) 0xce4736e23d023ae02d6177819090df61f71235528184795dc9340c7377192a4e
(2) 0xe9bd7f7a39b5ff8b63b42b0baccd0f7feacf83742aa55aa7550716431e7b2dd2
(3) 0x7a69faf0e7356b27ccb44a04938b0475cae1ad6383b738b88352fb640d134242
(4) 0x4edcb994f8b32edefa1b597a13740cbf59b7f21aeda8e0481f9c1327ebac6109
(5) 0xc8f325f324633441bae05ddeafafbcfa2940a129aeeadde55a22cd9d10838b20
(6) 0xeb1bb3e4c07f6b9c6f6d477aadd25444d5ea9c2bbc21d76720da64ad11ed86b4
(7) 0x69c1461992656befee0e549e5e29ec62a99b859c63d4b9dfa98ec04bbf8462eb
(8) 0xbbfaed1ccfebe2b940da1ee038cebc70ba7fbe1237c9cea860c2707a7c982cd7
(9) 0xcc4ffd5bfd786dd3ceb2d4f2641a6c0d04dbbca6ce94a2b2487ec29eb8888049

HD Wallet
==================
Mnemonic:      student clarify matter open lecture caught pen garlic winter pill mirror toe
Base HD Path:  m/44'/60'/0'/0/{account_index}

Default Gas Price
==================
2000000000

BlockGas Limit
==================
30000000

Call Gas Limit
==================
50000000

Chain
==================
Hardfork: shanghai
Id:       1337

RPC Listening on 127.0.0.1:8545
web3_clientVersion
eth_blockNumber
net_version
eth_accounts
eth_accounts
eth_blockNumber
net_version
eth_getBlockByNumber
eth_estimateGas
eth_getBlockByNumber
eth_gasPrice
eth_sendTransaction

  Transaction: 0x900d26147b4632eade1ad712b1158199f3945739ceb4edeb81bc1b4d8170379a
  Contract created: 0xde34204523a35643594869254e776d9974bac9d5
  Gas usage: 1193638
  Block number: 1
  Block time: Fri May 08 2026 03:10:35 GMT+0700 (Indochina Time)

eth_getTransactionReceipt
eth_getCode
eth_getTransactionReceipt
eth_getBlockByNumber
eth_gasPrice
eth_sendTransaction

  Transaction: 0xd9769e4fb9bd801224f1cbe5c731f0baae50e2e5b740f21fed2beb8514f4cad2
  Gas usage: 21055
  Block number: 2
  Block time: Fri May 08 2026 03:10:35 GMT+0700 (Indochina Time)

eth_getTransactionReceipt
eth_blockNumber
evm_mine
eth_blockNumber
evm_mine
eth_blockNumber
evm_mine
eth_blockNumber
evm_mine
eth_blockNumber
net_version
eth_getBlockByNumber
eth_estimateGas
eth_getBlockByNumber
eth_gasPrice
eth_sendTransaction

  Transaction: 0xa0ec6fbd683c3e99ad20864eefd189f7bf715ac9d629c606e951283a55cda33d
  Gas usage: 59539
  Block number: 7
  Block time: Fri May 08 2026 03:10:35 GMT+0700 (Indochina Time)

eth_getTransactionReceipt
eth_blockNumber
eth_getBalance
eth_getTransactionByHash
debug_traceTransaction
eth_getTransactionByHash
debug_traceTransaction
eth_getTransactionByHash
debug_traceTransaction

Received shutdown signal: SIGTERM
Shutting down…
Server has been shut down
