COMMAND: python3 experiments/scale_trace/scripts/trace_result_json.py /home/aothuatgiadp/blockchain/project/CTLC-Implementation/experiments/scale_trace/runs/random_v1_3/E-_F_evm_fund_ef_CTLCOnly_refund/result.json /home/aothuatgiadp/blockchain/project/CTLC-Implementation/experiments/scale_trace/runs/random_v1_3/E-_F_evm_fund_ef_CTLCOnly_refund/trace.json
STATUS: 0

STDOUT:
{
  "graph_id": "",
  "pair": "E->F|evm|fund:ef",
  "contract": "CTLCOnly",
  "scenario": "refund",
  "contractAddress": "0xD79eD1D66439245f38B5551BD273269A47767DDF",
  "traces": {
    "deploy": {
      "tx_hash": "0x0c4b561f61bdcb083c8c115437d7adb12cc96a39118b3bf79109c0ab465ad8e4",
      "actual_calldata_bytes": 7155,
      "actual_sstore_count": 10,
      "actual_call_count": 0,
      "opcode_steps": 1462
    },
    "fund": {
      "tx_hash": "0x8b12124dc6dfe57fd32e26edb0b77b83b8fa036d3e969c596fbbe5e30164a289",
      "actual_calldata_bytes": 0,
      "actual_sstore_count": 0,
      "actual_call_count": 0,
      "opcode_steps": 13
    },
    "refund_level0": {
      "tx_hash": "0x7ea949819e549b5d08e7299e7b94ffcf3426906107039f579f482867a6f7c315",
      "actual_calldata_bytes": 4,
      "actual_sstore_count": 1,
      "actual_call_count": 1,
      "opcode_steps": 229
    }
  }
}


STDERR:

