Using network 'development'.

{
  "ok": true,
  "graph_id": "",
  "pair": "B->D|evm|fund:bd",
  "pairKey": "B->D|evm|fund:bd",
  "contract": "CTLCOnly",
  "scenario": "worst_claim",
  "deployGas": "0x11263b",
  "gasUsed": "68747",
  "disableGasUsed": "0",
  "claimGasUsed": "68747",
  "refundGasUsed": "",
  "contractAddress": "0x07349C67D475C99fC368638e9730Bde3d1D5503b",
  "startBlock": "0",
  "endBlock": "3",
  "finalContractBalanceWei": "0",
  "deployer": "0xfdc5c499B7FF9d08101B89FaFF80828F731eE8B8",
  "party": "0xBd5F6C260750F098d9d2E398F8Db2F827bda2401",
  "counterparty": "0xD065ca41Fe67D1A02a163CF877fa341882f237ff",
  "fundingWei": "1000000000000000000",
  "timelocks": [
    7
  ],
  "transactions": [
    {
      "role": "deploy",
      "txHash": "0xd94ebd26f20a182a024140b53ad9cba64f212f86afb873751bb8bfd6ad692dae"
    },
    {
      "role": "fund",
      "txHash": "0xe8d060106fd6fec99b5a7b3c915f7fb7f276fd7f427fd714e0dc37da14a66382"
    },
    {
      "role": "claim",
      "txHash": "0x6493c2c796275e874179aa69d33b4c39d7460242c634b2129bda69e703705bf1",
      "level": 0,
      "option": 0
    }
  ],
  "txRoles": [
    {
      "role": "deploy",
      "txHash": "0xd94ebd26f20a182a024140b53ad9cba64f212f86afb873751bb8bfd6ad692dae"
    },
    {
      "role": "fund",
      "txHash": "0xe8d060106fd6fec99b5a7b3c915f7fb7f276fd7f427fd714e0dc37da14a66382"
    },
    {
      "role": "claim",
      "txHash": "0x6493c2c796275e874179aa69d33b4c39d7460242c634b2129bda69e703705bf1",
      "level": 0,
      "option": 0
    }
  ],
  "deployTxHash": "0xd94ebd26f20a182a024140b53ad9cba64f212f86afb873751bb8bfd6ad692dae",
  "fundTxHash": "0xe8d060106fd6fec99b5a7b3c915f7fb7f276fd7f427fd714e0dc37da14a66382",
  "claimTxHash": "0x6493c2c796275e874179aa69d33b4c39d7460242c634b2129bda69e703705bf1",
  "txHash": "0x6493c2c796275e874179aa69d33b4c39d7460242c634b2129bda69e703705bf1",
  "tx": "0x6493c2c796275e874179aa69d33b4c39d7460242c634b2129bda69e703705bf1"
}
