ganache v7.9.2 (@ganache/cli: 0.10.2, @ganache/core: 0.10.2)
Starting RPC server

Available Accounts
==================
(0) 0x7477D79Dd6020285744Fa3319e94533c792A38D2 (1000 ETH)
(1) 0xB83a202a4fFDD4764290e36ee2b91C40C496317d (1000 ETH)
(2) 0x3199F83b7E2aC14dDbD68fc2b768b0d74C5C5640 (1000 ETH)
(3) 0x9f6a751DD2B2a152B842bEa19e10E13770a38071 (1000 ETH)
(4) 0xC64B4Ead9b1f8349d30EccF250C599B056a50465 (1000 ETH)
(5) 0xC6CC6AC0Fdbd49F186B553B4dd787e19c838d858 (1000 ETH)
(6) 0xd4e2BD30c446f29883538D22B03AE23B66Cba6ec (1000 ETH)
(7) 0xF5cB4dfd0420F22482d991B935Dd3B37B39fD2A0 (1000 ETH)
(8) 0xc26EfA90c666Aee10AF85E7F0abE03F0e90f130f (1000 ETH)
(9) 0x162F978288aF7292B8c0b1290d5Ce9C598D6dddB (1000 ETH)

Private Keys
==================
(0) 0x2d21fa7b5e652ec65ad0c0ef730161987216bb34d90836a6455fdbe961efa12d
(1) 0x4d0c7a964281415b215bf85abf54f9cf2c331a907069e9f222577e3811b741df
(2) 0x68b48c38b3b4e983e54384da4a8893438f9b51666039d80ca5e4c1bc2d275bdb
(3) 0xf8754dee0c68306943df572d9b2671f7b63375bca8c275b8b3eb93c0b5a321fd
(4) 0x5f54398ce8da4d8b54126ad49948f7e4489f6ce62283de79e91b82c16584ed40
(5) 0x596597809fe324b30b625595467f9f206948ed88aff9a0e979dfaaa6606f8ffa
(6) 0x076a4e5ee54b323d787c53ae5a113f42f168c625180ff4d9f0db3dedb1a5e8cf
(7) 0x85c8696add20b349bb5469779d658f84192e84d89fd614ee4dfa4cb1bdfc7d1e
(8) 0x1a8ee030e95070fffd97547eccacde53c0e64dc90641f07638734ddaa4ec2085
(9) 0xa34aef9162701374cf0bbec95da0a8092bd7e570eb05a4c593cac886965613d7

HD Wallet
==================
Mnemonic:      vital member renew cereal fabric author task unfair choose marble walnut ice
Base HD Path:  m/44'/60'/0'/0/{account_index}

Default Gas Price
==================
2000000000

BlockGas Limit
==================
30000000

Call Gas Limit
==================
50000000

Chain
==================
Hardfork: shanghai
Id:       1337

RPC Listening on 127.0.0.1:8545
web3_clientVersion
eth_blockNumber
net_version
eth_accounts
eth_accounts
eth_blockNumber
net_version
eth_getBlockByNumber
eth_estimateGas
eth_getBlockByNumber
eth_gasPrice
eth_sendTransaction

  Transaction: 0xe81948e5218e01cb3cbe6e374196aa8275aa1617a94ce20a3435f8f6d513cdad
  Contract created: 0x4afcb531a69365c1cf773a3205bec97fd86eba70
  Gas usage: 1100987
  Block number: 1
  Block time: Thu May 07 2026 22:20:41 GMT+0700 (Indochina Time)

eth_getTransactionReceipt
eth_getCode
eth_getTransactionReceipt
eth_getBlockByNumber
eth_gasPrice
eth_sendTransaction

  Transaction: 0x6566bba0b867c6f45c997f97a797403e942c37e7f107b32bc1ac6290e549911d
  Gas usage: 21055
  Block number: 2
  Block time: Thu May 07 2026 22:20:42 GMT+0700 (Indochina Time)

eth_getTransactionReceipt
net_version
eth_getBlockByNumber
eth_estimateGas
eth_getBlockByNumber
eth_gasPrice
eth_sendTransaction

  Transaction: 0x76a98babea776be2727e8c5d207bfd03dd9aa66d5b6b38eb7458a4312474afa3
  Gas usage: 64620
  Block number: 3
  Block time: Thu May 07 2026 22:20:42 GMT+0700 (Indochina Time)

eth_getTransactionReceipt
eth_blockNumber
eth_getBalance
eth_getTransactionByHash
debug_traceTransaction
eth_getTransactionByHash
debug_traceTransaction
eth_getTransactionByHash
debug_traceTransaction

Received shutdown signal: SIGTERM
Shutting down…
Server has been shut down
