ganache v7.9.2 (@ganache/cli: 0.10.2, @ganache/core: 0.10.2)
Starting RPC server

Available Accounts
==================
(0) 0x871A531Fc01E64B2fFb7a5582aF1B37D0305c652 (1000 ETH)
(1) 0x901F5B93D9FD5cCfBb8554b6777436dde382f0Fc (1000 ETH)
(2) 0xF4EC3cd4EE5d32bBD4f9526Fe82B14736c12A90f (1000 ETH)
(3) 0x1928b8eA101400639A28bf10E3fe8f7A7B6603e5 (1000 ETH)
(4) 0xB12A8804A26248E3533F4E2c1134B29d164001c3 (1000 ETH)
(5) 0x4D3819d12686ECBBDcAAf7d5Bb35BDad0F15c8d2 (1000 ETH)
(6) 0xCC5AB8DD8BB2A8a3ED122cf2071E5fe3dA3DdbCF (1000 ETH)
(7) 0x60129a68EdC7c8e1A3026Aa9e762c8c188575A52 (1000 ETH)
(8) 0x901FDD902af4c49168F57A17c15748d27CdD1ccF (1000 ETH)
(9) 0x61a02C52e50AE0363670028B28E347d6D5063aC6 (1000 ETH)

Private Keys
==================
(0) 0x88715ff4de133016b22cbbee85798a65978cc2fa67b2a40e2ef4460251db9312
(1) 0x5070271717f3c63b0439639b25c5e5bdf9bc0f2b8b50c0224fdf60da2cfc24e6
(2) 0x258e58776ef5fe84973cd7642a5adbcfb0a74c3d62d3599531e0d599dc1ec3e0
(3) 0x1b23210c5c93b3eea1f229ecaf61c7b0fec510c7fdea41a50ced9ecca0169b58
(4) 0x96e3ed2b0e102670beaabeefe656a51ff54173399da1760dd67d45fe16c5b63e
(5) 0x9c2b93aaeddabfd1853b80f590372735eb398a09287332d969322ceef8b91859
(6) 0x912ce2449c973b44aa73e7565c7fa07627adbb58049f948f067fb1749d606693
(7) 0x04512af545547d9dbf5d4e6f3df5ee59116b276e0acf8999f13f7ef28a4dacae
(8) 0xf306a79dc4af9620ef87c3fbae48207d297204f2890e9409ba519868cb17e390
(9) 0x09cd69338378081cef0da63dd9fab077a4738ef15237247eb7848d99b8af4477

HD Wallet
==================
Mnemonic:      rose year you small labor thumb mansion legend giant medal drink simple
Base HD Path:  m/44'/60'/0'/0/{account_index}

Default Gas Price
==================
2000000000

BlockGas Limit
==================
30000000

Call Gas Limit
==================
50000000

Chain
==================
Hardfork: shanghai
Id:       1337

RPC Listening on 127.0.0.1:8545
web3_clientVersion
eth_blockNumber
net_version
eth_accounts
eth_accounts
eth_blockNumber
net_version
eth_getBlockByNumber
eth_estimateGas
eth_getBlockByNumber
eth_gasPrice
eth_sendTransaction

  Transaction: 0x28d9fc6ed840ab7641ccc186876810b2aa5482fdb8c236c2cdc2bb70e412ed5a
  Contract created: 0xf0a2bd88fe41a78ec238335e4569c37d3b32736a
  Gas usage: 1146811
  Block number: 1
  Block time: Fri May 08 2026 00:59:45 GMT+0700 (Indochina Time)

eth_getTransactionReceipt
eth_getCode
eth_getTransactionReceipt
eth_getBlockByNumber
eth_gasPrice
eth_sendTransaction

  Transaction: 0xa60e9cfa384c1ac59acc045f2ee12030a7d07b475641c47e60f332cb9a249779
  Gas usage: 21055
  Block number: 2
  Block time: Fri May 08 2026 00:59:45 GMT+0700 (Indochina Time)

eth_getTransactionReceipt
eth_blockNumber
evm_mine
eth_blockNumber
evm_mine
eth_blockNumber
evm_mine
eth_blockNumber
evm_mine
eth_blockNumber
evm_mine
eth_blockNumber
evm_mine
eth_blockNumber
net_version
eth_getBlockByNumber
eth_estimateGas
eth_getBlockByNumber
eth_gasPrice
eth_sendTransaction

  Transaction: 0x27a00b52e380e2bef6014d2bb03c7448212dd6d9526b3af35bd08f182c46a4cf
  Gas usage: 59561
  Block number: 9
  Block time: Fri May 08 2026 00:59:45 GMT+0700 (Indochina Time)

eth_getTransactionReceipt
eth_blockNumber
eth_getBalance
eth_getTransactionByHash
debug_traceTransaction
eth_getTransactionByHash
debug_traceTransaction
eth_getTransactionByHash
debug_traceTransaction

Received shutdown signal: SIGTERM
Shutting down…
Server has been shut down
