Using network 'development'.

{
  "ok": true,
  "graph_id": "",
  "pair": "F->G|evm|fund:fg",
  "pairKey": "F->G|evm|fund:fg",
  "contract": "CTLCMultipleEdges",
  "scenario": "best_claim",
  "deployGas": "0x1506b4",
  "gasUsed": "71641",
  "disableGasUsed": "",
  "claimGasUsed": "71641",
  "refundGasUsed": "",
  "contractAddress": "0xa767842dDB29BD6BBdb918dF52EB44d34F0A460c",
  "startBlock": "0",
  "endBlock": "3",
  "finalContractBalanceWei": "0",
  "deployer": "0xB110f0d95AfFD13E842e4C2505395bC3aEcaAE1B",
  "party": "0x0FCFFDa848f49cFf98a54AddA1Cd9d460a99AD5f",
  "counterparty": "0xD3cFCE133e325ABAc161c084fd834005dFf01330",
  "fundingWei": "1000000000000000000",
  "timelocks": [
    7
  ],
  "transactions": [
    {
      "role": "deploy",
      "txHash": "0xfb1b8272de3fe256b2bdd5892b7250a00269f5ee5a0a666a67fb12402a6f68f7"
    },
    {
      "role": "fund",
      "txHash": "0xc2ee25aef43369d7c0405697070f092d780c8680298c6f7bd9c419d5f430eb5a"
    },
    {
      "role": "claim",
      "txHash": "0xc0060e44bc764da13ee1731c9725d96748ac7ac1d9a151943c1eadb0d7ce379b",
      "level": 0,
      "option": 0
    }
  ],
  "txRoles": [
    {
      "role": "deploy",
      "txHash": "0xfb1b8272de3fe256b2bdd5892b7250a00269f5ee5a0a666a67fb12402a6f68f7"
    },
    {
      "role": "fund",
      "txHash": "0xc2ee25aef43369d7c0405697070f092d780c8680298c6f7bd9c419d5f430eb5a"
    },
    {
      "role": "claim",
      "txHash": "0xc0060e44bc764da13ee1731c9725d96748ac7ac1d9a151943c1eadb0d7ce379b",
      "level": 0,
      "option": 0
    }
  ],
  "deployTxHash": "0xfb1b8272de3fe256b2bdd5892b7250a00269f5ee5a0a666a67fb12402a6f68f7",
  "fundTxHash": "0xc2ee25aef43369d7c0405697070f092d780c8680298c6f7bd9c419d5f430eb5a",
  "claimTxHash": "0xc0060e44bc764da13ee1731c9725d96748ac7ac1d9a151943c1eadb0d7ce379b",
  "txHash": "0xc0060e44bc764da13ee1731c9725d96748ac7ac1d9a151943c1eadb0d7ce379b",
  "tx": "0xc0060e44bc764da13ee1731c9725d96748ac7ac1d9a151943c1eadb0d7ce379b"
}
