ganache v7.9.2 (@ganache/cli: 0.10.2, @ganache/core: 0.10.2)
Starting RPC server

Available Accounts
==================
(0) 0x81C1fbF6741CA51dA50a23CfF6B5DbAB795c5101 (1000 ETH)
(1) 0x241ee7d9CAbE468f6FF7413E1AB1e41787E0afc0 (1000 ETH)
(2) 0xBE96fC12a9a7496bD42ec38C6Cc3840bD99feE9F (1000 ETH)
(3) 0x7666b9eE97C193241253452BFCa3Dfa0c7B0cAc3 (1000 ETH)
(4) 0x50a5C55367540A1193AE392aC57732A283dF8311 (1000 ETH)
(5) 0x8592C10e74f96462DB87C7A6A1FB24Ab98061941 (1000 ETH)
(6) 0x8a599e1306c09331a9d4351Fc60cec50ca4d6548 (1000 ETH)
(7) 0x07fb0B3dB686EA14F94877aC34e7616Ae2F2fbB9 (1000 ETH)
(8) 0x6D7667fAC7bEBcf1Ac562517C20C86804b3972D4 (1000 ETH)
(9) 0x83e928F176EDCf8Dc495C449A638481596fCFE5E (1000 ETH)

Private Keys
==================
(0) 0xdf282cfe92aa22f74a076fb0b4112fb15e5ec087f6a7ea191f4e2112c96352ed
(1) 0x541d221dadfe536371b72082fbcc5773cbf732a189d4a47964338d78181d4a1b
(2) 0x2158e2d91de8fcdebb84a667e31a8605b7d0d5c105b01b6ba0d91987e95ea5f4
(3) 0x4dafde849c5d65aa63a2302dc936e5b26f4493790a105d16873a650a10594543
(4) 0x7fcf8926d03efc871c17f55b6171c8d534a622836f8986f008f6accf1aeaaa13
(5) 0x73d929adfdf65862ca31e6afb17bdd6848d7107ab4215cfcaa7592173e6d7e88
(6) 0x4841811b1d8e889b150f87eeee9a4c43e73c4bc774466b3e304af1e3f3f5098a
(7) 0x2bfc1f8521821c275c52c920bd6bd30e6a0f16a955c21a515a0e0c7f34c8ec24
(8) 0xda9735526e35fc4e31eca45b4bbfa46aeec15ad192fdf08c8e76ebd638b78ccf
(9) 0xc16b0189ba51c17f5e20298100ba95fcd9a9bd141f3af4b17e4212ee8c0fe7b4

HD Wallet
==================
Mnemonic:      whip battle submit scan hip eager duck abuse royal input churn head
Base HD Path:  m/44'/60'/0'/0/{account_index}

Default Gas Price
==================
2000000000

BlockGas Limit
==================
30000000

Call Gas Limit
==================
50000000

Chain
==================
Hardfork: shanghai
Id:       1337

RPC Listening on 127.0.0.1:8545
web3_clientVersion
eth_blockNumber
net_version
eth_accounts
eth_accounts
eth_blockNumber
net_version
eth_getBlockByNumber
eth_estimateGas
eth_getBlockByNumber
eth_gasPrice
eth_sendTransaction

  Transaction: 0x827bba2b7533295c67e4ef35b9834c09910a4f68871e13d7e22b74c8bd60be91
  Contract created: 0x5e0d570002cbb30a30029e4821a2545c14ca3693
  Gas usage: 1239462
  Block number: 1
  Block time: Thu May 07 2026 21:44:03 GMT+0700 (Indochina Time)

eth_getTransactionReceipt
eth_getCode
eth_getTransactionReceipt
eth_getBlockByNumber
eth_gasPrice
eth_sendTransaction

  Transaction: 0x5f7f363b24a72aa9b55560ee566a8d3a0acf2c458c91d38f44c8aa8c75bcd33f
  Gas usage: 21055
  Block number: 2
  Block time: Thu May 07 2026 21:44:03 GMT+0700 (Indochina Time)

eth_getTransactionReceipt
net_version
eth_getBlockByNumber
eth_estimateGas
eth_getBlockByNumber
eth_gasPrice
eth_sendTransaction

  Transaction: 0x4059fa54b74fde721d37b8c0dbab90ad4b1c64356699bab5e7f0623fc2754ac2
  Gas usage: 71641
  Block number: 3
  Block time: Thu May 07 2026 21:44:03 GMT+0700 (Indochina Time)

eth_getTransactionReceipt
eth_blockNumber
eth_getBalance
eth_getTransactionByHash
debug_traceTransaction
eth_getTransactionByHash
debug_traceTransaction
eth_getTransactionByHash
debug_traceTransaction

Received shutdown signal: SIGTERM
Shutting down…
Server has been shut down
