ganache v7.9.2 (@ganache/cli: 0.10.2, @ganache/core: 0.10.2)
Starting RPC server

Available Accounts
==================
(0) 0xbDE5357000C6ffBe8cFC8c0CB23507BFADF7b64C (1000 ETH)
(1) 0x0f4d95Ed715a668938D6fFaAC41405E3a47D9B2E (1000 ETH)
(2) 0xCFF18626E11568e3a08CD7954b3711adFA71a6bB (1000 ETH)
(3) 0xD3B4e811381a71b5c46011A8621acb3B81d922bb (1000 ETH)
(4) 0x1A1dC00C911b74306412a04cfE333DfE4237eB8C (1000 ETH)
(5) 0xa8021597eF3FF407Cb22ec71A95155513Fe62206 (1000 ETH)
(6) 0xC1C5B1D547D6D02508a8c4ec1b7FD25971Cd3191 (1000 ETH)
(7) 0xAc02c08D6EafBaB6B2db7BF0525b5E6F4C60F2e0 (1000 ETH)
(8) 0x27529A90b89FB7ec812F9fBA8a801af205C1d759 (1000 ETH)
(9) 0xd6B052efF4106C70fF3e1dab72306190533dFaeB (1000 ETH)

Private Keys
==================
(0) 0x74c71894a57585cca1549b2e6d438b3873f64c7904ca02812f5baec04120a41f
(1) 0xaf6639e854f29e4a7e2918aa5b291d5f07516b4e4f97508d03c5c9af9e7f12b8
(2) 0x796232faba89061ae53e4325d9ad987b3888616156e021de39404576aaf64fd0
(3) 0x2e78601b40acc804282fdd938531b2da448e0cddbbb5f2be645259e3bf131f96
(4) 0xcc810403e2b2249573f4085a3cbdb92890f9761b674924b1ef79cd0136b989d6
(5) 0x77a042c4a4051871a06ed66fe28056eddd4c5b887bf336a710b6fbe5e5d801e3
(6) 0x41d9c1d8b3da6e4a6a52c7cc541540b9490dfbaade19a9f08e71974285c00efd
(7) 0x126be6b6ec7462a7d84125f0be028a3c058d9e09e263167c4fd12e2867c4e7cf
(8) 0x27a05792d6b38e24036a05be663084038e4b01a2b6b8295bd2977279076e7c9e
(9) 0x9cc97854a1f7a839c3925c504c0d89e4341b5d3cd96264f04d7fc6a04faab4de

HD Wallet
==================
Mnemonic:      tobacco school they pledge water syrup flight any salon swallow void topple
Base HD Path:  m/44'/60'/0'/0/{account_index}

Default Gas Price
==================
2000000000

BlockGas Limit
==================
30000000

Call Gas Limit
==================
50000000

Chain
==================
Hardfork: shanghai
Id:       1337

RPC Listening on 127.0.0.1:8545
web3_clientVersion
eth_blockNumber
net_version
eth_accounts
eth_accounts
eth_blockNumber
net_version
eth_getBlockByNumber
eth_estimateGas
eth_getBlockByNumber
eth_gasPrice
eth_sendTransaction

  Transaction: 0x4a1a08fec633601ec37fcb4352ee294695cda79d4bee645bc1863df4d17087c0
  Contract created: 0xf30a1cfb09f8b5b1da33b23348d0046808ba5a7f
  Gas usage: 1123899
  Block number: 1
  Block time: Fri May 08 2026 02:02:02 GMT+0700 (Indochina Time)

eth_getTransactionReceipt
eth_getCode
eth_getTransactionReceipt
eth_getBlockByNumber
eth_gasPrice
eth_sendTransaction

  Transaction: 0xd7c0c2fcbb7a618420a15cd3231923abc051c35763cc84df681135de505e735a
  Gas usage: 21055
  Block number: 2
  Block time: Fri May 08 2026 02:02:02 GMT+0700 (Indochina Time)

eth_getTransactionReceipt
net_version
eth_getBlockByNumber
eth_estimateGas
eth_getBlockByNumber
eth_gasPrice
eth_sendTransaction

  Transaction: 0x0d0ed1ac7d14024e149e5c6316843971ce0378b625a37daebcff8041b3fc188e
  Gas usage: 68747
  Block number: 3
  Block time: Fri May 08 2026 02:02:02 GMT+0700 (Indochina Time)

eth_getTransactionReceipt
eth_blockNumber
eth_getBalance
eth_getTransactionByHash
debug_traceTransaction
eth_getTransactionByHash
debug_traceTransaction
eth_getTransactionByHash
debug_traceTransaction

Received shutdown signal: SIGTERM
Shutting down…
Server has been shut down
