ganache v7.9.2 (@ganache/cli: 0.10.2, @ganache/core: 0.10.2)
Starting RPC server

Available Accounts
==================
(0) 0xC3878dC25aaf52A1faCbf1bA26b94f48BeA44004 (1000 ETH)
(1) 0x659Ae6Fdb6339f50EB8ec1a6000fad3398B57AAD (1000 ETH)
(2) 0xCc57a85966bFAbCf3fe8EA4e5432Ac14A15ED1A9 (1000 ETH)
(3) 0x9F8c881ad83A6f2EFf08cACAf048cBEfA536280D (1000 ETH)
(4) 0x2CC5A93F0E24B24cC2dC7A73bfdA13c50399a9bb (1000 ETH)
(5) 0x41dA7795d95724212cE02EE7F1B3C828894AC996 (1000 ETH)
(6) 0xdcDb9d422579C42C2b2578c72c7bB90b5e8E3cb3 (1000 ETH)
(7) 0x776a2F57f7a97e21Fc30fE95b9e80eD3e3EFEC60 (1000 ETH)
(8) 0x026aD49632da7f9661574510cB5Fc5d79036C02e (1000 ETH)
(9) 0xA3BcD0aac29ccA6AcC7885440e2181a9e2Cf6c5d (1000 ETH)

Private Keys
==================
(0) 0x47d12cdb0c82dd2615db954bd7f6e003b0cc61687535a8012651eea06c43b8cb
(1) 0x9804dd7d186cdf1a75a69d50f5625a08e7c99ce32bdd5de6a6e1a6b7d2062e61
(2) 0x068ff7a5106d9c840ae501b14ab1eabf6dc61558f6e167d9efd9b96bcdc3e34f
(3) 0xe27d896d10347259d6dd5d150803d08ca4356b607889d3451fd838df2ef2cde7
(4) 0xfcf750cf547fdd3b25e51c23ecf58dc5f4819e6d800f804664d0e78d9bd721ce
(5) 0x179bce4e4ccd5faf950b7efde9f1da3801e6fe65f6d2ced3e83b3da2f5b1256f
(6) 0x09e6908fe2074b5f8cd02f9a7f058580250adee15d72ef8a16864f008852c2ae
(7) 0xaf1f5382ca0bde7d829f22ac4458b354fffb7024a278bb0a71d8ad85caf2ef3e
(8) 0x1a9db0b37433a8335e919b65b37193682e21ed460386672181e42c889f9eaa62
(9) 0xb4074e83a1f99398aab2b7ba3be75110029286fd00510ab526dc4eb91d607f2b

HD Wallet
==================
Mnemonic:      runway reduce laundry section before wrong fall universe genuine copper right basket
Base HD Path:  m/44'/60'/0'/0/{account_index}

Default Gas Price
==================
2000000000

BlockGas Limit
==================
30000000

Call Gas Limit
==================
50000000

Chain
==================
Hardfork: shanghai
Id:       1337

RPC Listening on 127.0.0.1:8545
web3_clientVersion
eth_blockNumber
net_version
eth_accounts
eth_accounts
eth_blockNumber
net_version
eth_getBlockByNumber
eth_estimateGas
eth_getBlockByNumber
eth_gasPrice
eth_sendTransaction

  Transaction: 0x6f580ffc53d6723219be378c271993757ab6800324e0ec9a87ad9563e2dc6624
  Contract created: 0xcc3791f157048661846976e167e0d6f31256c420
  Gas usage: 1284906
  Block number: 1
  Block time: Fri May 08 2026 01:31:49 GMT+0700 (Indochina Time)

eth_getTransactionReceipt
eth_getCode
eth_getTransactionReceipt
eth_getBlockByNumber
eth_gasPrice
eth_sendTransaction

  Transaction: 0x3e89aa5e73b527999e72ae723cba55fe6e2bec6c04860e5484025a48e791ffde
  Gas usage: 21055
  Block number: 2
  Block time: Fri May 08 2026 01:31:49 GMT+0700 (Indochina Time)

eth_getTransactionReceipt
eth_blockNumber
evm_mine
eth_blockNumber
evm_mine
eth_blockNumber
evm_mine
eth_blockNumber
evm_mine
eth_blockNumber
evm_mine
eth_blockNumber
evm_mine
eth_blockNumber
net_version
eth_getBlockByNumber
eth_estimateGas
eth_getBlockByNumber
eth_gasPrice
eth_sendTransaction

  Transaction: 0x3707f55949ce316722cd83383844616af3ae33f7f2870e37ff0e92beb4b55075
  Gas usage: 52947
  Block number: 9
  Block time: Fri May 08 2026 01:31:49 GMT+0700 (Indochina Time)

eth_getTransactionReceipt
eth_blockNumber
net_version
eth_getBlockByNumber
eth_estimateGas
eth_getBlockByNumber
eth_gasPrice
eth_sendTransaction

  Transaction: 0x2d9752246d834c10c0de92d681c0dd33f9f01d4930a9df221a40a47269dc45b3
  Gas usage: 59561
  Block number: 10
  Block time: Fri May 08 2026 01:31:49 GMT+0700 (Indochina Time)

eth_getTransactionReceipt
eth_blockNumber
eth_getBalance
eth_getTransactionByHash
debug_traceTransaction
eth_getTransactionByHash
debug_traceTransaction
eth_getTransactionByHash
debug_traceTransaction
eth_getTransactionByHash
debug_traceTransaction

Received shutdown signal: SIGTERM
Shutting down…
Server has been shut down
