Using network 'development'.

{
  "ok": true,
  "pair": "D->B|evm|fund:db",
  "contract": "CTLCOnly",
  "scenario": "worst_claim",
  "deployGas": "0x117faf",
  "gasUsed": "72874",
  "disableGasUsed": "0",
  "claimGasUsed": "72874",
  "refundGasUsed": "",
  "contractAddress": "0x2279B7A0a67DB372996a5FaB50D91eAA73d2eBe6",
  "startBlock": "8",
  "endBlock": "11",
  "finalContractBalanceWei": "0",
  "party": "0x3C44CdDdB6a900fa2b585dd299e03d12FA4293BC",
  "counterparty": "0x90F79bf6EB2c4f870365E785982E1f101E93b906",
  "timelocks": [
    16
  ]
}
