ganache v7.9.2 (@ganache/cli: 0.10.2, @ganache/core: 0.10.2)
Starting RPC server

Available Accounts
==================
(0) 0xE51BB1836fF3747512548Ffb79286aED462ec4b5 (1000 ETH)
(1) 0x3F1af657693f02DF03C464Bd4a830a476034df22 (1000 ETH)
(2) 0x7f48a1d358C839d34e3DEFadb0E46407080Ed316 (1000 ETH)
(3) 0x0c5cEc182A44f0F2a5a37a863e0e634e4feD3118 (1000 ETH)
(4) 0x047c41aaC7751D7cDFcbe9cb96AF47e3ea33e728 (1000 ETH)
(5) 0x587d778b242a1DB0dCc06d7b2Dd25A8dD5d5c35f (1000 ETH)
(6) 0x7524Ee939F366fe7F44737F51648fa449a8f9FF7 (1000 ETH)
(7) 0xbc0cfd021E7BC0C3FE76745c8A39c73e0d7e806B (1000 ETH)
(8) 0x245971600F4F18bA92bfDa6DE0FeE179408D1F54 (1000 ETH)
(9) 0x37C000BDA8541dd42762fd3bA18a63732F1Fb5A3 (1000 ETH)

Private Keys
==================
(0) 0x0cff981a3afebff883d34428b1923479b9c9e8ea4226454828db813a93f35e7a
(1) 0xb271e161cf465ac6c5c15961aa47c750d5cd74b42e461bc3c8469083b84cf3af
(2) 0xec49490348f555f22dbfa623688f9aec31eeac7bd12f44f2aeede6c6489e47ff
(3) 0x2dcea62409cb6f69abe72fe1e8730ff247642953c59ef54b12d5522fcae6e064
(4) 0x1d36870ec1e1526d60466285b2cfd8da46306339c01395c9f9ecb5f741aec89c
(5) 0xff941c8a9ded308fae9f73462a13b6f72af7c6ea25d6a4eb2fd89946012a0b56
(6) 0x6de732a28d80ed8989c9f633f1187655e12ca9e3728e367bd36a3141bcaf8fcd
(7) 0xc9e4a2dcf52385c2566d6e51fb6ae3fff533e18401bdfcb6259d685f5ca9679e
(8) 0x2a4a03cc58e15a46fc60df403ceb502ba3fc9ffc5cd6554f44875d8be23669a6
(9) 0x29522f73d4655d8fc3cfc7abfd8a28cb92e3415bc35bc0c925b144cd0e78f968

HD Wallet
==================
Mnemonic:      slogan nerve mammal nation weather lab drum crush narrow federal pet hungry
Base HD Path:  m/44'/60'/0'/0/{account_index}

Default Gas Price
==================
2000000000

BlockGas Limit
==================
30000000

Call Gas Limit
==================
50000000

Chain
==================
Hardfork: shanghai
Id:       1337

RPC Listening on 127.0.0.1:8545
web3_clientVersion
eth_blockNumber
net_version
eth_accounts
eth_accounts
eth_blockNumber
net_version
eth_getBlockByNumber
eth_estimateGas
eth_getBlockByNumber
eth_gasPrice
eth_sendTransaction

  Transaction: 0x0aa85a0d885d35adeb12f152391d5cc68e000bc507b56d4a4d81954c5a96d91d
  Contract created: 0xd13178a8454c6ad6606ac99bc17169a6b538ead3
  Gas usage: 1307806
  Block number: 1
  Block time: Fri May 08 2026 02:03:48 GMT+0700 (Indochina Time)

eth_getTransactionReceipt
eth_getCode
eth_getTransactionReceipt
eth_getBlockByNumber
eth_gasPrice
eth_sendTransaction

  Transaction: 0x31a7c1db2ad5c9a8df1df5208b90f8533a295e4d69b82d02dce39b15c93099f0
  Gas usage: 21055
  Block number: 2
  Block time: Fri May 08 2026 02:03:48 GMT+0700 (Indochina Time)

eth_getTransactionReceipt
net_version
eth_getBlockByNumber
eth_estimateGas
eth_getBlockByNumber
eth_gasPrice
eth_sendTransaction

  Transaction: 0x3c9d0d839c48468fcb8c186216522cdb324bcdb9fd70ddc0ca2477642b5509c7
  Gas usage: 72862
  Block number: 3
  Block time: Fri May 08 2026 02:03:48 GMT+0700 (Indochina Time)

eth_getTransactionReceipt
eth_blockNumber
eth_getBalance
eth_getTransactionByHash
debug_traceTransaction
eth_getTransactionByHash
debug_traceTransaction
eth_getTransactionByHash
debug_traceTransaction

Received shutdown signal: SIGTERM
Shutting down…
Server has been shut down
