Using network 'development'.

{
  "ok": true,
  "graph_id": "",
  "pair": "D->E|evm|fund:de",
  "pairKey": "D->E|evm|fund:de",
  "contract": "CTLCOnly",
  "scenario": "worst_claim",
  "deployGas": "0x117faf",
  "gasUsed": "72862",
  "disableGasUsed": "0",
  "claimGasUsed": "72862",
  "refundGasUsed": "",
  "contractAddress": "0x36beAF00F966A2356d299f70fbc4bec0Cb155250",
  "startBlock": "0",
  "endBlock": "3",
  "finalContractBalanceWei": "0",
  "deployer": "0x10e41D23057F1ee6643ac5F87DE0C8BbC7d81869",
  "party": "0xeB2640c2b556D76e31aB0fD5F706227b60F4d1d6",
  "counterparty": "0xB1dAA39Ae05732568455340068c2899Af8270d1e",
  "fundingWei": "1000000000000000000",
  "timelocks": [
    8
  ],
  "transactions": [
    {
      "role": "deploy",
      "txHash": "0xdc753aa8f8d78e9b52efb0882687473fd91c9710cc4ad4a6105ccb44bc67cee4"
    },
    {
      "role": "fund",
      "txHash": "0xd521ea0db231a3e3f97d269eccbc5bbb98cdda43707bcb0349259d458a211498"
    },
    {
      "role": "claim",
      "txHash": "0xc79b0124ce65650cd38cfaa58896043ef1d69add652f4ae5508613e7cc531760",
      "level": 0,
      "option": 0
    }
  ],
  "txRoles": [
    {
      "role": "deploy",
      "txHash": "0xdc753aa8f8d78e9b52efb0882687473fd91c9710cc4ad4a6105ccb44bc67cee4"
    },
    {
      "role": "fund",
      "txHash": "0xd521ea0db231a3e3f97d269eccbc5bbb98cdda43707bcb0349259d458a211498"
    },
    {
      "role": "claim",
      "txHash": "0xc79b0124ce65650cd38cfaa58896043ef1d69add652f4ae5508613e7cc531760",
      "level": 0,
      "option": 0
    }
  ],
  "deployTxHash": "0xdc753aa8f8d78e9b52efb0882687473fd91c9710cc4ad4a6105ccb44bc67cee4",
  "fundTxHash": "0xd521ea0db231a3e3f97d269eccbc5bbb98cdda43707bcb0349259d458a211498",
  "claimTxHash": "0xc79b0124ce65650cd38cfaa58896043ef1d69add652f4ae5508613e7cc531760",
  "txHash": "0xc79b0124ce65650cd38cfaa58896043ef1d69add652f4ae5508613e7cc531760",
  "tx": "0xc79b0124ce65650cd38cfaa58896043ef1d69add652f4ae5508613e7cc531760"
}
