ganache v7.9.2 (@ganache/cli: 0.10.2, @ganache/core: 0.10.2)
Starting RPC server

Available Accounts
==================
(0) 0x0DC830fFa1FBAF20Bd9b9aDBD5AbE4931c094EE1 (1000 ETH)
(1) 0xFD792cA48A798291E54Ed243193760bdb3842c76 (1000 ETH)
(2) 0x74d0ED72c7b56F8e64D19A079a0Ed666063A9437 (1000 ETH)
(3) 0xD58325CA88cF3382D42F1284c3c95e0f061Ae301 (1000 ETH)
(4) 0x290edCEC232A52A4fA1f7992Dd4583f57243b45D (1000 ETH)
(5) 0x95ae8A011F0A15D655D221dC4Ae2f5300BF3b2Ef (1000 ETH)
(6) 0xe27CdCB22E6af04208f59A693f21db672f7B79EB (1000 ETH)
(7) 0x0C24453cC98C388a8d6fba7264abEe5EdBE38382 (1000 ETH)
(8) 0x0A3f7EDcdeF0fc23b0114d1091A543B7904d17de (1000 ETH)
(9) 0x9A6440747fA2f45222A1A24B0bA73996B827C44e (1000 ETH)

Private Keys
==================
(0) 0x0453eea09fc4c04d90a2c183d95bf90a023629bc779c195f688e423a0fd39ec9
(1) 0x7634ed851dd3553a901abcd81c5cd2e6bc23a800abe9b6839d01a5a75e3d1108
(2) 0x25630387cbac0751f092af20642962fa36e2e76b7d01bcac5a58b0c7dd538ff7
(3) 0x11a55bbed6542a9138281f2f518f26e697ce09f97d79e0010e3d7f5f49a580b7
(4) 0xa4681717bbcf689f9068bb8afbe02237e12c4ecb359eecc1337ed882e99169ed
(5) 0x9c9b7fda1259944a047d3b9a942c39b58f3dd8434d56e0f6bb920f1c527a9ba9
(6) 0xc9f589c68d6caf015c550aa6180fcc9326d36e35ba0f0d42824436b43a267447
(7) 0x0ff21d987bbc70d0f216218aef764202a851c541293aa6297e25e4840429e21e
(8) 0x43d575efefde8c96cc793ebbea462192a57bb3d395cc0e879267c97c4adfc17b
(9) 0xc8e43ebbcb3c9eae56c08d4bd98a50752a31a5353a9719582e52a6ba5b354d3f

HD Wallet
==================
Mnemonic:      magic empty auto lawn when vintage report favorite this axis stable glare
Base HD Path:  m/44'/60'/0'/0/{account_index}

Default Gas Price
==================
2000000000

BlockGas Limit
==================
30000000

Call Gas Limit
==================
50000000

Chain
==================
Hardfork: shanghai
Id:       1337

RPC Listening on 127.0.0.1:8545
web3_clientVersion
eth_blockNumber
net_version
eth_accounts
eth_accounts
eth_blockNumber
net_version
eth_getBlockByNumber
eth_estimateGas
eth_getBlockByNumber
eth_gasPrice
eth_sendTransaction

  Transaction: 0x4c8f47dc34744902d8aa16756113da203ad763cc9a497366eed55281514ed890
  Contract created: 0xae6ba285c97b10fa5b41e7c813e828726f2f26a8
  Gas usage: 1100975
  Block number: 1
  Block time: Thu May 07 2026 22:00:48 GMT+0700 (Indochina Time)

eth_getTransactionReceipt
eth_getCode
eth_getTransactionReceipt
eth_getBlockByNumber
eth_gasPrice
eth_sendTransaction

  Transaction: 0x2ff9f612c535f2149f17cde03fba978f1d200b81752e2ed3fc0c0aeeb977f93e
  Gas usage: 21055
  Block number: 2
  Block time: Thu May 07 2026 22:00:48 GMT+0700 (Indochina Time)

eth_getTransactionReceipt
eth_blockNumber
evm_mine
eth_blockNumber
evm_mine
eth_blockNumber
evm_mine
eth_blockNumber
evm_mine
eth_blockNumber
net_version
eth_getBlockByNumber
eth_estimateGas
eth_getBlockByNumber
eth_gasPrice
eth_sendTransaction

  Transaction: 0x0632ab948761e4fe34a76e66db8329273378843d7362944ae3289fd5fe4774a6
  Gas usage: 59561
  Block number: 7
  Block time: Thu May 07 2026 22:00:48 GMT+0700 (Indochina Time)

eth_getTransactionReceipt
eth_blockNumber
eth_getBalance
eth_getTransactionByHash
debug_traceTransaction
eth_getTransactionByHash
debug_traceTransaction
eth_getTransactionByHash
debug_traceTransaction

Received shutdown signal: SIGTERM
Shutting down…
Server has been shut down
