ganache v7.9.2 (@ganache/cli: 0.10.2, @ganache/core: 0.10.2)
Starting RPC server

Available Accounts
==================
(0) 0x8E6Fe73bA5aAC985FA026160196a85285aB9c139 (1000 ETH)
(1) 0x46D5f1f59A610E71965927A630E3849638ccd616 (1000 ETH)
(2) 0x239788DC628bdBF08855A14729E1e3D774D7010a (1000 ETH)
(3) 0xa2327a66F2ed053c795C0a52715D20520D69d904 (1000 ETH)
(4) 0xd5c7E8d3FD3BeD60A1Ce8c17D04c2d9BB65646C4 (1000 ETH)
(5) 0x7d2A5a4d8471B85b46f215A0892bA7C8FbbE11F2 (1000 ETH)
(6) 0x92361E083CA98e6e2fA9bAA994Bc9B33B81a29f0 (1000 ETH)
(7) 0x487b218A2F1FF80169bb3712D8BD982fc00597f4 (1000 ETH)
(8) 0x0c22Eb1c89Da718453f229f52e3cd27464310404 (1000 ETH)
(9) 0x9C5406EEC3A75eb23e7C904a718E15142068dB65 (1000 ETH)

Private Keys
==================
(0) 0x76035bbef57a47bd1820a1cf1dae78a79cd8f767837dcc6fca8e8ae37c9613e8
(1) 0xca85ccf9da658dfe7d5bb9c18fac5874b88fa2c88f86ce0470482028f1895050
(2) 0x5eb2db21f17eaac0dae112a7459220e00186c0cef9694b3fe07096e4cdd06fd1
(3) 0xe5db87a9d956f67feef0860c54b46ca1f79889c859058c014df214a881a353b8
(4) 0x6d3d3c6b56d12badddf328b440fcba207d43b15c146c6500e3200d68d933afc5
(5) 0x42a6a0394ff9bd5d2c899ad029016a6e2f935399701e92386ea553911c54104b
(6) 0xd3598b670e66e5a1849266184fb3653bd5ce8bd418b6c68910d10950f9a64903
(7) 0x748bc45efcbdf4ed4a0b3d3191835d72f814c72dcc08e0179f9195c945758e2f
(8) 0x2d5acad85af0ffd36e2fec25aab59078642362b13f1d1476835db90311174260
(9) 0x11a47eec1a5f0cc36a5d412e88e9b071d9399491e7d54fbd585a6f3c9af4783f

HD Wallet
==================
Mnemonic:      slim symptom apology naive torch dinner beef close garlic parent once grunt
Base HD Path:  m/44'/60'/0'/0/{account_index}

Default Gas Price
==================
2000000000

BlockGas Limit
==================
30000000

Call Gas Limit
==================
50000000

Chain
==================
Hardfork: shanghai
Id:       1337

RPC Listening on 127.0.0.1:8545
web3_clientVersion
eth_blockNumber
net_version
eth_accounts
eth_accounts
eth_blockNumber
net_version
eth_getBlockByNumber
eth_estimateGas
eth_getBlockByNumber
eth_gasPrice
eth_sendTransaction

  Transaction: 0xe57c865a9f6a72638b729e8edaa360c10244d107891e7657fb66bf1edfb85bbe
  Contract created: 0x0970a0978902c88ad63f4b3c369cedffa9fab51d
  Gas usage: 1146811
  Block number: 1
  Block time: Fri May 08 2026 02:05:47 GMT+0700 (Indochina Time)

eth_getTransactionReceipt
eth_getCode
eth_getTransactionReceipt
eth_getBlockByNumber
eth_gasPrice
eth_sendTransaction

  Transaction: 0x49d7bbcf549bdf521f217bb7d5704f01f7d43a0a10257adec6401644ba68f59b
  Gas usage: 21055
  Block number: 2
  Block time: Fri May 08 2026 02:05:47 GMT+0700 (Indochina Time)

eth_getTransactionReceipt
eth_blockNumber
evm_mine
eth_blockNumber
evm_mine
eth_blockNumber
evm_mine
eth_blockNumber
evm_mine
eth_blockNumber
evm_mine
eth_blockNumber
evm_mine
eth_blockNumber
net_version
eth_getBlockByNumber
eth_estimateGas
eth_getBlockByNumber
eth_gasPrice
eth_sendTransaction

  Transaction: 0x177c20c3166aee1259fdc67d08e98f8c5b830a665e4fa31e030674570bd2a6af
  Gas usage: 59561
  Block number: 9
  Block time: Fri May 08 2026 02:05:47 GMT+0700 (Indochina Time)

eth_getTransactionReceipt
eth_blockNumber
eth_getBalance
eth_getTransactionByHash
debug_traceTransaction
eth_getTransactionByHash
debug_traceTransaction
eth_getTransactionByHash
debug_traceTransaction

Received shutdown signal: SIGTERM
Shutting down…
Server has been shut down
