COMMAND: python3 experiments/scale_trace/scripts/trace_result_json.py /home/aothuatgiadp/blockchain/project/CTLC-Implementation/experiments/scale_trace/runs/random_v1_10/E-_G_evm_fund_eg_CTLCOnly_worst_claim/result.json /home/aothuatgiadp/blockchain/project/CTLC-Implementation/experiments/scale_trace/runs/random_v1_10/E-_G_evm_fund_eg_CTLCOnly_worst_claim/trace.json
STATUS: 0

STDOUT:
{
  "graph_id": "",
  "pair": "E->G|evm|fund:eg",
  "contract": "CTLCOnly",
  "scenario": "worst_claim",
  "contractAddress": "0x59E4d731D240DAaBc7Ed5Ca8855dEF003969AAb5",
  "traces": {
    "deploy": {
      "tx_hash": "0x878479af552fdcace2fa179bfb2d7d98fd9bc2fb2368840a6756fa20aa8fc9b7",
      "actual_calldata_bytes": 7123,
      "actual_sstore_count": 9,
      "actual_call_count": 0,
      "opcode_steps": 1374
    },
    "fund": {
      "tx_hash": "0x174c2bd950d8b556958f0563de2c4c9b33a79dd15516e2e4b6fe261aaae3590e",
      "actual_calldata_bytes": 0,
      "actual_sstore_count": 0,
      "actual_call_count": 0,
      "opcode_steps": 13
    },
    "claim_level0": {
      "tx_hash": "0x2dc5cf5d16f8332dfcc82302f0648023aa47d5807422ee15d723d44f43b402c5",
      "actual_calldata_bytes": 292,
      "actual_sstore_count": 1,
      "actual_call_count": 1,
      "opcode_steps": 1134
    }
  }
}


STDERR:

