ganache v7.9.2 (@ganache/cli: 0.10.2, @ganache/core: 0.10.2)
Starting RPC server

Available Accounts
==================
(0) 0x2249413BAfc2Fa64bAF5212B34861A46f7914f76 (1000 ETH)
(1) 0xb626894808d88824C4792b77BdEB0E11d5E25332 (1000 ETH)
(2) 0xF9E4aAb69EBFb52E0A4007b12216081befe624Ad (1000 ETH)
(3) 0xe9C4A142629E7BCE82991fFeCc8FEAa35D988695 (1000 ETH)
(4) 0x2C53AA3641516b9771b76b637d29A546cBDD1A26 (1000 ETH)
(5) 0x4c0F3226C4cE7D48dEB1113EC5F7D23158A2f2fa (1000 ETH)
(6) 0x82a25813429C963806b9b9AeBe509c190165048A (1000 ETH)
(7) 0x5541B1B29554AcDb05C07954fc014fC3F2C67891 (1000 ETH)
(8) 0xA0C9bA1Bc11b5329ad828b579E216cd41004c821 (1000 ETH)
(9) 0x02Aff5AB8CF64b1B8a1781c6C661580b4B3A52CC (1000 ETH)

Private Keys
==================
(0) 0xdb5c3c9bd5c65ca335aa733809355a2ee008e30ae12cf2dbf8ee9cee27595f6e
(1) 0x4de8d51a13d552cf6a8d1f98bd61eb2b3a44448fe987b0f995d174ede8480858
(2) 0xe85d24ad3111db641753ff189d62fc156c517d42ea2e1a255f6a2b8f4bcf2ea6
(3) 0xcf8d3d4664d800a4eabc92bea2dfaea47b59121b9dbfa4657586738c0d0f09a1
(4) 0xcfdf38724655eaffea3e6d5511fdc9f6ff6260ff1cd2bc7dfb791ab99270f87e
(5) 0x26abe44e68a2d503aecd542350ff4903fc33eefc2ad446c95edc3048d53d5cd4
(6) 0xe673099aebc485385a05fca70de7bb5818a4ee5b7edb955d479fe123d7bea60c
(7) 0xfbd6e8c1fd5d8ac0cc6b955576d5385a6b42d1da1c5bd4813c5bb6996891849a
(8) 0xad02e58063ca9501bcba4e07b13469e3e115929f2b26708ce61255e112391e6c
(9) 0x1aba9ce5b78acd86e52dee24fcb5c0028034c091c76ac86ae2da05b3a92e9930

HD Wallet
==================
Mnemonic:      knife length large more source nest kiwi move stomach cruise foster kid
Base HD Path:  m/44'/60'/0'/0/{account_index}

Default Gas Price
==================
2000000000

BlockGas Limit
==================
30000000

Call Gas Limit
==================
50000000

Chain
==================
Hardfork: shanghai
Id:       1337

RPC Listening on 127.0.0.1:8545
web3_clientVersion
eth_blockNumber
net_version
eth_accounts
eth_accounts
eth_blockNumber
net_version
eth_getBlockByNumber
eth_estimateGas
eth_getBlockByNumber
eth_gasPrice
eth_sendTransaction

  Transaction: 0xa7fe03de62092b5213e6ce1055d8db3f2f863dc9dd69264f53608513b28afed3
  Contract created: 0x94ffac5bf12aab2b699df3062ee70773c7c682d1
  Gas usage: 1100987
  Block number: 1
  Block time: Fri May 08 2026 01:56:31 GMT+0700 (Indochina Time)

eth_getTransactionReceipt
eth_getCode
eth_getTransactionReceipt
eth_getBlockByNumber
eth_gasPrice
eth_sendTransaction

  Transaction: 0x6be77ef0f2161f02ff4668533f67adf11741519143b97595dbeeb9d05fc38e98
  Gas usage: 21055
  Block number: 2
  Block time: Fri May 08 2026 01:56:31 GMT+0700 (Indochina Time)

eth_getTransactionReceipt
eth_blockNumber
evm_mine
eth_blockNumber
evm_mine
eth_blockNumber
evm_mine
eth_blockNumber
evm_mine
eth_blockNumber
net_version
eth_getBlockByNumber
eth_estimateGas
eth_getBlockByNumber
eth_gasPrice
eth_sendTransaction

  Transaction: 0xa1f98458c03fd12e1e224d407e953bb21dde28a88fa698c78fb97388470b59ec
  Gas usage: 59561
  Block number: 7
  Block time: Fri May 08 2026 01:56:32 GMT+0700 (Indochina Time)

eth_getTransactionReceipt
eth_blockNumber
eth_getBalance
eth_getTransactionByHash
debug_traceTransaction
eth_getTransactionByHash
debug_traceTransaction
eth_getTransactionByHash
debug_traceTransaction

Received shutdown signal: SIGTERM
Shutting down…
Server has been shut down
