ganache v7.9.2 (@ganache/cli: 0.10.2, @ganache/core: 0.10.2)
Starting RPC server

Available Accounts
==================
(0) 0x0696f4B8471E605E6cDA5e32B46399fb1981D343 (1000 ETH)
(1) 0x4E06dd3aed5D4c28dD8294C20CE02303C369Cff5 (1000 ETH)
(2) 0xE6fB57Bbcc4948e4Fc939F8D96277064eD7017BF (1000 ETH)
(3) 0x341B3539066bBC2ff0a154e75B6E523bA8Ae8318 (1000 ETH)
(4) 0x386A83Bd39d019833f84585b9258203DB9bFb619 (1000 ETH)
(5) 0x4d4c16b6Ced4D69499cD84F0c6d42A077465ddF1 (1000 ETH)
(6) 0xDD703f0B47fA20994704Ae429b4F299acc636fa3 (1000 ETH)
(7) 0xD129A957523016fd4f7733522f1aD4494bEd8c9f (1000 ETH)
(8) 0xd1B8eFa72d976E2cF06239e7aBb482eBaA37bb3f (1000 ETH)
(9) 0xff9Ab512Dad194D2AD63d44Dc92906e53A287868 (1000 ETH)

Private Keys
==================
(0) 0x1e8f0dfb32f2a86f0c6cee25cabdeabf5f87e4c2ba900e2f60dec59b30938b3a
(1) 0x8e369b0ff5c6217a278f642297fe687ef0564bfd95a29a327de0e8cee15bcf68
(2) 0x6a37a3003241f83985d7f22c03b2b491f9b962320ebc64339deb7a1267a3b0fb
(3) 0xe39d2fcf4c646b2ca0c677837236bf24927042fb11b669ff70b090983f3f9233
(4) 0x71db08e4ec07a1dec973f3147c2b6ecfd8584804d514b9951b23017a462caaea
(5) 0x0e56f22e92d77d14c5a6ab77e3feba34aedf4a1919287f853d6543adef4338d3
(6) 0x1e66e758047ed9d644bee8cb999a0a1fb50d2623d6b4874cf705fcb9965da4c3
(7) 0x3e1a8fd19dc955652b6ef6f3a0c7645022d70b6141ea0963bd2d58e5a7da3f85
(8) 0x2868d40f70edea4402040dec31dba73df788a992b27db583bc87cb954fabe95d
(9) 0x6f934149c26717762693f9b42df4039c78e97602be67410840d2d112c1d6efc4

HD Wallet
==================
Mnemonic:      calm life target sweet picture sphere maze few flash smoke author board
Base HD Path:  m/44'/60'/0'/0/{account_index}

Default Gas Price
==================
2000000000

BlockGas Limit
==================
30000000

Call Gas Limit
==================
50000000

Chain
==================
Hardfork: shanghai
Id:       1337

RPC Listening on 127.0.0.1:8545
web3_clientVersion
eth_blockNumber
net_version
eth_accounts
eth_accounts
eth_blockNumber
net_version
eth_getBlockByNumber
eth_estimateGas
eth_getBlockByNumber
eth_gasPrice
eth_sendTransaction

  Transaction: 0xb753b7c1adfa199a38e21b582fa199b8e8575145f36b5176a479eafd7b24a80f
  Contract created: 0x7266cbf1d6a5e80c77281fcbab0b7d703f23a690
  Gas usage: 1169723
  Block number: 1
  Block time: Fri May 08 2026 01:24:18 GMT+0700 (Indochina Time)

eth_getTransactionReceipt
eth_getCode
eth_getTransactionReceipt
eth_getBlockByNumber
eth_gasPrice
eth_sendTransaction

  Transaction: 0xce0d11e4abe8fbaa3f0f12531e1e39ab1df2dd170961f9ff2c3e2628b62edda7
  Gas usage: 21055
  Block number: 2
  Block time: Fri May 08 2026 01:24:18 GMT+0700 (Indochina Time)

eth_getTransactionReceipt
net_version
eth_getBlockByNumber
eth_estimateGas
eth_getBlockByNumber
eth_gasPrice
eth_sendTransaction

  Transaction: 0xac9d0768943dbadc67e9baad2bfb22baeb7a4435fd945c8091a30657f3278f3f
  Gas usage: 77001
  Block number: 3
  Block time: Fri May 08 2026 01:24:18 GMT+0700 (Indochina Time)

eth_getTransactionReceipt
eth_blockNumber
eth_getBalance
eth_getTransactionByHash
debug_traceTransaction
eth_getTransactionByHash
debug_traceTransaction
eth_getTransactionByHash
debug_traceTransaction

Received shutdown signal: SIGTERM
Shutting down…
Server has been shut down
