ganache v7.9.2 (@ganache/cli: 0.10.2, @ganache/core: 0.10.2)
Starting RPC server

Available Accounts
==================
(0) 0x466799eF85Bd375Faae465877F5a49c3317c3A10 (1000 ETH)
(1) 0xc1B1e9d90CF544AED446160b5b49DE990E4629E8 (1000 ETH)
(2) 0x7Caa7BCfADdE1aF61b2C7336Ed78Ce875e49bB0e (1000 ETH)
(3) 0x37D202a0F12F1C1E44357547b39757F876AB20Cb (1000 ETH)
(4) 0x3ee15Fa6e61646624731c83f949Db684e5806B2e (1000 ETH)
(5) 0x12027FeEd8aa347D419d3b900896038130F1F073 (1000 ETH)
(6) 0xEC9C862fbDfC927EDb99337e31Fa54C8AD7C9a49 (1000 ETH)
(7) 0xC02235bd33AFCB476D0BaC01e5C7918567db4Ce2 (1000 ETH)
(8) 0x5b8D54d637202ca2a9B50b39Be53C7a85B775fc3 (1000 ETH)
(9) 0x8A780332f42beF270A6A0723811358b53CeB68e0 (1000 ETH)

Private Keys
==================
(0) 0xb605a6fa9e4e1ce2d132dab09a26113d3f477a58230e6c5c0981242069f7e30c
(1) 0xcd2c49685f620627aadefbcb6c91c8079f102e91286bf16fa5c897384541f6b8
(2) 0xa60ffff6ae69310e2b0ffb2134b721dd3e8fd2cf0258d8006cf34ac9370a238a
(3) 0xb7104a7ee62b52dab168960f2ed5621e0c9c3672cfd4780a764f5f22e2f7be9f
(4) 0xf65967c32157b8bb20c76413e60f413aabfbec5985dfdac60234af9ed5241ce7
(5) 0x4fd8d825bbf26b58b2b10c649a092a255b72a6191fc39052d72829454f1a137e
(6) 0xdfee04be253ba15873d8212638f316ac6e369c4bccd5bc47a0188ccb0e6aab35
(7) 0x37476a73421ccaa0e243b0d425f45a91978d8f4d45a5fdbff3928e4e9fc9d789
(8) 0xf81a8ba89c9405107f26c809d260cb94abf68ebdff096e15868978f65740c5c3
(9) 0x34939a7a9e45ae831e8bba23c06cb0eb5b3107a8b7caabd9325d4b34d6cf2db2

HD Wallet
==================
Mnemonic:      heavy switch pyramid damage then utility grit delay derive donkey rail leader
Base HD Path:  m/44'/60'/0'/0/{account_index}

Default Gas Price
==================
2000000000

BlockGas Limit
==================
30000000

Call Gas Limit
==================
50000000

Chain
==================
Hardfork: shanghai
Id:       1337

RPC Listening on 127.0.0.1:8545
web3_clientVersion
eth_blockNumber
net_version
eth_accounts
eth_accounts
eth_blockNumber
net_version
eth_getBlockByNumber
eth_estimateGas
eth_getBlockByNumber
eth_gasPrice
eth_sendTransaction

  Transaction: 0x8ead9337f3db25ea38f8b87d73ffeb168f057a844c1d1637ce5fa41e4f5c715b
  Contract created: 0xc2e30906a6dac4cd77b25c48e8c117bc093213e9
  Gas usage: 1100987
  Block number: 1
  Block time: Fri May 08 2026 03:39:33 GMT+0700 (Indochina Time)

eth_getTransactionReceipt
eth_getCode
eth_getTransactionReceipt
eth_getBlockByNumber
eth_gasPrice
eth_sendTransaction

  Transaction: 0x9d191aea1ed798910ef603ad971edcafdb30c3643b2929d4753ce889c1655c43
  Gas usage: 21055
  Block number: 2
  Block time: Fri May 08 2026 03:39:33 GMT+0700 (Indochina Time)

eth_getTransactionReceipt
net_version
eth_getBlockByNumber
eth_estimateGas
eth_getBlockByNumber
eth_gasPrice
eth_sendTransaction

  Transaction: 0xd2c19771e1912fb4ff57111ac1b6a60c2e91afc3a4a32ccf39a2f67171bdb66e
  Gas usage: 64620
  Block number: 3
  Block time: Fri May 08 2026 03:39:33 GMT+0700 (Indochina Time)

eth_getTransactionReceipt
eth_blockNumber
eth_getBalance
eth_getTransactionByHash
debug_traceTransaction
eth_getTransactionByHash
debug_traceTransaction
eth_getTransactionByHash
debug_traceTransaction

Received shutdown signal: SIGTERM
Shutting down…
Server has been shut down
