ganache v7.9.2 (@ganache/cli: 0.10.2, @ganache/core: 0.10.2)
Starting RPC server

Available Accounts
==================
(0) 0x13fe858084Eb394206706640A1bC10d4DE655348 (1000 ETH)
(1) 0xEA3de4C1c18C839b31F80f7d144Cef74B281746E (1000 ETH)
(2) 0x4D8A2f04D1Eb35d4e769F20F5851D79bF64EE498 (1000 ETH)
(3) 0x0e9db7C3Ab090cDA8AB6Bc33bA0796998C085955 (1000 ETH)
(4) 0x4e75eC7ec567f6a4C9cC85f0943ea34961BB1650 (1000 ETH)
(5) 0xfB8E3cd838D06691c20ce2D2954D69D229951744 (1000 ETH)
(6) 0x95b85edB3E496658F12E0A8F15e56Da538C34022 (1000 ETH)
(7) 0xbeD39f70F5D9d0E17640dC4ba47394267E491B58 (1000 ETH)
(8) 0x3FcE5685E612d1cfD7320e413fA01F6d31ED5CEf (1000 ETH)
(9) 0xa2e3AEed3B80B09b16449c96dc7F768c45d6d1f1 (1000 ETH)

Private Keys
==================
(0) 0x375256663aa38f0d5464236044ec2d34e11acb27d24c47256ab4629926dd1bd5
(1) 0xdbd09d465ea6fbe31d9ed746f1349d3fa9f2d7c2dd2d0b856db2b84126a7e0d8
(2) 0x95d4d0634c2d14bf569694242a712b5b93d060adbe337d982b2e2c1101d18f62
(3) 0xbaeedc3345576e9d4d0e0c45b5f2210eaedad757118f4cddd5ecef9f464936e2
(4) 0x5cda6be55d3893f81fe484707cd13140fb55559a34329cb154f2b532dabc7212
(5) 0x2006786c571de5dcdd29ae634d5d763fd3921c7a493c6625d154d70b38a779bb
(6) 0xa33b9399fdf7a58c082c5dee72938180f6749e60fbc691dfe6bfa550dd301d14
(7) 0x2cc43e06f3ba92ad6642554f110d230f6d5022f1dfa1ed4c7a8bc6a9267067fe
(8) 0x0e8e72380ea94a7611003e9e87433f4b96850361c7ffd798d14ca7c9dabce8b9
(9) 0x4df939b1b9ac46ecf3f46d0107b91b967c9c0822159edd92d6d8e7a8927ab28f

HD Wallet
==================
Mnemonic:      frog juice copper end stumble uphold empty profit pond floor always promote
Base HD Path:  m/44'/60'/0'/0/{account_index}

Default Gas Price
==================
2000000000

BlockGas Limit
==================
30000000

Call Gas Limit
==================
50000000

Chain
==================
Hardfork: shanghai
Id:       1337

RPC Listening on 127.0.0.1:8545
web3_clientVersion
eth_blockNumber
net_version
eth_accounts
eth_accounts
eth_blockNumber
net_version
eth_getBlockByNumber
eth_estimateGas
eth_getBlockByNumber
eth_gasPrice
eth_sendTransaction

  Transaction: 0x1f896aaf615b7ff21377b84bcb9544f2e098cb27aba11ef28b4d5a558dbf0607
  Contract created: 0xa40741205751a36b80f8afbe353bed852bd5f9dd
  Gas usage: 1100987
  Block number: 1
  Block time: Fri May 08 2026 00:10:13 GMT+0700 (Indochina Time)

eth_getTransactionReceipt
eth_getCode
eth_getTransactionReceipt
eth_getBlockByNumber
eth_gasPrice
eth_sendTransaction

  Transaction: 0xd5a30ba2dfd7f983644ad70208a99b3879f4abae06c17a30be573b5f84ae2272
  Gas usage: 21055
  Block number: 2
  Block time: Fri May 08 2026 00:10:14 GMT+0700 (Indochina Time)

eth_getTransactionReceipt
net_version
eth_getBlockByNumber
eth_estimateGas
eth_getBlockByNumber
eth_gasPrice
eth_sendTransaction

  Transaction: 0x0b12ef96469a891de8e009074761c0f09554025d35e4b9c008d243b7a6e6dc9a
  Gas usage: 64620
  Block number: 3
  Block time: Fri May 08 2026 00:10:14 GMT+0700 (Indochina Time)

eth_getTransactionReceipt
eth_blockNumber
eth_getBalance
eth_getTransactionByHash
debug_traceTransaction
eth_getTransactionByHash
debug_traceTransaction
eth_getTransactionByHash
debug_traceTransaction

Received shutdown signal: SIGTERM
Shutting down…
Server has been shut down
