Using network 'development'.

{
  "ok": true,
  "graph_id": "",
  "pair": "B->C|evm|fund:bc",
  "pairKey": "B->C|evm|fund:bc",
  "contract": "CTLCMultipleEdges",
  "scenario": "refund",
  "deployGas": "0x144f9a",
  "gasUsed": "59539",
  "disableGasUsed": "0",
  "claimGasUsed": "",
  "refundGasUsed": "59539",
  "contractAddress": "0xE1e2Df1D331660F797d818e373B72C1bdb4e7C5B",
  "startBlock": "0",
  "endBlock": "10",
  "finalContractBalanceWei": "0",
  "deployer": "0xB405642180480416f416a2f570C358D5Dc7Fc939",
  "party": "0xA98eD0e143C5a840061EA7cec187dD70F81e84b3",
  "counterparty": "0x7F2c02003BBF5B482e73D57E7c432eB8D471e71d",
  "fundingWei": "1000000000000000000",
  "timelocks": [
    9
  ],
  "transactions": [
    {
      "role": "deploy",
      "txHash": "0xc30df41d8225ef4d3ea6f51246dd5664c6d06e23ca0eb99b43187ab4ecd29068"
    },
    {
      "role": "fund",
      "txHash": "0xfac3ee0995f967c8ff3cb173a8bcf6eee681bfeafb29ed41ca67bb095a263e5e"
    },
    {
      "role": "refund",
      "txHash": "0xb2ad6d1698e04d75a53d677ac99afe170977b1c5026a9d8d570879d45fb5976b",
      "level": 0
    }
  ],
  "txRoles": [
    {
      "role": "deploy",
      "txHash": "0xc30df41d8225ef4d3ea6f51246dd5664c6d06e23ca0eb99b43187ab4ecd29068"
    },
    {
      "role": "fund",
      "txHash": "0xfac3ee0995f967c8ff3cb173a8bcf6eee681bfeafb29ed41ca67bb095a263e5e"
    },
    {
      "role": "refund",
      "txHash": "0xb2ad6d1698e04d75a53d677ac99afe170977b1c5026a9d8d570879d45fb5976b",
      "level": 0
    }
  ],
  "deployTxHash": "0xc30df41d8225ef4d3ea6f51246dd5664c6d06e23ca0eb99b43187ab4ecd29068",
  "fundTxHash": "0xfac3ee0995f967c8ff3cb173a8bcf6eee681bfeafb29ed41ca67bb095a263e5e",
  "refundTxHash": "0xb2ad6d1698e04d75a53d677ac99afe170977b1c5026a9d8d570879d45fb5976b",
  "refundTx": "0xb2ad6d1698e04d75a53d677ac99afe170977b1c5026a9d8d570879d45fb5976b"
}
