Using network 'development'.

{
  "ok": true,
  "graph_id": "",
  "pair": "C->D|evm|fund:cd",
  "pairKey": "C->D|evm|fund:cd",
  "contract": "CTLCMultipleEdges",
  "scenario": "best_claim",
  "deployGas": "0x139ca6",
  "gasUsed": "75948",
  "disableGasUsed": "",
  "claimGasUsed": "75948",
  "refundGasUsed": "",
  "contractAddress": "0xE4BD9462B0BfeC11bB2f793A788229cC4B1f7fEd",
  "startBlock": "0",
  "endBlock": "3",
  "finalContractBalanceWei": "0",
  "deployer": "0x5fA5C163892241c163f185eFD274B0dD257b22f3",
  "party": "0x23011BfEbF3E240c86f00758A353646ABb1b7191",
  "counterparty": "0x1dc9b488dE3BD6E9844a9324a505979b125e99c8",
  "fundingWei": "1000000000000000000",
  "timelocks": [
    8
  ],
  "transactions": [
    {
      "role": "deploy",
      "txHash": "0xf6fb5b0fbad7aea284a51e05cf8f8e8365995236de04b6a5cb551525f8985c79"
    },
    {
      "role": "fund",
      "txHash": "0x875e4f8b6c5aa1add9ee71aab211b467390746d298e02d6c0a75a03c183cad74"
    },
    {
      "role": "claim",
      "txHash": "0x7966f6be08b4b951edfc910bd2d0c91454e5d6da04f0d6fb0c9f102ac20615f5",
      "level": 0,
      "option": 0
    }
  ],
  "txRoles": [
    {
      "role": "deploy",
      "txHash": "0xf6fb5b0fbad7aea284a51e05cf8f8e8365995236de04b6a5cb551525f8985c79"
    },
    {
      "role": "fund",
      "txHash": "0x875e4f8b6c5aa1add9ee71aab211b467390746d298e02d6c0a75a03c183cad74"
    },
    {
      "role": "claim",
      "txHash": "0x7966f6be08b4b951edfc910bd2d0c91454e5d6da04f0d6fb0c9f102ac20615f5",
      "level": 0,
      "option": 0
    }
  ],
  "deployTxHash": "0xf6fb5b0fbad7aea284a51e05cf8f8e8365995236de04b6a5cb551525f8985c79",
  "fundTxHash": "0x875e4f8b6c5aa1add9ee71aab211b467390746d298e02d6c0a75a03c183cad74",
  "claimTxHash": "0x7966f6be08b4b951edfc910bd2d0c91454e5d6da04f0d6fb0c9f102ac20615f5",
  "txHash": "0x7966f6be08b4b951edfc910bd2d0c91454e5d6da04f0d6fb0c9f102ac20615f5",
  "tx": "0x7966f6be08b4b951edfc910bd2d0c91454e5d6da04f0d6fb0c9f102ac20615f5"
}
