COMMAND: python3 experiments/scale_trace/scripts/trace_result_json.py /home/aothuatgiadp/blockchain/project/CTLC-Implementation/experiments/scale_trace/runs/random_v1_92/G-_A_evm_fund_ga_CTLCMultipleEdges_refund/result.json /home/aothuatgiadp/blockchain/project/CTLC-Implementation/experiments/scale_trace/runs/random_v1_92/G-_A_evm_fund_ga_CTLCMultipleEdges_refund/trace.json
STATUS: 0

STDOUT:
{
  "graph_id": "",
  "pair": "G->A|evm|fund:ga",
  "contract": "CTLCMultipleEdges",
  "scenario": "refund",
  "contractAddress": "0xe28706F13baf7D113f6101E34B9ec89d9c0D4845",
  "traces": {
    "deploy": {
      "tx_hash": "0x055b05d89e59adc6a71db92655e6187d12dfb49f62b3f434c18f913225aa1a8c",
      "actual_calldata_bytes": 7753,
      "actual_sstore_count": 11,
      "actual_call_count": 0,
      "opcode_steps": 1984
    },
    "fund": {
      "tx_hash": "0x7c30e8e2aabe753daf5a83bebb38c84661c06ef7291c5f8be6c9696d9367a93a",
      "actual_calldata_bytes": 0,
      "actual_sstore_count": 0,
      "actual_call_count": 0,
      "opcode_steps": 13
    },
    "refund_level0": {
      "tx_hash": "0x81097ea5ee1f642b2037a85e573bce5ee902f65ce8083dd0d614040c17e94051",
      "actual_calldata_bytes": 4,
      "actual_sstore_count": 1,
      "actual_call_count": 1,
      "opcode_steps": 224
    }
  }
}


STDERR:

