ganache v7.9.2 (@ganache/cli: 0.10.2, @ganache/core: 0.10.2)
Starting RPC server

Available Accounts
==================
(0) 0x13676Dc5d3aBFf00BCf0d4713B6a58a8856FAbE6 (1000 ETH)
(1) 0xAf464BAd2e4461D9D1e63B80d03dd310d2A3607e (1000 ETH)
(2) 0x9D59aE23C1a8Fa456853Ad79D577f4fD8577C951 (1000 ETH)
(3) 0x1585Cf0a9a339EFf735E686a9bD6FEAa007Bc2f0 (1000 ETH)
(4) 0xc25eeAd3F91486255ED803911F829d9d81EC8335 (1000 ETH)
(5) 0x352DC62A42c2b647460d87a5Cd84f1e5478646f8 (1000 ETH)
(6) 0x4229e636E464cE8A125dEC2D0927A53a6d4FFF33 (1000 ETH)
(7) 0x2E639D45C68A5b0B730FdB233BAcA0DC38e5eC2A (1000 ETH)
(8) 0x744E0E78f1242b443b8087dfda65FaadfAF8Ae30 (1000 ETH)
(9) 0x5D48F50F3972Fb968cD57671d7A28aD63542B0B2 (1000 ETH)

Private Keys
==================
(0) 0x751ac753cbb77284f3b685c0fc8df946fd4733a62797e062f9d3e438c20efd8c
(1) 0x362248d208e40fa74fd43c090995bf93cfc26dd7a53665ab9d73206fb4a509b8
(2) 0xb168c29d7163fd1c5da5a4ff489008ef8aeb733f984be798e9064ff51023b8b1
(3) 0xbb83f978f9e30eb48d98278755731f617feb72e39749f4a2c6b61176cf876ff3
(4) 0x3a15bbe6549d68a71faa7caf5acc1978092ecca7be5cb8c94309998a01e46be4
(5) 0x6e79841064d4fc433c2c2d1f19544546a806882b67be58bb16141d9aa3efa056
(6) 0xf588b4b012da9356df5fd357402f4f9d4958deb99b8545083110cb2bdbb60568
(7) 0x2b8ec431ff4ea745a0e1857d1bb80816f396303b119822895cdc71eab5f1a230
(8) 0xae7b9e9c7a1ac73edeac39ca67a3476cec92a5b3e0386fc3ded86f1bb17bf386
(9) 0xd770e6fc1f808bcef27232b42e8fb44b115f554a4b8cf3d90618c8a9d63f52cb

HD Wallet
==================
Mnemonic:      super reveal viable tilt cart erode cram round vintage drum army obey
Base HD Path:  m/44'/60'/0'/0/{account_index}

Default Gas Price
==================
2000000000

BlockGas Limit
==================
30000000

Call Gas Limit
==================
50000000

Chain
==================
Hardfork: shanghai
Id:       1337

RPC Listening on 127.0.0.1:8545
web3_clientVersion
eth_blockNumber
net_version
eth_accounts
eth_accounts
eth_blockNumber
net_version
eth_getBlockByNumber
eth_estimateGas
eth_getBlockByNumber
eth_gasPrice
eth_sendTransaction

  Transaction: 0xdf822ecf1225fed66f7fb47bd2c691093e8fb4889276d7a26065ef77d454117b
  Contract created: 0x5523f6877fa97bf20f992a8ab2c14ada190239b5
  Gas usage: 1400952
  Block number: 1
  Block time: Fri May 08 2026 01:58:43 GMT+0700 (Indochina Time)

eth_getTransactionReceipt
eth_getCode
eth_getTransactionReceipt
eth_getBlockByNumber
eth_gasPrice
eth_sendTransaction

  Transaction: 0x1d91e66207d39c795dd7acdccd43233dad2dd5f309e7ff6446e61b5bb4b2f613
  Gas usage: 21055
  Block number: 2
  Block time: Fri May 08 2026 01:58:43 GMT+0700 (Indochina Time)

eth_getTransactionReceipt
net_version
eth_getBlockByNumber
eth_estimateGas
eth_getBlockByNumber
eth_gasPrice
eth_sendTransaction

  Transaction: 0x2efc69e75e02942c8cb9c935db257061c9db7b5b9e642cd3f235867dcd906492
  Gas usage: 71641
  Block number: 3
  Block time: Fri May 08 2026 01:58:43 GMT+0700 (Indochina Time)

eth_getTransactionReceipt
eth_blockNumber
eth_getBalance
eth_getTransactionByHash
debug_traceTransaction
eth_getTransactionByHash
debug_traceTransaction
eth_getTransactionByHash
debug_traceTransaction

Received shutdown signal: SIGTERM
Shutting down…
Server has been shut down
