Using network 'development'.

{
  "ok": true,
  "graph_id": "",
  "pair": "E->A|evm|fund:ea",
  "pairKey": "E->A|evm|fund:ea",
  "contract": "CTLCOnly",
  "scenario": "worst_claim",
  "deployGas": "0x10ccbb",
  "gasUsed": "64620",
  "disableGasUsed": "0",
  "claimGasUsed": "64620",
  "refundGasUsed": "",
  "contractAddress": "0xff225F32bdA3a9Dd31b1B42192CeE501ac2484CD",
  "startBlock": "0",
  "endBlock": "3",
  "finalContractBalanceWei": "0",
  "deployer": "0x899eF1C85B2Ca74ecC85A729db67A079E805AA46",
  "party": "0xcaDdc9f46F3914F47351C43DB64216863674bCdf",
  "counterparty": "0xea980F43B66310D15c37bE559F0Da1A87ff5c5D8",
  "fundingWei": "1000000000000000000",
  "timelocks": [
    6
  ],
  "transactions": [
    {
      "role": "deploy",
      "txHash": "0x94d2221abfbe2c6e9a3cd0dbe534a9164f515da27f732b8b9430edca5c521dad"
    },
    {
      "role": "fund",
      "txHash": "0x7d77fde576ac3d7fc410f807d69e716b3366d6adead7dc586b3b78082665c6e5"
    },
    {
      "role": "claim",
      "txHash": "0xcfb8aa174b5ec2d3dc6698e33e52b1fad92810baf976ed0b7de5178df0ed4906",
      "level": 0,
      "option": 0
    }
  ],
  "txRoles": [
    {
      "role": "deploy",
      "txHash": "0x94d2221abfbe2c6e9a3cd0dbe534a9164f515da27f732b8b9430edca5c521dad"
    },
    {
      "role": "fund",
      "txHash": "0x7d77fde576ac3d7fc410f807d69e716b3366d6adead7dc586b3b78082665c6e5"
    },
    {
      "role": "claim",
      "txHash": "0xcfb8aa174b5ec2d3dc6698e33e52b1fad92810baf976ed0b7de5178df0ed4906",
      "level": 0,
      "option": 0
    }
  ],
  "deployTxHash": "0x94d2221abfbe2c6e9a3cd0dbe534a9164f515da27f732b8b9430edca5c521dad",
  "fundTxHash": "0x7d77fde576ac3d7fc410f807d69e716b3366d6adead7dc586b3b78082665c6e5",
  "claimTxHash": "0xcfb8aa174b5ec2d3dc6698e33e52b1fad92810baf976ed0b7de5178df0ed4906",
  "txHash": "0xcfb8aa174b5ec2d3dc6698e33e52b1fad92810baf976ed0b7de5178df0ed4906",
  "tx": "0xcfb8aa174b5ec2d3dc6698e33e52b1fad92810baf976ed0b7de5178df0ed4906"
}
