Using network 'development'.

{
  "ok": true,
  "graph_id": "",
  "pair": "C->E|evm|fund:ce",
  "pairKey": "C->E|evm|fund:ce",
  "contract": "CTLCOnly",
  "scenario": "worst_claim",
  "deployGas": "0x11d93b",
  "gasUsed": "77013",
  "disableGasUsed": "0",
  "claimGasUsed": "77013",
  "refundGasUsed": "",
  "contractAddress": "0x488fDa9902484aA4Cf9A7215C9C8FF08894dA6F9",
  "startBlock": "0",
  "endBlock": "3",
  "finalContractBalanceWei": "0",
  "deployer": "0x360ed1D887Eb618230e0999f48047C08aA42a72c",
  "party": "0x1341F21731066c1888509bD77e1BF498b92d019F",
  "counterparty": "0x8424B9516cfD5f4b14D44Cb38cd7fEBf72a62ABA",
  "fundingWei": "1000000000000000000",
  "timelocks": [
    9
  ],
  "transactions": [
    {
      "role": "deploy",
      "txHash": "0xd138b71be296f5969d422821dae9afff2313aa4b89f8eb4b0c7ad38ae4bc4391"
    },
    {
      "role": "fund",
      "txHash": "0x4b3063c11dbde8a219a7402eb22325e63fcc55308098f3b2108c70e2fe151eb6"
    },
    {
      "role": "claim",
      "txHash": "0x35018d879dcf1221913e2524fff248165047001c7f2d81b9e77e8248eb82f57c",
      "level": 0,
      "option": 0
    }
  ],
  "txRoles": [
    {
      "role": "deploy",
      "txHash": "0xd138b71be296f5969d422821dae9afff2313aa4b89f8eb4b0c7ad38ae4bc4391"
    },
    {
      "role": "fund",
      "txHash": "0x4b3063c11dbde8a219a7402eb22325e63fcc55308098f3b2108c70e2fe151eb6"
    },
    {
      "role": "claim",
      "txHash": "0x35018d879dcf1221913e2524fff248165047001c7f2d81b9e77e8248eb82f57c",
      "level": 0,
      "option": 0
    }
  ],
  "deployTxHash": "0xd138b71be296f5969d422821dae9afff2313aa4b89f8eb4b0c7ad38ae4bc4391",
  "fundTxHash": "0x4b3063c11dbde8a219a7402eb22325e63fcc55308098f3b2108c70e2fe151eb6",
  "claimTxHash": "0x35018d879dcf1221913e2524fff248165047001c7f2d81b9e77e8248eb82f57c",
  "txHash": "0x35018d879dcf1221913e2524fff248165047001c7f2d81b9e77e8248eb82f57c",
  "tx": "0x35018d879dcf1221913e2524fff248165047001c7f2d81b9e77e8248eb82f57c"
}
