COMMAND: python3 experiments/scale_trace/scripts/trace_result_json.py /home/aothuatgiadp/blockchain/project/CTLC-Implementation/experiments/scale_trace/runs/random_v1_139/G-_A_evm_fund_ga_CTLCOnly_refund/result.json /home/aothuatgiadp/blockchain/project/CTLC-Implementation/experiments/scale_trace/runs/random_v1_139/G-_A_evm_fund_ga_CTLCOnly_refund/trace.json
STATUS: 0

STDOUT:
{
  "graph_id": "",
  "pair": "G->A|evm|fund:ga",
  "contract": "CTLCOnly",
  "scenario": "refund",
  "contractAddress": "0x3e9b2358e727011cbfF145D52A8a5Fb023309013",
  "traces": {
    "deploy": {
      "tx_hash": "0x2dfd41d36ac39e81c539d4da592e304c572b6c88d02021412298dc374d0e2282",
      "actual_calldata_bytes": 7091,
      "actual_sstore_count": 8,
      "actual_call_count": 0,
      "opcode_steps": 1286
    },
    "fund": {
      "tx_hash": "0x17b7644f9dcc8894ed35283b0a5ed64ec73dfce50ef08f5a4ba14c948410e72f",
      "actual_calldata_bytes": 0,
      "actual_sstore_count": 0,
      "actual_call_count": 0,
      "opcode_steps": 13
    },
    "refund_level0": {
      "tx_hash": "0x6ec6436d6f397e08035e9722e22b19713e4c21d1276fcfce1190ac8f5082130c",
      "actual_calldata_bytes": 4,
      "actual_sstore_count": 1,
      "actual_call_count": 1,
      "opcode_steps": 229
    }
  }
}


STDERR:

