ganache v7.9.2 (@ganache/cli: 0.10.2, @ganache/core: 0.10.2)
Starting RPC server

Available Accounts
==================
(0) 0xC10f84Ca03179108a09502aB6ffEC56364f5f407 (1000 ETH)
(1) 0x736D2c0f8b62a0a74365073b9291bcdbDe0EEc9F (1000 ETH)
(2) 0x59ad573969B2441892f83d1E02031453DD2A684c (1000 ETH)
(3) 0x2fC4477441082deE7d57819D59c5bf8B1332B7DE (1000 ETH)
(4) 0xac6eC62Ba2B5c8db304036268b51761ea5E1c0C9 (1000 ETH)
(5) 0x72872E7AaF3BF90fd70cC8415f412C2D9cDaf9F4 (1000 ETH)
(6) 0x1cBA493A44F6928E3e988e4499C33c731F9e07B9 (1000 ETH)
(7) 0x2444E04F8c59b68d043Ee8A023c30D690938a097 (1000 ETH)
(8) 0xCc7beE817f1b9E3BCABBdBa6773781b3C23Ef0eA (1000 ETH)
(9) 0xa3800c9D4B1B008dDC9b6AcAD21964ae31bDB71B (1000 ETH)

Private Keys
==================
(0) 0x1fb724ad18e32c4c8c06c103136df7cdada295f8ac40c1f54e1fad0f906b3d1f
(1) 0x1b9558c33de0c6f20848ba59ee8966b29e8fa109ae8b4f942c0038dd85583e08
(2) 0xd108bbdfb47f64773e04473fd24666e847254a4c54b3aed46b2ae5a5159fc16b
(3) 0xca36f566279a3833153ff227c5df8727fbc165ced51a4e6f98c82c83ca924d0f
(4) 0xac59e8e5919bc04bfb0371c5fdc75abc8429d786741b6b6c01eca24cba534847
(5) 0x7ca27739c21d5252ccbf51b28fe7c003307c9bf37de311b0d6ec86fca3c48f57
(6) 0x1ae1f109c589c6482258ff8ff252dd8aedbbc331276128df59c22bdd51d76a1f
(7) 0x30269dd1a8d623b5a0c9100dea1f46df178350f909ec1995450c513c3e77e759
(8) 0xf17a86e9f36f005dc5d96c4028fb8fd338195426a8f743aa37eebb9912b53c05
(9) 0x33914536f282a6434ef92367a40ae6208949151cbd4f133b0f88885787323827

HD Wallet
==================
Mnemonic:      spike tired have client foam truth toward example clutch catch cousin caution
Base HD Path:  m/44'/60'/0'/0/{account_index}

Default Gas Price
==================
2000000000

BlockGas Limit
==================
30000000

Call Gas Limit
==================
50000000

Chain
==================
Hardfork: shanghai
Id:       1337

RPC Listening on 127.0.0.1:8545
web3_clientVersion
eth_blockNumber
net_version
eth_accounts
eth_accounts
eth_blockNumber
net_version
eth_getBlockByNumber
eth_estimateGas
eth_getBlockByNumber
eth_gasPrice
eth_sendTransaction

  Transaction: 0x3201e22bd112edaa004f3f74dd66301a702d20cd829241686582ca7f9350c865
  Contract created: 0x6a2d52498947bc4279b956787defff004be9a909
  Gas usage: 1100987
  Block number: 1
  Block time: Fri May 08 2026 00:53:21 GMT+0700 (Indochina Time)

eth_getTransactionReceipt
eth_getCode
eth_getTransactionReceipt
eth_getBlockByNumber
eth_gasPrice
eth_sendTransaction

  Transaction: 0x992e97a81b52991c299701c2253ea657225fa4d5207ba155afb0c0cec5360e1b
  Gas usage: 21055
  Block number: 2
  Block time: Fri May 08 2026 00:53:21 GMT+0700 (Indochina Time)

eth_getTransactionReceipt
eth_blockNumber
evm_mine
eth_blockNumber
evm_mine
eth_blockNumber
evm_mine
eth_blockNumber
evm_mine
eth_blockNumber
net_version
eth_getBlockByNumber
eth_estimateGas
eth_getBlockByNumber
eth_gasPrice
eth_sendTransaction

  Transaction: 0x5b437af82d5cde478004272c24c885b13f62aef0683fc913c46355c7160ae9cf
  Gas usage: 59561
  Block number: 7
  Block time: Fri May 08 2026 00:53:21 GMT+0700 (Indochina Time)

eth_getTransactionReceipt
eth_blockNumber
eth_getBalance
eth_getTransactionByHash
debug_traceTransaction
eth_getTransactionByHash
debug_traceTransaction
eth_getTransactionByHash
debug_traceTransaction

Received shutdown signal: SIGTERM
Shutting down…
Server has been shut down
