Using network 'development'.

{
  "ok": true,
  "graph_id": "",
  "pair": "B->D|evm|fund:bd",
  "pairKey": "B->D|evm|fund:bd",
  "contract": "CTLCMultipleEdges",
  "scenario": "best_claim",
  "deployGas": "0x12e99a",
  "gasUsed": "71641",
  "disableGasUsed": "",
  "claimGasUsed": "71641",
  "refundGasUsed": "",
  "contractAddress": "0x32EA6EBb6AD539C57636172fbf4c9702cf966C50",
  "startBlock": "0",
  "endBlock": "3",
  "finalContractBalanceWei": "0",
  "deployer": "0xe1a749bBB299F97F8c824142A17658F630fe7bEA",
  "party": "0x671c09BA9F927780489C085b9D2a81753ceecF85",
  "counterparty": "0x43B02f406B9083a23aB96cA75da9eD8D4436D700",
  "fundingWei": "1000000000000000000",
  "timelocks": [
    7
  ],
  "transactions": [
    {
      "role": "deploy",
      "txHash": "0xbd77da07469efa2cb08d570a07ca343d4a5d8eca7e840b8bba2cd9ac3cdba491"
    },
    {
      "role": "fund",
      "txHash": "0xf08a2630d53006bd268a26490a5f9bea3a417bebb024d673afd379df54243bd6"
    },
    {
      "role": "claim",
      "txHash": "0x306a09ecefdd6df3261b9424354ca62c7dd2067f7d17aa31b3bb85b2aa943793",
      "level": 0,
      "option": 0
    }
  ],
  "txRoles": [
    {
      "role": "deploy",
      "txHash": "0xbd77da07469efa2cb08d570a07ca343d4a5d8eca7e840b8bba2cd9ac3cdba491"
    },
    {
      "role": "fund",
      "txHash": "0xf08a2630d53006bd268a26490a5f9bea3a417bebb024d673afd379df54243bd6"
    },
    {
      "role": "claim",
      "txHash": "0x306a09ecefdd6df3261b9424354ca62c7dd2067f7d17aa31b3bb85b2aa943793",
      "level": 0,
      "option": 0
    }
  ],
  "deployTxHash": "0xbd77da07469efa2cb08d570a07ca343d4a5d8eca7e840b8bba2cd9ac3cdba491",
  "fundTxHash": "0xf08a2630d53006bd268a26490a5f9bea3a417bebb024d673afd379df54243bd6",
  "claimTxHash": "0x306a09ecefdd6df3261b9424354ca62c7dd2067f7d17aa31b3bb85b2aa943793",
  "txHash": "0x306a09ecefdd6df3261b9424354ca62c7dd2067f7d17aa31b3bb85b2aa943793",
  "tx": "0x306a09ecefdd6df3261b9424354ca62c7dd2067f7d17aa31b3bb85b2aa943793"
}
