ganache v7.9.2 (@ganache/cli: 0.10.2, @ganache/core: 0.10.2)
Starting RPC server

Available Accounts
==================
(0) 0xe1a749bBB299F97F8c824142A17658F630fe7bEA (1000 ETH)
(1) 0x0056D4ab03f0101aC5eA396CEc0B6EC72839E449 (1000 ETH)
(2) 0x671c09BA9F927780489C085b9D2a81753ceecF85 (1000 ETH)
(3) 0xcf5DFC98083a1a5cd282dd3DF5E9dAD7B0186eba (1000 ETH)
(4) 0x43B02f406B9083a23aB96cA75da9eD8D4436D700 (1000 ETH)
(5) 0x9d77BA1006A4236de717e771808E3cEA825381A3 (1000 ETH)
(6) 0x536CF96635bdFd9B2290656485eD3777Dc0CaD3D (1000 ETH)
(7) 0x666F4f941af65314ec4EB35a94f3ccE5a6F1F759 (1000 ETH)
(8) 0xd1b30681CF5c7548761E4D0e698B8f2C65e26683 (1000 ETH)
(9) 0xD0Be3d7713375536De9300598d66C8e382E04121 (1000 ETH)

Private Keys
==================
(0) 0x2a14b2f5b60e63caabc26e9cda3f688f2fa4c488c89e03ec5c0e611fc13c33de
(1) 0x8ebc8643c3d1ffe0b09b37dc83674e6330ccf2498559f1228db47a1a370c1de6
(2) 0x5cd23a572225149fc9d4058795fb21a7750e7d321bd700f6339208eebc0744e8
(3) 0x2570b3c3ffee0af0498fbe6ac787de9f9804d9f39d08f33e4cac24a3a070258b
(4) 0x332c069d9ccdcaf0f9a4b1fc288cb60c70c8be79142f37174d6a4be3cad76491
(5) 0x8e83953ca56336fcefdb7e9e06ab0c4a3a269eaad2f84022ba40f54ae93ff74c
(6) 0x4f8f40a56065efd67001a1600997ad12796e6dfb5ed498755b6140badaee678b
(7) 0xee56882048c2ccc2f47976251f1c5424e30d5db999fe7550f230de23571bd3ec
(8) 0x61df91e5251352e59dbab6ebf03a4e97f9b5aadd545074a5c8b5ed3cf5f8fdc2
(9) 0xec5f2473bccb728e3fe4c6a6bec3185d01ff097f2ba79ed29ac32cee3c56df04

HD Wallet
==================
Mnemonic:      wet near detect garden stick genius fury great truth surge thrive play
Base HD Path:  m/44'/60'/0'/0/{account_index}

Default Gas Price
==================
2000000000

BlockGas Limit
==================
30000000

Call Gas Limit
==================
50000000

Chain
==================
Hardfork: shanghai
Id:       1337

RPC Listening on 127.0.0.1:8545
web3_clientVersion
eth_blockNumber
net_version
eth_accounts
eth_accounts
eth_blockNumber
net_version
eth_getBlockByNumber
eth_estimateGas
eth_getBlockByNumber
eth_gasPrice
eth_sendTransaction

  Transaction: 0xbd77da07469efa2cb08d570a07ca343d4a5d8eca7e840b8bba2cd9ac3cdba491
  Contract created: 0x32ea6ebb6ad539c57636172fbf4c9702cf966c50
  Gas usage: 1239450
  Block number: 1
  Block time: Fri May 08 2026 01:12:05 GMT+0700 (Indochina Time)

eth_getTransactionReceipt
eth_getCode
eth_getTransactionReceipt
eth_getBlockByNumber
eth_gasPrice
eth_sendTransaction

  Transaction: 0xf08a2630d53006bd268a26490a5f9bea3a417bebb024d673afd379df54243bd6
  Gas usage: 21055
  Block number: 2
  Block time: Fri May 08 2026 01:12:05 GMT+0700 (Indochina Time)

eth_getTransactionReceipt
net_version
eth_getBlockByNumber
eth_estimateGas
eth_getBlockByNumber
eth_gasPrice
eth_sendTransaction

  Transaction: 0x306a09ecefdd6df3261b9424354ca62c7dd2067f7d17aa31b3bb85b2aa943793
  Gas usage: 71641
  Block number: 3
  Block time: Fri May 08 2026 01:12:05 GMT+0700 (Indochina Time)

eth_getTransactionReceipt
eth_blockNumber
eth_getBalance
eth_getTransactionByHash
debug_traceTransaction
eth_getTransactionByHash
debug_traceTransaction
eth_getTransactionByHash
debug_traceTransaction

Received shutdown signal: SIGTERM
Shutting down…
Server has been shut down
