Using network 'development'.

{
  "ok": true,
  "graph_id": "",
  "pair": "B->F|evm|fund:bf",
  "pairKey": "B->F|evm|fund:bf",
  "contract": "CTLCOnly",
  "scenario": "worst_claim",
  "deployGas": "0x117fbb",
  "gasUsed": "72862",
  "disableGasUsed": "0",
  "claimGasUsed": "72862",
  "refundGasUsed": "",
  "contractAddress": "0x26F5378D72B98742700AfaAb98BD983687c63a3e",
  "startBlock": "0",
  "endBlock": "3",
  "finalContractBalanceWei": "0",
  "deployer": "0xDf778D6D36bDdB3CC883922023B0A593A7469833",
  "party": "0xBD47077610B92F0dF6c26315c8999427D891582B",
  "counterparty": "0xB355eF61288711Df35B42eB3118b40DD13772F6c",
  "fundingWei": "1000000000000000000",
  "timelocks": [
    8
  ],
  "transactions": [
    {
      "role": "deploy",
      "txHash": "0xcfb7e91e98bdd6255097fe631be0992b7607255ea2a489d50c1fd9011b3630e6"
    },
    {
      "role": "fund",
      "txHash": "0x9a37dbc6eafb61393a02dae36c08c9277c010735c610551ce9e35e4dae899bc0"
    },
    {
      "role": "claim",
      "txHash": "0x61636d20c8bc07851eec82c1303ff2e0b4d7ae291ea72ab5be70175c59baac01",
      "level": 0,
      "option": 0
    }
  ],
  "txRoles": [
    {
      "role": "deploy",
      "txHash": "0xcfb7e91e98bdd6255097fe631be0992b7607255ea2a489d50c1fd9011b3630e6"
    },
    {
      "role": "fund",
      "txHash": "0x9a37dbc6eafb61393a02dae36c08c9277c010735c610551ce9e35e4dae899bc0"
    },
    {
      "role": "claim",
      "txHash": "0x61636d20c8bc07851eec82c1303ff2e0b4d7ae291ea72ab5be70175c59baac01",
      "level": 0,
      "option": 0
    }
  ],
  "deployTxHash": "0xcfb7e91e98bdd6255097fe631be0992b7607255ea2a489d50c1fd9011b3630e6",
  "fundTxHash": "0x9a37dbc6eafb61393a02dae36c08c9277c010735c610551ce9e35e4dae899bc0",
  "claimTxHash": "0x61636d20c8bc07851eec82c1303ff2e0b4d7ae291ea72ab5be70175c59baac01",
  "txHash": "0x61636d20c8bc07851eec82c1303ff2e0b4d7ae291ea72ab5be70175c59baac01",
  "tx": "0x61636d20c8bc07851eec82c1303ff2e0b4d7ae291ea72ab5be70175c59baac01"
}
