Using network 'development'.

{
  "ok": true,
  "graph_id": "",
  "pair": "E->B|evm|fund:eb",
  "pairKey": "E->B|evm|fund:eb",
  "contract": "CTLCMultipleEdges",
  "scenario": "refund",
  "deployGas": "0x144fa6",
  "gasUsed": "59539",
  "disableGasUsed": "0",
  "claimGasUsed": "",
  "refundGasUsed": "59539",
  "contractAddress": "0xaBDb9645E772cc54C557822C673778A3C36d96D8",
  "startBlock": "0",
  "endBlock": "10",
  "finalContractBalanceWei": "0",
  "deployer": "0x45F2057F15fF200F912841Fc283B6A0B02A8bAfe",
  "party": "0x5C83CC88754f892cf0DD4f562aeb53aa618469A9",
  "counterparty": "0x67030EfbBfCeC870935b66f5cF6AB35a95336f31",
  "fundingWei": "1000000000000000000",
  "timelocks": [
    9
  ],
  "transactions": [
    {
      "role": "deploy",
      "txHash": "0x54cf491df45fbb17477c5debb56c1e36ae6e7df757fea89aca8380595f953ef4"
    },
    {
      "role": "fund",
      "txHash": "0x6cc611e2b14032b33e39438b52fb04b80279c538909166cee13030e02eb0d9a3"
    },
    {
      "role": "refund",
      "txHash": "0x97e3144d54e1b4d489cad807a2d7bfd98b0cd0ad009f503c944962d5e8fa6756",
      "level": 0
    }
  ],
  "txRoles": [
    {
      "role": "deploy",
      "txHash": "0x54cf491df45fbb17477c5debb56c1e36ae6e7df757fea89aca8380595f953ef4"
    },
    {
      "role": "fund",
      "txHash": "0x6cc611e2b14032b33e39438b52fb04b80279c538909166cee13030e02eb0d9a3"
    },
    {
      "role": "refund",
      "txHash": "0x97e3144d54e1b4d489cad807a2d7bfd98b0cd0ad009f503c944962d5e8fa6756",
      "level": 0
    }
  ],
  "deployTxHash": "0x54cf491df45fbb17477c5debb56c1e36ae6e7df757fea89aca8380595f953ef4",
  "fundTxHash": "0x6cc611e2b14032b33e39438b52fb04b80279c538909166cee13030e02eb0d9a3",
  "refundTxHash": "0x97e3144d54e1b4d489cad807a2d7bfd98b0cd0ad009f503c944962d5e8fa6756",
  "refundTx": "0x97e3144d54e1b4d489cad807a2d7bfd98b0cd0ad009f503c944962d5e8fa6756"
}
