ganache v7.9.2 (@ganache/cli: 0.10.2, @ganache/core: 0.10.2)
Starting RPC server

Available Accounts
==================
(0) 0x4E8A34F0FBd77818c6634205Ffa1075b00db48A5 (1000 ETH)
(1) 0x4fcAeeb9853A4D2B39404ee764B9914bd99F927D (1000 ETH)
(2) 0xfe34C39Fbbdc89F937FD75966D38CcBa299Bf01e (1000 ETH)
(3) 0x710423Ffb9f0fcC4226546F5C6e3737C85C8b902 (1000 ETH)
(4) 0xb8FDBD1a11A96f86Aa7dE1D79C2DD6c56596b046 (1000 ETH)
(5) 0xDdE9Ee3e5A3421A925dc84f1f9684597bCCD9Ae4 (1000 ETH)
(6) 0xFE80160A4EF325610D4becf7e57843f242602Ea0 (1000 ETH)
(7) 0xD71D3b165F4d854Bc55fe0abC97Adbe0c749E42C (1000 ETH)
(8) 0x589064459bA082dE7E5cd213741df08Ce96c02B1 (1000 ETH)
(9) 0xD71d648e5Fa27C176084830689366E8968D40921 (1000 ETH)

Private Keys
==================
(0) 0x3ee63b8a8c46f06d6211d42c50574f9e40947a66f6c45ffdbe16ff5d1e0fb870
(1) 0x0dbb2b39ac642df08abfc4006dd5f513decd5ee28c53b1f8e40ba0632edf6a03
(2) 0x6795656cf663fd3015f5208086fa28c77d4c7cf00fe768ccecd599e0827376e0
(3) 0x940fa6d585b9f6ab4cf6827c9fc6dfadfdd03ae060d2ab82b60216db91456f68
(4) 0xc4a0af32e9932764a1f6a5db3e589a2b434a4aedabbc471fa75b2b006f05f55c
(5) 0x2be620e97b89ebb4cf1be046461477878a3630f8bec568075743e02ca91d2676
(6) 0x5a34f9ba956480f07c1961f899278f68a1ea93e7417e593d2e97bd84a2a68be2
(7) 0xce43df3097347872f70568977297e782643c12e83c4cf52edeb12d596e1dbbfd
(8) 0x9ed7a9ed66bb91359a4a6392b364466f5c4c31b54f57815e0dc854cc480ccbfa
(9) 0x485567032e078b2c7be3c65c93d62ccee33ca5a6937c78bfa46636f92249b461

HD Wallet
==================
Mnemonic:      slot onion retire erode balcony cruel spirit visit girl glide sister wreck
Base HD Path:  m/44'/60'/0'/0/{account_index}

Default Gas Price
==================
2000000000

BlockGas Limit
==================
30000000

Call Gas Limit
==================
50000000

Chain
==================
Hardfork: shanghai
Id:       1337

RPC Listening on 127.0.0.1:8545
web3_clientVersion
eth_blockNumber
net_version
eth_accounts
eth_accounts
eth_blockNumber
net_version
eth_getBlockByNumber
eth_estimateGas
eth_getBlockByNumber
eth_gasPrice
eth_sendTransaction

  Transaction: 0xb74979f0c1026494757e93181aec21535538656086a847652c8e17490e717044
  Contract created: 0x0d5d2c1b4ce8fc3e9d170a88c2a5f576d794e23d
  Gas usage: 1192635
  Block number: 1
  Block time: Thu May 07 2026 22:01:47 GMT+0700 (Indochina Time)

eth_getTransactionReceipt
eth_getCode
eth_getTransactionReceipt
eth_getBlockByNumber
eth_gasPrice
eth_sendTransaction

  Transaction: 0xc1aa8f004770c2a0bf3424abd44a5e8edcaa5cbf9721066e0e3303a0e1559bec
  Gas usage: 21055
  Block number: 2
  Block time: Thu May 07 2026 22:01:47 GMT+0700 (Indochina Time)

eth_getTransactionReceipt
net_version
eth_getBlockByNumber
eth_estimateGas
eth_getBlockByNumber
eth_gasPrice
eth_sendTransaction

  Transaction: 0x3bfdc09a336b2c59caa255d28a9c02ce556078b30ce5324e2f3fdad8f6faeaab
  Gas usage: 81164
  Block number: 3
  Block time: Thu May 07 2026 22:01:47 GMT+0700 (Indochina Time)

eth_getTransactionReceipt
eth_blockNumber
eth_getBalance
eth_getTransactionByHash
debug_traceTransaction
eth_getTransactionByHash
debug_traceTransaction
eth_getTransactionByHash
debug_traceTransaction

Received shutdown signal: SIGTERM
Shutting down…
Server has been shut down
