ganache v7.9.2 (@ganache/cli: 0.10.2, @ganache/core: 0.10.2)
Starting RPC server

Available Accounts
==================
(0) 0xa64D14D97d17a3FCa52ec0ead303b358E80fEA60 (1000 ETH)
(1) 0xBBb81c49B65a5DF820457a474Fc589dcB0229d8e (1000 ETH)
(2) 0x778B93515C54d8202Db4eC043059342128F75388 (1000 ETH)
(3) 0xe5905E5aa3058A31F2D4d5d88C35C2a4a8B263e7 (1000 ETH)
(4) 0x7E782D657a1572aFd37Bb79a8c2A66C4fccD5eBb (1000 ETH)
(5) 0x080E8eFbAa612C0d70cf296f09AD2415F3d5B473 (1000 ETH)
(6) 0xCc8A979404c4B78572A688ffd8f518f926fD5160 (1000 ETH)
(7) 0xA45426BacF9212956Cedd5D9236515833D332c22 (1000 ETH)
(8) 0x69D2C07fD99423fc457410F3442DEfBB701aCe37 (1000 ETH)
(9) 0x16F6b63D3c88bF5F4DC33575F5397801e8a1F0b8 (1000 ETH)

Private Keys
==================
(0) 0xbc6f46bbe9a2d36c8fbc34e6fe840ac065c4098262381b69f39c9c5fb73e6932
(1) 0xf0db8496fef13940bec9e0a03424be8854a9e006f7d0f77939a10a661ecbd1e2
(2) 0x39340f8a822a9b5c2693a449e83129d31dedfb97165304b3e60a9d8864b75a06
(3) 0x77a57402ecc4167f0d16260503107e54ec42fb540855f553150261b94b5abedd
(4) 0xf17b5af3836a0bde121f2d42663e0c976c3006a112f87494b8e0e49be987c657
(5) 0x01b07cbb7785e0cc68dffd69ef87701289c5875e0027b959394c488e2d74a9aa
(6) 0x6f2e26f47be2705c78d519bd6d14467e02c7b9a6d52b1d0ab23c1c13a495ff6b
(7) 0xc97a54136f39d08f7fbffdd1e68621c7615e805050ba73d1ae1969d3cfc98d6b
(8) 0xed1d1a14d3531452e52a072f60a432206aaef7a66c21fb10104edf00f46e576f
(9) 0x4b8fa67bda35bae7eae03029e70913bc8f5930adf738520a00bcbd89bf13ecc8

HD Wallet
==================
Mnemonic:      exchange swamp switch egg palace story marriage come wasp goat light news
Base HD Path:  m/44'/60'/0'/0/{account_index}

Default Gas Price
==================
2000000000

BlockGas Limit
==================
30000000

Call Gas Limit
==================
50000000

Chain
==================
Hardfork: shanghai
Id:       1337

RPC Listening on 127.0.0.1:8545
web3_clientVersion
eth_blockNumber
net_version
eth_accounts
eth_accounts
eth_blockNumber
net_version
eth_getBlockByNumber
eth_estimateGas
eth_getBlockByNumber
eth_gasPrice
eth_sendTransaction

  Transaction: 0xf9c375d768be2e103e070525c9ef342e150a0de9acc50d34a5cb78004fe3148b
  Contract created: 0xa41fb42599c57f74f8e3daf73b882b124c8b4f5a
  Gas usage: 1100975
  Block number: 1
  Block time: Thu May 07 2026 21:04:28 GMT+0700 (Indochina Time)

eth_getTransactionReceipt
eth_getCode
eth_getTransactionReceipt
eth_getBlockByNumber
eth_gasPrice
eth_sendTransaction

  Transaction: 0xf29be8b50458fde834376b377dc9453e7a67c6b64df8ad51759c9ce8ca9b7fed
  Gas usage: 21055
  Block number: 2
  Block time: Thu May 07 2026 21:04:28 GMT+0700 (Indochina Time)

eth_getTransactionReceipt
eth_blockNumber
evm_mine
eth_blockNumber
evm_mine
eth_blockNumber
evm_mine
eth_blockNumber
evm_mine
eth_blockNumber
net_version
eth_getBlockByNumber
eth_estimateGas
eth_getBlockByNumber
eth_gasPrice
eth_sendTransaction

  Transaction: 0x66c1e69d2dab0f6d191a67d6202f3808cda7ac412eabb664ca9885c6a1b00513
  Gas usage: 59561
  Block number: 7
  Block time: Thu May 07 2026 21:04:28 GMT+0700 (Indochina Time)

eth_getTransactionReceipt
eth_blockNumber
eth_getBalance
eth_getTransactionByHash
debug_traceTransaction
eth_getTransactionByHash
debug_traceTransaction
eth_getTransactionByHash
debug_traceTransaction

Received shutdown signal: SIGTERM
Shutting down…
Server has been shut down
