COMMAND: python3 experiments/scale_trace/scripts/trace_result_json.py /home/aothuatgiadp/blockchain/project/CTLC-Implementation/experiments/scale_trace/runs/random_v1_17/E-_A_evm_fund_ea_CTLCOnly_refund/result.json /home/aothuatgiadp/blockchain/project/CTLC-Implementation/experiments/scale_trace/runs/random_v1_17/E-_A_evm_fund_ea_CTLCOnly_refund/trace.json
STATUS: 0

STDOUT:
{
  "graph_id": "",
  "pair": "E->A|evm|fund:ea",
  "contract": "CTLCOnly",
  "scenario": "refund",
  "contractAddress": "0x710cbC465a2BadaA800A681119d660745D80A01E",
  "traces": {
    "deploy": {
      "tx_hash": "0xaff56817cfff4f6c32427034fdf7838576bcabf73f24c5ff9175ef05d996ec9e",
      "actual_calldata_bytes": 7091,
      "actual_sstore_count": 8,
      "actual_call_count": 0,
      "opcode_steps": 1286
    },
    "fund": {
      "tx_hash": "0x5ae9383e3b201e5d64292dfea4e8eb893f8c5e8864c3786c8e3913b87631c2fb",
      "actual_calldata_bytes": 0,
      "actual_sstore_count": 0,
      "actual_call_count": 0,
      "opcode_steps": 13
    },
    "refund_level0": {
      "tx_hash": "0xba996033de0fc605dbdd029e4d5c875d74d274bee6ff304627b5437a85280d2a",
      "actual_calldata_bytes": 4,
      "actual_sstore_count": 1,
      "actual_call_count": 1,
      "opcode_steps": 229
    }
  }
}


STDERR:

