Using network 'development'.

{
  "ok": true,
  "graph_id": "",
  "pair": "B->E|evm|fund:be",
  "pairKey": "B->E|evm|fund:be",
  "contract": "CTLCOnly",
  "scenario": "best_claim",
  "deployGas": "0x117fbb",
  "gasUsed": "72874",
  "disableGasUsed": "",
  "claimGasUsed": "72874",
  "refundGasUsed": "",
  "contractAddress": "0xBad045c9EF4C1C6fac21662260bdd5D6CfF24D04",
  "startBlock": "0",
  "endBlock": "3",
  "finalContractBalanceWei": "0",
  "deployer": "0xCDBA0DbB4bd0cd3B9B074615f9aa9E3edf2b4A92",
  "party": "0xB49fB776b0b18C1F98523B03a07BD6331E7967e4",
  "counterparty": "0x1fbAc7eC098b49194bC3c424BF67C1179684A35f",
  "fundingWei": "1000000000000000000",
  "timelocks": [
    8
  ],
  "transactions": [
    {
      "role": "deploy",
      "txHash": "0x7ec9d2aafbccb6a20c2a36854833fc2b708c51d337c8d2807133ac6b670e461c"
    },
    {
      "role": "fund",
      "txHash": "0x3fc57f90d3470bbdcfe4f03db8eb258a44822b58d1d04df27e276846130d1f29"
    },
    {
      "role": "claim",
      "txHash": "0x081da6e63d3d753c6228300dbd18bf611e07753e991309f6181d3a562452360b",
      "level": 0,
      "option": 0
    }
  ],
  "txRoles": [
    {
      "role": "deploy",
      "txHash": "0x7ec9d2aafbccb6a20c2a36854833fc2b708c51d337c8d2807133ac6b670e461c"
    },
    {
      "role": "fund",
      "txHash": "0x3fc57f90d3470bbdcfe4f03db8eb258a44822b58d1d04df27e276846130d1f29"
    },
    {
      "role": "claim",
      "txHash": "0x081da6e63d3d753c6228300dbd18bf611e07753e991309f6181d3a562452360b",
      "level": 0,
      "option": 0
    }
  ],
  "deployTxHash": "0x7ec9d2aafbccb6a20c2a36854833fc2b708c51d337c8d2807133ac6b670e461c",
  "fundTxHash": "0x3fc57f90d3470bbdcfe4f03db8eb258a44822b58d1d04df27e276846130d1f29",
  "claimTxHash": "0x081da6e63d3d753c6228300dbd18bf611e07753e991309f6181d3a562452360b",
  "txHash": "0x081da6e63d3d753c6228300dbd18bf611e07753e991309f6181d3a562452360b",
  "tx": "0x081da6e63d3d753c6228300dbd18bf611e07753e991309f6181d3a562452360b"
}
