Using network 'development'.

{
  "ok": true,
  "graph_id": "",
  "pair": "D->E|evm|fund:de",
  "pairKey": "D->E|evm|fund:de",
  "contract": "CTLCMultipleEdges",
  "scenario": "worst_claim",
  "deployGas": "0x12e99a",
  "gasUsed": "71641",
  "disableGasUsed": "0",
  "claimGasUsed": "71641",
  "refundGasUsed": "",
  "contractAddress": "0x67Fe14b6846797fbE05fb907566697B9D8a681e2",
  "startBlock": "0",
  "endBlock": "3",
  "finalContractBalanceWei": "0",
  "deployer": "0xD82a4D6cA557865F994c7Fa559BBd78DF64341e7",
  "party": "0x4E96ffb92bdEbe4b15b7fEE5B2a52Bc9E2Ed6E8B",
  "counterparty": "0x9d7C4BC7a01500a1fd543eeaC2BC99934FF18C94",
  "fundingWei": "1000000000000000000",
  "timelocks": [
    7
  ],
  "transactions": [
    {
      "role": "deploy",
      "txHash": "0xe506e5e47f8fc1eb84b56e5460bce324514c780a79736e1edcee86f107ab5dd4"
    },
    {
      "role": "fund",
      "txHash": "0x497a352dbf607addd680de3ff1c2c5ccc96140e109a68782a3229c567c86cbeb"
    },
    {
      "role": "claim",
      "txHash": "0xbaabc36a933a51b070dc776c26f2483b81f04916a08e115b2a09a64ff4000a1e",
      "level": 0,
      "option": 0
    }
  ],
  "txRoles": [
    {
      "role": "deploy",
      "txHash": "0xe506e5e47f8fc1eb84b56e5460bce324514c780a79736e1edcee86f107ab5dd4"
    },
    {
      "role": "fund",
      "txHash": "0x497a352dbf607addd680de3ff1c2c5ccc96140e109a68782a3229c567c86cbeb"
    },
    {
      "role": "claim",
      "txHash": "0xbaabc36a933a51b070dc776c26f2483b81f04916a08e115b2a09a64ff4000a1e",
      "level": 0,
      "option": 0
    }
  ],
  "deployTxHash": "0xe506e5e47f8fc1eb84b56e5460bce324514c780a79736e1edcee86f107ab5dd4",
  "fundTxHash": "0x497a352dbf607addd680de3ff1c2c5ccc96140e109a68782a3229c567c86cbeb",
  "claimTxHash": "0xbaabc36a933a51b070dc776c26f2483b81f04916a08e115b2a09a64ff4000a1e",
  "txHash": "0xbaabc36a933a51b070dc776c26f2483b81f04916a08e115b2a09a64ff4000a1e",
  "tx": "0xbaabc36a933a51b070dc776c26f2483b81f04916a08e115b2a09a64ff4000a1e"
}
