COMMAND: python3 experiments/scale_trace/scripts/trace_result_json.py /home/aothuatgiadp/blockchain/project/CTLC-Implementation/experiments/scale_trace/runs/random_v1_114/C-_D_evm_fund_cd_CTLCMultipleEdges_best_claim/result.json /home/aothuatgiadp/blockchain/project/CTLC-Implementation/experiments/scale_trace/runs/random_v1_114/C-_D_evm_fund_cd_CTLCMultipleEdges_best_claim/trace.json
STATUS: 0

STDOUT:
{
  "graph_id": "",
  "pair": "C->D|evm|fund:cd",
  "contract": "CTLCMultipleEdges",
  "scenario": "best_claim",
  "contractAddress": "0x4e238D7A7107A84325807f4AC80D39C1C59A58D7",
  "traces": {
    "deploy": {
      "tx_hash": "0xee830df421a35146573f8fd079601aefe275dd4e241d840059caf2ae82737ee9",
      "actual_calldata_bytes": 8841,
      "actual_sstore_count": 39,
      "actual_call_count": 0,
      "opcode_steps": 6040
    },
    "fund": {
      "tx_hash": "0xe4569d3caa81066c71cc7c073a013eec214e81497cf3b9bbc64d99c94e915b81",
      "actual_calldata_bytes": 0,
      "actual_sstore_count": 0,
      "actual_call_count": 0,
      "opcode_steps": 13
    },
    "claim_level0": {
      "tx_hash": "0x95b107009314ad403be0a3c5c47131d821b57a6e7b06de93b8fa9ec31c18e352",
      "actual_calldata_bytes": 324,
      "actual_sstore_count": 1,
      "actual_call_count": 1,
      "opcode_steps": 1241
    }
  }
}


STDERR:

