Using network 'development'.

{
  "ok": true,
  "graph_id": "",
  "pair": "D->A|evm|fund:da",
  "pairKey": "D->A|evm|fund:da",
  "contract": "CTLCOnly",
  "scenario": "worst_claim",
  "deployGas": "0x10ccbb",
  "gasUsed": "64620",
  "disableGasUsed": "0",
  "claimGasUsed": "64620",
  "refundGasUsed": "",
  "contractAddress": "0x9096673328fCcbfb2b84f10d55eD3488A7c7c159",
  "startBlock": "0",
  "endBlock": "3",
  "finalContractBalanceWei": "0",
  "deployer": "0xc51dce7C784Cf2169BA0D71fE715222b9B58B820",
  "party": "0x0fcD9d0bb548938906c2122E49Fe201aDe16eDfe",
  "counterparty": "0xe14Aa10Aa1f170536cA152BD20A563d2A024165A",
  "fundingWei": "1000000000000000000",
  "timelocks": [
    6
  ],
  "transactions": [
    {
      "role": "deploy",
      "txHash": "0x4f621b38d67c9c621178a73ee2897609dbdfee2911f00196789dd04c3c0ef90f"
    },
    {
      "role": "fund",
      "txHash": "0xbd4b65a47d978afd589b9ecea1a51679d96d5ed7e49844add175f86e63cc5849"
    },
    {
      "role": "claim",
      "txHash": "0x0763d409b4c3a45a90d70810a188a705975e385499ad8952773cb448d6dcdff5",
      "level": 0,
      "option": 0
    }
  ],
  "txRoles": [
    {
      "role": "deploy",
      "txHash": "0x4f621b38d67c9c621178a73ee2897609dbdfee2911f00196789dd04c3c0ef90f"
    },
    {
      "role": "fund",
      "txHash": "0xbd4b65a47d978afd589b9ecea1a51679d96d5ed7e49844add175f86e63cc5849"
    },
    {
      "role": "claim",
      "txHash": "0x0763d409b4c3a45a90d70810a188a705975e385499ad8952773cb448d6dcdff5",
      "level": 0,
      "option": 0
    }
  ],
  "deployTxHash": "0x4f621b38d67c9c621178a73ee2897609dbdfee2911f00196789dd04c3c0ef90f",
  "fundTxHash": "0xbd4b65a47d978afd589b9ecea1a51679d96d5ed7e49844add175f86e63cc5849",
  "claimTxHash": "0x0763d409b4c3a45a90d70810a188a705975e385499ad8952773cb448d6dcdff5",
  "txHash": "0x0763d409b4c3a45a90d70810a188a705975e385499ad8952773cb448d6dcdff5",
  "tx": "0x0763d409b4c3a45a90d70810a188a705975e385499ad8952773cb448d6dcdff5"
}
