Using network 'development'.

{
  "ok": true,
  "graph_id": "",
  "pair": "F->A|evm|fund:fa",
  "pairKey": "F->A|evm|fund:fa",
  "contract": "CTLCOnly",
  "scenario": "worst_claim",
  "deployGas": "0x10ccbb",
  "gasUsed": "64620",
  "disableGasUsed": "0",
  "claimGasUsed": "64620",
  "refundGasUsed": "",
  "contractAddress": "0x4eBC8DD59123D0DAd78cFe80e07cCb33d1c8618C",
  "startBlock": "0",
  "endBlock": "3",
  "finalContractBalanceWei": "0",
  "deployer": "0xBEF85Ef0E41E16DbA83124ad3950e4C2D78F56e8",
  "party": "0xe747eA3bC9C5CA99b16FCA0d4a51622642a0d8F7",
  "counterparty": "0x73AfD89b40fdfe2FD23b094339ccB91EeC91fB9a",
  "fundingWei": "1000000000000000000",
  "timelocks": [
    6
  ],
  "transactions": [
    {
      "role": "deploy",
      "txHash": "0x0c758c3b8a5cf109eb772cb34542c6209654d61ed60310944ba2992b49e1e9a6"
    },
    {
      "role": "fund",
      "txHash": "0xef49aad476088870a8e6eb02bb30331394a2a8804cc3d92c6afc2e98b7d1b016"
    },
    {
      "role": "claim",
      "txHash": "0xe35f39c7e0a3b9344d63b19dc90800f20721cee0a8dda36a7f95db7e088769ac",
      "level": 0,
      "option": 0
    }
  ],
  "txRoles": [
    {
      "role": "deploy",
      "txHash": "0x0c758c3b8a5cf109eb772cb34542c6209654d61ed60310944ba2992b49e1e9a6"
    },
    {
      "role": "fund",
      "txHash": "0xef49aad476088870a8e6eb02bb30331394a2a8804cc3d92c6afc2e98b7d1b016"
    },
    {
      "role": "claim",
      "txHash": "0xe35f39c7e0a3b9344d63b19dc90800f20721cee0a8dda36a7f95db7e088769ac",
      "level": 0,
      "option": 0
    }
  ],
  "deployTxHash": "0x0c758c3b8a5cf109eb772cb34542c6209654d61ed60310944ba2992b49e1e9a6",
  "fundTxHash": "0xef49aad476088870a8e6eb02bb30331394a2a8804cc3d92c6afc2e98b7d1b016",
  "claimTxHash": "0xe35f39c7e0a3b9344d63b19dc90800f20721cee0a8dda36a7f95db7e088769ac",
  "txHash": "0xe35f39c7e0a3b9344d63b19dc90800f20721cee0a8dda36a7f95db7e088769ac",
  "tx": "0xe35f39c7e0a3b9344d63b19dc90800f20721cee0a8dda36a7f95db7e088769ac"
}
