ganache v7.9.2 (@ganache/cli: 0.10.2, @ganache/core: 0.10.2)
Starting RPC server

Available Accounts
==================
(0) 0xBEF85Ef0E41E16DbA83124ad3950e4C2D78F56e8 (1000 ETH)
(1) 0x73AfD89b40fdfe2FD23b094339ccB91EeC91fB9a (1000 ETH)
(2) 0x7080637d07DE5E7Fac63cAc2902F783557A55384 (1000 ETH)
(3) 0xe425E5CB6078A6Ce88188C9E97255679d6823b1d (1000 ETH)
(4) 0xa181745aA3C8d473088e5821fcb8E587b9Ce1F94 (1000 ETH)
(5) 0x5a6ED0D018DBE0Cc453ff64510F0a53f3847CaB5 (1000 ETH)
(6) 0xe747eA3bC9C5CA99b16FCA0d4a51622642a0d8F7 (1000 ETH)
(7) 0xe3f3681A12A2A8F16EcCa29aa17fc8122bAf1Af8 (1000 ETH)
(8) 0x6862EFe9C3C28994eC2EF38ae174F54Be2A3519C (1000 ETH)
(9) 0x6B2Cc5bc74D2e1528a189afc77832CE4bc37C871 (1000 ETH)

Private Keys
==================
(0) 0xf8f85f21152c30573fcb1d2a730109c2c1547c49ead56604624204d920a05d21
(1) 0xd84a7989ccdbd6f8c398dadda1b9dbf9f991d66e57a01cba71869ad4ef9581ff
(2) 0xe2a0a6a06c0e91fd94fad26ef80bea44b044cbe8ad644b9e8e889217e4420570
(3) 0x99eae87cee257ae9955ec76c2ee521196b2c540e0371e97b5d80b4b7a08ea160
(4) 0xcc26c25afae750dc05332c9ce96a23ae72597ea6b06a27ad43035ec8a3e2a9a1
(5) 0x78bacd8af91bac5d1315ad9b207de253c53b00006a3557600fd83440690fcae1
(6) 0xad3fb4bfaa5c70c30d4a76b06769c061a819368914280e387ccd742fc347074e
(7) 0xa102bc4f0beee3a0f58643af025529b14e5652851c773bdeab61e05df1ebff03
(8) 0xf610226f1341fc237b339973d5cb7445be4d84ba33f39860a28a33e6aec9d874
(9) 0xfc81e29108e437a5ff3fb83faa36ad7528d95e54418cdc115dd2cebe90ddbdc6

HD Wallet
==================
Mnemonic:      echo seven ice latin fragile remember bounce debris bachelor radar gesture stomach
Base HD Path:  m/44'/60'/0'/0/{account_index}

Default Gas Price
==================
2000000000

BlockGas Limit
==================
30000000

Call Gas Limit
==================
50000000

Chain
==================
Hardfork: shanghai
Id:       1337

RPC Listening on 127.0.0.1:8545
web3_clientVersion
eth_blockNumber
net_version
eth_accounts
eth_accounts
eth_blockNumber
net_version
eth_getBlockByNumber
eth_estimateGas
eth_getBlockByNumber
eth_gasPrice
eth_sendTransaction

  Transaction: 0x0c758c3b8a5cf109eb772cb34542c6209654d61ed60310944ba2992b49e1e9a6
  Contract created: 0x4ebc8dd59123d0dad78cfe80e07ccb33d1c8618c
  Gas usage: 1100987
  Block number: 1
  Block time: Thu May 07 2026 20:28:12 GMT+0700 (Indochina Time)

eth_getTransactionReceipt
eth_getCode
eth_getTransactionReceipt
eth_getBlockByNumber
eth_gasPrice
eth_sendTransaction

  Transaction: 0xef49aad476088870a8e6eb02bb30331394a2a8804cc3d92c6afc2e98b7d1b016
  Gas usage: 21055
  Block number: 2
  Block time: Thu May 07 2026 20:28:12 GMT+0700 (Indochina Time)

eth_getTransactionReceipt
net_version
eth_getBlockByNumber
eth_estimateGas
eth_getBlockByNumber
eth_gasPrice
eth_sendTransaction

  Transaction: 0xe35f39c7e0a3b9344d63b19dc90800f20721cee0a8dda36a7f95db7e088769ac
  Gas usage: 64620
  Block number: 3
  Block time: Thu May 07 2026 20:28:12 GMT+0700 (Indochina Time)

eth_getTransactionReceipt
eth_blockNumber
eth_getBalance
eth_getTransactionByHash
debug_traceTransaction
eth_getTransactionByHash
debug_traceTransaction
eth_getTransactionByHash
debug_traceTransaction

Received shutdown signal: SIGTERM
Shutting down…
Server has been shut down
