ganache v7.9.2 (@ganache/cli: 0.10.2, @ganache/core: 0.10.2)
Starting RPC server

Available Accounts
==================
(0) 0xdDa82e7aE614716Bb6644F9e404f385DB2FB6Cb9 (1000 ETH)
(1) 0xF539A644d59c25b3a4f165b86c7F8f86f0D6f78e (1000 ETH)
(2) 0x88f557b09A9F60658Dd79AE22B8E292B9DE47A05 (1000 ETH)
(3) 0xd5Bd9b04E576283640692FA7E1Eac00D0be9d4b2 (1000 ETH)
(4) 0xC5dE465FE3076D220f899a14229Eb62f032D2d19 (1000 ETH)
(5) 0x727590BEE0e25B0292F5bfd37c4849D398F931BB (1000 ETH)
(6) 0x8F3C0641b27C7D6a422d4b3939A3CB3B21f0f9E7 (1000 ETH)
(7) 0x8202C973E95e12301d03F600C6Ed14167A5dfB83 (1000 ETH)
(8) 0x3d94fD456284C2E97da052f8430eB5f13AAa1E08 (1000 ETH)
(9) 0x52bf125A7fdab08BE05ca31df273c7b7FcAE03BD (1000 ETH)

Private Keys
==================
(0) 0x47db33614e3663a71c16258f3d155faee41369da03a5d6db73f1fbd1f49c1c3a
(1) 0x6d10e701b256c40f7ece178742e75b10246f271974d916c8313b5e6b81c6badf
(2) 0xefa73fb1b763596bae11162c5ba4416b503a4fd11e3fcc117b7bfd698d41f9ab
(3) 0xb8d06873fea8c25b6cdd24aa59e9cc26c122a663952e36419537818b22a57725
(4) 0x698264f5da6cef10c39214fb06eb50a0d863e96fd4c8090ca126b13c69cdd408
(5) 0x73938ad88ba8bc73869ffea3f306234d98dd8585f3bc88a89594e02df93e2823
(6) 0x02e4dfb998e75cd56b039f5a1caca235bb215f41dd14a0dbf45075db3cb745f7
(7) 0x582786c7cf19f78bd33e66eff7ed3174227149c24bddb9eb751374a1df316d90
(8) 0xb44c89826319faa95a66de5625c7068201acc86a0fbaba5f75ccd8f59b23bb63
(9) 0x506fe5d364e71af3d78f92f36e12cf9bf7f634e2f7b60eea2e477f5338b07843

HD Wallet
==================
Mnemonic:      almost client hen scheme win segment best dad evil index mammal pelican
Base HD Path:  m/44'/60'/0'/0/{account_index}

Default Gas Price
==================
2000000000

BlockGas Limit
==================
30000000

Call Gas Limit
==================
50000000

Chain
==================
Hardfork: shanghai
Id:       1337

RPC Listening on 127.0.0.1:8545
web3_clientVersion
eth_blockNumber
net_version
eth_accounts
eth_accounts
eth_blockNumber
net_version
eth_getBlockByNumber
eth_estimateGas
eth_getBlockByNumber
eth_gasPrice
eth_sendTransaction

  Transaction: 0x4563feddcebcac356bab4f317242c196b06db8457b22d14c71b9261cafa2ca87
  Contract created: 0x9ae7b78fe4a8088efeeab502884e83c58d33b450
  Gas usage: 1100975
  Block number: 1
  Block time: Fri May 08 2026 01:56:40 GMT+0700 (Indochina Time)

eth_getTransactionReceipt
eth_getCode
eth_getTransactionReceipt
eth_getBlockByNumber
eth_gasPrice
eth_sendTransaction

  Transaction: 0x28c150fc1f4575fad7f780be344de82cbcf765dc3c64c5c655db75dad286ea49
  Gas usage: 21055
  Block number: 2
  Block time: Fri May 08 2026 01:56:40 GMT+0700 (Indochina Time)

eth_getTransactionReceipt
net_version
eth_getBlockByNumber
eth_estimateGas
eth_getBlockByNumber
eth_gasPrice
eth_sendTransaction

  Transaction: 0x2f438b6751b47c4a593300a636ba8f738a343f055ea7ec3cff2e6352d5a4bb89
  Gas usage: 64620
  Block number: 3
  Block time: Fri May 08 2026 01:56:40 GMT+0700 (Indochina Time)

eth_getTransactionReceipt
eth_blockNumber
eth_getBalance
eth_getTransactionByHash
debug_traceTransaction
eth_getTransactionByHash
debug_traceTransaction
eth_getTransactionByHash
debug_traceTransaction

Received shutdown signal: SIGTERM
Shutting down…
Server has been shut down
