ganache v7.9.2 (@ganache/cli: 0.10.2, @ganache/core: 0.10.2)
Starting RPC server

Available Accounts
==================
(0) 0x830645522990F4E01B3BB024d20fB38cf2C84163 (1000 ETH)
(1) 0xB684E3fF625307F47c5b25366fb053e337bA1D25 (1000 ETH)
(2) 0x3d44443a75142903DDda4EC0fA07D385Bb42B698 (1000 ETH)
(3) 0xFb05AE23d1822cb3A663dDdd13a3bFB8D32276D7 (1000 ETH)
(4) 0xEDe764C9aC1d1907Ca6f1F9Cb1f98407b8b72Ff6 (1000 ETH)
(5) 0xE0303c002F2cfd3CaD17EbfAd7B42C4D482F1FB2 (1000 ETH)
(6) 0xdae8e7Db1DbA5eBb95C4c0c4bEdc397Dd6BA4526 (1000 ETH)
(7) 0xCBda00056c2C4cDB6748A557f8EC97ef4C0a0e65 (1000 ETH)
(8) 0x333778e02d205e305542Cf19202fECfcB732C07B (1000 ETH)
(9) 0x1920693DaCbe637C2Cc52dD5b1d1a540e9dA31d6 (1000 ETH)

Private Keys
==================
(0) 0x30a7194f243c1bddc4ea3734c351332e31195066399b6ce4ee6724f2fb313466
(1) 0x42e58f904758fbf554209304af3b40143b0c26c2bbb272b8a7a53b0fa2042281
(2) 0xa2b60fe2ea76190a9e90826b856bb01e309b96a1289455b45cd82d11fbe818d4
(3) 0x93e40e237bf71ec0fa2a2a9208abcdf697e2044e161e670bf431b1d8c6610adc
(4) 0x9b32d254274ca52b8a3930929081c9ea22645f92ac97ca8201fc86106c012ace
(5) 0x1508161494c8a6a6bfb5570f4f308a7ec7902cb414c27a915dcd178c90193218
(6) 0x132fdfb289034af2eb80ac94f1f03be3a019deb0637f20d4593f0d8d568f30df
(7) 0x6ce0128ee1af5f251ad4ae7f1e70152236544ce05f69b07c514d3c9e6eda4691
(8) 0x3e8f6b4c6b222f77d265e891a88116d2e2ef0f68376f5e747ef1976b74f0793b
(9) 0x34f2abba9d335659e744832de0450693ce26ff5200d13b20805d356d414aeaeb

HD Wallet
==================
Mnemonic:      boost sadness worry exact cargo wasp dawn echo agent vintage ensure source
Base HD Path:  m/44'/60'/0'/0/{account_index}

Default Gas Price
==================
2000000000

BlockGas Limit
==================
30000000

Call Gas Limit
==================
50000000

Chain
==================
Hardfork: shanghai
Id:       1337

RPC Listening on 127.0.0.1:8545
web3_clientVersion
eth_blockNumber
net_version
eth_accounts
eth_accounts
eth_blockNumber
net_version
eth_getBlockByNumber
eth_estimateGas
eth_getBlockByNumber
eth_gasPrice
eth_sendTransaction

  Transaction: 0xb6b60cbbead0e1f717419faeae7337078f4c408e710724a014ceb755c94abdb1
  Contract created: 0x91e2a2d56624409ce72a76d5e0d836074eb7eae1
  Gas usage: 2481662
  Block number: 1
  Block time: Fri May 08 2026 00:37:01 GMT+0700 (Indochina Time)

eth_getTransactionReceipt
eth_getCode
eth_getTransactionReceipt
eth_getBlockByNumber
eth_gasPrice
eth_sendTransaction

  Transaction: 0x98275407043b4d50e081e9fdac461299a3a05e1a9303aab9c2661c6ca7113b35
  Gas usage: 21055
  Block number: 2
  Block time: Fri May 08 2026 00:37:01 GMT+0700 (Indochina Time)

eth_getTransactionReceipt
net_version
eth_getBlockByNumber
eth_estimateGas
eth_getBlockByNumber
eth_gasPrice
eth_sendTransaction

  Transaction: 0x340558ce797c02b8616ffbc72c339a5702651b8ddcaa5cc33e06b684d3657f88
  Gas usage: 75948
  Block number: 3
  Block time: Fri May 08 2026 00:37:01 GMT+0700 (Indochina Time)

eth_getTransactionReceipt
eth_blockNumber
eth_getBalance
eth_getTransactionByHash
debug_traceTransaction
eth_getTransactionByHash
debug_traceTransaction
eth_getTransactionByHash
debug_traceTransaction

Received shutdown signal: SIGTERM
Shutting down…
Server has been shut down
