ganache v7.9.2 (@ganache/cli: 0.10.2, @ganache/core: 0.10.2)
Starting RPC server

Available Accounts
==================
(0) 0x983542D8E28303Bade9A331A50499114e5bb656f (1000 ETH)
(1) 0x913A794aB267671A00f3ea37c5361E77EB567e77 (1000 ETH)
(2) 0x458493F46e97a0677525FA2B7e83Be28Df8A2Eaf (1000 ETH)
(3) 0x6B25d58E286D0e5E2e8Ccba878Dc2b8ADfD6b627 (1000 ETH)
(4) 0x2E38C01457de5D68E54120aa103545Fc9d908439 (1000 ETH)
(5) 0xBdD68569AF413FA56e078B7Db17919ad22aD8384 (1000 ETH)
(6) 0x1273C5E731D4344071124a9c392d9F0d96936B00 (1000 ETH)
(7) 0x09E580af251359763c984aCA7cf391FaD6Af330a (1000 ETH)
(8) 0xfEA91Af8dd921fddd61Ce2BA5b7fA3749C0DB165 (1000 ETH)
(9) 0x32447B1363aD59B9Ea12675aB8613b4927bCdf5E (1000 ETH)

Private Keys
==================
(0) 0x236a4020874349cdf82cac2be63f9c94272ba7c134fe76bad842cb3246cc3fdf
(1) 0xe0f4389cec3a0c9994aa7bf47686a610a6aea692f63aaf5686bfbb430a25a721
(2) 0xd42988b0c67dcff59a7dfe0ca6b3708346a70bb5796240898dc95341d445c878
(3) 0x14da563456e38a2d5c6bc52b0172d4a9166f9ad10079e399d328b6b6e9f74b56
(4) 0x3894890a01c7cfdb8f8faba88696847f401c90d01b9712480e49026ce02ab906
(5) 0x1fa34dd067fef35a320e753f3a5f689e7e51dde85a5b52a892d43f026dbe8e13
(6) 0x6b68cb7385083251110225afaaa9b7d6bebaa0d2d37f3dd5c87ff1a419cbe607
(7) 0x5c521922baa3b733cf17e03e59f1d06f696939547c69234b8fc64b5486b40e65
(8) 0x899faf969cca5bad1e730132a3cafb16e0c0af7effe97e9da77d802eef2e25b9
(9) 0x7d2d13961ebb0516067ad8ff40c7536d62f574e1e871f2b0f7c9476be9571eff

HD Wallet
==================
Mnemonic:      field inside acoustic excess omit scene flower pill dry melt rice attend
Base HD Path:  m/44'/60'/0'/0/{account_index}

Default Gas Price
==================
2000000000

BlockGas Limit
==================
30000000

Call Gas Limit
==================
50000000

Chain
==================
Hardfork: shanghai
Id:       1337

RPC Listening on 127.0.0.1:8545
web3_clientVersion
eth_blockNumber
net_version
eth_accounts
eth_accounts
eth_blockNumber
net_version
eth_getBlockByNumber
eth_estimateGas
eth_getBlockByNumber
eth_gasPrice
eth_sendTransaction

  Transaction: 0x9cc30484312048d4b75e52241e588004b4740893306156f0040051d6811fc453
  Contract created: 0x8388f60f1bb52ef3d6335de0bb02bd7bee590fc6
  Gas usage: 1100975
  Block number: 1
  Block time: Fri May 08 2026 00:23:28 GMT+0700 (Indochina Time)

eth_getTransactionReceipt
eth_getCode
eth_getTransactionReceipt
eth_getBlockByNumber
eth_gasPrice
eth_sendTransaction

  Transaction: 0x95d77924e8a98e19d007435b3de4ddc599796bb0d0ca6c055f7a9c0ba4e47f04
  Gas usage: 21055
  Block number: 2
  Block time: Fri May 08 2026 00:23:28 GMT+0700 (Indochina Time)

eth_getTransactionReceipt
net_version
eth_getBlockByNumber
eth_estimateGas
eth_getBlockByNumber
eth_gasPrice
eth_sendTransaction

  Transaction: 0x14bb2e0c30f0a0314b01e77a3d8241bc883c93c33e6bdae28e6bd10f1c27a8fa
  Gas usage: 64620
  Block number: 3
  Block time: Fri May 08 2026 00:23:28 GMT+0700 (Indochina Time)

eth_getTransactionReceipt
eth_blockNumber
eth_getBalance
eth_getTransactionByHash
debug_traceTransaction
eth_getTransactionByHash
debug_traceTransaction
eth_getTransactionByHash
debug_traceTransaction

Received shutdown signal: SIGTERM
Shutting down…
Server has been shut down
