COMMAND: python3 experiments/scale_trace/scripts/trace_result_json.py /home/aothuatgiadp/blockchain/project/CTLC-Implementation/experiments/scale_trace/runs/random_v1_37/D-_E_evm_fund_de_CTLCOnly_worst_claim/result.json /home/aothuatgiadp/blockchain/project/CTLC-Implementation/experiments/scale_trace/runs/random_v1_37/D-_E_evm_fund_de_CTLCOnly_worst_claim/trace.json
STATUS: 0

STDOUT:
{
  "graph_id": "",
  "pair": "D->E|evm|fund:de",
  "contract": "CTLCOnly",
  "scenario": "worst_claim",
  "contractAddress": "0x1e3C2EC9B19117abFB796f8Aa5b5D390c965a77F",
  "traces": {
    "deploy": {
      "tx_hash": "0x0552cb140daffb6321f7b6dac58b7939af08bd7bcee910365a66ccad9c380aa8",
      "actual_calldata_bytes": 7123,
      "actual_sstore_count": 9,
      "actual_call_count": 0,
      "opcode_steps": 1374
    },
    "fund": {
      "tx_hash": "0xe0a81874f3774002c1d0b7525cbe603b963431be2814cfdae21aa2e2138fba13",
      "actual_calldata_bytes": 0,
      "actual_sstore_count": 0,
      "actual_call_count": 0,
      "opcode_steps": 13
    },
    "claim_level0": {
      "tx_hash": "0x6828d8beaffdc4a6a3ed2380904fcea23ca1793473c35c74e59bf20cd66052e7",
      "actual_calldata_bytes": 292,
      "actual_sstore_count": 1,
      "actual_call_count": 1,
      "opcode_steps": 1134
    }
  }
}


STDERR:

