ganache v7.9.2 (@ganache/cli: 0.10.2, @ganache/core: 0.10.2)
Starting RPC server

Available Accounts
==================
(0) 0x8CD18B79cBBbfbB5Aba1077D72e9Bd695Df794eC (1000 ETH)
(1) 0x4Ea52b11a133f08dD27EFB0FA0f9B216D42BDA68 (1000 ETH)
(2) 0x78b49185A39D46d1240dEbEAb28170d01d57c6d1 (1000 ETH)
(3) 0xf16E9760a7871a4BeDA723feD40B67d1aab04228 (1000 ETH)
(4) 0x62505d20d93739A9550d6a2591A958D4a4C07fed (1000 ETH)
(5) 0x874ea348cF0b366b5adBCA8e9Ff1eEc50cf9B82c (1000 ETH)
(6) 0x07Ce45c14469DEeAB2AdB4543F043a8b88737C38 (1000 ETH)
(7) 0x61a38ccE65B0180603E58f57B8E08a266530e6bd (1000 ETH)
(8) 0xbD4f15D853ACFa86bD7be7DFD1eEE2e1Eae3bca8 (1000 ETH)
(9) 0x1eC68c7013765CdD22c75188535D132A94B3Bdc2 (1000 ETH)

Private Keys
==================
(0) 0x4c9629555b8b7589397e038b5e057eea7fcff2079f93ca733171990193db3b77
(1) 0x68d97a0e614b868df70f68068ca876d2034a6a1746da6a2be672663befa658e3
(2) 0xb4a32a5c7d96c24ff8aba917d501fe01395020c57e78191bfd8051159d0e4161
(3) 0x179b9dbcbc09340ee165793d87eb6054e3cd55b46dc255045ce4bfd4a6c40582
(4) 0xc6d4537b899e1e9c4b1f761baa25db2fd6e4c9a621d798acb1c295baf89bb27c
(5) 0xc169af36bd75abfb284fa4b7d2340cee063f7f568335a2eea525621c611d1a58
(6) 0x81033e77c12204aabb671361568192bc1eb5e614c677609b4febc91733369fc2
(7) 0x70af1e0cd570b9370627e95f046c8d82d4f64f9a7cdd3d499090e78479f4d607
(8) 0xfdac8ab099f7674f2533ed2ff172eb17801cd4c048b62de729c2908a4de0fa2c
(9) 0x230c5bbd46c196579072d131ce24dadc06ef5473a5c46c782788fc01c0e223ed

HD Wallet
==================
Mnemonic:      fat chaos eternal super pyramid bright reunion flush frame snake stool prefer
Base HD Path:  m/44'/60'/0'/0/{account_index}

Default Gas Price
==================
2000000000

BlockGas Limit
==================
30000000

Call Gas Limit
==================
50000000

Chain
==================
Hardfork: shanghai
Id:       1337

RPC Listening on 127.0.0.1:8545
web3_clientVersion
eth_blockNumber
net_version
eth_accounts
eth_accounts
eth_blockNumber
net_version
eth_getBlockByNumber
eth_estimateGas
eth_getBlockByNumber
eth_gasPrice
eth_sendTransaction

  Transaction: 0x855d4c1b7c64809829ff0ede5d5bf2a061b320cdf89f4ced651ceb0c606ef14c
  Contract created: 0x881d56576e599f75b11de8031b842fdd85e72934
  Gas usage: 1631757
  Block number: 1
  Block time: Thu May 07 2026 20:39:52 GMT+0700 (Indochina Time)

eth_getTransactionReceipt
eth_getCode
eth_getTransactionReceipt
eth_getBlockByNumber
eth_gasPrice
eth_sendTransaction

  Transaction: 0x21bd6dc1d0e84e75d279e4a30b22012539a33cf65b4eb76b653e21628a6ad619
  Gas usage: 21055
  Block number: 2
  Block time: Thu May 07 2026 20:39:52 GMT+0700 (Indochina Time)

eth_getTransactionReceipt
eth_blockNumber
evm_mine
eth_blockNumber
evm_mine
eth_blockNumber
evm_mine
eth_blockNumber
evm_mine
eth_blockNumber
evm_mine
eth_blockNumber
net_version
eth_getBlockByNumber
eth_estimateGas
eth_getBlockByNumber
eth_gasPrice
eth_sendTransaction

  Transaction: 0x6fd6349082fbec563c66a2677743cde35c7de1681dd72340f84808cb8f97face
  Gas usage: 52925
  Block number: 8
  Block time: Thu May 07 2026 20:39:52 GMT+0700 (Indochina Time)

eth_getTransactionReceipt
eth_blockNumber
net_version
eth_getBlockByNumber
eth_estimateGas
eth_getBlockByNumber
eth_gasPrice
eth_sendTransaction

  Transaction: 0x5b2eb33f4e72959ec7ce1d3b08633e49f11a12910d18c1791f3f33f37656af9f
  Gas usage: 35837
  Block number: 9
  Block time: Thu May 07 2026 20:39:52 GMT+0700 (Indochina Time)

eth_getTransactionReceipt
net_version
eth_getBlockByNumber
eth_estimateGas
eth_getBlockByNumber
eth_gasPrice
eth_sendTransaction

  Transaction: 0x61dea9b1faaaaf31f48567ffa88c052a1e3c5fe88f41ced85a18c27e8fc6fed7
  Gas usage: 80279
  Block number: 10
  Block time: Thu May 07 2026 20:39:52 GMT+0700 (Indochina Time)

eth_getTransactionReceipt
eth_blockNumber
eth_getBalance
eth_getTransactionByHash
debug_traceTransaction
eth_getTransactionByHash
debug_traceTransaction
eth_getTransactionByHash
debug_traceTransaction
eth_getTransactionByHash
debug_traceTransaction
eth_getTransactionByHash
debug_traceTransaction

Received shutdown signal: SIGTERM
Shutting down…
Server has been shut down
