Using network 'development'.

{
  "ok": true,
  "graph_id": "",
  "pair": "C->D|evm|fund:cd",
  "pairKey": "C->D|evm|fund:cd",
  "contract": "CTLCMultipleEdges",
  "scenario": "refund",
  "deployGas": "0x13f82d",
  "gasUsed": "59539",
  "disableGasUsed": "0",
  "claimGasUsed": "",
  "refundGasUsed": "59539",
  "contractAddress": "0x3c248731d5b0515B34E37946Baa96EaC1F64abcE",
  "startBlock": "0",
  "endBlock": "8",
  "finalContractBalanceWei": "0",
  "deployer": "0x8F1CCF70Fff0feB8B91D28cea8B24AacD06eBF44",
  "party": "0x0f9807786b9EcA1C7d037D05637A230cb49E3674",
  "counterparty": "0x8406159dA27B905c16ff3d860AbB253e6c3D5B9d",
  "fundingWei": "1000000000000000000",
  "timelocks": [
    7
  ],
  "transactions": [
    {
      "role": "deploy",
      "txHash": "0x8eb81a262483dbee4ed5f93065155fdf966c3f2ae907f9b6cc506a57f2823a7d"
    },
    {
      "role": "fund",
      "txHash": "0xe11e805c4fa8e955b1f623d706cf270000812bf093e0278d35d6a9d5ee193a63"
    },
    {
      "role": "refund",
      "txHash": "0xd03f87c38529b196628630f25d7f882ad53f129a4774783ebb421c8976b0de37",
      "level": 0
    }
  ],
  "txRoles": [
    {
      "role": "deploy",
      "txHash": "0x8eb81a262483dbee4ed5f93065155fdf966c3f2ae907f9b6cc506a57f2823a7d"
    },
    {
      "role": "fund",
      "txHash": "0xe11e805c4fa8e955b1f623d706cf270000812bf093e0278d35d6a9d5ee193a63"
    },
    {
      "role": "refund",
      "txHash": "0xd03f87c38529b196628630f25d7f882ad53f129a4774783ebb421c8976b0de37",
      "level": 0
    }
  ],
  "deployTxHash": "0x8eb81a262483dbee4ed5f93065155fdf966c3f2ae907f9b6cc506a57f2823a7d",
  "fundTxHash": "0xe11e805c4fa8e955b1f623d706cf270000812bf093e0278d35d6a9d5ee193a63",
  "refundTxHash": "0xd03f87c38529b196628630f25d7f882ad53f129a4774783ebb421c8976b0de37",
  "refundTx": "0xd03f87c38529b196628630f25d7f882ad53f129a4774783ebb421c8976b0de37"
}
