ganache v7.9.2 (@ganache/cli: 0.10.2, @ganache/core: 0.10.2)
Starting RPC server

Available Accounts
==================
(0) 0x8F1CCF70Fff0feB8B91D28cea8B24AacD06eBF44 (1000 ETH)
(1) 0x65F824a3C5f694a94256C00fE668f7385e2d0F56 (1000 ETH)
(2) 0xF27429a29180F87a64478F39c21222d9139930a8 (1000 ETH)
(3) 0x0f9807786b9EcA1C7d037D05637A230cb49E3674 (1000 ETH)
(4) 0x8406159dA27B905c16ff3d860AbB253e6c3D5B9d (1000 ETH)
(5) 0xB5d2688C425Ec363cddEDd6bFB412e0b4Cb49dDa (1000 ETH)
(6) 0x83975B0e61E9b3F6FC1a02c4d25566A53bEe4650 (1000 ETH)
(7) 0x4Df3DD2bb5C627b4CDFB510e1a88b5588cFcAE7c (1000 ETH)
(8) 0x12758C76bea16bbA305c44427B484625F3e0cc8e (1000 ETH)
(9) 0x2b0a94Db8c95aCFf49E2FAB559D59ed31eA1b21E (1000 ETH)

Private Keys
==================
(0) 0x30e2614c5434da5b591c6de3c0728ea9df7e862cbcc9a019cc00069b854eca87
(1) 0x074ce5963c2d124a559894bee7c86fca817c2ea7a73e1205cf5854c6fd5e76e7
(2) 0x8605483bd14766d7b821f3e2e191cc7c61c54d284c6145feab8d77bce6f65ecc
(3) 0xd4d3bc4b511530953010a2b25ebe9587b1a454c1361e1433bdc2fa38d28b888f
(4) 0x44d64e4b0b483f2f3b7fb174a3dca0ae729db5572c7a030c78ffe832bae35dc8
(5) 0x4c56bcef006d1d62473b85d660557ef8411d89d9239001e34d445613b7394556
(6) 0x344e47fe3ac2f92c890e9a3d8d4988d5ed1941969d29d3a2365ff5b60cb26d2d
(7) 0x827a50edb1c0ba2fe7ea6bd96426c5dc4075ec82af7d6dfb267293e0b45410a4
(8) 0x0b5b49304ad9a66fdc0bddc0ac87c70bff45e9e0ed9487664d8e6538a3bfcc50
(9) 0x33f3a70b7433c237b98e4464e8c60dcf5f755c299173363a58f49948fca8c1c0

HD Wallet
==================
Mnemonic:      pledge peanut calm elbow dress aware caught vanish buyer sound butter just
Base HD Path:  m/44'/60'/0'/0/{account_index}

Default Gas Price
==================
2000000000

BlockGas Limit
==================
30000000

Call Gas Limit
==================
50000000

Chain
==================
Hardfork: shanghai
Id:       1337

RPC Listening on 127.0.0.1:8545
web3_clientVersion
eth_blockNumber
net_version
eth_accounts
eth_accounts
eth_blockNumber
net_version
eth_getBlockByNumber
eth_estimateGas
eth_getBlockByNumber
eth_gasPrice
eth_sendTransaction

  Transaction: 0x8eb81a262483dbee4ed5f93065155fdf966c3f2ae907f9b6cc506a57f2823a7d
  Contract created: 0x3c248731d5b0515b34e37946baa96eac1f64abce
  Gas usage: 1308717
  Block number: 1
  Block time: Fri May 08 2026 02:07:15 GMT+0700 (Indochina Time)

eth_getTransactionReceipt
eth_getCode
eth_getTransactionReceipt
eth_getBlockByNumber
eth_gasPrice
eth_sendTransaction

  Transaction: 0xe11e805c4fa8e955b1f623d706cf270000812bf093e0278d35d6a9d5ee193a63
  Gas usage: 21055
  Block number: 2
  Block time: Fri May 08 2026 02:07:15 GMT+0700 (Indochina Time)

eth_getTransactionReceipt
eth_blockNumber
evm_mine
eth_blockNumber
evm_mine
eth_blockNumber
evm_mine
eth_blockNumber
evm_mine
eth_blockNumber
evm_mine
eth_blockNumber
net_version
eth_getBlockByNumber
eth_estimateGas
eth_getBlockByNumber
eth_gasPrice
eth_sendTransaction

  Transaction: 0xd03f87c38529b196628630f25d7f882ad53f129a4774783ebb421c8976b0de37
  Gas usage: 59539
  Block number: 8
  Block time: Fri May 08 2026 02:07:15 GMT+0700 (Indochina Time)

eth_getTransactionReceipt
eth_blockNumber
eth_getBalance
eth_getTransactionByHash
debug_traceTransaction
eth_getTransactionByHash
debug_traceTransaction
eth_getTransactionByHash
debug_traceTransaction

Received shutdown signal: SIGTERM
Shutting down…
Server has been shut down
