ganache v7.9.2 (@ganache/cli: 0.10.2, @ganache/core: 0.10.2)
Starting RPC server

Available Accounts
==================
(0) 0x13802e16761112224da7A8A2e6D0261b1f9C1f2E (1000 ETH)
(1) 0x3EA45Fad7f29cc06C6cc7d04A3e0166B895C46C4 (1000 ETH)
(2) 0xEd4FAf3aDaeE718d68D9a5d733AAa76541ae3cFf (1000 ETH)
(3) 0x8071D9Cb0012c3c3E078fb9050b702488a2a3a64 (1000 ETH)
(4) 0xFb2CBB80e7eA45B8BEbBBd3Bb7f88636A607F2e0 (1000 ETH)
(5) 0x53bDA6bdD4FEAa66A3c7862fcf167Ae813023c8E (1000 ETH)
(6) 0x03573924ac7FDFA6396803Da99EC0b887b500a9c (1000 ETH)
(7) 0xa11c2Bf8fbCf43Df1048Ff75B65310a74cf295cF (1000 ETH)
(8) 0x64bA95AB98fD96eD33d3f60A539d0b4828360a63 (1000 ETH)
(9) 0x4324Ca8337238A590391C54623757e3281B90ff8 (1000 ETH)

Private Keys
==================
(0) 0xae648df7f2b64f9e2322282aea9bec2e0471d18770989fdeaeeb5da404a552d2
(1) 0x71543c507b177c3aa4e5a5b08ce7b3726e3726e616ef8e114892cd826974bedb
(2) 0xf3410633d2b8f19d4a668851b53fb8a8bdbf668160378095e5ba1b8b286b82ce
(3) 0xca87dffd61b40089d83b0be3cc462338c6e1ee9e64cca9ecc408739ba2c04e3f
(4) 0x32f1c35305ac85fdf021cbe350a3a9ce9500c06b6f046fcf7667b37d69fc3296
(5) 0xe2085cd061353e1bd270f0191fc56d11f6aab1019e92098fca719b2bbd5af771
(6) 0x4d4d2a48f62add455f74f8dc67b83db8841b9b2f308d5867d8751b326f86eaa6
(7) 0x77d99f2bd73c04478c3300133d21fe2e2a95e4ba17c5d20d57fc55c0c1a29138
(8) 0xced9313a9209b281d24bf32df7b170a38bac4d2722c3e58140cb9f8b5cae79f2
(9) 0x89fd67fa5fc1011a9f2045ee70129de1a8484c2058e016f14f0fc43a1cf3f12f

HD Wallet
==================
Mnemonic:      utility view poverty ocean roof essence scatter edit echo rough trouble end
Base HD Path:  m/44'/60'/0'/0/{account_index}

Default Gas Price
==================
2000000000

BlockGas Limit
==================
30000000

Call Gas Limit
==================
50000000

Chain
==================
Hardfork: shanghai
Id:       1337

RPC Listening on 127.0.0.1:8545
web3_clientVersion
eth_blockNumber
net_version
eth_accounts
eth_accounts
eth_blockNumber
net_version
eth_getBlockByNumber
eth_estimateGas
eth_getBlockByNumber
eth_gasPrice
eth_sendTransaction

  Transaction: 0xc54145429bfe59d3fb4a87e24535bedadf4277a362a76acf93910803a99e68b6
  Contract created: 0x540dad965ba3bd83857c5296bff42e954b5f3f7d
  Gas usage: 1239438
  Block number: 1
  Block time: Fri May 08 2026 03:11:02 GMT+0700 (Indochina Time)

eth_getTransactionReceipt
eth_getCode
eth_getTransactionReceipt
eth_getBlockByNumber
eth_gasPrice
eth_sendTransaction

  Transaction: 0x792d9fd1f51328f175590fde58ae18b723f0eb8abc8e0bfd191b54523de984d1
  Gas usage: 21055
  Block number: 2
  Block time: Fri May 08 2026 03:11:02 GMT+0700 (Indochina Time)

eth_getTransactionReceipt
net_version
eth_getBlockByNumber
eth_estimateGas
eth_getBlockByNumber
eth_gasPrice
eth_sendTransaction

  Transaction: 0x89ab0ea6bdaaa04a00ef276b1dce57c77dc9d51bcbd7728dcca7238c7bfa4a42
  Gas usage: 71641
  Block number: 3
  Block time: Fri May 08 2026 03:11:02 GMT+0700 (Indochina Time)

eth_getTransactionReceipt
eth_blockNumber
eth_getBalance
eth_getTransactionByHash
debug_traceTransaction
eth_getTransactionByHash
debug_traceTransaction
eth_getTransactionByHash
debug_traceTransaction

Received shutdown signal: SIGTERM
Shutting down…
Server has been shut down
