Using network 'development'.

{
  "ok": true,
  "graph_id": "",
  "pair": "E->A|evm|fund:ea",
  "pairKey": "E->A|evm|fund:ea",
  "contract": "CTLCOnly",
  "scenario": "worst_claim",
  "deployGas": "0x10ccbb",
  "gasUsed": "64620",
  "disableGasUsed": "0",
  "claimGasUsed": "64620",
  "refundGasUsed": "",
  "contractAddress": "0x0Ab9E2F959fd95B36b46ad98B848D29bb20860a9",
  "startBlock": "0",
  "endBlock": "3",
  "finalContractBalanceWei": "0",
  "deployer": "0xE0a17a4eaE705260F4Dd4E6383284964FaD63690",
  "party": "0x0614c15B82584405dff2C4d3e3680c13390a5362",
  "counterparty": "0x26079596074AEB44599A1d9C4F0CaF7A31D0B1E2",
  "fundingWei": "1000000000000000000",
  "timelocks": [
    6
  ],
  "transactions": [
    {
      "role": "deploy",
      "txHash": "0xbf05c656425bccd3bc04f46b35b2e4549b5e3fbc2d4ca335a5150ab06e39e18c"
    },
    {
      "role": "fund",
      "txHash": "0x972bf537c9c325dec5381892b5b947dc55087b5c12ad280b44599921f6789d72"
    },
    {
      "role": "claim",
      "txHash": "0xcef88513615f90151f4a494bbd4a1271a0f1112f2ce18e6e827111eb0394e82e",
      "level": 0,
      "option": 0
    }
  ],
  "txRoles": [
    {
      "role": "deploy",
      "txHash": "0xbf05c656425bccd3bc04f46b35b2e4549b5e3fbc2d4ca335a5150ab06e39e18c"
    },
    {
      "role": "fund",
      "txHash": "0x972bf537c9c325dec5381892b5b947dc55087b5c12ad280b44599921f6789d72"
    },
    {
      "role": "claim",
      "txHash": "0xcef88513615f90151f4a494bbd4a1271a0f1112f2ce18e6e827111eb0394e82e",
      "level": 0,
      "option": 0
    }
  ],
  "deployTxHash": "0xbf05c656425bccd3bc04f46b35b2e4549b5e3fbc2d4ca335a5150ab06e39e18c",
  "fundTxHash": "0x972bf537c9c325dec5381892b5b947dc55087b5c12ad280b44599921f6789d72",
  "claimTxHash": "0xcef88513615f90151f4a494bbd4a1271a0f1112f2ce18e6e827111eb0394e82e",
  "txHash": "0xcef88513615f90151f4a494bbd4a1271a0f1112f2ce18e6e827111eb0394e82e",
  "tx": "0xcef88513615f90151f4a494bbd4a1271a0f1112f2ce18e6e827111eb0394e82e"
}
