COMMAND: python3 experiments/scale_trace/scripts/trace_result_json.py /home/aothuatgiadp/blockchain/project/CTLC-Implementation/experiments/scale_trace/runs/random_v1_190/E-_G_evm_fund_eg_CTLCMultipleEdges_refund/result.json /home/aothuatgiadp/blockchain/project/CTLC-Implementation/experiments/scale_trace/runs/random_v1_190/E-_G_evm_fund_eg_CTLCMultipleEdges_refund/trace.json
STATUS: 0

STDOUT:
{
  "graph_id": "",
  "pair": "E->G|evm|fund:eg",
  "contract": "CTLCMultipleEdges",
  "scenario": "refund",
  "contractAddress": "0x836ce79224ca90ff60c7EeF570323dE5456cdB81",
  "traces": {
    "deploy": {
      "tx_hash": "0x71b05746f61c0887b9d35268a5ffaf773907df7fb4e6c66c6d86b10958d2f324",
      "actual_calldata_bytes": 7817,
      "actual_sstore_count": 13,
      "actual_call_count": 0,
      "opcode_steps": 2160
    },
    "fund": {
      "tx_hash": "0x7ac8c0125eee0011970b9fc57dd2849feb43c5f9ce3de915405d85ba81b6b8cc",
      "actual_calldata_bytes": 0,
      "actual_sstore_count": 0,
      "actual_call_count": 0,
      "opcode_steps": 13
    },
    "refund_level0": {
      "tx_hash": "0x36f27bb906c96370207ad1c7030a14df256059e018f4e0e9228d91e2e4b4aed6",
      "actual_calldata_bytes": 4,
      "actual_sstore_count": 1,
      "actual_call_count": 1,
      "opcode_steps": 224
    }
  }
}


STDERR:

