ganache v7.9.2 (@ganache/cli: 0.10.2, @ganache/core: 0.10.2)
Starting RPC server

Available Accounts
==================
(0) 0x628b29Ae394D2e030928c7B79DD4db78Fa11d088 (1000 ETH)
(1) 0x489e4b13cEBD46f8494d43a286Da4276aD5DfCf0 (1000 ETH)
(2) 0x559777F237b1ab4E9063Bee873c8Df8c25A19Cc7 (1000 ETH)
(3) 0xAD6DC268CA39ffaE0335192e4c712d45fEEEb143 (1000 ETH)
(4) 0xd280B49f03413c63a495692c7f5ae21A45f89829 (1000 ETH)
(5) 0x487cc4e07f1Ff1A64C05A6543FFc698173c0967f (1000 ETH)
(6) 0x69CDAf307c9FAD9DCb8c2133428793B271317a62 (1000 ETH)
(7) 0x0C405B44B9F7Abbb1daa86e6CCc0A9DA72Cbca44 (1000 ETH)
(8) 0x22A16EfdF61F931027D9A0bd292d5e3267536548 (1000 ETH)
(9) 0xBE7565448dE0cA84316ADD87C63fFD267EdbB0Fa (1000 ETH)

Private Keys
==================
(0) 0xe66c66f448ed4f5ee86edd695dda92db41de80217ec5587d86c5c71e11ef1707
(1) 0xfdf37fa905ccf36bc79531731926111d191bbec394b4494d5a5456b3026aa669
(2) 0x60e12b1459bd22ad5fb3cef5c605f6fb27bae255fd8f780732b790f3ad860b3c
(3) 0x71449a6dd05e6a6ce8e35a910e16bf2cdd3f03e101cf3bd5b7c7f52d540ee31f
(4) 0x04c474fca93f0a0ff6e0750aa67c05a6285d2c05e0114f09e9f64535e87c4733
(5) 0x882865b0629293d3db9102c29d49e21a7991b9e9b77f996725acc24434d17acc
(6) 0x04533bdccddd2d34d2f8874b418ae0d15482d3a199e92eafc517903b808b5741
(7) 0xe99ab2f282c9906690c84a7bd7a154daf4154ee84bd2f292de57dd7887aa98db
(8) 0x008bd45add42f3abd2a2ca4004c0e8d4f494c8ff7aca724c5added4f6288a0d1
(9) 0x434f84fab490fb8350cd59bd9065d0b0d89f043cb3d1169a8d57bcbf9fa54803

HD Wallet
==================
Mnemonic:      skirt smooth brick provide fiscal switch rookie alert demand month object wreck
Base HD Path:  m/44'/60'/0'/0/{account_index}

Default Gas Price
==================
2000000000

BlockGas Limit
==================
30000000

Call Gas Limit
==================
50000000

Chain
==================
Hardfork: shanghai
Id:       1337

RPC Listening on 127.0.0.1:8545
web3_clientVersion
eth_blockNumber
net_version
eth_accounts
eth_accounts
eth_blockNumber
net_version
eth_getBlockByNumber
eth_estimateGas
eth_getBlockByNumber
eth_gasPrice
eth_sendTransaction

  Transaction: 0xe90144654abfc4eac5660f8f6d08d6996019cf9972fa6e5aec9877dc5917869d
  Contract created: 0x038e6b50f93f9ca1b434cef6daa06969a3481be3
  Gas usage: 1285274
  Block number: 1
  Block time: Fri May 08 2026 01:37:45 GMT+0700 (Indochina Time)

eth_getTransactionReceipt
eth_getCode
eth_getTransactionReceipt
eth_getBlockByNumber
eth_gasPrice
eth_sendTransaction

  Transaction: 0xd259b08a1a3dec02c61a699b4a0eb5d770fa3a1c823b6356d54ff8ea496d0c73
  Gas usage: 21055
  Block number: 2
  Block time: Fri May 08 2026 01:37:45 GMT+0700 (Indochina Time)

eth_getTransactionReceipt
net_version
eth_getBlockByNumber
eth_estimateGas
eth_getBlockByNumber
eth_gasPrice
eth_sendTransaction

  Transaction: 0xab5a4a9a186776366ccb75899faf19a34651b57e0289ea588bd19a6485210094
  Gas usage: 75948
  Block number: 3
  Block time: Fri May 08 2026 01:37:45 GMT+0700 (Indochina Time)

eth_getTransactionReceipt
eth_blockNumber
eth_getBalance
eth_getTransactionByHash
debug_traceTransaction
eth_getTransactionByHash
debug_traceTransaction
eth_getTransactionByHash
debug_traceTransaction

Received shutdown signal: SIGTERM
Shutting down…
Server has been shut down
