ganache v7.9.2 (@ganache/cli: 0.10.2, @ganache/core: 0.10.2)
Starting RPC server

Available Accounts
==================
(0) 0x271E2C97796Aa5157e091562823D9313E91d7475 (1000 ETH)
(1) 0xB4B1D1769a1005ED95291f46450EAa2d6BE2a739 (1000 ETH)
(2) 0x30c020879563bEf4CDb6166010a57ba201b183E1 (1000 ETH)
(3) 0x859B5542f15DA8Df48c44734Dec644C490Ac270b (1000 ETH)
(4) 0xFD1039c95B87c8A17bcF3279E8ADE35ae3D68e15 (1000 ETH)
(5) 0xA4C50A3BFDfdb1527F69a7C04DB32aF8A4FB196e (1000 ETH)
(6) 0x0a0779688E5F3AB606B11ace495f56fbe910a6CA (1000 ETH)
(7) 0x44A8Ef2A90029A0Fc4E3ef3c492DF134a8E6319c (1000 ETH)
(8) 0xeB50c3D564f101f55CF0401e6B93eF474de8F512 (1000 ETH)
(9) 0x4a01f7e05994969717A45460988E14F8496EDa75 (1000 ETH)

Private Keys
==================
(0) 0xc144939d970f417e9fad2a50d55ab5535702549ab2e9e47878c898bb7026a8f0
(1) 0xf3a88e9c29883d0f31b116a27778137f7f2c5ace7ee7131999841f66bf518fc5
(2) 0xba7b322559e9f93fa459f329af32cf9acb3f48e64371a43de5efd0105d2cf4f9
(3) 0x122da22e6b96235d68759931cade46f4168ff3dda184a8dd83c7eaf2a12c6496
(4) 0x8be5f31b5cca14911a6f15c4daff054d083d9000851d42750a769747756e314c
(5) 0xd5531c7fce992355fee105a2e705d5a914829a588be63e064ad6367c8ad3e313
(6) 0xfc04a1421bb69d7272fe5eb4fb0412926e87533a676adf5865ddac3b7b87a9c6
(7) 0x04109da7d4edc3f5aa531d7c0050bdf6f8ad91066658bf904ba977b1140e5b31
(8) 0x474705c101fb4b5ac41ac1c729166cc0dfed3088d3e3b70ca2b86efb29094283
(9) 0x8644f6b181c3ccb4817842db9718568cabe18da7e1572cd02ed9f5d8d458c966

HD Wallet
==================
Mnemonic:      okay hobby draft one coin road mass describe habit museum bike smoke
Base HD Path:  m/44'/60'/0'/0/{account_index}

Default Gas Price
==================
2000000000

BlockGas Limit
==================
30000000

Call Gas Limit
==================
50000000

Chain
==================
Hardfork: shanghai
Id:       1337

RPC Listening on 127.0.0.1:8545
web3_clientVersion
eth_blockNumber
net_version
eth_accounts
eth_accounts
eth_blockNumber
net_version
eth_getBlockByNumber
eth_estimateGas
eth_getBlockByNumber
eth_gasPrice
eth_sendTransaction

  Transaction: 0x172efd6a21833906f6f6a1c612608d34a9046a2e0f0d6f4fa4f744347f5eab16
  Contract created: 0x16a659c2960017d7d5516758cc3b0627322b3059
  Gas usage: 1377177
  Block number: 1
  Block time: Thu May 07 2026 20:58:27 GMT+0700 (Indochina Time)

eth_getTransactionReceipt
eth_getCode
eth_getTransactionReceipt
eth_getBlockByNumber
eth_gasPrice
eth_sendTransaction

  Transaction: 0x59f32eb525f0924622da11a49469cff66d8d4db7c9fb06e0a28f3a2b467c2f15
  Gas usage: 21055
  Block number: 2
  Block time: Thu May 07 2026 20:58:27 GMT+0700 (Indochina Time)

eth_getTransactionReceipt
eth_blockNumber
evm_mine
eth_blockNumber
evm_mine
eth_blockNumber
evm_mine
eth_blockNumber
evm_mine
eth_blockNumber
evm_mine
eth_blockNumber
net_version
eth_getBlockByNumber
eth_estimateGas
eth_getBlockByNumber
eth_gasPrice
eth_sendTransaction

  Transaction: 0x239ae1a72280f16672dbc61dd340f5c5a675f0f447f659cccb45e71465ccf86c
  Gas usage: 52947
  Block number: 8
  Block time: Thu May 07 2026 20:58:27 GMT+0700 (Indochina Time)

eth_getTransactionReceipt
eth_blockNumber
net_version
eth_getBlockByNumber
eth_estimateGas
eth_getBlockByNumber
eth_gasPrice
eth_sendTransaction

  Transaction: 0xae435abe0dfcdd93f0cc6ea31f4294f0c360b9e3e953376ae369c5816d295359
  Gas usage: 35859
  Block number: 9
  Block time: Thu May 07 2026 20:58:27 GMT+0700 (Indochina Time)

eth_getTransactionReceipt
net_version
eth_getBlockByNumber
eth_estimateGas
eth_getBlockByNumber
eth_gasPrice
eth_sendTransaction

  Transaction: 0x1edaef8dd778cc628ea38c15434867de335e69dc959c70e0eb6367fc896a356e
  Gas usage: 77025
  Block number: 10
  Block time: Thu May 07 2026 20:58:27 GMT+0700 (Indochina Time)

eth_getTransactionReceipt
eth_blockNumber
eth_getBalance
eth_getTransactionByHash
debug_traceTransaction
eth_getTransactionByHash
debug_traceTransaction
eth_getTransactionByHash
debug_traceTransaction
eth_getTransactionByHash
debug_traceTransaction
eth_getTransactionByHash
debug_traceTransaction

Received shutdown signal: SIGTERM
Shutting down…
Server has been shut down
