ganache v7.9.2 (@ganache/cli: 0.10.2, @ganache/core: 0.10.2)
Starting RPC server

Available Accounts
==================
(0) 0xec2aD7412862dE1353888c2b312Ff2b3126f2134 (1000 ETH)
(1) 0x0C023d508E4Ebb1CEd7427505B63F8C11942c946 (1000 ETH)
(2) 0x53ae8C1E7C078755919E6F66630E8aA13e7973A1 (1000 ETH)
(3) 0xbc8B98e3724e8C99b60Dd7d486751130693a8Ba2 (1000 ETH)
(4) 0x918E5d9C991f4dFDB57BB152374dd046FEe4BDa1 (1000 ETH)
(5) 0x4D26595e1547aa15D0B82454B7F37Ef98ECBDAA0 (1000 ETH)
(6) 0x5962255A1238ffB7c467fEefB8CE2804E0B62416 (1000 ETH)
(7) 0x495295A61F172184544Fd0bf8289CDE9e52E6639 (1000 ETH)
(8) 0xAA5D54a7a684b7105dbB6E76F0C962F203fdE161 (1000 ETH)
(9) 0xe3e695Ccfd33A3A6a0a10fB32684EA054E6e0a38 (1000 ETH)

Private Keys
==================
(0) 0x947a9f2f1ce0d1958fe4a8462567c04e23ebfe3e8c8c9b5ba33312e71ca6439e
(1) 0xe0a2549a3fa1b484e5bac3d9717fb001bd898ddf0b0c6a07f96a1a105f678b5e
(2) 0x34772b688afdb4cf9bf3d6c86498debc9ba8f7d47dd858cdcc6ebfc29728b9ca
(3) 0x56cf6a56996d9d725c041b7fbe5181806f7046c3a58b338fed2f65320f02944d
(4) 0xb04c28365474ea9ff8ce45fe55995de57dbd6bb0505a0de20e6b31dda9639019
(5) 0xbc6175c188adf10a8583dc7ac81b055ea0264d04c63d5e072d0f40980335b245
(6) 0xf707f9d22366439d5c9e93d06e7f61fc14d373a91e176a10c372c6ec4cf81c2a
(7) 0x919ad520da5873fce8f48402c37dad330ff4e2da3cd7b8766d88be512b82388b
(8) 0x5dd423e8924475963947615c02b9311c8521fa490c686811ba3f6c2432429cc0
(9) 0x13d24eea8ad63896a99b4e73dbbe574889ad9f24283ffa76a4f68661b168ddf1

HD Wallet
==================
Mnemonic:      carpet tenant mask turkey congress indoor kingdom game letter swift weird march
Base HD Path:  m/44'/60'/0'/0/{account_index}

Default Gas Price
==================
2000000000

BlockGas Limit
==================
30000000

Call Gas Limit
==================
50000000

Chain
==================
Hardfork: shanghai
Id:       1337

RPC Listening on 127.0.0.1:8545
web3_clientVersion
eth_blockNumber
net_version
eth_accounts
eth_accounts
eth_blockNumber
net_version
eth_getBlockByNumber
eth_estimateGas
eth_getBlockByNumber
eth_gasPrice
eth_sendTransaction

  Transaction: 0x39b9217f18896cda01f5099e0a399b31cc872124ef51562d35ac7205fc3b2858
  Contract created: 0xc3c8555db497c625715a0c0355aec13e038876c1
  Gas usage: 2068099
  Block number: 1
  Block time: Thu May 07 2026 21:18:56 GMT+0700 (Indochina Time)

eth_getTransactionReceipt
eth_getCode
eth_getTransactionReceipt
eth_getBlockByNumber
eth_gasPrice
eth_sendTransaction

  Transaction: 0xce532e2affcb677da1410822cc206527aefc06d23d077cb89cca7b6c47f0d95d
  Gas usage: 21055
  Block number: 2
  Block time: Thu May 07 2026 21:18:57 GMT+0700 (Indochina Time)

eth_getTransactionReceipt
eth_blockNumber
evm_mine
eth_blockNumber
evm_mine
eth_blockNumber
evm_mine
eth_blockNumber
evm_mine
eth_blockNumber
evm_mine
eth_blockNumber
evm_mine
eth_blockNumber
net_version
eth_getBlockByNumber
eth_estimateGas
eth_getBlockByNumber
eth_gasPrice
eth_sendTransaction

  Transaction: 0xe9ca3d3f50d8c6cd1ab19254005bb12fb143a435606245a9351a3dc48d3f9430
  Gas usage: 52925
  Block number: 9
  Block time: Thu May 07 2026 21:18:57 GMT+0700 (Indochina Time)

eth_getTransactionReceipt
eth_blockNumber
net_version
eth_getBlockByNumber
eth_estimateGas
eth_getBlockByNumber
eth_gasPrice
eth_sendTransaction

  Transaction: 0xb89630c1a82c7acf50876cd3c6ac39ff72f123cd520c8e2426e6e76f8bbba1aa
  Gas usage: 35837
  Block number: 10
  Block time: Thu May 07 2026 21:18:57 GMT+0700 (Indochina Time)

eth_getTransactionReceipt
eth_blockNumber
net_version
eth_getBlockByNumber
eth_estimateGas
eth_getBlockByNumber
eth_gasPrice
eth_sendTransaction

  Transaction: 0xaf9e36064c9e1b163cfcc6f096de8991652f6111f04337fe8f0c73e5bb6a3e72
  Gas usage: 59539
  Block number: 11
  Block time: Thu May 07 2026 21:18:57 GMT+0700 (Indochina Time)

eth_getTransactionReceipt
eth_blockNumber
eth_getBalance
eth_getTransactionByHash
debug_traceTransaction
eth_getTransactionByHash
debug_traceTransaction
eth_getTransactionByHash
debug_traceTransaction
eth_getTransactionByHash
debug_traceTransaction
eth_getTransactionByHash
debug_traceTransaction

Received shutdown signal: SIGTERM
Shutting down…
Server has been shut down
