ganache v7.9.2 (@ganache/cli: 0.10.2, @ganache/core: 0.10.2)
Starting RPC server

Available Accounts
==================
(0) 0xf065608cAb203e66809Ae943EDD1458094Eb39a5 (1000 ETH)
(1) 0x3C083eE65a97a8F923664e0d1fB9c13fb0Aad123 (1000 ETH)
(2) 0x4dc1Fe06f73a5556aE0B312e70033C465D921944 (1000 ETH)
(3) 0x2F81EfF19cC860DE38A17526740ebb269C3085AA (1000 ETH)
(4) 0x754137ED3a952a8e4a56fA31286eDAb5B6E1bf91 (1000 ETH)
(5) 0x1a2b913cbDF0Ad50A12f8E0188573bc21Ff2Dc20 (1000 ETH)
(6) 0x7717b899684292DA045570513AF51a0f74FA5001 (1000 ETH)
(7) 0xf67f501bf59eaE6e05903AAD21DfDe72B12fD9bE (1000 ETH)
(8) 0xFfd9487CCFbFdBFC439b73783eDED8a7D671C653 (1000 ETH)
(9) 0xfD2813242b092b0d515306F90d31429ecADCCb86 (1000 ETH)

Private Keys
==================
(0) 0x697fb3c7527bbede5a95136ccd0570bef058a8fd3a61dba091195541ea8a111c
(1) 0xbb7e38e24a6c98d346441f1ccf053a9adb23a186c83a4290229d3a38cf36d5b6
(2) 0x317f8b4802b1fa9d4de56b88160bc72397c39fde6802afee5fe443850fabec02
(3) 0xd12bcb5c135144bcb723a06e73087d8ba21117fdcf0094a7135986f72b160b6d
(4) 0x46bd8d8b61df4825c383db4a739f9fa1bd53edc21af64cf4e77b7fa2fed45ddc
(5) 0x50ec225e6213cd3e6347d1e4b464ed8403911bc93e1163473817b81d0cd2beaf
(6) 0xb39f5d1f98f21c02a3baa4c0420601255c6e25fde20692e38f5381fb59f43323
(7) 0x20bd2018d9de0d36fd22d10e74869c91b0fabf5786ff3f719a81f6b3a3750621
(8) 0x41a7095969669df1507c2f1087e8ed669221683d77a408c04a57992054298cd7
(9) 0xc87c84f7e6d0ca58c5a68561c5a56a3acfa26d91c1f4e46ebb34ec5010278a7c

HD Wallet
==================
Mnemonic:      coyote amount gentle merge coach enough custom cage december yard belt method
Base HD Path:  m/44'/60'/0'/0/{account_index}

Default Gas Price
==================
2000000000

BlockGas Limit
==================
30000000

Call Gas Limit
==================
50000000

Chain
==================
Hardfork: shanghai
Id:       1337

RPC Listening on 127.0.0.1:8545
web3_clientVersion
eth_blockNumber
net_version
eth_accounts
eth_accounts
eth_blockNumber
net_version
eth_getBlockByNumber
eth_estimateGas
eth_getBlockByNumber
eth_gasPrice
eth_sendTransaction

  Transaction: 0x3e8728e3f98d0a64461b6ad2247bd3408d0a1e80df3a07de75f611d617948aee
  Contract created: 0x8023f5f59ba1cf99bde3fb2c14a95e7f01b607f8
  Gas usage: 1123875
  Block number: 1
  Block time: Fri May 08 2026 03:21:43 GMT+0700 (Indochina Time)

eth_getTransactionReceipt
eth_getCode
eth_getTransactionReceipt
eth_getBlockByNumber
eth_gasPrice
eth_sendTransaction

  Transaction: 0xb8aa76c6fa3e18325e0d5fdcf962971328238d76427bd59adb3ea8e02b678203
  Gas usage: 21055
  Block number: 2
  Block time: Fri May 08 2026 03:21:43 GMT+0700 (Indochina Time)

eth_getTransactionReceipt
net_version
eth_getBlockByNumber
eth_estimateGas
eth_getBlockByNumber
eth_gasPrice
eth_sendTransaction

  Transaction: 0x946e3d1a2a99cd2ff73257875f8e115ad04bba1d8b1889a04aba473ff89ec86f
  Gas usage: 68747
  Block number: 3
  Block time: Fri May 08 2026 03:21:43 GMT+0700 (Indochina Time)

eth_getTransactionReceipt
eth_blockNumber
eth_getBalance
eth_getTransactionByHash
debug_traceTransaction
eth_getTransactionByHash
debug_traceTransaction
eth_getTransactionByHash
debug_traceTransaction

Received shutdown signal: SIGTERM
Shutting down…
Server has been shut down
