Using network 'development'.

{
  "ok": true,
  "graph_id": "",
  "pair": "D->F|evm|fund:df",
  "pairKey": "D->F|evm|fund:df",
  "contract": "CTLCOnly",
  "scenario": "best_claim",
  "deployGas": "0x117fbb",
  "gasUsed": "72874",
  "disableGasUsed": "",
  "claimGasUsed": "72874",
  "refundGasUsed": "",
  "contractAddress": "0xD01266E2D58263bE10A461C539c3dF339F875d8e",
  "startBlock": "0",
  "endBlock": "3",
  "finalContractBalanceWei": "0",
  "deployer": "0x4898AD63B2352fB75dB745b4cB0e1365B2c847D2",
  "party": "0x2036F49Aa9e5BEbF202F8eFd846898dEE2976C90",
  "counterparty": "0x53deB43691e32274586dDE18806c8Ba422E53760",
  "fundingWei": "1000000000000000000",
  "timelocks": [
    8
  ],
  "transactions": [
    {
      "role": "deploy",
      "txHash": "0xcf3619ffa61c3a851cf654e0052576d7591d6d790ad309441546a13ff1ba9905"
    },
    {
      "role": "fund",
      "txHash": "0x8867462bc895217a49da962064f5699a0ca2c9a50524d1033f4ecea3f4501cd5"
    },
    {
      "role": "claim",
      "txHash": "0xa4522cfab9efa8355efb12999114cc6ba9efc168a6666a6e27a9e742b3d4435b",
      "level": 0,
      "option": 0
    }
  ],
  "txRoles": [
    {
      "role": "deploy",
      "txHash": "0xcf3619ffa61c3a851cf654e0052576d7591d6d790ad309441546a13ff1ba9905"
    },
    {
      "role": "fund",
      "txHash": "0x8867462bc895217a49da962064f5699a0ca2c9a50524d1033f4ecea3f4501cd5"
    },
    {
      "role": "claim",
      "txHash": "0xa4522cfab9efa8355efb12999114cc6ba9efc168a6666a6e27a9e742b3d4435b",
      "level": 0,
      "option": 0
    }
  ],
  "deployTxHash": "0xcf3619ffa61c3a851cf654e0052576d7591d6d790ad309441546a13ff1ba9905",
  "fundTxHash": "0x8867462bc895217a49da962064f5699a0ca2c9a50524d1033f4ecea3f4501cd5",
  "claimTxHash": "0xa4522cfab9efa8355efb12999114cc6ba9efc168a6666a6e27a9e742b3d4435b",
  "txHash": "0xa4522cfab9efa8355efb12999114cc6ba9efc168a6666a6e27a9e742b3d4435b",
  "tx": "0xa4522cfab9efa8355efb12999114cc6ba9efc168a6666a6e27a9e742b3d4435b"
}
