Using network 'development'.

{
  "ok": true,
  "graph_id": "",
  "pair": "C->D|evm|fund:cd",
  "pairKey": "C->D|evm|fund:cd",
  "contract": "CTLCOnly",
  "scenario": "best_claim",
  "deployGas": "0x117fbb",
  "gasUsed": "72874",
  "disableGasUsed": "",
  "claimGasUsed": "72874",
  "refundGasUsed": "",
  "contractAddress": "0x93C0eD57e9FCA9b32c0B556c17BEeA61129E8b1B",
  "startBlock": "0",
  "endBlock": "3",
  "finalContractBalanceWei": "0",
  "deployer": "0x4525A001F48E00e8C25771EcCDCb11cbECb98921",
  "party": "0xDf27F2860111a965E3506db7F06b09bbF033c031",
  "counterparty": "0xbdd961fA27C06C3534671Db20dce19b443F33381",
  "fundingWei": "1000000000000000000",
  "timelocks": [
    8
  ],
  "transactions": [
    {
      "role": "deploy",
      "txHash": "0x2b5b426f3f593520e0f071d1ccafef2c416f3b81b6014b19d579ab1d787f8a9b"
    },
    {
      "role": "fund",
      "txHash": "0x259986b30e03e02c82a38b4917e3049311072f13a80c51491b071d958d903d50"
    },
    {
      "role": "claim",
      "txHash": "0x71b685dcf050d839804f48208934c8b2f3d711fa9276a426e6dd2b1a0e839958",
      "level": 0,
      "option": 0
    }
  ],
  "txRoles": [
    {
      "role": "deploy",
      "txHash": "0x2b5b426f3f593520e0f071d1ccafef2c416f3b81b6014b19d579ab1d787f8a9b"
    },
    {
      "role": "fund",
      "txHash": "0x259986b30e03e02c82a38b4917e3049311072f13a80c51491b071d958d903d50"
    },
    {
      "role": "claim",
      "txHash": "0x71b685dcf050d839804f48208934c8b2f3d711fa9276a426e6dd2b1a0e839958",
      "level": 0,
      "option": 0
    }
  ],
  "deployTxHash": "0x2b5b426f3f593520e0f071d1ccafef2c416f3b81b6014b19d579ab1d787f8a9b",
  "fundTxHash": "0x259986b30e03e02c82a38b4917e3049311072f13a80c51491b071d958d903d50",
  "claimTxHash": "0x71b685dcf050d839804f48208934c8b2f3d711fa9276a426e6dd2b1a0e839958",
  "txHash": "0x71b685dcf050d839804f48208934c8b2f3d711fa9276a426e6dd2b1a0e839958",
  "tx": "0x71b685dcf050d839804f48208934c8b2f3d711fa9276a426e6dd2b1a0e839958"
}
