ganache v7.9.2 (@ganache/cli: 0.10.2, @ganache/core: 0.10.2)
Starting RPC server

Available Accounts
==================
(0) 0x556574e162C1d8AD6680DeB2c765051Bb77eA39c (1000 ETH)
(1) 0x5622b9e1955E77d75B2676e6D5AC7245e971D8ce (1000 ETH)
(2) 0xdEe541Bb84B2ee022A965e9a4B5802A10d67D8cf (1000 ETH)
(3) 0x7C4fBcAB27364377941184a1253673022F81A282 (1000 ETH)
(4) 0x1445B7a7F45fbdd3f8B25e872a9b2839c608e95C (1000 ETH)
(5) 0x2B6B81580DB055a824462F8f25cb87cBb045496D (1000 ETH)
(6) 0xD0a232da4a39376e22e94E7642Abb6bDE4d079f0 (1000 ETH)
(7) 0x7622A82753333F5A63F42c1a74fcB516fb005A29 (1000 ETH)
(8) 0x9053302121c5116A4C6BE510AF1EfBa6f44f5CE6 (1000 ETH)
(9) 0xcfcdDa49424D1547B5523C39502d893952Ac92a3 (1000 ETH)

Private Keys
==================
(0) 0x35f50a028748d1d1af6b9ac0ec08c32d68e2af26f68b3bfe6ccf5b38fcb6b34b
(1) 0x707a7e19fb8f85a5354ce597f38fc30acb89b6e68104a9256abf75f5770969b6
(2) 0x1760ffbaa724d5c1d8aadb627b3b5803648b378f93abd3f01bb65979af1b3577
(3) 0x3c30e3ba99557be75df8e31b76b1035b86cb92cd3dc185e98b8d0e3fd4b8a578
(4) 0x9aefd69904d1b5351a481fb79688653141f52a20b5ead2c916b7406a7cc8a633
(5) 0x58d60e6190186d570b74e0014f9b0b85e3395a0f5fa8721272f0a8e48c1559e4
(6) 0x1c8e1468e3b4ece1442b5b01cd741465c932085432e770d53b03839d1e2f6698
(7) 0xd7e9b06ee3517c35cf61c27317ad4325ac770af3e263fdda98d08783c62b879a
(8) 0xf010e2d09c5fdfe7bb42b3d5ecadacfc377809f824e6faa0f805a6dc10a2eae7
(9) 0x6ec7be1f6b44d905ae070cf6f08dcba8ec811af3a7f75efa8db034021d371a15

HD Wallet
==================
Mnemonic:      load much involve crucial know wagon moment novel announce cradle claw method
Base HD Path:  m/44'/60'/0'/0/{account_index}

Default Gas Price
==================
2000000000

BlockGas Limit
==================
30000000

Call Gas Limit
==================
50000000

Chain
==================
Hardfork: shanghai
Id:       1337

RPC Listening on 127.0.0.1:8545
web3_clientVersion
eth_blockNumber
net_version
eth_accounts
eth_accounts
eth_blockNumber
net_version
eth_getBlockByNumber
eth_estimateGas
eth_getBlockByNumber
eth_gasPrice
eth_sendTransaction

  Transaction: 0xab91917f444995684f69e38bc53cb851b3ba473bfd0b2e11b7e60cd2dfbb7e16
  Contract created: 0x54403132c37754cc8c2c41c6f8fca25afbf903f0
  Gas usage: 1100987
  Block number: 1
  Block time: Thu May 07 2026 22:17:41 GMT+0700 (Indochina Time)

eth_getTransactionReceipt
eth_getCode
eth_getTransactionReceipt
eth_getBlockByNumber
eth_gasPrice
eth_sendTransaction

  Transaction: 0x48ace4b6176a47581c8d3226b7bbac6970e7582b829aebe7fb9bd282b5330dc3
  Gas usage: 21055
  Block number: 2
  Block time: Thu May 07 2026 22:17:41 GMT+0700 (Indochina Time)

eth_getTransactionReceipt
net_version
eth_getBlockByNumber
eth_estimateGas
eth_getBlockByNumber
eth_gasPrice
eth_sendTransaction

  Transaction: 0xd921300d1836213dd53da2fd1653fe27a5b59b1838a44a3281f67290e36d4f12
  Gas usage: 64620
  Block number: 3
  Block time: Thu May 07 2026 22:17:41 GMT+0700 (Indochina Time)

eth_getTransactionReceipt
eth_blockNumber
eth_getBalance
eth_getTransactionByHash
debug_traceTransaction
eth_getTransactionByHash
debug_traceTransaction
eth_getTransactionByHash
debug_traceTransaction

Received shutdown signal: SIGTERM
Shutting down…
Server has been shut down
