ganache v7.9.2 (@ganache/cli: 0.10.2, @ganache/core: 0.10.2)
Starting RPC server

Available Accounts
==================
(0) 0xD1de672e994c15Af8288B0c9056bEA96b94EDEcC (1000 ETH)
(1) 0xf312Db5157fB2C99a5304D9Bf14c31Ba5922bed9 (1000 ETH)
(2) 0x83005911E65dE22550eEd76022e7D237C10c8089 (1000 ETH)
(3) 0x2555F4FC945bFDE680657b3948183e0e8CAAed8C (1000 ETH)
(4) 0x7F602C586ce2C01ec48122BD40ACb9b74b3C2B6A (1000 ETH)
(5) 0x4e42083723316DC3a031B9F39ea2Fc8fFBC42Db5 (1000 ETH)
(6) 0x4C72887Fe21c55AD2782c3634ac14607209e416f (1000 ETH)
(7) 0x6dbE1A2eb63d3eee0FA092798be38cA5ADc06814 (1000 ETH)
(8) 0x9515C254a5D53094DEdeb9410Df6BB43a9cAC358 (1000 ETH)
(9) 0x9ab55DfE6e63984CD0285ea09a9b318DA2C29d80 (1000 ETH)

Private Keys
==================
(0) 0x41c6c735a1fadd6d68ac1e47725330519d29bb02c4af6e3e46529c918778689d
(1) 0x2f84ff1ed9a493e9faa06ff956601178c1f9b4a383f6cca8a696171695e28dd4
(2) 0x75790c68e383f20e34938a3d221d4d3a5b28a11fc7dcfaef97af7a2176fcc530
(3) 0x00eb7cac7e36d3e24412bbc856df0f6863c0018f8db4c4734bc46c01e0438270
(4) 0x1db5d90e41a43b9c119b73b172ec7c6047d2893fe3775193b0a2c41d70069f1d
(5) 0x1a272013b536c965e21aa74c46b49e6af426ea89c5efe1f160491391dcaa4db5
(6) 0x3ddebcab9921788ef399acffe0236ffba44dec5e9c35386b24879e47c42c5633
(7) 0x3e4c16e491c3018651459ac8457ad8d6cf27f382a9253959b818e36098f5f91f
(8) 0xf063d19a1990e628e051e37618f81bb777e119bffc6a1b964a364124c72d9584
(9) 0x2aa46b1eedf81b5a33e0d0761a7ea217202833201a651122dd6ca00783c3fc7a

HD Wallet
==================
Mnemonic:      learn banner direct middle engine patch half nice winter brown supply update
Base HD Path:  m/44'/60'/0'/0/{account_index}

Default Gas Price
==================
2000000000

BlockGas Limit
==================
30000000

Call Gas Limit
==================
50000000

Chain
==================
Hardfork: shanghai
Id:       1337

RPC Listening on 127.0.0.1:8545
web3_clientVersion
eth_blockNumber
net_version
eth_accounts
eth_accounts
eth_blockNumber
net_version
eth_getBlockByNumber
eth_estimateGas
eth_getBlockByNumber
eth_gasPrice
eth_sendTransaction

  Transaction: 0xd513ebc45998b7c7230ea2ce160ab602af17228557df0e1c009671826f83f393
  Contract created: 0xb4ef7e3107469f6dafc8c2e04114d36114bc1113
  Gas usage: 1631202
  Block number: 1
  Block time: Thu May 07 2026 22:18:10 GMT+0700 (Indochina Time)

eth_getTransactionReceipt
eth_getCode
eth_getTransactionReceipt
eth_getBlockByNumber
eth_gasPrice
eth_sendTransaction

  Transaction: 0xce3ae216acb4364c03e179af81df8b1e59928ffa7d5e84ec0acce0db507a7280
  Gas usage: 21055
  Block number: 2
  Block time: Thu May 07 2026 22:18:10 GMT+0700 (Indochina Time)

eth_getTransactionReceipt
net_version
eth_getBlockByNumber
eth_estimateGas
eth_getBlockByNumber
eth_gasPrice
eth_sendTransaction

  Transaction: 0xc949108a0a2819426c8fe0b67da1485bcb388eb976d2cbc68739b17002c3cc10
  Gas usage: 71641
  Block number: 3
  Block time: Thu May 07 2026 22:18:10 GMT+0700 (Indochina Time)

eth_getTransactionReceipt
eth_blockNumber
eth_getBalance
eth_getTransactionByHash
debug_traceTransaction
eth_getTransactionByHash
debug_traceTransaction
eth_getTransactionByHash
debug_traceTransaction

Received shutdown signal: SIGTERM
Shutting down…
Server has been shut down
