ganache v7.9.2 (@ganache/cli: 0.10.2, @ganache/core: 0.10.2)
Starting RPC server

Available Accounts
==================
(0) 0x89Ecb74b285eBdC1Bc09290882f2DDCe7D1F54A3 (1000 ETH)
(1) 0xD8993b15F901E7d65B4918c21D8152aeE6Eb9C89 (1000 ETH)
(2) 0xa1701bd215c59160aacFF0E4dE1C386DBA00B3c5 (1000 ETH)
(3) 0x844D1Dc2CB425A4Ae167f7db75Aa42C991E496f5 (1000 ETH)
(4) 0xfF812f76F8Dd20f83085bBC01Fa8bE57eed4A63D (1000 ETH)
(5) 0xBa9d4Aa8acFB45Be30F95c6801F14c313857F158 (1000 ETH)
(6) 0x5Dd2D348E5Ef5AdFe4FDb87d0726d8e20ab78339 (1000 ETH)
(7) 0xD983B50De7eB0f3e3Ff8fDF543995E69D8545EDC (1000 ETH)
(8) 0xcfe13eb3Bf8a0528eaB114a05486c531B327235F (1000 ETH)
(9) 0x32713F8d73F9F305d003431e64a490a7A6b079Cd (1000 ETH)

Private Keys
==================
(0) 0x889a832fb07905d0659054ed479e7d88e3a2b4524dfd187f497e4e712a317daf
(1) 0xad0abb986a0249647242d46af2a3fa42fa1b703e5e600c4602f034a7aeec5682
(2) 0x4a01b66cf31af4c51f5b519202ce2e126eaad486831fe718c5080a43e32a34cf
(3) 0x6d7e75e9c73d9d6d460337d9f89ae0610c345393954dc7b77ab0d9e86f937063
(4) 0x94bb9f415ae2fd2653928cb25f832a6f56e50c79d09a111e3d803ec6773d6250
(5) 0x436da80b6f76ce942d73c7ecc1b241820e2973a0821fe38ec74fa09de25b4650
(6) 0xb43ed3a1048bd88a80050ece6d5d60c3ad8e583c2eba49ad33368c62492fe035
(7) 0x280a03e570d950e6a0ccae31c5b889eb7d4aff79dfaa401261e9d81c4f8342e7
(8) 0x70cb6fbed0ddd4b579a12cc9bd750213322e7f57916db2e51461f2cf73ede5a9
(9) 0xff5205392cc46851b62a2ba58aab196523a8e290071236cc8dfb4997e3b78342

HD Wallet
==================
Mnemonic:      adapt wreck innocent balcony recall pottery rice utility actress clown shed useful
Base HD Path:  m/44'/60'/0'/0/{account_index}

Default Gas Price
==================
2000000000

BlockGas Limit
==================
30000000

Call Gas Limit
==================
50000000

Chain
==================
Hardfork: shanghai
Id:       1337

RPC Listening on 127.0.0.1:8545
web3_clientVersion
eth_blockNumber
net_version
eth_accounts
eth_accounts
eth_blockNumber
net_version
eth_getBlockByNumber
eth_estimateGas
eth_getBlockByNumber
eth_gasPrice
eth_sendTransaction

  Transaction: 0xc994abab5852b03557359bcf0b8019c40dd3bc94d8cc101a2ced318b326c47dc
  Contract created: 0xc13eed908307f18b30ca03cd6bd4ffec9933b07e
  Gas usage: 1123887
  Block number: 1
  Block time: Fri May 08 2026 01:22:34 GMT+0700 (Indochina Time)

eth_getTransactionReceipt
eth_getCode
eth_getTransactionReceipt
eth_getBlockByNumber
eth_gasPrice
eth_sendTransaction

  Transaction: 0x14b9ee97077cb6d62dd531dd81eea86248b18085abe43a5eb9e98daefb33e09b
  Gas usage: 21055
  Block number: 2
  Block time: Fri May 08 2026 01:22:34 GMT+0700 (Indochina Time)

eth_getTransactionReceipt
net_version
eth_getBlockByNumber
eth_estimateGas
eth_getBlockByNumber
eth_gasPrice
eth_sendTransaction

  Transaction: 0xd0e70899e73c4907b7b75635cd96b5e0e849c5583eaec846478ec528305cf178
  Gas usage: 68747
  Block number: 3
  Block time: Fri May 08 2026 01:22:34 GMT+0700 (Indochina Time)

eth_getTransactionReceipt
eth_blockNumber
eth_getBalance
eth_getTransactionByHash
debug_traceTransaction
eth_getTransactionByHash
debug_traceTransaction
eth_getTransactionByHash
debug_traceTransaction

Received shutdown signal: SIGTERM
Shutting down…
Server has been shut down
