ganache v7.9.2 (@ganache/cli: 0.10.2, @ganache/core: 0.10.2)
Starting RPC server

Available Accounts
==================
(0) 0xD651C2D87c3BcB2B9Dd9d4245562e84A9eec7fab (1000 ETH)
(1) 0xe11b5D4866032314Db7Ed1b887f21131735B378C (1000 ETH)
(2) 0x2c68D4eAc179Be1c7B94D9dAE36e2Fcf5c7a45F2 (1000 ETH)
(3) 0x12694f1789f91c8031733fC2B5042eF5cF51c119 (1000 ETH)
(4) 0xfee799e3eF9AbF07D354700bB2624D1E33426A7A (1000 ETH)
(5) 0x63cc1f20486BD8763A139019175a4Cd8683bD46c (1000 ETH)
(6) 0xAe552c4dAf5FD3DD50bc668A957ab4C23eec0CDc (1000 ETH)
(7) 0x6be44b2CA3C296EDa5F71f67a1d01908edf8c160 (1000 ETH)
(8) 0xE8b2f0732835Bcc95565d0a744c900305AD9b7B4 (1000 ETH)
(9) 0x99BF65b9C0969cDa913F0d58B842B8035c14539C (1000 ETH)

Private Keys
==================
(0) 0x1fa904274d9fa888789b05f1a2b5ea8cd499f180830e208210d6eff0f4d0ba50
(1) 0x88de08518a8314a611f2364520f58d0e88c41259e2d2f7c0bad290020677af99
(2) 0xa1a44496ca39f32510d2ba6c606d1524a127b4d3f6fbd2ec19170d2d8f5021e2
(3) 0x0841000792cdc160c4c3f856e0681d2e196ebb17e059e55a13edc6ddbfbe1969
(4) 0x5fdf31d046df585e73334ac1203781fe45fc9c2a10a21924edca7fb55703fa61
(5) 0xb892e57d47c47f17c5d9a1b8baf1a568b36eb32ebdbed52b3a6a687bedff8e6f
(6) 0xfafb17298659f4634233160bfb68c8166a5628c343d4370dbb18611ab04bb831
(7) 0x5d66bd6917a06e56989f2cd01b534d0a27534d6d4884acba878af8b55df152f3
(8) 0x9f93b8e8c44dffdb79b9f75b94677dc7d036df0d3b4b305d9b62d7f2e7ccd961
(9) 0x0cb1d4d9d75cc34c6f8914989b121f24bb0cd2dd8a4d7b106bef1ab6c6d86a23

HD Wallet
==================
Mnemonic:      abstract melody predict theory fuel tobacco name embody empty record excuse unit
Base HD Path:  m/44'/60'/0'/0/{account_index}

Default Gas Price
==================
2000000000

BlockGas Limit
==================
30000000

Call Gas Limit
==================
50000000

Chain
==================
Hardfork: shanghai
Id:       1337

RPC Listening on 127.0.0.1:8545
web3_clientVersion
eth_blockNumber
net_version
eth_accounts
eth_accounts
eth_blockNumber
net_version
eth_getBlockByNumber
eth_estimateGas
eth_getBlockByNumber
eth_gasPrice
eth_sendTransaction

  Transaction: 0xd240f248b9b175660fbc9993539a1b4d2a5f5d0e20a8dbae82e9762b1eaa277f
  Contract created: 0xe45ad005afabdbd437b0aee99fde4ca38bbe8f98
  Gas usage: 1100975
  Block number: 1
  Block time: Fri May 08 2026 03:22:01 GMT+0700 (Indochina Time)

eth_getTransactionReceipt
eth_getCode
eth_getTransactionReceipt
eth_getBlockByNumber
eth_gasPrice
eth_sendTransaction

  Transaction: 0x42dfea8617096dc4fe3b7c31584174c80285bce96fee1f7065c08a75aa8397f5
  Gas usage: 21055
  Block number: 2
  Block time: Fri May 08 2026 03:22:01 GMT+0700 (Indochina Time)

eth_getTransactionReceipt
eth_blockNumber
evm_mine
eth_blockNumber
evm_mine
eth_blockNumber
evm_mine
eth_blockNumber
evm_mine
eth_blockNumber
net_version
eth_getBlockByNumber
eth_estimateGas
eth_getBlockByNumber
eth_gasPrice
eth_sendTransaction

  Transaction: 0xce943540bf41622609c8ed2cd389200026fa9e135d42656cde7898e40f222e48
  Gas usage: 59561
  Block number: 7
  Block time: Fri May 08 2026 03:22:01 GMT+0700 (Indochina Time)

eth_getTransactionReceipt
eth_blockNumber
eth_getBalance
eth_getTransactionByHash
debug_traceTransaction
eth_getTransactionByHash
debug_traceTransaction
eth_getTransactionByHash
debug_traceTransaction

Received shutdown signal: SIGTERM
Shutting down…
Server has been shut down
