ganache v7.9.2 (@ganache/cli: 0.10.2, @ganache/core: 0.10.2)
Starting RPC server

Available Accounts
==================
(0) 0x48038F28f6D22E7535BbF0395F30bd39bAe96877 (1000 ETH)
(1) 0xD428e8d8BD7C1B32b14122b8F8626eE68254db43 (1000 ETH)
(2) 0xD30ecC4E847E2fd7513479d23C3E534Cd912450E (1000 ETH)
(3) 0x751Dc3A49b5fa476A524A005004b22443AD69cBf (1000 ETH)
(4) 0x7B05d335eE30c88bAc5df295d867F30eaa234F47 (1000 ETH)
(5) 0xf8e62034De2Db359657C75Fabf91Dfb1a53B1129 (1000 ETH)
(6) 0xfBc572eda79607171e1eE0f34bD5dFE91eba62a5 (1000 ETH)
(7) 0x16e81f09294E53998972a1e33d0bf9f95Def7721 (1000 ETH)
(8) 0xcc36D873acf794038822Ebc18fF50A3F1a1c5c0f (1000 ETH)
(9) 0x27aaEbbBD41481Dd54Ad77765Bb38f1Ec7615Ea8 (1000 ETH)

Private Keys
==================
(0) 0xfb1a30fc79f48d4d5b7f6e34f22fa410b2dc859896a37a0ea2ac46a4d163c69d
(1) 0x2310bfea9aec9d79108eceed05afc9d5a71fc133cf3a94e912703f62add54960
(2) 0x0d640f60755a58ce9900883f419beba0c43712496fc62a261b7945bdf1a47ff6
(3) 0xd9117de450b37a4f417f9cfd492ae44eb64fc6c146d960e10bb2a6c361b90120
(4) 0x04c2e4d640850d39cf57e15dc42ef17dff2d942290cc32b962fa128eaf8e3b89
(5) 0x496a71fb21a9a23ff11b20d14757b701156ce250e1e0149e79924f763352b72d
(6) 0xb2299380c9f64960c366e9d47fbfd669b463bd1af0212bc6a9c24dcb3c0b724e
(7) 0x2662ab35e71665e2c8a822b35e6cf76f49e351c9d46e971fd97e84b423d53984
(8) 0xccaaebb9a3730319f07b981ca2586562f589f461d8a02d1b6b762f7f136a3d00
(9) 0xb81e7921dfd77e5ed291a55f1e75ed5a73b658b3e3f785130c13a268fb1a6d85

HD Wallet
==================
Mnemonic:      dilemma switch world simple flame access wish later daughter lecture sea net
Base HD Path:  m/44'/60'/0'/0/{account_index}

Default Gas Price
==================
2000000000

BlockGas Limit
==================
30000000

Call Gas Limit
==================
50000000

Chain
==================
Hardfork: shanghai
Id:       1337

RPC Listening on 127.0.0.1:8545
web3_clientVersion
eth_blockNumber
net_version
eth_accounts
eth_accounts
eth_blockNumber
net_version
eth_getBlockByNumber
eth_estimateGas
eth_getBlockByNumber
eth_gasPrice
eth_sendTransaction

  Transaction: 0x393871895096b3199e4d33da027e4708a8122f9babde1c569edb3cfeebe8c7d7
  Contract created: 0x433af2112c26fec1cfe0338f489585a263e1ceda
  Gas usage: 1100987
  Block number: 1
  Block time: Fri May 08 2026 01:43:19 GMT+0700 (Indochina Time)

eth_getTransactionReceipt
eth_getCode
eth_getTransactionReceipt
eth_getBlockByNumber
eth_gasPrice
eth_sendTransaction

  Transaction: 0x56af1d99f0ae728e418912927fe1f5436b3cca9078e47f6379b1b1aa5ab482f0
  Gas usage: 21055
  Block number: 2
  Block time: Fri May 08 2026 01:43:19 GMT+0700 (Indochina Time)

eth_getTransactionReceipt
eth_blockNumber
evm_mine
eth_blockNumber
evm_mine
eth_blockNumber
evm_mine
eth_blockNumber
evm_mine
eth_blockNumber
net_version
eth_getBlockByNumber
eth_estimateGas
eth_getBlockByNumber
eth_gasPrice
eth_sendTransaction

  Transaction: 0x4b167f2d815130558be8a5856f5a6b5c50ebc0d2631b54b00265691763e60c66
  Gas usage: 59561
  Block number: 7
  Block time: Fri May 08 2026 01:43:19 GMT+0700 (Indochina Time)

eth_getTransactionReceipt
eth_blockNumber
eth_getBalance
eth_getTransactionByHash
debug_traceTransaction
eth_getTransactionByHash
debug_traceTransaction
eth_getTransactionByHash
debug_traceTransaction

Received shutdown signal: SIGTERM
Shutting down…
Server has been shut down
