Using network 'development'.

{
  "ok": true,
  "graph_id": "",
  "pair": "C->B|evm|fund:cb",
  "pairKey": "C->B|evm|fund:cb",
  "contract": "CTLCOnly",
  "scenario": "refund",
  "deployGas": "0x11d93b",
  "gasUsed": "59561",
  "disableGasUsed": "0",
  "claimGasUsed": "",
  "refundGasUsed": "59561",
  "contractAddress": "0xCb5d912998604fA82ec5728d0D42520C0CdbF24c",
  "startBlock": "0",
  "endBlock": "10",
  "finalContractBalanceWei": "0",
  "deployer": "0xeBd30ab3c99C33aff4b64791D8aa4325f806f3B6",
  "party": "0x4268313ED08724D63003ca80652e7ec449B0eE43",
  "counterparty": "0x5ABd1b63fC84dad85E54013DBa10D35Aa1c3D490",
  "fundingWei": "1000000000000000000",
  "timelocks": [
    9
  ],
  "transactions": [
    {
      "role": "deploy",
      "txHash": "0x2e4705feb435d1832a4a3be9c363dc50964503fb66fa69adca94fecbceed09dc"
    },
    {
      "role": "fund",
      "txHash": "0x175bef3b0a037bf03774da37560b92482e3b75bee1222dc0ce5adee46a397ad1"
    },
    {
      "role": "refund",
      "txHash": "0xe2027d587867916004dd721d359bf304389be7b831923cd0030d6f875b7d2fb6",
      "level": 0
    }
  ],
  "txRoles": [
    {
      "role": "deploy",
      "txHash": "0x2e4705feb435d1832a4a3be9c363dc50964503fb66fa69adca94fecbceed09dc"
    },
    {
      "role": "fund",
      "txHash": "0x175bef3b0a037bf03774da37560b92482e3b75bee1222dc0ce5adee46a397ad1"
    },
    {
      "role": "refund",
      "txHash": "0xe2027d587867916004dd721d359bf304389be7b831923cd0030d6f875b7d2fb6",
      "level": 0
    }
  ],
  "deployTxHash": "0x2e4705feb435d1832a4a3be9c363dc50964503fb66fa69adca94fecbceed09dc",
  "fundTxHash": "0x175bef3b0a037bf03774da37560b92482e3b75bee1222dc0ce5adee46a397ad1",
  "refundTxHash": "0xe2027d587867916004dd721d359bf304389be7b831923cd0030d6f875b7d2fb6",
  "refundTx": "0xe2027d587867916004dd721d359bf304389be7b831923cd0030d6f875b7d2fb6"
}
