Using network 'development'.

{
  "ok": true,
  "graph_id": "",
  "pair": "B->A|evm|fund:ba",
  "pairKey": "B->A|evm|fund:ba",
  "contract": "CTLCMultipleEdges",
  "scenario": "refund",
  "deployGas": "0x123682",
  "gasUsed": "59539",
  "disableGasUsed": "0",
  "claimGasUsed": "",
  "refundGasUsed": "59539",
  "contractAddress": "0x46C1d4c391E9f46e74830d53436A2e642EC6947C",
  "startBlock": "0",
  "endBlock": "7",
  "finalContractBalanceWei": "0",
  "deployer": "0xeBF7ecd980cF32d683C340C2DE4483CA956CdCe6",
  "party": "0xA240CbfdAf4D9af54e7384a1b0AE6Ac9cDB5CAe4",
  "counterparty": "0x7520c8491F6e26dcC939A95A308d00D8f1D95f56",
  "fundingWei": "1000000000000000000",
  "timelocks": [
    6
  ],
  "transactions": [
    {
      "role": "deploy",
      "txHash": "0x6e185ad4242f3cb4a98fd536a60b20ddc8554f7ae05cd34a18677df9e949d2a5"
    },
    {
      "role": "fund",
      "txHash": "0x14081ab903256ca8d8269b933ce2bbb0f8111255785958cdb4c1378a7f7fb8d0"
    },
    {
      "role": "refund",
      "txHash": "0xcf597bab2202427d6f8b53c71ad1c0dc569bc925c8c732462d40dd490f21fe23",
      "level": 0
    }
  ],
  "txRoles": [
    {
      "role": "deploy",
      "txHash": "0x6e185ad4242f3cb4a98fd536a60b20ddc8554f7ae05cd34a18677df9e949d2a5"
    },
    {
      "role": "fund",
      "txHash": "0x14081ab903256ca8d8269b933ce2bbb0f8111255785958cdb4c1378a7f7fb8d0"
    },
    {
      "role": "refund",
      "txHash": "0xcf597bab2202427d6f8b53c71ad1c0dc569bc925c8c732462d40dd490f21fe23",
      "level": 0
    }
  ],
  "deployTxHash": "0x6e185ad4242f3cb4a98fd536a60b20ddc8554f7ae05cd34a18677df9e949d2a5",
  "fundTxHash": "0x14081ab903256ca8d8269b933ce2bbb0f8111255785958cdb4c1378a7f7fb8d0",
  "refundTxHash": "0xcf597bab2202427d6f8b53c71ad1c0dc569bc925c8c732462d40dd490f21fe23",
  "refundTx": "0xcf597bab2202427d6f8b53c71ad1c0dc569bc925c8c732462d40dd490f21fe23"
}
