COMMAND: python3 experiments/scale_trace/scripts/trace_result_json.py /home/aothuatgiadp/blockchain/project/CTLC-Implementation/experiments/scale_trace/runs/random_v1_210/D-_F_evm_fund_df_CTLCOnly_best_claim/result.json /home/aothuatgiadp/blockchain/project/CTLC-Implementation/experiments/scale_trace/runs/random_v1_210/D-_F_evm_fund_df_CTLCOnly_best_claim/trace.json
STATUS: 0

STDOUT:
{
  "graph_id": "",
  "pair": "D->F|evm|fund:df",
  "contract": "CTLCOnly",
  "scenario": "best_claim",
  "contractAddress": "0x3cCE8C8030ebcb2Cdd1EfF67c7f536d86176589E",
  "traces": {
    "deploy": {
      "tx_hash": "0x782f3b62c428037a5292693466ca70bbae424c3df82e1eabf786e6ad365e4c74",
      "actual_calldata_bytes": 7123,
      "actual_sstore_count": 9,
      "actual_call_count": 0,
      "opcode_steps": 1374
    },
    "fund": {
      "tx_hash": "0xc442fa5b46a284b53bd1a1cff8badf0e956bf379eaf79ea5e2129ab54292a912",
      "actual_calldata_bytes": 0,
      "actual_sstore_count": 0,
      "actual_call_count": 0,
      "opcode_steps": 13
    },
    "claim_level0": {
      "tx_hash": "0x0ec0407c227d0a4bb5d687e186238847f0e4b919eccf7f1df3d29d3e1b0d465c",
      "actual_calldata_bytes": 292,
      "actual_sstore_count": 1,
      "actual_call_count": 1,
      "opcode_steps": 1134
    }
  }
}


STDERR:

