ganache v7.9.2 (@ganache/cli: 0.10.2, @ganache/core: 0.10.2)
Starting RPC server

Available Accounts
==================
(0) 0x3455818988d37b94177e2D149fA1d5904aEB56B2 (1000 ETH)
(1) 0x215ABE394d42E6A89b0F9Eb3dFE2F2B4E7b1E2C0 (1000 ETH)
(2) 0x2D50FBE20b962038389EE2468A8e2edc424e5CA7 (1000 ETH)
(3) 0x89fC3EBdE24Ab7f23C7630a2504C3ceEae7383ED (1000 ETH)
(4) 0xFdbdD5dab4f29C1F0aa94C95F146E3D417a98180 (1000 ETH)
(5) 0x8A15fbD3a7a08D9440A7caec30872096401EfAab (1000 ETH)
(6) 0x5Ec429F2120f49055A4cb92eD15A4eA26bbFeB00 (1000 ETH)
(7) 0xe9cCEfEc48a01cE1073Ad67E32c0c6f0a9B1b269 (1000 ETH)
(8) 0x66e77B4ea78962B023e1a6947DeDbF8aabD9e71d (1000 ETH)
(9) 0x5e18f3A54112CBEae238146f33DB8f50BA52523c (1000 ETH)

Private Keys
==================
(0) 0x5a833cbe76809edaf40e114cb517e1782d97137cab76926cbce725ee64ba4d67
(1) 0x462eca3dbac30fe3eb06ade21ffd96d70cd48d7d8a66319fad4c3e571c293df4
(2) 0x693ce863e151a731968ed2616db55673b62b97648666a02201b641395fcc55d7
(3) 0xd3acc031b3934b65f930639b6da85f8a9ab2ca70ec589d16a1463bf3b4711e62
(4) 0x4a7fb81618b49c83580dc88d386f0aaa4c13b4324e845da659349051cbfde741
(5) 0x7875287e6ab302b1e81ac597add02479d9aa56c4e8880dc87a005e3b5ecc9997
(6) 0x52f1b3e4e69d329fdcbc6bd1fb31b126ef597a3fbf7e7cf871c0ea0f16704467
(7) 0x34386f9d4dc876d799659ddf71d237731cab7aa4e1b6c31029418d564d5f363a
(8) 0xbfcba82100d5f6615ac56606aacd005c0e7d5798e2884c4ebf4b4f7b04497f1d
(9) 0xe48039d9d5865d45cad4294b31defc1a2360e0195c07774e15523d585927b005

HD Wallet
==================
Mnemonic:      garment air owner ensure join depth mass pool prosper phrase suit lounge
Base HD Path:  m/44'/60'/0'/0/{account_index}

Default Gas Price
==================
2000000000

BlockGas Limit
==================
30000000

Call Gas Limit
==================
50000000

Chain
==================
Hardfork: shanghai
Id:       1337

RPC Listening on 127.0.0.1:8545
web3_clientVersion
eth_blockNumber
net_version
eth_accounts
eth_accounts
eth_blockNumber
net_version
eth_getBlockByNumber
eth_estimateGas
eth_getBlockByNumber
eth_gasPrice
eth_sendTransaction

  Transaction: 0xa46e7975130e88c17921509993b49f9568c8306c48710c739ed1585998cbb9b0
  Contract created: 0xad265a6370ccaefcf0adc36ad6412fac1ae5eba4
  Gas usage: 1239462
  Block number: 1
  Block time: Thu May 07 2026 21:13:29 GMT+0700 (Indochina Time)

eth_getTransactionReceipt
eth_getCode
eth_getTransactionReceipt
eth_getBlockByNumber
eth_gasPrice
eth_sendTransaction

  Transaction: 0x9c50facdde4953f4f8f18d7cd8e300be777ad7c4302cb6e935a9522b91a5a985
  Gas usage: 21055
  Block number: 2
  Block time: Thu May 07 2026 21:13:29 GMT+0700 (Indochina Time)

eth_getTransactionReceipt
net_version
eth_getBlockByNumber
eth_estimateGas
eth_getBlockByNumber
eth_gasPrice
eth_sendTransaction

  Transaction: 0x3c3c676c5f094f6e959e571c082d87ee6ba9c387676de4acf41b1040cec44e8a
  Gas usage: 71641
  Block number: 3
  Block time: Thu May 07 2026 21:13:29 GMT+0700 (Indochina Time)

eth_getTransactionReceipt
eth_blockNumber
eth_getBalance
eth_getTransactionByHash
debug_traceTransaction
eth_getTransactionByHash
debug_traceTransaction
eth_getTransactionByHash
debug_traceTransaction

Received shutdown signal: SIGTERM
Shutting down…
Server has been shut down
