ganache v7.9.2 (@ganache/cli: 0.10.2, @ganache/core: 0.10.2)
Starting RPC server

Available Accounts
==================
(0) 0x4941Ef9f81AC9D8eF6F16CD93df0db9069885911 (1000 ETH)
(1) 0x03Ab006417dc0b0b133c141E297bAABf9B143Ad0 (1000 ETH)
(2) 0xC1C220730cfb2846B0a3289735fF480020D4dEfC (1000 ETH)
(3) 0x6e7BE71ace086a23De6F5DBD325746a42CB75939 (1000 ETH)
(4) 0x7c85B547F9a2d04fE8f35B1c0cFD34d04f76F512 (1000 ETH)
(5) 0x542968C5d644830fb8c99314aBA92eEbD664e34d (1000 ETH)
(6) 0x3800108bd2b32cA1DCaE443Ea61e5D4C8FE125e1 (1000 ETH)
(7) 0x2084065F9ED7dAa7F2BE538D9dEC910C478870d6 (1000 ETH)
(8) 0x1E9971A05C69e61ab646bb70421946C700A91da2 (1000 ETH)
(9) 0x0860C7B8Ed407c52DA59C62F3C6397c54E0943b3 (1000 ETH)

Private Keys
==================
(0) 0xbe0f03c8793d83807fb74e0701a9c1fb161a08c3dfce7390e2095ea2311c7d6a
(1) 0x0d5fff3d2bbe8b6f8aa4541850403cccd33a7fce42f568845cdb6cb239869e39
(2) 0xd5645748fc5325f15429419e4bcdd7f4e326e38901f3bb2bfd423ef0a80e55db
(3) 0xc20da9ae0a0686aa2f33f996ad76bc3d5476c53d74763acf6184ebc3e7b093df
(4) 0x10267fc46d58103687c5faa58a728e244680c31c81377b9554d45a96eac5c3c2
(5) 0x9f2b8fac992ec233638e9a876e3e0377eeeb6fa9605f3b7cf0b33d361598dd33
(6) 0xf5f47402ccc0ba2c341f07890de54d0a391bb0229a4ad69b824c1e58699bab8d
(7) 0xf87a9f83508357512f9ee2ec64147eef3b01e75a49d9770226901459e3534b1a
(8) 0x966822dcf59fcf665b3e5e9edddf001016d9a02be57f72eadd2ec353f53c0887
(9) 0x684be9c77b413d2d2e153c872f571684a64a19891df3692588eec41586c28de4

HD Wallet
==================
Mnemonic:      negative model slogan depth guess world scissors aisle plunge coach lion remain
Base HD Path:  m/44'/60'/0'/0/{account_index}

Default Gas Price
==================
2000000000

BlockGas Limit
==================
30000000

Call Gas Limit
==================
50000000

Chain
==================
Hardfork: shanghai
Id:       1337

RPC Listening on 127.0.0.1:8545
web3_clientVersion
eth_blockNumber
net_version
eth_accounts
eth_accounts
eth_blockNumber
net_version
eth_getBlockByNumber
eth_estimateGas
eth_getBlockByNumber
eth_gasPrice
eth_sendTransaction

  Transaction: 0xce6004b9ca2137b992c9cc4d2c8a6a748bef680a1cce8a10e525e5fd8b971950
  Contract created: 0xb64f39161793698f3eb64e497b9370f2211c6480
  Gas usage: 1100975
  Block number: 1
  Block time: Fri May 08 2026 01:02:34 GMT+0700 (Indochina Time)

eth_getTransactionReceipt
eth_getCode
eth_getTransactionReceipt
eth_getBlockByNumber
eth_gasPrice
eth_sendTransaction

  Transaction: 0xb020e559b652c999b4a390bac7da487b901dcd4bafe83920ba6cddf9eeea83ad
  Gas usage: 21055
  Block number: 2
  Block time: Fri May 08 2026 01:02:34 GMT+0700 (Indochina Time)

eth_getTransactionReceipt
eth_blockNumber
evm_mine
eth_blockNumber
evm_mine
eth_blockNumber
evm_mine
eth_blockNumber
evm_mine
eth_blockNumber
net_version
eth_getBlockByNumber
eth_estimateGas
eth_getBlockByNumber
eth_gasPrice
eth_sendTransaction

  Transaction: 0x186ecbb8c50d133fe05d4925a89e055cc73e9c81b7cb68ac2e197744209efaf4
  Gas usage: 59561
  Block number: 7
  Block time: Fri May 08 2026 01:02:34 GMT+0700 (Indochina Time)

eth_getTransactionReceipt
eth_blockNumber
eth_getBalance
eth_getTransactionByHash
debug_traceTransaction
eth_getTransactionByHash
debug_traceTransaction
eth_getTransactionByHash
debug_traceTransaction

Received shutdown signal: SIGTERM
Shutting down…
Server has been shut down
