COMMAND: python3 experiments/scale_trace/scripts/trace_result_json.py /home/aothuatgiadp/blockchain/project/CTLC-Implementation/experiments/scale_trace/runs/random_v1_114/D-_E_evm_fund_de_CTLCMultipleEdges_refund/result.json /home/aothuatgiadp/blockchain/project/CTLC-Implementation/experiments/scale_trace/runs/random_v1_114/D-_E_evm_fund_de_CTLCMultipleEdges_refund/trace.json
STATUS: 0

STDOUT:
{
  "graph_id": "",
  "pair": "D->E|evm|fund:de",
  "contract": "CTLCMultipleEdges",
  "scenario": "refund",
  "contractAddress": "0x2D6f54A2eE066F50DE334413D87EA7a1070BeDcB",
  "traces": {
    "deploy": {
      "tx_hash": "0xf2d301a47e81a470ef8f46e897402f99e2cb7479c5fc875154c87197cd8aeaf4",
      "actual_calldata_bytes": 7945,
      "actual_sstore_count": 17,
      "actual_call_count": 0,
      "opcode_steps": 2512
    },
    "fund": {
      "tx_hash": "0x51e4bc5d6013615087e6882fc11c49a09c49aec190270911928ed9f329235a6c",
      "actual_calldata_bytes": 0,
      "actual_sstore_count": 0,
      "actual_call_count": 0,
      "opcode_steps": 13
    },
    "refund_level0": {
      "tx_hash": "0x403c1093cc48b29fda1644ff703e666fbc30f967b02e32a265c979b0d114ffa8",
      "actual_calldata_bytes": 4,
      "actual_sstore_count": 1,
      "actual_call_count": 1,
      "opcode_steps": 224
    }
  }
}


STDERR:

