Using network 'development'.

{
  "ok": true,
  "graph_id": "",
  "pair": "C->D|evm|fund:cd",
  "pairKey": "C->D|evm|fund:cd",
  "contract": "CTLCOnly",
  "scenario": "worst_claim",
  "deployGas": "0x11263b",
  "gasUsed": "68747",
  "disableGasUsed": "0",
  "claimGasUsed": "68747",
  "refundGasUsed": "",
  "contractAddress": "0x0A763054232860E90B3B29F9009901F5D66Eaf4d",
  "startBlock": "0",
  "endBlock": "3",
  "finalContractBalanceWei": "0",
  "deployer": "0xE17C1340e38DB51E53926107f00C476b3457fd54",
  "party": "0xEc7916855060792240CDb774f11AEd74fFf9BaE8",
  "counterparty": "0x6A73c3a06fa00EAB23321FDDff9cD95d59E122D2",
  "fundingWei": "1000000000000000000",
  "timelocks": [
    7
  ],
  "transactions": [
    {
      "role": "deploy",
      "txHash": "0xca6d54fcb72340019e891256aa20fc4c0ba5c64458c7237c0f21d0f8f1282ac2"
    },
    {
      "role": "fund",
      "txHash": "0x409fb08009347b6f45fc5f5d6e93ddfdaa581ea67ae8fe2e3bc7fa109aee1afe"
    },
    {
      "role": "claim",
      "txHash": "0x179cb81befa184950d2579e1d0bab9e1d3b3dfd456bb5b3a57aa4d265a928200",
      "level": 0,
      "option": 0
    }
  ],
  "txRoles": [
    {
      "role": "deploy",
      "txHash": "0xca6d54fcb72340019e891256aa20fc4c0ba5c64458c7237c0f21d0f8f1282ac2"
    },
    {
      "role": "fund",
      "txHash": "0x409fb08009347b6f45fc5f5d6e93ddfdaa581ea67ae8fe2e3bc7fa109aee1afe"
    },
    {
      "role": "claim",
      "txHash": "0x179cb81befa184950d2579e1d0bab9e1d3b3dfd456bb5b3a57aa4d265a928200",
      "level": 0,
      "option": 0
    }
  ],
  "deployTxHash": "0xca6d54fcb72340019e891256aa20fc4c0ba5c64458c7237c0f21d0f8f1282ac2",
  "fundTxHash": "0x409fb08009347b6f45fc5f5d6e93ddfdaa581ea67ae8fe2e3bc7fa109aee1afe",
  "claimTxHash": "0x179cb81befa184950d2579e1d0bab9e1d3b3dfd456bb5b3a57aa4d265a928200",
  "txHash": "0x179cb81befa184950d2579e1d0bab9e1d3b3dfd456bb5b3a57aa4d265a928200",
  "tx": "0x179cb81befa184950d2579e1d0bab9e1d3b3dfd456bb5b3a57aa4d265a928200"
}
