COMMAND: python3 experiments/scale_trace/scripts/trace_result_json.py /home/aothuatgiadp/blockchain/project/CTLC-Implementation/experiments/scale_trace/runs/random_v1_80/C-_D_evm_fund_cd_CTLCMultipleEdges_best_claim/result.json /home/aothuatgiadp/blockchain/project/CTLC-Implementation/experiments/scale_trace/runs/random_v1_80/C-_D_evm_fund_cd_CTLCMultipleEdges_best_claim/trace.json
STATUS: 0

STDOUT:
{
  "graph_id": "",
  "pair": "C->D|evm|fund:cd",
  "contract": "CTLCMultipleEdges",
  "scenario": "best_claim",
  "contractAddress": "0xC3efACcf23f142c119399067d87f70Fc8158D593",
  "traces": {
    "deploy": {
      "tx_hash": "0x9147ed25a08fec671fe7869df923d2ef46f9d2ca2d334ed775b3fd9f766c257f",
      "actual_calldata_bytes": 7881,
      "actual_sstore_count": 15,
      "actual_call_count": 0,
      "opcode_steps": 2336
    },
    "fund": {
      "tx_hash": "0xa04eee316e4da0b9463739c09b540e1144dbe08e8c75e5464b75b1aba6380abc",
      "actual_calldata_bytes": 0,
      "actual_sstore_count": 0,
      "actual_call_count": 0,
      "opcode_steps": 13
    },
    "claim_level0": {
      "tx_hash": "0xcebcab7c06e4b0ae41b6ddef069da2386dbd2a8b42923106634836aaf3498375",
      "actual_calldata_bytes": 420,
      "actual_sstore_count": 1,
      "actual_call_count": 1,
      "opcode_steps": 1597
    }
  }
}


STDERR:

