Using network 'development'.

{
  "ok": true,
  "graph_id": "",
  "pair": "D->E|evm|fund:de",
  "pairKey": "D->E|evm|fund:de",
  "contract": "CTLCMultipleEdges",
  "scenario": "refund",
  "deployGas": "0x139c9a",
  "gasUsed": "59539",
  "disableGasUsed": "0",
  "claimGasUsed": "",
  "refundGasUsed": "59539",
  "contractAddress": "0xA6Fb7654629e18e07A7a0058Cf7E36912C0e1C7A",
  "startBlock": "0",
  "endBlock": "9",
  "finalContractBalanceWei": "0",
  "deployer": "0xDC3a453a8635a51254A76A63C5A83D67999E4c0f",
  "party": "0x9584AE6FF4BFce8954C8564bf386C8702a3f852D",
  "counterparty": "0x26E478bFEd2EB9eB9b277eFF8A5c474E71aAf9C2",
  "fundingWei": "1000000000000000000",
  "timelocks": [
    8
  ],
  "transactions": [
    {
      "role": "deploy",
      "txHash": "0xb3ae16cd67f2b91312f0a1a97409a9a37c8cde7ecc38b53db27879dfa30e2777"
    },
    {
      "role": "fund",
      "txHash": "0xa1c6e4604aa44413d4636235c5c272ec07ae4e4dbe0335c893747a431971fd0c"
    },
    {
      "role": "refund",
      "txHash": "0xafa59920012a93a2433d52eb6b976d57ca6088506cf8591e9b44d931024d1356",
      "level": 0
    }
  ],
  "txRoles": [
    {
      "role": "deploy",
      "txHash": "0xb3ae16cd67f2b91312f0a1a97409a9a37c8cde7ecc38b53db27879dfa30e2777"
    },
    {
      "role": "fund",
      "txHash": "0xa1c6e4604aa44413d4636235c5c272ec07ae4e4dbe0335c893747a431971fd0c"
    },
    {
      "role": "refund",
      "txHash": "0xafa59920012a93a2433d52eb6b976d57ca6088506cf8591e9b44d931024d1356",
      "level": 0
    }
  ],
  "deployTxHash": "0xb3ae16cd67f2b91312f0a1a97409a9a37c8cde7ecc38b53db27879dfa30e2777",
  "fundTxHash": "0xa1c6e4604aa44413d4636235c5c272ec07ae4e4dbe0335c893747a431971fd0c",
  "refundTxHash": "0xafa59920012a93a2433d52eb6b976d57ca6088506cf8591e9b44d931024d1356",
  "refundTx": "0xafa59920012a93a2433d52eb6b976d57ca6088506cf8591e9b44d931024d1356"
}
