COMMAND: python3 experiments/scale_trace/scripts/trace_result_json.py /home/aothuatgiadp/blockchain/project/CTLC-Implementation/experiments/scale_trace/runs/random_v1_236/F-_G_evm_fund_fg_CTLCOnly_worst_claim/result.json /home/aothuatgiadp/blockchain/project/CTLC-Implementation/experiments/scale_trace/runs/random_v1_236/F-_G_evm_fund_fg_CTLCOnly_worst_claim/trace.json
STATUS: 0

STDOUT:
{
  "graph_id": "",
  "pair": "F->G|evm|fund:fg",
  "contract": "CTLCOnly",
  "scenario": "worst_claim",
  "contractAddress": "0xA5a26e320Ff0dA8bE2942EA627874bd3b354Ab54",
  "traces": {
    "deploy": {
      "tx_hash": "0xbc9773ab082f078356da7901bcbd6371d0be0c5e25376daf3d3bbfc19cd0e88c",
      "actual_calldata_bytes": 7123,
      "actual_sstore_count": 9,
      "actual_call_count": 0,
      "opcode_steps": 1374
    },
    "fund": {
      "tx_hash": "0x0ba621f5974796132c78bf990766120f730452fe6cf67017ea929829f5ec5b46",
      "actual_calldata_bytes": 0,
      "actual_sstore_count": 0,
      "actual_call_count": 0,
      "opcode_steps": 13
    },
    "claim_level0": {
      "tx_hash": "0x0bdea180098a962f365cf10a8edf1883194e8ce97b633ad9f6275b690d9976c6",
      "actual_calldata_bytes": 292,
      "actual_sstore_count": 1,
      "actual_call_count": 1,
      "opcode_steps": 1134
    }
  }
}


STDERR:

