ganache v7.9.2 (@ganache/cli: 0.10.2, @ganache/core: 0.10.2)
Starting RPC server
web3_clientVersion

Available Accounts
==================
(0) 0x26F33bBbB36e4057c728735f9D25568016fd64ce (1000 ETH)
(1) 0xc7E792E2993aE2640bb2391e56d7e4Cb010951bd (1000 ETH)
(2) 0xcBe2e799B20eb639bC08c1941F89a4256a196831 (1000 ETH)
(3) 0x1E776a044647bbAEB3C567F597d0DEb8bCec1b68 (1000 ETH)
(4) 0x2c396e24a5F0Bd81C0d2D70d8c2cDDb2C16c4671 (1000 ETH)
(5) 0x84c80Fd097126848cA6CE878F2D40B7047523BeA (1000 ETH)
(6) 0x9aB7b99AA883A13E367ddcC3af6b7Afb9aB595a8 (1000 ETH)
(7) 0x2d8b773779Acf20ad92FCcB4afE39Ce00cd0BE65 (1000 ETH)
(8) 0x7Ffae919122D61332Bf23E61205c44B7dF07Df73 (1000 ETH)
(9) 0x041FE6E631645D99F733a780651F0d569Ac92642 (1000 ETH)

Private Keys
==================
(0) 0xad1fceaaa9f7ea91685e0ab5ddce4471d7ff90f6a889054d97e573b9027f45d5
(1) 0xe2f090cf0d9180e7e8a4645a92e1f0c21b7e4fc4c8ded96013666470fb39f1e7
(2) 0x332084588f37339b1cdf1a365b86d7b8a7c82190ddd714582fd39108473d9502
(3) 0x5352aaa0a12cb9dae1aeff729decbb8c26c26db7037dd11413fd3d450d33957f
(4) 0x366b8f265fe5f08d993243a2cdac6d880aff88e5b5ccbf24adaed45a1358afc5
(5) 0x6193f548b08b89ab172a09c46cbf436580e130d0cc139f767f65e40798f767de
(6) 0x2e1f3c810514acc95612e41a4381dcb44ff105a4e86b97936f5297ef21819fb2
(7) 0xd86eb9cc02de5b86ec94482f4dc43c04efb7db1ae07a3493fc97698c72faa122
(8) 0x5de03d46900470da82a79d6af1d60b12312711a8b770d828981c8a9c6976705e
(9) 0x4d771ca9c7925282b5f76a16065530d5e737b32a3017aca41df4710bef982ab3

HD Wallet
==================
Mnemonic:      noble gym stone sand mad orient hidden cancel typical mask tone friend
Base HD Path:  m/44'/60'/0'/0/{account_index}

Default Gas Price
==================
2000000000

BlockGas Limit
==================
30000000

Call Gas Limit
==================
50000000

Chain
==================
Hardfork: shanghai
Id:       1337

RPC Listening on 127.0.0.1:8545
eth_blockNumber
net_version
eth_accounts
eth_accounts
eth_blockNumber
net_version
eth_getBlockByNumber
eth_estimateGas
eth_getBlockByNumber
eth_gasPrice
eth_sendTransaction

  Transaction: 0xff4a527e1034fb4e50d2f30f3e9b5e6d3ba771b3db2b30b8868251fd8da6d817
  Contract created: 0x4fe01fbaf954d394ad73d57e12e51c4b24515fd9
  Gas usage: 1722862
  Block number: 1
  Block time: Thu May 07 2026 22:17:59 GMT+0700 (Indochina Time)

eth_getTransactionReceipt
eth_getCode
eth_getTransactionReceipt
eth_getBlockByNumber
eth_gasPrice
eth_sendTransaction

  Transaction: 0xad5be0ab0b356ac86b5b02a7e89e59d6bab8340d562330bcb80790144d3732f7
  Gas usage: 21055
  Block number: 2
  Block time: Thu May 07 2026 22:17:59 GMT+0700 (Indochina Time)

eth_getTransactionReceipt
net_version
eth_getBlockByNumber
eth_estimateGas
eth_getBlockByNumber
eth_gasPrice
eth_sendTransaction

  Transaction: 0x05897c2b8696264fe3dde4922c6035369ba8ed855018ded77f2992a042fbb04a
  Gas usage: 75936
  Block number: 3
  Block time: Thu May 07 2026 22:17:59 GMT+0700 (Indochina Time)

eth_getTransactionReceipt
eth_blockNumber
eth_getBalance
eth_getTransactionByHash
debug_traceTransaction
eth_getTransactionByHash
debug_traceTransaction
eth_getTransactionByHash
debug_traceTransaction

Received shutdown signal: SIGTERM
Shutting down…
Server has been shut down
