COMMAND: python3 experiments/scale_trace/scripts/trace_result_json.py /home/aothuatgiadp/blockchain/project/CTLC-Implementation/experiments/scale_trace/runs/random_v1_71/D-_E_evm_fund_de_CTLCMultipleEdges_refund/result.json /home/aothuatgiadp/blockchain/project/CTLC-Implementation/experiments/scale_trace/runs/random_v1_71/D-_E_evm_fund_de_CTLCMultipleEdges_refund/trace.json
STATUS: 0

STDOUT:
{
  "graph_id": "",
  "pair": "D->E|evm|fund:de",
  "contract": "CTLCMultipleEdges",
  "scenario": "refund",
  "contractAddress": "0xd37c68b0A64D34817b268f957414C6764Ac60C24",
  "traces": {
    "deploy": {
      "tx_hash": "0x3dcc264d3697c427d7d9cbc90b6c6a56b00721b517258b483ed444b97712078c",
      "actual_calldata_bytes": 8073,
      "actual_sstore_count": 19,
      "actual_call_count": 0,
      "opcode_steps": 3267
    },
    "fund": {
      "tx_hash": "0x2f761182f6ebc7e3fa33e7b4e00298033ed6224151d4b70599c5240d1ca828fd",
      "actual_calldata_bytes": 0,
      "actual_sstore_count": 0,
      "actual_call_count": 0,
      "opcode_steps": 13
    },
    "disable_level0": {
      "tx_hash": "0x0568a35793838de3221f5a2d8b360cc7739d82f5717da41e7a8be2bf084eb828",
      "actual_calldata_bytes": 36,
      "actual_sstore_count": 1,
      "actual_call_count": 0,
      "opcode_steps": 300
    },
    "refund_level1": {
      "tx_hash": "0xf2fc8d74141082d05eefc49260d9edb788b31502295f292f4ca2666fbaad5349",
      "actual_calldata_bytes": 4,
      "actual_sstore_count": 1,
      "actual_call_count": 1,
      "opcode_steps": 224
    }
  }
}


STDERR:

