ganache v7.9.2 (@ganache/cli: 0.10.2, @ganache/core: 0.10.2)
Starting RPC server

Available Accounts
==================
(0) 0x6B78f22c84F443De8F8312E04672DD0570840B8F (1000 ETH)
(1) 0x8660a5242Fe37986c8cF3A387Cf233Ef0cFa07F4 (1000 ETH)
(2) 0x6C6d9BD011189537B81BF7e379d51F89932d3A98 (1000 ETH)
(3) 0x093D590cEde92b0997FeCc929999180885e82945 (1000 ETH)
(4) 0x80793F1B496876473a258e66849BA0aE0325Fc9E (1000 ETH)
(5) 0xD8B41Ed2a757d997043B5bcAEdd42d461Ad800B2 (1000 ETH)
(6) 0x0f7EB941642c1B0dBb6c473C726fECE649751991 (1000 ETH)
(7) 0x8cb0ce2c199Da3728005a6Ea9e07A844e21C3fa9 (1000 ETH)
(8) 0x67560A22930BBD499FA7DA8a7E7F481c300DC99f (1000 ETH)
(9) 0xfc2d10eA5666C0a14f694A8474216ebef12392c0 (1000 ETH)

Private Keys
==================
(0) 0xf0b2b0259523b4f1ab2a8e5690733841f24dca9daa88b61a25e05db467e547d5
(1) 0xa52ad616148c4fab8d388694c9096f1c70fe8ecd3802536554c3ca2289eb0923
(2) 0x94393003a4d2d5a9a3b1f4ac219f005169028e4f68c8c8f59b6dcafefb5c6627
(3) 0xc1a14a2e3037b4b2f6878e351cf44636a6b9b164afd02fde73c459eb536d2dbe
(4) 0x5b1c995e0a1f81d8a514c0529940fc8b9c66b03e4254c0f6b96ff3fe5c5cf7a6
(5) 0x2ac13ae445e54d862bd88917dbb1c43d134f759d945b625b323770df4116faf7
(6) 0xd8b2beeebe17f8cb448ce4832c36fcfc3b2256604409f1e5e49b0105f2e0219b
(7) 0xcbd14c27efc64fbe05057dec79a1d8e87cb57472c3e991972a777c5952f74faf
(8) 0x7fb5d8bfdbfaa342a36fdeba6e8e523d33fc95a2d44c61acef97522cb115b6df
(9) 0x9e586e5e5d3affdf98b3ea6f992675022aba51f14f24babbe3c6d1ba2d84149d

HD Wallet
==================
Mnemonic:      patrol gather upon feature good coin wine page employ target salmon reason
Base HD Path:  m/44'/60'/0'/0/{account_index}

Default Gas Price
==================
2000000000

BlockGas Limit
==================
30000000

Call Gas Limit
==================
50000000

Chain
==================
Hardfork: shanghai
Id:       1337

RPC Listening on 127.0.0.1:8545
web3_clientVersion
eth_blockNumber
net_version
eth_accounts
eth_accounts
eth_blockNumber
net_version
eth_getBlockByNumber
eth_estimateGas
eth_getBlockByNumber
eth_gasPrice
eth_sendTransaction

  Transaction: 0xe411de33bd79958409d85851ab506374a7c06dc6529ebc7c472e14b1bd26a826
  Contract created: 0x979172aa57d330602749f26456bcf6cd7524fc47
  Gas usage: 1400964
  Block number: 1
  Block time: Fri May 08 2026 02:55:07 GMT+0700 (Indochina Time)

eth_getTransactionReceipt
eth_getCode
eth_getTransactionReceipt
eth_getBlockByNumber
eth_gasPrice
eth_sendTransaction

  Transaction: 0xd81d8b22b07b2342588aa97fdfd88afc39fbc198bbdef22b3f81c60fed771c0c
  Gas usage: 21055
  Block number: 2
  Block time: Fri May 08 2026 02:55:07 GMT+0700 (Indochina Time)

eth_getTransactionReceipt
eth_blockNumber
evm_mine
eth_blockNumber
evm_mine
eth_blockNumber
evm_mine
eth_blockNumber
evm_mine
eth_blockNumber
evm_mine
eth_blockNumber
net_version
eth_getBlockByNumber
eth_estimateGas
eth_getBlockByNumber
eth_gasPrice
eth_sendTransaction

  Transaction: 0x39c0fd4cc750d4d52bc688bac678c9b53fa1c191db29e5c312ec4eb51da78e96
  Gas usage: 52925
  Block number: 8
  Block time: Fri May 08 2026 02:55:08 GMT+0700 (Indochina Time)

eth_getTransactionReceipt
net_version
eth_getBlockByNumber
eth_estimateGas
eth_getBlockByNumber
eth_gasPrice
eth_sendTransaction

  Transaction: 0x1e184a463a3be45831fe4e9f40123ffd903976c425d87ca4aaa2ac94fb01ce65
  Gas usage: 75960
  Block number: 9
  Block time: Fri May 08 2026 02:55:08 GMT+0700 (Indochina Time)

eth_getTransactionReceipt
eth_blockNumber
eth_getBalance
eth_getTransactionByHash
debug_traceTransaction
eth_getTransactionByHash
debug_traceTransaction
eth_getTransactionByHash
debug_traceTransaction
eth_getTransactionByHash
debug_traceTransaction

Received shutdown signal: SIGTERM
Shutting down…
Server has been shut down
