ganache v7.9.2 (@ganache/cli: 0.10.2, @ganache/core: 0.10.2)
Starting RPC server

Available Accounts
==================
(0) 0xA2BB5b6Da42ed8556882bE0552D24882b45B0508 (1000 ETH)
(1) 0x9344253347678017550B39e120840c60637404a8 (1000 ETH)
(2) 0x03EE4a9B8bCD1d972930A2d16C2861eA64cE304c (1000 ETH)
(3) 0xf7C01Ca8aE02e1AE1dEea28672d49384D281a9e2 (1000 ETH)
(4) 0x3e7e3291Fdb43f67dB8B82D0c1299B57AD3D68Ee (1000 ETH)
(5) 0x74707fF841CE753BE51521d74841cCB380Daa43B (1000 ETH)
(6) 0x06680158b30Aa8E7861f83D0719F42eC9c19cbBf (1000 ETH)
(7) 0x7dF2CFAF755E75E5B51AC6F75535E2DcE0BCeE31 (1000 ETH)
(8) 0x5Fb1EE78fc65Ed3a59E365f14Bc60F29Dcbd090b (1000 ETH)
(9) 0x1a22F6f3996026026A85e22D04689517753325e2 (1000 ETH)

Private Keys
==================
(0) 0xa87c2756f5ac95104ccc5570aa398ba6d214dd1e396de9576498073cb1dcca1d
(1) 0xf958ff6528575ebf8290e6b09ec010edd5b330616d1ca56bbc032669b6caa270
(2) 0xaa8767a75672f9b23aeb7af4bfd0f2a340e43d3ea1db5d8396e32cbb28074594
(3) 0x0e4c627e54bf79503a037332bb7282c4e35faf388bd20834a4416fdee773fbcb
(4) 0xf4f97725b6f31b9158d2d355c9d5b22cc694989ec54eb4d233aa99d86a610789
(5) 0x7a00fcfeccbfd7b9babe751ec39dbe32b25d16fa6ebc4a61182c27848715c47f
(6) 0xffafae293cd788eab8743631ee47523bb49aea630e40826242fe7052611fdf4e
(7) 0x45073d8615857631249505b18fd06f6c860bd1820877556b710b26c1de23ab50
(8) 0x55b35dfb194b1fbd51a2e4458ceb6565aae7595a8bb7b322dc7890b18ff5a02d
(9) 0xb7ae192466d3cb3108dcc4db513b28ed04fa72f33c1d98c738d50d1a4ddfcc1a

HD Wallet
==================
Mnemonic:      rally guitar scatter garden catch finger pioneer degree switch race oblige female
Base HD Path:  m/44'/60'/0'/0/{account_index}

Default Gas Price
==================
2000000000

BlockGas Limit
==================
30000000

Call Gas Limit
==================
50000000

Chain
==================
Hardfork: shanghai
Id:       1337

RPC Listening on 127.0.0.1:8545
web3_clientVersion
eth_blockNumber
net_version
eth_accounts
eth_accounts
eth_blockNumber
net_version
eth_getBlockByNumber
eth_estimateGas
eth_getBlockByNumber
eth_gasPrice
eth_sendTransaction

  Transaction: 0x3bac19dd2301bd174e60fbd2c202d0c122974e1d9a139ce34d16464cdac8ef0d
  Contract created: 0xf5a8fa7de5d0599461d58c4d79a1b46e5606a75a
  Gas usage: 1123899
  Block number: 1
  Block time: Fri May 08 2026 02:15:40 GMT+0700 (Indochina Time)

eth_getTransactionReceipt
eth_getCode
eth_getTransactionReceipt
eth_getBlockByNumber
eth_gasPrice
eth_sendTransaction

  Transaction: 0x04e83d36b93bd141727d63d8756ee0b0e3492394a86c770befdfe6120d0d91a4
  Gas usage: 21055
  Block number: 2
  Block time: Fri May 08 2026 02:15:40 GMT+0700 (Indochina Time)

eth_getTransactionReceipt
eth_blockNumber
evm_mine
eth_blockNumber
evm_mine
eth_blockNumber
evm_mine
eth_blockNumber
evm_mine
eth_blockNumber
evm_mine
eth_blockNumber
net_version
eth_getBlockByNumber
eth_estimateGas
eth_getBlockByNumber
eth_gasPrice
eth_sendTransaction

  Transaction: 0xad8602d8a561a64c38c10df8f4c23ac1423706a470ee2bf859973102fa19dc66
  Gas usage: 59561
  Block number: 8
  Block time: Fri May 08 2026 02:15:40 GMT+0700 (Indochina Time)

eth_getTransactionReceipt
eth_blockNumber
eth_getBalance
eth_getTransactionByHash
debug_traceTransaction
eth_getTransactionByHash
debug_traceTransaction
eth_getTransactionByHash
debug_traceTransaction

Received shutdown signal: SIGTERM
Shutting down…
Server has been shut down
