COMMAND: python3 experiments/scale_trace/scripts/trace_result_json.py /home/aothuatgiadp/blockchain/project/CTLC-Implementation/experiments/scale_trace/runs/random_v1_283/E-_F_evm_fund_ef_CTLCOnly_worst_claim/result.json /home/aothuatgiadp/blockchain/project/CTLC-Implementation/experiments/scale_trace/runs/random_v1_283/E-_F_evm_fund_ef_CTLCOnly_worst_claim/trace.json
STATUS: 0

STDOUT:
{
  "graph_id": "",
  "pair": "E->F|evm|fund:ef",
  "contract": "CTLCOnly",
  "scenario": "worst_claim",
  "contractAddress": "0xD7052B8326dD10c3c4269223fbBF471F7593bEC3",
  "traces": {
    "deploy": {
      "tx_hash": "0x76b173bef7647cc51d8820db39f63ac46c6719c22731706e92166dbc20f00c89",
      "actual_calldata_bytes": 7123,
      "actual_sstore_count": 9,
      "actual_call_count": 0,
      "opcode_steps": 1374
    },
    "fund": {
      "tx_hash": "0x339ce00a62a149bbf1d752db53f157ab73f4e86d78ea7d02ffda6b32c71de24f",
      "actual_calldata_bytes": 0,
      "actual_sstore_count": 0,
      "actual_call_count": 0,
      "opcode_steps": 13
    },
    "claim_level0": {
      "tx_hash": "0x741bc473d6bb3535e7cfd4854a76fac525d4e3eac2d27bcb4184722dd6879c55",
      "actual_calldata_bytes": 292,
      "actual_sstore_count": 1,
      "actual_call_count": 1,
      "opcode_steps": 1134
    }
  }
}


STDERR:

