ganache v7.9.2 (@ganache/cli: 0.10.2, @ganache/core: 0.10.2)
Starting RPC server

Available Accounts
==================
(0) 0x409057d409C9D912551aC0a47109D1deE7fdd2cb (1000 ETH)
(1) 0xbAb90449BA48D34c779F95dBE44B91D2BaeF816b (1000 ETH)
(2) 0x1b907099FE85fafEE44596cdd774fB56d73a2399 (1000 ETH)
(3) 0x0E2952Db51520B8c7089383f4933c4Ccd04BaF96 (1000 ETH)
(4) 0xD46c11679941e5bbdD53c3076f77b1b6CD3349d0 (1000 ETH)
(5) 0x68CBc38a2aA70D872752D33700B870b934FA8b30 (1000 ETH)
(6) 0x551d5724045EeF4EcA1da3cb01946afBE06d38eb (1000 ETH)
(7) 0x0e0dB0C776028B5c8aEf35C3DF720C31c9AA055a (1000 ETH)
(8) 0x31b11D89F98985a4916F76cE1E0a73e4a29aA044 (1000 ETH)
(9) 0xe35af6e9D26eA4b3e07df87920729Ac5d1708A1e (1000 ETH)

Private Keys
==================
(0) 0x4b6c04af0fc46bdd30401fabb3fe57d561f63ac46180e09ebefd2ad3909f5741
(1) 0x51aa67625a3634f6e658827fa0c631a9d4e53157a7a9606728cb9d66eb896459
(2) 0x14d84ee2e570e112174c6e4a69ce88ed0a88142e47f42cd328457e8c7b4e11e9
(3) 0x9fe2276614bf309a438c4ddae772d9f00d59ef565fd5d3dade5153e517896808
(4) 0x34fd53142b2db0ae7aecc3787a2f4303b71099f4ecbca129a25c3b7a0a74f73c
(5) 0x49099b5c2d21d72de5952cccc66a97bc431e021d5076d923be94990d7673f9b6
(6) 0x474ed8b7258f3625f683fe8c0f05d5f351c4613992066554c5b2366e64f7b027
(7) 0xbd26f7a1a2e59ccfcb02972d9b51dc59144eaac38556f9907a2fe0b13435921c
(8) 0x31dea51e2e66f02f11f9873441212572f603286107d15ce93feec4c0f5e26036
(9) 0xbc88051b8aa1275f039ccb5b3ab0b0531dae9f6004bf522d71e3d29da1900167

HD Wallet
==================
Mnemonic:      build remind invite orbit loan attract easy ramp mimic bag goose parent
Base HD Path:  m/44'/60'/0'/0/{account_index}

Default Gas Price
==================
2000000000

BlockGas Limit
==================
30000000

Call Gas Limit
==================
50000000

Chain
==================
Hardfork: shanghai
Id:       1337

RPC Listening on 127.0.0.1:8545
web3_clientVersion
eth_blockNumber
net_version
eth_accounts
eth_accounts
eth_blockNumber
net_version
eth_getBlockByNumber
eth_estimateGas
eth_getBlockByNumber
eth_gasPrice
eth_sendTransaction

  Transaction: 0x5505220f6a2e14962f8d6b6782b7b9ac1fd7f8c0f3924b1bc41573b4fd044b3d
  Contract created: 0x35c3a0e69a195c2edadbd86c1854ba7cc1c9185c
  Gas usage: 1146811
  Block number: 1
  Block time: Fri May 08 2026 01:23:36 GMT+0700 (Indochina Time)

eth_getTransactionReceipt
eth_getCode
eth_getTransactionReceipt
eth_getBlockByNumber
eth_gasPrice
eth_sendTransaction

  Transaction: 0x3bebb8ea45ff50d99f5ff82c3d2e979e9e62be1825af6ec6d50ec54057053e15
  Gas usage: 21055
  Block number: 2
  Block time: Fri May 08 2026 01:23:36 GMT+0700 (Indochina Time)

eth_getTransactionReceipt
net_version
eth_getBlockByNumber
eth_estimateGas
eth_getBlockByNumber
eth_gasPrice
eth_sendTransaction

  Transaction: 0xabc25ae94f91a0cb7851544a617eb889cdac45bdf387acb45a2b4f99aef01803
  Gas usage: 72874
  Block number: 3
  Block time: Fri May 08 2026 01:23:36 GMT+0700 (Indochina Time)

eth_getTransactionReceipt
eth_blockNumber
eth_getBalance
eth_getTransactionByHash
debug_traceTransaction
eth_getTransactionByHash
debug_traceTransaction
eth_getTransactionByHash
debug_traceTransaction

Received shutdown signal: SIGTERM
Shutting down…
Server has been shut down
