Using network 'development'.

{
  "ok": true,
  "graph_id": "",
  "pair": "C->D|evm|fund:cd",
  "pairKey": "C->D|evm|fund:cd",
  "contract": "CTLCMultipleEdges",
  "scenario": "best_claim",
  "deployGas": "0x1eddda",
  "gasUsed": "71641",
  "disableGasUsed": "",
  "claimGasUsed": "71641",
  "refundGasUsed": "",
  "contractAddress": "0xb165b999040ec847fA3775bDAd0aeB2AD7A83A8B",
  "startBlock": "0",
  "endBlock": "3",
  "finalContractBalanceWei": "0",
  "deployer": "0x83523558D2C57F824ba3Cf88fF68F6F86e798c73",
  "party": "0x7ffD12304544c6D1f7958fF8365cd2B138CD3baF",
  "counterparty": "0x8D0627F860D33D42E346Cca4C07F0ccB79cbf0ce",
  "fundingWei": "1000000000000000000",
  "timelocks": [
    7,
    8,
    9,
    10
  ],
  "transactions": [
    {
      "role": "deploy",
      "txHash": "0xbccd9df40828919c5f1f3379c886d024f17f073dfc4570b87ad5d6d3e412b4ed"
    },
    {
      "role": "fund",
      "txHash": "0x2843c027ed9b912caa845acf401cb5c121b129fea0912f9e6f3151fcc4aaae09"
    },
    {
      "role": "claim",
      "txHash": "0x8e618df27d9a4e9aef892a21a5e1f908a1ae10c9d021f7a225045a8e427f8ed0",
      "level": 0,
      "option": 0
    }
  ],
  "txRoles": [
    {
      "role": "deploy",
      "txHash": "0xbccd9df40828919c5f1f3379c886d024f17f073dfc4570b87ad5d6d3e412b4ed"
    },
    {
      "role": "fund",
      "txHash": "0x2843c027ed9b912caa845acf401cb5c121b129fea0912f9e6f3151fcc4aaae09"
    },
    {
      "role": "claim",
      "txHash": "0x8e618df27d9a4e9aef892a21a5e1f908a1ae10c9d021f7a225045a8e427f8ed0",
      "level": 0,
      "option": 0
    }
  ],
  "deployTxHash": "0xbccd9df40828919c5f1f3379c886d024f17f073dfc4570b87ad5d6d3e412b4ed",
  "fundTxHash": "0x2843c027ed9b912caa845acf401cb5c121b129fea0912f9e6f3151fcc4aaae09",
  "claimTxHash": "0x8e618df27d9a4e9aef892a21a5e1f908a1ae10c9d021f7a225045a8e427f8ed0",
  "txHash": "0x8e618df27d9a4e9aef892a21a5e1f908a1ae10c9d021f7a225045a8e427f8ed0",
  "tx": "0x8e618df27d9a4e9aef892a21a5e1f908a1ae10c9d021f7a225045a8e427f8ed0"
}
