Using network 'development'.

{
  "ok": true,
  "graph_id": "",
  "pair": "F->G|evm|fund:fg",
  "pairKey": "F->G|evm|fund:fg",
  "contract": "CTLCOnly",
  "scenario": "worst_claim",
  "deployGas": "0x11263b",
  "gasUsed": "68747",
  "disableGasUsed": "0",
  "claimGasUsed": "68747",
  "refundGasUsed": "",
  "contractAddress": "0x25C8f8d352D371F18bF54C6Ad6F6e7705e6F3CAB",
  "startBlock": "0",
  "endBlock": "3",
  "finalContractBalanceWei": "0",
  "deployer": "0xEE2161D674B5798DaED6175FfDC5E2E1fD9C2e6d",
  "party": "0x4aE250e1b5eb7359327dd659625f09F6ee1BFBE8",
  "counterparty": "0xD4fe3b9bD1947e9C1Fb690286fa4804709877646",
  "fundingWei": "1000000000000000000",
  "timelocks": [
    7
  ],
  "transactions": [
    {
      "role": "deploy",
      "txHash": "0xec92eaad3e7405463f67ffa08bbedcca031d140558e5d9be04f7c77f8f7062f6"
    },
    {
      "role": "fund",
      "txHash": "0xf3cb7e9c53ce2b0c74471ef132c59b3b15d23f1ccc4fd9d01678933d0507dd14"
    },
    {
      "role": "claim",
      "txHash": "0x5aea66b2170afe882b2ef8bab37e271b9705630e3b558cc1e527ce05e0f9e807",
      "level": 0,
      "option": 0
    }
  ],
  "txRoles": [
    {
      "role": "deploy",
      "txHash": "0xec92eaad3e7405463f67ffa08bbedcca031d140558e5d9be04f7c77f8f7062f6"
    },
    {
      "role": "fund",
      "txHash": "0xf3cb7e9c53ce2b0c74471ef132c59b3b15d23f1ccc4fd9d01678933d0507dd14"
    },
    {
      "role": "claim",
      "txHash": "0x5aea66b2170afe882b2ef8bab37e271b9705630e3b558cc1e527ce05e0f9e807",
      "level": 0,
      "option": 0
    }
  ],
  "deployTxHash": "0xec92eaad3e7405463f67ffa08bbedcca031d140558e5d9be04f7c77f8f7062f6",
  "fundTxHash": "0xf3cb7e9c53ce2b0c74471ef132c59b3b15d23f1ccc4fd9d01678933d0507dd14",
  "claimTxHash": "0x5aea66b2170afe882b2ef8bab37e271b9705630e3b558cc1e527ce05e0f9e807",
  "txHash": "0x5aea66b2170afe882b2ef8bab37e271b9705630e3b558cc1e527ce05e0f9e807",
  "tx": "0x5aea66b2170afe882b2ef8bab37e271b9705630e3b558cc1e527ce05e0f9e807"
}
