ganache v7.9.2 (@ganache/cli: 0.10.2, @ganache/core: 0.10.2)
Starting RPC server

Available Accounts
==================
(0) 0xCde2EBd311100b9d873D9346A053B8Dd5D806962 (1000 ETH)
(1) 0x34b8f2ece17c73836fBAaf47953844E1263B886c (1000 ETH)
(2) 0xe4E3207894DF1851bb8cF6bb023a50A352632294 (1000 ETH)
(3) 0x58ecE73E556cc1112F85AD7B221a4a7217B4676c (1000 ETH)
(4) 0x7a0a99EeC35D4C03d22e209C0aa9D9C41e364cCA (1000 ETH)
(5) 0xF55B55a83a24e3615933328D9AB869560E62eF44 (1000 ETH)
(6) 0x2EF0E8Fd813a51470aD892A2be5C9EfB01dD74D5 (1000 ETH)
(7) 0x063f3E9277879CEECBFB700cf2Ee18E7850a09a0 (1000 ETH)
(8) 0x9927cb416988D3DF7FAf1F6DF4A333966E0CB5ee (1000 ETH)
(9) 0xB25d17BFf50EB71bA7E24C90eA3811dAE3e48634 (1000 ETH)

Private Keys
==================
(0) 0x5daef843a48bbaa999a183623335c42816e84bfecff3b21713745d26534bb736
(1) 0x73a34655b442913c9ea86ec25472bd74ad2af111cd1baed0799dbf9b09744c76
(2) 0x525eead506e9529d38e6ed1a8a2c642632640a422127d9d1869a04291bc20383
(3) 0x38be2e37c2f71956db0b40c8557165bd3f18b4ca851fb871bdd3cf33d39ca88b
(4) 0xe0ce2a5b20cef6455eb55198a0b9841b4c9962c14e9a88e811bc6a8fc6ef57f1
(5) 0x231f26b000788e053f85fda88ef25b0307ebaa6288d8d2c4236ce1d209b89502
(6) 0xd5cafa816f28f7a34c1d79bd54982cf3bcdc1dd05425a738a89ebd633345b822
(7) 0x495dad387205c4e0279fae147d1af6914a857f2a4dfe50479590e7909a537525
(8) 0xd73b14fa41272e4398813625702e37c9ef57f802227bf6dc709508b8f552386f
(9) 0xfef0b9555ba02b18a9ce46ff0c80a37f91ae2bce5f4052e3d4312a1e1690dfae

HD Wallet
==================
Mnemonic:      child tattoo retreat spell arrive expire lend pool tortoise roof icon unveil
Base HD Path:  m/44'/60'/0'/0/{account_index}

Default Gas Price
==================
2000000000

BlockGas Limit
==================
30000000

Call Gas Limit
==================
50000000

Chain
==================
Hardfork: shanghai
Id:       1337

RPC Listening on 127.0.0.1:8545
web3_clientVersion
eth_blockNumber
net_version
eth_accounts
eth_accounts
eth_blockNumber
net_version
eth_getBlockByNumber
eth_estimateGas
eth_getBlockByNumber
eth_gasPrice
eth_sendTransaction

  Transaction: 0x0e83a873c28a189a383aa17ab7773c21b10a331ee59d5a9a3ca87b46a8b97fd6
  Contract created: 0x74214be8fb2c55e2d40d2f6dafa1191a1800c200
  Gas usage: 1285238
  Block number: 1
  Block time: Fri May 08 2026 02:09:47 GMT+0700 (Indochina Time)

eth_getTransactionReceipt
eth_getCode
eth_getTransactionReceipt
eth_getBlockByNumber
eth_gasPrice
eth_sendTransaction

  Transaction: 0x8b1379dd92a1358363007f92a384c84588d5c8341864a91b3ebd018f31559421
  Gas usage: 21055
  Block number: 2
  Block time: Fri May 08 2026 02:09:47 GMT+0700 (Indochina Time)

eth_getTransactionReceipt
net_version
eth_getBlockByNumber
eth_estimateGas
eth_getBlockByNumber
eth_gasPrice
eth_sendTransaction

  Transaction: 0x163dce3d67ca645ed7cc5df4d0c91430a3a66e51e048ddf172c2106fd6eef3f9
  Gas usage: 75948
  Block number: 3
  Block time: Fri May 08 2026 02:09:47 GMT+0700 (Indochina Time)

eth_getTransactionReceipt
eth_blockNumber
eth_getBalance
eth_getTransactionByHash
debug_traceTransaction
eth_getTransactionByHash
debug_traceTransaction
eth_getTransactionByHash
debug_traceTransaction

Received shutdown signal: SIGTERM
Shutting down…
Server has been shut down
