ganache v7.9.2 (@ganache/cli: 0.10.2, @ganache/core: 0.10.2)
Starting RPC server

Available Accounts
==================
(0) 0x16906d391DE248BD302647b7529492187710943c (1000 ETH)
(1) 0x9Aca00dc89681336bbbDC0E924341b712E08Ea53 (1000 ETH)
(2) 0xA7dA2A658fea7443B75840CDC3d9d9Ee39349245 (1000 ETH)
(3) 0x1D752F1dEa6F13F2f139FeBE3e414D88ff681732 (1000 ETH)
(4) 0x8FBc8C19412FDAA01db4bA4259e6b7253Ca94143 (1000 ETH)
(5) 0x3a9340555B1DF2E2823896b771f6e7E5dDe4DE62 (1000 ETH)
(6) 0x6B14399A3CC0f4DCbB81828FDAE334b190fD7AA7 (1000 ETH)
(7) 0x4768a76bF3bd81F646cf6f2b60F722eA42dCFed4 (1000 ETH)
(8) 0xec57cfF01B9a7f04b8b04731a108138aAC90F0bB (1000 ETH)
(9) 0xC8899B5D15807B439A1805d751CFCB5C5225ACC9 (1000 ETH)

Private Keys
==================
(0) 0xe171561e2aa72e995a3471719435ceb20813a20641c720a00b8ba57d1d7cf720
(1) 0x39b7cace56409c08210248c58e1b862c5f76165f5342edf9115754a3fee560da
(2) 0x4e9a71be790390f8de72f65bcfbc9a087da390f17afd732de27408fc9f2a823a
(3) 0x8632dd550b36aada9f57ac387505c073def4c36c4b7cc20fa80cded58c6d5054
(4) 0x422cf6e711ba94f77ed60f460af3696da010be73c26bb60d7e214f14572aed98
(5) 0xd1db3cba23b9ebee7e3e66d30425eb090670dce587c06a6b04130a4fab2af94b
(6) 0xb8079a6af2a21fca69b517ff7ee13dfab1815ed78faa67f79bcbaf6c97c179a7
(7) 0x2c490976698c49a5ce8847de22847eae806dc7c25aec72f5d9e4d3aaf7fdc188
(8) 0xf81788dfc449a00583920f574699d6ee6265ffb9b4276e94ab09bfb2bb405dc5
(9) 0x9f3128c60d8fa068e2685bb88dd141d9097e3479a49074968888d73687f9f7cf

HD Wallet
==================
Mnemonic:      behave blood pink stereo clip match blind shoe light friend parrot orbit
Base HD Path:  m/44'/60'/0'/0/{account_index}

Default Gas Price
==================
2000000000

BlockGas Limit
==================
30000000

Call Gas Limit
==================
50000000

Chain
==================
Hardfork: shanghai
Id:       1337

RPC Listening on 127.0.0.1:8545
web3_clientVersion
eth_blockNumber
net_version
eth_accounts
eth_accounts
eth_blockNumber
net_version
eth_getBlockByNumber
eth_estimateGas
eth_getBlockByNumber
eth_gasPrice
eth_sendTransaction

  Transaction: 0x35b73a86e3b8a5c4445a292e3d75852f1496fae4577185d944c80de26ce90544
  Contract created: 0xcf08bb7125185b7a0a566d3ddc154b3c5402b359
  Gas usage: 1100975
  Block number: 1
  Block time: Thu May 07 2026 21:54:00 GMT+0700 (Indochina Time)

eth_getTransactionReceipt
eth_getCode
eth_getTransactionReceipt
eth_getBlockByNumber
eth_gasPrice
eth_sendTransaction

  Transaction: 0x013c0acf88bd68eb22fbbe93b4bec70d20bb2bc872bd03629abd85791760ab68
  Gas usage: 21055
  Block number: 2
  Block time: Thu May 07 2026 21:54:00 GMT+0700 (Indochina Time)

eth_getTransactionReceipt
net_version
eth_getBlockByNumber
eth_estimateGas
eth_getBlockByNumber
eth_gasPrice
eth_sendTransaction

  Transaction: 0xe7d600c9e40473549c154f43f1eba888ad54ba8d27c6583d5383f2c4819366e0
  Gas usage: 64620
  Block number: 3
  Block time: Thu May 07 2026 21:54:00 GMT+0700 (Indochina Time)

eth_getTransactionReceipt
eth_blockNumber
eth_getBalance
eth_getTransactionByHash
debug_traceTransaction
eth_getTransactionByHash
debug_traceTransaction
eth_getTransactionByHash
debug_traceTransaction

Received shutdown signal: SIGTERM
Shutting down…
Server has been shut down
