Using network 'development'.

{
  "ok": true,
  "graph_id": "",
  "pair": "E->F|evm|fund:ef",
  "pairKey": "E->F|evm|fund:ef",
  "contract": "CTLCMultipleEdges",
  "scenario": "best_claim",
  "deployGas": "0x166d1c",
  "gasUsed": "75948",
  "disableGasUsed": "",
  "claimGasUsed": "75948",
  "refundGasUsed": "",
  "contractAddress": "0xD5211E5BC27B101DaDACeD51B7c427a46de289a6",
  "startBlock": "0",
  "endBlock": "3",
  "finalContractBalanceWei": "0",
  "deployer": "0x792F70fd1c84AE131f50ED41e808E56861612DA7",
  "party": "0x950FFd5496fF5c394a4bb82e5496927FDab11e6F",
  "counterparty": "0x56278b05d20aCa07D256615c10D502A930282327",
  "fundingWei": "1000000000000000000",
  "timelocks": [
    8,
    10
  ],
  "transactions": [
    {
      "role": "deploy",
      "txHash": "0x13e993e9995518f173dbd1029399d63f051e3713b25d9b4276a9099efbed08e8"
    },
    {
      "role": "fund",
      "txHash": "0x1bb631b921fb46d1c87d92990089a9a87bed49e23616303bf97a685f54c46621"
    },
    {
      "role": "claim",
      "txHash": "0xcee129c641fa4d464224d05bf76a9e1aa08221aa41d5e9824c7052c6d65df5d5",
      "level": 0,
      "option": 0
    }
  ],
  "txRoles": [
    {
      "role": "deploy",
      "txHash": "0x13e993e9995518f173dbd1029399d63f051e3713b25d9b4276a9099efbed08e8"
    },
    {
      "role": "fund",
      "txHash": "0x1bb631b921fb46d1c87d92990089a9a87bed49e23616303bf97a685f54c46621"
    },
    {
      "role": "claim",
      "txHash": "0xcee129c641fa4d464224d05bf76a9e1aa08221aa41d5e9824c7052c6d65df5d5",
      "level": 0,
      "option": 0
    }
  ],
  "deployTxHash": "0x13e993e9995518f173dbd1029399d63f051e3713b25d9b4276a9099efbed08e8",
  "fundTxHash": "0x1bb631b921fb46d1c87d92990089a9a87bed49e23616303bf97a685f54c46621",
  "claimTxHash": "0xcee129c641fa4d464224d05bf76a9e1aa08221aa41d5e9824c7052c6d65df5d5",
  "txHash": "0xcee129c641fa4d464224d05bf76a9e1aa08221aa41d5e9824c7052c6d65df5d5",
  "tx": "0xcee129c641fa4d464224d05bf76a9e1aa08221aa41d5e9824c7052c6d65df5d5"
}
