ganache v7.9.2 (@ganache/cli: 0.10.2, @ganache/core: 0.10.2)
Starting RPC server

Available Accounts
==================
(0) 0xE38DA20D5bd772103867152c9069913a58862269 (1000 ETH)
(1) 0x5086684f88C63d7B824657A10fF0FDF406586D97 (1000 ETH)
(2) 0xDD793218a89D4ee79754F2d6d743Cbb5C2513e8d (1000 ETH)
(3) 0xB77d34e3FDEdc96f76c0950627a67D89dE13b439 (1000 ETH)
(4) 0xfaC8C8891A605B4F91d48635de701CE4C617F19f (1000 ETH)
(5) 0x7dEcB8d3c641c9133B703656169Bfcd4912F059f (1000 ETH)
(6) 0x89D1a18688bC9708FEf31951A5F310ca854FBB7B (1000 ETH)
(7) 0x692bFda64F142cA312afd557bD40a4004f27Af82 (1000 ETH)
(8) 0x01EeF0c3c50DF34558750dAa2Aa916Bba3d67743 (1000 ETH)
(9) 0x3Ae21cbD00A5574E4B5cA9a67Cd29eE420c67290 (1000 ETH)

Private Keys
==================
(0) 0x74e4f086f5ce83d1acdfbc8aae5ad2fcfd148024a3a4196fe63c0d23e662a8d4
(1) 0x075e3f1ee8f7e05a9092267405732c00b7e23786046adbdead8a887bebc84130
(2) 0x57854f17dc21212730bb7f05da66ed7c7a44aa38a92d6f152ad7ec3ae60abe74
(3) 0x7c8907134d8542f88114a2315f147be8cf7beb6a6cfc6df456be65a458e0db3b
(4) 0x4a108481abb33881848e7a3f1d86f2b58a9522e1dc607342c96a4f6fed84f59e
(5) 0x0a245ed6ef5a862b43057f32f3b26e743bb25d306aeb12bc56d547e1afbab760
(6) 0x02c42361590d1a93a4c8222fd76b6281dc77167d778dad401d00fd46dbe41fa3
(7) 0xb5d76d589b9270a172daef6c2cbfc8e91de0bce1cff37b9e92b41b4e3e654d1f
(8) 0x7de6a5ebe9e321af80a142583bfa23a01aa34536ef164ba711a65c3735013b11
(9) 0xa06b919c8d39767104dce91325bcc079b971fa8ab34c1b74c63dd6eb90d46748

HD Wallet
==================
Mnemonic:      off right air universe problem bright wall ride anger enact witness method
Base HD Path:  m/44'/60'/0'/0/{account_index}

Default Gas Price
==================
2000000000

BlockGas Limit
==================
30000000

Call Gas Limit
==================
50000000

Chain
==================
Hardfork: shanghai
Id:       1337

RPC Listening on 127.0.0.1:8545
web3_clientVersion
eth_blockNumber
net_version
eth_accounts
eth_accounts
eth_blockNumber
net_version
eth_getBlockByNumber
eth_estimateGas
eth_getBlockByNumber
eth_gasPrice
eth_sendTransaction

  Transaction: 0xbb045f439a28e5c1cf5a0ae1ae1df8f56f40bd1297108b431fbfa452e04af7c0
  Contract created: 0xb3309a30b1b392156e86069f6ddbfe1d7ac2585b
  Gas usage: 1146799
  Block number: 1
  Block time: Fri May 08 2026 02:30:34 GMT+0700 (Indochina Time)

eth_getTransactionReceipt
eth_getCode
eth_getTransactionReceipt
eth_getBlockByNumber
eth_gasPrice
eth_sendTransaction

  Transaction: 0x43a4436986b7d33a2d25cea5c4d683f05fa682480ba698eae2f479cc72f069d9
  Gas usage: 21055
  Block number: 2
  Block time: Fri May 08 2026 02:30:34 GMT+0700 (Indochina Time)

eth_getTransactionReceipt
net_version
eth_getBlockByNumber
eth_estimateGas
eth_getBlockByNumber
eth_gasPrice
eth_sendTransaction

  Transaction: 0xbf56331ab8fbc93dd11e99baf76847c3382ed0b547ad8471d1fd8a12abf71f1d
  Gas usage: 72850
  Block number: 3
  Block time: Fri May 08 2026 02:30:34 GMT+0700 (Indochina Time)

eth_getTransactionReceipt
eth_blockNumber
eth_getBalance
eth_getTransactionByHash
debug_traceTransaction
eth_getTransactionByHash
debug_traceTransaction
eth_getTransactionByHash
debug_traceTransaction

Received shutdown signal: SIGTERM
Shutting down…
Server has been shut down
