COMMAND: python3 experiments/scale_trace/scripts/trace_result_json.py /home/aothuatgiadp/blockchain/project/CTLC-Implementation/experiments/scale_trace/runs/random_v1_117/D-_A_evm_fund_da_CTLCMultipleEdges_worst_claim/result.json /home/aothuatgiadp/blockchain/project/CTLC-Implementation/experiments/scale_trace/runs/random_v1_117/D-_A_evm_fund_da_CTLCMultipleEdges_worst_claim/trace.json
STATUS: 0

STDOUT:
{
  "graph_id": "",
  "pair": "D->A|evm|fund:da",
  "contract": "CTLCMultipleEdges",
  "scenario": "worst_claim",
  "contractAddress": "0x15FBCf7D4dBb841930fAC00B902C6cfA7DcFb47b",
  "traces": {
    "deploy": {
      "tx_hash": "0xaa4a6e5a0a9f936983bb5cf07fa95f7fb78f8e352398112eabbe7a63cc336e29",
      "actual_calldata_bytes": 7753,
      "actual_sstore_count": 11,
      "actual_call_count": 0,
      "opcode_steps": 1984
    },
    "fund": {
      "tx_hash": "0xdda4537703ef7858003b640056c23d948a768d084cf9f181063c556499074a40",
      "actual_calldata_bytes": 0,
      "actual_sstore_count": 0,
      "actual_call_count": 0,
      "opcode_steps": 13
    },
    "claim_level0": {
      "tx_hash": "0x912049cf7821d8abd58ceb0655d007fd7b86510208debf409760ce5f1a1a76a5",
      "actual_calldata_bytes": 228,
      "actual_sstore_count": 1,
      "actual_call_count": 1,
      "opcode_steps": 885
    }
  }
}


STDERR:

