Using network 'development'.

{
  "ok": true,
  "graph_id": "",
  "pair": "B->D|evm|fund:bd",
  "pairKey": "B->D|evm|fund:bd",
  "contract": "CTLCOnly",
  "scenario": "best_claim",
  "deployGas": "0x139b2a",
  "gasUsed": "72874",
  "disableGasUsed": "",
  "claimGasUsed": "72874",
  "refundGasUsed": "",
  "contractAddress": "0x63459273f5bfb0Ff25B605f1Ae0F054393cC2403",
  "startBlock": "0",
  "endBlock": "3",
  "finalContractBalanceWei": "0",
  "deployer": "0xffA7e919dC97A3bdF0F7FE27572f7F62f0d3D25C",
  "party": "0xaddeb6f715Ae581c77682644396a78bA74b3ff1e",
  "counterparty": "0x113dDa731070505CCD35f662ecA654E035D92286",
  "fundingWei": "1000000000000000000",
  "timelocks": [
    8,
    9
  ],
  "transactions": [
    {
      "role": "deploy",
      "txHash": "0xd413e01fc191b979361801cc7a98a94d333563a2b76014d29336efb46d47ca2a"
    },
    {
      "role": "fund",
      "txHash": "0x7333608c73eaa94b0cf7ce1a016e1bef4a79221d4492e0c7dd29af2f7b12d5e6"
    },
    {
      "role": "claim",
      "txHash": "0x51fc6404b106baa6cc1e6ce33f5ecfff764897e9956968d1d65bb6c786c9616c",
      "level": 0,
      "option": 0
    }
  ],
  "txRoles": [
    {
      "role": "deploy",
      "txHash": "0xd413e01fc191b979361801cc7a98a94d333563a2b76014d29336efb46d47ca2a"
    },
    {
      "role": "fund",
      "txHash": "0x7333608c73eaa94b0cf7ce1a016e1bef4a79221d4492e0c7dd29af2f7b12d5e6"
    },
    {
      "role": "claim",
      "txHash": "0x51fc6404b106baa6cc1e6ce33f5ecfff764897e9956968d1d65bb6c786c9616c",
      "level": 0,
      "option": 0
    }
  ],
  "deployTxHash": "0xd413e01fc191b979361801cc7a98a94d333563a2b76014d29336efb46d47ca2a",
  "fundTxHash": "0x7333608c73eaa94b0cf7ce1a016e1bef4a79221d4492e0c7dd29af2f7b12d5e6",
  "claimTxHash": "0x51fc6404b106baa6cc1e6ce33f5ecfff764897e9956968d1d65bb6c786c9616c",
  "txHash": "0x51fc6404b106baa6cc1e6ce33f5ecfff764897e9956968d1d65bb6c786c9616c",
  "tx": "0x51fc6404b106baa6cc1e6ce33f5ecfff764897e9956968d1d65bb6c786c9616c"
}
