ganache v7.9.2 (@ganache/cli: 0.10.2, @ganache/core: 0.10.2)
Starting RPC server

Available Accounts
==================
(0) 0xffA7e919dC97A3bdF0F7FE27572f7F62f0d3D25C (1000 ETH)
(1) 0x9F12F7F1Cbfb7311dc854efAA1a50B92F35C0Ed5 (1000 ETH)
(2) 0xaddeb6f715Ae581c77682644396a78bA74b3ff1e (1000 ETH)
(3) 0x425C049D1bC7bD58207FE201986318288071B537 (1000 ETH)
(4) 0x113dDa731070505CCD35f662ecA654E035D92286 (1000 ETH)
(5) 0xc9FC25c2eecAF14a7B6daB86c8d08CCCc8c8C6EC (1000 ETH)
(6) 0xe8F0861c031104e245B9925C619C826B3bE9d151 (1000 ETH)
(7) 0xE621B7A6e2F329beE4945c263Fa8e6eb43e45550 (1000 ETH)
(8) 0xe202A4ec8E00c2f604e19EC1EE7d03e421435308 (1000 ETH)
(9) 0x4a5465321025Ea0cb628D813288c47F4E474b904 (1000 ETH)

Private Keys
==================
(0) 0xbf520a7f2c8f5fbba153c043a44b0aac3d79d2349ba4545f269d9231d483cee9
(1) 0xbcd2b95c25dbacf54101a7f38a581af2a5f82ed4bfc1fb1f322c52ff3dc20221
(2) 0xe3393ce978547217bd6ab35236e52c21d6dd40c0f0da3e01aef22a990a09254e
(3) 0xb1cb2ae76c1fe5130dde38ed2d75e9241685ee22b32952e594037c4467f350b1
(4) 0xd19e9d958935e49ff8f844e08a829fe2a6652b764fe2a9832ae490dd411a9774
(5) 0xdf6f178eee298e6fd8c8b12590a8932a67971ae2226cd6f7cea0b00d26da3144
(6) 0xaf3f8115d562ba1760ec14454ddbd537762f370164d583d8f5a875db0a051251
(7) 0x2f5bdb1b02e5669ac9cd06d0a85b53e2eb3b422fd7f2b575a1bbad383e11e465
(8) 0xbc8299c44c3702d57cbe204fef30d5f885379ebf5e0be84bcc67a9e492ec8f32
(9) 0xb2e5bd95d9a5668f9f9d6ccef3e9d4d41ecd8d446712b45ffa53cbd7f9391830

HD Wallet
==================
Mnemonic:      agent expose describe bounce noodle video gas lens grief inner two furnace
Base HD Path:  m/44'/60'/0'/0/{account_index}

Default Gas Price
==================
2000000000

BlockGas Limit
==================
30000000

Call Gas Limit
==================
50000000

Chain
==================
Hardfork: shanghai
Id:       1337

RPC Listening on 127.0.0.1:8545
web3_clientVersion
eth_blockNumber
net_version
eth_accounts
eth_accounts
eth_blockNumber
net_version
eth_getBlockByNumber
eth_estimateGas
eth_getBlockByNumber
eth_gasPrice
eth_sendTransaction

  Transaction: 0xd413e01fc191b979361801cc7a98a94d333563a2b76014d29336efb46d47ca2a
  Contract created: 0x63459273f5bfb0ff25b605f1ae0f054393cc2403
  Gas usage: 1284906
  Block number: 1
  Block time: Fri May 08 2026 00:39:19 GMT+0700 (Indochina Time)

eth_getTransactionReceipt
eth_getCode
eth_getTransactionReceipt
eth_getBlockByNumber
eth_gasPrice
eth_sendTransaction

  Transaction: 0x7333608c73eaa94b0cf7ce1a016e1bef4a79221d4492e0c7dd29af2f7b12d5e6
  Gas usage: 21055
  Block number: 2
  Block time: Fri May 08 2026 00:39:19 GMT+0700 (Indochina Time)

eth_getTransactionReceipt
net_version
eth_getBlockByNumber
eth_estimateGas
eth_getBlockByNumber
eth_gasPrice
eth_sendTransaction

  Transaction: 0x51fc6404b106baa6cc1e6ce33f5ecfff764897e9956968d1d65bb6c786c9616c
  Gas usage: 72874
  Block number: 3
  Block time: Fri May 08 2026 00:39:19 GMT+0700 (Indochina Time)

eth_getTransactionReceipt
eth_blockNumber
eth_getBalance
eth_getTransactionByHash
debug_traceTransaction
eth_getTransactionByHash
debug_traceTransaction
eth_getTransactionByHash
debug_traceTransaction

Received shutdown signal: SIGTERM
Shutting down…
Server has been shut down
