COMMAND: python3 experiments/scale_trace/scripts/trace_result_json.py /home/aothuatgiadp/blockchain/project/CTLC-Implementation/experiments/scale_trace/runs/random_v1_237/D-_E_evm_fund_de_CTLCMultipleEdges_worst_claim/result.json /home/aothuatgiadp/blockchain/project/CTLC-Implementation/experiments/scale_trace/runs/random_v1_237/D-_E_evm_fund_de_CTLCMultipleEdges_worst_claim/trace.json
STATUS: 0

STDOUT:
{
  "graph_id": "",
  "pair": "D->E|evm|fund:de",
  "contract": "CTLCMultipleEdges",
  "scenario": "worst_claim",
  "contractAddress": "0xc2697b211C7c1A6d93eCb08700b8DaEfb5ce11da",
  "traces": {
    "deploy": {
      "tx_hash": "0x2f36bff09249cb3c8e916ee81bd6b76419fb1a29a3f720dc4f8912de886b04b6",
      "actual_calldata_bytes": 7817,
      "actual_sstore_count": 13,
      "actual_call_count": 0,
      "opcode_steps": 2160
    },
    "fund": {
      "tx_hash": "0x052fd9bc85a73a0ff59cd01a7f913d39bd4438e531dfad1437504aae2b6176af",
      "actual_calldata_bytes": 0,
      "actual_sstore_count": 0,
      "actual_call_count": 0,
      "opcode_steps": 13
    },
    "claim_level0": {
      "tx_hash": "0x16664cb56de307bdab55a51237b37c5d47ea8e9d68ee08065e8ce23259c1312e",
      "actual_calldata_bytes": 324,
      "actual_sstore_count": 1,
      "actual_call_count": 1,
      "opcode_steps": 1241
    }
  }
}


STDERR:

