Using network 'development'.

{
  "ok": true,
  "graph_id": "",
  "pair": "E->A|evm|fund:ea",
  "pairKey": "E->A|evm|fund:ea",
  "contract": "CTLCOnly",
  "scenario": "worst_claim",
  "deployGas": "0x10ccbb",
  "gasUsed": "64620",
  "disableGasUsed": "0",
  "claimGasUsed": "64620",
  "refundGasUsed": "",
  "contractAddress": "0xc536Aa84daba16b97Caaf46503AD6127B8125F5f",
  "startBlock": "0",
  "endBlock": "3",
  "finalContractBalanceWei": "0",
  "deployer": "0xEc1bD1D02335758c5dE3D5F2A98c17F220f34939",
  "party": "0xf2b7a6150aD3cF19F6F7D52C455aF5804B269702",
  "counterparty": "0xA6f58b4875498FBE058094452D65FBCa40E0b4df",
  "fundingWei": "1000000000000000000",
  "timelocks": [
    6
  ],
  "transactions": [
    {
      "role": "deploy",
      "txHash": "0x27e9fc56d5779c4068c0ba14cd9fd4983f055ffdb43d42b4d86a84f9835bc028"
    },
    {
      "role": "fund",
      "txHash": "0x8cff4351484ad8b57a62d75c06a9f58a208a9d6b004c817a8aeed4c1229282d2"
    },
    {
      "role": "claim",
      "txHash": "0xb8e4b7c76169a61a80042e8ff7b9d4605d5b8ce460d4aad78e8bdd80a3afab79",
      "level": 0,
      "option": 0
    }
  ],
  "txRoles": [
    {
      "role": "deploy",
      "txHash": "0x27e9fc56d5779c4068c0ba14cd9fd4983f055ffdb43d42b4d86a84f9835bc028"
    },
    {
      "role": "fund",
      "txHash": "0x8cff4351484ad8b57a62d75c06a9f58a208a9d6b004c817a8aeed4c1229282d2"
    },
    {
      "role": "claim",
      "txHash": "0xb8e4b7c76169a61a80042e8ff7b9d4605d5b8ce460d4aad78e8bdd80a3afab79",
      "level": 0,
      "option": 0
    }
  ],
  "deployTxHash": "0x27e9fc56d5779c4068c0ba14cd9fd4983f055ffdb43d42b4d86a84f9835bc028",
  "fundTxHash": "0x8cff4351484ad8b57a62d75c06a9f58a208a9d6b004c817a8aeed4c1229282d2",
  "claimTxHash": "0xb8e4b7c76169a61a80042e8ff7b9d4605d5b8ce460d4aad78e8bdd80a3afab79",
  "txHash": "0xb8e4b7c76169a61a80042e8ff7b9d4605d5b8ce460d4aad78e8bdd80a3afab79",
  "tx": "0xb8e4b7c76169a61a80042e8ff7b9d4605d5b8ce460d4aad78e8bdd80a3afab79"
}
