ganache v7.9.2 (@ganache/cli: 0.10.2, @ganache/core: 0.10.2)
Starting RPC server

Available Accounts
==================
(0) 0xCAFce60F261791Eab995DaB41A222d98Fe92d279 (1000 ETH)
(1) 0xa41e4531Be51B71aa0Dbb4d570F8d959E7be045E (1000 ETH)
(2) 0x979eFf48FCd3A8839b86E3cCdBF939d71315e501 (1000 ETH)
(3) 0x44f448AA857E1F4EC09907081D6F4d7d7fB9a1aB (1000 ETH)
(4) 0x45e127228a6994240EDb93A8a109A0F06fc37D35 (1000 ETH)
(5) 0xCB2cEA120a3feaE1d434AFd8351F4e4336e2674b (1000 ETH)
(6) 0x3a53Eb2d7652b5a324E068BBC08A5dc9393A2d18 (1000 ETH)
(7) 0x0E6352acb89c078842de8A7449a24A7441D1bC1E (1000 ETH)
(8) 0xbA8F983Ab30Ca0e88415499D12bfCF1b8fA4ABB9 (1000 ETH)
(9) 0x82D8646233376f299e2acea55a60363E950BEB7A (1000 ETH)

Private Keys
==================
(0) 0xccc5e3d1ffe211161fba5ae7c82caf1b22ff08a898eedae9a3659d45bd5f1b62
(1) 0x4e5432cff74a1d002e80a48ac4bc80557a912a9ab8ad12a3412f775160b24ab0
(2) 0xe80eb5bdceb760321432a12a9df0e1eaebee5beae31440350cdfe91c6b7a3169
(3) 0x472064c41e45d2c88bc669c71863c54109c8c9f5ad52e981afb2183f9ad631ba
(4) 0xd75561057d72fd394c0d403d5bbdb3578cdef788b6275730a13144b69a60221f
(5) 0x7e9439980f42bb92406523c036a5ede3e780c8b50a485a2cf53c507f87bf5fa1
(6) 0x639cc375835c666f2118914039e54a7871dd11781117f42ccdc04af85824fe59
(7) 0x2237145e2e3ce783765c61104a90f29fff398c3f7cf5b92d3197d46b3ad6ab89
(8) 0x344083acd6b2e02d50decfce7edb7431359132cc87749a5345b9130fb8ea0cdd
(9) 0xabcdb53ee2ac29f758bab6b197166a01149c74bc8b5bcfec0f305242c83dfa93

HD Wallet
==================
Mnemonic:      solid flat sting immune current talent prepare memory disease evolve business glance
Base HD Path:  m/44'/60'/0'/0/{account_index}

Default Gas Price
==================
2000000000

BlockGas Limit
==================
30000000

Call Gas Limit
==================
50000000

Chain
==================
Hardfork: shanghai
Id:       1337

RPC Listening on 127.0.0.1:8545
web3_clientVersion
eth_blockNumber
net_version
eth_accounts
eth_accounts
eth_blockNumber
net_version
eth_getBlockByNumber
eth_estimateGas
eth_getBlockByNumber
eth_gasPrice
eth_sendTransaction

  Transaction: 0x3b7a08f5bfc3ffafe40c9749ee50b0780b3ee5324d42afe4b93ba2e298680c8e
  Contract created: 0xdcc3df04455d48ad260f6668eb514f73b9d89fc9
  Gas usage: 1146811
  Block number: 1
  Block time: Fri May 08 2026 02:12:11 GMT+0700 (Indochina Time)

eth_getTransactionReceipt
eth_getCode
eth_getTransactionReceipt
eth_getBlockByNumber
eth_gasPrice
eth_sendTransaction

  Transaction: 0x6558754bc4012e2ead2e09c536fdfcb9533ba9aebf45a153aeb31ab4f67e472c
  Gas usage: 21055
  Block number: 2
  Block time: Fri May 08 2026 02:12:11 GMT+0700 (Indochina Time)

eth_getTransactionReceipt
net_version
eth_getBlockByNumber
eth_estimateGas
eth_getBlockByNumber
eth_gasPrice
eth_sendTransaction

  Transaction: 0xd15c458eae4ba6eb9ce2de7b3a301a848538967bf11b977e033d6891c58ff82c
  Gas usage: 72874
  Block number: 3
  Block time: Fri May 08 2026 02:12:11 GMT+0700 (Indochina Time)

eth_getTransactionReceipt
eth_blockNumber
eth_getBalance
eth_getTransactionByHash
debug_traceTransaction
eth_getTransactionByHash
debug_traceTransaction
eth_getTransactionByHash
debug_traceTransaction

Received shutdown signal: SIGTERM
Shutting down…
Server has been shut down
