ganache v7.9.2 (@ganache/cli: 0.10.2, @ganache/core: 0.10.2)
Starting RPC server

Available Accounts
==================
(0) 0x40593c6F1b2315F8EFcbACbB97f854133cE0bAD2 (1000 ETH)
(1) 0x5Ed49870aA216DfA210E03816F6C0252C911B677 (1000 ETH)
(2) 0xa2a57C04Ed44b41Fd78F8a93c7dD5311a6cC1B84 (1000 ETH)
(3) 0x0c9C779C4e564215Ea5C9DD36E5b05871264Bb9A (1000 ETH)
(4) 0xBF3601cf871D66B01eBf4cc2B366458cFE6D95F3 (1000 ETH)
(5) 0x39911Da0A7b7bfAF8cd9832Db14fc259B929B5d7 (1000 ETH)
(6) 0x4f042A8B3bfF41BB8F1C4fBB64B40B4633B43139 (1000 ETH)
(7) 0xcA0705D07Ac1b8516Fb1aE81810B98E83a577d4b (1000 ETH)
(8) 0x5932641aD6E82AF35d4b67bE48FB833BD8536fCB (1000 ETH)
(9) 0xB00824377dA22D366e512Cacc7a2794fd2BA392e (1000 ETH)

Private Keys
==================
(0) 0x8386bf59be92ae09c60fae8033d85e5403edb4f3827ce2f21bfac89ec71f28ff
(1) 0x1d9cb1e0c9b13fee1b87e8ce43c35a2477ea300b48f5c7a5353287779a647bdb
(2) 0xd1dcc73fcd9a6af207eab9254ac5ecf12bdda58b6a865eed91c42308e88f3e5b
(3) 0x54d7d133da5ac0347d0b0119e06969d09a3b807af2495ca68c2c316025bcf68f
(4) 0xec1f69893b4556c158c748a8936f00764d38dc59fa8314ba923907d2980065fe
(5) 0xc75976c1cdbbcc10ab55221695612d95b17d73ca8fa81ec9863f9ce24f936695
(6) 0x4101fbe2016380b37da7c133efe57ccf2fd2f1de7f8c8da7d3714342d55cbea6
(7) 0x0ab779fca85670508489044a9774bd763f4dbb0dd9d3be447bdb663b52cc2519
(8) 0x7cf92eee1bd9606427cfb7e76b09eacef362dde41709fbb84ecaff8000f26733
(9) 0x8dce8376a1b53ea3b0fcc30be7cb8ffe7ace7e184a29ab934a3e9c8985800d6f

HD Wallet
==================
Mnemonic:      short grocery idle give mask mercy junk naive feature jewel romance impulse
Base HD Path:  m/44'/60'/0'/0/{account_index}

Default Gas Price
==================
2000000000

BlockGas Limit
==================
30000000

Call Gas Limit
==================
50000000

Chain
==================
Hardfork: shanghai
Id:       1337

RPC Listening on 127.0.0.1:8545
web3_clientVersion
eth_blockNumber
net_version
eth_accounts
eth_accounts
eth_blockNumber
net_version
eth_getBlockByNumber
eth_estimateGas
eth_getBlockByNumber
eth_gasPrice
eth_sendTransaction

  Transaction: 0x7d1a71fd5ed2aa8355fdef6a164dfe2884b6e8bba14efcabfd8d8c36a6cc9eb5
  Contract created: 0x60333a7771cdace5df00b802f6a0c2652f9e86b1
  Gas usage: 1169723
  Block number: 1
  Block time: Thu May 07 2026 21:14:39 GMT+0700 (Indochina Time)

eth_getTransactionReceipt
eth_getCode
eth_getTransactionReceipt
eth_getBlockByNumber
eth_gasPrice
eth_sendTransaction

  Transaction: 0x2cd66bc5256ed0be257c5ba29bbe7b0a205e6a9f1c35ea656d116668ec76608f
  Gas usage: 21055
  Block number: 2
  Block time: Thu May 07 2026 21:14:39 GMT+0700 (Indochina Time)

eth_getTransactionReceipt
net_version
eth_getBlockByNumber
eth_estimateGas
eth_getBlockByNumber
eth_gasPrice
eth_sendTransaction

  Transaction: 0x08e454c28af368d63a83dfbe0e40ce775d057af5d8bce4ed6278651af064c50a
  Gas usage: 77001
  Block number: 3
  Block time: Thu May 07 2026 21:14:39 GMT+0700 (Indochina Time)

eth_getTransactionReceipt
eth_blockNumber
eth_getBalance
eth_getTransactionByHash
debug_traceTransaction
eth_getTransactionByHash
debug_traceTransaction
eth_getTransactionByHash
debug_traceTransaction

Received shutdown signal: SIGTERM
Shutting down…
Server has been shut down
