ganache v7.9.2 (@ganache/cli: 0.10.2, @ganache/core: 0.10.2)
Starting RPC server

Available Accounts
==================
(0) 0x23F7a556dCfAc8525292A0f29C04520F19BC193E (1000 ETH)
(1) 0x60BE7d08085800b535B25Afbce62BAc6c625f8BB (1000 ETH)
(2) 0xEa4b1874C1bD60deC517b31df2F2d0173B0eafDf (1000 ETH)
(3) 0x556f86d497C6101Fc4ed035546c01749C64184eB (1000 ETH)
(4) 0x77CBC7871cf51837Fc58302D92cF3FD2743C76fd (1000 ETH)
(5) 0x534eAF128bb33a9341C1c09ae8c105c3Cae63f27 (1000 ETH)
(6) 0x67302C2aeD181F784FDE9233058F41a875451986 (1000 ETH)
(7) 0xce3e56283d98B9ff8B605CA37D9089931f13fdee (1000 ETH)
(8) 0xA857AEDd767A45b3Ceeb17A66D96e55110996149 (1000 ETH)
(9) 0x9bA3EBFf0e7547D2595327B5102B0c4304309eBd (1000 ETH)

Private Keys
==================
(0) 0xe7f7d9ebd21eba09acb21967e2ef11023a4dd072bce7277a2b710ca39510f5bd
(1) 0xcd60ff7a7f5ed49401d648b91a18c150a4158d76493548a44ccb25aa4470505d
(2) 0xa3d252fa25aaa80fa7190d78c2b53a17ea45cc088583a44f7f3ceb76e80ba7e8
(3) 0x41fdb4b2af227e3c47983ed24b0fb6dbd6dbb530af6fda7122ab92798ef7e52d
(4) 0x0a5b6a3c7ed695407576e8faf88f53c439d26912e4370a47bb6bcca3fbd8c6a2
(5) 0xc6eab278dbee91c82d77e09d69111cc40ac139e7ad30167cdf2a4bcee0eaf6f7
(6) 0x07aec0c2b8422e69d8deb79ed0d68670ad3f2dd487a44c4fc793e8450712b24b
(7) 0xdd10b14bd782d4bfc33b33ffbe4b0ec8b6e529523cca924a39df3bda10e29981
(8) 0x88a3742ecd5cbe76eb8954b1d0a14cf51867c9da37331941be97b169d2115776
(9) 0x47ccf22594620d990577df52511b4613af2a60e8e3f35119dd1d59ab11092823

HD Wallet
==================
Mnemonic:      sketch cross evoke wrong elevator style divert label almost survey magnet logic
Base HD Path:  m/44'/60'/0'/0/{account_index}

Default Gas Price
==================
2000000000

BlockGas Limit
==================
30000000

Call Gas Limit
==================
50000000

Chain
==================
Hardfork: shanghai
Id:       1337

RPC Listening on 127.0.0.1:8545
web3_clientVersion
eth_blockNumber
net_version
eth_accounts
eth_accounts
eth_blockNumber
net_version
eth_getBlockByNumber
eth_estimateGas
eth_getBlockByNumber
eth_gasPrice
eth_sendTransaction

  Transaction: 0x05df6bc26dd5474761f674ce3bfe22231ecf7d63b8d506aedd694ae1c743c72c
  Contract created: 0x2408189adb8bb8ec7e6e2f583a58a14377b23eab
  Gas usage: 1470231
  Block number: 1
  Block time: Fri May 08 2026 00:44:55 GMT+0700 (Indochina Time)

eth_getTransactionReceipt
eth_getCode
eth_getTransactionReceipt
eth_getBlockByNumber
eth_gasPrice
eth_sendTransaction

  Transaction: 0xb34746c08fd619c3b161f7729cf35917c9ed7fc021a81b63270c84c5f9fe522b
  Gas usage: 21055
  Block number: 2
  Block time: Fri May 08 2026 00:44:55 GMT+0700 (Indochina Time)

eth_getTransactionReceipt
eth_blockNumber
evm_mine
eth_blockNumber
evm_mine
eth_blockNumber
evm_mine
eth_blockNumber
evm_mine
eth_blockNumber
evm_mine
eth_blockNumber
net_version
eth_getBlockByNumber
eth_estimateGas
eth_getBlockByNumber
eth_gasPrice
eth_sendTransaction

  Transaction: 0x944c6b3817b8424a9ac3a7e1f335309a28b41f901d20c53a6cf9e8947a86a08f
  Gas usage: 52925
  Block number: 8
  Block time: Fri May 08 2026 00:44:55 GMT+0700 (Indochina Time)

eth_getTransactionReceipt
net_version
eth_getBlockByNumber
eth_estimateGas
eth_getBlockByNumber
eth_gasPrice
eth_sendTransaction

  Transaction: 0x41100e11520d02782742138a34ac11cb35d75f0417ca9825be43741192b057db
  Gas usage: 75960
  Block number: 9
  Block time: Fri May 08 2026 00:44:55 GMT+0700 (Indochina Time)

eth_getTransactionReceipt
eth_blockNumber
eth_getBalance
eth_getTransactionByHash
debug_traceTransaction
eth_getTransactionByHash
debug_traceTransaction
eth_getTransactionByHash
debug_traceTransaction
eth_getTransactionByHash
debug_traceTransaction

Received shutdown signal: SIGTERM
Shutting down…
Server has been shut down
