COMMAND: python3 experiments/scale_trace/scripts/trace_result_json.py /home/aothuatgiadp/blockchain/project/CTLC-Implementation/experiments/scale_trace/runs/random_v1_231/C-_D_evm_fund_cd_CTLCMultipleEdges_worst_claim/result.json /home/aothuatgiadp/blockchain/project/CTLC-Implementation/experiments/scale_trace/runs/random_v1_231/C-_D_evm_fund_cd_CTLCMultipleEdges_worst_claim/trace.json
STATUS: 0

STDOUT:
{
  "graph_id": "",
  "pair": "C->D|evm|fund:cd",
  "contract": "CTLCMultipleEdges",
  "scenario": "worst_claim",
  "contractAddress": "0x2408189aDB8bb8ec7e6E2F583A58a14377b23EAB",
  "traces": {
    "deploy": {
      "tx_hash": "0x05df6bc26dd5474761f674ce3bfe22231ecf7d63b8d506aedd694ae1c743c72c",
      "actual_calldata_bytes": 8233,
      "actual_sstore_count": 23,
      "actual_call_count": 0,
      "opcode_steps": 3836
    },
    "fund": {
      "tx_hash": "0xb34746c08fd619c3b161f7729cf35917c9ed7fc021a81b63270c84c5f9fe522b",
      "actual_calldata_bytes": 0,
      "actual_sstore_count": 0,
      "actual_call_count": 0,
      "opcode_steps": 13
    },
    "disable_level0": {
      "tx_hash": "0x944c6b3817b8424a9ac3a7e1f335309a28b41f901d20c53a6cf9e8947a86a08f",
      "actual_calldata_bytes": 36,
      "actual_sstore_count": 1,
      "actual_call_count": 0,
      "opcode_steps": 300
    },
    "claim_level1": {
      "tx_hash": "0x41100e11520d02782742138a34ac11cb35d75f0417ca9825be43741192b057db",
      "actual_calldata_bytes": 420,
      "actual_sstore_count": 1,
      "actual_call_count": 1,
      "opcode_steps": 1597
    }
  }
}


STDERR:

