ganache v7.9.2 (@ganache/cli: 0.10.2, @ganache/core: 0.10.2)
Starting RPC server

Available Accounts
==================
(0) 0x60F058e4bE7f815B680125a614A2b86A0B64d6b4 (1000 ETH)
(1) 0x3EEa10a94Bd4C24fE9A876941b72b78391bb5A0d (1000 ETH)
(2) 0x16575B838395a093748508170B8414E4bA8B6310 (1000 ETH)
(3) 0xe8b351A9d50633A3df74D6E649F5Bc304fD3443E (1000 ETH)
(4) 0x9f35a6Cd9ED1052E5184D893C16fA7dAB08da4cF (1000 ETH)
(5) 0xbFbB420fA15D7F064F7d94aD1dc80b6210701e07 (1000 ETH)
(6) 0x0BBF3880EF1c3051144e98a7eD4DFE80f6CF83c1 (1000 ETH)
(7) 0x10b8c2c37E6189549fd128ed9B469c2d8Dea8961 (1000 ETH)
(8) 0x5e1eb317537BeDa2Fd0c9A973A9398e9567ea4cb (1000 ETH)
(9) 0xBa000b89D0459A378357506254A598FC5AD89Fd7 (1000 ETH)

Private Keys
==================
(0) 0x152fa955da3a41d2726ae87768a9d0e14c6470fa9ad9ab998af662db3aff988e
(1) 0xd70c240892f16611d5da95c35a22d7cc3df6ae2b0a7365e59d6557b5103dddd2
(2) 0x992308deb543e0c9d6a4004df828194ef158311e834c6a79dd42b6c7d054b0eb
(3) 0x803f1415c91d9bca97210c50b6854ac4f8fce85560d7eb7731a100d54540691c
(4) 0xa57a37b493ff03019bb43f7bbf679930c8e09d0b98c38cc8121b81a69123ff4e
(5) 0x56b996d5658994456f29502c6e0589cf0a899e6cdf9152fb3dded15ba696d8ef
(6) 0x236ea5fd198d255f16136252bc90cb721731bfe8c2a9e478f795d15f6e599ae3
(7) 0xd4c81469e97620f647e5857ce1c6dee68b12c09bddf82341cef86a573c783440
(8) 0xaec20f5642d58e2e9cad141ffd5bd95d0d101d3e80204e62b0325988ace942ff
(9) 0x7e7ce076458352ba6f923b18036a82054105abc3f4f790723382a2d47eed9a62

HD Wallet
==================
Mnemonic:      distance client bachelor circle uncle enlist twist advance offer shop upset camp
Base HD Path:  m/44'/60'/0'/0/{account_index}

Default Gas Price
==================
2000000000

BlockGas Limit
==================
30000000

Call Gas Limit
==================
50000000

Chain
==================
Hardfork: shanghai
Id:       1337

RPC Listening on 127.0.0.1:8545
web3_clientVersion
eth_blockNumber
net_version
eth_accounts
eth_accounts
eth_blockNumber
net_version
eth_getBlockByNumber
eth_estimateGas
eth_getBlockByNumber
eth_gasPrice
eth_sendTransaction

  Transaction: 0x45e2643821c488a6b85c71d71e14ddc1c6818be1317954eda68d808777af8841
  Contract created: 0x9d0e237a2fd1c4c700a81353a9f603d1bf3e26d7
  Gas usage: 1239462
  Block number: 1
  Block time: Thu May 07 2026 21:08:44 GMT+0700 (Indochina Time)

eth_getTransactionReceipt
eth_getCode
eth_getTransactionReceipt
eth_getBlockByNumber
eth_gasPrice
eth_sendTransaction

  Transaction: 0xbd2695eee204f7fab56f303c8c1acb6a03fadadc0a214fa11a775f2b949fd415
  Gas usage: 21055
  Block number: 2
  Block time: Thu May 07 2026 21:08:44 GMT+0700 (Indochina Time)

eth_getTransactionReceipt
net_version
eth_getBlockByNumber
eth_estimateGas
eth_getBlockByNumber
eth_gasPrice
eth_sendTransaction

  Transaction: 0xd28d5b909a57553944417b06d3c62507ec908656e1d576cf733b3ff529ef4851
  Gas usage: 71641
  Block number: 3
  Block time: Thu May 07 2026 21:08:44 GMT+0700 (Indochina Time)

eth_getTransactionReceipt
eth_blockNumber
eth_getBalance
eth_getTransactionByHash
debug_traceTransaction
eth_getTransactionByHash
debug_traceTransaction
eth_getTransactionByHash
debug_traceTransaction

Received shutdown signal: SIGTERM
Shutting down…
Server has been shut down
