ganache v7.9.2 (@ganache/cli: 0.10.2, @ganache/core: 0.10.2)
Starting RPC server

Available Accounts
==================
(0) 0x2F363F6b0c86A21703581192c0A52F475CEC0413 (1000 ETH)
(1) 0x32bfa24381B5E81032d2265D5592DCdeDA61E542 (1000 ETH)
(2) 0xAbb50ccC73713eb0B7F69d25369f844492E4E49c (1000 ETH)
(3) 0x387a92Ecf8c1687eD569b963bB8A18ffb5ddA29B (1000 ETH)
(4) 0xfc1E83c489d10617D236eD7aC997BBc3cF40934A (1000 ETH)
(5) 0x37a02AB7B573CA58fffe1FE5Af35f8a81E255aE5 (1000 ETH)
(6) 0x441Ae003763AA579913e774319c27e86100b5566 (1000 ETH)
(7) 0x70e7a97e89983Aeedf22E9c2283EaB19c55EB524 (1000 ETH)
(8) 0xbAb1B45d4213A946C1Ce773905EFa7CC755dc75F (1000 ETH)
(9) 0x96F255C08ef4D4bF71D9ce1f35b2E43826E7cE5F (1000 ETH)

Private Keys
==================
(0) 0x2cdc8418fd5d5945c55e099c1c48301c571d5af9c18ecac27c3f476cb6717443
(1) 0xab4252a88e2c790f2bad7fc7b5a7bfe615ccb933fd4e0220a4919571d039f93b
(2) 0x79190826aae50616834b29ccbd6dbdace1a2663f5fa13338fc10b774350295f0
(3) 0x5ac9e3809d977560c834a938352e293b42f450247c0fc3a7126ecc44fbab98b8
(4) 0x52c921a17f912a67b04bc10258b4d67c86312fde7f78d7aa8404ebf07b8d4e4f
(5) 0xe1200f1b033b7532099ed8598ab0afa7681daf8ffe5566ef42afe33c612a7b17
(6) 0x44e298dd0073abe5029c1689d5e7302844ad7344036972b55677b6387aa46a6c
(7) 0x9790399a806122ed3270df63adac90b86ae3dcbc2f5a88672200280f41147164
(8) 0xef426c8e8d9bc73ae59b7c5ab5aba9c0dec0ba2de12d59d093f6dda434c9abd4
(9) 0x148296fb7092fffd560871ae2266687da95ecd234f54087be0ec5499d83e639d

HD Wallet
==================
Mnemonic:      open gaze upon amateur uncover swamp worry ice rival improve bag umbrella
Base HD Path:  m/44'/60'/0'/0/{account_index}

Default Gas Price
==================
2000000000

BlockGas Limit
==================
30000000

Call Gas Limit
==================
50000000

Chain
==================
Hardfork: shanghai
Id:       1337

RPC Listening on 127.0.0.1:8545
web3_clientVersion
eth_blockNumber
net_version
eth_accounts
eth_accounts
eth_blockNumber
net_version
eth_getBlockByNumber
eth_estimateGas
eth_getBlockByNumber
eth_gasPrice
eth_sendTransaction

  Transaction: 0xf10b48db775f66e2be0e313aec5fb7dc8d034adcf06b2a42224cc73c6d152b74
  Contract created: 0x5340972c6cf1142ed657b32c9c4a02180cf9c405
  Gas usage: 1330730
  Block number: 1
  Block time: Fri May 08 2026 02:49:49 GMT+0700 (Indochina Time)

eth_getTransactionReceipt
eth_getCode
eth_getTransactionReceipt
eth_getBlockByNumber
eth_gasPrice
eth_sendTransaction

  Transaction: 0x68feca6064ba9037a464c18bd9fb3be2d84a3a855b17805168fc58f69e51d513
  Gas usage: 21055
  Block number: 2
  Block time: Fri May 08 2026 02:49:49 GMT+0700 (Indochina Time)

eth_getTransactionReceipt
eth_blockNumber
evm_mine
eth_blockNumber
evm_mine
eth_blockNumber
evm_mine
eth_blockNumber
evm_mine
eth_blockNumber
evm_mine
eth_blockNumber
evm_mine
eth_blockNumber
evm_mine
eth_blockNumber
net_version
eth_getBlockByNumber
eth_estimateGas
eth_getBlockByNumber
eth_gasPrice
eth_sendTransaction

  Transaction: 0xee5e5ef7272a55b680f0b36fdd04d538e51d82e66e82a721dd61b4571d08a955
  Gas usage: 52947
  Block number: 10
  Block time: Fri May 08 2026 02:49:49 GMT+0700 (Indochina Time)

eth_getTransactionReceipt
net_version
eth_getBlockByNumber
eth_estimateGas
eth_getBlockByNumber
eth_gasPrice
eth_sendTransaction

  Transaction: 0x9ff0a179f0120ccb581b34c7c80e1a05526098b3b4294013224a77b11d96092a
  Gas usage: 81176
  Block number: 11
  Block time: Fri May 08 2026 02:49:49 GMT+0700 (Indochina Time)

eth_getTransactionReceipt
eth_blockNumber
eth_getBalance
eth_getTransactionByHash
debug_traceTransaction
eth_getTransactionByHash
debug_traceTransaction
eth_getTransactionByHash
debug_traceTransaction
eth_getTransactionByHash
debug_traceTransaction

Received shutdown signal: SIGTERM
Shutting down…
Server has been shut down
