Using network 'development'.

{
  "ok": true,
  "graph_id": "",
  "pair": "E->F|evm|fund:ef",
  "pairKey": "E->F|evm|fund:ef",
  "contract": "CTLCMultipleEdges",
  "scenario": "refund",
  "deployGas": "0x1a49ee",
  "gasUsed": "148301",
  "disableGasUsed": "88762",
  "claimGasUsed": "",
  "refundGasUsed": "59539",
  "contractAddress": "0xd975B7fbD8C271890409DAEfc28153eBa4A230ef",
  "startBlock": "0",
  "endBlock": "12",
  "finalContractBalanceWei": "0",
  "deployer": "0x62E015072BE17CF55DA23E7573bED8238147d019",
  "party": "0x14782ee2451A2Ef27ef7484de0624dCd21051135",
  "counterparty": "0x652d5Cd98A0545D4af2e6479DF0c3755FE758749",
  "fundingWei": "1000000000000000000",
  "timelocks": [
    8,
    10,
    11
  ],
  "transactions": [
    {
      "role": "deploy",
      "txHash": "0x4bb5ee8b63135a46cacf8072118ff18032badd3b5a54dcc080cb95bc6199cca5"
    },
    {
      "role": "fund",
      "txHash": "0x19a1e871e2646eebf781fb3f820fa6f36cc76fd6be41dee0599f3baa2d89a721"
    },
    {
      "role": "disable",
      "txHash": "0xdb44e3a03f1c6b77dcce75f41e81bea8eb01b1150a6250c5904ebd85b3012dc9",
      "level": 0
    },
    {
      "role": "disable",
      "txHash": "0x62876ac8ec202c3e3d8d4604bd4278314b0c597ae542fbc8d870aedb38fcf0d6",
      "level": 1
    },
    {
      "role": "refund",
      "txHash": "0x8a955e1617ad83923b2569313dfde3d063b0653ed793ab8b887df1a9a767c4c2",
      "level": 2
    }
  ],
  "txRoles": [
    {
      "role": "deploy",
      "txHash": "0x4bb5ee8b63135a46cacf8072118ff18032badd3b5a54dcc080cb95bc6199cca5"
    },
    {
      "role": "fund",
      "txHash": "0x19a1e871e2646eebf781fb3f820fa6f36cc76fd6be41dee0599f3baa2d89a721"
    },
    {
      "role": "disable",
      "txHash": "0xdb44e3a03f1c6b77dcce75f41e81bea8eb01b1150a6250c5904ebd85b3012dc9",
      "level": 0
    },
    {
      "role": "disable",
      "txHash": "0x62876ac8ec202c3e3d8d4604bd4278314b0c597ae542fbc8d870aedb38fcf0d6",
      "level": 1
    },
    {
      "role": "refund",
      "txHash": "0x8a955e1617ad83923b2569313dfde3d063b0653ed793ab8b887df1a9a767c4c2",
      "level": 2
    }
  ],
  "deployTxHash": "0x4bb5ee8b63135a46cacf8072118ff18032badd3b5a54dcc080cb95bc6199cca5",
  "fundTxHash": "0x19a1e871e2646eebf781fb3f820fa6f36cc76fd6be41dee0599f3baa2d89a721",
  "disableTxHashes": [
    "0xdb44e3a03f1c6b77dcce75f41e81bea8eb01b1150a6250c5904ebd85b3012dc9",
    "0x62876ac8ec202c3e3d8d4604bd4278314b0c597ae542fbc8d870aedb38fcf0d6"
  ],
  "disableTxHash": "0xdb44e3a03f1c6b77dcce75f41e81bea8eb01b1150a6250c5904ebd85b3012dc9",
  "disableTx": "0xdb44e3a03f1c6b77dcce75f41e81bea8eb01b1150a6250c5904ebd85b3012dc9",
  "refundTxHash": "0x8a955e1617ad83923b2569313dfde3d063b0653ed793ab8b887df1a9a767c4c2",
  "refundTx": "0x8a955e1617ad83923b2569313dfde3d063b0653ed793ab8b887df1a9a767c4c2"
}
