ganache v7.9.2 (@ganache/cli: 0.10.2, @ganache/core: 0.10.2)
Starting RPC server

Available Accounts
==================
(0) 0xe1133908fe75E14cc8001fB7a616F0177b09539d (1000 ETH)
(1) 0x839c135C62fa8F41C203604fd1767956a1B2dCaD (1000 ETH)
(2) 0x7c6bc315bc584944Fe88697b6755993C32D74984 (1000 ETH)
(3) 0x15E2Edef1122Ba37eac19eba8B15AD1885007D55 (1000 ETH)
(4) 0x9d77A0BE145dD41D96f2aB7a2A31c7f0B6E4d905 (1000 ETH)
(5) 0xCed0D07F05351afA40de3776edEa47f4da4714f5 (1000 ETH)
(6) 0x1e3E23A13678D0101f6239e22e068267a832AAC3 (1000 ETH)
(7) 0x1Ef5D62581200f4e0fDb67e768e83B345c0e2E52 (1000 ETH)
(8) 0xAcd32948eE594852c1a375073F8571F96A0d8cE8 (1000 ETH)
(9) 0x74477bD51A2aE196321D5C41A70c5C069072617E (1000 ETH)

Private Keys
==================
(0) 0x5ad7174ea025395d9fc8fd8e6851c5b31011dea7474d35bf84c87d8c6534ca0f
(1) 0xaeccadc6fe1d0aa8fef3d724940a1233eb71aa57883dbe4f909f3f6848ac7629
(2) 0xdf20537500828a3e9a72b6b18ed1acba9657c9d250ee7e027a93a4b5d871f1d6
(3) 0xa77cc311ea2ebba0aabc68eb97d7eb9774abae362d6c3c6feb9e0054e59474ae
(4) 0xb43888ce3c73a662a40fb2ccaeb2eea59eb51ac1cb019e03f57a1779d8c7f1f9
(5) 0x578158d55d57acb56483361d4e53fc7d67c8e31a3803b072306115ccbc6bc1f5
(6) 0x71aca844b5f0ab119e6fbfe4427c0643fb7392aadd6c7c01b6ca14efe1437e6b
(7) 0x730e38fc2da84a7dcc3d71921b4bf388d5a080f11d83a31118ece104c640339c
(8) 0xcfcc697bfd43df92c82f14b12788184f923503ccaace8f4466a215d65a1d4d0d
(9) 0x67229477c20ec8bece0304dab86bc374125fb8026faf4d9029e5271a382e09cd

HD Wallet
==================
Mnemonic:      remain meadow soup soul mango cherry brand deposit check honey waste dizzy
Base HD Path:  m/44'/60'/0'/0/{account_index}

Default Gas Price
==================
2000000000

BlockGas Limit
==================
30000000

Call Gas Limit
==================
50000000

Chain
==================
Hardfork: shanghai
Id:       1337

RPC Listening on 127.0.0.1:8545
web3_clientVersion
eth_blockNumber
net_version
eth_accounts
eth_accounts
eth_blockNumber
net_version
eth_getBlockByNumber
eth_estimateGas
eth_getBlockByNumber
eth_gasPrice
eth_sendTransaction

  Transaction: 0x2f496f8d98d5764bb292014fe06c9f29bec80922adf9a45a3ba903fe99fea258
  Contract created: 0x296a41eda772061e333e307748f07dd43da7b5f4
  Gas usage: 1123875
  Block number: 1
  Block time: Fri May 08 2026 03:12:36 GMT+0700 (Indochina Time)

eth_getTransactionReceipt
eth_getCode
eth_getTransactionReceipt
eth_getBlockByNumber
eth_gasPrice
eth_sendTransaction

  Transaction: 0xb2a6df0d4d46bcdd9cd974562593f5bd93012da8d362993fc429c83faa6d01cf
  Gas usage: 21055
  Block number: 2
  Block time: Fri May 08 2026 03:12:36 GMT+0700 (Indochina Time)

eth_getTransactionReceipt
eth_blockNumber
evm_mine
eth_blockNumber
evm_mine
eth_blockNumber
evm_mine
eth_blockNumber
evm_mine
eth_blockNumber
evm_mine
eth_blockNumber
net_version
eth_getBlockByNumber
eth_estimateGas
eth_getBlockByNumber
eth_gasPrice
eth_sendTransaction

  Transaction: 0x609d82234f8dd9fad3c55768ebb69f10a62283261fc09e397b435a6d640c43fc
  Gas usage: 59561
  Block number: 8
  Block time: Fri May 08 2026 03:12:36 GMT+0700 (Indochina Time)

eth_getTransactionReceipt
eth_blockNumber
eth_getBalance
eth_getTransactionByHash
debug_traceTransaction
eth_getTransactionByHash
debug_traceTransaction
eth_getTransactionByHash
debug_traceTransaction

Received shutdown signal: SIGTERM
Shutting down…
Server has been shut down
