ganache v7.9.2 (@ganache/cli: 0.10.2, @ganache/core: 0.10.2)
Starting RPC server

Available Accounts
==================
(0) 0xE8051e36498865e8Ec61A82F9eE35e6a4CF357dA (1000 ETH)
(1) 0x1526cF26f6d66EcAfe0836e62012504B14cA7821 (1000 ETH)
(2) 0xA4E09c44C4149b906D3F758Aa32a5D4F2d16Fd95 (1000 ETH)
(3) 0x0626081b3f72f7d48e20597e3963a74fC8175347 (1000 ETH)
(4) 0x294f3B5a01011152df777C8A8ad12533f45D86dD (1000 ETH)
(5) 0xd4d0e4c92ABF01E829BAdA05415616c23201C846 (1000 ETH)
(6) 0x80f9Fa01c636Bcb0D773ff6D033548E308701e69 (1000 ETH)
(7) 0xEd5EF17B871713823790d0B256ffb77243584861 (1000 ETH)
(8) 0x95DE4C106833897Cb95e86183546Dc181f872431 (1000 ETH)
(9) 0xA37BE87c7531Df4dA0d36A3Fdf95C5d83E2D540C (1000 ETH)

Private Keys
==================
(0) 0xdcd45c807e5c21e7f582cf32adbd74e5ffb39d90fd6398985f165369f859796a
(1) 0x67a740a36d918a68bc3d19eae46c019b49e30382f867409639a05d3055f39c60
(2) 0x80f20d3508a65b9110bafb8c60c9c2653f722a3beaaec67dfad3dedb4cf6b081
(3) 0xf7ca868008bae7c44725d5b76e9667767879fb9b2250d5a3af4a2298abe08b7e
(4) 0x4dc91770b6631860b4bbbea991934197bf7dd72a8f2086035ec4724b10f06c17
(5) 0x1d3351973a641dbc079db391606a2cab2d857260f2c21571c6c004590c37f157
(6) 0xa1f6ac0d9e8d9286f13c7d3373a224793eda1cc6ab3e846c2b96937a7d9fbc8f
(7) 0xd24699578c75ccc3ea232e62ec966f340f4eb3c5cb003f3a2dd8b8e876866f44
(8) 0x0d7d85d22ca7b6fd5f5ae215749c79628183473ed57c5c18d652017cc0109c8f
(9) 0xfc53e79e363409851058d38de611c74a4323503d29b46ba46974040947155b3e

HD Wallet
==================
Mnemonic:      reveal scene area size leopard invite inspire angry mind rocket elite crunch
Base HD Path:  m/44'/60'/0'/0/{account_index}

Default Gas Price
==================
2000000000

BlockGas Limit
==================
30000000

Call Gas Limit
==================
50000000

Chain
==================
Hardfork: shanghai
Id:       1337

RPC Listening on 127.0.0.1:8545
web3_clientVersion
eth_blockNumber
net_version
eth_accounts
eth_accounts
eth_blockNumber
net_version
eth_getBlockByNumber
eth_estimateGas
eth_getBlockByNumber
eth_gasPrice
eth_sendTransaction

  Transaction: 0xc9a15894228d497eb2a3e02fe7a055199db7de9bc2da59e2dd53af5a124f2658
  Contract created: 0xa6edf7babcfa396c48fde8ddf7686b4fdf91a1cb
  Gas usage: 1123899
  Block number: 1
  Block time: Fri May 08 2026 01:30:16 GMT+0700 (Indochina Time)

eth_getTransactionReceipt
eth_getCode
eth_getTransactionReceipt
eth_getBlockByNumber
eth_gasPrice
eth_sendTransaction

  Transaction: 0x83c9973f0e66cd8ce8e0f91b08c9eda7cf0989005dd537d617018f5867887571
  Gas usage: 21055
  Block number: 2
  Block time: Fri May 08 2026 01:30:16 GMT+0700 (Indochina Time)

eth_getTransactionReceipt
net_version
eth_getBlockByNumber
eth_estimateGas
eth_getBlockByNumber
eth_gasPrice
eth_sendTransaction

  Transaction: 0x517d0729ca054bd4624beaf42c566164c753bd356ee3ec826039f89cba756148
  Gas usage: 68747
  Block number: 3
  Block time: Fri May 08 2026 01:30:16 GMT+0700 (Indochina Time)

eth_getTransactionReceipt
eth_blockNumber
eth_getBalance
eth_getTransactionByHash
debug_traceTransaction
eth_getTransactionByHash
debug_traceTransaction
eth_getTransactionByHash
debug_traceTransaction

Received shutdown signal: SIGTERM
Shutting down…
Server has been shut down
