ganache v7.9.2 (@ganache/cli: 0.10.2, @ganache/core: 0.10.2)
Starting RPC server

Available Accounts
==================
(0) 0x8F7395f77f72cF4B02f547aC166cA58761234E50 (1000 ETH)
(1) 0xf59CCCEcf004156D4d67D6685410CA08c581e84e (1000 ETH)
(2) 0x02c4Bb47Fe9B5f056685444c8431c5C7A14f3612 (1000 ETH)
(3) 0xf2acC0dd83109A48d35ED61921bBDeFdF957C7F0 (1000 ETH)
(4) 0xb5BE9f7e8DEF18668689d992dE4ad8B68b3DbC2f (1000 ETH)
(5) 0x1452A5b737850377F2717Df2Bf53F12fb889Fb42 (1000 ETH)
(6) 0x25dFB9489ADEF2a4Bcce2E6547b041744D832633 (1000 ETH)
(7) 0xCba5d5f476997F0e0EB6667afa2EBB72d245AA2F (1000 ETH)
(8) 0x562AF4b0d5AF6Fd05370F124369Efd09Ebb6CB0F (1000 ETH)
(9) 0x434318521923A8eEF4Aaf4e5cc3220bddC0390Cf (1000 ETH)

Private Keys
==================
(0) 0xd0485c5eb714c15a9b61dc13f789b1d4fbb62baaaf2bf059ae0b16d81f894255
(1) 0xd579280ab27aee465033ee8e9cd0aa2f6b14ac2670197b7600893ca2daf372cb
(2) 0xd839a71750b5c0765d8df20884dae35b2a1353cd2318f44a0e27aa4e34916ddc
(3) 0x908b89a6d8480e6c9802dcf1855afbf049ce814520df3eeb7aa4bed70d5666f2
(4) 0x3c9ca7d61c442f940e6574dfd4ba4792e4749946139a03d9f3bad3c996e2a0f1
(5) 0x293079df25063756cbee3e1b40b9443248073f1e7f41cda5ded92943dfa90b85
(6) 0x76c08fff2482a81d0650a67782fb988aa850514aa5e50bf70e864a5f61eeb0c4
(7) 0xf8e67bc616c5ba1a031256494c197216944af1b1a4c841b5356e9970a92f33a1
(8) 0x602a77533adc8e774dd537fe3755daf1cee9d2647ed9718c7b96148b78077939
(9) 0x12101a823fc03ad1d44abbfc6acf977c6218a89c08e84b0647a39c2ff718886a

HD Wallet
==================
Mnemonic:      kidney verb man magic pitch like fruit grunt wild burger element modify
Base HD Path:  m/44'/60'/0'/0/{account_index}

Default Gas Price
==================
2000000000

BlockGas Limit
==================
30000000

Call Gas Limit
==================
50000000

Chain
==================
Hardfork: shanghai
Id:       1337

RPC Listening on 127.0.0.1:8545
web3_clientVersion
eth_blockNumber
net_version
eth_accounts
eth_accounts
eth_blockNumber
net_version
eth_getBlockByNumber
eth_estimateGas
eth_getBlockByNumber
eth_gasPrice
eth_sendTransaction

  Transaction: 0x2f2c553f113ae7ebda350764611f6080a9ac194c5d0666dd9472715ee76aa802
  Contract created: 0x48567761e3e44d784255cde4036f29277387ee5f
  Gas usage: 1146811
  Block number: 1
  Block time: Thu May 07 2026 20:32:38 GMT+0700 (Indochina Time)

eth_getTransactionReceipt
eth_getCode
eth_getTransactionReceipt
eth_getBlockByNumber
eth_gasPrice
eth_sendTransaction

  Transaction: 0x85dbe1d94543cdba308808c1235d2fdc3fe3d6daff302b9e64bdb8450d4e1b6f
  Gas usage: 21055
  Block number: 2
  Block time: Thu May 07 2026 20:32:38 GMT+0700 (Indochina Time)

eth_getTransactionReceipt
net_version
eth_getBlockByNumber
eth_estimateGas
eth_getBlockByNumber
eth_gasPrice
eth_sendTransaction

  Transaction: 0xf5b30f4dbbca8a419e2de8a392fa7d498fe3c18b752bd369a05520775d47b034
  Gas usage: 72862
  Block number: 3
  Block time: Thu May 07 2026 20:32:38 GMT+0700 (Indochina Time)

eth_getTransactionReceipt
eth_blockNumber
eth_getBalance
eth_getTransactionByHash
debug_traceTransaction
eth_getTransactionByHash
debug_traceTransaction
eth_getTransactionByHash
debug_traceTransaction

Received shutdown signal: SIGTERM
Shutting down…
Server has been shut down
