ganache v7.9.2 (@ganache/cli: 0.10.2, @ganache/core: 0.10.2)
Starting RPC server
web3_clientVersion

Available Accounts
==================
(0) 0x79Bc1728F5B8264852Ec77273B8bDc43929bB430 (1000 ETH)
(1) 0x6Aea15ab10D473CB422a274e1b60f58FE45E2590 (1000 ETH)
(2) 0xCccE979f7d92A8a1F6cDa57Bb3E33B25E8849217 (1000 ETH)
(3) 0x74D34B4feD589b2aA2b69d2536eb049Af54882A5 (1000 ETH)
(4) 0x954bd0d8CC9502ab7d764022f73CA25c3995436E (1000 ETH)
(5) 0x48BCD7f92bC03775b64d78d114711CA461f984Bb (1000 ETH)
(6) 0xDD3f1d90e3052d284Fc3301502363DF4143a1F47 (1000 ETH)
(7) 0xD2EBe20039775fD05006ac83aB1746D2235fAA38 (1000 ETH)
(8) 0x55552E3C5B7C5dcCabf2d9e8F87244fD2837B7C4 (1000 ETH)
(9) 0x510fcdc9bF63828A439a256b8c1E03FE9fa729A3 (1000 ETH)

Private Keys
==================
(0) 0xbba287ae33ea1978da790702c308c5bfc6271dc50a44fc0a517a9228dd57a38f
(1) 0xf33a45b30780063f979983d241031549e9c4f1c8587d957f1223f79e6a8d9b42
(2) 0x8525e5b31d7bae2705b240388ef7c4dc58e2ef8b385c0c3e8d694cac23a26411
(3) 0x75e270c54088da860593cc0d2db0bb47c3cc60a7440be042686a104197e45fcb
(4) 0xaa3d7870d4245fded05fbccf2ed3f02767dfea7d5e2fdeac2ab8eae4b444acbc
(5) 0x2351f9bdd0c7ea1cc4b0a6fdf20cb2105c1f3a53ab78aaed650601b7fa0d6371
(6) 0x967c95807c2987b12d38e33dc60272b3ed8810e5b03d5fa46d78005443adc1e4
(7) 0x75298b063a1f0565e5fd86ef21da7b55796be18408788c6dd55fac1315ed6952
(8) 0x4d20be1a83de8c0c4485f30f4b3ef4c12d5c4e16788f5c987ec1dbd16689d3eb
(9) 0xdcbf1c229068a052b641c99336b9254bf3f893b2b1d6d79703950f5651117965

HD Wallet
==================
Mnemonic:      order switch usage battle sure trust welcome one enforce addict garlic few
Base HD Path:  m/44'/60'/0'/0/{account_index}

Default Gas Price
==================
2000000000

BlockGas Limit
==================
30000000

Call Gas Limit
==================
50000000

Chain
==================
Hardfork: shanghai
Id:       1337

RPC Listening on 127.0.0.1:8545
eth_blockNumber
net_version
eth_accounts
eth_accounts
eth_blockNumber
net_version
eth_getBlockByNumber
eth_estimateGas
eth_getBlockByNumber
eth_gasPrice
eth_sendTransaction

  Transaction: 0x95087d0695f08caaec8ee4fedf99a9b237f81c6569ded1d6052fc859d4abd04c
  Contract created: 0x85b44ad916bf276c7e156a794c858a656f8be6ae
  Gas usage: 1631190
  Block number: 1
  Block time: Thu May 07 2026 22:18:18 GMT+0700 (Indochina Time)

eth_getTransactionReceipt
eth_getCode
eth_getTransactionReceipt
eth_getBlockByNumber
eth_gasPrice
eth_sendTransaction

  Transaction: 0xf0a5cd2fdaeb3d21e21d5529437adbaf6b1453d8a0f88c533c938999435a817b
  Gas usage: 21055
  Block number: 2
  Block time: Thu May 07 2026 22:18:18 GMT+0700 (Indochina Time)

eth_getTransactionReceipt
eth_blockNumber
evm_mine
eth_blockNumber
evm_mine
eth_blockNumber
evm_mine
eth_blockNumber
evm_mine
eth_blockNumber
evm_mine
eth_blockNumber
net_version
eth_getBlockByNumber
eth_estimateGas
eth_getBlockByNumber
eth_gasPrice
eth_sendTransaction

  Transaction: 0xe59b6ed1d5e9c2e6dd3f61de0cbea982ddcab5f35cb0220940e3b66d14c0c4c0
  Gas usage: 52925
  Block number: 8
  Block time: Thu May 07 2026 22:18:18 GMT+0700 (Indochina Time)

eth_getTransactionReceipt
eth_blockNumber
evm_mine
eth_blockNumber
net_version
eth_getBlockByNumber
eth_estimateGas
eth_getBlockByNumber
eth_gasPrice
eth_sendTransaction

  Transaction: 0x3233f124eae5de77e4ea4174ec585df7907c292100c28238edd895e96abb3ff6
  Gas usage: 35837
  Block number: 10
  Block time: Thu May 07 2026 22:18:18 GMT+0700 (Indochina Time)

eth_getTransactionReceipt
eth_blockNumber
net_version
eth_getBlockByNumber
eth_estimateGas
eth_getBlockByNumber
eth_gasPrice
eth_sendTransaction

  Transaction: 0xfc74caa965c6012bf37da9a959c5b241e5e2f45589d7987a08005481f8c706c2
  Gas usage: 59539
  Block number: 11
  Block time: Thu May 07 2026 22:18:19 GMT+0700 (Indochina Time)

eth_getTransactionReceipt
eth_blockNumber
eth_getBalance
eth_getTransactionByHash
debug_traceTransaction
eth_getTransactionByHash
debug_traceTransaction
eth_getTransactionByHash
debug_traceTransaction
eth_getTransactionByHash
debug_traceTransaction
eth_getTransactionByHash
debug_traceTransaction

Received shutdown signal: SIGTERM
Shutting down…
Server has been shut down
