ganache v7.9.2 (@ganache/cli: 0.10.2, @ganache/core: 0.10.2)
Starting RPC server

Available Accounts
==================
(0) 0x85A426e87883132d02bAd8ac4A4E0033512c6DD7 (1000 ETH)
(1) 0x2c3db09CAeA52A683c75aa1cd3D885069959142E (1000 ETH)
(2) 0x7497B711159a8E4afeC4e5838EC98bCb9b37367C (1000 ETH)
(3) 0xb63404e66a0aE1719901CAAF134CD7d8E6dd01BE (1000 ETH)
(4) 0x841b136D8d985c519503C2250a855dDBA6D984f3 (1000 ETH)
(5) 0xA4e093dA07a2bb1830fC41E2347785a8E1143D88 (1000 ETH)
(6) 0x32CbB47af7C3986C512Ec58edc941C014F020000 (1000 ETH)
(7) 0x8315015A0Cb46a592dFa7B2ce0A76cA3AbE929b8 (1000 ETH)
(8) 0x6a949C57a45d3f2525F1b94BE7DF529EcC0b4779 (1000 ETH)
(9) 0xC2C704d9a55B90FE89e1654874f166CB78bF70B4 (1000 ETH)

Private Keys
==================
(0) 0x720cfae5020cf4b9ba3856227b7959da22607295bf0eac1ff0c054e1da045838
(1) 0x3b6ab861d4a48212b28603e8c10b1c822ee0c152a2ce1edd10c555f870aac318
(2) 0xc323a8ddba86ed487dbff4e80ff8f673b1670caefac2b70b1159aaa46f081027
(3) 0xb29e6b3e62ba5e56abbeef7e7c0366fbbf8c7139efab2b86ed93675d0d42bbeb
(4) 0xdeb5e78fc491d669471d42766799d91b6b92ba7fe779e5c204ff201d3c0c5238
(5) 0x30177e00871e245f016cfe1d5271d3460756c1d5ae7a413cc93d61a3250d886d
(6) 0x061cfdd9f2a719bd533c760c47537ccad08fc3e99d190f23695e90c7ccce0464
(7) 0x8e432cc2525a6f1271d9585ffa97af01e178c7fb4797406f3ed991c7471df4d2
(8) 0xd2f8d2e23fb3f80cfcdd6680213c6a5e44804416b585399f5d7b3917729506f2
(9) 0x4f28ea4227cea71b42f2741da080d2d27d91c85f734520ba1bad616a25f0728d

HD Wallet
==================
Mnemonic:      artist pair bottom raccoon island manage runway clarify left basket slice arena
Base HD Path:  m/44'/60'/0'/0/{account_index}

Default Gas Price
==================
2000000000

BlockGas Limit
==================
30000000

Call Gas Limit
==================
50000000

Chain
==================
Hardfork: shanghai
Id:       1337

RPC Listening on 127.0.0.1:8545
web3_clientVersion
eth_blockNumber
net_version
eth_accounts
eth_accounts
eth_blockNumber
net_version
eth_getBlockByNumber
eth_estimateGas
eth_getBlockByNumber
eth_gasPrice
eth_sendTransaction

  Transaction: 0xe7baab42fb49495d0749118d8a807076bad3478736e0e06c689eeb5214eed4be
  Contract created: 0x2f2673e6319dd434801f516780373b24fcd4b119
  Gas usage: 1146811
  Block number: 1
  Block time: Fri May 08 2026 02:04:16 GMT+0700 (Indochina Time)

eth_getTransactionReceipt
eth_getCode
eth_getTransactionReceipt
eth_getBlockByNumber
eth_gasPrice
eth_sendTransaction

  Transaction: 0xb48914cbed87985778ec4dd8725f0d4fb3802b934ca3a42eae2bc8347577dd2b
  Gas usage: 21055
  Block number: 2
  Block time: Fri May 08 2026 02:04:16 GMT+0700 (Indochina Time)

eth_getTransactionReceipt
net_version
eth_getBlockByNumber
eth_estimateGas
eth_getBlockByNumber
eth_gasPrice
eth_sendTransaction

  Transaction: 0x1edfc7f93aa21eef7343907fc859d58742bbd836dbe818df19332e098d6e20b8
  Gas usage: 72862
  Block number: 3
  Block time: Fri May 08 2026 02:04:16 GMT+0700 (Indochina Time)

eth_getTransactionReceipt
eth_blockNumber
eth_getBalance
eth_getTransactionByHash
debug_traceTransaction
eth_getTransactionByHash
debug_traceTransaction
eth_getTransactionByHash
debug_traceTransaction

Received shutdown signal: SIGTERM
Shutting down…
Server has been shut down
