ganache v7.9.2 (@ganache/cli: 0.10.2, @ganache/core: 0.10.2)
Starting RPC server

Available Accounts
==================
(0) 0x8a584643105C6d8AB2985E7F5F70E9fF43ac0a7F (1000 ETH)
(1) 0xc1C0f57676dA8F47892b31c72e42cE0ABE26C6d1 (1000 ETH)
(2) 0x7cDF030b8B2a5794C2A2A7E3E76eB0Ef32697BD8 (1000 ETH)
(3) 0x8f76E460CeA4AE83Ad8903fAC7209525535464a3 (1000 ETH)
(4) 0x03Da3a257b18BC3bD4D26F2E6a264eE4e4173e84 (1000 ETH)
(5) 0x7F338012e1532eA2Cf99911f9783549DBF1bd898 (1000 ETH)
(6) 0xc2A71EAe795b997424B2a58Ddc09Ea8Aabdd94Ec (1000 ETH)
(7) 0xEDBD900c811EF813713E6b413bF5F181C4C9aBAf (1000 ETH)
(8) 0x5e8B8a9145e2DC1Bce4E5c21Db5224bE43CE76a2 (1000 ETH)
(9) 0x1B640E96f18e4f47fD6384A41177986BE837Ad5d (1000 ETH)

Private Keys
==================
(0) 0x14bcad05bb9200feec5e6ac2c43d98d00b63929067b8983b145fe6d4f2293d1c
(1) 0xdf2ad3fdecd0776ef4b8c374b024ce56307b19a323ccb0cdbf68ad913403c4c1
(2) 0x202658c1dde3c42d3f61613d56c151be6cb258c99fababb80b4579613afeafd8
(3) 0xd35f1fc8f59d1af2f541eca297aa669d32ec36b01b5ae66a109c41aa271b703f
(4) 0xb5d1d66b203e482a25dfe2c2fb80305ffed4c9ce3d848918341e3d93d70efd4f
(5) 0x3574bee7e6a73b81f10b856750625d34e3b90e85b442ea009891a2c6c7080d98
(6) 0x7170be1103d823a830b8e10ae6bfa70d641dc2b55bd3601b43bb0bda92d155bf
(7) 0xe2ccedf6846c9380cb8432c671f2ec76cb1f15fc0405bb15f7022f9bcc410f1f
(8) 0x1d81697a13271d4ed6e59bfeb5a6cff1eba873e4a68ab6956c7decaa9aa3ea05
(9) 0xde904c27bc7e274f5a33e55a92695cd20cc49ff478b7792c1983fe603023fc92

HD Wallet
==================
Mnemonic:      tobacco catalog duck symptom ranch tent fog egg topple card party donate
Base HD Path:  m/44'/60'/0'/0/{account_index}

Default Gas Price
==================
2000000000

BlockGas Limit
==================
30000000

Call Gas Limit
==================
50000000

Chain
==================
Hardfork: shanghai
Id:       1337

RPC Listening on 127.0.0.1:8545
web3_clientVersion
eth_blockNumber
net_version
eth_accounts
eth_accounts
eth_blockNumber
net_version
eth_getBlockByNumber
eth_estimateGas
eth_getBlockByNumber
eth_gasPrice
eth_sendTransaction

  Transaction: 0xba08762b564c4134fe1d9b1cdb9915414aac253b76d5681061cde26b2cce6620
  Contract created: 0xe7805627b1ddd72cd80513b781238360234ca5e4
  Gas usage: 3998385
  Block number: 1
  Block time: Fri May 08 2026 00:06:04 GMT+0700 (Indochina Time)

eth_getTransactionReceipt
eth_getCode
eth_getTransactionReceipt
eth_getBlockByNumber
eth_gasPrice
eth_sendTransaction

  Transaction: 0x851165b5c0f6229fbf20c2ec40b6df0467c7ef2db5e93425deb781303d9e7f27
  Gas usage: 21055
  Block number: 2
  Block time: Fri May 08 2026 00:06:04 GMT+0700 (Indochina Time)

eth_getTransactionReceipt
eth_blockNumber
evm_mine
eth_blockNumber
evm_mine
eth_blockNumber
evm_mine
eth_blockNumber
evm_mine
eth_blockNumber
evm_mine
eth_blockNumber
evm_mine
eth_blockNumber
evm_mine
eth_blockNumber
evm_mine
eth_blockNumber
net_version
eth_getBlockByNumber
eth_estimateGas
eth_getBlockByNumber
eth_gasPrice
eth_sendTransaction

  Transaction: 0x4909cef00b7f3145d336cc00b900fcac2972d9ede3a6d8daeb14922045e38765
  Gas usage: 52925
  Block number: 11
  Block time: Fri May 08 2026 00:06:04 GMT+0700 (Indochina Time)

eth_getTransactionReceipt
net_version
eth_getBlockByNumber
eth_estimateGas
eth_getBlockByNumber
eth_gasPrice
eth_sendTransaction

  Transaction: 0x940a6868199cec73b543147ac8215c40c7a962e493a7f71f41d863c32f22a243
  Gas usage: 88918
  Block number: 12
  Block time: Fri May 08 2026 00:06:04 GMT+0700 (Indochina Time)

eth_getTransactionReceipt
eth_blockNumber
eth_getBalance
eth_getTransactionByHash
debug_traceTransaction
eth_getTransactionByHash
debug_traceTransaction
eth_getTransactionByHash
debug_traceTransaction
eth_getTransactionByHash
debug_traceTransaction

Received shutdown signal: SIGTERM
Shutting down…
Server has been shut down
