COMMAND: python3 experiments/scale_trace/scripts/trace_result_json.py /home/aothuatgiadp/blockchain/project/CTLC-Implementation/experiments/scale_trace/runs/random_v1_1/F-_A_evm_fund_fa_CTLCOnly_refund/result.json /home/aothuatgiadp/blockchain/project/CTLC-Implementation/experiments/scale_trace/runs/random_v1_1/F-_A_evm_fund_fa_CTLCOnly_refund/trace.json
STATUS: 0

STDOUT:
{
  "graph_id": "",
  "pair": "F->A|evm|fund:fa",
  "contract": "CTLCOnly",
  "scenario": "refund",
  "contractAddress": "0x7F8d7C9b7273998de8161C46550ac31F637Fce87",
  "traces": {
    "deploy": {
      "tx_hash": "0xf686c40cdaa77847f0a65d29300352d5d19da3fe7e22c9f1386fe475bcf1f1d8",
      "actual_calldata_bytes": 7091,
      "actual_sstore_count": 8,
      "actual_call_count": 0,
      "opcode_steps": 1286
    },
    "fund": {
      "tx_hash": "0x361b3fb7bc216caee1d6cb04ba0b8fb9c3d536e6314a91f181afdf32b6a5c247",
      "actual_calldata_bytes": 0,
      "actual_sstore_count": 0,
      "actual_call_count": 0,
      "opcode_steps": 13
    },
    "refund_level0": {
      "tx_hash": "0xa72323f00b4c43bf85f3d6220feb3088373f6d0c977acfb065c856fec6ddc116",
      "actual_calldata_bytes": 4,
      "actual_sstore_count": 1,
      "actual_call_count": 1,
      "opcode_steps": 229
    }
  }
}


STDERR:

