ganache v7.9.2 (@ganache/cli: 0.10.2, @ganache/core: 0.10.2)
Starting RPC server

Available Accounts
==================
(0) 0x5736f6E7EA5812557E507bcD202Ae7DBD2800527 (1000 ETH)
(1) 0xFDED944efC4c985CAA26000339866Be294E7aF3C (1000 ETH)
(2) 0x590D342CB722C9eD1C182922c3DE097D80230736 (1000 ETH)
(3) 0xB4fA7C324896e5d26b1abF2e205d72e18A165B9b (1000 ETH)
(4) 0xd6889108955484c42b4CADf431344005d4304C98 (1000 ETH)
(5) 0x6ECCF72d8CF1005a058510101308cd76F449D838 (1000 ETH)
(6) 0xd87a81aF2dFA6Bf29cb334B0C81885620eD99D74 (1000 ETH)
(7) 0x893a02225fB796DD3Dad1BBBea0f696a36c2988A (1000 ETH)
(8) 0xCAc251bd1b65EcE36ae092cFB0a89b934f704DbE (1000 ETH)
(9) 0x1Fe70Fc1d97DA2867AA3013684248e34a9326c4a (1000 ETH)

Private Keys
==================
(0) 0x865bcdde18f472c468af1c03453eec25f19350a34fc71a324ed8d7f3bbb8c5af
(1) 0x89abae025b7899889817e3d9381c8ec1afff7935d1d72ad14c780303c5aa169a
(2) 0xcddb7def9fa06b9d3b44f3bc735dba732b43b70f1a93124e8696fb69ea878b74
(3) 0x30b7e2ac371ad1f6e8443fc17c0e4953899f033635c72e398ecf315c2b3e30ef
(4) 0x020181a1c38af73b4727cbcbbc5e2aabda413d7febce909695dd5df59facef3b
(5) 0x9ce9a9b6c7f6a2698cab6f2fa779c06ef4140ad7817df423658d1e68f5815daa
(6) 0x6e6adac363292f05cc8b5aa3887f3b24b30ee703fddf27ba0379ac0a62838bd5
(7) 0x4b7529c60de75f9cd5eb39f5bf391831e2b49224b220e44af0c7e34b35c4b866
(8) 0xb0945fe7cd13f18b0f109095e4f0b8e07e63555ce97f0fc3eb91e1bf7a4627ba
(9) 0x714b40f24ef776b96469e942d13a765f8c5d22bf4cd1635d2d2371dd24ff7513

HD Wallet
==================
Mnemonic:      drum prefer matter marine during post domain slam better local fade balance
Base HD Path:  m/44'/60'/0'/0/{account_index}

Default Gas Price
==================
2000000000

BlockGas Limit
==================
30000000

Call Gas Limit
==================
50000000

Chain
==================
Hardfork: shanghai
Id:       1337

RPC Listening on 127.0.0.1:8545
web3_clientVersion
eth_blockNumber
net_version
eth_accounts
eth_accounts
eth_blockNumber
net_version
eth_getBlockByNumber
eth_estimateGas
eth_getBlockByNumber
eth_gasPrice
eth_sendTransaction

  Transaction: 0x6ed5989128af2cc2b00dadfb581cc9f83e9e493d5c42fe82164d85e9435fdb37
  Contract created: 0x19ae8713db19a0f416f616ffd081721cecdffb13
  Gas usage: 1100975
  Block number: 1
  Block time: Fri May 08 2026 01:05:15 GMT+0700 (Indochina Time)

eth_getTransactionReceipt
eth_getCode
eth_getTransactionReceipt
eth_getBlockByNumber
eth_gasPrice
eth_sendTransaction

  Transaction: 0x5870d729821a3147628a631fdaf7d905289475e2c2a321eb9aeb0c2a02ca41ed
  Gas usage: 21055
  Block number: 2
  Block time: Fri May 08 2026 01:05:15 GMT+0700 (Indochina Time)

eth_getTransactionReceipt
net_version
eth_getBlockByNumber
eth_estimateGas
eth_getBlockByNumber
eth_gasPrice
eth_sendTransaction

  Transaction: 0xb9572c9389d4d470ebaa70824f7f8343c8c4e9d70f29fe77ec5bccb685688d65
  Gas usage: 64620
  Block number: 3
  Block time: Fri May 08 2026 01:05:15 GMT+0700 (Indochina Time)

eth_getTransactionReceipt
eth_blockNumber
eth_getBalance
eth_getTransactionByHash
debug_traceTransaction
eth_getTransactionByHash
debug_traceTransaction
eth_getTransactionByHash
debug_traceTransaction

Received shutdown signal: SIGTERM
Shutting down…
Server has been shut down
