COMMAND: python3 experiments/scale_trace/scripts/trace_result_json.py /home/aothuatgiadp/blockchain/project/CTLC-Implementation/experiments/scale_trace/runs/random_v1_100/G-_A_evm_fund_ga_CTLCOnly_worst_claim/result.json /home/aothuatgiadp/blockchain/project/CTLC-Implementation/experiments/scale_trace/runs/random_v1_100/G-_A_evm_fund_ga_CTLCOnly_worst_claim/trace.json
STATUS: 0

STDOUT:
{
  "graph_id": "",
  "pair": "G->A|evm|fund:ga",
  "contract": "CTLCOnly",
  "scenario": "worst_claim",
  "contractAddress": "0x1D1D078bDcC4aA4Ec6fd3Aa55F7d1e0c7e6E33d6",
  "traces": {
    "deploy": {
      "tx_hash": "0x2c928996d62bb2443e3ba0db42e10f4bb6e1fd47d17124b652435b2686a88981",
      "actual_calldata_bytes": 7091,
      "actual_sstore_count": 8,
      "actual_call_count": 0,
      "opcode_steps": 1286
    },
    "fund": {
      "tx_hash": "0x62e088aa8fe48cdb5531e9343e1cff2e5996efff22b80a4d63400a20e0cba68e",
      "actual_calldata_bytes": 0,
      "actual_sstore_count": 0,
      "actual_call_count": 0,
      "opcode_steps": 13
    },
    "claim_level0": {
      "tx_hash": "0x8878cf2eaf90c23102b21f2676734705bf7d8db2403ef9230de97001ca84dc82",
      "actual_calldata_bytes": 196,
      "actual_sstore_count": 1,
      "actual_call_count": 1,
      "opcode_steps": 793
    }
  }
}


STDERR:

