Using network 'development'.

{
  "ok": true,
  "graph_id": "",
  "pair": "E->F|evm|fund:ef",
  "pairKey": "E->F|evm|fund:ef",
  "contract": "CTLCOnly",
  "scenario": "refund",
  "deployGas": "0x139b1e",
  "gasUsed": "112508",
  "disableGasUsed": "52947",
  "claimGasUsed": "",
  "refundGasUsed": "59561",
  "contractAddress": "0xf006DD4ba22721a9f588B8E8eEdF6a893D254d2f",
  "startBlock": "0",
  "endBlock": "10",
  "finalContractBalanceWei": "0",
  "deployer": "0x2aBB8F994843F14B0cd66c12D9Ee298964AFb2e0",
  "party": "0xA0c9c4aBb0c07d08ecFa697100ec1c9A6e14665C",
  "counterparty": "0x3abD598D4C7173f61271763e24184529767C8f82",
  "fundingWei": "1000000000000000000",
  "timelocks": [
    8,
    9
  ],
  "transactions": [
    {
      "role": "deploy",
      "txHash": "0x972256933275b796ddf899ceefb5022a7b0d2d7a9c7efd4fb9a1488aee62a2d6"
    },
    {
      "role": "fund",
      "txHash": "0xcb08af80af2fc605fd637e94ca1ff4055f6b0b246b3f9c9e0cee96d7039d0c61"
    },
    {
      "role": "disable",
      "txHash": "0x016f1566c2817355fb210540c28304cebc9ecc41f448551458756af61773da20",
      "level": 0
    },
    {
      "role": "refund",
      "txHash": "0x05f7ea1da690fec6402e8d9803058152eedcc4ca7ca990e594b29fc23be381bf",
      "level": 1
    }
  ],
  "txRoles": [
    {
      "role": "deploy",
      "txHash": "0x972256933275b796ddf899ceefb5022a7b0d2d7a9c7efd4fb9a1488aee62a2d6"
    },
    {
      "role": "fund",
      "txHash": "0xcb08af80af2fc605fd637e94ca1ff4055f6b0b246b3f9c9e0cee96d7039d0c61"
    },
    {
      "role": "disable",
      "txHash": "0x016f1566c2817355fb210540c28304cebc9ecc41f448551458756af61773da20",
      "level": 0
    },
    {
      "role": "refund",
      "txHash": "0x05f7ea1da690fec6402e8d9803058152eedcc4ca7ca990e594b29fc23be381bf",
      "level": 1
    }
  ],
  "deployTxHash": "0x972256933275b796ddf899ceefb5022a7b0d2d7a9c7efd4fb9a1488aee62a2d6",
  "fundTxHash": "0xcb08af80af2fc605fd637e94ca1ff4055f6b0b246b3f9c9e0cee96d7039d0c61",
  "disableTxHashes": [
    "0x016f1566c2817355fb210540c28304cebc9ecc41f448551458756af61773da20"
  ],
  "disableTxHash": "0x016f1566c2817355fb210540c28304cebc9ecc41f448551458756af61773da20",
  "disableTx": "0x016f1566c2817355fb210540c28304cebc9ecc41f448551458756af61773da20",
  "refundTxHash": "0x05f7ea1da690fec6402e8d9803058152eedcc4ca7ca990e594b29fc23be381bf",
  "refundTx": "0x05f7ea1da690fec6402e8d9803058152eedcc4ca7ca990e594b29fc23be381bf"
}
