ganache v7.9.2 (@ganache/cli: 0.10.2, @ganache/core: 0.10.2)
Starting RPC server

Available Accounts
==================
(0) 0x9A2d4D48102Ee34533b4fed5e25B434bfa78c2D8 (1000 ETH)
(1) 0x804CDD87d153a60Ef447DAd39ADD244CD594CAcB (1000 ETH)
(2) 0x35aFC56F7EB4365D1D582470Be8935886BdA3656 (1000 ETH)
(3) 0x37340a6c4cEE0C8633efe12F90bBBB1e0802Bf46 (1000 ETH)
(4) 0x75a84406B6A773a76B6856A490A523F213533ec0 (1000 ETH)
(5) 0x9ad5a8797afd6B3402e1D54c068887382Bb60367 (1000 ETH)
(6) 0x2784610e1fdF6688e2D61C151bDd563754521bfC (1000 ETH)
(7) 0x02b876dF73825fe9BdE2a756B3F610E2267d7D0b (1000 ETH)
(8) 0x27696b39f3AA20028B7D32B8AF0092C89B49C2C5 (1000 ETH)
(9) 0x34e1d36DeEC7B5B340934B1a3bfD91a2F6090bA7 (1000 ETH)

Private Keys
==================
(0) 0xd84a9457107a5d553e5f1adfb844c6819cef580729a0437032cf94039be0b01c
(1) 0xb4347d0dccbacd21a3c86f9f3e2262c694709c8451327fa893a4d7349fdd3297
(2) 0xa7d726fe39924b6bccc03e6fc18a1749d7825dedbd60a91c040bb5d42ae6166c
(3) 0x99de618c1d59fbde42c3631a171251ce16f48d508e0b6fe8b7283a43744b5be1
(4) 0x7e60a418a243235dd38ef20ba3fb512d1029d0e3143242846daf9d7d368edc30
(5) 0xcf36d4dda63fa0fad344a6f20136a91e903ea62b5c3037055b4445c184dbee6e
(6) 0xc7ea52c83a1e727238621565314d1dfb7f7693adc64e421b95a96b06295b255f
(7) 0x4381ab3e92ef5179e44c3083e3e6c9825094ead112fa28373e5bdac76191a297
(8) 0x2ab8e5f8fb8a9c87a8bf8bc83933b3fce487068233d1892010ff951974f7b4c3
(9) 0xe36dbe177b7330301b84b62463b4024f9c466474c258802c3532d0c76c4e6a82

HD Wallet
==================
Mnemonic:      joy chat shed canal siege okay educate monitor give three impose wheat
Base HD Path:  m/44'/60'/0'/0/{account_index}

Default Gas Price
==================
2000000000

BlockGas Limit
==================
30000000

Call Gas Limit
==================
50000000

Chain
==================
Hardfork: shanghai
Id:       1337

RPC Listening on 127.0.0.1:8545
web3_clientVersion
eth_blockNumber
net_version
eth_accounts
eth_accounts
eth_blockNumber
net_version
eth_getBlockByNumber
eth_estimateGas
eth_getBlockByNumber
eth_gasPrice
eth_sendTransaction

  Transaction: 0xf5c3ec925a79fec47b7fedf0e3bf7eabc3ba98dcb3990dd84b23218f10be2786
  Contract created: 0x535661ab86e11eda468de54ad14ed635c3850e7b
  Gas usage: 1284906
  Block number: 1
  Block time: Thu May 07 2026 20:18:14 GMT+0700 (Indochina Time)

eth_getTransactionReceipt
eth_getCode
eth_getTransactionReceipt
eth_getBlockByNumber
eth_gasPrice
eth_sendTransaction

  Transaction: 0x78d6de4e11482f768faa83c639060f5937149e74762890e87fa5e574a8ae2b0a
  Gas usage: 21055
  Block number: 2
  Block time: Thu May 07 2026 20:18:14 GMT+0700 (Indochina Time)

eth_getTransactionReceipt
eth_blockNumber
evm_mine
eth_blockNumber
evm_mine
eth_blockNumber
evm_mine
eth_blockNumber
evm_mine
eth_blockNumber
evm_mine
eth_blockNumber
net_version
eth_getBlockByNumber
eth_estimateGas
eth_getBlockByNumber
eth_gasPrice
eth_sendTransaction

  Transaction: 0x61b64cbd2fee27d530be215a100eb6b4144dbd95b3d730377a056709557fa620
  Gas usage: 52947
  Block number: 8
  Block time: Thu May 07 2026 20:18:14 GMT+0700 (Indochina Time)

eth_getTransactionReceipt
net_version
eth_getBlockByNumber
eth_estimateGas
eth_getBlockByNumber
eth_gasPrice
eth_sendTransaction

  Transaction: 0xfd4ace640b758f7d584c507aa047e419001d2e687c825f62d9541aadc2e09a8e
  Gas usage: 81176
  Block number: 9
  Block time: Thu May 07 2026 20:18:14 GMT+0700 (Indochina Time)

eth_getTransactionReceipt
eth_blockNumber
eth_getBalance
eth_getTransactionByHash
debug_traceTransaction
eth_getTransactionByHash
debug_traceTransaction
eth_getTransactionByHash
debug_traceTransaction
eth_getTransactionByHash
debug_traceTransaction

Received shutdown signal: SIGTERM
Shutting down…
Server has been shut down
