Using network 'development'.

{
  "ok": true,
  "graph_id": "",
  "pair": "C->D|evm|fund:cd",
  "pairKey": "C->D|evm|fund:cd",
  "contract": "CTLCOnly",
  "scenario": "worst_claim",
  "deployGas": "0x117fbb",
  "gasUsed": "72874",
  "disableGasUsed": "0",
  "claimGasUsed": "72874",
  "refundGasUsed": "",
  "contractAddress": "0x27eC21d0ffaFfF74f2670064b13897c4639c66Ef",
  "startBlock": "0",
  "endBlock": "3",
  "finalContractBalanceWei": "0",
  "deployer": "0x1f6806d5ab1d4E7a12f4f51603988aF94E0E4040",
  "party": "0x6F9F30dD1D489A703C3f5d78eC387d2d0fdf71Dc",
  "counterparty": "0xccD88e64168aEFC223994D39Dd774678034B8fF1",
  "fundingWei": "1000000000000000000",
  "timelocks": [
    8
  ],
  "transactions": [
    {
      "role": "deploy",
      "txHash": "0x74ed0aa5cde1c862d315a90f13265fa3fc01ccba005e7ee90951fb781e4a7e17"
    },
    {
      "role": "fund",
      "txHash": "0xb0d8de3ef29cc27cf91d227e6d9e0fdfa7a55659148332cd34c9be415277bd5e"
    },
    {
      "role": "claim",
      "txHash": "0xbf0688adbd59bd80c650c7efdc481d5e9917cee35d523c4ed2ec98d7bdfaab56",
      "level": 0,
      "option": 0
    }
  ],
  "txRoles": [
    {
      "role": "deploy",
      "txHash": "0x74ed0aa5cde1c862d315a90f13265fa3fc01ccba005e7ee90951fb781e4a7e17"
    },
    {
      "role": "fund",
      "txHash": "0xb0d8de3ef29cc27cf91d227e6d9e0fdfa7a55659148332cd34c9be415277bd5e"
    },
    {
      "role": "claim",
      "txHash": "0xbf0688adbd59bd80c650c7efdc481d5e9917cee35d523c4ed2ec98d7bdfaab56",
      "level": 0,
      "option": 0
    }
  ],
  "deployTxHash": "0x74ed0aa5cde1c862d315a90f13265fa3fc01ccba005e7ee90951fb781e4a7e17",
  "fundTxHash": "0xb0d8de3ef29cc27cf91d227e6d9e0fdfa7a55659148332cd34c9be415277bd5e",
  "claimTxHash": "0xbf0688adbd59bd80c650c7efdc481d5e9917cee35d523c4ed2ec98d7bdfaab56",
  "txHash": "0xbf0688adbd59bd80c650c7efdc481d5e9917cee35d523c4ed2ec98d7bdfaab56",
  "tx": "0xbf0688adbd59bd80c650c7efdc481d5e9917cee35d523c4ed2ec98d7bdfaab56"
}
