ganache v7.9.2 (@ganache/cli: 0.10.2, @ganache/core: 0.10.2)
Starting RPC server

Available Accounts
==================
(0) 0x5f3258F3AE18285D24D37d511cD2EFfAcA0C4BaF (1000 ETH)
(1) 0x1D2Ce8E483A2194bBd9deFbfe1D3056B2E264cf5 (1000 ETH)
(2) 0x1c05470a258D7A3ad7BC09e8Aa15CA49d8b48aac (1000 ETH)
(3) 0xdCD5d0C29c5b3d51CE40Cf2569da0a3F78C5094E (1000 ETH)
(4) 0x274596D4b795b0Cc57B74B000202a80fDc2a17cB (1000 ETH)
(5) 0xf6A0c057A7950bff099e159948616aB19E7720F7 (1000 ETH)
(6) 0xdFC4c485bc4Ded6037Dc118bc7A823171a186BC1 (1000 ETH)
(7) 0xAc4455e7A6e061d1F948ce4A66093B694C41cdC4 (1000 ETH)
(8) 0xd86a40cAA50C34a59499686542E8d49ec56c623e (1000 ETH)
(9) 0x197396E19262A1729781895B90389C46fA35AA4E (1000 ETH)

Private Keys
==================
(0) 0x482064d9e3c0c21f8714f085a1bb59dab8cd7df7cee887b6ba374171efb3a390
(1) 0x9aee34a54fe700a735dee54befcf9d19bd5535424c7a1fad3cd306cd61c50adf
(2) 0x065a4d1632d8219468aa77a1fc0e0982c847b3ffd487462e30571e1dff66c12a
(3) 0xb9e7d2425a8cd7b911e689c44cb719576a7a882b9a6a052118aa357367347923
(4) 0xcffe878ab29c8762d0f3f6a37b5deebc25329f212fde0c02271439013d907cfc
(5) 0xfda731d04d28dc05053adb9f62c1337c7a9437a69e2a6867e900b4d70013a294
(6) 0x33c225d6d16ee6e9f7857d64758374cb0b26c6ca15f163b1499b38a1e2cb4d60
(7) 0xe3cc60578dc3553ba069a57e2fd720f6ed03ba4e95f6849a6f0855caf77c943a
(8) 0x09dd2e7c2cc8b36566fdf51bfdfed119161ace348ac96b47627b85b1aa2401f5
(9) 0x681eb6a98e1aadf53dff65b418b6d130b5bc7129c807e00bafe78d261acca92d

HD Wallet
==================
Mnemonic:      outdoor know middle that grass album dilemma team deny clown decline another
Base HD Path:  m/44'/60'/0'/0/{account_index}

Default Gas Price
==================
2000000000

BlockGas Limit
==================
30000000

Call Gas Limit
==================
50000000

Chain
==================
Hardfork: shanghai
Id:       1337

RPC Listening on 127.0.0.1:8545
web3_clientVersion
eth_blockNumber
net_version
eth_accounts
eth_accounts
eth_blockNumber
net_version
eth_getBlockByNumber
eth_estimateGas
eth_getBlockByNumber
eth_gasPrice
eth_sendTransaction

  Transaction: 0x3fb7585ca7c012a767bdb7bf9e2a8210d05ac46b159a14c5a8587c0d517756fa
  Contract created: 0x32102d3d5ae5485d2d25bae306dfce84b2924058
  Gas usage: 1239450
  Block number: 1
  Block time: Thu May 07 2026 21:26:09 GMT+0700 (Indochina Time)

eth_getTransactionReceipt
eth_getCode
eth_getTransactionReceipt
eth_getBlockByNumber
eth_gasPrice
eth_sendTransaction

  Transaction: 0x082fcdf3764e21c1d5ff19f7d72d840376cfb66534a4c94f3784d4bba8a46c82
  Gas usage: 21055
  Block number: 2
  Block time: Thu May 07 2026 21:26:09 GMT+0700 (Indochina Time)

eth_getTransactionReceipt
net_version
eth_getBlockByNumber
eth_estimateGas
eth_getBlockByNumber
eth_gasPrice
eth_sendTransaction

  Transaction: 0x543fd2373517bbe70168bdef14fedec2e00d9b10917de16c6934e48663e5b495
  Gas usage: 71641
  Block number: 3
  Block time: Thu May 07 2026 21:26:09 GMT+0700 (Indochina Time)

eth_getTransactionReceipt
eth_blockNumber
eth_getBalance
eth_getTransactionByHash
debug_traceTransaction
eth_getTransactionByHash
debug_traceTransaction
eth_getTransactionByHash
debug_traceTransaction

Received shutdown signal: SIGTERM
Shutting down…
Server has been shut down
