Using network 'development'.

{
  "ok": true,
  "graph_id": "",
  "pair": "D->E|evm|fund:de",
  "pairKey": "D->E|evm|fund:de",
  "contract": "CTLCMultipleEdges",
  "scenario": "worst_claim",
  "deployGas": "0x139ca6",
  "gasUsed": "75948",
  "disableGasUsed": "0",
  "claimGasUsed": "75948",
  "refundGasUsed": "",
  "contractAddress": "0x9ca9b926923c26035D40B23dA315656ED9f41762",
  "startBlock": "0",
  "endBlock": "3",
  "finalContractBalanceWei": "0",
  "deployer": "0x958841B0de3cf62Bfc478666419430E98418Ad3b",
  "party": "0xC0C9ff6E4A4645Ea0daC587678d4782Db8b2B108",
  "counterparty": "0xDbfa0a06666b4853166126ffbE78610C0495B9BE",
  "fundingWei": "1000000000000000000",
  "timelocks": [
    8
  ],
  "transactions": [
    {
      "role": "deploy",
      "txHash": "0x7dad354a8e96cc00145e97c31237fa5c0715f8e92533d6f6c7339a60e99ec0d0"
    },
    {
      "role": "fund",
      "txHash": "0x47e83b6faaee338bef35a244eaffcf9eb0b1dc4acea4f53d9bd80209761f6bcb"
    },
    {
      "role": "claim",
      "txHash": "0x35cc3d2cebc95c8c6dd24fa570b92e0f875e1ee49920dc7befcc76b37275b2d0",
      "level": 0,
      "option": 0
    }
  ],
  "txRoles": [
    {
      "role": "deploy",
      "txHash": "0x7dad354a8e96cc00145e97c31237fa5c0715f8e92533d6f6c7339a60e99ec0d0"
    },
    {
      "role": "fund",
      "txHash": "0x47e83b6faaee338bef35a244eaffcf9eb0b1dc4acea4f53d9bd80209761f6bcb"
    },
    {
      "role": "claim",
      "txHash": "0x35cc3d2cebc95c8c6dd24fa570b92e0f875e1ee49920dc7befcc76b37275b2d0",
      "level": 0,
      "option": 0
    }
  ],
  "deployTxHash": "0x7dad354a8e96cc00145e97c31237fa5c0715f8e92533d6f6c7339a60e99ec0d0",
  "fundTxHash": "0x47e83b6faaee338bef35a244eaffcf9eb0b1dc4acea4f53d9bd80209761f6bcb",
  "claimTxHash": "0x35cc3d2cebc95c8c6dd24fa570b92e0f875e1ee49920dc7befcc76b37275b2d0",
  "txHash": "0x35cc3d2cebc95c8c6dd24fa570b92e0f875e1ee49920dc7befcc76b37275b2d0",
  "tx": "0x35cc3d2cebc95c8c6dd24fa570b92e0f875e1ee49920dc7befcc76b37275b2d0"
}
