ganache v7.9.2 (@ganache/cli: 0.10.2, @ganache/core: 0.10.2)
Starting RPC server

Available Accounts
==================
(0) 0x958841B0de3cf62Bfc478666419430E98418Ad3b (1000 ETH)
(1) 0x25c0823111745F284f3299CCBA0442A2f392a7E7 (1000 ETH)
(2) 0xD90E42BbFdA7041fD7AE865f228E4E19dD5F14bA (1000 ETH)
(3) 0x0cA5A15d4592d0F8109cf92fE47D4C43a9df7dba (1000 ETH)
(4) 0xC0C9ff6E4A4645Ea0daC587678d4782Db8b2B108 (1000 ETH)
(5) 0xDbfa0a06666b4853166126ffbE78610C0495B9BE (1000 ETH)
(6) 0xb9dB58929E34aEC2CA018F6A619ff7CEBC74a724 (1000 ETH)
(7) 0x8c2Ee94aBa152D74b97879E97F8106e6451F125F (1000 ETH)
(8) 0x9772dbe9191F71930356dc42C40358D5434Cfb8E (1000 ETH)
(9) 0x4C0E4124A640583cDD3CFbf24A3fBB4674C77C49 (1000 ETH)

Private Keys
==================
(0) 0x78cd2447d9eafd2c0cc12719f38cbd51d6699d29b7d92a05b9ca69bbf7c5c468
(1) 0x977af8e317a2595e82037b770dc38fcf259f1f764216b0da11faac75aaf239b0
(2) 0xe2833172ee82145ac6bd06f2769bd3f779f4bb1132597ca19fb92be50d2abea9
(3) 0x4140d79b8b6fc8d716ba6069de0cc7f1732125350350664f9442c6cf651bc560
(4) 0xc347b839214d9049ecaf8ab78c0d8b9ab82ff7e304055ce0ed719c770abaafa2
(5) 0xc779dcffc88b078eeafad6a5ab9fe83afa92760ede558e71323070a2d3be1ec6
(6) 0xc39273ac628545af1217b46e8a7fcfa5d962a73e9b0824e15dbd20d0398ee947
(7) 0x864fd0aef0b1ba6bf6d176a05ee260254852f5c1403df3ea3bd71143ada17bdd
(8) 0xb364e619daf60ecd35ca5ee4f2e04801cda3cd342b5196795b44793c43ee9b05
(9) 0xd00ffa7b2b78e9248727626b5c5874da80c6bfaf5e331fcaf417c9d5c421f513

HD Wallet
==================
Mnemonic:      front medal extra negative giant hen flat curious scout transfer garage raccoon
Base HD Path:  m/44'/60'/0'/0/{account_index}

Default Gas Price
==================
2000000000

BlockGas Limit
==================
30000000

Call Gas Limit
==================
50000000

Chain
==================
Hardfork: shanghai
Id:       1337

RPC Listening on 127.0.0.1:8545
web3_clientVersion
eth_blockNumber
net_version
eth_accounts
eth_accounts
eth_blockNumber
net_version
eth_getBlockByNumber
eth_estimateGas
eth_getBlockByNumber
eth_gasPrice
eth_sendTransaction

  Transaction: 0x7dad354a8e96cc00145e97c31237fa5c0715f8e92533d6f6c7339a60e99ec0d0
  Contract created: 0x9ca9b926923c26035d40b23da315656ed9f41762
  Gas usage: 1285286
  Block number: 1
  Block time: Fri May 08 2026 03:02:35 GMT+0700 (Indochina Time)

eth_getTransactionReceipt
eth_getCode
eth_getTransactionReceipt
eth_getBlockByNumber
eth_gasPrice
eth_sendTransaction

  Transaction: 0x47e83b6faaee338bef35a244eaffcf9eb0b1dc4acea4f53d9bd80209761f6bcb
  Gas usage: 21055
  Block number: 2
  Block time: Fri May 08 2026 03:02:35 GMT+0700 (Indochina Time)

eth_getTransactionReceipt
net_version
eth_getBlockByNumber
eth_estimateGas
eth_getBlockByNumber
eth_gasPrice
eth_sendTransaction

  Transaction: 0x35cc3d2cebc95c8c6dd24fa570b92e0f875e1ee49920dc7befcc76b37275b2d0
  Gas usage: 75948
  Block number: 3
  Block time: Fri May 08 2026 03:02:35 GMT+0700 (Indochina Time)

eth_getTransactionReceipt
eth_blockNumber
eth_getBalance
eth_getTransactionByHash
debug_traceTransaction
eth_getTransactionByHash
debug_traceTransaction
eth_getTransactionByHash
debug_traceTransaction

Received shutdown signal: SIGTERM
Shutting down…
Server has been shut down
