ganache v7.9.2 (@ganache/cli: 0.10.2, @ganache/core: 0.10.2)
Starting RPC server

Available Accounts
==================
(0) 0xB4C33D3503249d4E7Be913A23294EDb8ba9db2CF (1000 ETH)
(1) 0xe7780D7190429062bDf82C84F0105b94b8Fb1F1a (1000 ETH)
(2) 0xD903648d5C875026c0aB89512A5e3D2f8De33B97 (1000 ETH)
(3) 0x996A4fbaAa5f1490cB8b6Fee5D03e0Bf4Fc52d07 (1000 ETH)
(4) 0x72926B79e13108E5B359Ce90A476bA2944292b7A (1000 ETH)
(5) 0x6E0d436442FA331e3CED32fE2D44a3A764aE2020 (1000 ETH)
(6) 0xdee1e0E201230598fffda3f07AC228C67c8E90AC (1000 ETH)
(7) 0x4810cb9b7dDFd6b6Dc9ecd2d79dDc4Fe2E73749f (1000 ETH)
(8) 0x871D6d7a2E390F50931a9ba4A703220D4462D2fD (1000 ETH)
(9) 0x360720343A8f8927936885e67C798ECe93ECa8b1 (1000 ETH)

Private Keys
==================
(0) 0x6b4c82ce29eb594a207b62419d5732ea0dc0c90cfa247e463552d35abe57a9f7
(1) 0x3450df7e29282eab309d15e8bd12e6566255cbc64b5ce551fb0cc7aa2380318c
(2) 0x5f30162c3dbefb21e3cdaf78d61b503ccc69d101e8057b30e60ab792582a77b3
(3) 0x9de5a5a53df1de22eb971acdfb9599611be220b72b91c0fe63a3c419f5395a0c
(4) 0x656e3ab056033e056538a9397c53a65582b08c325f0377c1c9bb11266785c000
(5) 0xf1b12c57214a0dd7d1d99090179d3f2c5aa0d71faffcef8d1d3d526d448d7b60
(6) 0x55feb9ffee8511022253030407878d816e701f8a8d2b743485c8a6a04c416dbf
(7) 0xdbb346d1def300740b367eef81192f8a2b649c42a4383965c81753777969db37
(8) 0x50a02d96910f687e9990a50ed29c2dce59a64e7cff7b343bffead3546d792b1b
(9) 0x99b12314eb7210bec42f73410557ecc43d99eb2d36a3b6e81ce58b944a6eed29

HD Wallet
==================
Mnemonic:      airport wedding hub poet carry north blossom crisp picnic monkey expose punch
Base HD Path:  m/44'/60'/0'/0/{account_index}

Default Gas Price
==================
2000000000

BlockGas Limit
==================
30000000

Call Gas Limit
==================
50000000

Chain
==================
Hardfork: shanghai
Id:       1337

RPC Listening on 127.0.0.1:8545
web3_clientVersion
eth_blockNumber
net_version
eth_accounts
eth_accounts
eth_blockNumber
net_version
eth_getBlockByNumber
eth_estimateGas
eth_getBlockByNumber
eth_gasPrice
eth_sendTransaction

  Transaction: 0x1ae995f5d176ca22ab83f180eb5015b7affb08d4b07ee87ffe269d7334827422
  Contract created: 0x70bf935171a56745eea0ebcbe5c949e4b93c9f7c
  Gas usage: 1146799
  Block number: 1
  Block time: Thu May 07 2026 22:19:18 GMT+0700 (Indochina Time)

eth_getTransactionReceipt
eth_getCode
eth_getTransactionReceipt
eth_getBlockByNumber
eth_gasPrice
eth_sendTransaction

  Transaction: 0x5f3386b2abf4048d2fa061b709a44be88076c8ac2f11c5bae70188ea2c3daf04
  Gas usage: 21055
  Block number: 2
  Block time: Thu May 07 2026 22:19:18 GMT+0700 (Indochina Time)

eth_getTransactionReceipt
eth_blockNumber
evm_mine
eth_blockNumber
evm_mine
eth_blockNumber
evm_mine
eth_blockNumber
evm_mine
eth_blockNumber
evm_mine
eth_blockNumber
evm_mine
eth_blockNumber
net_version
eth_getBlockByNumber
eth_estimateGas
eth_getBlockByNumber
eth_gasPrice
eth_sendTransaction

  Transaction: 0xc6f5f1d71f9d76fa8c3fd9f0b300524a8ee2cc4e22b2b3730b271f0041b96990
  Gas usage: 59561
  Block number: 9
  Block time: Thu May 07 2026 22:19:18 GMT+0700 (Indochina Time)

eth_getTransactionReceipt
eth_blockNumber
eth_getBalance
eth_getTransactionByHash
debug_traceTransaction
eth_getTransactionByHash
debug_traceTransaction
eth_getTransactionByHash
debug_traceTransaction

Received shutdown signal: SIGTERM
Shutting down…
Server has been shut down
