ganache v7.9.2 (@ganache/cli: 0.10.2, @ganache/core: 0.10.2)
Starting RPC server

Available Accounts
==================
(0) 0x6e9C3f381fc82EE4Bf02894ff575f8f0a9260490 (1000 ETH)
(1) 0x49f15C8c072a57E55cd71086DF5222300dc1f060 (1000 ETH)
(2) 0xD8f6f56A31de4D9Fb1D59f5782c3b13Ff14177A6 (1000 ETH)
(3) 0x512FFb4107F78D2A658dC889987E961DE307BE0b (1000 ETH)
(4) 0x833fAaE3C0eDA91017b6A02250AE8cF5a59968E9 (1000 ETH)
(5) 0x1e8e31D1051316C1ad744a48Cb7a6e066d0EA633 (1000 ETH)
(6) 0x36D4EaBFD4995F4A809eF44b07F56B68F290b2ba (1000 ETH)
(7) 0x7fd4b37379b44f75e29f19499F4b18829D07F6D5 (1000 ETH)
(8) 0xA9d29D49CBE01e61F57609EcD03355b4B43dc6E4 (1000 ETH)
(9) 0xE634dFCc1F04d0a96Df44F0b82E70323b36a96b2 (1000 ETH)

Private Keys
==================
(0) 0x5b3ad6e9e7834db0c069712306af3102a62781b9db11196dfa99cd494ee7d6a7
(1) 0x62f961a388500a2f6f41732c1c82e05bcdc3546648d7f35f5cd4ac3e512ba879
(2) 0x6d7986831946d25580898eda4e65df71fef21d72439554f1220f831741363224
(3) 0x216d2368dfaa459a38cc9947d2a8b69506d6ea0606afb124576fc3ad4a49c4aa
(4) 0x39881a1bb38fef5f9c99f4b937bd66d105b0f7a80ade4fb311de20c43420fc74
(5) 0x6921ba095b2af5d3c0f8eafd089b6fdf1b370af03089db26016556dc039f9537
(6) 0xd7a15490156e5eff734b5754055d22599e8304e8585888148aff0af6cbdf7a61
(7) 0x8c0661a48b813232e553bb3e67e2ca6e4c4f0f8f816628448afd697d3817b23e
(8) 0x3f4a720a912670e9e2aaa640f7f6a1cb33d68896e56e62a7ee05de2520543103
(9) 0xf1aea5d5263ef3594857c33d79ac7462d97001881f2546c0255c637c6ab2265f

HD Wallet
==================
Mnemonic:      rule loud stage seek slot video volcano hint jewel kidney theme task
Base HD Path:  m/44'/60'/0'/0/{account_index}

Default Gas Price
==================
2000000000

BlockGas Limit
==================
30000000

Call Gas Limit
==================
50000000

Chain
==================
Hardfork: shanghai
Id:       1337

RPC Listening on 127.0.0.1:8545
web3_clientVersion
eth_blockNumber
net_version
eth_accounts
eth_accounts
eth_blockNumber
net_version
eth_getBlockByNumber
eth_estimateGas
eth_getBlockByNumber
eth_gasPrice
eth_sendTransaction

  Transaction: 0x4aac6cbb6b12b445a7353b1a76517224a01363223623efbae21bd24a38757f91
  Contract created: 0xe93569d70b1655a388333295802d1210d2fe1091
  Gas usage: 1123899
  Block number: 1
  Block time: Fri May 08 2026 01:35:41 GMT+0700 (Indochina Time)

eth_getTransactionReceipt
eth_getCode
eth_getTransactionReceipt
eth_getBlockByNumber
eth_gasPrice
eth_sendTransaction

  Transaction: 0x2f7e96c974c4cc5c0021fbcf042f6ec8988342702d83e1a524d67c8de36d351c
  Gas usage: 21055
  Block number: 2
  Block time: Fri May 08 2026 01:35:41 GMT+0700 (Indochina Time)

eth_getTransactionReceipt
net_version
eth_getBlockByNumber
eth_estimateGas
eth_getBlockByNumber
eth_gasPrice
eth_sendTransaction

  Transaction: 0xe39d30ac1a7a944b0b51209287e8823df5ef2cce150a600ee99e684b52c790a3
  Gas usage: 68747
  Block number: 3
  Block time: Fri May 08 2026 01:35:41 GMT+0700 (Indochina Time)

eth_getTransactionReceipt
eth_blockNumber
eth_getBalance
eth_getTransactionByHash
debug_traceTransaction
eth_getTransactionByHash
debug_traceTransaction
eth_getTransactionByHash
debug_traceTransaction

Received shutdown signal: SIGTERM
Shutting down…
Server has been shut down
