Using network 'development'.

{
  "ok": true,
  "graph_id": "",
  "pair": "B->C|evm|fund:bc",
  "pairKey": "B->C|evm|fund:bc",
  "contract": "CTLCMultipleEdges",
  "scenario": "best_claim",
  "deployGas": "0x17d4f3",
  "gasUsed": "75948",
  "disableGasUsed": "",
  "claimGasUsed": "75948",
  "refundGasUsed": "",
  "contractAddress": "0x973417B7865C4a51A706bf56e0D4eF40564b4c06",
  "startBlock": "0",
  "endBlock": "3",
  "finalContractBalanceWei": "0",
  "deployer": "0x2eCbFc31Ad00706cA42f4B1d5d8112322960220b",
  "party": "0xaD737696f9AB49Cf0094f61076C05659445c2fc8",
  "counterparty": "0x20c2D12CCcfA3077DD4B554e33fA1D1279b6Cb36",
  "fundingWei": "1000000000000000000",
  "timelocks": [
    8,
    9
  ],
  "transactions": [
    {
      "role": "deploy",
      "txHash": "0x385ad8188115c53363c4cbf103020b5a3e303886ab99468993ae6a5433015652"
    },
    {
      "role": "fund",
      "txHash": "0xb1ffb54a1ca99664cb83be85437e7122b4743cab8c6d5d0a6c604e04da453d65"
    },
    {
      "role": "claim",
      "txHash": "0x8e641f84fdaccdd6bd10369d5d799a223ea0c8f777a744a88ffd47380ed0d9db",
      "level": 0,
      "option": 0
    }
  ],
  "txRoles": [
    {
      "role": "deploy",
      "txHash": "0x385ad8188115c53363c4cbf103020b5a3e303886ab99468993ae6a5433015652"
    },
    {
      "role": "fund",
      "txHash": "0xb1ffb54a1ca99664cb83be85437e7122b4743cab8c6d5d0a6c604e04da453d65"
    },
    {
      "role": "claim",
      "txHash": "0x8e641f84fdaccdd6bd10369d5d799a223ea0c8f777a744a88ffd47380ed0d9db",
      "level": 0,
      "option": 0
    }
  ],
  "deployTxHash": "0x385ad8188115c53363c4cbf103020b5a3e303886ab99468993ae6a5433015652",
  "fundTxHash": "0xb1ffb54a1ca99664cb83be85437e7122b4743cab8c6d5d0a6c604e04da453d65",
  "claimTxHash": "0x8e641f84fdaccdd6bd10369d5d799a223ea0c8f777a744a88ffd47380ed0d9db",
  "txHash": "0x8e641f84fdaccdd6bd10369d5d799a223ea0c8f777a744a88ffd47380ed0d9db",
  "tx": "0x8e641f84fdaccdd6bd10369d5d799a223ea0c8f777a744a88ffd47380ed0d9db"
}
