Using network 'development'.

{
  "ok": true,
  "graph_id": "",
  "pair": "F->A|evm|fund:fa",
  "pairKey": "F->A|evm|fund:fa",
  "contract": "CTLCOnly",
  "scenario": "worst_claim",
  "deployGas": "0x10ccaf",
  "gasUsed": "64620",
  "disableGasUsed": "0",
  "claimGasUsed": "64620",
  "refundGasUsed": "",
  "contractAddress": "0xB58d35f1a81d3765A10911358c5FccBd3eAc9e6a",
  "startBlock": "0",
  "endBlock": "3",
  "finalContractBalanceWei": "0",
  "deployer": "0x3aE5c85B8DE4c48Ef7574c49cfEfBa1BA7466329",
  "party": "0x582BEbC49430E5F256500569A904b31376d09C6a",
  "counterparty": "0xDa9Fd9214474f6331caDFE1b0cC3Cc9800198A26",
  "fundingWei": "1000000000000000000",
  "timelocks": [
    6
  ],
  "transactions": [
    {
      "role": "deploy",
      "txHash": "0x225fd9ab37614d3ed63993b6dd91544aaf677d073a7bae089b5c4edb58fc31be"
    },
    {
      "role": "fund",
      "txHash": "0xde94981d00f86170ead84c315c7ba787a5df7a1f08329302975e1969d487be53"
    },
    {
      "role": "claim",
      "txHash": "0x01b9a78fd5c0866e8d98e321d26e3ac9cbac037fd387556dea2596ea48736f2a",
      "level": 0,
      "option": 0
    }
  ],
  "txRoles": [
    {
      "role": "deploy",
      "txHash": "0x225fd9ab37614d3ed63993b6dd91544aaf677d073a7bae089b5c4edb58fc31be"
    },
    {
      "role": "fund",
      "txHash": "0xde94981d00f86170ead84c315c7ba787a5df7a1f08329302975e1969d487be53"
    },
    {
      "role": "claim",
      "txHash": "0x01b9a78fd5c0866e8d98e321d26e3ac9cbac037fd387556dea2596ea48736f2a",
      "level": 0,
      "option": 0
    }
  ],
  "deployTxHash": "0x225fd9ab37614d3ed63993b6dd91544aaf677d073a7bae089b5c4edb58fc31be",
  "fundTxHash": "0xde94981d00f86170ead84c315c7ba787a5df7a1f08329302975e1969d487be53",
  "claimTxHash": "0x01b9a78fd5c0866e8d98e321d26e3ac9cbac037fd387556dea2596ea48736f2a",
  "txHash": "0x01b9a78fd5c0866e8d98e321d26e3ac9cbac037fd387556dea2596ea48736f2a",
  "tx": "0x01b9a78fd5c0866e8d98e321d26e3ac9cbac037fd387556dea2596ea48736f2a"
}
