ganache v7.9.2 (@ganache/cli: 0.10.2, @ganache/core: 0.10.2)
Starting RPC server

Available Accounts
==================
(0) 0xD6EefB5adA99F07FB5C4bf851E831b15ba911058 (1000 ETH)
(1) 0xFCD0629B28a5F5b58e4f738E4c6989111A54ABa7 (1000 ETH)
(2) 0xFc7B6ab241f0DFe2450Bd38A4425B157cA1daefa (1000 ETH)
(3) 0x9d2938c0B4187AFC8A5a13D558D2805C6AD569De (1000 ETH)
(4) 0x2816B8875f142615FBECC848901Be7c2E44bc0A5 (1000 ETH)
(5) 0x90D9dD4D1Bde5230Cc86dBDBC3cA918754602cc0 (1000 ETH)
(6) 0x2EdCcA703b4aa90B6B6999fE82b98fA8c4d47b41 (1000 ETH)
(7) 0x8944c632B81f032331076E7FA33f5724d89025c9 (1000 ETH)
(8) 0x988bc127f62Ef55A3248A7478eb297f163f43010 (1000 ETH)
(9) 0x2F1feF0043Da723E3777e9a488ae7Ad6D012d5d6 (1000 ETH)

Private Keys
==================
(0) 0x8a8052a13b9e1119abc411e4b0de952aa0bbbabb5d1e67d3a0556d42121d6ae7
(1) 0xce2a1ac8dd29a526b915c02cb9d0a9dbee38df92dd8ce700ee6d5b35c225135f
(2) 0xf24ee96d2442a289ff2970c755772645bcaa9e704d695b53575d893eb3a2f27e
(3) 0xa6a3164dc89074b8eef866b69fb64fe3286ec6a3a62d52364b236f683de4ca5c
(4) 0xdfe13a5fb410d8316bb93b3c8088043b8dceb143f40373e832ba42f2af6aca15
(5) 0xaab4196d4915732b7eff4a56d7751f542fe373fbf20684ce9cb0d0ca8198e786
(6) 0xe74e00d7e5184fda6e95469388c8e6d1a0b77468acf44b05efb95ab3a4b7ced4
(7) 0x849749068c4648c6f55113d59a56312ca452adec148dd06686d7b1f1d8990152
(8) 0xe2be83451726b59245d9b8e02b011d2a0d6ee586c9fbd7cd06880c571ea7e4cc
(9) 0x00113b7b8f3c0f2b86af29e78b85a834309c2bad4200cc111cd2e29897aac693

HD Wallet
==================
Mnemonic:      second raccoon comic scout fold illegal sphere dilemma major tail fox output
Base HD Path:  m/44'/60'/0'/0/{account_index}

Default Gas Price
==================
2000000000

BlockGas Limit
==================
30000000

Call Gas Limit
==================
50000000

Chain
==================
Hardfork: shanghai
Id:       1337

RPC Listening on 127.0.0.1:8545
web3_clientVersion
eth_blockNumber
net_version
eth_accounts
eth_accounts
eth_blockNumber
net_version
eth_getBlockByNumber
eth_estimateGas
eth_getBlockByNumber
eth_gasPrice
eth_sendTransaction

  Transaction: 0x24ad1a93a258cf3746d524f696d3f7e33c02c15c7a5c3c98b8e39ea8ba03fb7a
  Contract created: 0x864ccec4fdda36112ed5dd6d64c18e8cbab72b66
  Gas usage: 1239082
  Block number: 1
  Block time: Fri May 08 2026 02:19:03 GMT+0700 (Indochina Time)

eth_getTransactionReceipt
eth_getCode
eth_getTransactionReceipt
eth_getBlockByNumber
eth_gasPrice
eth_sendTransaction

  Transaction: 0x06715a7495efe7113768887d7618bd2818713177aee0246da521e721572386f4
  Gas usage: 21055
  Block number: 2
  Block time: Fri May 08 2026 02:19:03 GMT+0700 (Indochina Time)

eth_getTransactionReceipt
eth_blockNumber
evm_mine
eth_blockNumber
evm_mine
eth_blockNumber
evm_mine
eth_blockNumber
evm_mine
eth_blockNumber
evm_mine
eth_blockNumber
net_version
eth_getBlockByNumber
eth_estimateGas
eth_getBlockByNumber
eth_gasPrice
eth_sendTransaction

  Transaction: 0x8faf1c96c9b92b8b3443b44a915beaac008ffb1c40b7eb5490d552b1b6b78033
  Gas usage: 52947
  Block number: 8
  Block time: Fri May 08 2026 02:19:03 GMT+0700 (Indochina Time)

eth_getTransactionReceipt
eth_blockNumber
net_version
eth_getBlockByNumber
eth_estimateGas
eth_getBlockByNumber
eth_gasPrice
eth_sendTransaction

  Transaction: 0xeb634721bcc6f2424334fa1e2870793e3149622a696f2fd5efe0cf86e708d3a7
  Gas usage: 59561
  Block number: 9
  Block time: Fri May 08 2026 02:19:03 GMT+0700 (Indochina Time)

eth_getTransactionReceipt
eth_blockNumber
eth_getBalance
eth_getTransactionByHash
debug_traceTransaction
eth_getTransactionByHash
debug_traceTransaction
eth_getTransactionByHash
debug_traceTransaction
eth_getTransactionByHash
debug_traceTransaction

Received shutdown signal: SIGTERM
Shutting down…
Server has been shut down
