ganache v7.9.2 (@ganache/cli: 0.10.2, @ganache/core: 0.10.2)
Starting RPC server

Available Accounts
==================
(0) 0x06baA7A5e73C13503a1a89Bcf3029e709C0106AA (1000 ETH)
(1) 0xa1AdfcdB3207925eF054251983BFa9c0D0B828f8 (1000 ETH)
(2) 0xA8C210af2E6E22a6fBfe65AF8262826c7F6295DD (1000 ETH)
(3) 0xE766c5F86aE4D9c6a4B368eaEb4e829e2cdD0C8a (1000 ETH)
(4) 0xb875896996aDF552E63C63473413cC0f0fF40fb5 (1000 ETH)
(5) 0x6053e4B1C3e38d5944E0Fa97c34cE8c1190afEbb (1000 ETH)
(6) 0x9323008D742356E11358A8bcC5399886b9e865bB (1000 ETH)
(7) 0xAddE656eB645A2113d48a7691672Fe68276A0d8C (1000 ETH)
(8) 0x4799d13d62676DA4621B9Ce64190Fb3624E8d88d (1000 ETH)
(9) 0xC90D7d24ebe665040c5d7b096EE2AA4dA09ef50A (1000 ETH)

Private Keys
==================
(0) 0x66c88e42203fe852e197196a5479238b8c1eba683bd9cd1c8f7024a274ed145c
(1) 0x6cef03c561485274cb253ce8c94bcfd8676b9dd58e291a0c53063b168c72840b
(2) 0x2eb8c1e2b35373a02bcb16d7ef011772a2be49d2bd36e95172000b426f436e46
(3) 0x6af709762299a791ff0e84e2ee97b40910761825ebdd7559dc6d5c91e4b3bf50
(4) 0x92e99de24ce40635de21ece00b60d308b53b754f72cccb855af6f90ba0447b3a
(5) 0x87395019f116563b7d84f162ee8d1719a3e9dc82089048b5191bad0a0ac6efe6
(6) 0xc4726b04bfb5dc21fccd330b22ab93b4249a491c9fdd09bb1779d36695e66fda
(7) 0xc9f74adc47ba121542948ae279d8a4069f2a48a7dfc6ef57bcf763e903d1da02
(8) 0xf649364c8151c77119ac4146e21e60693337e0a73d31ee736765664e8baaf68e
(9) 0xe8f0b86a341fb8af4e1d227b74e29758c2be3ca149bcf1b5d36a271fc7ee5d9f

HD Wallet
==================
Mnemonic:      evil nerve door gold grab yellow candy upon sea tuition across upset
Base HD Path:  m/44'/60'/0'/0/{account_index}

Default Gas Price
==================
2000000000

BlockGas Limit
==================
30000000

Call Gas Limit
==================
50000000

Chain
==================
Hardfork: shanghai
Id:       1337

RPC Listening on 127.0.0.1:8545
web3_clientVersion
eth_blockNumber
net_version
eth_accounts
eth_accounts
eth_blockNumber
net_version
eth_getBlockByNumber
eth_estimateGas
eth_getBlockByNumber
eth_gasPrice
eth_sendTransaction

  Transaction: 0xbdae8d5cdb82ac3f24df26d5ae1cf8144ecc479717299333d7aca51864c4b9ea
  Contract created: 0x4e6bf8dc6c349e5927ec7836b4403de3f06a29e5
  Gas usage: 1100987
  Block number: 1
  Block time: Fri May 08 2026 03:35:48 GMT+0700 (Indochina Time)

eth_getTransactionReceipt
eth_getCode
eth_getTransactionReceipt
eth_getBlockByNumber
eth_gasPrice
eth_sendTransaction

  Transaction: 0xf5a174b6524e8ff13c75e8ecbd122a3b8cdb3dd2f882230238e9386442181581
  Gas usage: 21055
  Block number: 2
  Block time: Fri May 08 2026 03:35:48 GMT+0700 (Indochina Time)

eth_getTransactionReceipt
eth_blockNumber
evm_mine
eth_blockNumber
evm_mine
eth_blockNumber
evm_mine
eth_blockNumber
evm_mine
eth_blockNumber
net_version
eth_getBlockByNumber
eth_estimateGas
eth_getBlockByNumber
eth_gasPrice
eth_sendTransaction

  Transaction: 0x70f29d30e37a6151cfa0c88328fdf7585040cd679405c51df792af874efa804d
  Gas usage: 59561
  Block number: 7
  Block time: Fri May 08 2026 03:35:48 GMT+0700 (Indochina Time)

eth_getTransactionReceipt
eth_blockNumber
eth_getBalance
eth_getTransactionByHash
debug_traceTransaction
eth_getTransactionByHash
debug_traceTransaction
eth_getTransactionByHash
debug_traceTransaction

Received shutdown signal: SIGTERM
Shutting down…
Server has been shut down
