Using network 'development'.

{
  "ok": true,
  "graph_id": "",
  "pair": "D->E|evm|fund:de",
  "pairKey": "D->E|evm|fund:de",
  "contract": "CTLCOnly",
  "scenario": "best_claim",
  "deployGas": "0x177888",
  "gasUsed": "68747",
  "disableGasUsed": "",
  "claimGasUsed": "68747",
  "refundGasUsed": "",
  "contractAddress": "0xA727741BE632f3948F8153c8467Bb991250C47C6",
  "startBlock": "0",
  "endBlock": "3",
  "finalContractBalanceWei": "0",
  "deployer": "0xF6aA72da24804bb8cf009FeB9548f88F45c3df11",
  "party": "0xb402A753742203Ef5508E40F5769271Ee2E1D811",
  "counterparty": "0x008946681cF5dCdB9A804828EDcD4a6Abf0DDc27",
  "fundingWei": "1000000000000000000",
  "timelocks": [
    7,
    8,
    9,
    10
  ],
  "transactions": [
    {
      "role": "deploy",
      "txHash": "0xf4d76183b39ca12c482706c68780921aafd0e4d6857b8dd494b318151df57997"
    },
    {
      "role": "fund",
      "txHash": "0x09587748af49abbfa278331acb0465d77e04695c8a0175eec6a127ee494da78f"
    },
    {
      "role": "claim",
      "txHash": "0xef90b4d1dd82a59aef85a8363aaef94ee1d9f118caee0d5820b43763fad40651",
      "level": 0,
      "option": 0
    }
  ],
  "txRoles": [
    {
      "role": "deploy",
      "txHash": "0xf4d76183b39ca12c482706c68780921aafd0e4d6857b8dd494b318151df57997"
    },
    {
      "role": "fund",
      "txHash": "0x09587748af49abbfa278331acb0465d77e04695c8a0175eec6a127ee494da78f"
    },
    {
      "role": "claim",
      "txHash": "0xef90b4d1dd82a59aef85a8363aaef94ee1d9f118caee0d5820b43763fad40651",
      "level": 0,
      "option": 0
    }
  ],
  "deployTxHash": "0xf4d76183b39ca12c482706c68780921aafd0e4d6857b8dd494b318151df57997",
  "fundTxHash": "0x09587748af49abbfa278331acb0465d77e04695c8a0175eec6a127ee494da78f",
  "claimTxHash": "0xef90b4d1dd82a59aef85a8363aaef94ee1d9f118caee0d5820b43763fad40651",
  "txHash": "0xef90b4d1dd82a59aef85a8363aaef94ee1d9f118caee0d5820b43763fad40651",
  "tx": "0xef90b4d1dd82a59aef85a8363aaef94ee1d9f118caee0d5820b43763fad40651"
}
