ganache v7.9.2 (@ganache/cli: 0.10.2, @ganache/core: 0.10.2)
Starting RPC server

Available Accounts
==================
(0) 0xB16Ad87E3ca74cAcaB727D0c5897676c1111Cffb (1000 ETH)
(1) 0x76B8C6490088315852D88153B8151ee0664Df124 (1000 ETH)
(2) 0x76914fec6a60c52Ad600430cb9fF898580269552 (1000 ETH)
(3) 0x00AAbfFe4582Be8FE8287042c9B123cD57B9E5A1 (1000 ETH)
(4) 0x41D744574Abb20c11ae0909f87A22507F84e7705 (1000 ETH)
(5) 0xc0bdDA6a08d2EBe06Cb7e7CedB08DC1336D1C5d6 (1000 ETH)
(6) 0xB2ebb2473d1EA0DC847B10769D9B9d0A939dB6b5 (1000 ETH)
(7) 0xb6F229Db98362335Ff319236A3b735b80863ce9d (1000 ETH)
(8) 0xd7e9607AD385060E8c5B33Fbd1035B58965589ad (1000 ETH)
(9) 0x369f7C15868612A2e6b2e98c6F5B90F088f5401b (1000 ETH)

Private Keys
==================
(0) 0x2c65da82299b725c8cacb00bf02c51b1ff67621de9e708116acbfa794f7896d0
(1) 0x7ed0e9e5260861e38cb0b7c7548a72246a6a89bd6189e4e4aaca5338e55197ba
(2) 0xc3a95392f722a8769325115bd40a1098d72d6d488232dd0836b52596a10e5909
(3) 0x78befd807c1219b3849a48b86449f21f67247e8858e7290d472c158572802afc
(4) 0x932e48f7455c17540c2f6cd04ff4def486de3838cdfdfd72ffe5db3fbf68a8b0
(5) 0xa9be82b0899faa0fdbea53a8f37366a8f42b64ea6d4e462d4bb5807f84805e58
(6) 0x94e2e0dbe22966ec29de724c9f937119f8096d3ec245c7461901c15b44e90a51
(7) 0xf8d9efc4c3d8ddcb4e5e864ec702e3ce60e156fba32efda5af6bae9f1622a351
(8) 0xf8eb8bb3b47341b446ce8caa51e4ad6d912d39abfe9972b875c7e5d4e0528020
(9) 0xbac19dfdf79c65f2d341046e29816b32dfca3c9e27d7ff450ca1fa5f250a0741

HD Wallet
==================
Mnemonic:      hire melody vast stove unaware real adult solution fluid moment toy eagle
Base HD Path:  m/44'/60'/0'/0/{account_index}

Default Gas Price
==================
2000000000

BlockGas Limit
==================
30000000

Call Gas Limit
==================
50000000

Chain
==================
Hardfork: shanghai
Id:       1337

RPC Listening on 127.0.0.1:8545
web3_clientVersion
eth_blockNumber
net_version
eth_accounts
eth_accounts
eth_blockNumber
net_version
eth_getBlockByNumber
eth_estimateGas
eth_getBlockByNumber
eth_gasPrice
eth_sendTransaction

  Transaction: 0xac59bff4ba1eae9ab4c29f947f66582e701429353c2f0c00b14e32aca7eacec1
  Contract created: 0x249380b2c9f379793c04754833d1f8c37903b168
  Gas usage: 1193626
  Block number: 1
  Block time: Thu May 07 2026 20:58:11 GMT+0700 (Indochina Time)

eth_getTransactionReceipt
eth_getCode
eth_getTransactionReceipt
eth_getBlockByNumber
eth_gasPrice
eth_sendTransaction

  Transaction: 0x44e5101f2e56a96fba0829b522dbd4fc8a2a73b50d17981e75d6c091789159ed
  Gas usage: 21055
  Block number: 2
  Block time: Thu May 07 2026 20:58:11 GMT+0700 (Indochina Time)

eth_getTransactionReceipt
net_version
eth_getBlockByNumber
eth_estimateGas
eth_getBlockByNumber
eth_gasPrice
eth_sendTransaction

  Transaction: 0xbeb22e9e619428850b108496fdd812279373d45c35fe4de0b9a624ad77e33aea
  Gas usage: 67334
  Block number: 3
  Block time: Thu May 07 2026 20:58:11 GMT+0700 (Indochina Time)

eth_getTransactionReceipt
eth_blockNumber
eth_getBalance
eth_getTransactionByHash
debug_traceTransaction
eth_getTransactionByHash
debug_traceTransaction
eth_getTransactionByHash
debug_traceTransaction

Received shutdown signal: SIGTERM
Shutting down…
Server has been shut down
