Using network 'development'.

{
  "ok": true,
  "graph_id": "",
  "pair": "D->B|evm|fund:db",
  "pairKey": "D->B|evm|fund:db",
  "contract": "CTLCMultipleEdges",
  "scenario": "worst_claim",
  "deployGas": "0x139ca6",
  "gasUsed": "75948",
  "disableGasUsed": "0",
  "claimGasUsed": "75948",
  "refundGasUsed": "",
  "contractAddress": "0xFE9583657eDa857991306aFd0fDead2409Cb177f",
  "startBlock": "0",
  "endBlock": "3",
  "finalContractBalanceWei": "0",
  "deployer": "0x93202e02a79C23f21e0AB6EA14Fa29446B991659",
  "party": "0x698B029F21FF6682480c8fa92490596591370dC0",
  "counterparty": "0xA771bd55097cB3c43BcCA8c664FAD37c338EBD7E",
  "fundingWei": "1000000000000000000",
  "timelocks": [
    8
  ],
  "transactions": [
    {
      "role": "deploy",
      "txHash": "0x2f9dd75e40eda99e61be2f943fe4356b0b6b42c6bd931f4033b34f22387fa262"
    },
    {
      "role": "fund",
      "txHash": "0x18cf702f2968f35d90bc498a7113441d01d168670dfcc8d70bd0aff64fc4e020"
    },
    {
      "role": "claim",
      "txHash": "0xbc3f991d9ecf198d3d165dc1c133096dee4226987785c5a60f578f63d16d2a5e",
      "level": 0,
      "option": 0
    }
  ],
  "txRoles": [
    {
      "role": "deploy",
      "txHash": "0x2f9dd75e40eda99e61be2f943fe4356b0b6b42c6bd931f4033b34f22387fa262"
    },
    {
      "role": "fund",
      "txHash": "0x18cf702f2968f35d90bc498a7113441d01d168670dfcc8d70bd0aff64fc4e020"
    },
    {
      "role": "claim",
      "txHash": "0xbc3f991d9ecf198d3d165dc1c133096dee4226987785c5a60f578f63d16d2a5e",
      "level": 0,
      "option": 0
    }
  ],
  "deployTxHash": "0x2f9dd75e40eda99e61be2f943fe4356b0b6b42c6bd931f4033b34f22387fa262",
  "fundTxHash": "0x18cf702f2968f35d90bc498a7113441d01d168670dfcc8d70bd0aff64fc4e020",
  "claimTxHash": "0xbc3f991d9ecf198d3d165dc1c133096dee4226987785c5a60f578f63d16d2a5e",
  "txHash": "0xbc3f991d9ecf198d3d165dc1c133096dee4226987785c5a60f578f63d16d2a5e",
  "tx": "0xbc3f991d9ecf198d3d165dc1c133096dee4226987785c5a60f578f63d16d2a5e"
}
