Using network 'development'.

{
  "ok": true,
  "graph_id": "",
  "pair": "G->A|evm|fund:ga",
  "pairKey": "G->A|evm|fund:ga",
  "contract": "CTLCOnly",
  "scenario": "best_claim",
  "deployGas": "0x10cca3",
  "gasUsed": "64620",
  "disableGasUsed": "",
  "claimGasUsed": "64620",
  "refundGasUsed": "",
  "contractAddress": "0x4187162ab00bd3fBCda61c072Da4Cd7Fe9723D25",
  "startBlock": "0",
  "endBlock": "3",
  "finalContractBalanceWei": "0",
  "deployer": "0x51352273f1E81308BF0F91F5DD9a544d269b310d",
  "party": "0x1f4aE717A0C600862E80EcdbEF8CF9C5232D1bF9",
  "counterparty": "0xeB6eA4912F59F2bf4a7e3de782263Ef930ed6638",
  "fundingWei": "1000000000000000000",
  "timelocks": [
    6
  ],
  "transactions": [
    {
      "role": "deploy",
      "txHash": "0xb6ae06d8c46e2a3cb96f5c81a660ba7b4eea5a009510a547dfb1ce9e681f2651"
    },
    {
      "role": "fund",
      "txHash": "0x4494d4558bcff3a2864733cd95d1e12c5e4359bbda2f84f7ae420498d504ba72"
    },
    {
      "role": "claim",
      "txHash": "0x77439455732a069f422e41b1e3fa94242a253f575603bd92f7581780fd9dc9a4",
      "level": 0,
      "option": 0
    }
  ],
  "txRoles": [
    {
      "role": "deploy",
      "txHash": "0xb6ae06d8c46e2a3cb96f5c81a660ba7b4eea5a009510a547dfb1ce9e681f2651"
    },
    {
      "role": "fund",
      "txHash": "0x4494d4558bcff3a2864733cd95d1e12c5e4359bbda2f84f7ae420498d504ba72"
    },
    {
      "role": "claim",
      "txHash": "0x77439455732a069f422e41b1e3fa94242a253f575603bd92f7581780fd9dc9a4",
      "level": 0,
      "option": 0
    }
  ],
  "deployTxHash": "0xb6ae06d8c46e2a3cb96f5c81a660ba7b4eea5a009510a547dfb1ce9e681f2651",
  "fundTxHash": "0x4494d4558bcff3a2864733cd95d1e12c5e4359bbda2f84f7ae420498d504ba72",
  "claimTxHash": "0x77439455732a069f422e41b1e3fa94242a253f575603bd92f7581780fd9dc9a4",
  "txHash": "0x77439455732a069f422e41b1e3fa94242a253f575603bd92f7581780fd9dc9a4",
  "tx": "0x77439455732a069f422e41b1e3fa94242a253f575603bd92f7581780fd9dc9a4"
}
