ganache v7.9.2 (@ganache/cli: 0.10.2, @ganache/core: 0.10.2)
Starting RPC server

Available Accounts
==================
(0) 0x4f90C503E830f50ebCD5D9ef49024971e947cb5C (1000 ETH)
(1) 0x0da76634BC14578eCbe822eA2F9D30e53Ac2Cfec (1000 ETH)
(2) 0x7E4e584a84F66D3ACeA327079D30C4E703798004 (1000 ETH)
(3) 0xD98D693F6991EAD396e26c12C58685b31D0bf352 (1000 ETH)
(4) 0x9e22B785CC25E03B9c5597E0dE0C85Ddcc589F9C (1000 ETH)
(5) 0x8394F59B94A83B6f939e5551964bc81798391471 (1000 ETH)
(6) 0x2B00daF0Eb09aA95e2D3e30b81dfc9E05C2eCDCA (1000 ETH)
(7) 0x49D8073b1B99b5D27550a56C7472970464fe35A6 (1000 ETH)
(8) 0xbDf9fa0acEB5C32D195B43516fAC135109D0E49E (1000 ETH)
(9) 0x3aFf897eE49D6c30FA85596F64E5eE28F6B868b0 (1000 ETH)

Private Keys
==================
(0) 0xf80d8177aa771aaf8c5a0b73efe0eec6bc3df0e3a0edda6478d375edea751769
(1) 0x47c349b9d2a219adacf016467ec4b7ce95378cc75b3fc62bb30a2d4b438588dd
(2) 0x096295f8c542a665bea09df287872cb8813c6169b1da29f16b0b82871f324124
(3) 0xf6da2d61cf061731f6daf31a816291191370a10d993c6483121b00481a3a67ec
(4) 0x64e3189c1c0ca89622a6dde6b355a2ea64c4e16dd4af81382901a23eb342cb1b
(5) 0x63744d80f135e7eefc5c2d0440f85a266243ea091a10b2185358deaf94f2ff75
(6) 0x0dee78e42d625f8adc3d2af240c05d5b438642d133bdfddec9f81f8f97c1fecd
(7) 0xa196fdd6a1e76b232a35c7b2a0ce74641e41bca55fc2c0245afa0c705616ebb9
(8) 0x80b02ff720d40a2a8f498a5e2cbcb9f0615b2b78445621ba4048f95a00beab7a
(9) 0x24df54f8d8a15215e8ed864f0c6d0616a9e333004a0b703621f14b6e3c5d113b

HD Wallet
==================
Mnemonic:      door adjust piece supply square they repeat planet adjust two exact turn
Base HD Path:  m/44'/60'/0'/0/{account_index}

Default Gas Price
==================
2000000000

BlockGas Limit
==================
30000000

Call Gas Limit
==================
50000000

Chain
==================
Hardfork: shanghai
Id:       1337

RPC Listening on 127.0.0.1:8545
web3_clientVersion
eth_blockNumber
net_version
eth_accounts
eth_accounts
eth_blockNumber
net_version
eth_getBlockByNumber
eth_estimateGas
eth_getBlockByNumber
eth_gasPrice
eth_sendTransaction

  Transaction: 0x23f996091274618b9af651ee2f7921fce42210002c9261789fe6b6038f2c3c3f
  Contract created: 0xbdb43edb1087d2a62726077f4a72f9a6c4d41bd2
  Gas usage: 1561256
  Block number: 1
  Block time: Fri May 08 2026 00:33:23 GMT+0700 (Indochina Time)

eth_getTransactionReceipt
eth_getCode
eth_getTransactionReceipt
eth_getBlockByNumber
eth_gasPrice
eth_sendTransaction

  Transaction: 0x80155a3ffa0dc1a9838e76a756e06d5385b9323d8207c7ee82639ebd657c768f
  Gas usage: 21055
  Block number: 2
  Block time: Fri May 08 2026 00:33:23 GMT+0700 (Indochina Time)

eth_getTransactionReceipt
eth_blockNumber
evm_mine
eth_blockNumber
evm_mine
eth_blockNumber
evm_mine
eth_blockNumber
evm_mine
eth_blockNumber
evm_mine
eth_blockNumber
evm_mine
eth_blockNumber
evm_mine
eth_blockNumber
net_version
eth_getBlockByNumber
eth_estimateGas
eth_getBlockByNumber
eth_gasPrice
eth_sendTransaction

  Transaction: 0x0eefb62b73b63081088f5d28d004c82e0af6c9cf56885ee6d924d503e7b341a7
  Gas usage: 59539
  Block number: 10
  Block time: Fri May 08 2026 00:33:23 GMT+0700 (Indochina Time)

eth_getTransactionReceipt
eth_blockNumber
eth_getBalance
eth_getTransactionByHash
debug_traceTransaction
eth_getTransactionByHash
debug_traceTransaction
eth_getTransactionByHash
debug_traceTransaction

Received shutdown signal: SIGTERM
Shutting down…
Server has been shut down
