Using network 'development'.

{
  "ok": true,
  "graph_id": "",
  "pair": "B->D|evm|fund:bd",
  "pairKey": "B->D|evm|fund:bd",
  "contract": "CTLCMultipleEdges",
  "scenario": "best_claim",
  "deployGas": "0x139c9a",
  "gasUsed": "75924",
  "disableGasUsed": "",
  "claimGasUsed": "75924",
  "refundGasUsed": "",
  "contractAddress": "0x19243DA469073dc78482B7e772123AFd5eE87f4e",
  "startBlock": "0",
  "endBlock": "3",
  "finalContractBalanceWei": "0",
  "deployer": "0xB7a724543dDD67B9d819A00AA2C8F4c5F6D66D09",
  "party": "0xC0329a7B1d4E9D5E64b89CD6d5ebdA85c26AB307",
  "counterparty": "0x146B4506C7327C7bFA98D26A0f984C45C187FDE3",
  "fundingWei": "1000000000000000000",
  "timelocks": [
    8
  ],
  "transactions": [
    {
      "role": "deploy",
      "txHash": "0x263a88f9cb5ef24c7e955793d891c5bb5b9c55cc1a9ea62ee1055eba0e8a34fd"
    },
    {
      "role": "fund",
      "txHash": "0xb35072fcddd544e2c3740be54f4836654c6a4e2f8d0f6ea1140bcee217d95960"
    },
    {
      "role": "claim",
      "txHash": "0x10cb818501c689d75464056eefc341a3cadd1f26c0da58df7144310cc95f6b0e",
      "level": 0,
      "option": 0
    }
  ],
  "txRoles": [
    {
      "role": "deploy",
      "txHash": "0x263a88f9cb5ef24c7e955793d891c5bb5b9c55cc1a9ea62ee1055eba0e8a34fd"
    },
    {
      "role": "fund",
      "txHash": "0xb35072fcddd544e2c3740be54f4836654c6a4e2f8d0f6ea1140bcee217d95960"
    },
    {
      "role": "claim",
      "txHash": "0x10cb818501c689d75464056eefc341a3cadd1f26c0da58df7144310cc95f6b0e",
      "level": 0,
      "option": 0
    }
  ],
  "deployTxHash": "0x263a88f9cb5ef24c7e955793d891c5bb5b9c55cc1a9ea62ee1055eba0e8a34fd",
  "fundTxHash": "0xb35072fcddd544e2c3740be54f4836654c6a4e2f8d0f6ea1140bcee217d95960",
  "claimTxHash": "0x10cb818501c689d75464056eefc341a3cadd1f26c0da58df7144310cc95f6b0e",
  "txHash": "0x10cb818501c689d75464056eefc341a3cadd1f26c0da58df7144310cc95f6b0e",
  "tx": "0x10cb818501c689d75464056eefc341a3cadd1f26c0da58df7144310cc95f6b0e"
}
