ganache v7.9.2 (@ganache/cli: 0.10.2, @ganache/core: 0.10.2)
Starting RPC server

Available Accounts
==================
(0) 0xc7333401BB59a46001e14E831138854d08c7b73d (1000 ETH)
(1) 0xD0277331D836558bde5be7072c1a93E5bEAD6F9b (1000 ETH)
(2) 0x1a08a1a8d096078B40A0c409aAAa97D784639B52 (1000 ETH)
(3) 0x4D72B1E9E0D989caeFEe0B3328b1729bB488958D (1000 ETH)
(4) 0x1FC51E3EEAbD7c34EDCEC3738813dFBF6997f0aC (1000 ETH)
(5) 0xc718eC44a49037005386Cd9f6901dE32c33a1dCB (1000 ETH)
(6) 0xCE9462ddFA77279bf7E24eC8F56550179d5E19D7 (1000 ETH)
(7) 0x5fB7CC5A980EC6c2a06d854A5E4EA0bed60bACFa (1000 ETH)
(8) 0xcf1BA7392352467087AB5fe838122bFC17012836 (1000 ETH)
(9) 0x280F3234364ce744ed673496407F8DDF686E5bE6 (1000 ETH)

Private Keys
==================
(0) 0x49504bb3a817ca0536bc13eb909d7c271bea21a960bb5bf938b45a790f68e040
(1) 0x9217421ff2dfa29c7f6d0e05033c14e3961c51264177d0899eed8326c618ed14
(2) 0x6d6c22b48f905f7493ef7c8df3fbc92c778548a7482cd4a35f13ed881266ff83
(3) 0x814f525b8bb921034d378224740c9ec3697fd51106a435cd2e5b2cb12392a2ac
(4) 0x9d7df0c2188f184c9edbc284742c674926061dd1153e1866d174a9058caa60f3
(5) 0x28b03c2e795838691394372d2cbf4ea1ca189da938af3604759b540e6ca91d7e
(6) 0x1bcd447004c8bf658708672757059adb5abee7fea8487526eaffa50cb77cb877
(7) 0xea4666c57c5a2a1bf68880f353c319298b4cb58773b49291dd4859c564d37b53
(8) 0x9d387899bc9da6b37c196555326f1eb05d6415a09e810449d8c8b3804f00764b
(9) 0x5cb5891a5cb40f5780e1d22b5d3d9f49ab2da40c572cfe21cc10fa5f94694448

HD Wallet
==================
Mnemonic:      target vast sing betray shallow capital shoot devote hurry curve keen rebuild
Base HD Path:  m/44'/60'/0'/0/{account_index}

Default Gas Price
==================
2000000000

BlockGas Limit
==================
30000000

Call Gas Limit
==================
50000000

Chain
==================
Hardfork: shanghai
Id:       1337

RPC Listening on 127.0.0.1:8545
web3_clientVersion
eth_blockNumber
net_version
eth_accounts
eth_accounts
eth_blockNumber
net_version
eth_getBlockByNumber
eth_estimateGas
eth_getBlockByNumber
eth_gasPrice
eth_sendTransaction

  Transaction: 0x8391226e4ec404372968685a8c31d27545e560465047bfbd3c2a9f1f0540493a
  Contract created: 0x384706e8f954c8ed1e6ed365925cb325f2cb7156
  Gas usage: 1331074
  Block number: 1
  Block time: Fri May 08 2026 03:12:42 GMT+0700 (Indochina Time)

eth_getTransactionReceipt
eth_getCode
eth_getTransactionReceipt
eth_getBlockByNumber
eth_gasPrice
eth_sendTransaction

  Transaction: 0xb67471b4c7e3d68481fb78d896d089e056b52f5dee744d565246dffb4c2e9779
  Gas usage: 21055
  Block number: 2
  Block time: Fri May 08 2026 03:12:42 GMT+0700 (Indochina Time)

eth_getTransactionReceipt
net_version
eth_getBlockByNumber
eth_estimateGas
eth_getBlockByNumber
eth_gasPrice
eth_sendTransaction

  Transaction: 0xac891fc74d83486b3993bc83eef27c394922c864881b6bfb0cd81b030836a4a0
  Gas usage: 80267
  Block number: 3
  Block time: Fri May 08 2026 03:12:42 GMT+0700 (Indochina Time)

eth_getTransactionReceipt
eth_blockNumber
eth_getBalance
eth_getTransactionByHash
debug_traceTransaction
eth_getTransactionByHash
debug_traceTransaction
eth_getTransactionByHash
debug_traceTransaction

Received shutdown signal: SIGTERM
Shutting down…
Server has been shut down
