ganache v7.9.2 (@ganache/cli: 0.10.2, @ganache/core: 0.10.2)
Starting RPC server

Available Accounts
==================
(0) 0x1412607e54372eDc5F84d6663E65c25aD21Da072 (1000 ETH)
(1) 0xB1ccD7126917611AA4c4d69C9CFEf9500787F639 (1000 ETH)
(2) 0xa91a216B8fb8687E365705bDFB2Aa47F63eAEC6E (1000 ETH)
(3) 0x23E8AbFA6cceE14Cb418F3e2A174bB273f5e6ACA (1000 ETH)
(4) 0x5fB30c1B4D6f9483Db31D364D65e0C4a69791c63 (1000 ETH)
(5) 0x610D20988d2e53224e85e5623E325ce4b5617AAA (1000 ETH)
(6) 0x5a94C8DbC24700FE49437d000FA2dD08802768ee (1000 ETH)
(7) 0xCe71fF02b45C7D0Af0Ed3c16281dDbF2e0c758A7 (1000 ETH)
(8) 0x9A52B35F82dCcBe0289999F1bbcEd8db86118d0C (1000 ETH)
(9) 0x3E43c17d7cFfbcb969814488a76A4Aedb803f5f2 (1000 ETH)

Private Keys
==================
(0) 0x1f102392078c7979fae0bf79632d8994766b5e05e177747c46889655c25a7f40
(1) 0x53c3e97aada5f59f00b641e4c601fb72fcaa7aea0320cc67308478cd097246ab
(2) 0x6b21e1595eb47ce11ccb18e78f8f8d6aed295dd8fa25c5095b9a21cf9cd0e5c0
(3) 0x1b8fbffddc01c5e196337660bfda36c648fa2098652bfac07a2ab628a8f90e55
(4) 0x3d4ee3afda2111f0a79508913504ecdb20704c136fb37ebb37281d386041b606
(5) 0xc8d74278b2cfcfe453e3f214911ebd1e4395bcf97822975c464768d9ebdfa75a
(6) 0x979aebae92a47051cf4dbac6db45edc6acad7001a5086f37e58c41821690d1bf
(7) 0xa8171a8228e517a9ad8fde31cf8cb83578219bc917a02dfe1cee3a9b45561f15
(8) 0x4d8048e9e00df5d850b036ded006923c559a91fbaf1e0e14ebef04e818619028
(9) 0xfba322f089cef1855881808068d95d999f2733c962f6c35fd3bb2707c7d88d3d

HD Wallet
==================
Mnemonic:      salute invite around custom kiwi pet december despair laptop quantum weekend liquid
Base HD Path:  m/44'/60'/0'/0/{account_index}

Default Gas Price
==================
2000000000

BlockGas Limit
==================
30000000

Call Gas Limit
==================
50000000

Chain
==================
Hardfork: shanghai
Id:       1337

RPC Listening on 127.0.0.1:8545
web3_clientVersion
eth_blockNumber
net_version
eth_accounts
eth_accounts
eth_blockNumber
net_version
eth_getBlockByNumber
eth_estimateGas
eth_getBlockByNumber
eth_gasPrice
eth_sendTransaction

  Transaction: 0x4caa631c0e8aa5519ee74a7e9c5cd46fdb9ac815ffaf675746aac7f44fbf1526
  Contract created: 0x6a73855b32ef39058aa0f1f5d3cc44c1901f9f69
  Gas usage: 1146811
  Block number: 1
  Block time: Thu May 07 2026 21:54:20 GMT+0700 (Indochina Time)

eth_getTransactionReceipt
eth_getCode
eth_getTransactionReceipt
eth_getBlockByNumber
eth_gasPrice
eth_sendTransaction

  Transaction: 0xd4df97778c9963ee6c4c830409f33e828663aebc4a165b68d3d2cdf55e5c2ecb
  Gas usage: 21055
  Block number: 2
  Block time: Thu May 07 2026 21:54:20 GMT+0700 (Indochina Time)

eth_getTransactionReceipt
net_version
eth_getBlockByNumber
eth_estimateGas
eth_getBlockByNumber
eth_gasPrice
eth_sendTransaction

  Transaction: 0xab57a2bfaf00c480d12aa17f625a3f13cfae1ef5270121acd39133ecac7c3d29
  Gas usage: 72874
  Block number: 3
  Block time: Thu May 07 2026 21:54:20 GMT+0700 (Indochina Time)

eth_getTransactionReceipt
eth_blockNumber
eth_getBalance
eth_getTransactionByHash
debug_traceTransaction
eth_getTransactionByHash
debug_traceTransaction
eth_getTransactionByHash
debug_traceTransaction

Received shutdown signal: SIGTERM
Shutting down…
Server has been shut down
