ganache v7.9.2 (@ganache/cli: 0.10.2, @ganache/core: 0.10.2)
Starting RPC server

Available Accounts
==================
(0) 0x033b39d0312ff7e226a8Dbbe57019C513a7F75f3 (1000 ETH)
(1) 0xCb99Df8E3DdC6Bde805cf95C383BB4eB5aD53C8b (1000 ETH)
(2) 0xc39EbD6beF1b8350349Dc41F22C2B58Bce02bE20 (1000 ETH)
(3) 0xA16331DfA016f224A6a2E7862A885f4517De335d (1000 ETH)
(4) 0xa052D355Ec7a6865dCC86beFd77e0A61cD93DF68 (1000 ETH)
(5) 0xD7C468F7F08437C18765B7F34fA171e4a1D8cd7b (1000 ETH)
(6) 0x8319D98248f5EDC351F05aeD188f8b8438E6c8c1 (1000 ETH)
(7) 0x5e9678b18D092dD7a920b4A4c1E6b3E0f799606e (1000 ETH)
(8) 0x1D9d2d91293f44b2d82065855b2A880cC9eA8D37 (1000 ETH)
(9) 0xC172EdBe5530Ad862C5D2cEFC075b82Fb20c0888 (1000 ETH)

Private Keys
==================
(0) 0x78374560ecf5865924de1978d43816e1bbe527b670e161c3122286161a75d889
(1) 0xe90476adb3dc1b621a0231895d04bfd3126e5aba818317cbeca9df52d13b6de0
(2) 0xb343eb81175b56046ba221a940b838410ebe5e3eff3154d52b5d91c23fd19ad6
(3) 0xe3b13bdf32e948b000070796b23385608596838364d4b698871a2e7ac4f8b977
(4) 0xb2c14a1c88954a522c064c5f593af0c60b23dddc9e68b890de396a3fadc28b00
(5) 0xf12e394c454fa19512c3ea71b7aafe4aca2db7de9d730af886478b0bfa8224e1
(6) 0x998e6507f076e4bd42fafe3660a3bc0636a3b69cc3bc8dfc8dc78ab1bef99a65
(7) 0xfd5942d5574d875bcb70dcc08b12568cecdf7fc7ad4a7eb1c51bb7237a2f6f82
(8) 0xa5fe7a26c369bd8cd316667b0d0f98115427a1892897814a2f8854092c928bcb
(9) 0x358bf73b1d1cbab4fa8d19b21c3b7efc2b2be3321b01ea2686aed063a4562612

HD Wallet
==================
Mnemonic:      sing melody thumb vacuum machine fruit ginger absurd twenty enhance develop general
Base HD Path:  m/44'/60'/0'/0/{account_index}

Default Gas Price
==================
2000000000

BlockGas Limit
==================
30000000

Call Gas Limit
==================
50000000

Chain
==================
Hardfork: shanghai
Id:       1337

RPC Listening on 127.0.0.1:8545
web3_clientVersion
eth_blockNumber
net_version
eth_accounts
eth_accounts
eth_blockNumber
net_version
eth_getBlockByNumber
eth_estimateGas
eth_getBlockByNumber
eth_gasPrice
eth_sendTransaction

  Transaction: 0x2e983f347968f657c93dc78c45138623b58ad6a4a55bbebf5b570762267e2046
  Contract created: 0x17e99b1ffee015924998e09dcadc0d2ffff0b27c
  Gas usage: 1378064
  Block number: 1
  Block time: Fri May 08 2026 03:05:30 GMT+0700 (Indochina Time)

eth_getTransactionReceipt
eth_getCode
eth_getTransactionReceipt
eth_getBlockByNumber
eth_gasPrice
eth_sendTransaction

  Transaction: 0x4238627fe8f8eb16ccbdf4e1bf28eefe0cd430df957a9adc15e5ac6b981080d3
  Gas usage: 21055
  Block number: 2
  Block time: Fri May 08 2026 03:05:30 GMT+0700 (Indochina Time)

eth_getTransactionReceipt
net_version
eth_getBlockByNumber
eth_estimateGas
eth_getBlockByNumber
eth_gasPrice
eth_sendTransaction

  Transaction: 0x8660e24ac789a1bb2cbaacd3f30a17d4df72a97e6306615dbd41eb282e3d4afb
  Gas usage: 71641
  Block number: 3
  Block time: Fri May 08 2026 03:05:30 GMT+0700 (Indochina Time)

eth_getTransactionReceipt
eth_blockNumber
eth_getBalance
eth_getTransactionByHash
debug_traceTransaction
eth_getTransactionByHash
debug_traceTransaction
eth_getTransactionByHash
debug_traceTransaction

Received shutdown signal: SIGTERM
Shutting down…
Server has been shut down
