Using network 'development'.

{
  "ok": true,
  "graph_id": "",
  "pair": "B->C|evm|fund:bc",
  "pairKey": "B->C|evm|fund:bc",
  "contract": "CTLCMultipleEdges",
  "scenario": "worst_claim",
  "deployGas": "0x1aa37a",
  "gasUsed": "177680",
  "disableGasUsed": "88762",
  "claimGasUsed": "88918",
  "refundGasUsed": "",
  "contractAddress": "0x9366304283C3D2C0e73333189cA9A039b245B071",
  "startBlock": "0",
  "endBlock": "12",
  "finalContractBalanceWei": "0",
  "deployer": "0xFaBF766F4Bac65c7840c3CF526E90b2A7402F808",
  "party": "0x0B66E9fC344DA4f86e45326cB035a77AF1aeDc5F",
  "counterparty": "0x47672Ab4424069BBd630EaE9C78E47CA89A44730",
  "fundingWei": "1000000000000000000",
  "timelocks": [
    9,
    10,
    11
  ],
  "transactions": [
    {
      "role": "deploy",
      "txHash": "0x0f6587382953c76ae03637f2083476923e63d9507cdc899b12fd64c2acceb4ed"
    },
    {
      "role": "fund",
      "txHash": "0xea4928cd1bbdd07ca690b6e6ee35b5ada4f4d119ff9d9375b29c0242890c7335"
    },
    {
      "role": "disable",
      "txHash": "0xe6317a191b57e710f9a3742855a54de3e0ddacfc75c6ca34fcc9b7bd67ad11a2",
      "level": 0
    },
    {
      "role": "disable",
      "txHash": "0x8d730b7ef9ab49e9398c0c198aceb22fa814bc8f7b326e823215cc0e1d0b6cea",
      "level": 1
    },
    {
      "role": "claim",
      "txHash": "0xfd9e89ef0ea4c50f07380c66960682f71ef455a77bfb2a9a9491fa91a7d3b48d",
      "level": 2,
      "option": 0
    }
  ],
  "txRoles": [
    {
      "role": "deploy",
      "txHash": "0x0f6587382953c76ae03637f2083476923e63d9507cdc899b12fd64c2acceb4ed"
    },
    {
      "role": "fund",
      "txHash": "0xea4928cd1bbdd07ca690b6e6ee35b5ada4f4d119ff9d9375b29c0242890c7335"
    },
    {
      "role": "disable",
      "txHash": "0xe6317a191b57e710f9a3742855a54de3e0ddacfc75c6ca34fcc9b7bd67ad11a2",
      "level": 0
    },
    {
      "role": "disable",
      "txHash": "0x8d730b7ef9ab49e9398c0c198aceb22fa814bc8f7b326e823215cc0e1d0b6cea",
      "level": 1
    },
    {
      "role": "claim",
      "txHash": "0xfd9e89ef0ea4c50f07380c66960682f71ef455a77bfb2a9a9491fa91a7d3b48d",
      "level": 2,
      "option": 0
    }
  ],
  "deployTxHash": "0x0f6587382953c76ae03637f2083476923e63d9507cdc899b12fd64c2acceb4ed",
  "fundTxHash": "0xea4928cd1bbdd07ca690b6e6ee35b5ada4f4d119ff9d9375b29c0242890c7335",
  "disableTxHashes": [
    "0xe6317a191b57e710f9a3742855a54de3e0ddacfc75c6ca34fcc9b7bd67ad11a2",
    "0x8d730b7ef9ab49e9398c0c198aceb22fa814bc8f7b326e823215cc0e1d0b6cea"
  ],
  "disableTxHash": "0xe6317a191b57e710f9a3742855a54de3e0ddacfc75c6ca34fcc9b7bd67ad11a2",
  "disableTx": "0xe6317a191b57e710f9a3742855a54de3e0ddacfc75c6ca34fcc9b7bd67ad11a2",
  "claimTxHash": "0xfd9e89ef0ea4c50f07380c66960682f71ef455a77bfb2a9a9491fa91a7d3b48d",
  "txHash": "0xfd9e89ef0ea4c50f07380c66960682f71ef455a77bfb2a9a9491fa91a7d3b48d",
  "tx": "0xfd9e89ef0ea4c50f07380c66960682f71ef455a77bfb2a9a9491fa91a7d3b48d"
}
