ganache v7.9.2 (@ganache/cli: 0.10.2, @ganache/core: 0.10.2)
Starting RPC server

Available Accounts
==================
(0) 0x1c1C4981B23ACe9e5C6F670a0735642a47AD599a (1000 ETH)
(1) 0xAd0D34080f4Ee2A22aA824e7D5415f132cc2D273 (1000 ETH)
(2) 0xe7fd8E8C6d33EAeBc89e679995a8fe0baB3De0D4 (1000 ETH)
(3) 0xD33630dade5DcD920145E615DfdE623E0F728d9D (1000 ETH)
(4) 0xD869D5e18e20b4ab86DA4762eeB478f5d53733C3 (1000 ETH)
(5) 0xA29c82b1F447a29f22F5D8360C495A33A29de50d (1000 ETH)
(6) 0xC25e6724F688f597aC166BcDcC904f66327234ad (1000 ETH)
(7) 0xA4A52653cc5F5531Db6DBf662685F05CeEC35e9C (1000 ETH)
(8) 0x24cd666fc197638a0bee35DcDA5cA95A7ae90f8e (1000 ETH)
(9) 0x541cA27145D3F4a277Cdb848B69BC16D51668021 (1000 ETH)

Private Keys
==================
(0) 0xd8884715ff9986035b5351aee3dc8850935c073a275a0d64affa9b05ddbc8a54
(1) 0x3d70de1d1c24f92447f6bc9660af9de0626dc30a06010da4e010e5c73224fa7e
(2) 0x8a0ed8912a89d5d3849130821c7049f1b09db249d6a761784d783cee19bcb18b
(3) 0x29d0078a7ad7ba20ca6bbb1ae2cb6d5764fd7f9fe2b9db5cf242d96bfdd81e16
(4) 0x05b87a7d3721bdfdd11ce76de599c39a0074a93dc2921e30094a8693b0a4593d
(5) 0x320ecdb7ff8c9d85df7a61750b226d08c5e55722bb6697853ef51df747de97a0
(6) 0x6c82f7d66d573900d097efaa9f2a4ab096cc66438de447adfb3859f39b81c8dc
(7) 0xb25ac3a786d84ccf2369c1de16ee3f84f1714dd24275e88e691df3e7761fbd7c
(8) 0x1246fbe0ee384885c0291366eeb43b6cdceaeac418c34064e198dbe1eef21c60
(9) 0x1ce761267839b1c9701d7311dcf4acdf6a1fadde77a3e08987f1609b7307938c

HD Wallet
==================
Mnemonic:      nasty camp mesh broken exist there actual wire assist attract cattle during
Base HD Path:  m/44'/60'/0'/0/{account_index}

Default Gas Price
==================
2000000000

BlockGas Limit
==================
30000000

Call Gas Limit
==================
50000000

Chain
==================
Hardfork: shanghai
Id:       1337

RPC Listening on 127.0.0.1:8545
web3_clientVersion
eth_blockNumber
net_version
eth_accounts
eth_accounts
eth_blockNumber
net_version
eth_getBlockByNumber
eth_estimateGas
eth_getBlockByNumber
eth_gasPrice
eth_sendTransaction

  Transaction: 0x2d359f74a384b7672c42f6736e98261e26bd43630b5e40c56faaccf60cdf4a8e
  Contract created: 0xb6de2ca7a101fdea620bbea7f19500e6c9c97009
  Gas usage: 1285274
  Block number: 1
  Block time: Thu May 07 2026 21:37:37 GMT+0700 (Indochina Time)

eth_getTransactionReceipt
eth_getCode
eth_getTransactionReceipt
eth_getBlockByNumber
eth_gasPrice
eth_sendTransaction

  Transaction: 0x9aa4da33dd55d221486ad20dc57adbfeffdc215a858b33e3710efd462f1bef10
  Gas usage: 21055
  Block number: 2
  Block time: Thu May 07 2026 21:37:37 GMT+0700 (Indochina Time)

eth_getTransactionReceipt
net_version
eth_getBlockByNumber
eth_estimateGas
eth_getBlockByNumber
eth_gasPrice
eth_sendTransaction

  Transaction: 0x6232a6972c4723a4119a881d93fe517e547b50adfd2b361e25f24dfcd256aeaf
  Gas usage: 75948
  Block number: 3
  Block time: Thu May 07 2026 21:37:38 GMT+0700 (Indochina Time)

eth_getTransactionReceipt
eth_blockNumber
eth_getBalance
eth_getTransactionByHash
debug_traceTransaction
eth_getTransactionByHash
debug_traceTransaction
eth_getTransactionByHash
debug_traceTransaction

Received shutdown signal: SIGTERM
Shutting down…
Server has been shut down
