ganache v7.9.2 (@ganache/cli: 0.10.2, @ganache/core: 0.10.2)
Starting RPC server

Available Accounts
==================
(0) 0x0d95ee40A845E10e5057B752F295c6D3720b83d8 (1000 ETH)
(1) 0x5F6B59AF5E78E892a6e99e2A70dBB3718B26a516 (1000 ETH)
(2) 0x7C189e9b0224a6e310C8197E587e9c6e3104Db72 (1000 ETH)
(3) 0x56b74fC4e79E47bD37DEf576C45e70CEEec5DaBc (1000 ETH)
(4) 0xF08ca3a77fB134268a08DD548d7d394df035ec2d (1000 ETH)
(5) 0xe10044404E4ADC07EE2eCB4d2ca6a113AC400e90 (1000 ETH)
(6) 0xF71C1cc0CF1B4a63750Ca138330A823DD7d5C936 (1000 ETH)
(7) 0xD78509ED30E4D2923d217CD6FAfa941A16f74f6A (1000 ETH)
(8) 0xDF0F8EC3E6329A39128aC690f35bef8e65868354 (1000 ETH)
(9) 0x350F4A4041F1821Ce70A55DE10481980eFB971a5 (1000 ETH)

Private Keys
==================
(0) 0xce5204926521e09cd037285da8249611b741308ba5e8c1692848b42fe9e0c14f
(1) 0x3caf2f8cb82e2ce78cc76ab6800855e64243a0f5463b1e61834418d8f23c7fc2
(2) 0x3825cb2b73721b754de219174f1a5ae22b3f8779907f3c95c0477d72f346b6c7
(3) 0xcd47fbadad80b29cd52e8c5113a31b0562a9331064a5c099fad42ac7a2b27c60
(4) 0x1241e8f10b9adce0395201a54e7a577304300c3c2c10eb69b9982bcf4452d36f
(5) 0x3fc866285e5388d86128b669cf6717d04da04d2cd3214639c677acc838d70066
(6) 0x7e2bdb461b0f0915ab4c64623417fe69a8a8798f2a8d51c6313b46fb94825e3e
(7) 0xee2978605a8f146c0ad083ca96a5bbf100aa3c4ff42bffd63efe16ebce06ddcd
(8) 0xaf78924fc834f4a73dfda7eaf961fe47ca6f939f99ff39cee954212057946787
(9) 0xb25d8a34596704442b008d684b9b52fdd17b48ea6d6139f1e5550c50f6a66b14

HD Wallet
==================
Mnemonic:      ill express express find market radio mutual midnight alarm puzzle pulp draw
Base HD Path:  m/44'/60'/0'/0/{account_index}

Default Gas Price
==================
2000000000

BlockGas Limit
==================
30000000

Call Gas Limit
==================
50000000

Chain
==================
Hardfork: shanghai
Id:       1337

RPC Listening on 127.0.0.1:8545
web3_clientVersion
eth_blockNumber
net_version
eth_accounts
eth_accounts
eth_blockNumber
net_version
eth_getBlockByNumber
eth_estimateGas
eth_getBlockByNumber
eth_gasPrice
eth_sendTransaction

  Transaction: 0x04444994596eb7a0cd011d7232ff19d0779a1222797b8aa2f3b538f356f0077b
  Contract created: 0x51e2b6a4d0f02cf7b4c7a569775325261c207662
  Gas usage: 1308705
  Block number: 1
  Block time: Thu May 07 2026 22:02:02 GMT+0700 (Indochina Time)

eth_getTransactionReceipt
eth_getCode
eth_getTransactionReceipt
eth_getBlockByNumber
eth_gasPrice
eth_sendTransaction

  Transaction: 0x725439e185896738c353fa2cd1347ff8d06dcfbb74ebd6fbe49d645ddeb9090d
  Gas usage: 21055
  Block number: 2
  Block time: Thu May 07 2026 22:02:02 GMT+0700 (Indochina Time)

eth_getTransactionReceipt
eth_blockNumber
evm_mine
eth_blockNumber
evm_mine
eth_blockNumber
evm_mine
eth_blockNumber
evm_mine
eth_blockNumber
evm_mine
eth_blockNumber
net_version
eth_getBlockByNumber
eth_estimateGas
eth_getBlockByNumber
eth_gasPrice
eth_sendTransaction

  Transaction: 0xc7303e23b5aa62b9c4ce76c5f566000c32b60c99db43bdee3961e32cbba1a04c
  Gas usage: 59539
  Block number: 8
  Block time: Thu May 07 2026 22:02:02 GMT+0700 (Indochina Time)

eth_getTransactionReceipt
eth_blockNumber
eth_getBalance
eth_getTransactionByHash
debug_traceTransaction
eth_getTransactionByHash
debug_traceTransaction
eth_getTransactionByHash
debug_traceTransaction

Received shutdown signal: SIGTERM
Shutting down…
Server has been shut down
