ganache v7.9.2 (@ganache/cli: 0.10.2, @ganache/core: 0.10.2)
Starting RPC server

Available Accounts
==================
(0) 0xcdD88123E9d08fe9A4CfDB41e6B8F2ee8568716F (1000 ETH)
(1) 0xc848e4Df59a09D67739A9CceabB101c99Ce63451 (1000 ETH)
(2) 0x7600D6a5498cCf71E5C612B0318e9734fCb28915 (1000 ETH)
(3) 0xcc65b1a9cE27D73df7e18Fe0B17159680Eec3e4B (1000 ETH)
(4) 0x69D39cEbEc2cd6199444A81FC62A6957E2B28612 (1000 ETH)
(5) 0xBfBd2F46DF2B70917ea797c1Db63201249B00556 (1000 ETH)
(6) 0x619DE0d950766BA32453156c6d4F1dcCd993a7E3 (1000 ETH)
(7) 0x702AA784aDEE67e5844c940Cb9EDF82DB83D540C (1000 ETH)
(8) 0xcd94B9D3366a8Cdb076Bc2B408a50F3299d9fB9A (1000 ETH)
(9) 0x8B6CB72502102D1DA06535455e09Fd2817D20eA7 (1000 ETH)

Private Keys
==================
(0) 0x26e132b8a0d69879428cd34d1cc0a20ef1ca449c0ba0cfe0a2d2c1b60967e1b0
(1) 0xd11766cfbe671fd0ee849d2fc951fdaff7189d8943aa022d45c85223849adc4b
(2) 0xc11116b44be460d6626e68a66582d69a8d5b56c4d21321dfce62336f522a4d99
(3) 0x0bded325493373e248996aa861e9a9bf1bd3dee9c58471c83e1c84b674ec7dc4
(4) 0xdbb8749badc31c64afcce6be8e7851cd5e2e08d22d6ed5682e22279046e5a116
(5) 0x51e7e3dc63ff8e3e355aed91c72c62486c5859c502fff5b8e6c5867b5a9a5764
(6) 0x49340f914b6de54a24e8a887e793a4b3b49902b4e8b240b62fd4f63f84780823
(7) 0x528262763df7e016102aeb26b82ee6b712aaa647954db57897f00fa4fac91d17
(8) 0xfe6d6799b8a89821798461ace0a3628d7e77545fa0dab9085e35b4f51aa98316
(9) 0xf357960b7fecaca21791f9f1cc2529416863068f9d922e2d2f6c10eec43d0beb

HD Wallet
==================
Mnemonic:      sugar material essence negative unaware pattern gorilla coral utility illegal key nut
Base HD Path:  m/44'/60'/0'/0/{account_index}

Default Gas Price
==================
2000000000

BlockGas Limit
==================
30000000

Call Gas Limit
==================
50000000

Chain
==================
Hardfork: shanghai
Id:       1337

RPC Listening on 127.0.0.1:8545
web3_clientVersion
eth_blockNumber
net_version
eth_accounts
eth_accounts
eth_blockNumber
net_version
eth_getBlockByNumber
eth_estimateGas
eth_getBlockByNumber
eth_gasPrice
eth_sendTransaction

  Transaction: 0x7439bbb92dc6ea256aacf45dfe4e7db3ab35b98f7b49428a1f67e2658d10cae9
  Contract created: 0x99e64ea3150e349e257d859b4ed055b8bd0d9dd1
  Gas usage: 1192635
  Block number: 1
  Block time: Fri May 08 2026 00:31:59 GMT+0700 (Indochina Time)

eth_getTransactionReceipt
eth_getCode
eth_getTransactionReceipt
eth_getBlockByNumber
eth_gasPrice
eth_sendTransaction

  Transaction: 0xa6b91551c6219434cedbfd39fbe0b24e1983a826261ab1bdcdf57a2dacac41ee
  Gas usage: 21055
  Block number: 2
  Block time: Fri May 08 2026 00:31:59 GMT+0700 (Indochina Time)

eth_getTransactionReceipt
net_version
eth_getBlockByNumber
eth_estimateGas
eth_getBlockByNumber
eth_gasPrice
eth_sendTransaction

  Transaction: 0x3e2de5d60060583bdf7ad7ce6381c72fd479ac1e59874f479cf97ab221e9a426
  Gas usage: 81164
  Block number: 3
  Block time: Fri May 08 2026 00:31:59 GMT+0700 (Indochina Time)

eth_getTransactionReceipt
eth_blockNumber
eth_getBalance
eth_getTransactionByHash
debug_traceTransaction
eth_getTransactionByHash
debug_traceTransaction
eth_getTransactionByHash
debug_traceTransaction

Received shutdown signal: SIGTERM
Shutting down…
Server has been shut down
