Using network 'development'.

{
  "ok": true,
  "graph_id": "",
  "pair": "C->D|evm|fund:cd",
  "pairKey": "C->D|evm|fund:cd",
  "contract": "CTLCMultipleEdges",
  "scenario": "worst_claim",
  "deployGas": "0x161390",
  "gasUsed": "133204",
  "disableGasUsed": "52925",
  "claimGasUsed": "80279",
  "refundGasUsed": "",
  "contractAddress": "0xBf7504785b34035cD8268C12E6427E2E461EC5A6",
  "startBlock": "0",
  "endBlock": "10",
  "finalContractBalanceWei": "0",
  "deployer": "0x8802080Ccc5311294916121BC602Bd7f69323Ad5",
  "party": "0x54318D55a073927c1000B25173EcBd5C92ee72DD",
  "counterparty": "0x6c9FBDE3EE0913f5A1C84680e92A2BAc16457057",
  "fundingWei": "1000000000000000000",
  "timelocks": [
    8,
    9
  ],
  "transactions": [
    {
      "role": "deploy",
      "txHash": "0xbbd7bc9786284e661b63cadea2ca4bf4c1a114eb0f4926ad18c74878f4b61bbb"
    },
    {
      "role": "fund",
      "txHash": "0x0b10a2864754afb6a8748ca1ea175c96cf797a48a81af6f54550d35f00e3ab9d"
    },
    {
      "role": "disable",
      "txHash": "0x4f8d5abd30c32295a9b27e50fd7d93cbd9dc182ee3011ba681942678d1674054",
      "level": 0
    },
    {
      "role": "claim",
      "txHash": "0x3bb11e0cbd007683f712b928b6f471e8ec9bc75853a236063cf48823dd76c919",
      "level": 1,
      "option": 0
    }
  ],
  "txRoles": [
    {
      "role": "deploy",
      "txHash": "0xbbd7bc9786284e661b63cadea2ca4bf4c1a114eb0f4926ad18c74878f4b61bbb"
    },
    {
      "role": "fund",
      "txHash": "0x0b10a2864754afb6a8748ca1ea175c96cf797a48a81af6f54550d35f00e3ab9d"
    },
    {
      "role": "disable",
      "txHash": "0x4f8d5abd30c32295a9b27e50fd7d93cbd9dc182ee3011ba681942678d1674054",
      "level": 0
    },
    {
      "role": "claim",
      "txHash": "0x3bb11e0cbd007683f712b928b6f471e8ec9bc75853a236063cf48823dd76c919",
      "level": 1,
      "option": 0
    }
  ],
  "deployTxHash": "0xbbd7bc9786284e661b63cadea2ca4bf4c1a114eb0f4926ad18c74878f4b61bbb",
  "fundTxHash": "0x0b10a2864754afb6a8748ca1ea175c96cf797a48a81af6f54550d35f00e3ab9d",
  "disableTxHashes": [
    "0x4f8d5abd30c32295a9b27e50fd7d93cbd9dc182ee3011ba681942678d1674054"
  ],
  "disableTxHash": "0x4f8d5abd30c32295a9b27e50fd7d93cbd9dc182ee3011ba681942678d1674054",
  "disableTx": "0x4f8d5abd30c32295a9b27e50fd7d93cbd9dc182ee3011ba681942678d1674054",
  "claimTxHash": "0x3bb11e0cbd007683f712b928b6f471e8ec9bc75853a236063cf48823dd76c919",
  "txHash": "0x3bb11e0cbd007683f712b928b6f471e8ec9bc75853a236063cf48823dd76c919",
  "tx": "0x3bb11e0cbd007683f712b928b6f471e8ec9bc75853a236063cf48823dd76c919"
}
