COMMAND: python3 experiments/scale_trace/scripts/trace_result_json.py /home/aothuatgiadp/blockchain/project/CTLC-Implementation/experiments/scale_trace/runs/random_v1_270/G-_A_evm_fund_ga_CTLCOnly_refund/result.json /home/aothuatgiadp/blockchain/project/CTLC-Implementation/experiments/scale_trace/runs/random_v1_270/G-_A_evm_fund_ga_CTLCOnly_refund/trace.json
STATUS: 0

STDOUT:
{
  "graph_id": "",
  "pair": "G->A|evm|fund:ga",
  "contract": "CTLCOnly",
  "scenario": "refund",
  "contractAddress": "0x23c9b180Fb3Dc03D750E1B57af5e21355B259444",
  "traces": {
    "deploy": {
      "tx_hash": "0x1fd4362035aec5e31921acceffe1cbaa41ba7b44c9851833230e33b389b3783a",
      "actual_calldata_bytes": 7091,
      "actual_sstore_count": 8,
      "actual_call_count": 0,
      "opcode_steps": 1286
    },
    "fund": {
      "tx_hash": "0x07f3be46ba6259ba95b6c258d792baf13c348431d06a510de09d44300fe07f4c",
      "actual_calldata_bytes": 0,
      "actual_sstore_count": 0,
      "actual_call_count": 0,
      "opcode_steps": 13
    },
    "refund_level0": {
      "tx_hash": "0x73bf7189a736223eb96716664fda1392eb273cfcf72f06155c25ad381da6ad8d",
      "actual_calldata_bytes": 4,
      "actual_sstore_count": 1,
      "actual_call_count": 1,
      "opcode_steps": 229
    }
  }
}


STDERR:

