Using network 'development'.

{
  "ok": true,
  "graph_id": "",
  "pair": "C->D|evm|fund:cd",
  "pairKey": "C->D|evm|fund:cd",
  "contract": "CTLCMultipleEdges",
  "scenario": "worst_claim",
  "deployGas": "0x1996d6",
  "gasUsed": "173372",
  "disableGasUsed": "88762",
  "claimGasUsed": "84610",
  "refundGasUsed": "",
  "contractAddress": "0x1d8E19Fb1CD39Db9FD710B0754DDFd31adD35Ea6",
  "startBlock": "0",
  "endBlock": "11",
  "finalContractBalanceWei": "0",
  "deployer": "0x8Fb0Fc991A075c8a9B2Bb7B6bcE9D348F00f1eE6",
  "party": "0x67C351399D50D42EcdC4fA66F26DAb6e4C9e676b",
  "counterparty": "0xCA3FCb911384aED69C581dcD564D6bccC43C3B3a",
  "fundingWei": "1000000000000000000",
  "timelocks": [
    8,
    9,
    10
  ],
  "transactions": [
    {
      "role": "deploy",
      "txHash": "0x41355f10c48564b517ad01d6bd9c74906c13ce501f1125597523b3bdfdbb9386"
    },
    {
      "role": "fund",
      "txHash": "0xf594d260262eaeb4dc8fd3e5bd8f4eed8d5d7c2024cac940d48ea3093bdf5483"
    },
    {
      "role": "disable",
      "txHash": "0xec1ff67f7bf613ac969c67d091caa0755461135f442652a4fa035205c6aa0015",
      "level": 0
    },
    {
      "role": "disable",
      "txHash": "0x567572796c1c3d430acfd78b70dbe08e762a238f1576569705ed22fec30e836f",
      "level": 1
    },
    {
      "role": "claim",
      "txHash": "0xa0ecc6b8eeadcf0fd8a52bb838d8fa6acbf4b0f766620f42d25f134cc4b01e84",
      "level": 2,
      "option": 0
    }
  ],
  "txRoles": [
    {
      "role": "deploy",
      "txHash": "0x41355f10c48564b517ad01d6bd9c74906c13ce501f1125597523b3bdfdbb9386"
    },
    {
      "role": "fund",
      "txHash": "0xf594d260262eaeb4dc8fd3e5bd8f4eed8d5d7c2024cac940d48ea3093bdf5483"
    },
    {
      "role": "disable",
      "txHash": "0xec1ff67f7bf613ac969c67d091caa0755461135f442652a4fa035205c6aa0015",
      "level": 0
    },
    {
      "role": "disable",
      "txHash": "0x567572796c1c3d430acfd78b70dbe08e762a238f1576569705ed22fec30e836f",
      "level": 1
    },
    {
      "role": "claim",
      "txHash": "0xa0ecc6b8eeadcf0fd8a52bb838d8fa6acbf4b0f766620f42d25f134cc4b01e84",
      "level": 2,
      "option": 0
    }
  ],
  "deployTxHash": "0x41355f10c48564b517ad01d6bd9c74906c13ce501f1125597523b3bdfdbb9386",
  "fundTxHash": "0xf594d260262eaeb4dc8fd3e5bd8f4eed8d5d7c2024cac940d48ea3093bdf5483",
  "disableTxHashes": [
    "0xec1ff67f7bf613ac969c67d091caa0755461135f442652a4fa035205c6aa0015",
    "0x567572796c1c3d430acfd78b70dbe08e762a238f1576569705ed22fec30e836f"
  ],
  "disableTxHash": "0xec1ff67f7bf613ac969c67d091caa0755461135f442652a4fa035205c6aa0015",
  "disableTx": "0xec1ff67f7bf613ac969c67d091caa0755461135f442652a4fa035205c6aa0015",
  "claimTxHash": "0xa0ecc6b8eeadcf0fd8a52bb838d8fa6acbf4b0f766620f42d25f134cc4b01e84",
  "txHash": "0xa0ecc6b8eeadcf0fd8a52bb838d8fa6acbf4b0f766620f42d25f134cc4b01e84",
  "tx": "0xa0ecc6b8eeadcf0fd8a52bb838d8fa6acbf4b0f766620f42d25f134cc4b01e84"
}
