ganache v7.9.2 (@ganache/cli: 0.10.2, @ganache/core: 0.10.2)
Starting RPC server

Available Accounts
==================
(0) 0xAdA24A4816e8EE773b19Fa35B886538270106F25 (1000 ETH)
(1) 0xe9b894D50f1253C2297b6E360604Ba88c371F836 (1000 ETH)
(2) 0xBd392FA64fBc7aA26B6340F612659041BB6Fa301 (1000 ETH)
(3) 0x88b43F269cf296550b4dbFE4ACdE338F9A6C1757 (1000 ETH)
(4) 0xA3D7947a95Fb372c8c1522DDc84426eDf0D1f404 (1000 ETH)
(5) 0x66ea95d4A26Ab8fF16D6126b1f6337A583f4725B (1000 ETH)
(6) 0xa695cd2C7aCe97b6bd136614630a5296FeC32979 (1000 ETH)
(7) 0x6526dF8EC61e3F3b840078e86889B53BF9dE9529 (1000 ETH)
(8) 0xA6fBAc88D15B9b54EBC10fF0E4CA1943Ed6aE22C (1000 ETH)
(9) 0x9a341e934456e4c5B7599A4B8d0889F40eE0F504 (1000 ETH)

Private Keys
==================
(0) 0xaf96fa61aa3c6147152f7f1e76852bd7688fdf0cf66fe2ec23604bc26cc5cd53
(1) 0x4f42d69d2885e5011506133758e3bdf460d74610267d096641885f9211c987a8
(2) 0x9b7504e168c5bee4b2e494ee7d3b843f3957c7a11c9b47536ad3fbf8aa790c30
(3) 0xec338563b887450d942c369d497a4bad3d337df61e087a7e717140e24c9f3641
(4) 0x6cdb842f8f8f5ccfbc140e64806f6c1f4fb67cced2b88dd5c52983c021ad2221
(5) 0x7f4066926d9effde02652384ff74c78dc598330bea7a9b2cb16a62cdd24818e1
(6) 0xa9323ab1cf7719bd4cae64dd94028e64440f73bed01bb7c850c8b6488197ce37
(7) 0xd1808359b238a24708c620de72a48851e49bac0b26f55a66da7e8f7b8f2980c0
(8) 0xc631832a663d6d2ffcbf38b5967f74f1eadd2d73494276f9b4540420c9403e57
(9) 0xc009cabe9a9fcb7ffd42ebf40f2d1c768352d2ae5dc2bb84ced4c080bf453860

HD Wallet
==================
Mnemonic:      pulse unhappy issue finger table peanut provide liquid taste popular laugh discover
Base HD Path:  m/44'/60'/0'/0/{account_index}

Default Gas Price
==================
2000000000

BlockGas Limit
==================
30000000

Call Gas Limit
==================
50000000

Chain
==================
Hardfork: shanghai
Id:       1337

RPC Listening on 127.0.0.1:8545
web3_clientVersion
eth_blockNumber
net_version
eth_accounts
eth_accounts
eth_blockNumber
net_version
eth_getBlockByNumber
eth_estimateGas
eth_getBlockByNumber
eth_gasPrice
eth_sendTransaction

  Transaction: 0x67aeb0a2ca42f09e9faacae56363cdd398758e3069bfedfcf04055ff16fc656d
  Contract created: 0x7c3d0b111aa49e66d0cabbc5fe3a67ddd8263bfa
  Gas usage: 1469688
  Block number: 1
  Block time: Fri May 08 2026 01:05:02 GMT+0700 (Indochina Time)

eth_getTransactionReceipt
eth_getCode
eth_getTransactionReceipt
eth_getBlockByNumber
eth_gasPrice
eth_sendTransaction

  Transaction: 0xc76a4040f8ef46c0386b2e974d47d6173b883caa6e554dfa60c8c940cb4d3de8
  Gas usage: 21055
  Block number: 2
  Block time: Fri May 08 2026 01:05:02 GMT+0700 (Indochina Time)

eth_getTransactionReceipt
eth_blockNumber
evm_mine
eth_blockNumber
evm_mine
eth_blockNumber
evm_mine
eth_blockNumber
evm_mine
eth_blockNumber
evm_mine
eth_blockNumber
evm_mine
eth_blockNumber
net_version
eth_getBlockByNumber
eth_estimateGas
eth_getBlockByNumber
eth_gasPrice
eth_sendTransaction

  Transaction: 0x875c6415b342baf76e67f77c273791f9e6390fb332bf234c0966af7202ee7056
  Gas usage: 52925
  Block number: 9
  Block time: Fri May 08 2026 01:05:02 GMT+0700 (Indochina Time)

eth_getTransactionReceipt
eth_blockNumber
net_version
eth_getBlockByNumber
eth_estimateGas
eth_getBlockByNumber
eth_gasPrice
eth_sendTransaction

  Transaction: 0x73152e8b745d38f80b902c1fd0c10d422ded7bc6300d8b5c91ea6f6c837f647b
  Gas usage: 59539
  Block number: 10
  Block time: Fri May 08 2026 01:05:03 GMT+0700 (Indochina Time)

eth_getTransactionReceipt
eth_blockNumber
eth_getBalance
eth_getTransactionByHash
debug_traceTransaction
eth_getTransactionByHash
debug_traceTransaction
eth_getTransactionByHash
debug_traceTransaction
eth_getTransactionByHash
debug_traceTransaction

Received shutdown signal: SIGTERM
Shutting down…
Server has been shut down
