ganache v7.9.2 (@ganache/cli: 0.10.2, @ganache/core: 0.10.2)
Starting RPC server
web3_clientVersion

Available Accounts
==================
(0) 0x7C5D6E9f199eFbe422cB25C0229623266AD4dd3F (1000 ETH)
(1) 0xb74c886D3E5bf7572a77c671A09e5D0EdBfE9B0c (1000 ETH)
(2) 0x3E0e858AeB148CF499C439c254071dCee97A8698 (1000 ETH)
(3) 0xaf975d85ea618d3200013f00Aff450Dc56877295 (1000 ETH)
(4) 0x08A41896f2D96C0d6CFEbC094eE08656179d0B2f (1000 ETH)
(5) 0xd7C0e0950EDF57ec3CaD91A5e7bDc4f445D6D158 (1000 ETH)
(6) 0x67207A0724502A9b529dAeEd780cA46499E15530 (1000 ETH)
(7) 0x695feA8dF6F9F8d8a33A9ad6586213746e1379EB (1000 ETH)
(8) 0x8526426D7FCda4DD9CB5a49D615F019bb688d54e (1000 ETH)
(9) 0x59CF5953ee63EAA38BB141256e8d39e867d9613c (1000 ETH)

Private Keys
==================
(0) 0x4998049043e8c9cdae3d4e482ee68b822f4c13befddef2a2b15640402c639e00
(1) 0x416554fe360839026b52da5675001a77392f297cf97b395573a306d30333242a
(2) 0x606d3f55addfca46ce7bbe5720e5b3e9f4d7dab2d0e83c04561633ae0bd05188
(3) 0xb53df95ba0f0047ddaa7a1697382286ae6660e4e14f72c3b4f600b24cb33c4a4
(4) 0x32a1f65bd3c062cc0c9ce31d748a35bbbc7e6c739b2f27db340d1593bbaff472
(5) 0x1aff3618da9eb1874ed1dfbc21509581e45d56f1b649250034e55d4937be0698
(6) 0x11f9d3c4bb5392034732f38d56f6f4821af5d812135f0a777a2b0ac7c2e7e925
(7) 0x11796fade4ebbc23c02f488cf9ee187116aa95aeecef2a844fe17beec58d1813
(8) 0x102ac210f0e1e81ebd8ff072f5a99c224f50bf063baa12c99573bcd61e2cfdb8
(9) 0xb0350dce436a2e090a22bb03499d9c2adae2367ce47809da1241e6587b338760

HD Wallet
==================
Mnemonic:      crouch chaos couple reunion fatal plastic way helmet travel yard order patient
Base HD Path:  m/44'/60'/0'/0/{account_index}

Default Gas Price
==================
2000000000

BlockGas Limit
==================
30000000

Call Gas Limit
==================
50000000

Chain
==================
Hardfork: shanghai
Id:       1337

RPC Listening on 127.0.0.1:8545
eth_blockNumber
net_version
eth_accounts
eth_accounts
eth_blockNumber
net_version
eth_getBlockByNumber
eth_estimateGas
eth_getBlockByNumber
eth_gasPrice
eth_sendTransaction

  Transaction: 0x5d84a2c11ad20c47fd704e9ebb8a401c25ddcd75406522ed585f23dbc3707fac
  Contract created: 0x48b4242a5aaf2fb755a11581450efbba8fbc31d8
  Gas usage: 1584755
  Block number: 1
  Block time: Thu May 07 2026 22:01:07 GMT+0700 (Indochina Time)

eth_getTransactionReceipt
eth_getCode
eth_getTransactionReceipt
eth_getBlockByNumber
eth_gasPrice
eth_sendTransaction

  Transaction: 0x5d1ca0dbb80f67cce7a20b38d0cb0d2725ed2844b09401dbbfc52be9f57e0c9f
  Gas usage: 21055
  Block number: 2
  Block time: Thu May 07 2026 22:01:07 GMT+0700 (Indochina Time)

eth_getTransactionReceipt
net_version
eth_getBlockByNumber
eth_estimateGas
eth_getBlockByNumber
eth_gasPrice
eth_sendTransaction

  Transaction: 0x35c726d983ec8539799be35293fd723e2eb8f3e5d757e0a7317144b9af2b8fa0
  Gas usage: 75948
  Block number: 3
  Block time: Thu May 07 2026 22:01:07 GMT+0700 (Indochina Time)

eth_getTransactionReceipt
eth_blockNumber
eth_getBalance
eth_getTransactionByHash
debug_traceTransaction
eth_getTransactionByHash
debug_traceTransaction
eth_getTransactionByHash
debug_traceTransaction

Received shutdown signal: SIGTERM
Shutting down…
Server has been shut down
