ganache v7.9.2 (@ganache/cli: 0.10.2, @ganache/core: 0.10.2)
Starting RPC server

Available Accounts
==================
(0) 0x20bD387e75BeE2180Bb374edD646a9799A068552 (1000 ETH)
(1) 0x3b88718f2D6303716E0b717b4270188Ab5bd5DE8 (1000 ETH)
(2) 0x1906E792fe282a748d936ae4A58b1792e1079a98 (1000 ETH)
(3) 0x9f74C407d57C0bebC5FDE9e853Fa9AF40dd310f1 (1000 ETH)
(4) 0xf580188A8EEa27AE1EBCddB24f802E3F506f7914 (1000 ETH)
(5) 0xc1bb2aA6aa0943E96735823B325036f01C3507d7 (1000 ETH)
(6) 0x44Dc826dA5889C2f25E583BAd83Fe65d16e667c2 (1000 ETH)
(7) 0x72C419b9d4Bf96B7A685c44bfE4a12b7135D2974 (1000 ETH)
(8) 0x6E6759Fb5B96a9910Ce07118661F27ECb0148112 (1000 ETH)
(9) 0x8296e67817aC043dC1f9358d672bF450FD4DcfeF (1000 ETH)

Private Keys
==================
(0) 0x98f193083fd3ad85cfb18079d89ac44af2b6cccfad6eac8ac52288aa01d3c96a
(1) 0x25cf2ca427f862874ae43813b6d656027ed581f9827708693fdffa858f6d545a
(2) 0xdc139f86cd338e02d3e2e8e78d2889eb98ee0c0021425e2cd31b14284cdf7795
(3) 0x73652805896ddf659c48b5fdb2a23703b7307627ea0b2bde025afe4e7772d38e
(4) 0x15c53e949c7c289def9dd05ea9bbf5015e7b49125d1dc1aef0f3deb7998bd0d1
(5) 0x239403da88574e426e7a0a18313ef80496eab43e58a4b58dbdcb91daed017e1e
(6) 0x79c63e69966ad89db518a56b826e463249224429c574b0212da89b3b0805e52c
(7) 0x29487efa166ef049716611452d3e97edc979747b79b05fe9fd205fef34f9dda9
(8) 0x69fba602f073ba510243a02f3a2af9d73fa67bfad87f8da2868932761af159e5
(9) 0x624554780f1149b5eb3c4cfbdb11d27bef7205ac519ff5a7769e693c36116f9f

HD Wallet
==================
Mnemonic:      attend wide tackle pupil excuse piece violin bachelor various income script cinnamon
Base HD Path:  m/44'/60'/0'/0/{account_index}

Default Gas Price
==================
2000000000

BlockGas Limit
==================
30000000

Call Gas Limit
==================
50000000

Chain
==================
Hardfork: shanghai
Id:       1337

RPC Listening on 127.0.0.1:8545
web3_clientVersion
eth_blockNumber
net_version
eth_accounts
eth_accounts
eth_blockNumber
net_version
eth_getBlockByNumber
eth_estimateGas
eth_getBlockByNumber
eth_gasPrice
eth_sendTransaction

  Transaction: 0x9ac560b06467b7b7a0e208fd4f5d1817ed727bb1a692288c466ae74edbafc2e5
  Contract created: 0x45434688e4ff68712b833dc4eb6332144d7d7160
  Gas usage: 1100987
  Block number: 1
  Block time: Fri May 08 2026 01:07:06 GMT+0700 (Indochina Time)

eth_getTransactionReceipt
eth_getCode
eth_getTransactionReceipt
eth_getBlockByNumber
eth_gasPrice
eth_sendTransaction

  Transaction: 0xd6fb8aee4a225c478327e444cd5b2c3c4e4934211bcc78dfd93c8f371a23e071
  Gas usage: 21055
  Block number: 2
  Block time: Fri May 08 2026 01:07:06 GMT+0700 (Indochina Time)

eth_getTransactionReceipt
eth_blockNumber
evm_mine
eth_blockNumber
evm_mine
eth_blockNumber
evm_mine
eth_blockNumber
evm_mine
eth_blockNumber
net_version
eth_getBlockByNumber
eth_estimateGas
eth_getBlockByNumber
eth_gasPrice
eth_sendTransaction

  Transaction: 0x5d4e7938231de7f38fb52261ca31c39240bda0e6b9a2a56cfefbd0c25681fa9e
  Gas usage: 59561
  Block number: 7
  Block time: Fri May 08 2026 01:07:06 GMT+0700 (Indochina Time)

eth_getTransactionReceipt
eth_blockNumber
eth_getBalance
eth_getTransactionByHash
debug_traceTransaction
eth_getTransactionByHash
debug_traceTransaction
eth_getTransactionByHash
debug_traceTransaction

Received shutdown signal: SIGTERM
Shutting down…
Server has been shut down
