ganache v7.9.2 (@ganache/cli: 0.10.2, @ganache/core: 0.10.2)
Starting RPC server

Available Accounts
==================
(0) 0xAF63A24c35bB40fC7056253f528b1639004faD71 (1000 ETH)
(1) 0x2C24A491219648F97e4A028fA0fcAE72752a2264 (1000 ETH)
(2) 0xD36781fB70d036379EfffEb9B8bb56e3bC3b8b07 (1000 ETH)
(3) 0x8E7F331dD1Cd23f4062EBAe02792C7B63Ad4F565 (1000 ETH)
(4) 0x3c60C9F01d964beA1869B836CE1Dc0e83b20B8c2 (1000 ETH)
(5) 0x5C2A1b211b6228f783c042f6820873c039Ba867e (1000 ETH)
(6) 0x8aB68cd7E3969066d8AAE43B64057b1BDD167511 (1000 ETH)
(7) 0xA8a35767C205C47A983e17459A2EA85bf5212EF9 (1000 ETH)
(8) 0x9433016c7FDdcAe964424138E7E5226154057BfF (1000 ETH)
(9) 0x24147dB74df9d8dd1c1e1352d662B1Dfe3e4Cca7 (1000 ETH)

Private Keys
==================
(0) 0x0f33ef745a3dbd56d0e1572d68a68984c9961dfc67f30a8a35da8c5187105de9
(1) 0x9ce8c97bb8d8143015235667a654ef431518ff3c56734e327dd0ea446a17a026
(2) 0x01d00a3ca7f8ae3b19358d4f902567585aa0cc5765de96744eb8da870e322a51
(3) 0xf8d5196334df96592083ca7343c621d685a0454ceb617b97ed0fb6af2f0952d4
(4) 0x6c3dbc33b47020b0a5be1b6cfe481e7a679d09fb2dabde0036c16609f9b35165
(5) 0x6daeef4ec8cf75e655397880ab2e2cade25f8027862096aee67573a2e480431b
(6) 0x5974210c963df480d10e43b2c3fb4ed71c304d33e204e24f242ec574ad308827
(7) 0x00597fa5ef888d44d3af026a75af231dc30b674bfef8e1b39ffbe63618ef8418
(8) 0x9dca664b2c285dedc5790231dcfe13fc520a53be8a9bd97455177c2a4a9e91df
(9) 0xc22b23db4ec317874f669e9d0c5e8307742ed9224e0e8ef3335e942c6847fad5

HD Wallet
==================
Mnemonic:      arrange predict ridge shadow burger pause sword edit hunt submit turtle snap
Base HD Path:  m/44'/60'/0'/0/{account_index}

Default Gas Price
==================
2000000000

BlockGas Limit
==================
30000000

Call Gas Limit
==================
50000000

Chain
==================
Hardfork: shanghai
Id:       1337

RPC Listening on 127.0.0.1:8545
web3_clientVersion
eth_blockNumber
net_version
eth_accounts
eth_accounts
eth_blockNumber
net_version
eth_getBlockByNumber
eth_estimateGas
eth_getBlockByNumber
eth_gasPrice
eth_sendTransaction

  Transaction: 0x107648f8f81dd069e8afb23e34735f6c899d713832b133370eb1bd53352f70e8
  Contract created: 0xc0a3bbcae80754374e4842b95fe130f9e1aabf89
  Gas usage: 2252366
  Block number: 1
  Block time: Fri May 08 2026 03:23:45 GMT+0700 (Indochina Time)

eth_getTransactionReceipt
eth_getCode
eth_getTransactionReceipt
eth_getBlockByNumber
eth_gasPrice
eth_sendTransaction

  Transaction: 0xec00e37aab89f90e505e0f0724f296295315f0a31492c8006bee47bf7e157bf6
  Gas usage: 21055
  Block number: 2
  Block time: Fri May 08 2026 03:23:46 GMT+0700 (Indochina Time)

eth_getTransactionReceipt
eth_blockNumber
evm_mine
eth_blockNumber
evm_mine
eth_blockNumber
evm_mine
eth_blockNumber
evm_mine
eth_blockNumber
evm_mine
eth_blockNumber
evm_mine
eth_blockNumber
net_version
eth_getBlockByNumber
eth_estimateGas
eth_getBlockByNumber
eth_gasPrice
eth_sendTransaction

  Transaction: 0xabd18712cc6f393f3bf455f8618aca5a8420bb9baeb45fbb808bd286908e786c
  Gas usage: 52925
  Block number: 9
  Block time: Fri May 08 2026 03:23:46 GMT+0700 (Indochina Time)

eth_getTransactionReceipt
eth_blockNumber
evm_mine
eth_blockNumber
net_version
eth_getBlockByNumber
eth_estimateGas
eth_getBlockByNumber
eth_gasPrice
eth_sendTransaction

  Transaction: 0xe749932a8d0cd08f93388486a0dc49e7cfa90587ed0feff42dcaf997d3e549be
  Gas usage: 59539
  Block number: 11
  Block time: Fri May 08 2026 03:23:46 GMT+0700 (Indochina Time)

eth_getTransactionReceipt
eth_blockNumber
eth_getBalance
eth_getTransactionByHash
debug_traceTransaction
eth_getTransactionByHash
debug_traceTransaction
eth_getTransactionByHash
debug_traceTransaction
eth_getTransactionByHash
debug_traceTransaction

Received shutdown signal: SIGTERM
Shutting down…
Server has been shut down
