ganache v7.9.2 (@ganache/cli: 0.10.2, @ganache/core: 0.10.2)
Starting RPC server

Available Accounts
==================
(0) 0x0Ed7f004C0FCb1b0778a89C04ed4CdaEFC4B6473 (1000 ETH)
(1) 0x3B8a04DD4e50b027147eF62953f2E6dA5d318B46 (1000 ETH)
(2) 0xc02FbBf567bcc02DbcCE07b7B62629EB3aadF16B (1000 ETH)
(3) 0x0163B811D86Fe4426c1b2804F2B2bB9dEC07a94E (1000 ETH)
(4) 0x55F7D5043A0E01a4b8652c05Ae050Dfe767572a9 (1000 ETH)
(5) 0x9306E0aaC3923134890B7c17D820b6D28c64f4c2 (1000 ETH)
(6) 0x531aCF63F0ef964E9BE197aaCC629a0B4e56D5FC (1000 ETH)
(7) 0x9a6237C312628460F298F7B2C66b8dB9c57bfBa8 (1000 ETH)
(8) 0x004191dE2bb60f83c00b4c77b2Ccb35eE718927f (1000 ETH)
(9) 0xaB560d99D772eb1Bbb44baba0CCF339F73A90a7E (1000 ETH)

Private Keys
==================
(0) 0xfa43da28061de4754bc2f479473764e24ba59f5298749ef7d7b3147fa667d142
(1) 0x530190a9bdab991c360bf7c1693887469f3972b1a3a0f60bba733d8ef02717e4
(2) 0xdc4ea3265bbff6de7fb18a591f0eff43b566bda71c2dbd1104d959d175958a0c
(3) 0xe628f2fd78a0c050bad43fdef3345d0d061b1dceb74d605668f228c93e885253
(4) 0xb441b277a499fc6b44ceeb2bd1206561630f8743a7da16ec3682fdb4f0758829
(5) 0x6134390681ae447fcaaf4396c12a94df47c888717083eb00e0ee2824458d913e
(6) 0xab8206776c3ef32fe9f3e5ff5d4f9c79fe7f6d926883b0dfa26a932c10b23e6c
(7) 0x05f3091d7b5b785d6a1211a185a5f9fa6316b6e0b011093dd78188679f44241a
(8) 0x4f1931494284ab5358fd5dbf6bb2cf292fa288ad2e6ac4adecf1af8f727c7085
(9) 0x160f98085e1cda2d286954f83c31d8ce59e60f2705521d828a82fda759429276

HD Wallet
==================
Mnemonic:      heart salad myself satoshi cover lonely chapter great client whisper honey stove
Base HD Path:  m/44'/60'/0'/0/{account_index}

Default Gas Price
==================
2000000000

BlockGas Limit
==================
30000000

Call Gas Limit
==================
50000000

Chain
==================
Hardfork: shanghai
Id:       1337

RPC Listening on 127.0.0.1:8545
web3_clientVersion
eth_blockNumber
net_version
eth_accounts
eth_accounts
eth_blockNumber
net_version
eth_getBlockByNumber
eth_estimateGas
eth_getBlockByNumber
eth_gasPrice
eth_sendTransaction

  Transaction: 0x8cf34a76d7a288f151be1ac6f13ea0da6c14b4521386481b0615bda81b752905
  Contract created: 0x2e9997593701c736b3c6b67b761ede690a37994d
  Gas usage: 1239082
  Block number: 1
  Block time: Fri May 08 2026 02:19:06 GMT+0700 (Indochina Time)

eth_getTransactionReceipt
eth_getCode
eth_getTransactionReceipt
eth_getBlockByNumber
eth_gasPrice
eth_sendTransaction

  Transaction: 0xc75d7a9492ab7685690832a61d6cc82d9e23bc8798767a00b707243450b75e99
  Gas usage: 21055
  Block number: 2
  Block time: Fri May 08 2026 02:19:06 GMT+0700 (Indochina Time)

eth_getTransactionReceipt
net_version
eth_getBlockByNumber
eth_estimateGas
eth_getBlockByNumber
eth_gasPrice
eth_sendTransaction

  Transaction: 0xa83f917178bd8ab4b41ff1e646bca6e2d5670fe4fd016b401f6a012b39889b36
  Gas usage: 68747
  Block number: 3
  Block time: Fri May 08 2026 02:19:06 GMT+0700 (Indochina Time)

eth_getTransactionReceipt
eth_blockNumber
eth_getBalance
eth_getTransactionByHash
debug_traceTransaction
eth_getTransactionByHash
debug_traceTransaction
eth_getTransactionByHash
debug_traceTransaction

Received shutdown signal: SIGTERM
Shutting down…
Server has been shut down
