COMMAND: python3 experiments/scale_trace/scripts/trace_result_json.py /home/aothuatgiadp/blockchain/project/CTLC-Implementation/experiments/scale_trace/runs/random_v1_47/D-_E_evm_fund_de_CTLCMultipleEdges_refund/result.json /home/aothuatgiadp/blockchain/project/CTLC-Implementation/experiments/scale_trace/runs/random_v1_47/D-_E_evm_fund_de_CTLCMultipleEdges_refund/trace.json
STATUS: 0

STDOUT:
{
  "graph_id": "",
  "pair": "D->E|evm|fund:de",
  "contract": "CTLCMultipleEdges",
  "scenario": "refund",
  "contractAddress": "0x13F7CBAC8286F325f3Bf85bad0c66bA7168b7c8B",
  "traces": {
    "deploy": {
      "tx_hash": "0x2a7b72443393dcbd871ddc31d248b77e1d15fe9f03a4923580eb25babd4bdaad",
      "actual_calldata_bytes": 8361,
      "actual_sstore_count": 27,
      "actual_call_count": 0,
      "opcode_steps": 4188
    },
    "fund": {
      "tx_hash": "0xc10bde2323ff48fafee39b522b3dcdff739b6a97b4a5dadab58f09a76f8fb861",
      "actual_calldata_bytes": 0,
      "actual_sstore_count": 0,
      "actual_call_count": 0,
      "opcode_steps": 13
    },
    "disable_level0": {
      "tx_hash": "0x18213942891e6991f2cbaf80dd4f6a2d5f219f839d31932a568f41a844400552",
      "actual_calldata_bytes": 36,
      "actual_sstore_count": 1,
      "actual_call_count": 0,
      "opcode_steps": 300
    },
    "refund_level1": {
      "tx_hash": "0xe8e4d6e571e1e3cb3d5b8fe545fe76803288327d177961c3da0b3c4fd590a826",
      "actual_calldata_bytes": 4,
      "actual_sstore_count": 1,
      "actual_call_count": 1,
      "opcode_steps": 224
    }
  }
}


STDERR:

