Using network 'development'.

{
  "ok": true,
  "graph_id": "",
  "pair": "B->C|evm|fund:bc",
  "pairKey": "B->C|evm|fund:bc",
  "contract": "CTLCMultipleEdges",
  "scenario": "refund",
  "deployGas": "0x1a9ea8",
  "gasUsed": "59539",
  "disableGasUsed": "0",
  "claimGasUsed": "",
  "refundGasUsed": "59539",
  "contractAddress": "0x0E04764c279711A1f5648444E9BB944B63A0C827",
  "startBlock": "0",
  "endBlock": "12",
  "finalContractBalanceWei": "0",
  "deployer": "0x5eF3c673C2f630b6E7D1FD5C28C6BaB42266d703",
  "party": "0x894d912f65f10cC4A94025029961fB2F9804f074",
  "counterparty": "0xE6a3A7f2B7e684dfedeb6aF0D1AE01167e2963e0",
  "fundingWei": "1000000000000000000",
  "timelocks": [
    11
  ],
  "transactions": [
    {
      "role": "deploy",
      "txHash": "0xa70a61b1209439cc572955c16c0b05fd61b081917004284ab23d28522907ac52"
    },
    {
      "role": "fund",
      "txHash": "0x9fe06910ca435048b71f674ea1366f0edc5d60437a5963a3e78cc0a182c85482"
    },
    {
      "role": "refund",
      "txHash": "0x6dfce978782359f4f2354d458ba070272fad495b2438e07785aee848d33394c7",
      "level": 0
    }
  ],
  "txRoles": [
    {
      "role": "deploy",
      "txHash": "0xa70a61b1209439cc572955c16c0b05fd61b081917004284ab23d28522907ac52"
    },
    {
      "role": "fund",
      "txHash": "0x9fe06910ca435048b71f674ea1366f0edc5d60437a5963a3e78cc0a182c85482"
    },
    {
      "role": "refund",
      "txHash": "0x6dfce978782359f4f2354d458ba070272fad495b2438e07785aee848d33394c7",
      "level": 0
    }
  ],
  "deployTxHash": "0xa70a61b1209439cc572955c16c0b05fd61b081917004284ab23d28522907ac52",
  "fundTxHash": "0x9fe06910ca435048b71f674ea1366f0edc5d60437a5963a3e78cc0a182c85482",
  "refundTxHash": "0x6dfce978782359f4f2354d458ba070272fad495b2438e07785aee848d33394c7",
  "refundTx": "0x6dfce978782359f4f2354d458ba070272fad495b2438e07785aee848d33394c7"
}
