ganache v7.9.2 (@ganache/cli: 0.10.2, @ganache/core: 0.10.2)
Starting RPC server

Available Accounts
==================
(0) 0xE1D1A467C710e6D1E5e4B2814a5A207A5451AdD7 (1000 ETH)
(1) 0x8761Ced93DeE9c7b3Bf8F5E318e4fC588DFc2C24 (1000 ETH)
(2) 0xC69b3af30E63796F63A6b716A4394fDB814E870b (1000 ETH)
(3) 0x7A542eA65012F78A29ff4E305480d6844013e5C3 (1000 ETH)
(4) 0x23D01E2446C9cDE24C818CccCFcC612dD4AEa8B1 (1000 ETH)
(5) 0xa030F40064DCAd4Fb52A8bcA0f266b9fF5663347 (1000 ETH)
(6) 0x8aA217e463541441781dB99973d25BD2209B3a66 (1000 ETH)
(7) 0xb49380FE3f77bc3cD1A773F4fB4181826CbeB4db (1000 ETH)
(8) 0x3c6Ad655B34e2452a59E3B4cEf20CABcD8Ca9a38 (1000 ETH)
(9) 0xC8fF297c0Cd00097fb1a625661738a06F6DfE597 (1000 ETH)

Private Keys
==================
(0) 0xafe3e30fad38fe92c1f65820f306c1a653c09d697eb6f6c05ce04fcd179ffddc
(1) 0x1d372b88a6d7818539da5e91035821531bde6bb207c23a36cf1c32843a4aea36
(2) 0xdaccdf99bed0c6b6233e0f77f2d18dccea0c8680f3dd0f6955c9a8ffe55d642e
(3) 0x0141feeb53f35ea7bc0d5acac9b687665211803269bfa9800ceaf6a13ac020c2
(4) 0x7a6b40a0421f9fcf583a9956a9050854b69a321546181b780b3f65e1a30c32ea
(5) 0xbee97d4d0484c2380213407a3dc3148de348c7d2b80926588550e8f7b4d75877
(6) 0x75c04e5712af367ac23b824897b5f1bd4eefd0a79bf87b519ccc4f4917a3fdb5
(7) 0x57c6391fd510202b77984d44eaede0d344192fc388b2e5f9ba5cb8d831efbb1a
(8) 0x92a49c0e7f392e8e6101690d1df4f096776f3dbb5bc8eaf9e490f6519efd7b7d
(9) 0xea18c3b2d7efea394538f98edbdd89622e93ca55ab9b5e13b811a6c721e72ba2

HD Wallet
==================
Mnemonic:      blur cycle auto boy prefer clip ribbon include mandate brand object stomach
Base HD Path:  m/44'/60'/0'/0/{account_index}

Default Gas Price
==================
2000000000

BlockGas Limit
==================
30000000

Call Gas Limit
==================
50000000

Chain
==================
Hardfork: shanghai
Id:       1337

RPC Listening on 127.0.0.1:8545
web3_clientVersion
eth_blockNumber
net_version
eth_accounts
eth_accounts
eth_blockNumber
net_version
eth_getBlockByNumber
eth_estimateGas
eth_getBlockByNumber
eth_gasPrice
eth_sendTransaction

  Transaction: 0xab903012a53f5a738131ae471db04ac36797d710d73e2b657d7513bf2773b4af
  Contract created: 0xc196ecfb50c6d0843c89bad598d3d880525db3f7
  Gas usage: 1100987
  Block number: 1
  Block time: Fri May 08 2026 00:08:54 GMT+0700 (Indochina Time)

eth_getTransactionReceipt
eth_getCode
eth_getTransactionReceipt
eth_getBlockByNumber
eth_gasPrice
eth_sendTransaction

  Transaction: 0x33e7a21f8b435b8deed5d642c486a6fda2ee431b5454cc7a35e9145dc72a76e6
  Gas usage: 21055
  Block number: 2
  Block time: Fri May 08 2026 00:08:54 GMT+0700 (Indochina Time)

eth_getTransactionReceipt
net_version
eth_getBlockByNumber
eth_estimateGas
eth_getBlockByNumber
eth_gasPrice
eth_sendTransaction

  Transaction: 0x736bfd241d82c064e622e4af8cf3701de155628db759ae0e42b91db99cb453d2
  Gas usage: 64620
  Block number: 3
  Block time: Fri May 08 2026 00:08:54 GMT+0700 (Indochina Time)

eth_getTransactionReceipt
eth_blockNumber
eth_getBalance
eth_getTransactionByHash
debug_traceTransaction
eth_getTransactionByHash
debug_traceTransaction
eth_getTransactionByHash
debug_traceTransaction

Received shutdown signal: SIGTERM
Shutting down…
Server has been shut down
