ganache v7.9.2 (@ganache/cli: 0.10.2, @ganache/core: 0.10.2)
Starting RPC server

Available Accounts
==================
(0) 0xF8Fb39cA0D15Ddb6bd9b5086d20E62ecEe182e9B (1000 ETH)
(1) 0x8b7f553ED70a4381b8f917840803a320B69d0d22 (1000 ETH)
(2) 0x2e5FA71e1e656cDA6e7abfbB33366241c1A92482 (1000 ETH)
(3) 0x3AeBb997734169FC38310BC995F1B89170fB7404 (1000 ETH)
(4) 0xc500Fa01074c96136bA8A8928DD5DB36F781a8d0 (1000 ETH)
(5) 0x582B7c711EE0E63F87b1D3A2AD8947d527D68e0D (1000 ETH)
(6) 0x07C600a3ED170EB1a8D3d760386982897262B4E7 (1000 ETH)
(7) 0x04899F7Ae9F276EaFe25345923D91E2Aed59b1cD (1000 ETH)
(8) 0x10a16b50Fca5992e99181397A00993200324672F (1000 ETH)
(9) 0x9796061DaE131abeF9b50574bb9796c0a311a9BE (1000 ETH)

Private Keys
==================
(0) 0x2982b6690124e0de9c421ccf1d72e804ebb87680f29f47a623adaf6695ac1b13
(1) 0x36e0cf66c08462918e0f463a609f9c9966ee065d0b89bf2fdb7c300c0d1f19ab
(2) 0xb36eed2029d94a5f4dced6107a9985c9bbc9a281934e83cd96f9195e2c780116
(3) 0x9d6fa6056ebe8f5ead21ffe6cb9938f9d870558105d5dcd13eaf147bb267fbac
(4) 0x2ec4f56f4df90efb6e3d8553dda73d5df0df1b68f7645258fd2f9126ec341f8b
(5) 0x5d23094da62437a1dba87b9fbad3674277c27000c49f04681e9eaf85e1800069
(6) 0x4c19f3944c05e78920895b54c82036097ba28dd44452578b16d63e3d806751d3
(7) 0x262980bba6f6d3afc98a546e4e0d1e3dddf17f88fd9ad131ce6214955f94a745
(8) 0xe73f338a2e7158f09691dd73944d73f91d33de752ae36e090f1c2edec650f27a
(9) 0x2883b5f7079652d999058509e315f13f8c165858c22a0fe56b9e08039e06d999

HD Wallet
==================
Mnemonic:      army today turtle home symptom pig predict elephant dutch broccoli bottom shop
Base HD Path:  m/44'/60'/0'/0/{account_index}

Default Gas Price
==================
2000000000

BlockGas Limit
==================
30000000

Call Gas Limit
==================
50000000

Chain
==================
Hardfork: shanghai
Id:       1337

RPC Listening on 127.0.0.1:8545
web3_clientVersion
eth_blockNumber
net_version
eth_accounts
eth_accounts
eth_blockNumber
net_version
eth_getBlockByNumber
eth_estimateGas
eth_getBlockByNumber
eth_gasPrice
eth_sendTransaction

  Transaction: 0x871bab6a1b868e8c8fa0976409542301ea76ae1d3853bcc1e5debeb06423711f
  Contract created: 0x075d341389513d3fed08199de3b78466be82dabf
  Gas usage: 1746129
  Block number: 1
  Block time: Fri May 08 2026 03:10:15 GMT+0700 (Indochina Time)

eth_getTransactionReceipt
eth_getCode
eth_getTransactionReceipt
eth_getBlockByNumber
eth_gasPrice
eth_sendTransaction

  Transaction: 0x7ebd9e21f33db871a25fc35d0dc94d161b7e146ebbd432bcf12d34926985e813
  Gas usage: 21055
  Block number: 2
  Block time: Fri May 08 2026 03:10:15 GMT+0700 (Indochina Time)

eth_getTransactionReceipt
eth_blockNumber
evm_mine
eth_blockNumber
evm_mine
eth_blockNumber
evm_mine
eth_blockNumber
evm_mine
eth_blockNumber
evm_mine
eth_blockNumber
evm_mine
eth_blockNumber
net_version
eth_getBlockByNumber
eth_estimateGas
eth_getBlockByNumber
eth_gasPrice
eth_sendTransaction

  Transaction: 0x55ea4f28362e5f0df11086a0e14575efd5643acc6e6c43c53a87ece16a054316
  Gas usage: 52925
  Block number: 9
  Block time: Fri May 08 2026 03:10:15 GMT+0700 (Indochina Time)

eth_getTransactionReceipt
net_version
eth_getBlockByNumber
eth_estimateGas
eth_getBlockByNumber
eth_gasPrice
eth_sendTransaction

  Transaction: 0xf7b29054a03d98eea0962dd71503397c22da5aa8c359710bb15209cb8811c7f2
  Gas usage: 80279
  Block number: 10
  Block time: Fri May 08 2026 03:10:15 GMT+0700 (Indochina Time)

eth_getTransactionReceipt
eth_blockNumber
eth_getBalance
eth_getTransactionByHash
debug_traceTransaction
eth_getTransactionByHash
debug_traceTransaction
eth_getTransactionByHash
debug_traceTransaction
eth_getTransactionByHash
debug_traceTransaction

Received shutdown signal: SIGTERM
Shutting down…
Server has been shut down
