ganache v7.9.2 (@ganache/cli: 0.10.2, @ganache/core: 0.10.2)
Starting RPC server

Available Accounts
==================
(0) 0x3A7055e9FBaFdcAc45c12a7C5d592328E9965859 (1000 ETH)
(1) 0xFef2F93175E441fbb1A4C40c70d8EfA1A03c9586 (1000 ETH)
(2) 0x6AFD27CE5135D15247fa8603E819Ed4AD4472dA6 (1000 ETH)
(3) 0xE7BAD169A459C86eA76C5AcDF4Ec19D9bfBB93e5 (1000 ETH)
(4) 0x3fa0e58BC2b43F4E2392aaa5477632AcC5e984f7 (1000 ETH)
(5) 0xA998ABe54a6c078D77AACa39CE5c8DA0c8033d7A (1000 ETH)
(6) 0x5C5599dF96c6F07F2ACFf43C909a6080262160DD (1000 ETH)
(7) 0x2e801d65beBCFE42C6a45f157504Be4D96000846 (1000 ETH)
(8) 0x35974255c5737C312Fe649167Fd1F7B5bD185a7A (1000 ETH)
(9) 0x75Fc9b7E10C807D4C6eac76F03a0ed853E3a9635 (1000 ETH)

Private Keys
==================
(0) 0x1503ce95715df6d78af4ba6ce853f28a049fa271f60f0104a31ac192f88075ef
(1) 0xc454ea6e991453ab36daae233a7d3490c5635b8ec6e4e3e33bedeef0bf0057a5
(2) 0xe67ae3c26c7a130daa0ab5fbe3dbdd1d1a2bd450b4d555e746771e8ffd12f7c2
(3) 0xebac75e36bfe348119eaf09cdbd4e7b970af2d3fe0cf8eac5957dee6e2b48514
(4) 0x4448ebee17b4cca807da96a4f99bb6bd5f570d25703fe8495b426707eded015e
(5) 0xbbbea86e60615e77e319ce6b236e595e974a03e55f514245b3e530dc29d98823
(6) 0x7c0b237f6f388437d62000502ff91dafd29790dc0396f9bc4d2fdb693a110f2b
(7) 0x30945faac40317e183eacbb682d2d0055fc6258d4977eb6388b8623135a34a3e
(8) 0xa85da57e780772608f0c547d62c3fc47c191cd1475ca1ad847cc6ff216718b90
(9) 0xa9ececaadf3918cf27d56256d2900630df54945638d0351dd6b253cc105f5870

HD Wallet
==================
Mnemonic:      street orient south sport butter omit announce combine dad energy meat mention
Base HD Path:  m/44'/60'/0'/0/{account_index}

Default Gas Price
==================
2000000000

BlockGas Limit
==================
30000000

Call Gas Limit
==================
50000000

Chain
==================
Hardfork: shanghai
Id:       1337

RPC Listening on 127.0.0.1:8545
web3_clientVersion
eth_blockNumber
net_version
eth_accounts
eth_accounts
eth_blockNumber
net_version
eth_getBlockByNumber
eth_estimateGas
eth_getBlockByNumber
eth_gasPrice
eth_sendTransaction

  Transaction: 0xa8c7410d442180c46c9c414929695a8e2928d1fb4b35c52d8ebcf210ccd8db27
  Contract created: 0xe08916b97713a5b2bb8a0f7b5b95c9fa1e662dd2
  Gas usage: 1100987
  Block number: 1
  Block time: Fri May 08 2026 01:39:44 GMT+0700 (Indochina Time)

eth_getTransactionReceipt
eth_getCode
eth_getTransactionReceipt
eth_getBlockByNumber
eth_gasPrice
eth_sendTransaction

  Transaction: 0xa9977ab62e229d5c778a18be0d28e757b62fef934ddc9b36c288a5030f98c8e1
  Gas usage: 21055
  Block number: 2
  Block time: Fri May 08 2026 01:39:44 GMT+0700 (Indochina Time)

eth_getTransactionReceipt
eth_blockNumber
evm_mine
eth_blockNumber
evm_mine
eth_blockNumber
evm_mine
eth_blockNumber
evm_mine
eth_blockNumber
net_version
eth_getBlockByNumber
eth_estimateGas
eth_getBlockByNumber
eth_gasPrice
eth_sendTransaction

  Transaction: 0x21272aef2f82e15203952db55ef5fd45f6ba1872e5835dc93c55fc86aed6bb4c
  Gas usage: 59561
  Block number: 7
  Block time: Fri May 08 2026 01:39:44 GMT+0700 (Indochina Time)

eth_getTransactionReceipt
eth_blockNumber
eth_getBalance
eth_getTransactionByHash
debug_traceTransaction
eth_getTransactionByHash
debug_traceTransaction
eth_getTransactionByHash
debug_traceTransaction

Received shutdown signal: SIGTERM
Shutting down…
Server has been shut down
