ganache v7.9.2 (@ganache/cli: 0.10.2, @ganache/core: 0.10.2)
Starting RPC server

Available Accounts
==================
(0) 0xDD3F704471f2284D2a3a23B5a5D3092C8E1ac4Ef (1000 ETH)
(1) 0x7113b60285d5f6DaEe2D2cE8900D87B3337a27C4 (1000 ETH)
(2) 0x957940F0753C4B397Ef674da5934a64F606aFe28 (1000 ETH)
(3) 0x83eA2a6fFF7dBD085c2dEdf2cD01F447441973D2 (1000 ETH)
(4) 0xcd77D6bB091341129c82134C02F5eD3369fb5F87 (1000 ETH)
(5) 0xbfAe21b300D0bF7F4F06dB7FF2593BD193864882 (1000 ETH)
(6) 0x24CeC33c2B4736dDDDc5F86f3bD6Db5854d23D7C (1000 ETH)
(7) 0xCF744AE50aD3777Eb530d9f5318FF873853F05Df (1000 ETH)
(8) 0xCbd9D5477e56f2Fbb4BfF276BC2F8dFd9b02bb86 (1000 ETH)
(9) 0x63a383A03e53725aa1648A306c8bC0C7701076cc (1000 ETH)

Private Keys
==================
(0) 0x4698fb125d91aad5235b4e4b59ec9bab00745bcb7a67be0b5ad6433b7532bd5c
(1) 0xb857d013dcf84adc122612b3b1cf0e5ffb0e913336cf18f40c1028eaadcf652c
(2) 0x81e879c4aab3b373d2700060dabf19144545526490f92d16255d0f344c147a98
(3) 0x881e544ea24b1d129fc19ad98765db190eed70b0e9d23c7942c44027c4fb6021
(4) 0xdee838582367ed02595650cdd00d2af48e92f67b158239002b5470deb7493b7a
(5) 0xf7e4925ca2945f05a5abc9ef4ccae78de1fbc5970485a7018e8e3ef8b12bb900
(6) 0x2b0fce11b9b53cb2a508431218ffba97213af1d52d9d7a6259d71e7c71e31fef
(7) 0x20bdfe56fb2ed70f70a71570312c540e3ef46dcecf6f31ed20f9d413de41e563
(8) 0x791f3adfce8c18a4de4bf8cddc910cf11d9eb5d2317cb422b64f06f7b7b70056
(9) 0xb27ecee96c2da5e30e2f88253541a09a55a45be4518e515cc9a2384a84517703

HD Wallet
==================
Mnemonic:      subject boil chest useless medal parrot maximum loop quick faint enjoy style
Base HD Path:  m/44'/60'/0'/0/{account_index}

Default Gas Price
==================
2000000000

BlockGas Limit
==================
30000000

Call Gas Limit
==================
50000000

Chain
==================
Hardfork: shanghai
Id:       1337

RPC Listening on 127.0.0.1:8545
web3_clientVersion
eth_blockNumber
net_version
eth_accounts
eth_accounts
eth_blockNumber
net_version
eth_getBlockByNumber
eth_estimateGas
eth_getBlockByNumber
eth_gasPrice
eth_sendTransaction

  Transaction: 0xb677ef6c91d7cbab8452004f992baf06b1af935b4241ee883c319d891b223e54
  Contract created: 0xf29923917c28c0865037bea3bf4f451c38e8d2b8
  Gas usage: 1239438
  Block number: 1
  Block time: Fri May 08 2026 03:22:45 GMT+0700 (Indochina Time)

eth_getTransactionReceipt
eth_getCode
eth_getTransactionReceipt
eth_getBlockByNumber
eth_gasPrice
eth_sendTransaction

  Transaction: 0x0a2f7821f6a4553f8e0862e1cad7db14ad6371bd492e20339f1fc90478d09280
  Gas usage: 21055
  Block number: 2
  Block time: Fri May 08 2026 03:22:45 GMT+0700 (Indochina Time)

eth_getTransactionReceipt
net_version
eth_getBlockByNumber
eth_estimateGas
eth_getBlockByNumber
eth_gasPrice
eth_sendTransaction

  Transaction: 0x71fb643c2615b8b33730d0aa483b92db8695992f5bb24c7478c939a37800b56c
  Gas usage: 71641
  Block number: 3
  Block time: Fri May 08 2026 03:22:45 GMT+0700 (Indochina Time)

eth_getTransactionReceipt
eth_blockNumber
eth_getBalance
eth_getTransactionByHash
debug_traceTransaction
eth_getTransactionByHash
debug_traceTransaction
eth_getTransactionByHash
debug_traceTransaction

Received shutdown signal: SIGTERM
Shutting down…
Server has been shut down
