COMMAND: python3 experiments/scale_trace/scripts/trace_result_json.py /home/aothuatgiadp/blockchain/project/CTLC-Implementation/experiments/scale_trace/runs/random_v1_298/F-_A_evm_fund_fa_CTLCOnly_refund/result.json /home/aothuatgiadp/blockchain/project/CTLC-Implementation/experiments/scale_trace/runs/random_v1_298/F-_A_evm_fund_fa_CTLCOnly_refund/trace.json
STATUS: 0

STDOUT:
{
  "graph_id": "",
  "pair": "F->A|evm|fund:fa",
  "contract": "CTLCOnly",
  "scenario": "refund",
  "contractAddress": "0xC816EBe1ebD51eeCc74C738De17F02465C158058",
  "traces": {
    "deploy": {
      "tx_hash": "0xc9642d6d49e5325fc9303bb1df61d3dec58e688cda7b8e3a6f12c78439acbf8e",
      "actual_calldata_bytes": 7091,
      "actual_sstore_count": 8,
      "actual_call_count": 0,
      "opcode_steps": 1286
    },
    "fund": {
      "tx_hash": "0x767c8546c55062258d397b24239dd799ea8af3b357ed007c71a3e2c4da311e3e",
      "actual_calldata_bytes": 0,
      "actual_sstore_count": 0,
      "actual_call_count": 0,
      "opcode_steps": 13
    },
    "refund_level0": {
      "tx_hash": "0xe56bafecebd2ce6d3a50d346c6d9efb5afa81abfefc54abb38669c133061db53",
      "actual_calldata_bytes": 4,
      "actual_sstore_count": 1,
      "actual_call_count": 1,
      "opcode_steps": 229
    }
  }
}


STDERR:

