COMMAND: python3 experiments/scale_trace/scripts/trace_result_json.py /home/aothuatgiadp/blockchain/project/CTLC-Implementation/experiments/scale_trace/runs/random_v1_29/E-_F_evm_fund_ef_CTLCOnly_worst_claim/result.json /home/aothuatgiadp/blockchain/project/CTLC-Implementation/experiments/scale_trace/runs/random_v1_29/E-_F_evm_fund_ef_CTLCOnly_worst_claim/trace.json
STATUS: 0

STDOUT:
{
  "graph_id": "",
  "pair": "E->F|evm|fund:ef",
  "contract": "CTLCOnly",
  "scenario": "worst_claim",
  "contractAddress": "0x7863cA87e9B6865e83E42652a1ee8591853DDcC6",
  "traces": {
    "deploy": {
      "tx_hash": "0xbb658732c35e4f9d1a50ce3da0c11dd87593af098217a70457d535358dc9a9a3",
      "actual_calldata_bytes": 7411,
      "actual_sstore_count": 17,
      "actual_call_count": 0,
      "opcode_steps": 2440
    },
    "fund": {
      "tx_hash": "0xf5de794775d066509924e17a27a0de011a5c902fb97c10f78124e4c32b4b4825",
      "actual_calldata_bytes": 0,
      "actual_sstore_count": 0,
      "actual_call_count": 0,
      "opcode_steps": 13
    },
    "disable_level0": {
      "tx_hash": "0xd8a4162af603633a712ac533f27e1d7e893ac9fb1c0921753e69651b544ab0ad",
      "actual_calldata_bytes": 36,
      "actual_sstore_count": 1,
      "actual_call_count": 0,
      "opcode_steps": 305
    },
    "claim_level1": {
      "tx_hash": "0xf6ffcfe380fbe3bbde93b48a3f3af99db9e656dc9548c9175d1bdaf1ee6fd0f5",
      "actual_calldata_bytes": 580,
      "actual_sstore_count": 1,
      "actual_call_count": 1,
      "opcode_steps": 2157
    }
  }
}


STDERR:

