Using network 'development'.

{
  "ok": true,
  "graph_id": "",
  "pair": "C->D|evm|fund:cd",
  "pairKey": "C->D|evm|fund:cd",
  "contract": "CTLCMultipleEdges",
  "scenario": "worst_claim",
  "deployGas": "0x144f9a",
  "gasUsed": "80267",
  "disableGasUsed": "0",
  "claimGasUsed": "80267",
  "refundGasUsed": "",
  "contractAddress": "0xED142f49de024FC068b0611C19f4DE609082b685",
  "startBlock": "0",
  "endBlock": "3",
  "finalContractBalanceWei": "0",
  "deployer": "0x53C936790916f7D167980cFd5E1d23697a0D398A",
  "party": "0x0EE3755cCf8b68940c5bea85E0c1EB583aF4C1d2",
  "counterparty": "0xBc0e975A37dC4B12A9B12dbF23a154F7DD655269",
  "fundingWei": "1000000000000000000",
  "timelocks": [
    9
  ],
  "transactions": [
    {
      "role": "deploy",
      "txHash": "0xb4fb74795a22d5836d1dc271f16d14c8e56c1ad887369a05c4fa0404d915d7d6"
    },
    {
      "role": "fund",
      "txHash": "0x8e8ee9173f5b269dc178dc094d5a9fb3aca6bdfeb74e33b148cfe2e6502fdeae"
    },
    {
      "role": "claim",
      "txHash": "0xc556b4384dd63d586ce7a19d3c4e86ce74cb9ff6bf219e95579c9188d698ee86",
      "level": 0,
      "option": 0
    }
  ],
  "txRoles": [
    {
      "role": "deploy",
      "txHash": "0xb4fb74795a22d5836d1dc271f16d14c8e56c1ad887369a05c4fa0404d915d7d6"
    },
    {
      "role": "fund",
      "txHash": "0x8e8ee9173f5b269dc178dc094d5a9fb3aca6bdfeb74e33b148cfe2e6502fdeae"
    },
    {
      "role": "claim",
      "txHash": "0xc556b4384dd63d586ce7a19d3c4e86ce74cb9ff6bf219e95579c9188d698ee86",
      "level": 0,
      "option": 0
    }
  ],
  "deployTxHash": "0xb4fb74795a22d5836d1dc271f16d14c8e56c1ad887369a05c4fa0404d915d7d6",
  "fundTxHash": "0x8e8ee9173f5b269dc178dc094d5a9fb3aca6bdfeb74e33b148cfe2e6502fdeae",
  "claimTxHash": "0xc556b4384dd63d586ce7a19d3c4e86ce74cb9ff6bf219e95579c9188d698ee86",
  "txHash": "0xc556b4384dd63d586ce7a19d3c4e86ce74cb9ff6bf219e95579c9188d698ee86",
  "tx": "0xc556b4384dd63d586ce7a19d3c4e86ce74cb9ff6bf219e95579c9188d698ee86"
}
