ganache v7.9.2 (@ganache/cli: 0.10.2, @ganache/core: 0.10.2)
Starting RPC server

Available Accounts
==================
(0) 0x3725233B15Fa0282b523325E1bB7862A50644357 (1000 ETH)
(1) 0x9Db840dE28F00fa9E1a673b33Bd2571e1cdF7FC4 (1000 ETH)
(2) 0x47e33f535Ac2b0D410854DB0eA989A4587A37A4A (1000 ETH)
(3) 0xBdDC1619E25D95B72D7E549e36d713d0A0A9AD8f (1000 ETH)
(4) 0xb290cc31a523CEF45f3526303f583aFe10E96B50 (1000 ETH)
(5) 0x8Ac2a0ad00695Ae6d32CC720eD6C5B9B9383934A (1000 ETH)
(6) 0x7C2eB86F93EE8ae29e507080CE42FEbE34DbA556 (1000 ETH)
(7) 0x0Ac8DCE66daF7b794A633c008224A34F1f0FfB26 (1000 ETH)
(8) 0x6Be06B4E12a7e945F696f93dE1b320cAA7C22094 (1000 ETH)
(9) 0x33fa0de48e47A26C2CF06Bc5659796B09C8f8f83 (1000 ETH)

Private Keys
==================
(0) 0x0209bc074083969a55a352c90b193f3699a27801f912f428c4781f3fb5e07ea9
(1) 0x734d7c5614dc8b405cf3ea71a60a8476bba23a71c602aea055c816b7fcd895b8
(2) 0xb40df5b1feddd9475905fe4fb0c4f8b886e584017d5f5a00642e79e3bbebca07
(3) 0x7532ebb50c92d559f8148e8af862188a038107fc6a7e4feede134f2cc7f17533
(4) 0xd3dc2711249bb72c0443abaf9516b752fc5b7ca6a529065c1a583ba2df026469
(5) 0x30ee6daabba866400b3048a169e3389bf92aeb6cf4db6376e59088cfdeed4319
(6) 0x045bebcc76779fbbfc1f83d8c23c61ab7ca41e3fd6ca045eeccbc0897f8601da
(7) 0x624eea0adead8f0f9df8ee45b3b9f22b18ffa88aa29d03f80bedd7cdadacc0b9
(8) 0x3d571f452b5aa52cb8e832addc5e8bc80d8b2de7bbefa0dbb8ec2eca0693fc90
(9) 0xba2c583f839fbbe7485619e0ca5d13cf317d6f57d64b778acedc1f8e94693890

HD Wallet
==================
Mnemonic:      bronze choice song staff increase logic pink style sun shoulder valve gospel
Base HD Path:  m/44'/60'/0'/0/{account_index}

Default Gas Price
==================
2000000000

BlockGas Limit
==================
30000000

Call Gas Limit
==================
50000000

Chain
==================
Hardfork: shanghai
Id:       1337

RPC Listening on 127.0.0.1:8545
web3_clientVersion
eth_blockNumber
net_version
eth_accounts
eth_accounts
eth_blockNumber
net_version
eth_getBlockByNumber
eth_estimateGas
eth_getBlockByNumber
eth_gasPrice
eth_sendTransaction

  Transaction: 0x6c4eee10b6a2166741c057602802af99d76b8bd40251b48accd8fd890cf60f5b
  Contract created: 0x1bac822eecf2d17d9689e84a28976c479144a259
  Gas usage: 1100987
  Block number: 1
  Block time: Fri May 08 2026 02:55:23 GMT+0700 (Indochina Time)

eth_getTransactionReceipt
eth_getCode
eth_getTransactionReceipt
eth_getBlockByNumber
eth_gasPrice
eth_sendTransaction

  Transaction: 0x07e93f7dceda1e839beb1899c8927e5bb9db9645b29a7827cd9f49ea7a1e7390
  Gas usage: 21055
  Block number: 2
  Block time: Fri May 08 2026 02:55:23 GMT+0700 (Indochina Time)

eth_getTransactionReceipt
net_version
eth_getBlockByNumber
eth_estimateGas
eth_getBlockByNumber
eth_gasPrice
eth_sendTransaction

  Transaction: 0xf2cbddaed101e34ad11b768049bd7391705b5e99c1a2262a4a501e669c987ea1
  Gas usage: 64620
  Block number: 3
  Block time: Fri May 08 2026 02:55:23 GMT+0700 (Indochina Time)

eth_getTransactionReceipt
eth_blockNumber
eth_getBalance
eth_getTransactionByHash
debug_traceTransaction
eth_getTransactionByHash
debug_traceTransaction
eth_getTransactionByHash
debug_traceTransaction

Received shutdown signal: SIGTERM
Shutting down…
Server has been shut down
