ganache v7.9.2 (@ganache/cli: 0.10.2, @ganache/core: 0.10.2)
Starting RPC server

Available Accounts
==================
(0) 0x4d5438402742110F8dfEa51B5bB7150d88B23AE9 (1000 ETH)
(1) 0xCBB7176cE9A22843cFAa8e763850C8F7D1fA52C4 (1000 ETH)
(2) 0x6fC5F9F13432c34B54C29942b243c18F45d0fd27 (1000 ETH)
(3) 0x5AeB8b37Ca660a3A695A775610EaAF9f4d422E31 (1000 ETH)
(4) 0x7C1f8e7555C65E9a29ece458225A7cCeeB7673B2 (1000 ETH)
(5) 0xfFC013d0187a6f617B71311808FA2622609499B7 (1000 ETH)
(6) 0x00d2b7fC0D98B88C134544d9B44dD74990598b7A (1000 ETH)
(7) 0x6ef47850c04ecA9bB2967468FE6674DeD9024Daf (1000 ETH)
(8) 0xD2749De7f61E6b3d30F6DA3064bED1167Cf84F85 (1000 ETH)
(9) 0x1D69aFc781cEDd51F05c6C7a16355BB31809faE9 (1000 ETH)

Private Keys
==================
(0) 0x4de789cecfc4e4134d372490561c63d3167bd1ece19bd90488f28155a295855a
(1) 0xdc5585c28294221adcac9a2affaacaa7e6aff024a30b16d15c0051c4e01d1591
(2) 0x69cbcd92d58974a8225def016e6f7bb4c20078fe3a7a1448535023f9c767164d
(3) 0xbfe93f82351ad85d03d2a98161069cf526ce3173be3d31bbdf0ba3c144cc44dc
(4) 0x8c99e5cd139a604d8111461c019df4101c09e766e606d2bee0e7da905b17fc13
(5) 0x72655b5c7e95d5527c7073fcf3bbeb4a4ac503699aa34272576fd30623d84502
(6) 0xa5029dc0a7b24638e52dd9b3b8ad3e2cade127537fe66b3cedb90eb18f084594
(7) 0xc4efb2bb0e6fe015c7f0e5ec07f22671e2e5777a106e31f2ac9c11ee54e9ad15
(8) 0x9264c508264fc31cc7568d9decafc07cf2c172d73df5c45dd7496198c1f70e40
(9) 0xcf795ebd9946dc9c9e74bae21fbf69a69514fe0f2eb4d0807dadfe88b02fe8be

HD Wallet
==================
Mnemonic:      loyal upset ramp soup reunion page sail neutral dragon alone artefact student
Base HD Path:  m/44'/60'/0'/0/{account_index}

Default Gas Price
==================
2000000000

BlockGas Limit
==================
30000000

Call Gas Limit
==================
50000000

Chain
==================
Hardfork: shanghai
Id:       1337

RPC Listening on 127.0.0.1:8545
web3_clientVersion
eth_blockNumber
net_version
eth_accounts
eth_accounts
eth_blockNumber
net_version
eth_getBlockByNumber
eth_estimateGas
eth_getBlockByNumber
eth_gasPrice
eth_sendTransaction

  Transaction: 0xd2a388208f3ad17617a70cd6498141a8018002b73754c7512ecc05441726262d
  Contract created: 0x65268eec798cd71eb1ec3ac56d4ff618e2df5dfd
  Gas usage: 1285286
  Block number: 1
  Block time: Fri May 08 2026 00:11:58 GMT+0700 (Indochina Time)

eth_getTransactionReceipt
eth_getCode
eth_getTransactionReceipt
eth_getBlockByNumber
eth_gasPrice
eth_sendTransaction

  Transaction: 0x0932d9a813d89d504dd141c03b18c9ba48db367e9a40c5c291a14ed58aa57afe
  Gas usage: 21055
  Block number: 2
  Block time: Fri May 08 2026 00:11:58 GMT+0700 (Indochina Time)

eth_getTransactionReceipt
eth_blockNumber
evm_mine
eth_blockNumber
evm_mine
eth_blockNumber
evm_mine
eth_blockNumber
evm_mine
eth_blockNumber
evm_mine
eth_blockNumber
evm_mine
eth_blockNumber
net_version
eth_getBlockByNumber
eth_estimateGas
eth_getBlockByNumber
eth_gasPrice
eth_sendTransaction

  Transaction: 0xa3b9e9ad2d89812fef277f6f87171f437138606aaf95dbf904b9b86ef013be25
  Gas usage: 59539
  Block number: 9
  Block time: Fri May 08 2026 00:11:58 GMT+0700 (Indochina Time)

eth_getTransactionReceipt
eth_blockNumber
eth_getBalance
eth_getTransactionByHash
debug_traceTransaction
eth_getTransactionByHash
debug_traceTransaction
eth_getTransactionByHash
debug_traceTransaction

Received shutdown signal: SIGTERM
Shutting down…
Server has been shut down
