ganache v7.9.2 (@ganache/cli: 0.10.2, @ganache/core: 0.10.2)
Starting RPC server

Available Accounts
==================
(0) 0x0FE60df2969fe54d76f921450a4Fb92c1B3E9317 (1000 ETH)
(1) 0x796688cE57E9c7FFAdd27B0509b24Fd8dd2E32CF (1000 ETH)
(2) 0x6430381Bdc50B1CBFBF071579F36A2B9af3BF6C2 (1000 ETH)
(3) 0x8f0C3fC5758327D0e380Ad8D160f1C4EB8547C96 (1000 ETH)
(4) 0xcaAB859536e9Ea0b47D1eDBFD3B8cc6b17B802Ae (1000 ETH)
(5) 0x1512ba20991Aa965cd3b460cbC778a0822Cc1D14 (1000 ETH)
(6) 0xf7524D2Ed62ee10F0Ee62CAceb07Dd50048B7865 (1000 ETH)
(7) 0x56b6a9fA47D4A043399f339D5119E72393d9e132 (1000 ETH)
(8) 0x503bf039Fe24709363DFf21eD67743b4a4517f6B (1000 ETH)
(9) 0x322B71f1761ABa4dCA853FCa08688E3113A742e6 (1000 ETH)

Private Keys
==================
(0) 0xf29887e61a0d435ac2364ffa7b0350e62536d6abdbfa0baa7afce6b1e9ce4279
(1) 0xad04092fc6d4d802e89a4d521a10105f83fff01a56ef538d672b25f5de6955e6
(2) 0xe7406460c1cba55898305b73a23f564a5fb6d5db45dc9efca58d76cab503d5ca
(3) 0x56d0b97dbe892fc1f1a9f81961e16a216fbc5bf9bbf2c032181afa593821e83a
(4) 0x9ee256fc7a6a7028ba24fa9085cd4d0c09180fd81848dd5c0216a40b24c971ea
(5) 0x23233a0b6b01f6fde6c05d461121ad65c4cd240093a28a318df6c2ee38ba5321
(6) 0xb80dbb1a05dafe43451ee0bcd70911cd5e0262b0445bfbe826896480773e8c0d
(7) 0x4f41bb19211bb9339a3668b15efe20af0b69f3b62b9063b7d17cbadda0af9f1e
(8) 0x0beb895ba7d786b42afb11de29b79ffe199391f3ebef1825e06014052bf31c70
(9) 0x278e88707f4b0cd32ec036c3fe462fe3bc88d4bc94daefb1e08236ebd5dbb3d0

HD Wallet
==================
Mnemonic:      apple cigar verb sheriff liquid picture when primary balcony unveil type state
Base HD Path:  m/44'/60'/0'/0/{account_index}

Default Gas Price
==================
2000000000

BlockGas Limit
==================
30000000

Call Gas Limit
==================
50000000

Chain
==================
Hardfork: shanghai
Id:       1337

RPC Listening on 127.0.0.1:8545
web3_clientVersion
eth_blockNumber
net_version
eth_accounts
eth_accounts
eth_blockNumber
net_version
eth_getBlockByNumber
eth_estimateGas
eth_getBlockByNumber
eth_gasPrice
eth_sendTransaction

  Transaction: 0x8df8c6574cce35d8a19f3ae69f8bf441071a2d2c05b0114027d2eb2fc5733e1e
  Contract created: 0x7ec7ec795486e2c2e8ec940d0310b5fc471669e5
  Gas usage: 1699351
  Block number: 1
  Block time: Fri May 08 2026 02:22:36 GMT+0700 (Indochina Time)

eth_getTransactionReceipt
eth_getCode
eth_getTransactionReceipt
eth_getBlockByNumber
eth_gasPrice
eth_sendTransaction

  Transaction: 0x72f1b5c47d2e2a9dfead29d31f31fd2d11610869ce664bfb5a2be48c009cc0fd
  Gas usage: 21055
  Block number: 2
  Block time: Fri May 08 2026 02:22:36 GMT+0700 (Indochina Time)

eth_getTransactionReceipt
eth_blockNumber
evm_mine
eth_blockNumber
evm_mine
eth_blockNumber
evm_mine
eth_blockNumber
evm_mine
eth_blockNumber
evm_mine
eth_blockNumber
net_version
eth_getBlockByNumber
eth_estimateGas
eth_getBlockByNumber
eth_gasPrice
eth_sendTransaction

  Transaction: 0x2c394031ebcce2e8fe0fb84f8deb77fd106058dd2f47b1bf66cfecb028b91d25
  Gas usage: 52925
  Block number: 8
  Block time: Fri May 08 2026 02:22:36 GMT+0700 (Indochina Time)

eth_getTransactionReceipt
eth_blockNumber
evm_mine
eth_blockNumber
evm_mine
eth_blockNumber
evm_mine
eth_blockNumber
net_version
eth_getBlockByNumber
eth_estimateGas
eth_getBlockByNumber
eth_gasPrice
eth_sendTransaction

  Transaction: 0x77a8f661ca0c4d9f4e5d6870aa15b950ef7868e6d462f0005f675666809ed70b
  Gas usage: 59539
  Block number: 12
  Block time: Fri May 08 2026 02:22:36 GMT+0700 (Indochina Time)

eth_getTransactionReceipt
eth_blockNumber
eth_getBalance
eth_getTransactionByHash
debug_traceTransaction
eth_getTransactionByHash
debug_traceTransaction
eth_getTransactionByHash
debug_traceTransaction
eth_getTransactionByHash
debug_traceTransaction

Received shutdown signal: SIGTERM
Shutting down…
Server has been shut down
