Using network 'development'.

{
  "ok": true,
  "graph_id": "",
  "pair": "D->A|evm|fund:da",
  "pairKey": "D->A|evm|fund:da",
  "contract": "CTLCOnly",
  "scenario": "worst_claim",
  "deployGas": "0x10ccbb",
  "gasUsed": "64620",
  "disableGasUsed": "0",
  "claimGasUsed": "64620",
  "refundGasUsed": "",
  "contractAddress": "0x032A26D4D2730134CBC063e39b01B6Ed0CEB7c29",
  "startBlock": "0",
  "endBlock": "3",
  "finalContractBalanceWei": "0",
  "deployer": "0x462C496dEFb01360A61417B8DdDCbE6A4a7DEaeb",
  "party": "0x5561B6B0D895Ebc8018a9D233a4b7Bd97294beC8",
  "counterparty": "0x7459E6e55517fa4Cd9ef14D23F82E979F258405b",
  "fundingWei": "1000000000000000000",
  "timelocks": [
    6
  ],
  "transactions": [
    {
      "role": "deploy",
      "txHash": "0xb113980df8bd4c095bb5b21dd31b4142f213f04d7b1409a011ba23726f1f318b"
    },
    {
      "role": "fund",
      "txHash": "0xca39d42a0a3c1eb893b8e5fa8c208563d52b49cc7ebc80257fd280b811df33e1"
    },
    {
      "role": "claim",
      "txHash": "0xc1ad221c1e2e3b210bacea672d28efa44fb77b3127639ebb9a6f16ec099af674",
      "level": 0,
      "option": 0
    }
  ],
  "txRoles": [
    {
      "role": "deploy",
      "txHash": "0xb113980df8bd4c095bb5b21dd31b4142f213f04d7b1409a011ba23726f1f318b"
    },
    {
      "role": "fund",
      "txHash": "0xca39d42a0a3c1eb893b8e5fa8c208563d52b49cc7ebc80257fd280b811df33e1"
    },
    {
      "role": "claim",
      "txHash": "0xc1ad221c1e2e3b210bacea672d28efa44fb77b3127639ebb9a6f16ec099af674",
      "level": 0,
      "option": 0
    }
  ],
  "deployTxHash": "0xb113980df8bd4c095bb5b21dd31b4142f213f04d7b1409a011ba23726f1f318b",
  "fundTxHash": "0xca39d42a0a3c1eb893b8e5fa8c208563d52b49cc7ebc80257fd280b811df33e1",
  "claimTxHash": "0xc1ad221c1e2e3b210bacea672d28efa44fb77b3127639ebb9a6f16ec099af674",
  "txHash": "0xc1ad221c1e2e3b210bacea672d28efa44fb77b3127639ebb9a6f16ec099af674",
  "tx": "0xc1ad221c1e2e3b210bacea672d28efa44fb77b3127639ebb9a6f16ec099af674"
}
