ganache v7.9.2 (@ganache/cli: 0.10.2, @ganache/core: 0.10.2)
Starting RPC server

Available Accounts
==================
(0) 0x55dDCc68eA83f62BC5691Ddc48542826BF3054B6 (1000 ETH)
(1) 0x44Cc189509F5462455Fc629e0dCB64830105E40D (1000 ETH)
(2) 0x23b926b943230c78B40124e74e1C1ae73B320111 (1000 ETH)
(3) 0x4C7CD5Aa72859aE85AB771a9785eA440aeab22FA (1000 ETH)
(4) 0x9F62A0C603bF915396496c7D251B9D4EF61B4043 (1000 ETH)
(5) 0x3341903D0DbcD1EbeeaD0C9E8D0de6235781bB5d (1000 ETH)
(6) 0x1F02Dfc3ee8A14B40dd4fBb778E7AC2C003ea36E (1000 ETH)
(7) 0x2c6ce19cC3E3b09B09414346282ABdC5BCe76578 (1000 ETH)
(8) 0x53309a5dA4B27d50203376fEcc92D663e0Eb0982 (1000 ETH)
(9) 0x85fbE8cC856f90E54F70C9B1cc07A5420cfdfb76 (1000 ETH)

Private Keys
==================
(0) 0x1e8edfdcf6613712caba8abf9d19aa4c035fde53ad17ad7dd35abcd1e4f1b007
(1) 0xabdef96c058c84d6934de8b78aba9ff31c062173199babd3ff483b37488d6ef8
(2) 0xfce4d0fe82dfb6e30b94c2714364cf9e15d59138c5586139bed36f5066c29a8a
(3) 0xba1675510cc1a2dfba6b936ecfc2f396ce33e0ade8d5c9a7557b61b760d9337e
(4) 0xdecf9c232404a4e11d33f11cce9005783c75f3698bea0075414041683367928f
(5) 0x7f8efbc0273c9fcb6b05c6d7ba939516499447c9f1bf14870b7749d6b6edb72b
(6) 0xf8b519b2b1165462e4e41328ac5376c62d0383d563a2e77199558eb3aa5f9885
(7) 0xc94b17479f5d31db86a433bd8dad49350181b3acfbc88677dd823737d55f0545
(8) 0xc1b7b7f67f2dce1bf472c10ebde411ed49ece58bc48b1663e2c895759eb80685
(9) 0x51dbebe748d84fbf68ae5b17029d3ae9ce1f8b4cc2eac75ae02e069679f286d2

HD Wallet
==================
Mnemonic:      modify caught calm dish suggest turkey ignore scheme rescue puzzle sense future
Base HD Path:  m/44'/60'/0'/0/{account_index}

Default Gas Price
==================
2000000000

BlockGas Limit
==================
30000000

Call Gas Limit
==================
50000000

Chain
==================
Hardfork: shanghai
Id:       1337

RPC Listening on 127.0.0.1:8545
web3_clientVersion
eth_blockNumber
net_version
eth_accounts
eth_accounts
eth_blockNumber
net_version
eth_getBlockByNumber
eth_estimateGas
eth_getBlockByNumber
eth_gasPrice
eth_sendTransaction

  Transaction: 0x95d7924b3409947e68d78afef550cf5711e6f7089438bcf485e91a64b411c972
  Contract created: 0x1dc8b655cc2e83b7b8d79d77f4ae1b54129018cf
  Gas usage: 1607703
  Block number: 1
  Block time: Fri May 08 2026 03:25:14 GMT+0700 (Indochina Time)

eth_getTransactionReceipt
eth_getCode
eth_getTransactionReceipt
eth_getBlockByNumber
eth_gasPrice
eth_sendTransaction

  Transaction: 0x295934a942e4b01501d06bbf048d1ebe0a24798b3abf4a44e229220dbd5de990
  Gas usage: 21055
  Block number: 2
  Block time: Fri May 08 2026 03:25:14 GMT+0700 (Indochina Time)

eth_getTransactionReceipt
eth_blockNumber
evm_mine
eth_blockNumber
evm_mine
eth_blockNumber
evm_mine
eth_blockNumber
evm_mine
eth_blockNumber
evm_mine
eth_blockNumber
evm_mine
eth_blockNumber
net_version
eth_getBlockByNumber
eth_estimateGas
eth_getBlockByNumber
eth_gasPrice
eth_sendTransaction

  Transaction: 0x794e38a1be7a747a7263f4f34fc6b61a0a1c190246d0e0831799a2509e0eeaaf
  Gas usage: 52925
  Block number: 9
  Block time: Fri May 08 2026 03:25:14 GMT+0700 (Indochina Time)

eth_getTransactionReceipt
net_version
eth_getBlockByNumber
eth_estimateGas
eth_getBlockByNumber
eth_gasPrice
eth_sendTransaction

  Transaction: 0xf1df8d18990b3234f84a851375f11b3751ae86727dcbe059e07c039bbeaabe62
  Gas usage: 84610
  Block number: 10
  Block time: Fri May 08 2026 03:25:14 GMT+0700 (Indochina Time)

eth_getTransactionReceipt
eth_blockNumber
eth_getBalance
eth_getTransactionByHash
debug_traceTransaction
eth_getTransactionByHash
debug_traceTransaction
eth_getTransactionByHash
debug_traceTransaction
eth_getTransactionByHash
debug_traceTransaction

Received shutdown signal: SIGTERM
Shutting down…
Server has been shut down
