ganache v7.9.2 (@ganache/cli: 0.10.2, @ganache/core: 0.10.2)
Starting RPC server

Available Accounts
==================
(0) 0x2D545A6324474D4307e4f4Aeb3c791e3CF822e7a (1000 ETH)
(1) 0xA66A4012Bc7ef04D171A6572eBa187a30242611f (1000 ETH)
(2) 0x5Eb9356f05158cf14736cbA906140A6e44a44FA8 (1000 ETH)
(3) 0x3A415336772E1Ba9DCe7fE75aDE87b9535Aa4d75 (1000 ETH)
(4) 0x04B7F4A2bAacc3d5A77fe23573c0f5c0463B338b (1000 ETH)
(5) 0xa30A4fe390a0B9E317dCEd3DE6c9fB1a1291b430 (1000 ETH)
(6) 0x29bb6A5A1A99b317D5c29ac4f71C970292543F63 (1000 ETH)
(7) 0x774BDe0Be4F7a6780ccdD02ef477f07e6cECfF20 (1000 ETH)
(8) 0x330e733D94738E7D17e2641fF32749e7D0af49B3 (1000 ETH)
(9) 0xA12407a04f412e06b3513CfD1984950aC1684Ae7 (1000 ETH)

Private Keys
==================
(0) 0x242cfae3bd852e5f5579085c297c95fe11ab308c2c07762e3fe6971ef18a0eec
(1) 0x84995dccccbc00bdf61a41341006d83e4eb139a4272c339b8650fd043f115c45
(2) 0x08b31313f13da8bc13de538a70d1dbdf8b24fa86e4a6656d268e5e63c3be529e
(3) 0x6ae19358061eee1e69d4e77aaffc72dff432aa97991a9968904f33951512dc8a
(4) 0x1a48266c8934117c296b9ce83dedfabad1ed99332cdfbe14219bd62f434b9a8c
(5) 0xf9dddc0f1a4222daabe859b29f0846b48b1c48e493d93d89b0c8650281a0c7ef
(6) 0x3f9ea069b2b795061fa25abdef83ca14981410cf64a5edeb1045cea6ccbda704
(7) 0x928b1c3f2882ff563013faf4a0b71c6794e38c485b13df6d032461ab3f84511f
(8) 0x3e875d62e0ba92db0e9d1621ea073b86f42e2b88c901234f40e441a4707ef839
(9) 0x4070c75009c57c4c0fa0b0d3ac52f9234c88e2c76120c235b0c9c46dd6074a46

HD Wallet
==================
Mnemonic:      judge unfold dance acid radar soda behind hen during vague panther donkey
Base HD Path:  m/44'/60'/0'/0/{account_index}

Default Gas Price
==================
2000000000

BlockGas Limit
==================
30000000

Call Gas Limit
==================
50000000

Chain
==================
Hardfork: shanghai
Id:       1337

RPC Listening on 127.0.0.1:8545
web3_clientVersion
eth_blockNumber
net_version
eth_accounts
eth_accounts
eth_blockNumber
net_version
eth_getBlockByNumber
eth_estimateGas
eth_getBlockByNumber
eth_gasPrice
eth_sendTransaction

  Transaction: 0xc08b75db3a4a6fd78489c4f9094842d44d12fa6f1d6fc81d44a3d791ef6f6e99
  Contract created: 0xf178b6ea763493efd93a027b869a10e3e27f9ea1
  Gas usage: 1123899
  Block number: 1
  Block time: Thu May 07 2026 22:00:09 GMT+0700 (Indochina Time)

eth_getTransactionReceipt
eth_getCode
eth_getTransactionReceipt
eth_getBlockByNumber
eth_gasPrice
eth_sendTransaction

  Transaction: 0xf54f7fa1194257afe19043c2260e75d656195543595fc2a2057c4e17534e7ba6
  Gas usage: 21055
  Block number: 2
  Block time: Thu May 07 2026 22:00:09 GMT+0700 (Indochina Time)

eth_getTransactionReceipt
net_version
eth_getBlockByNumber
eth_estimateGas
eth_getBlockByNumber
eth_gasPrice
eth_sendTransaction

  Transaction: 0x5c53399d8281c3c29b3f193909e189ede6e33f926dddeaccdaa34942fa6e9a0a
  Gas usage: 68735
  Block number: 3
  Block time: Thu May 07 2026 22:00:09 GMT+0700 (Indochina Time)

eth_getTransactionReceipt
eth_blockNumber
eth_getBalance
eth_getTransactionByHash
debug_traceTransaction
eth_getTransactionByHash
debug_traceTransaction
eth_getTransactionByHash
debug_traceTransaction

Received shutdown signal: SIGTERM
Shutting down…
Server has been shut down
