Using network 'development'.

{
  "ok": true,
  "graph_id": "",
  "pair": "E->A|evm|fund:ea",
  "pairKey": "E->A|evm|fund:ea",
  "contract": "CTLCOnly",
  "scenario": "refund",
  "deployGas": "0x10ccbb",
  "gasUsed": "59561",
  "disableGasUsed": "0",
  "claimGasUsed": "",
  "refundGasUsed": "59561",
  "contractAddress": "0x467933facD3cdbE91fda7f0CAa832A7E637DAac1",
  "startBlock": "0",
  "endBlock": "7",
  "finalContractBalanceWei": "0",
  "deployer": "0x73392010cdd5119B07d3aF50586F3050792547C4",
  "party": "0xc75a0Dad446b367A6A2845fB992Cec95F90D17E5",
  "counterparty": "0x59347679BaEe96a7Eb15bA640126Cd90435521C6",
  "fundingWei": "1000000000000000000",
  "timelocks": [
    6
  ],
  "transactions": [
    {
      "role": "deploy",
      "txHash": "0xffee81ffadc4ed93da7606a67c53f50874d46319b197e9ebe62f55b5343efeee"
    },
    {
      "role": "fund",
      "txHash": "0xe3ad810f4d88c4b6c8c39f5f53227830c2ccf7c7b79e89c3f94e120bd79cc927"
    },
    {
      "role": "refund",
      "txHash": "0xcedf22c073a2eab1b338404cb39e50f91f9858b1f980c6774358a31a6702897b",
      "level": 0
    }
  ],
  "txRoles": [
    {
      "role": "deploy",
      "txHash": "0xffee81ffadc4ed93da7606a67c53f50874d46319b197e9ebe62f55b5343efeee"
    },
    {
      "role": "fund",
      "txHash": "0xe3ad810f4d88c4b6c8c39f5f53227830c2ccf7c7b79e89c3f94e120bd79cc927"
    },
    {
      "role": "refund",
      "txHash": "0xcedf22c073a2eab1b338404cb39e50f91f9858b1f980c6774358a31a6702897b",
      "level": 0
    }
  ],
  "deployTxHash": "0xffee81ffadc4ed93da7606a67c53f50874d46319b197e9ebe62f55b5343efeee",
  "fundTxHash": "0xe3ad810f4d88c4b6c8c39f5f53227830c2ccf7c7b79e89c3f94e120bd79cc927",
  "refundTxHash": "0xcedf22c073a2eab1b338404cb39e50f91f9858b1f980c6774358a31a6702897b",
  "refundTx": "0xcedf22c073a2eab1b338404cb39e50f91f9858b1f980c6774358a31a6702897b"
}
