COMMAND: python3 experiments/scale_trace/scripts/trace_result_json.py /home/aothuatgiadp/blockchain/project/CTLC-Implementation/experiments/scale_trace/runs/random_v1_3/C-_D_evm_fund_cd_CTLCOnly_best_claim/result.json /home/aothuatgiadp/blockchain/project/CTLC-Implementation/experiments/scale_trace/runs/random_v1_3/C-_D_evm_fund_cd_CTLCOnly_best_claim/trace.json
STATUS: 0

STDOUT:
{
  "graph_id": "",
  "pair": "C->D|evm|fund:cd",
  "contract": "CTLCOnly",
  "scenario": "best_claim",
  "contractAddress": "0xBC86cA27187923F784873baA55E71CE80823d18f",
  "traces": {
    "deploy": {
      "tx_hash": "0x94b5fe50763589bb6781c078dd5f9fc44ff8554acfd111d4b4a6553e9da4bdf8",
      "actual_calldata_bytes": 7443,
      "actual_sstore_count": 18,
      "actual_call_count": 0,
      "opcode_steps": 2528
    },
    "fund": {
      "tx_hash": "0x40ac71bc671ca0d2467df10c3e9eef10d551a8592d262f071c38a66b5d557d28",
      "actual_calldata_bytes": 0,
      "actual_sstore_count": 0,
      "actual_call_count": 0,
      "opcode_steps": 13
    },
    "claim_level0": {
      "tx_hash": "0xab664397c9859e9b1de98f8f4fd186d8a780dde8a898c6cda33a98951ed2d97e",
      "actual_calldata_bytes": 484,
      "actual_sstore_count": 1,
      "actual_call_count": 1,
      "opcode_steps": 1816
    }
  }
}


STDERR:

