ganache v7.9.2 (@ganache/cli: 0.10.2, @ganache/core: 0.10.2)
Starting RPC server

Available Accounts
==================
(0) 0xC7358cC14Da76E747C920176E31836680E8F3A9c (1000 ETH)
(1) 0xDF5c585ffb35686A7242633317Aa36Ab28b7033f (1000 ETH)
(2) 0xD92206475494592Fa93Ed25529Eb668625D96009 (1000 ETH)
(3) 0x3DA63E3d60fA29F56C2Dd6ff600606A4B512dA32 (1000 ETH)
(4) 0x45E0B2C1c1716240971779cabed12050f08aA160 (1000 ETH)
(5) 0x5BA67b1a1213f1a0e1ceD46815cB9dE922895d8B (1000 ETH)
(6) 0xCaBcd12066e11c2dA87023720a5E1DC58DC83802 (1000 ETH)
(7) 0xaDbB9a93afD5abB0B6AeAD48E7BF2ADBc775C2Aa (1000 ETH)
(8) 0x10d0f7900315A93130D2fC51b7d3a83f999207d2 (1000 ETH)
(9) 0xb4DB3e38661fA4f6E5B2e51F637A30FDaE199875 (1000 ETH)

Private Keys
==================
(0) 0x2566972df1a6883c6623ba67ff8c6e5bb623d095ab4d7089603604fd0d66caa9
(1) 0xdf50ecf413d7158069bbcf1941da16777961046cd6dd9401ac477c79420f2cc6
(2) 0x176d13d9a5df55dc490f28481b2f9179f4036f6a78a740fde2cd22c591ac990f
(3) 0x10b0bc68442238a7f10e2586011a51d28d969699adde9dd0258082b3fa1bb87f
(4) 0x86a459c1b9e242347447bd161e8574ba05aee40a555da8395883d38145328eb0
(5) 0xfbf23adb5553befe7f92d31d5287660034ebeee6469bd54b19a84c4d23748b1f
(6) 0x071d82f6dcf926845789c4b6832a150a7d1544aa5c91c459a722f0708ebf90a5
(7) 0x73d36633a1876755e587ccbc378101403ecf57c6481b210bb3a0b9aca31833aa
(8) 0x025582134fbe2bb4864b71dd6498e70ae8a801fe56f180bbaaff10a2407472cc
(9) 0x361af0031bcee5fc6c431dbf62f370713e74f5daa5a915888dbcb96e8c9cbd5c

HD Wallet
==================
Mnemonic:      day cost medal payment color brass often face expect trim toss coast
Base HD Path:  m/44'/60'/0'/0/{account_index}

Default Gas Price
==================
2000000000

BlockGas Limit
==================
30000000

Call Gas Limit
==================
50000000

Chain
==================
Hardfork: shanghai
Id:       1337

RPC Listening on 127.0.0.1:8545
web3_clientVersion
eth_blockNumber
net_version
eth_accounts
eth_accounts
eth_blockNumber
net_version
eth_getBlockByNumber
eth_estimateGas
eth_getBlockByNumber
eth_gasPrice
eth_sendTransaction

  Transaction: 0x5ddf6331adfafedcf71732cd137417be84dbed4bb55f9e7c1d1f829d03228e37
  Contract created: 0xe133eb785be7aaddbed17314bea8f2d3013e7131
  Gas usage: 1378076
  Block number: 1
  Block time: Thu May 07 2026 21:15:28 GMT+0700 (Indochina Time)

eth_getTransactionReceipt
eth_getCode
eth_getTransactionReceipt
eth_getBlockByNumber
eth_gasPrice
eth_sendTransaction

  Transaction: 0x627b9066e837f2d626524ed4c3417834a842edd31efec288a69fe0041aa6262d
  Gas usage: 21055
  Block number: 2
  Block time: Thu May 07 2026 21:15:28 GMT+0700 (Indochina Time)

eth_getTransactionReceipt
net_version
eth_getBlockByNumber
eth_estimateGas
eth_getBlockByNumber
eth_gasPrice
eth_sendTransaction

  Transaction: 0xcf5e334d282f7843ea3b6beb18ab7128f89ff224612e5ef58c4a8f9588d503f0
  Gas usage: 71641
  Block number: 3
  Block time: Thu May 07 2026 21:15:28 GMT+0700 (Indochina Time)

eth_getTransactionReceipt
eth_blockNumber
eth_getBalance
eth_getTransactionByHash
debug_traceTransaction
eth_getTransactionByHash
debug_traceTransaction
eth_getTransactionByHash
debug_traceTransaction

Received shutdown signal: SIGTERM
Shutting down…
Server has been shut down
