Using network 'development'.

{
  "ok": true,
  "graph_id": "",
  "pair": "C->A|evm|fund:ca",
  "pairKey": "C->A|evm|fund:ca",
  "contract": "CTLCOnly",
  "scenario": "refund",
  "deployGas": "0x10ccaf",
  "gasUsed": "59561",
  "disableGasUsed": "0",
  "claimGasUsed": "",
  "refundGasUsed": "59561",
  "contractAddress": "0xBF132dCAf2F90A1BAD8fbbfd5068902DafDe7D87",
  "startBlock": "0",
  "endBlock": "7",
  "finalContractBalanceWei": "0",
  "deployer": "0xBEd8608ED3b96eA4d55eE847496d45fd8aF1D5B0",
  "party": "0x25DEa8351eE378AFc781133672d23FfF97DC7c42",
  "counterparty": "0x7E004B55148D51aF8c5615f8A9404DE7863f3955",
  "fundingWei": "1000000000000000000",
  "timelocks": [
    6
  ],
  "transactions": [
    {
      "role": "deploy",
      "txHash": "0xed5a25333a0191aa065cfb2b9d097643ce58c96226b05b33d2597eb94a3e1b04"
    },
    {
      "role": "fund",
      "txHash": "0x2531d099be899e17d29799b8d2531c140e27a7313bb26b87c6f1800f6608442d"
    },
    {
      "role": "refund",
      "txHash": "0x6de79826fe95042c23890e3e4cc625def31a952a7a8425881e4b324b8196f71a",
      "level": 0
    }
  ],
  "txRoles": [
    {
      "role": "deploy",
      "txHash": "0xed5a25333a0191aa065cfb2b9d097643ce58c96226b05b33d2597eb94a3e1b04"
    },
    {
      "role": "fund",
      "txHash": "0x2531d099be899e17d29799b8d2531c140e27a7313bb26b87c6f1800f6608442d"
    },
    {
      "role": "refund",
      "txHash": "0x6de79826fe95042c23890e3e4cc625def31a952a7a8425881e4b324b8196f71a",
      "level": 0
    }
  ],
  "deployTxHash": "0xed5a25333a0191aa065cfb2b9d097643ce58c96226b05b33d2597eb94a3e1b04",
  "fundTxHash": "0x2531d099be899e17d29799b8d2531c140e27a7313bb26b87c6f1800f6608442d",
  "refundTxHash": "0x6de79826fe95042c23890e3e4cc625def31a952a7a8425881e4b324b8196f71a",
  "refundTx": "0x6de79826fe95042c23890e3e4cc625def31a952a7a8425881e4b324b8196f71a"
}
