ganache v7.9.2 (@ganache/cli: 0.10.2, @ganache/core: 0.10.2)
Starting RPC server

Available Accounts
==================
(0) 0xBEd8608ED3b96eA4d55eE847496d45fd8aF1D5B0 (1000 ETH)
(1) 0x7E004B55148D51aF8c5615f8A9404DE7863f3955 (1000 ETH)
(2) 0xade388cDd19403a9EbF381B9e210785e1efECdE9 (1000 ETH)
(3) 0x25DEa8351eE378AFc781133672d23FfF97DC7c42 (1000 ETH)
(4) 0xfF8F61B7BE53AD572cD2f1eA03D2023Fd46F1Fe3 (1000 ETH)
(5) 0xEc1A6145BBFb5f458Eca97EC34cF41c43dbb7151 (1000 ETH)
(6) 0xA8245663db2051111aab1880a8E5A563bAb695ee (1000 ETH)
(7) 0x1a40A2761592c3133C349dADaB1c09cdabBafbAB (1000 ETH)
(8) 0xB8a1B008Bbd5450EF9dbA2167cf8Adf272998F99 (1000 ETH)
(9) 0x2e4e0EbB2F7f65EF1b7a52A1822bD0Ff13AE9E31 (1000 ETH)

Private Keys
==================
(0) 0x85aca1ba25d786863087ca97c84463f2dd3acd5d08810a5b3795f1eb4157c929
(1) 0xac878e5fdd29eccad3f6bae99962b39f10816970d4a068a7b9bf849731c5e8de
(2) 0xbd943da6248c7ddeb8805d14f9ee2f5c6ce4708739609e351ddf2be8f908b6c1
(3) 0x101feebc30feffe578f5557290713c8c951d962b4c0c29385b9fabc8d3247f68
(4) 0x1ff2268ebe7232577485dddbe9417009a50a6c35719cde32f142b897df353977
(5) 0x5ad5cca7ecd1ad81a954f88a7f4cbb150049cb08ed59df65aca6d8a9b2b09efe
(6) 0xce0920b51d21b534ee2b7fcab24d9dd6be4f0716b15a7cc53ed1dffed7002cdb
(7) 0x386a083f5a80669950849a4d843e27ac86b524febc5b63038b1fb29f49138f7a
(8) 0x5d4784d78a2325afb3c883e4e88649083b3920db5b63904042193733105193bc
(9) 0xe7c21c4adaf37f0e30fa23a2b3ff760e36198fb1b60487cf4d37cb95d5b92b41

HD Wallet
==================
Mnemonic:      decorate guess economy hammer skin employ leave skirt wait act term creek
Base HD Path:  m/44'/60'/0'/0/{account_index}

Default Gas Price
==================
2000000000

BlockGas Limit
==================
30000000

Call Gas Limit
==================
50000000

Chain
==================
Hardfork: shanghai
Id:       1337

RPC Listening on 127.0.0.1:8545
web3_clientVersion
eth_blockNumber
net_version
eth_accounts
eth_accounts
eth_blockNumber
net_version
eth_getBlockByNumber
eth_estimateGas
eth_getBlockByNumber
eth_gasPrice
eth_sendTransaction

  Transaction: 0xed5a25333a0191aa065cfb2b9d097643ce58c96226b05b33d2597eb94a3e1b04
  Contract created: 0xbf132dcaf2f90a1bad8fbbfd5068902dafde7d87
  Gas usage: 1100975
  Block number: 1
  Block time: Fri May 08 2026 01:31:40 GMT+0700 (Indochina Time)

eth_getTransactionReceipt
eth_getCode
eth_getTransactionReceipt
eth_getBlockByNumber
eth_gasPrice
eth_sendTransaction

  Transaction: 0x2531d099be899e17d29799b8d2531c140e27a7313bb26b87c6f1800f6608442d
  Gas usage: 21055
  Block number: 2
  Block time: Fri May 08 2026 01:31:40 GMT+0700 (Indochina Time)

eth_getTransactionReceipt
eth_blockNumber
evm_mine
eth_blockNumber
evm_mine
eth_blockNumber
evm_mine
eth_blockNumber
evm_mine
eth_blockNumber
net_version
eth_getBlockByNumber
eth_estimateGas
eth_getBlockByNumber
eth_gasPrice
eth_sendTransaction

  Transaction: 0x6de79826fe95042c23890e3e4cc625def31a952a7a8425881e4b324b8196f71a
  Gas usage: 59561
  Block number: 7
  Block time: Fri May 08 2026 01:31:40 GMT+0700 (Indochina Time)

eth_getTransactionReceipt
eth_blockNumber
eth_getBalance
eth_getTransactionByHash
debug_traceTransaction
eth_getTransactionByHash
debug_traceTransaction
eth_getTransactionByHash
debug_traceTransaction

Received shutdown signal: SIGTERM
Shutting down…
Server has been shut down
