COMMAND: python3 experiments/scale_trace/scripts/trace_result_json.py /home/aothuatgiadp/blockchain/project/CTLC-Implementation/experiments/scale_trace/runs/random_v1_259/E-_C_evm_fund_ec_CTLCOnly_refund/result.json /home/aothuatgiadp/blockchain/project/CTLC-Implementation/experiments/scale_trace/runs/random_v1_259/E-_C_evm_fund_ec_CTLCOnly_refund/trace.json
STATUS: 0

STDOUT:
{
  "graph_id": "",
  "pair": "E->C|evm|fund:ec",
  "contract": "CTLCOnly",
  "scenario": "refund",
  "contractAddress": "0xD6F8C1df922a525BC95a957016D87308429114F7",
  "traces": {
    "deploy": {
      "tx_hash": "0x9d57e1c0564519aaa5f8a8c5209dc1a545af775e375306238050fb9541a9f164",
      "actual_calldata_bytes": 7155,
      "actual_sstore_count": 10,
      "actual_call_count": 0,
      "opcode_steps": 1462
    },
    "fund": {
      "tx_hash": "0xfa0fc3c36724c2097d9b92f9cfc89530d0e0470cf9f6ee606e663eb109d8729b",
      "actual_calldata_bytes": 0,
      "actual_sstore_count": 0,
      "actual_call_count": 0,
      "opcode_steps": 13
    },
    "refund_level0": {
      "tx_hash": "0xa1c94f60c615e7d23ba7883b007a76a252b993027489da8b1c224c6f575adb77",
      "actual_calldata_bytes": 4,
      "actual_sstore_count": 1,
      "actual_call_count": 1,
      "opcode_steps": 229
    }
  }
}


STDERR:

