Using network 'development'.

{
  "ok": true,
  "graph_id": "",
  "pair": "C->D|evm|fund:cd",
  "pairKey": "C->D|evm|fund:cd",
  "contract": "CTLCMultipleEdges",
  "scenario": "refund",
  "deployGas": "0x1506b4",
  "gasUsed": "59539",
  "disableGasUsed": "0",
  "claimGasUsed": "",
  "refundGasUsed": "59539",
  "contractAddress": "0x78231A2FB0EcB32703E61FF65E602C0F5B74DCC0",
  "startBlock": "0",
  "endBlock": "8",
  "finalContractBalanceWei": "0",
  "deployer": "0xAf8D1F73040A59885C6CC939618319Fc5cB52e10",
  "party": "0xe55946fa949a99630CB3FC722A6D42cAB63d2bB6",
  "counterparty": "0x011b9Ce22eCAfF417c3117D589682F7601d61Ab4",
  "fundingWei": "1000000000000000000",
  "timelocks": [
    7
  ],
  "transactions": [
    {
      "role": "deploy",
      "txHash": "0xbb3d0d6a7b59f0fcc3878610e31cc411049aa2b766d738555d45d8c923fb8827"
    },
    {
      "role": "fund",
      "txHash": "0x3b2e9ef918e46c7858b1db2fb435e5eee926bbf150da3f1a641376d74796ff4e"
    },
    {
      "role": "refund",
      "txHash": "0xec750106fa1bab2d9d1790f77a390d87001643fde1baca780d6129d0da8db792",
      "level": 0
    }
  ],
  "txRoles": [
    {
      "role": "deploy",
      "txHash": "0xbb3d0d6a7b59f0fcc3878610e31cc411049aa2b766d738555d45d8c923fb8827"
    },
    {
      "role": "fund",
      "txHash": "0x3b2e9ef918e46c7858b1db2fb435e5eee926bbf150da3f1a641376d74796ff4e"
    },
    {
      "role": "refund",
      "txHash": "0xec750106fa1bab2d9d1790f77a390d87001643fde1baca780d6129d0da8db792",
      "level": 0
    }
  ],
  "deployTxHash": "0xbb3d0d6a7b59f0fcc3878610e31cc411049aa2b766d738555d45d8c923fb8827",
  "fundTxHash": "0x3b2e9ef918e46c7858b1db2fb435e5eee926bbf150da3f1a641376d74796ff4e",
  "refundTxHash": "0xec750106fa1bab2d9d1790f77a390d87001643fde1baca780d6129d0da8db792",
  "refundTx": "0xec750106fa1bab2d9d1790f77a390d87001643fde1baca780d6129d0da8db792"
}
