ganache v7.9.2 (@ganache/cli: 0.10.2, @ganache/core: 0.10.2)
Starting RPC server

Available Accounts
==================
(0) 0x44752D3D1DB0f8e0f705A3F10873Aacee45b6e61 (1000 ETH)
(1) 0x81d260f29F26eE7db304e4bFD2E42D3c35B4E4c9 (1000 ETH)
(2) 0x70a8cde9f951F0111A55db86866CD00D0b6C2f9e (1000 ETH)
(3) 0x78Bf6224Ac079317AEaCA6CA6CE3a9cec7D74a49 (1000 ETH)
(4) 0x1d409A299F637bE95145c8fC0abF8e3Dc1411a41 (1000 ETH)
(5) 0xe57A495B3209445F191f9E9B3AcA70984eeD0a55 (1000 ETH)
(6) 0x1bA243d4258f081e71B6A5a1a1Ee943773691dCc (1000 ETH)
(7) 0xC3dB66CbD5f4397e9BDc3897a5D5DC4A1d61b930 (1000 ETH)
(8) 0xe89F44fE1E488D0B54E70Deaa833db6CE4F3556B (1000 ETH)
(9) 0x79E943125fae1c0B1966aca5D00897D26ad43510 (1000 ETH)

Private Keys
==================
(0) 0x4787ca3c62e7b048aef48e80ef7886ff4288efe8ed9438fcd9f92eb3849fdcc1
(1) 0xfdbb0b437bbc9267a267420af45b03d70cd8f02195be4b05dfc8fca33bd4fa51
(2) 0xe45fa5f39a61d3617f1f0396ffac3ddbc2a71c5c72a336c06029f0312d9c1776
(3) 0xda0fc865f260bbe948ff377cca6054961579a356338786fbf6088d252c839721
(4) 0xf4d98ffe7fbe594343ee21d97e30a94e8ab5465d393fc167a424852b8482dfa6
(5) 0xa81813176c6ec3453f854d19357981b178f3c8e5cf5ba06c3db0b2d537119509
(6) 0x69eafca42230cd3d608d4e88ff9aaf714d263068355fa532c1e1b6c6cd9327f4
(7) 0x513515a62458e84d6a9781438302cad839e33e6ec797a9c1be03f50420856b63
(8) 0xf824dc6cf51c706ccccf62299ed0a070f199c995d565fb100e87c36a1b0536c7
(9) 0xbda67729008cc2724f1100425c4558346787841c09d8d5146ec6cb572e0550d3

HD Wallet
==================
Mnemonic:      rescue jewel habit fat maximum open expect skin polar clip interest purpose
Base HD Path:  m/44'/60'/0'/0/{account_index}

Default Gas Price
==================
2000000000

BlockGas Limit
==================
30000000

Call Gas Limit
==================
50000000

Chain
==================
Hardfork: shanghai
Id:       1337

RPC Listening on 127.0.0.1:8545
web3_clientVersion
eth_blockNumber
net_version
eth_accounts
eth_accounts
eth_blockNumber
net_version
eth_getBlockByNumber
eth_estimateGas
eth_getBlockByNumber
eth_gasPrice
eth_sendTransaction

  Transaction: 0x474bfebce82fec7c40b4298c180d1660bc6dda9518f123cbbf8cb961fe41b9d5
  Contract created: 0x2b41c1ff0619d8790561040a6442aedddb9d2ccf
  Gas usage: 1100987
  Block number: 1
  Block time: Thu May 07 2026 21:35:08 GMT+0700 (Indochina Time)

eth_getTransactionReceipt
eth_getCode
eth_getTransactionReceipt
eth_getBlockByNumber
eth_gasPrice
eth_sendTransaction

  Transaction: 0x42ab1f501ceb195428ecefc3f2833c207610d4020a1542ea71f179fa5bcd8796
  Gas usage: 21055
  Block number: 2
  Block time: Thu May 07 2026 21:35:08 GMT+0700 (Indochina Time)

eth_getTransactionReceipt
eth_blockNumber
evm_mine
eth_blockNumber
evm_mine
eth_blockNumber
evm_mine
eth_blockNumber
evm_mine
eth_blockNumber
net_version
eth_getBlockByNumber
eth_estimateGas
eth_getBlockByNumber
eth_gasPrice
eth_sendTransaction

  Transaction: 0xc0911fdf18d4043b1ea4097f3ccfa65c5df20d19dca2fc894bb18581d25dd2b8
  Gas usage: 59561
  Block number: 7
  Block time: Thu May 07 2026 21:35:08 GMT+0700 (Indochina Time)

eth_getTransactionReceipt
eth_blockNumber
eth_getBalance
eth_getTransactionByHash
debug_traceTransaction
eth_getTransactionByHash
debug_traceTransaction
eth_getTransactionByHash
debug_traceTransaction

Received shutdown signal: SIGTERM
Shutting down…
Server has been shut down
