COMMAND: python3 experiments/scale_trace/scripts/trace_result_json.py /home/aothuatgiadp/blockchain/project/CTLC-Implementation/experiments/scale_trace/runs/random_v1_149/B-_A_evm_fund_ba_CTLCOnly_refund/result.json /home/aothuatgiadp/blockchain/project/CTLC-Implementation/experiments/scale_trace/runs/random_v1_149/B-_A_evm_fund_ba_CTLCOnly_refund/trace.json
STATUS: 0

STDOUT:
{
  "graph_id": "",
  "pair": "B->A|evm|fund:ba",
  "contract": "CTLCOnly",
  "scenario": "refund",
  "contractAddress": "0x2B41c1Ff0619D8790561040a6442AedDDb9d2Ccf",
  "traces": {
    "deploy": {
      "tx_hash": "0x474bfebce82fec7c40b4298c180d1660bc6dda9518f123cbbf8cb961fe41b9d5",
      "actual_calldata_bytes": 7091,
      "actual_sstore_count": 8,
      "actual_call_count": 0,
      "opcode_steps": 1286
    },
    "fund": {
      "tx_hash": "0x42ab1f501ceb195428ecefc3f2833c207610d4020a1542ea71f179fa5bcd8796",
      "actual_calldata_bytes": 0,
      "actual_sstore_count": 0,
      "actual_call_count": 0,
      "opcode_steps": 13
    },
    "refund_level0": {
      "tx_hash": "0xc0911fdf18d4043b1ea4097f3ccfa65c5df20d19dca2fc894bb18581d25dd2b8",
      "actual_calldata_bytes": 4,
      "actual_sstore_count": 1,
      "actual_call_count": 1,
      "opcode_steps": 229
    }
  }
}


STDERR:

