COMMAND: python3 experiments/scale_trace/scripts/trace_result_json.py /home/aothuatgiadp/blockchain/project/CTLC-Implementation/experiments/scale_trace/runs/random_v1_228/D-_B_evm_fund_db_CTLCOnly_worst_claim/result.json /home/aothuatgiadp/blockchain/project/CTLC-Implementation/experiments/scale_trace/runs/random_v1_228/D-_B_evm_fund_db_CTLCOnly_worst_claim/trace.json
STATUS: 0

STDOUT:
{
  "graph_id": "",
  "pair": "D->B|evm|fund:db",
  "contract": "CTLCOnly",
  "scenario": "worst_claim",
  "contractAddress": "0xCa3d71b221bf2C3230Df004F2d1A359957C9cE42",
  "traces": {
    "deploy": {
      "tx_hash": "0x6ace456477581993f5f271c88246d8791e6ecbd36921da956e52c19924db2a98",
      "actual_calldata_bytes": 7187,
      "actual_sstore_count": 11,
      "actual_call_count": 0,
      "opcode_steps": 1550
    },
    "fund": {
      "tx_hash": "0xc3f752746950baf32a370cc745a6d4d79c9cc49ef64f819e38a50b3895ce4567",
      "actual_calldata_bytes": 0,
      "actual_sstore_count": 0,
      "actual_call_count": 0,
      "opcode_steps": 13
    },
    "claim_level0": {
      "tx_hash": "0x78e65804c28cfcaff3e90bfcf5fe8266c967654911684586da3420b654837eb4",
      "actual_calldata_bytes": 484,
      "actual_sstore_count": 1,
      "actual_call_count": 1,
      "opcode_steps": 1816
    }
  }
}


STDERR:

