Using network 'development'.

{
  "ok": true,
  "graph_id": "",
  "pair": "C->D|evm|fund:cd",
  "pairKey": "C->D|evm|fund:cd",
  "contract": "CTLCMultipleEdges",
  "scenario": "best_claim",
  "deployGas": "0x139c9a",
  "gasUsed": "75948",
  "disableGasUsed": "",
  "claimGasUsed": "75948",
  "refundGasUsed": "",
  "contractAddress": "0x365D768CAe893f97974B53c5DB2Ad65F6CffBe40",
  "startBlock": "0",
  "endBlock": "3",
  "finalContractBalanceWei": "0",
  "deployer": "0x00cE0F0bC36909Af38b938004e34937A94281EBd",
  "party": "0x79F2dc9F2E728D78c13DAa2925188F152e58b55f",
  "counterparty": "0x4927b924b88BDf567fA25373480fDa7c45eEb6Ca",
  "fundingWei": "1000000000000000000",
  "timelocks": [
    8
  ],
  "transactions": [
    {
      "role": "deploy",
      "txHash": "0xabc906b4adbb468dd367ecc83dcd10f02885d845937af0ef959f7423fac129ae"
    },
    {
      "role": "fund",
      "txHash": "0xdf6df340a6e42375265d550c8e9a1df82e1fe77832b605cb9aadae8e19a4ea86"
    },
    {
      "role": "claim",
      "txHash": "0x4e65e60bd506e6bfab4a12ab04e41ab7bae420d900ca657426b676d218fe330c",
      "level": 0,
      "option": 0
    }
  ],
  "txRoles": [
    {
      "role": "deploy",
      "txHash": "0xabc906b4adbb468dd367ecc83dcd10f02885d845937af0ef959f7423fac129ae"
    },
    {
      "role": "fund",
      "txHash": "0xdf6df340a6e42375265d550c8e9a1df82e1fe77832b605cb9aadae8e19a4ea86"
    },
    {
      "role": "claim",
      "txHash": "0x4e65e60bd506e6bfab4a12ab04e41ab7bae420d900ca657426b676d218fe330c",
      "level": 0,
      "option": 0
    }
  ],
  "deployTxHash": "0xabc906b4adbb468dd367ecc83dcd10f02885d845937af0ef959f7423fac129ae",
  "fundTxHash": "0xdf6df340a6e42375265d550c8e9a1df82e1fe77832b605cb9aadae8e19a4ea86",
  "claimTxHash": "0x4e65e60bd506e6bfab4a12ab04e41ab7bae420d900ca657426b676d218fe330c",
  "txHash": "0x4e65e60bd506e6bfab4a12ab04e41ab7bae420d900ca657426b676d218fe330c",
  "tx": "0x4e65e60bd506e6bfab4a12ab04e41ab7bae420d900ca657426b676d218fe330c"
}
