ganache v7.9.2 (@ganache/cli: 0.10.2, @ganache/core: 0.10.2)
Starting RPC server

Available Accounts
==================
(0) 0x359d758962398E05262Bb133D8e65D5eB84982bE (1000 ETH)
(1) 0x7814e0AD49Ec35E0cd53221bB487450a9c544D74 (1000 ETH)
(2) 0x9d063F5Cc45d51bc183e300AE31C90cF47D37C3e (1000 ETH)
(3) 0x817aC5e4bbc8bb6114c3ef4D50Bf64bD7b6ed8bF (1000 ETH)
(4) 0xFbECA560009073C82CBfCe7Da478253065d3099B (1000 ETH)
(5) 0x1a8b29bC8dfad0418928843FCc10a26981ea1Dc9 (1000 ETH)
(6) 0x1Ba764Ccac2164b1cac55FCBC15a0478C67f5e5F (1000 ETH)
(7) 0x69f4Ee72333136E2b34822e2087ff5BdebC290D5 (1000 ETH)
(8) 0xc90dc4aB50A839DAD7480Df48a2e509F1E36B9dc (1000 ETH)
(9) 0x433B01Dc6a84AD72a44a4d32d486B037F48E18Bd (1000 ETH)

Private Keys
==================
(0) 0xa6b7e38db85fdb7d90bda7f99f88bfbe8a296b3ff9751947eb2ba4285d2ffaa0
(1) 0xfedb7b53fe663579bcf88590965cffe1f1f69e7b90f7fe2db4174fe3c79e854d
(2) 0x43fe91731a0aab88cf4e76f466ea79571f6bccdb960870623aafc50571dee244
(3) 0x86fb048904da98ac3537691a28fa205bcfa793aeee737e2740a605568c74dcd5
(4) 0x635803df4c572ce168bfc4e8565dba6c3d1385e96dc8d7793641197b86e872ff
(5) 0x41866b6e615a4ff5a79a9e0264c4fbf1db8a20c11c6f3ea504e22e9f7929d4c8
(6) 0x4386d5c7e6c127706262fc9cbec6322adde350597747d46fa1b3a9443155eb01
(7) 0x482ef5b43e44ca4ffa501d195eb6895013dc1f397fadc5e38aa1a3aa0b439aeb
(8) 0x08879336681474f4b2e833b6c6b55a1aee411e9f4dd1a33b4479efe44d428094
(9) 0x7b69ad7058ad22f2775b8df5cfcc129d569635643ac01f00b6de5e798aa702e8

HD Wallet
==================
Mnemonic:      actual garment ordinary cliff camp powder tube accident anger mosquito stem swing
Base HD Path:  m/44'/60'/0'/0/{account_index}

Default Gas Price
==================
2000000000

BlockGas Limit
==================
30000000

Call Gas Limit
==================
50000000

Chain
==================
Hardfork: shanghai
Id:       1337

RPC Listening on 127.0.0.1:8545
web3_clientVersion
eth_blockNumber
net_version
eth_accounts
eth_accounts
eth_blockNumber
net_version
eth_getBlockByNumber
eth_estimateGas
eth_getBlockByNumber
eth_gasPrice
eth_sendTransaction

  Transaction: 0x997497196390ee0ac27a9efa01068465b257215f491344e313754b6ca6f70754
  Contract created: 0x8b0d3215289e03d5478bbdc4be66167f8558c7b5
  Gas usage: 1146799
  Block number: 1
  Block time: Thu May 07 2026 23:58:28 GMT+0700 (Indochina Time)

eth_getTransactionReceipt
eth_getCode
eth_getTransactionReceipt
eth_getBlockByNumber
eth_gasPrice
eth_sendTransaction

  Transaction: 0xb9d2ff4bcfcbe2e0d881f7bae52cc89c3af0b129f8a9cd03703d356cdd438947
  Gas usage: 21055
  Block number: 2
  Block time: Thu May 07 2026 23:58:28 GMT+0700 (Indochina Time)

eth_getTransactionReceipt
net_version
eth_getBlockByNumber
eth_estimateGas
eth_getBlockByNumber
eth_gasPrice
eth_sendTransaction

  Transaction: 0xc4890a5f3d42ca7eff58154cb7529c1788b14d3b134f8545859b22a0d7fe9cf5
  Gas usage: 72874
  Block number: 3
  Block time: Thu May 07 2026 23:58:28 GMT+0700 (Indochina Time)

eth_getTransactionReceipt
eth_blockNumber
eth_getBalance
eth_getTransactionByHash
debug_traceTransaction
eth_getTransactionByHash
debug_traceTransaction
eth_getTransactionByHash
debug_traceTransaction

Received shutdown signal: SIGTERM
Shutting down…
Server has been shut down
