ganache v7.9.2 (@ganache/cli: 0.10.2, @ganache/core: 0.10.2)
Starting RPC server

Available Accounts
==================
(0) 0x62D061F2E9eFd621B3409dDbADB49bDC86d45E2F (1000 ETH)
(1) 0xf6569Dee7bb43226b9eFdC0d5C31Df75dD004e61 (1000 ETH)
(2) 0x18f08Cc1B9a9e274aebc4221c4eF5d8D5Bc3Bf50 (1000 ETH)
(3) 0x238285484d98D781C547243eA134ACbba1d8919e (1000 ETH)
(4) 0xBA074DD1Df2E65AE690382C695Dd42B6D565BCc9 (1000 ETH)
(5) 0x3e1f1e2DE0cA8Fb91Ccee0165A85d0Ccd0bb327B (1000 ETH)
(6) 0x7BbB55f7581410d7b06d0A217F430056FCee0F47 (1000 ETH)
(7) 0x434989FF2e9B5BEBa3de4eaf3d6e9D9853fBF479 (1000 ETH)
(8) 0x566b6E0dACB5bfc60455f3D6774BD4a7F455d806 (1000 ETH)
(9) 0xAcd006E5E017bd56F83af6e4144C669cecDBe2F9 (1000 ETH)

Private Keys
==================
(0) 0x02f172936caa5c04d7b5f11ac43a9bf7b5593d02bc84022f347e5f9a724af8a5
(1) 0xf1f0db4256838583fad703b07da3c6715128dcdf1088c5aa8099252d9378a230
(2) 0xe995b795367f1f71de02e2051d0932622a56091db6efe2d3c054d7866f838e76
(3) 0xc53e5e0496305ca2c844392e115d321e7214dc46c91e82a2c22a7c75966379a2
(4) 0x72eb613683d4a56349dda8fe00103f7a459e8cde9183baaf0417dfe3bb36a60f
(5) 0x42bfdedb73021068f94189451419d70ec9aa96a15053fe3858adeaf37e6e8b5b
(6) 0x17d5b15aa9389c1509859f92f8996cee3a4a33b43d0a1c6a7e18cfd63a8f8dd9
(7) 0xc31978fbe4ecac2db1ecbd7e71198fad49abfdd560df8d042197da02a42d4144
(8) 0x5a96aa68ea6e86fd4af6ca84472c2212f6deaffde27533046763a98732cfd2fe
(9) 0x4cf368c47b02f220f806b5eab4ed8098235cf41a08c6799843eb8294bd061d60

HD Wallet
==================
Mnemonic:      oblige discover warm donor track awake initial movie curtain cause under curtain
Base HD Path:  m/44'/60'/0'/0/{account_index}

Default Gas Price
==================
2000000000

BlockGas Limit
==================
30000000

Call Gas Limit
==================
50000000

Chain
==================
Hardfork: shanghai
Id:       1337

RPC Listening on 127.0.0.1:8545
web3_clientVersion
eth_blockNumber
net_version
eth_accounts
eth_accounts
eth_blockNumber
net_version
eth_getBlockByNumber
eth_estimateGas
eth_getBlockByNumber
eth_gasPrice
eth_sendTransaction

  Transaction: 0xba9e55e05269e42b0410f1689e8a22cf37649cfd29f7e367dd0662fda8c2d197
  Contract created: 0xdd86ea768e6a81cb479ed174ee694d8eb0006a09
  Gas usage: 1746189
  Block number: 1
  Block time: Fri May 08 2026 00:21:16 GMT+0700 (Indochina Time)

eth_getTransactionReceipt
eth_getCode
eth_getTransactionReceipt
eth_getBlockByNumber
eth_gasPrice
eth_sendTransaction

  Transaction: 0x68822c57efa8df77c77ff2d0a97f4e8a0a404ecaa284c55249a4d43d7dd12240
  Gas usage: 21055
  Block number: 2
  Block time: Fri May 08 2026 00:21:16 GMT+0700 (Indochina Time)

eth_getTransactionReceipt
eth_blockNumber
evm_mine
eth_blockNumber
evm_mine
eth_blockNumber
evm_mine
eth_blockNumber
evm_mine
eth_blockNumber
evm_mine
eth_blockNumber
net_version
eth_getBlockByNumber
eth_estimateGas
eth_getBlockByNumber
eth_gasPrice
eth_sendTransaction

  Transaction: 0x1c64a324dddccbe030c961ca6fcf99cc2dc7e8d9a7dc3c1ebb375ff56218fe22
  Gas usage: 52925
  Block number: 8
  Block time: Fri May 08 2026 00:21:16 GMT+0700 (Indochina Time)

eth_getTransactionReceipt
net_version
eth_getBlockByNumber
eth_estimateGas
eth_getBlockByNumber
eth_gasPrice
eth_sendTransaction

  Transaction: 0x83632add1b7af7edbd8ac4ea483d5ce2712503f8df84c50949961a8061b92556
  Gas usage: 80279
  Block number: 9
  Block time: Fri May 08 2026 00:21:16 GMT+0700 (Indochina Time)

eth_getTransactionReceipt
eth_blockNumber
eth_getBalance
eth_getTransactionByHash
debug_traceTransaction
eth_getTransactionByHash
debug_traceTransaction
eth_getTransactionByHash
debug_traceTransaction
eth_getTransactionByHash
debug_traceTransaction

Received shutdown signal: SIGTERM
Shutting down…
Server has been shut down
