COMMAND: python3 experiments/scale_trace/scripts/trace_result_json.py /home/aothuatgiadp/blockchain/project/CTLC-Implementation/experiments/scale_trace/runs/random_v1_7/F-_B_evm_fund_fb_CTLCMultipleEdges_worst_claim/result.json /home/aothuatgiadp/blockchain/project/CTLC-Implementation/experiments/scale_trace/runs/random_v1_7/F-_B_evm_fund_fb_CTLCMultipleEdges_worst_claim/trace.json
STATUS: 0

STDOUT:
{
  "graph_id": "",
  "pair": "F->B|evm|fund:fb",
  "contract": "CTLCMultipleEdges",
  "scenario": "worst_claim",
  "contractAddress": "0xF6Fb3Cab53a1C1423e284500d360a66F410cBEe7",
  "traces": {
    "deploy": {
      "tx_hash": "0x9c90d871b20fbc2a0ed93af9c552d6965250f42d7b3b9ffee20976c69ee907f9",
      "actual_calldata_bytes": 8553,
      "actual_sstore_count": 32,
      "actual_call_count": 0,
      "opcode_steps": 4990
    },
    "fund": {
      "tx_hash": "0xfbdd911bef015490e86c4c1dbdefd3c6386d6c155449a0d1f0441b97099e0c36",
      "actual_calldata_bytes": 0,
      "actual_sstore_count": 0,
      "actual_call_count": 0,
      "opcode_steps": 13
    },
    "disable_level0": {
      "tx_hash": "0xabb32e58081cc7cd9ff46959d6165d7b4b0bc4574a4c5a13bbf9bff5034e026f",
      "actual_calldata_bytes": 36,
      "actual_sstore_count": 1,
      "actual_call_count": 0,
      "opcode_steps": 300
    },
    "disable_level1": {
      "tx_hash": "0x5753dfaf69e9b625656358507274df94b5bfcf38d747a4d9ba547d9f0b2633b7",
      "actual_calldata_bytes": 36,
      "actual_sstore_count": 1,
      "actual_call_count": 0,
      "opcode_steps": 300
    },
    "claim_level2": {
      "tx_hash": "0x0b49403774ef1f155cd28ccc012a428b20058480c5050836e89f1c9d21445589",
      "actual_calldata_bytes": 708,
      "actual_sstore_count": 1,
      "actual_call_count": 1,
      "opcode_steps": 2665
    }
  }
}


STDERR:

