COMMAND: python3 experiments/scale_trace/scripts/trace_result_json.py /home/aothuatgiadp/blockchain/project/CTLC-Implementation/experiments/scale_trace/runs/random_v1_225/F-_G_evm_fund_fg_CTLCOnly_worst_claim/result.json /home/aothuatgiadp/blockchain/project/CTLC-Implementation/experiments/scale_trace/runs/random_v1_225/F-_G_evm_fund_fg_CTLCOnly_worst_claim/trace.json
STATUS: 0

STDOUT:
{
  "graph_id": "",
  "pair": "F->G|evm|fund:fg",
  "contract": "CTLCOnly",
  "scenario": "worst_claim",
  "contractAddress": "0xC449208B2bA8004F1448da82BF1493852e87fBF2",
  "traces": {
    "deploy": {
      "tx_hash": "0x5695991add9196854c4aa5d7e098774f0ceef2d2f7804c26eba948dc7e8681af",
      "actual_calldata_bytes": 7123,
      "actual_sstore_count": 9,
      "actual_call_count": 0,
      "opcode_steps": 1374
    },
    "fund": {
      "tx_hash": "0xa33fed770b08fd0c2860857c3bb29b7bd1b5c8750d0f3756f8c34a7b12c719ed",
      "actual_calldata_bytes": 0,
      "actual_sstore_count": 0,
      "actual_call_count": 0,
      "opcode_steps": 13
    },
    "claim_level0": {
      "tx_hash": "0xaa27973af84ae2a9bcbcd3cc8ff4c38690bceeeb2315aab4d036b424a6dd9cf4",
      "actual_calldata_bytes": 292,
      "actual_sstore_count": 1,
      "actual_call_count": 1,
      "opcode_steps": 1134
    }
  }
}


STDERR:

