COMMAND: python3 experiments/scale_trace/scripts/trace_result_json.py /home/aothuatgiadp/blockchain/project/CTLC-Implementation/experiments/scale_trace/runs/random_v1_219/C-_D_evm_fund_cd_CTLCMultipleEdges_refund/result.json /home/aothuatgiadp/blockchain/project/CTLC-Implementation/experiments/scale_trace/runs/random_v1_219/C-_D_evm_fund_cd_CTLCMultipleEdges_refund/trace.json
STATUS: 0

STDOUT:
{
  "graph_id": "",
  "pair": "C->D|evm|fund:cd",
  "contract": "CTLCMultipleEdges",
  "scenario": "refund",
  "contractAddress": "0x489a627cB7254BB6f6f98023dF21D009803e41D5",
  "traces": {
    "deploy": {
      "tx_hash": "0x1577a395632138960dc034e2cb9e74934eaa51092ea28379b4a1dfbd682fc992",
      "actual_calldata_bytes": 8361,
      "actual_sstore_count": 27,
      "actual_call_count": 0,
      "opcode_steps": 4188
    },
    "fund": {
      "tx_hash": "0x1ee3246eee99e1935a05d174a50646ecc9a1e7c409738ae3a17d7c71f34b9076",
      "actual_calldata_bytes": 0,
      "actual_sstore_count": 0,
      "actual_call_count": 0,
      "opcode_steps": 13
    },
    "disable_level0": {
      "tx_hash": "0x157ecbd70c42304dc79afed9257965acc5d7888eaaa74e1910beb93f870bde8f",
      "actual_calldata_bytes": 36,
      "actual_sstore_count": 1,
      "actual_call_count": 0,
      "opcode_steps": 300
    },
    "refund_level1": {
      "tx_hash": "0xf83b60f136c7a9d14bad01c24b2e2fbbf9678704dd0dbb11a0c1b51a201ea23a",
      "actual_calldata_bytes": 4,
      "actual_sstore_count": 1,
      "actual_call_count": 1,
      "opcode_steps": 224
    }
  }
}


STDERR:

