COMMAND: python3 experiments/scale_trace/scripts/trace_result_json.py /home/aothuatgiadp/blockchain/project/CTLC-Implementation/experiments/scale_trace/runs/random_v1_104/D-_A_evm_fund_da_CTLCOnly_worst_claim/result.json /home/aothuatgiadp/blockchain/project/CTLC-Implementation/experiments/scale_trace/runs/random_v1_104/D-_A_evm_fund_da_CTLCOnly_worst_claim/trace.json
STATUS: 0

STDOUT:
{
  "graph_id": "",
  "pair": "D->A|evm|fund:da",
  "contract": "CTLCOnly",
  "scenario": "worst_claim",
  "contractAddress": "0x33d16C7A531A3a41bc0cD85dE896eD1b9f157f3a",
  "traces": {
    "deploy": {
      "tx_hash": "0x78b4e66e8291c7cd5b3e12422fad6cf07c7ad471dea5d1b9ee2a00694741b567",
      "actual_calldata_bytes": 7091,
      "actual_sstore_count": 8,
      "actual_call_count": 0,
      "opcode_steps": 1286
    },
    "fund": {
      "tx_hash": "0xbe056e3b0f5e3624a8589b20f29581eaca233eed2eebd8c12fae55fd975a4931",
      "actual_calldata_bytes": 0,
      "actual_sstore_count": 0,
      "actual_call_count": 0,
      "opcode_steps": 13
    },
    "claim_level0": {
      "tx_hash": "0x3d11833650240704a9a0875a69fd99a3eacb46eb676141ee86124b3871876583",
      "actual_calldata_bytes": 196,
      "actual_sstore_count": 1,
      "actual_call_count": 1,
      "opcode_steps": 793
    }
  }
}


STDERR:

