COMMAND: python3 experiments/scale_trace/scripts/trace_result_json.py /home/aothuatgiadp/blockchain/project/CTLC-Implementation/experiments/scale_trace/runs/random_v1_279/G-_A_evm_fund_ga_CTLCOnly_refund/result.json /home/aothuatgiadp/blockchain/project/CTLC-Implementation/experiments/scale_trace/runs/random_v1_279/G-_A_evm_fund_ga_CTLCOnly_refund/trace.json
STATUS: 0

STDOUT:
{
  "graph_id": "",
  "pair": "G->A|evm|fund:ga",
  "contract": "CTLCOnly",
  "scenario": "refund",
  "contractAddress": "0xb8538D6463DE4E896f08faf11ae97e04343BF615",
  "traces": {
    "deploy": {
      "tx_hash": "0xd6969d52a23e8908047a03642721cfd14ee373e05f161dd87c87f9148e72b5ee",
      "actual_calldata_bytes": 7091,
      "actual_sstore_count": 8,
      "actual_call_count": 0,
      "opcode_steps": 1286
    },
    "fund": {
      "tx_hash": "0x0d38320a05d870bf4cd07236b74b1231faed68d9f8e1f46537219f6a3926cb47",
      "actual_calldata_bytes": 0,
      "actual_sstore_count": 0,
      "actual_call_count": 0,
      "opcode_steps": 13
    },
    "refund_level0": {
      "tx_hash": "0x4c37568d94baca60cbc348500a63840dbd58be1b44030e290689f034e0b9fc78",
      "actual_calldata_bytes": 4,
      "actual_sstore_count": 1,
      "actual_call_count": 1,
      "opcode_steps": 229
    }
  }
}


STDERR:

