ganache v7.9.2 (@ganache/cli: 0.10.2, @ganache/core: 0.10.2)
Starting RPC server

Available Accounts
==================
(0) 0x5e672aEB0c9593D868bA3dd9e113D42243250355 (1000 ETH)
(1) 0x4A4442fc7362943C296cF71feFf4d6A1351cd0Ca (1000 ETH)
(2) 0x5282E59AdD0e5994f2F626F69CcbF04854bfb251 (1000 ETH)
(3) 0xBBAB675e345B19C99A1e37B609936f9A1E1e3889 (1000 ETH)
(4) 0x9BeF30921CC7337459362F8A5c8832868A66A145 (1000 ETH)
(5) 0x71B2388A04d438007bA23a24614E912Fa6854f12 (1000 ETH)
(6) 0xC9066B75b30da4493d46d4310C7143FB05966Abd (1000 ETH)
(7) 0xBc8321B967ba5B9F860E5Ef93e48020c2132BFa0 (1000 ETH)
(8) 0xD416FCbAa803DEb4e29645aCc02ffAF460fABF0D (1000 ETH)
(9) 0x06651214e9A54D80dBF7F87D7A2069c55567923a (1000 ETH)

Private Keys
==================
(0) 0xe935e46c6d925766a51d5785d787488f063af1de1bb227297d36ee9a2a4ce2ab
(1) 0xa35dbdf460ae2d25cde867d0aa35c6b366c82e6f7c942972891f0f06ab024a8f
(2) 0xabe13fcb177c69bf90e19a497a7a216c5b280388fd491515a0e7958582c51778
(3) 0xa4f149aa4f7bdc3649c4d87b98e3f7054828b1c493586e855a32f500a51d2963
(4) 0xa3c3d7074fff738e936c18f4f36e6092185347f234385ecabd28e6a69e6698d7
(5) 0xead5e97b256b1d758a74ac1d9383dd4856347019f0dd39c41fb2c6fc5dab8f56
(6) 0xab91307c27f3ee1d5880cdfd5f540fb7600dca0c7deb31b24102a6724ec16504
(7) 0x24dbd8555954db4b98ffcb9c7594f059a9a3bc452feb8df9e651c991966cbe7e
(8) 0x9146f21758b8c7ab4394c200cf17009f634df68a864656af4a211111b6258875
(9) 0x9a77f93683ed005e25c0f910c66db785fcc0f2bb5297e654f043dce5395356c0

HD Wallet
==================
Mnemonic:      diesel undo loop sorry palace protect machine figure lounge cushion sweet horse
Base HD Path:  m/44'/60'/0'/0/{account_index}

Default Gas Price
==================
2000000000

BlockGas Limit
==================
30000000

Call Gas Limit
==================
50000000

Chain
==================
Hardfork: shanghai
Id:       1337

RPC Listening on 127.0.0.1:8545
web3_clientVersion
eth_blockNumber
net_version
eth_accounts
eth_accounts
eth_blockNumber
net_version
eth_getBlockByNumber
eth_estimateGas
eth_getBlockByNumber
eth_gasPrice
eth_sendTransaction

  Transaction: 0x8fb3a6f7c75ed3ab0d5dc4c8ea24a467635471165d5144cd311edad07439a40a
  Contract created: 0x2ef81d3d1fbbf765a4f047878fbe6fb3288a3b17
  Gas usage: 1100987
  Block number: 1
  Block time: Fri May 08 2026 00:18:11 GMT+0700 (Indochina Time)

eth_getTransactionReceipt
eth_getCode
eth_getTransactionReceipt
eth_getBlockByNumber
eth_gasPrice
eth_sendTransaction

  Transaction: 0xe20e649b3e45272cc7b9238574aa563272912d9069f8a637d0b54673c3f69b9e
  Gas usage: 21055
  Block number: 2
  Block time: Fri May 08 2026 00:18:11 GMT+0700 (Indochina Time)

eth_getTransactionReceipt
eth_blockNumber
evm_mine
eth_blockNumber
evm_mine
eth_blockNumber
evm_mine
eth_blockNumber
evm_mine
eth_blockNumber
net_version
eth_getBlockByNumber
eth_estimateGas
eth_getBlockByNumber
eth_gasPrice
eth_sendTransaction

  Transaction: 0x0994c3ede3382e8988a68a6164983f46b41d757b222292ead54712697e008d6a
  Gas usage: 59561
  Block number: 7
  Block time: Fri May 08 2026 00:18:11 GMT+0700 (Indochina Time)

eth_getTransactionReceipt
eth_blockNumber
eth_getBalance
eth_getTransactionByHash
debug_traceTransaction
eth_getTransactionByHash
debug_traceTransaction
eth_getTransactionByHash
debug_traceTransaction

Received shutdown signal: SIGTERM
Shutting down…
Server has been shut down
