COMMAND: python3 experiments/scale_trace/scripts/trace_result_json.py /home/aothuatgiadp/blockchain/project/CTLC-Implementation/experiments/scale_trace/runs/random_v1_34/G-_A_evm_fund_ga_CTLCOnly_worst_claim/result.json /home/aothuatgiadp/blockchain/project/CTLC-Implementation/experiments/scale_trace/runs/random_v1_34/G-_A_evm_fund_ga_CTLCOnly_worst_claim/trace.json
STATUS: 0

STDOUT:
{
  "graph_id": "",
  "pair": "G->A|evm|fund:ga",
  "contract": "CTLCOnly",
  "scenario": "worst_claim",
  "contractAddress": "0xD6fffb8DB1266D1e93746BA73d914d3D9E6148e7",
  "traces": {
    "deploy": {
      "tx_hash": "0x5032a85ebf0afb476264afb473e8775f70fb2e7c501686ead9ea8305e5c31f05",
      "actual_calldata_bytes": 7091,
      "actual_sstore_count": 8,
      "actual_call_count": 0,
      "opcode_steps": 1286
    },
    "fund": {
      "tx_hash": "0x7645b74a39660d28e61cedaf6e86ddd71044c8121707fd9f81854c2fd5070b03",
      "actual_calldata_bytes": 0,
      "actual_sstore_count": 0,
      "actual_call_count": 0,
      "opcode_steps": 13
    },
    "claim_level0": {
      "tx_hash": "0x4ec03f2aa542a64b3c441f2a576d83f6d0ad3903a224fb46dc49400664bf256b",
      "actual_calldata_bytes": 196,
      "actual_sstore_count": 1,
      "actual_call_count": 1,
      "opcode_steps": 793
    }
  }
}


STDERR:

