ganache v7.9.2 (@ganache/cli: 0.10.2, @ganache/core: 0.10.2)
Starting RPC server
web3_clientVersion

Available Accounts
==================
(0) 0xd66E49554bbD66FC595c1A2f2310Bf9896218Bba (1000 ETH)
(1) 0x0fa89b119A76721BC00e4398b0686740aa541f75 (1000 ETH)
(2) 0x2C5CB4c909CdB1371407093B00A027E856005277 (1000 ETH)
(3) 0x39ee7355C2319F8Ec2467AfF30937B54308E6D13 (1000 ETH)
(4) 0xa73239A08a8aC57bba8BAF3e3dAf6040A6d44D86 (1000 ETH)
(5) 0xdD5119b7804EC62fDeE920415575d85607DCc0ae (1000 ETH)
(6) 0x6B4Da3ef42caB97EDf0c9Ee423664e2931879d2C (1000 ETH)
(7) 0xfBDb33768718F60fA463e91F4758Fa006e8db5A8 (1000 ETH)
(8) 0xD3e42D037E0FAaAF2ABCC0811C9731Ca1d5ca7ed (1000 ETH)
(9) 0xd7c883F9e855b86Be7A8D37DC730eFdF38B2b435 (1000 ETH)

Private Keys
==================
(0) 0xdaebff96a8737985bc55ed1a10f5ecc560f5bdfcecf7232ad800fa6fc980692d
(1) 0x18976fd804a68866d86a94fe35ea5ef8a5119f07633387b7dfb587e238612c14
(2) 0xb3ff7ba458889e34303968ae49f32555122bd10418156b3b480b77ebcf61fdbd
(3) 0x3bb4afa1662802f4982eca18ffe88cdcdd0bd2b35b757b4d4522cc1e88e897a4
(4) 0x06bd919d6bda708a0b717f1fc6c0e74fc51e1689d666f0d52527b5a4c99c4179
(5) 0xcd9c32fa9d38b424bddbeb2402eb8559b54e79b8e9c9ec24441b6e58d0502526
(6) 0x32d08d63667dadf9ea0ecaa328dae2c64e3273407656336b7f73951958861a58
(7) 0xbc61e5d0bec47100ca49638e7c0f06d937eafcbf8324142404084b24339e3e1c
(8) 0x367b950c30e7e62fe3c5348310a06e716907fb79e132d9c3ccfc81b5bf3071e6
(9) 0xb789e5f650bc85c9cd85fdccbe1088156f9faad48bbda657d7e77bc03b60b450

HD Wallet
==================
Mnemonic:      special charge pottery cage abuse shed melt staff remember agree always grit
Base HD Path:  m/44'/60'/0'/0/{account_index}

Default Gas Price
==================
2000000000

BlockGas Limit
==================
30000000

Call Gas Limit
==================
50000000

Chain
==================
Hardfork: shanghai
Id:       1337

RPC Listening on 127.0.0.1:8545
eth_blockNumber
net_version
eth_accounts
eth_accounts
eth_blockNumber
net_version
eth_getBlockByNumber
eth_estimateGas
eth_getBlockByNumber
eth_gasPrice
eth_sendTransaction

  Transaction: 0xaac93f32ae19b966dcfea45e174f65473897e8db6ba3013ed40c12ca08b5f113
  Contract created: 0xb90841d1182ff2ee77557de58ccfd546fb6794be
  Gas usage: 1239450
  Block number: 1
  Block time: Fri May 08 2026 01:16:39 GMT+0700 (Indochina Time)

eth_getTransactionReceipt
eth_getCode
eth_getTransactionReceipt
eth_getBlockByNumber
eth_gasPrice
eth_sendTransaction

  Transaction: 0x14009d79fadbcee102947a256069f51d72887f6cac899317867bd822ddb63871
  Gas usage: 21055
  Block number: 2
  Block time: Fri May 08 2026 01:16:39 GMT+0700 (Indochina Time)

eth_getTransactionReceipt
net_version
eth_getBlockByNumber
eth_estimateGas
eth_getBlockByNumber
eth_gasPrice
eth_sendTransaction

  Transaction: 0xf797c723327088469c588e9d7ac9b625c311e4870f0d1354b47482e77f95c467
  Gas usage: 71629
  Block number: 3
  Block time: Fri May 08 2026 01:16:39 GMT+0700 (Indochina Time)

eth_getTransactionReceipt
eth_blockNumber
eth_getBalance
eth_getTransactionByHash
debug_traceTransaction
eth_getTransactionByHash
debug_traceTransaction
eth_getTransactionByHash
debug_traceTransaction

Received shutdown signal: SIGTERM
Shutting down…
Server has been shut down
