ganache v7.9.2 (@ganache/cli: 0.10.2, @ganache/core: 0.10.2)
Starting RPC server

Available Accounts
==================
(0) 0x30A1a25B84D02Dda6E607D31E9a84e1E2107c019 (1000 ETH)
(1) 0xacD738DF5E08e9B6A0Db62e5153E74a284CA240a (1000 ETH)
(2) 0xB9103f44be9761fB86a70D8fcD48E18C75FB5f16 (1000 ETH)
(3) 0x1910d7AA0beA6833a8cE5692f86Bc4c125c41fb0 (1000 ETH)
(4) 0x281137B11eA093f78c6b29Cd8f21576A0759D28A (1000 ETH)
(5) 0x30087f62D8B275D55DE46675dF213d9210D39A0f (1000 ETH)
(6) 0x02bb3c3BAC0A75626D007660e25707BBCF8D5065 (1000 ETH)
(7) 0x6863c0c8D9658f070D72e948cFC2e710199C82AE (1000 ETH)
(8) 0x5DBcd55bbeCb2A5708c6C2750a6c1E8bf50030f1 (1000 ETH)
(9) 0x79B387d53478Bd15D0F616D317509e8b29696817 (1000 ETH)

Private Keys
==================
(0) 0xba02499d40603fb3ae5886d9773c53b0f94a82d7849a02d13fd0df1032d02672
(1) 0x72f65460f9d82daee90c939f255c75b8ec3ed4cb814625804ff563f46b161e57
(2) 0x9d5cd385cd734eaea8f3c9646dbd5469fa1473d7c847cea5380b611f539f25fd
(3) 0x5197ddb7fd242ba628a76ac04c1fc82d396f28e625441456a57c882353765c03
(4) 0x537e85103bee7e4bcb1590cfa395afcb5b18fa45fd3c8c565499898bb795165e
(5) 0xe8119ffae83fa1b060c6813454aa4c9a9e25ea51885b933e3c3ac4497088f9eb
(6) 0x498f6d9de2bc8d4ae0c2e13b3f319417c3874eb47b94067901cd4232970c7e0e
(7) 0x5471c824fc89284a3d758136c1b493a1b5c3f11b9d48ccc47f6cfab6b1e43b52
(8) 0xc15d5bf7a495ae72e549929974f4e4a25c294fa1136da8acbd7cc5e5891d943b
(9) 0xfe7b4cabafebf6bc282fe61754d848447555263756c2d257f994f58f2063bc14

HD Wallet
==================
Mnemonic:      arrive flight shaft index stairs debate remember solid ginger hero bag gravity
Base HD Path:  m/44'/60'/0'/0/{account_index}

Default Gas Price
==================
2000000000

BlockGas Limit
==================
30000000

Call Gas Limit
==================
50000000

Chain
==================
Hardfork: shanghai
Id:       1337

RPC Listening on 127.0.0.1:8545
web3_clientVersion
eth_blockNumber
net_version
eth_accounts
eth_accounts
eth_blockNumber
net_version
eth_getBlockByNumber
eth_estimateGas
eth_getBlockByNumber
eth_gasPrice
eth_sendTransaction

  Transaction: 0xc701380425c132658dfb06133c0222f6e293314563e979d03d178b06e4277a82
  Contract created: 0x1ca5c1d23bcff5173e28720c09ea117e7bfdab58
  Gas usage: 1193638
  Block number: 1
  Block time: Thu May 07 2026 21:00:03 GMT+0700 (Indochina Time)

eth_getTransactionReceipt
eth_getCode
eth_getTransactionReceipt
eth_getBlockByNumber
eth_gasPrice
eth_sendTransaction

  Transaction: 0xf9dcda1ab8a223564fa9778b47daedaaffdf4d1637223709b24469933e885190
  Gas usage: 21055
  Block number: 2
  Block time: Thu May 07 2026 21:00:03 GMT+0700 (Indochina Time)

eth_getTransactionReceipt
net_version
eth_getBlockByNumber
eth_estimateGas
eth_getBlockByNumber
eth_gasPrice
eth_sendTransaction

  Transaction: 0xfe755b44feeecd9fb47208757b1d159b65e562b385fc7f37a2bef96f424410eb
  Gas usage: 67334
  Block number: 3
  Block time: Thu May 07 2026 21:00:03 GMT+0700 (Indochina Time)

eth_getTransactionReceipt
eth_blockNumber
eth_getBalance
eth_getTransactionByHash
debug_traceTransaction
eth_getTransactionByHash
debug_traceTransaction
eth_getTransactionByHash
debug_traceTransaction

Received shutdown signal: SIGTERM
Shutting down…
Server has been shut down
