ganache v7.9.2 (@ganache/cli: 0.10.2, @ganache/core: 0.10.2)
Starting RPC server

Available Accounts
==================
(0) 0xB4c2F9cc20c7C98F83Df01d965c0522E63221584 (1000 ETH)
(1) 0xB299e9FA13fE84b51Bb38d79471a2545D5d9b3Ca (1000 ETH)
(2) 0x975d270f12A1F2471BE3BF272eEe61d30C5ACd5d (1000 ETH)
(3) 0xe32Bc076bf80877a51B1B38b973A3bDAFE083a82 (1000 ETH)
(4) 0xEF0B396A2dF9526c262b44238C71C267de708E27 (1000 ETH)
(5) 0xD6F87CB16F07DE8dD978592E06123e671b676FD7 (1000 ETH)
(6) 0xC0d81fBfB2b1500c133152433bc80764Cc063033 (1000 ETH)
(7) 0x38A870Aa7EFDa91C1E3BcD5bd719F9A1cddfc1ab (1000 ETH)
(8) 0xcD1C2C0aaa84Fc926915C337E2c8fE5a79CFF6eD (1000 ETH)
(9) 0xEDD743054A260565E53198C54d9b7506b23BfeEF (1000 ETH)

Private Keys
==================
(0) 0xca872015be4ec07c94b043f152743d7fee4289ff55dae308da5a01103f5b2519
(1) 0x8e61ad7185a3b77994a3543aab178431d67709c2b1ea8fa5ba3a4c7dfae3e753
(2) 0x328febfc3fab5a9133779d3de68ea1633a556f4a90897990a1489379569c7fc3
(3) 0x5b829022f7a1b5b26279ca9e11b0889801dbf73e6930f474232afbfcf791dc66
(4) 0x03c7a9620988b0ad2ac9d3fce3f4ed65f67e539063895116d0366935f353c26e
(5) 0xb915ad1dde95585f6c80fd63ed41131cf22451223d686609165c78dc33aa59e9
(6) 0x22fc272082074d5a9056fcbc38c4d8d4a6882639e0a1113543eb9317bd0e3fa5
(7) 0x7b7d64036d84303f784343d45c811472e58972ab4bd38eb4906fe0fcf126359d
(8) 0xbc55b307e6050ece3f14b356ae4d5d00ce423ad1706d4fb13c36523d2fdedbc8
(9) 0x1abba3fece69ac2630ae6c14dceddf6a928dd9864536f40385620f6ac676bbc7

HD Wallet
==================
Mnemonic:      crazy diary castle smart pumpkin estate survey rib voyage frog scatter number
Base HD Path:  m/44'/60'/0'/0/{account_index}

Default Gas Price
==================
2000000000

BlockGas Limit
==================
30000000

Call Gas Limit
==================
50000000

Chain
==================
Hardfork: shanghai
Id:       1337

RPC Listening on 127.0.0.1:8545
web3_clientVersion
eth_blockNumber
net_version
eth_accounts
eth_accounts
eth_blockNumber
net_version
eth_getBlockByNumber
eth_estimateGas
eth_getBlockByNumber
eth_gasPrice
eth_sendTransaction

  Transaction: 0x19fe01260835bcc5c751c9656986f335ea5c7b72170aa7e0a9bc4ec2d04c781f
  Contract created: 0x88bab2288ff59da01fb4c723f1e2bdf3a8523cfb
  Gas usage: 1100975
  Block number: 1
  Block time: Fri May 08 2026 01:05:54 GMT+0700 (Indochina Time)

eth_getTransactionReceipt
eth_getCode
eth_getTransactionReceipt
eth_getBlockByNumber
eth_gasPrice
eth_sendTransaction

  Transaction: 0x90873d36f7eee8021a0e593853019af622deceeecee1f252588ea0a55b0b883c
  Gas usage: 21055
  Block number: 2
  Block time: Fri May 08 2026 01:05:54 GMT+0700 (Indochina Time)

eth_getTransactionReceipt
net_version
eth_getBlockByNumber
eth_estimateGas
eth_getBlockByNumber
eth_gasPrice
eth_sendTransaction

  Transaction: 0xb4349cd600b499da10b953b2e8e881ca64731e4aa6b7c18406c44211f94c4435
  Gas usage: 64620
  Block number: 3
  Block time: Fri May 08 2026 01:05:54 GMT+0700 (Indochina Time)

eth_getTransactionReceipt
eth_blockNumber
eth_getBalance
eth_getTransactionByHash
debug_traceTransaction
eth_getTransactionByHash
debug_traceTransaction
eth_getTransactionByHash
debug_traceTransaction

Received shutdown signal: SIGTERM
Shutting down…
Server has been shut down
