Using network 'development'.

{
  "ok": true,
  "graph_id": "",
  "pair": "C->D|evm|fund:cd",
  "pairKey": "C->D|evm|fund:cd",
  "contract": "CTLCOnly",
  "scenario": "refund",
  "deployGas": "0x139b2a",
  "gasUsed": "112508",
  "disableGasUsed": "52947",
  "claimGasUsed": "",
  "refundGasUsed": "59561",
  "contractAddress": "0xCace312D8645f73d07a8b77b90896F8c8E1E5862",
  "startBlock": "0",
  "endBlock": "10",
  "finalContractBalanceWei": "0",
  "deployer": "0x0C3394251EDB64A0d1a665cd5512487b90C13882",
  "party": "0xE2e724E63dfd5580F25acFb736d0F4f8090e7897",
  "counterparty": "0xa46CE30dd4c440b19123eC296bd5f2e127C766dc",
  "fundingWei": "1000000000000000000",
  "timelocks": [
    8,
    9
  ],
  "transactions": [
    {
      "role": "deploy",
      "txHash": "0x588c3e8e0d32b11b426a5f04021ca830e5440d9ead92f22fbe465e3f761e3396"
    },
    {
      "role": "fund",
      "txHash": "0x3e50b784e164513b9c6d680bec974d68383f7fcdc7ada4e1b3db706fa810df54"
    },
    {
      "role": "disable",
      "txHash": "0x13123e7cb9b7613714b20017a6395ed8380dbbf2ef323e3b1b55bd8cc22ade68",
      "level": 0
    },
    {
      "role": "refund",
      "txHash": "0xcb53d904c63fc41a4b2324775ef3b0a7cc3f7335099a5d2631f3af53768f0b8c",
      "level": 1
    }
  ],
  "txRoles": [
    {
      "role": "deploy",
      "txHash": "0x588c3e8e0d32b11b426a5f04021ca830e5440d9ead92f22fbe465e3f761e3396"
    },
    {
      "role": "fund",
      "txHash": "0x3e50b784e164513b9c6d680bec974d68383f7fcdc7ada4e1b3db706fa810df54"
    },
    {
      "role": "disable",
      "txHash": "0x13123e7cb9b7613714b20017a6395ed8380dbbf2ef323e3b1b55bd8cc22ade68",
      "level": 0
    },
    {
      "role": "refund",
      "txHash": "0xcb53d904c63fc41a4b2324775ef3b0a7cc3f7335099a5d2631f3af53768f0b8c",
      "level": 1
    }
  ],
  "deployTxHash": "0x588c3e8e0d32b11b426a5f04021ca830e5440d9ead92f22fbe465e3f761e3396",
  "fundTxHash": "0x3e50b784e164513b9c6d680bec974d68383f7fcdc7ada4e1b3db706fa810df54",
  "disableTxHashes": [
    "0x13123e7cb9b7613714b20017a6395ed8380dbbf2ef323e3b1b55bd8cc22ade68"
  ],
  "disableTxHash": "0x13123e7cb9b7613714b20017a6395ed8380dbbf2ef323e3b1b55bd8cc22ade68",
  "disableTx": "0x13123e7cb9b7613714b20017a6395ed8380dbbf2ef323e3b1b55bd8cc22ade68",
  "refundTxHash": "0xcb53d904c63fc41a4b2324775ef3b0a7cc3f7335099a5d2631f3af53768f0b8c",
  "refundTx": "0xcb53d904c63fc41a4b2324775ef3b0a7cc3f7335099a5d2631f3af53768f0b8c"
}
