ganache v7.9.2 (@ganache/cli: 0.10.2, @ganache/core: 0.10.2)
Starting RPC server

Available Accounts
==================
(0) 0xDAa99E7916EAd21963Cc8Bb6957Dadf6c22CA8b3 (1000 ETH)
(1) 0xc7D9F5e3036D74ad200cCab98Ce3a2B55678fe8B (1000 ETH)
(2) 0xD3DB4C3Df72a11E104ea0a208a318C324B4a9451 (1000 ETH)
(3) 0xD76Db182bfD4421F36684E8762b9a46c8e3A3362 (1000 ETH)
(4) 0x031900848A7064357049a245a3239B41f7168c39 (1000 ETH)
(5) 0x087E7736Ca0eDE8fb25F8aE13619De50c39ceC44 (1000 ETH)
(6) 0xEcf2F120955b17C4B8Ced60c5377AD123bd78d74 (1000 ETH)
(7) 0xAFa616b333bbA28BD4F8B3A7f3b3D0e021398B91 (1000 ETH)
(8) 0x836d075427E58dbB8e85e13F8D2e9faa0f1F4650 (1000 ETH)
(9) 0x31Bb1458f765EC5478160353a6d03f51c4082Ceb (1000 ETH)

Private Keys
==================
(0) 0xd9cbedbc40c9aa90f4139994433c4310a0f45ed0dfc56536ee00a1646a71be2d
(1) 0x0e6ff0a1056efb117c8825627693bed7f15c09a85cf9575e5592ea3885a6cfa4
(2) 0x4f7d512c4bb8ae50869e55c3fa09dc6a33abde219847fe3f362eb39594b8614d
(3) 0x3aeafb2d1b90d7e8655111655d0e1f7386b4505380dd0c5e5943dabbc60a1d59
(4) 0xbac4f68ba1fd47bd44c8cf4fb5e6124f05f0210f851073b80a3055b195490207
(5) 0xa3d1e6c7f5be5d5782512e72de916dabcd57ea6fc387dc411bfe35539bceb12b
(6) 0x7c349ce0bc695f5c9f97316a5ac23fb1c28a4ee25d54e394d79ec3f155a89793
(7) 0x4d8009c0728a6c7f9598dd62c19b0862bd87a52a94d285e9da58597578f788db
(8) 0x492c66453826bd6e2e0c47393e5afccb0e41842d6f821ecbed87f2a51b7753f6
(9) 0x7cafeed23ac1e4b9fee4158e3834b9678a8430fe0ad2657e1dff067da3df1930

HD Wallet
==================
Mnemonic:      kite second leaf mind develop square nephew stove fame note shallow zero
Base HD Path:  m/44'/60'/0'/0/{account_index}

Default Gas Price
==================
2000000000

BlockGas Limit
==================
30000000

Call Gas Limit
==================
50000000

Chain
==================
Hardfork: shanghai
Id:       1337

RPC Listening on 127.0.0.1:8545
web3_clientVersion
eth_blockNumber
net_version
eth_accounts
eth_accounts
eth_blockNumber
net_version
eth_getBlockByNumber
eth_estimateGas
eth_getBlockByNumber
eth_gasPrice
eth_sendTransaction

  Transaction: 0x894104c94055d66cf16145398b13c337e4ab518be4d3713228852b27ce5ac510
  Contract created: 0x0acc994f1d77c110731d69e98e620de0e035a90e
  Gas usage: 1906573
  Block number: 1
  Block time: Thu May 07 2026 22:30:54 GMT+0700 (Indochina Time)

eth_getTransactionReceipt
eth_getCode
eth_getTransactionReceipt
eth_getBlockByNumber
eth_gasPrice
eth_sendTransaction

  Transaction: 0xe2b8cf2da18993813df846561ef994aed5f2523a0aa2ff1a3bf7cf1500f1868b
  Gas usage: 21055
  Block number: 2
  Block time: Thu May 07 2026 22:30:54 GMT+0700 (Indochina Time)

eth_getTransactionReceipt
net_version
eth_getBlockByNumber
eth_estimateGas
eth_getBlockByNumber
eth_gasPrice
eth_sendTransaction

  Transaction: 0xed0b13c73cbfe30831c7dd348020be0a84597e621e15c3efd6156d4ff811732c
  Gas usage: 80267
  Block number: 3
  Block time: Thu May 07 2026 22:30:54 GMT+0700 (Indochina Time)

eth_getTransactionReceipt
eth_blockNumber
eth_getBalance
eth_getTransactionByHash
debug_traceTransaction
eth_getTransactionByHash
debug_traceTransaction
eth_getTransactionByHash
debug_traceTransaction

Received shutdown signal: SIGTERM
Shutting down…
Server has been shut down
