COMMAND: python3 experiments/scale_trace/scripts/trace_result_json.py /home/aothuatgiadp/blockchain/project/CTLC-Implementation/experiments/scale_trace/runs/random_v1_294/D-_E_evm_fund_de_CTLCMultipleEdges_refund/result.json /home/aothuatgiadp/blockchain/project/CTLC-Implementation/experiments/scale_trace/runs/random_v1_294/D-_E_evm_fund_de_CTLCMultipleEdges_refund/trace.json
STATUS: 0

STDOUT:
{
  "graph_id": "",
  "pair": "D->E|evm|fund:de",
  "contract": "CTLCMultipleEdges",
  "scenario": "refund",
  "contractAddress": "0x261322cbf4cEDb322F19c836056964a43747A0c3",
  "traces": {
    "deploy": {
      "tx_hash": "0xe66220d1fa8c930999fda2f0a35a0ef4b6d540d1905226f2172f93f58c44eb81",
      "actual_calldata_bytes": 8297,
      "actual_sstore_count": 25,
      "actual_call_count": 0,
      "opcode_steps": 4012
    },
    "fund": {
      "tx_hash": "0xc66c7a2d89de8d67b050852e69e1b1a0ab5bddaa42766ec5ac83fa666286cd96",
      "actual_calldata_bytes": 0,
      "actual_sstore_count": 0,
      "actual_call_count": 0,
      "opcode_steps": 13
    },
    "disable_level0": {
      "tx_hash": "0x2486d4bbcca610f0123eb36ea0632461d3734c11b621c58c30e314ed9fb7f68d",
      "actual_calldata_bytes": 36,
      "actual_sstore_count": 1,
      "actual_call_count": 0,
      "opcode_steps": 300
    },
    "refund_level1": {
      "tx_hash": "0x89795d207025da292a5c63bbd6e41b805f54a97b6cfd9deb51602bbbc8f65d7f",
      "actual_calldata_bytes": 4,
      "actual_sstore_count": 1,
      "actual_call_count": 1,
      "opcode_steps": 224
    }
  }
}


STDERR:

