Using network 'development'.

{
  "ok": true,
  "graph_id": "",
  "pair": "D->A|evm|fund:da",
  "pairKey": "D->A|evm|fund:da",
  "contract": "CTLCOnly",
  "scenario": "best_claim",
  "deployGas": "0x10ccbb",
  "gasUsed": "64620",
  "disableGasUsed": "",
  "claimGasUsed": "64620",
  "refundGasUsed": "",
  "contractAddress": "0xA5D19b22195e4b9a12Bd20F55A88ef90D6bc7302",
  "startBlock": "0",
  "endBlock": "3",
  "finalContractBalanceWei": "0",
  "deployer": "0xB4F41768785e7D060279Fe5163F379A1D0B0E7dc",
  "party": "0xb2Db4A398C7eE80D11cA1e8b9978C3Abd30dCAcD",
  "counterparty": "0x9b5CE7D180561Ebf1e439d0482Dfb5301b4aC8C2",
  "fundingWei": "1000000000000000000",
  "timelocks": [
    6
  ],
  "transactions": [
    {
      "role": "deploy",
      "txHash": "0x592e19110d51743fa0aa793d1885c18e55581259ed6ffd5e30b6e5de2b9c6068"
    },
    {
      "role": "fund",
      "txHash": "0x7dff99c0c31cdd7e7e18e9288dd77132383ad1c0d138a7de33c40ac18a6ea959"
    },
    {
      "role": "claim",
      "txHash": "0x9fa2e2ca2ae48d80f230c84b000756e33e7985f9d4b6651b22158f4c21f2ecd1",
      "level": 0,
      "option": 0
    }
  ],
  "txRoles": [
    {
      "role": "deploy",
      "txHash": "0x592e19110d51743fa0aa793d1885c18e55581259ed6ffd5e30b6e5de2b9c6068"
    },
    {
      "role": "fund",
      "txHash": "0x7dff99c0c31cdd7e7e18e9288dd77132383ad1c0d138a7de33c40ac18a6ea959"
    },
    {
      "role": "claim",
      "txHash": "0x9fa2e2ca2ae48d80f230c84b000756e33e7985f9d4b6651b22158f4c21f2ecd1",
      "level": 0,
      "option": 0
    }
  ],
  "deployTxHash": "0x592e19110d51743fa0aa793d1885c18e55581259ed6ffd5e30b6e5de2b9c6068",
  "fundTxHash": "0x7dff99c0c31cdd7e7e18e9288dd77132383ad1c0d138a7de33c40ac18a6ea959",
  "claimTxHash": "0x9fa2e2ca2ae48d80f230c84b000756e33e7985f9d4b6651b22158f4c21f2ecd1",
  "txHash": "0x9fa2e2ca2ae48d80f230c84b000756e33e7985f9d4b6651b22158f4c21f2ecd1",
  "tx": "0x9fa2e2ca2ae48d80f230c84b000756e33e7985f9d4b6651b22158f4c21f2ecd1"
}
