ganache v7.9.2 (@ganache/cli: 0.10.2, @ganache/core: 0.10.2)
Starting RPC server

Available Accounts
==================
(0) 0x85AA992c0Cdc953dFE92668158792281E49d88b5 (1000 ETH)
(1) 0x52B7Ad32FdF3e7B46ef09D97c928293E828D13DE (1000 ETH)
(2) 0x9213e0b45940DFeAcDAc0Ce3d6621F2B8E2c12c1 (1000 ETH)
(3) 0x018ad9A5517B5Da20FC4a97A7D3c0e788615C552 (1000 ETH)
(4) 0xD34E3374B21612b545B607fb1Cb312833b7c7576 (1000 ETH)
(5) 0x61fAeD86139547f576E866C09BDDfa6A011a216F (1000 ETH)
(6) 0x11D0E9503eBb1BA2DF8c04c1A24B5B676C85E38F (1000 ETH)
(7) 0x29A93EC90C7C74192706b37732413f6ba852dEca (1000 ETH)
(8) 0xb3945f4FD0a859e85Fe29BEb745547AFC9D0D25F (1000 ETH)
(9) 0x051327bf843c10D98be7024e835C445c31aF74b2 (1000 ETH)

Private Keys
==================
(0) 0xe49ffe2354a3a91a2e3d8301a27ae8be6a19596bfffbcb3ae1566d7009b3eab4
(1) 0x48447c95a40a48b8c84a5b62b1c119fb2a02601314bac8cd09fd8c192c04d40e
(2) 0x1583fff79d286294bf685652d8cc34d19431c68dc86cead8953fe04115eaba8e
(3) 0x4da77edf32dc1878897d7f346b039c64e3df0ebcf215151c888912590491535c
(4) 0x56e04d2bd81fa69408aa8ce1fff543fce5322e7548f7eceacf90af6e98628fba
(5) 0x888e14d74e3ed4de6258a5c9e64e41b7030166ebe52c3a6a2befa3eb97035bb6
(6) 0x3e7a2042268162484a04c7567580b7379ee0ac5ba7ef577c06ee73dcc7bb6093
(7) 0x209bad4c63c3dd1372556fe21bcac8eed682578cf310f3e1cc663e2984bb339f
(8) 0xc62ab504dc6d5b7e6979265745aff7f59588999fbd18d976019aa720042d2d07
(9) 0xa13be376764906da0520ce5b0c7ebf397322dc20498d8c6939781b7e82f90f2c

HD Wallet
==================
Mnemonic:      tuition engine guard subject ivory doctor dwarf zone minimum seek view code
Base HD Path:  m/44'/60'/0'/0/{account_index}

Default Gas Price
==================
2000000000

BlockGas Limit
==================
30000000

Call Gas Limit
==================
50000000

Chain
==================
Hardfork: shanghai
Id:       1337

RPC Listening on 127.0.0.1:8545
web3_clientVersion
eth_blockNumber
net_version
eth_accounts
eth_accounts
eth_blockNumber
net_version
eth_getBlockByNumber
eth_estimateGas
eth_getBlockByNumber
eth_gasPrice
eth_sendTransaction

  Transaction: 0x91b1ca07739207aa0f33b93dc22e98952e6a97db507f3fbf348e6bd027783fa5
  Contract created: 0x286967131ccf186b06e981f0268cbfc5f7731b42
  Gas usage: 1516055
  Block number: 1
  Block time: Fri May 08 2026 03:28:22 GMT+0700 (Indochina Time)

eth_getTransactionReceipt
eth_getCode
eth_getTransactionReceipt
eth_getBlockByNumber
eth_gasPrice
eth_sendTransaction

  Transaction: 0x34d423351c93737fe1de9873b848bbe259528b6be1ebf9e5a888551e09016264
  Gas usage: 21055
  Block number: 2
  Block time: Fri May 08 2026 03:28:22 GMT+0700 (Indochina Time)

eth_getTransactionReceipt
net_version
eth_getBlockByNumber
eth_estimateGas
eth_getBlockByNumber
eth_gasPrice
eth_sendTransaction

  Transaction: 0x26a676e9daaf1e12bb9f988f9a8a91f69a89514f02517ba28ecec080e7552252
  Gas usage: 71641
  Block number: 3
  Block time: Fri May 08 2026 03:28:22 GMT+0700 (Indochina Time)

eth_getTransactionReceipt
eth_blockNumber
eth_getBalance
eth_getTransactionByHash
debug_traceTransaction
eth_getTransactionByHash
debug_traceTransaction
eth_getTransactionByHash
debug_traceTransaction

Received shutdown signal: SIGTERM
Shutting down…
Server has been shut down
