ganache v7.9.2 (@ganache/cli: 0.10.2, @ganache/core: 0.10.2)
Starting RPC server
web3_clientVersion

Available Accounts
==================
(0) 0xA7Ccc96CeAcEa54E6dE49815AfBc5B1D77Dc8Ae1 (1000 ETH)
(1) 0x988B6D1Ee65e925d4Be024d99BdE3c58AC6E6bbD (1000 ETH)
(2) 0xE4650cC987a89C3c7a8c568E674406ACeD7b8F0f (1000 ETH)
(3) 0x431947f919CcE26751f2da30C35C733e684D645a (1000 ETH)
(4) 0x2F3a9d01389c639e49ba17041740bFc7e5B8d364 (1000 ETH)
(5) 0xDC51d5c018d478cc586C86cB8631Cf8d14773625 (1000 ETH)
(6) 0xc03daB871AF3f4cC78A6A3e82528B6FAA272aB5A (1000 ETH)
(7) 0xfF34aD8337a4Ad4fD8c103BcF35814BB3415a32e (1000 ETH)
(8) 0xeD268df8EE5231768b24d41bcBb4bE8D7104d2Ee (1000 ETH)
(9) 0x1726A978a8C657474Dd066974B9be6A59f0581cC (1000 ETH)

Private Keys
==================
(0) 0x3a0796065a8381d645b6ec0f7e4a013de747a43dd162cd31a2587793e1dd322c
(1) 0x07e24e6878f266c04d52692db1778085171e6ff4e5832755605e88bce49cf499
(2) 0xcb05221a088b027f031830aa44ee3b465d95c3f56dc29109d7311792da9b6bb7
(3) 0xcfa7ab0c358ad6923e8451031a7f139e128e9ab5c799644ebadf1431b96bd66d
(4) 0x228d9941714c1fe04e271cc6567e7227a69fcc77d2eff795c39bfae2f6e65556
(5) 0xeb478339efba38fa6928d281fa08773b592b1d7ec563f7c8099e1557a38c43dd
(6) 0x0224e65fae28eecd33744aabca3bc8c2ad4106210b69b30820cf946912149568
(7) 0x151e7f3d4303e4a14704deb1b188b4b36d1530404c0d2a68ea2cffa3761cda10
(8) 0x37aa7d30fcc1e388a0362cc03d66602eabf7ec041a3bfd4a38352748cdc09713
(9) 0xfebcd544289cf90edcd5388375d1edddf80db97dfc70eabfb1da2b7a3615158e

HD Wallet
==================
Mnemonic:      immune leg sail comic shrimp eight joke census faint museum pull smoke
Base HD Path:  m/44'/60'/0'/0/{account_index}

Default Gas Price
==================
2000000000

BlockGas Limit
==================
30000000

Call Gas Limit
==================
50000000

Chain
==================
Hardfork: shanghai
Id:       1337

RPC Listening on 127.0.0.1:8545
eth_blockNumber
net_version
eth_accounts
eth_accounts
eth_blockNumber
net_version
eth_getBlockByNumber
eth_estimateGas
eth_getBlockByNumber
eth_gasPrice
eth_sendTransaction

  Transaction: 0x3359820be482f1e8ba7780fbbc02f2dbc13d1f1f9384b21ed0efa853319077ba
  Contract created: 0x63f48246ebd9f2b771cb95f946400d2ac99e3681
  Gas usage: 1100987
  Block number: 1
  Block time: Thu May 07 2026 22:07:55 GMT+0700 (Indochina Time)

eth_getTransactionReceipt
eth_getCode
eth_getTransactionReceipt
eth_getBlockByNumber
eth_gasPrice
eth_sendTransaction

  Transaction: 0x2ce014fcc39cc20d594f132f06078dd36449bd92b1d8602f366602678d8a2724
  Gas usage: 21055
  Block number: 2
  Block time: Thu May 07 2026 22:07:55 GMT+0700 (Indochina Time)

eth_getTransactionReceipt
net_version
eth_getBlockByNumber
eth_estimateGas
eth_getBlockByNumber
eth_gasPrice
eth_sendTransaction

  Transaction: 0x9e45acee834b5081479e07fcb2a33712cbf5e81b2d6cb3b38a12c731101235c0
  Gas usage: 64620
  Block number: 3
  Block time: Thu May 07 2026 22:07:55 GMT+0700 (Indochina Time)

eth_getTransactionReceipt
eth_blockNumber
eth_getBalance
eth_getTransactionByHash
debug_traceTransaction
eth_getTransactionByHash
debug_traceTransaction
eth_getTransactionByHash
debug_traceTransaction

Received shutdown signal: SIGTERM
Shutting down…
Server has been shut down
