Using network 'development'.

{
  "ok": true,
  "graph_id": "",
  "pair": "D->A|evm|fund:da",
  "pairKey": "D->A|evm|fund:da",
  "contract": "CTLCOnly",
  "scenario": "worst_claim",
  "deployGas": "0x10cca3",
  "gasUsed": "64620",
  "disableGasUsed": "0",
  "claimGasUsed": "64620",
  "refundGasUsed": "",
  "contractAddress": "0x3db61F5a66FeADF26f7Bc93a09c73F3dE25c70E5",
  "startBlock": "0",
  "endBlock": "3",
  "finalContractBalanceWei": "0",
  "deployer": "0x9b16688CEf3B19517d9B92de7b7909740D87c66d",
  "party": "0x25A200B05249364973532a167c68cA6Ac48f0583",
  "counterparty": "0xb8c4169B0f1fb7054A6Bd238FA850C46D20010ed",
  "fundingWei": "1000000000000000000",
  "timelocks": [
    6
  ],
  "transactions": [
    {
      "role": "deploy",
      "txHash": "0x0583490a45f1280ff09383309cc6e7107cdbf17c6255a74d7382b8d4de283f1e"
    },
    {
      "role": "fund",
      "txHash": "0x5f1c16bd5aebd9bdf03a8c0affd63b863ddd6502ba57808ef3f01bf752d93368"
    },
    {
      "role": "claim",
      "txHash": "0x461f4eb3834b88cf9fdd2bbfc99a7fba58b32430016f56a95de9ef84c28e610c",
      "level": 0,
      "option": 0
    }
  ],
  "txRoles": [
    {
      "role": "deploy",
      "txHash": "0x0583490a45f1280ff09383309cc6e7107cdbf17c6255a74d7382b8d4de283f1e"
    },
    {
      "role": "fund",
      "txHash": "0x5f1c16bd5aebd9bdf03a8c0affd63b863ddd6502ba57808ef3f01bf752d93368"
    },
    {
      "role": "claim",
      "txHash": "0x461f4eb3834b88cf9fdd2bbfc99a7fba58b32430016f56a95de9ef84c28e610c",
      "level": 0,
      "option": 0
    }
  ],
  "deployTxHash": "0x0583490a45f1280ff09383309cc6e7107cdbf17c6255a74d7382b8d4de283f1e",
  "fundTxHash": "0x5f1c16bd5aebd9bdf03a8c0affd63b863ddd6502ba57808ef3f01bf752d93368",
  "claimTxHash": "0x461f4eb3834b88cf9fdd2bbfc99a7fba58b32430016f56a95de9ef84c28e610c",
  "txHash": "0x461f4eb3834b88cf9fdd2bbfc99a7fba58b32430016f56a95de9ef84c28e610c",
  "tx": "0x461f4eb3834b88cf9fdd2bbfc99a7fba58b32430016f56a95de9ef84c28e610c"
}
