ganache v7.9.2 (@ganache/cli: 0.10.2, @ganache/core: 0.10.2)
Starting RPC server

Available Accounts
==================
(0) 0x9b16688CEf3B19517d9B92de7b7909740D87c66d (1000 ETH)
(1) 0xb8c4169B0f1fb7054A6Bd238FA850C46D20010ed (1000 ETH)
(2) 0x9B55BC67a401AEB0BA0001e5b9Ecd9FD60F35D07 (1000 ETH)
(3) 0x28727c615Be175dcb92A4EA9ee308C632aDded58 (1000 ETH)
(4) 0x25A200B05249364973532a167c68cA6Ac48f0583 (1000 ETH)
(5) 0xc88497fEC90a30200d57B5709DBE4411a49d2668 (1000 ETH)
(6) 0x255b28b2c15e68Bd348df90d34B0DEA14deA1563 (1000 ETH)
(7) 0x56C15b13398C25CD132C02cf9C8d5eD9D9d020d8 (1000 ETH)
(8) 0x8065a82805716C74f33DF2c7845c7B4b75084Caa (1000 ETH)
(9) 0x1cC7D44C532C1662a58B718C80D080C607fE8b5E (1000 ETH)

Private Keys
==================
(0) 0x96b00fed8234affee05f1a55b6b68c21792bf12323372d524ab9292dd4a2c606
(1) 0xb9a1f11e240b2d5497e762f9ab7d6668965f7587c6b69c4f93c79951573c0355
(2) 0xe9c69dbba069de109221f700166ae37fa15aefeafa828cf5f810460b392195cd
(3) 0x80ec62d51a5f2b507f0389ff4b3bb2ec502cd10d0b8989ddc17ae3fdc28e3b6a
(4) 0xa392ab9053c495fcf18b67d95d79ec71cd5b24c4e5c5e42952d9155eeefea128
(5) 0x05863324dff56c584a4625bbaf202433b857f6d01ef7f41fb24823147c89a483
(6) 0x295e5eb520cace3966cc69e7b77f8389c0153118251c4956f63f576f441cef88
(7) 0xfd5a21f3c39c2fb21cb345925ab0ce7de84843bfcdca8e255a867233ff2ab50b
(8) 0x2556ebf2635b133156aeb46c4f21429fc2c0f07fc9ded2260550893e11e5f03e
(9) 0xe5e2d0c52ba34c2fc85f04d12ab91a39857815532529d00dcb23166c1ea34d27

HD Wallet
==================
Mnemonic:      easy detect unfold cook six deposit reunion aim ripple scene cargo swallow
Base HD Path:  m/44'/60'/0'/0/{account_index}

Default Gas Price
==================
2000000000

BlockGas Limit
==================
30000000

Call Gas Limit
==================
50000000

Chain
==================
Hardfork: shanghai
Id:       1337

RPC Listening on 127.0.0.1:8545
web3_clientVersion
eth_blockNumber
net_version
eth_accounts
eth_accounts
eth_blockNumber
net_version
eth_getBlockByNumber
eth_estimateGas
eth_getBlockByNumber
eth_gasPrice
eth_sendTransaction

  Transaction: 0x0583490a45f1280ff09383309cc6e7107cdbf17c6255a74d7382b8d4de283f1e
  Contract created: 0x3db61f5a66feadf26f7bc93a09c73f3de25c70e5
  Gas usage: 1100963
  Block number: 1
  Block time: Fri May 08 2026 00:37:38 GMT+0700 (Indochina Time)

eth_getTransactionReceipt
eth_getCode
eth_getTransactionReceipt
eth_getBlockByNumber
eth_gasPrice
eth_sendTransaction

  Transaction: 0x5f1c16bd5aebd9bdf03a8c0affd63b863ddd6502ba57808ef3f01bf752d93368
  Gas usage: 21055
  Block number: 2
  Block time: Fri May 08 2026 00:37:38 GMT+0700 (Indochina Time)

eth_getTransactionReceipt
net_version
eth_getBlockByNumber
eth_estimateGas
eth_getBlockByNumber
eth_gasPrice
eth_sendTransaction

  Transaction: 0x461f4eb3834b88cf9fdd2bbfc99a7fba58b32430016f56a95de9ef84c28e610c
  Gas usage: 64620
  Block number: 3
  Block time: Fri May 08 2026 00:37:38 GMT+0700 (Indochina Time)

eth_getTransactionReceipt
eth_blockNumber
eth_getBalance
eth_getTransactionByHash
debug_traceTransaction
eth_getTransactionByHash
debug_traceTransaction
eth_getTransactionByHash
debug_traceTransaction

Received shutdown signal: SIGTERM
Shutting down…
Server has been shut down
