Using network 'development'.

{
  "ok": true,
  "graph_id": "",
  "pair": "E->B|evm|fund:eb",
  "pairKey": "E->B|evm|fund:eb",
  "contract": "CTLCOnly",
  "scenario": "refund",
  "deployGas": "0x1232bb",
  "gasUsed": "59561",
  "disableGasUsed": "0",
  "claimGasUsed": "",
  "refundGasUsed": "59561",
  "contractAddress": "0xB45b6483d89999D62C3C49975Fa6C78E1F4dcB02",
  "startBlock": "0",
  "endBlock": "11",
  "finalContractBalanceWei": "0",
  "deployer": "0xD854540185841c68585565e857Ad2D4e24d01757",
  "party": "0x02Aebcc928315BE442379fB9514Cc89765844278",
  "counterparty": "0x48B89130715e45C5c4EEB98da73c9e8Dd5E292f6",
  "fundingWei": "1000000000000000000",
  "timelocks": [
    10
  ],
  "transactions": [
    {
      "role": "deploy",
      "txHash": "0xfb6d167fae2d1ed4641bd61b9eb635693fc7082681c6dc2b912d4b8f0004810c"
    },
    {
      "role": "fund",
      "txHash": "0xa7457e89bf5ebaa93992398b793297cfc385831fc56628095cdab1c889bac801"
    },
    {
      "role": "refund",
      "txHash": "0x31c2495e0c1018628a80c8c652efd9b9acbc344a47af3320491d783dc686edf0",
      "level": 0
    }
  ],
  "txRoles": [
    {
      "role": "deploy",
      "txHash": "0xfb6d167fae2d1ed4641bd61b9eb635693fc7082681c6dc2b912d4b8f0004810c"
    },
    {
      "role": "fund",
      "txHash": "0xa7457e89bf5ebaa93992398b793297cfc385831fc56628095cdab1c889bac801"
    },
    {
      "role": "refund",
      "txHash": "0x31c2495e0c1018628a80c8c652efd9b9acbc344a47af3320491d783dc686edf0",
      "level": 0
    }
  ],
  "deployTxHash": "0xfb6d167fae2d1ed4641bd61b9eb635693fc7082681c6dc2b912d4b8f0004810c",
  "fundTxHash": "0xa7457e89bf5ebaa93992398b793297cfc385831fc56628095cdab1c889bac801",
  "refundTxHash": "0x31c2495e0c1018628a80c8c652efd9b9acbc344a47af3320491d783dc686edf0",
  "refundTx": "0x31c2495e0c1018628a80c8c652efd9b9acbc344a47af3320491d783dc686edf0"
}
