Using network 'development'.

{
  "ok": true,
  "graph_id": "",
  "pair": "B->E|evm|fund:be",
  "pairKey": "B->E|evm|fund:be",
  "contract": "CTLCOnly",
  "scenario": "refund",
  "deployGas": "0x13419e",
  "gasUsed": "112508",
  "disableGasUsed": "52947",
  "claimGasUsed": "",
  "refundGasUsed": "59561",
  "contractAddress": "0x7798130a2e432Dfb82ca1CEdC4CF6C8375fe1C2a",
  "startBlock": "0",
  "endBlock": "10",
  "finalContractBalanceWei": "0",
  "deployer": "0x68514d96378577933c418019aABCb34d7f508a6C",
  "party": "0x8Bd33fE89123A639b48f4786837a5D9A0301A1C4",
  "counterparty": "0xf9632Eee4d2D8226aE940f4e4Bc2E397D16fe239",
  "fundingWei": "1000000000000000000",
  "timelocks": [
    7,
    9
  ],
  "transactions": [
    {
      "role": "deploy",
      "txHash": "0x5d3b2c4f41064a054a42c01587ff45fc93658c5b74cfd41546eadcbc58512bfd"
    },
    {
      "role": "fund",
      "txHash": "0xc40e04db1638d844dd690b7d1dd2d4203b3e1acdc4088eb0a90ea86d0851a951"
    },
    {
      "role": "disable",
      "txHash": "0xd539106efcb83f45c6a0754ba201b2ab8daef5d81624df7e015bb71d9cbbbd47",
      "level": 0
    },
    {
      "role": "refund",
      "txHash": "0x983c20bb8958bbaab1a4d7ba75ffe52e544e1afb7b83beead8de3660be560abd",
      "level": 1
    }
  ],
  "txRoles": [
    {
      "role": "deploy",
      "txHash": "0x5d3b2c4f41064a054a42c01587ff45fc93658c5b74cfd41546eadcbc58512bfd"
    },
    {
      "role": "fund",
      "txHash": "0xc40e04db1638d844dd690b7d1dd2d4203b3e1acdc4088eb0a90ea86d0851a951"
    },
    {
      "role": "disable",
      "txHash": "0xd539106efcb83f45c6a0754ba201b2ab8daef5d81624df7e015bb71d9cbbbd47",
      "level": 0
    },
    {
      "role": "refund",
      "txHash": "0x983c20bb8958bbaab1a4d7ba75ffe52e544e1afb7b83beead8de3660be560abd",
      "level": 1
    }
  ],
  "deployTxHash": "0x5d3b2c4f41064a054a42c01587ff45fc93658c5b74cfd41546eadcbc58512bfd",
  "fundTxHash": "0xc40e04db1638d844dd690b7d1dd2d4203b3e1acdc4088eb0a90ea86d0851a951",
  "disableTxHashes": [
    "0xd539106efcb83f45c6a0754ba201b2ab8daef5d81624df7e015bb71d9cbbbd47"
  ],
  "disableTxHash": "0xd539106efcb83f45c6a0754ba201b2ab8daef5d81624df7e015bb71d9cbbbd47",
  "disableTx": "0xd539106efcb83f45c6a0754ba201b2ab8daef5d81624df7e015bb71d9cbbbd47",
  "refundTxHash": "0x983c20bb8958bbaab1a4d7ba75ffe52e544e1afb7b83beead8de3660be560abd",
  "refundTx": "0x983c20bb8958bbaab1a4d7ba75ffe52e544e1afb7b83beead8de3660be560abd"
}
