ganache v7.9.2 (@ganache/cli: 0.10.2, @ganache/core: 0.10.2)
Starting RPC server
web3_clientVersion

Available Accounts
==================
(0) 0x68514d96378577933c418019aABCb34d7f508a6C (1000 ETH)
(1) 0x25f1616D603925a5076cAD7Ad870d0ac7411749f (1000 ETH)
(2) 0x8Bd33fE89123A639b48f4786837a5D9A0301A1C4 (1000 ETH)
(3) 0x4aB133E4FF9e079b689Dc26B692b17646B27dFA9 (1000 ETH)
(4) 0xCC9689A2bCba992E4528BB629DE04A80365bb28F (1000 ETH)
(5) 0xf9632Eee4d2D8226aE940f4e4Bc2E397D16fe239 (1000 ETH)
(6) 0x77Be649C4fB4C5861CAcdbd60e98137837D7697E (1000 ETH)
(7) 0x1E23419b58FAc1c44321c2fc01e764e5FB8a9259 (1000 ETH)
(8) 0x9d301e0Cf43E9B036073799A4682B263fa5b3026 (1000 ETH)
(9) 0x66F4c6bA00AC5Cf9Fbe4AE2d82672B208993D11C (1000 ETH)

Private Keys
==================
(0) 0x3de4dbb2e0089a0aad5e10e5c3dce93678e6629b4d0ed0831e2d5b95bd17a395
(1) 0xa6868208d17e674c4fcd03035ad09a298666e23868ceda42b591677de1a6612a
(2) 0x6eeabdb79e5e7f008376953f018e937f86cd103ed0690111dcfce521fb9d5ed5
(3) 0x56853040d701b84277363dcb98602b13c2a8a6f19890ef92cdad1a589efd6572
(4) 0x4eeefb68111cb0a4628561f4d3c73746d79a8679bbb97af25f252ca434c493c2
(5) 0x928b9bad45a957512c2cbe3e414ce0fca05303f16026d2e80dc987120dce5cca
(6) 0xc14368343200da9789455b3a2cce50bbc95e47b4363825ddab7c6fa90272bf40
(7) 0xe73c35e9ab8a1943e133bdc3bc6459dbb6a296318365f18ac0d1fb32e5a62219
(8) 0x96c19c828cd65d4d880e7ee68812c3fea381a99a8aeffdf3fecca8ca09d9c29f
(9) 0x6ca641ad4eeb09d9a81412a1c52a153239b278dda9eca5004df1f87f310ad5ae

HD Wallet
==================
Mnemonic:      million destroy pool head farm print apple truck giggle describe skin bamboo
Base HD Path:  m/44'/60'/0'/0/{account_index}

Default Gas Price
==================
2000000000

BlockGas Limit
==================
30000000

Call Gas Limit
==================
50000000

Chain
==================
Hardfork: shanghai
Id:       1337

RPC Listening on 127.0.0.1:8545
eth_blockNumber
net_version
eth_accounts
eth_accounts
eth_blockNumber
net_version
eth_getBlockByNumber
eth_estimateGas
eth_getBlockByNumber
eth_gasPrice
eth_sendTransaction

  Transaction: 0x5d3b2c4f41064a054a42c01587ff45fc93658c5b74cfd41546eadcbc58512bfd
  Contract created: 0x7798130a2e432dfb82ca1cedc4cf6c8375fe1c2a
  Gas usage: 1261982
  Block number: 1
  Block time: Fri May 08 2026 00:40:43 GMT+0700 (Indochina Time)

eth_getTransactionReceipt
eth_getCode
eth_getTransactionReceipt
eth_getBlockByNumber
eth_gasPrice
eth_sendTransaction

  Transaction: 0xc40e04db1638d844dd690b7d1dd2d4203b3e1acdc4088eb0a90ea86d0851a951
  Gas usage: 21055
  Block number: 2
  Block time: Fri May 08 2026 00:40:43 GMT+0700 (Indochina Time)

eth_getTransactionReceipt
eth_blockNumber
evm_mine
eth_blockNumber
evm_mine
eth_blockNumber
evm_mine
eth_blockNumber
evm_mine
eth_blockNumber
evm_mine
eth_blockNumber
net_version
eth_getBlockByNumber
eth_estimateGas
eth_getBlockByNumber
eth_gasPrice
eth_sendTransaction

  Transaction: 0xd539106efcb83f45c6a0754ba201b2ab8daef5d81624df7e015bb71d9cbbbd47
  Gas usage: 52947
  Block number: 8
  Block time: Fri May 08 2026 00:40:43 GMT+0700 (Indochina Time)

eth_getTransactionReceipt
eth_blockNumber
evm_mine
eth_blockNumber
net_version
eth_getBlockByNumber
eth_estimateGas
eth_getBlockByNumber
eth_gasPrice
eth_sendTransaction

  Transaction: 0x983c20bb8958bbaab1a4d7ba75ffe52e544e1afb7b83beead8de3660be560abd
  Gas usage: 59561
  Block number: 10
  Block time: Fri May 08 2026 00:40:43 GMT+0700 (Indochina Time)

eth_getTransactionReceipt
eth_blockNumber
eth_getBalance
eth_getTransactionByHash
debug_traceTransaction
eth_getTransactionByHash
debug_traceTransaction
eth_getTransactionByHash
debug_traceTransaction
eth_getTransactionByHash
debug_traceTransaction

Received shutdown signal: SIGTERM
Shutting down…
Server has been shut down
