COMMAND: python3 experiments/scale_trace/scripts/trace_result_json.py /home/aothuatgiadp/blockchain/project/CTLC-Implementation/experiments/scale_trace/runs/random_v1_84/B-_G_evm_fund_bg_CTLCOnly_refund/result.json /home/aothuatgiadp/blockchain/project/CTLC-Implementation/experiments/scale_trace/runs/random_v1_84/B-_G_evm_fund_bg_CTLCOnly_refund/trace.json
STATUS: 0

STDOUT:
{
  "graph_id": "",
  "pair": "B->G|evm|fund:bg",
  "contract": "CTLCOnly",
  "scenario": "refund",
  "contractAddress": "0x623149512f749110bF941Cb6E62bcc447D4a3aa1",
  "traces": {
    "deploy": {
      "tx_hash": "0x60b8a6d0b930fd89d8578046d7c05a63caa378163ae91cfe5d7607491b6b7b36",
      "actual_calldata_bytes": 7123,
      "actual_sstore_count": 9,
      "actual_call_count": 0,
      "opcode_steps": 1374
    },
    "fund": {
      "tx_hash": "0xb2351c6912ea797719068621a242a81cde88ed13b89bf22660355c585824ed52",
      "actual_calldata_bytes": 0,
      "actual_sstore_count": 0,
      "actual_call_count": 0,
      "opcode_steps": 13
    },
    "refund_level0": {
      "tx_hash": "0x8e9a58477fd91c4d3a68200eb15f95fa09e496e9147b1d1b09c307b8bb71afd3",
      "actual_calldata_bytes": 4,
      "actual_sstore_count": 1,
      "actual_call_count": 1,
      "opcode_steps": 229
    }
  }
}


STDERR:

