ganache v7.9.2 (@ganache/cli: 0.10.2, @ganache/core: 0.10.2)
Starting RPC server

Available Accounts
==================
(0) 0x250E8B72E5A8C545F00c9723b6FEf25089f7BA10 (1000 ETH)
(1) 0xa378245BeFC7c7b1638eB5F0a936706172f43D0A (1000 ETH)
(2) 0x09A5d36485C88ace7557eCAE477B818bd806FF86 (1000 ETH)
(3) 0x710721c70D7eDb4FbF93D397c0add67abC0BcC10 (1000 ETH)
(4) 0x25383d0760b8e5BB1c6F5143D0c79f27EDcBdf6C (1000 ETH)
(5) 0xfba2478c64654CB302A18313c10b8B8db3aBEE59 (1000 ETH)
(6) 0x07f3B3900c6fC508F8F4AC1166f8A9C1BEF451c6 (1000 ETH)
(7) 0x268e84fFa71b0b7c47196A0d63fCb4270C0A5e4d (1000 ETH)
(8) 0x028c0AdE55B949B9111B1063007794278300F80e (1000 ETH)
(9) 0xd2a0844EBd160FBDa5f9daf1f34692573126b112 (1000 ETH)

Private Keys
==================
(0) 0x2bb99d85c2ff3f359342c9f4eadd17786fddc93076c32f975eab5814476286a0
(1) 0x7252ab65d205584dcda54ad02289157416ba4291719c1da4ce87bee192def0bd
(2) 0x4bd79735de6f7d5e4aa28f005bcd1f8907ae42135a707bc02ab2858d60f4df05
(3) 0xf279fd2d38a48f17e82fc8f6139c98d06941209f0e6fb00807c0c1f6d1830ef5
(4) 0x793d68b68a2e2c426f23cd2d0275039b84053465de6e11b3a3dddbca0b5d9687
(5) 0x7684d215933ddf3fc78d06ffe2affa96d743b30bba1a7173e18c7ee2242c3cb4
(6) 0xc620f88f3e9bec74676d79783250393244e4f1bc3591fd9b04c35d03f0f9d5af
(7) 0xa2ca99ab4a1889d345cbd231bf7d1f2ac3f9ec77b76ff40038eac5b65033e1be
(8) 0x44a422bc36bdd9e973b1fe3962cd33e4230ce4dc3f232a7510bcb73e0973bb3c
(9) 0x09a704812b332e8d77b3769801fb75e9407e5f41bd8bfdb1bc624519950ffb13

HD Wallet
==================
Mnemonic:      inspire apart rebuild awake fancy display chronic column tomato peasant act already
Base HD Path:  m/44'/60'/0'/0/{account_index}

Default Gas Price
==================
2000000000

BlockGas Limit
==================
30000000

Call Gas Limit
==================
50000000

Chain
==================
Hardfork: shanghai
Id:       1337

RPC Listening on 127.0.0.1:8545
web3_clientVersion
eth_blockNumber
net_version
eth_accounts
eth_accounts
eth_blockNumber
net_version
eth_getBlockByNumber
eth_estimateGas
eth_getBlockByNumber
eth_gasPrice
eth_sendTransaction

  Transaction: 0x8a6d639e7e215c47855908d59f49dca820a892b2c027bdc719b5453cdc2f726e
  Contract created: 0xdc10de9f67aa0520cc7cf765dd95d322dd0abfe4
  Gas usage: 1146811
  Block number: 1
  Block time: Fri May 08 2026 01:38:37 GMT+0700 (Indochina Time)

eth_getTransactionReceipt
eth_getCode
eth_getTransactionReceipt
eth_getBlockByNumber
eth_gasPrice
eth_sendTransaction

  Transaction: 0xe9c8e4bc74a305470e5b9c834982684bad22df4753aceffa5abe9b0885d843d2
  Gas usage: 21055
  Block number: 2
  Block time: Fri May 08 2026 01:38:37 GMT+0700 (Indochina Time)

eth_getTransactionReceipt
net_version
eth_getBlockByNumber
eth_estimateGas
eth_getBlockByNumber
eth_gasPrice
eth_sendTransaction

  Transaction: 0x888c2c3aeea674f4367ec6ba3b9329b37d28de30340211ce04e8f059ea2b1bb9
  Gas usage: 72862
  Block number: 3
  Block time: Fri May 08 2026 01:38:37 GMT+0700 (Indochina Time)

eth_getTransactionReceipt
eth_blockNumber
eth_getBalance
eth_getTransactionByHash
debug_traceTransaction
eth_getTransactionByHash
debug_traceTransaction
eth_getTransactionByHash
debug_traceTransaction

Received shutdown signal: SIGTERM
Shutting down…
Server has been shut down
