ganache v7.9.2 (@ganache/cli: 0.10.2, @ganache/core: 0.10.2)
Starting RPC server

Available Accounts
==================
(0) 0x27ED5aa19776e8c344cE77195AAF6179BB2434b7 (1000 ETH)
(1) 0xc133E5EFc6e3889Eded80728aec4F0Cdd850DE98 (1000 ETH)
(2) 0xF57Ac722300d7821aa99F205d4EEF667EDc64116 (1000 ETH)
(3) 0x9471EA64047A67c7580b2a4de5f02532CB47B48f (1000 ETH)
(4) 0x5583768d653fcec941f2a79e488FA5D0EF4463d4 (1000 ETH)
(5) 0x9588878A639aa109849F41152D219F6AeAdC1e28 (1000 ETH)
(6) 0xdf22185F46D6303069606Cf5654581bB049Fec5F (1000 ETH)
(7) 0x9884Cf2C62D650Ef8fac0cd88B3Bc4a7545DD432 (1000 ETH)
(8) 0x398b21E776964e3b1f38295B662fE168F56f9F87 (1000 ETH)
(9) 0x7842bd52ca83aeF9fEF6371A8588B4070E1F051D (1000 ETH)

Private Keys
==================
(0) 0x6120131976e81abdbb791ae679c6e16e98c7c04e750ceae4573a8e1c8b747f74
(1) 0x193734f3db271a54c492f9632889f05bbfe5c57355f9fd846c8ab2f2d86c43d3
(2) 0xe535d146d06c3ae1e3f48f1ed012a6bfb82c31184b22d1f5b00b553ecc789c2a
(3) 0x2de8c9a8560e8e2c3093f2e07252fe4d69a0a42d74766e59b656bff950fad1c6
(4) 0xd2e536b0c2e8d14e3caa0023a059e06686be1b08d5f577a02eca9b3f5b7d4e4a
(5) 0x2f631eb0990360d4147641ded436695a85082559cd9765ff51b14015e267f5e2
(6) 0xe83b25a588eea2caea94b7d694d5131b0afa164966a0b0407e85e9dd960a7dd4
(7) 0xa213af795f91d20f6fbf9a17376afb23117a03d552360320f0be7d5287649aad
(8) 0x2252012881412d5df104a3e10215a94044f01ba82e37aa775434ee62d3f7fd74
(9) 0x238d8136be301dd48c4030c9d1033522076258906a04a3e5dbffefb68519234e

HD Wallet
==================
Mnemonic:      admit popular visit run ball divide truly crouch vendor slow actual early
Base HD Path:  m/44'/60'/0'/0/{account_index}

Default Gas Price
==================
2000000000

BlockGas Limit
==================
30000000

Call Gas Limit
==================
50000000

Chain
==================
Hardfork: shanghai
Id:       1337

RPC Listening on 127.0.0.1:8545
web3_clientVersion
eth_blockNumber
net_version
eth_accounts
eth_accounts
eth_blockNumber
net_version
eth_getBlockByNumber
eth_estimateGas
eth_getBlockByNumber
eth_gasPrice
eth_sendTransaction

  Transaction: 0xabe3b568e6fbed84a5af5bbdbc403aab0a0f82f7bbec9e61847556be240068d3
  Contract created: 0xcbc08cd2b8a1ec68d7a9a6c7928be3864f389f87
  Gas usage: 1376934
  Block number: 1
  Block time: Fri May 08 2026 02:31:34 GMT+0700 (Indochina Time)

eth_getTransactionReceipt
eth_getCode
eth_getTransactionReceipt
eth_getBlockByNumber
eth_gasPrice
eth_sendTransaction

  Transaction: 0x52361163e4b331b4cd67f224e380bdcbe216b2651072a7c50dec1e1abde0b1a8
  Gas usage: 21055
  Block number: 2
  Block time: Fri May 08 2026 02:31:34 GMT+0700 (Indochina Time)

eth_getTransactionReceipt
net_version
eth_getBlockByNumber
eth_estimateGas
eth_getBlockByNumber
eth_gasPrice
eth_sendTransaction

  Transaction: 0xcebd44834b6b9bd0fe90f43a7d09df7e18558b2604f8869d7aaf3635964b1af4
  Gas usage: 84574
  Block number: 3
  Block time: Fri May 08 2026 02:31:34 GMT+0700 (Indochina Time)

eth_getTransactionReceipt
eth_blockNumber
eth_getBalance
eth_getTransactionByHash
debug_traceTransaction
eth_getTransactionByHash
debug_traceTransaction
eth_getTransactionByHash
debug_traceTransaction

Received shutdown signal: SIGTERM
Shutting down…
Server has been shut down
