ganache v7.9.2 (@ganache/cli: 0.10.2, @ganache/core: 0.10.2)
Starting RPC server

Available Accounts
==================
(0) 0x67aec9c05444276e00dbAa9dd92241853A55Cb7b (1000 ETH)
(1) 0x1a75044670F1427999E6567Cd8e358102E5700A4 (1000 ETH)
(2) 0xD435d9EeDCa41205f7b6A9351f121cb42161D949 (1000 ETH)
(3) 0x2f705FB5370BAEF09BB9b4d30bf88EFC63DA4752 (1000 ETH)
(4) 0x2F179Af53C87C969d550fa242477Fa1ce0a1ab6d (1000 ETH)
(5) 0xbc91083924046F42c635988B8eE94836917c900A (1000 ETH)
(6) 0x33280bB16b79e2e8D8f52118F27693e820490327 (1000 ETH)
(7) 0x72c7e31a92B81a7f4592A56f943E9a72DDa4A898 (1000 ETH)
(8) 0x70051d2F563211a178951b78f0dA75423ed330E9 (1000 ETH)
(9) 0x1A8212ef2317a82779e0dA6fe343b42971aBd249 (1000 ETH)

Private Keys
==================
(0) 0x99e2f0b8ed57f1648e65169b9c2864a5d131cd5722cd50b9591325aff514dcb9
(1) 0x925371b36a0d32e43742bc463213bf302a9e48d2ce63bdcaf150829a0f7e8f88
(2) 0x810e3b810ab2e86a9cdcc8cd65515104bfe861483f22770210670ffe9e172bdd
(3) 0x44a98c266a177975074355694c027eb30b6dfb2dadce7514526b47f79566b377
(4) 0xacb014be562f20039c06c518626c6dd6eb0947f54ecf1d1ee774d70dfe6aaff4
(5) 0xd6eba7800d4ac24894cbe48abc39c54f952de410a996b9670ca98dd3ab3aa432
(6) 0xcf691c3fa646fd169963704a7c12be606941f00a299b8b0a6cb909ffec03331c
(7) 0x02a5975edff5591444ec4c68b0245458f15e8747761cc6b19767defe24a6d6a5
(8) 0x8b96fb452fb33490e1931e6366f3d0c455a44c5f4e0b17fbb02d7ccc30ad3742
(9) 0xfcd934f26a5f2042be5ab1034cb9bbc91a781b674d018d2fecf8639903ae6cc3

HD Wallet
==================
Mnemonic:      try focus behind model roof youth battle crumble shrug water puppy warrior
Base HD Path:  m/44'/60'/0'/0/{account_index}

Default Gas Price
==================
2000000000

BlockGas Limit
==================
30000000

Call Gas Limit
==================
50000000

Chain
==================
Hardfork: shanghai
Id:       1337

RPC Listening on 127.0.0.1:8545
web3_clientVersion
eth_blockNumber
net_version
eth_accounts
eth_accounts
eth_blockNumber
net_version
eth_getBlockByNumber
eth_estimateGas
eth_getBlockByNumber
eth_gasPrice
eth_sendTransaction

  Transaction: 0xd69f6ef9ebb20fa3ea2e6930c3047baa7826796b1d3ea02a9c0653ef18479fc5
  Contract created: 0xb6097905926deaeecda334af7c83e53614011410
  Gas usage: 1815053
  Block number: 1
  Block time: Thu May 07 2026 20:27:14 GMT+0700 (Indochina Time)

eth_getTransactionReceipt
eth_getCode
eth_getTransactionReceipt
eth_getBlockByNumber
eth_gasPrice
eth_sendTransaction

  Transaction: 0xdefefd1664f7c331f9dffe63fed1d11b528d99b9ea6141a831182e5fd00d1c5c
  Gas usage: 21055
  Block number: 2
  Block time: Thu May 07 2026 20:27:14 GMT+0700 (Indochina Time)

eth_getTransactionReceipt
eth_blockNumber
evm_mine
eth_blockNumber
evm_mine
eth_blockNumber
evm_mine
eth_blockNumber
evm_mine
eth_blockNumber
evm_mine
eth_blockNumber
evm_mine
eth_blockNumber
net_version
eth_getBlockByNumber
eth_estimateGas
eth_getBlockByNumber
eth_gasPrice
eth_sendTransaction

  Transaction: 0xfec4a3b62f1d59de200444b99061325696d3acaac2a3fe2f6cfaaf7209b9c20b
  Gas usage: 52925
  Block number: 9
  Block time: Thu May 07 2026 20:27:14 GMT+0700 (Indochina Time)

eth_getTransactionReceipt
eth_blockNumber
net_version
eth_getBlockByNumber
eth_estimateGas
eth_getBlockByNumber
eth_gasPrice
eth_sendTransaction

  Transaction: 0xe4812ee974b11efe185ddee60cc06cf1048be1a0773d4b24fbd135ba45a99426
  Gas usage: 35837
  Block number: 10
  Block time: Thu May 07 2026 20:27:14 GMT+0700 (Indochina Time)

eth_getTransactionReceipt
eth_blockNumber
net_version
eth_getBlockByNumber
eth_estimateGas
eth_getBlockByNumber
eth_gasPrice
eth_sendTransaction

  Transaction: 0x1d4acf581e0af3fcba921787576531aab88bb63e908e61fa4c64af4c639e8758
  Gas usage: 59539
  Block number: 11
  Block time: Thu May 07 2026 20:27:14 GMT+0700 (Indochina Time)

eth_getTransactionReceipt
eth_blockNumber
eth_getBalance
eth_getTransactionByHash
debug_traceTransaction
eth_getTransactionByHash
debug_traceTransaction
eth_getTransactionByHash
debug_traceTransaction
eth_getTransactionByHash
debug_traceTransaction
eth_getTransactionByHash
debug_traceTransaction

Received shutdown signal: SIGTERM
Shutting down…
Server has been shut down
