ganache v7.9.2 (@ganache/cli: 0.10.2, @ganache/core: 0.10.2)
Starting RPC server
web3_clientVersion

Available Accounts
==================
(0) 0xfca0Be14893A0EA9c1dFdD091bCDBc3Bcc451A7d (1000 ETH)
(1) 0xb904F9732dED5DEd0F177583EB01676Ff6C10D0C (1000 ETH)
(2) 0x45768847A6e9c0Ba5cdd6e22beD9F5D7EcF82515 (1000 ETH)
(3) 0xE46d3e03C38d05A2e4ac51527c7B36b9E7c227E0 (1000 ETH)
(4) 0xecbe0E34a52F16eB18d70e7edA502406D8B7A853 (1000 ETH)
(5) 0x98418188F4607f7325e47B3c1c3B24EdFdB2Fb14 (1000 ETH)
(6) 0x06a5Dd25DEf55009755c934474Bdf92DbeB51312 (1000 ETH)
(7) 0x07F36c6B35e164d71D8D9159da0B1E1274Ee3B03 (1000 ETH)
(8) 0xb035175f611e62C5e02bfc1c8E3607881BFfe239 (1000 ETH)
(9) 0x5c3bd71E93C9e163BFfAe08Ea55aEF7d138f0057 (1000 ETH)

Private Keys
==================
(0) 0x14d20e533463cfe375a4782ddc5d020de9783ef9af9c4df5ece033c701d18f67
(1) 0xca63a5bf9c337d8b2cc0c1988e013221f97515b96f149d7a1c1e037a0d5bd3c1
(2) 0x3c4ae86bb014b1681305f60672854ac2044ec40604c4c0d2acdf399b876e227a
(3) 0xdc4ff1152ee23c24412c1312b46592fac024e426650838e81ff03d21169e5568
(4) 0xf990433785fe5e3bd0dfdb54f3f991bac821626f76c39abbb451573405cbecfd
(5) 0xf700a893559dcea2005ec316461c8c0b1c54412564fd871f3f6c24edd2c98ab3
(6) 0x38b7690c97f2a84ed9e487e0ce3a11fc206e62e3e1ec32f55aa1f213a6551f75
(7) 0x1acc03d8e4e591f02571ce16a6b8f1cac5e3b0c1204ae33e7bbc6dea1ac7f9f3
(8) 0xaa5a81240a110afac8c8d9980fc40928f86946285590c44aae6d345b3492ef9d
(9) 0x370b429b9675643da7b4cbbf144a7b6328b71f916ccfbe9f116adff5707b7e24

HD Wallet
==================
Mnemonic:      trap adapt ladder rifle frame silly wish latin cannon gentle iron fitness
Base HD Path:  m/44'/60'/0'/0/{account_index}

Default Gas Price
==================
2000000000

BlockGas Limit
==================
30000000

Call Gas Limit
==================
50000000

Chain
==================
Hardfork: shanghai
Id:       1337

RPC Listening on 127.0.0.1:8545
eth_blockNumber
net_version
eth_accounts
eth_accounts
eth_blockNumber
net_version
eth_getBlockByNumber
eth_estimateGas
eth_getBlockByNumber
eth_gasPrice
eth_sendTransaction

  Transaction: 0x8a8390d8c54312b0d69482ad8b13748052baf8d3b2897f1f4c327da8c6b69f7f
  Contract created: 0x2c7f1f37bbee8da72ab084447524fbfadfaf4ed7
  Gas usage: 1883765
  Block number: 1
  Block time: Thu May 07 2026 22:12:07 GMT+0700 (Indochina Time)

eth_getTransactionReceipt
eth_getCode
eth_getTransactionReceipt
eth_getBlockByNumber
eth_gasPrice
eth_sendTransaction

  Transaction: 0x24348599e6624842ada8b4f1e2d13e9b4f2c1889417c5056c1da7f79e454e964
  Gas usage: 21055
  Block number: 2
  Block time: Thu May 07 2026 22:12:07 GMT+0700 (Indochina Time)

eth_getTransactionReceipt
net_version
eth_getBlockByNumber
eth_estimateGas
eth_getBlockByNumber
eth_gasPrice
eth_sendTransaction

  Transaction: 0x0f1cc101849389fc74d083731a7b430cf1ed62973c0bcdc2893c27d28f3d9f68
  Gas usage: 75948
  Block number: 3
  Block time: Thu May 07 2026 22:12:07 GMT+0700 (Indochina Time)

eth_getTransactionReceipt
eth_blockNumber
eth_getBalance
eth_getTransactionByHash
debug_traceTransaction
eth_getTransactionByHash
debug_traceTransaction
eth_getTransactionByHash
debug_traceTransaction

Received shutdown signal: SIGTERM
Shutting down…
Server has been shut down
