Using network 'development'.

{
  "ok": true,
  "graph_id": "",
  "pair": "F->G|evm|fund:fg",
  "pairKey": "F->G|evm|fund:fg",
  "contract": "CTLCMultipleEdges",
  "scenario": "refund",
  "deployGas": "0x1afcaa",
  "gasUsed": "112464",
  "disableGasUsed": "52925",
  "claimGasUsed": "",
  "refundGasUsed": "59539",
  "contractAddress": "0xED3caf907509638DD84D4CD6D76e5CaD4E3b8615",
  "startBlock": "0",
  "endBlock": "12",
  "finalContractBalanceWei": "0",
  "deployer": "0xbdE47Bf5F46Aa81514EB90f003fBC5923a638436",
  "party": "0x33777B19B5B6cA522F11D02f9d7Dde659cF4c023",
  "counterparty": "0x365a5e18e3a6A2cda9b5DEFDd117AAE749e997E8",
  "fundingWei": "1000000000000000000",
  "timelocks": [
    7,
    11
  ],
  "transactions": [
    {
      "role": "deploy",
      "txHash": "0xbc6161d9d5fe05f30ef969c26f1e642fc056a232f80d2ec107e0d7c99dd053cb"
    },
    {
      "role": "fund",
      "txHash": "0x165cb96f3a4e868f9587f02c63dde06764f3d937a1f46c3f9e85b75a244318c4"
    },
    {
      "role": "disable",
      "txHash": "0x035410d84b0d8dfcaa6754c976a7a887f900b15dd7ea0155467ab6c9db1e0cbb",
      "level": 0
    },
    {
      "role": "refund",
      "txHash": "0xdfacaf1e00221e1b74799044e771d8e2b01ae08e070254791862509a5ddb3f80",
      "level": 1
    }
  ],
  "txRoles": [
    {
      "role": "deploy",
      "txHash": "0xbc6161d9d5fe05f30ef969c26f1e642fc056a232f80d2ec107e0d7c99dd053cb"
    },
    {
      "role": "fund",
      "txHash": "0x165cb96f3a4e868f9587f02c63dde06764f3d937a1f46c3f9e85b75a244318c4"
    },
    {
      "role": "disable",
      "txHash": "0x035410d84b0d8dfcaa6754c976a7a887f900b15dd7ea0155467ab6c9db1e0cbb",
      "level": 0
    },
    {
      "role": "refund",
      "txHash": "0xdfacaf1e00221e1b74799044e771d8e2b01ae08e070254791862509a5ddb3f80",
      "level": 1
    }
  ],
  "deployTxHash": "0xbc6161d9d5fe05f30ef969c26f1e642fc056a232f80d2ec107e0d7c99dd053cb",
  "fundTxHash": "0x165cb96f3a4e868f9587f02c63dde06764f3d937a1f46c3f9e85b75a244318c4",
  "disableTxHashes": [
    "0x035410d84b0d8dfcaa6754c976a7a887f900b15dd7ea0155467ab6c9db1e0cbb"
  ],
  "disableTxHash": "0x035410d84b0d8dfcaa6754c976a7a887f900b15dd7ea0155467ab6c9db1e0cbb",
  "disableTx": "0x035410d84b0d8dfcaa6754c976a7a887f900b15dd7ea0155467ab6c9db1e0cbb",
  "refundTxHash": "0xdfacaf1e00221e1b74799044e771d8e2b01ae08e070254791862509a5ddb3f80",
  "refundTx": "0xdfacaf1e00221e1b74799044e771d8e2b01ae08e070254791862509a5ddb3f80"
}
