ganache v7.9.2 (@ganache/cli: 0.10.2, @ganache/core: 0.10.2)
Starting RPC server

Available Accounts
==================
(0) 0x466Db38d2585DA00A7BB2113a9220520Fcae4012 (1000 ETH)
(1) 0x5e5041313CDBD4Bdc0c33D00Ac62aa899a9cEeEA (1000 ETH)
(2) 0x8eD72eA16c724D67366C472c9581558cDD1C4EC1 (1000 ETH)
(3) 0x470cbfBf0170BfAe8Ac710c914817E5C7557A140 (1000 ETH)
(4) 0xc1Cdb6e31066417B1108b36044d779269e718691 (1000 ETH)
(5) 0x3Bd82080E031CB79aC3aeA999ea7537030B22924 (1000 ETH)
(6) 0x0DaE5DaB1A99ee0435c3bf029F23FDe7BFdD2933 (1000 ETH)
(7) 0xF0EbE9860F7d122ce2DFB08616BE159F45d54257 (1000 ETH)
(8) 0x2c5501402cb857ae5A673149019E4ef7B3f3bc91 (1000 ETH)
(9) 0x454B092077112134608F6d98Fb56C1ADfAFfB075 (1000 ETH)

Private Keys
==================
(0) 0x19b315bb132c42eda138f91833f7b4455eddf1014ffd9fb0d0fbe011cb80c618
(1) 0xb5bc7cfa70f4c5f464b6c2cc8608bd9347bb0e8f55f9797d9ad4a458b12f47fc
(2) 0x0bfa2a493e0a2fb42a17334fa0d44c890586ad93b8b30261f2a817eeec725707
(3) 0xf84cc22273eaadd6ecfc4787d2a406efbede1f5ccdd2183d4b4ac799ae5ef3b8
(4) 0x69c69b7d267288bb71c55e786ee03b96b1dc6075522c03248d618a89a6d0fb09
(5) 0x6e4daa4eb508106ceb179b56b4941a14bcf18c19219f02d03d5bf561b693be48
(6) 0x168ddbeacc337abc81e7fc8e433834658e70693944dd53652b7cb9f672c0fccc
(7) 0xa18cfbcbac52ee7e3e09133c767ce4326f20bb34d5c5603712d1994c0c4a9a4d
(8) 0x44484172436dbc5c3e3ea62e1333de5c447051738eab738ff9fb8bb46584787e
(9) 0x786f0e7fc5083f316c9277f4398d1ffffa68a37825516c8b3b5afb429b51b1ff

HD Wallet
==================
Mnemonic:      ten scissors pencil ketchup appear donate fall local chase captain obvious ozone
Base HD Path:  m/44'/60'/0'/0/{account_index}

Default Gas Price
==================
2000000000

BlockGas Limit
==================
30000000

Call Gas Limit
==================
50000000

Chain
==================
Hardfork: shanghai
Id:       1337

RPC Listening on 127.0.0.1:8545
web3_clientVersion
eth_blockNumber
net_version
eth_accounts
eth_accounts
eth_blockNumber
net_version
eth_getBlockByNumber
eth_estimateGas
eth_getBlockByNumber
eth_gasPrice
eth_sendTransaction

  Transaction: 0xc80583efcf3ad34fc7a5afa7b835fd18adc9dd5c3d8169c22c6c4533d10bc8f7
  Contract created: 0x57eedfa608c6e294dbdbc3cc87bbc7d80b497e22
  Gas usage: 1123887
  Block number: 1
  Block time: Fri May 08 2026 00:28:54 GMT+0700 (Indochina Time)

eth_getTransactionReceipt
eth_getCode
eth_getTransactionReceipt
eth_getBlockByNumber
eth_gasPrice
eth_sendTransaction

  Transaction: 0xaedf6d95f23860e8141fe290094fd60f54cb7a91a5e536a896db998a9f26cf5b
  Gas usage: 21055
  Block number: 2
  Block time: Fri May 08 2026 00:28:54 GMT+0700 (Indochina Time)

eth_getTransactionReceipt
net_version
eth_getBlockByNumber
eth_estimateGas
eth_getBlockByNumber
eth_gasPrice
eth_sendTransaction

  Transaction: 0x4ce259247f95e0c3c2a24346f9e1c9cd00e4d1b1a794de2b93976aed4a54fb2b
  Gas usage: 68747
  Block number: 3
  Block time: Fri May 08 2026 00:28:54 GMT+0700 (Indochina Time)

eth_getTransactionReceipt
eth_blockNumber
eth_getBalance
eth_getTransactionByHash
debug_traceTransaction
eth_getTransactionByHash
debug_traceTransaction
eth_getTransactionByHash
debug_traceTransaction

Received shutdown signal: SIGTERM
Shutting down…
Server has been shut down
