Using network 'development'.

{
  "ok": true,
  "graph_id": "",
  "pair": "C->A|evm|fund:ca",
  "pairKey": "C->A|evm|fund:ca",
  "contract": "CTLCOnly",
  "scenario": "worst_claim",
  "deployGas": "0x10ccaf",
  "gasUsed": "64620",
  "disableGasUsed": "0",
  "claimGasUsed": "64620",
  "refundGasUsed": "",
  "contractAddress": "0x4E0A916dC633FB1A9772AC0d0A5FB5dC15e01661",
  "startBlock": "0",
  "endBlock": "3",
  "finalContractBalanceWei": "0",
  "deployer": "0x4a3DD9E566EA2FB2B765e26e06856C29B5Ca6ca0",
  "party": "0x14EbD5E06D98599e8C9bB8d9001Aedf87f3985e4",
  "counterparty": "0x84646526eb3C7a30Cc91b139d24341f985945479",
  "fundingWei": "1000000000000000000",
  "timelocks": [
    6
  ],
  "transactions": [
    {
      "role": "deploy",
      "txHash": "0x2757868d3cbf3bfd388d9e31cb8850271506d9579abf06c5ec0607cca5972865"
    },
    {
      "role": "fund",
      "txHash": "0x481e660c9fcd2f27ecaaf6f5bfa5bc33a8f3d78bc64f684c38ce6b8458db6996"
    },
    {
      "role": "claim",
      "txHash": "0xfc3fe4c565f1351d0f0d5076c0a8f5474e418a0d103ea187fe497e7b1ed7a24b",
      "level": 0,
      "option": 0
    }
  ],
  "txRoles": [
    {
      "role": "deploy",
      "txHash": "0x2757868d3cbf3bfd388d9e31cb8850271506d9579abf06c5ec0607cca5972865"
    },
    {
      "role": "fund",
      "txHash": "0x481e660c9fcd2f27ecaaf6f5bfa5bc33a8f3d78bc64f684c38ce6b8458db6996"
    },
    {
      "role": "claim",
      "txHash": "0xfc3fe4c565f1351d0f0d5076c0a8f5474e418a0d103ea187fe497e7b1ed7a24b",
      "level": 0,
      "option": 0
    }
  ],
  "deployTxHash": "0x2757868d3cbf3bfd388d9e31cb8850271506d9579abf06c5ec0607cca5972865",
  "fundTxHash": "0x481e660c9fcd2f27ecaaf6f5bfa5bc33a8f3d78bc64f684c38ce6b8458db6996",
  "claimTxHash": "0xfc3fe4c565f1351d0f0d5076c0a8f5474e418a0d103ea187fe497e7b1ed7a24b",
  "txHash": "0xfc3fe4c565f1351d0f0d5076c0a8f5474e418a0d103ea187fe497e7b1ed7a24b",
  "tx": "0xfc3fe4c565f1351d0f0d5076c0a8f5474e418a0d103ea187fe497e7b1ed7a24b"
}
