COMMAND: python3 experiments/scale_trace/scripts/trace_result_json.py /home/aothuatgiadp/blockchain/project/CTLC-Implementation/experiments/scale_trace/runs/random_v1_206/C-_A_evm_fund_ca_CTLCOnly_worst_claim/result.json /home/aothuatgiadp/blockchain/project/CTLC-Implementation/experiments/scale_trace/runs/random_v1_206/C-_A_evm_fund_ca_CTLCOnly_worst_claim/trace.json
STATUS: 0

STDOUT:
{
  "graph_id": "",
  "pair": "C->A|evm|fund:ca",
  "contract": "CTLCOnly",
  "scenario": "worst_claim",
  "contractAddress": "0x4E0A916dC633FB1A9772AC0d0A5FB5dC15e01661",
  "traces": {
    "deploy": {
      "tx_hash": "0x2757868d3cbf3bfd388d9e31cb8850271506d9579abf06c5ec0607cca5972865",
      "actual_calldata_bytes": 7091,
      "actual_sstore_count": 8,
      "actual_call_count": 0,
      "opcode_steps": 1286
    },
    "fund": {
      "tx_hash": "0x481e660c9fcd2f27ecaaf6f5bfa5bc33a8f3d78bc64f684c38ce6b8458db6996",
      "actual_calldata_bytes": 0,
      "actual_sstore_count": 0,
      "actual_call_count": 0,
      "opcode_steps": 13
    },
    "claim_level0": {
      "tx_hash": "0xfc3fe4c565f1351d0f0d5076c0a8f5474e418a0d103ea187fe497e7b1ed7a24b",
      "actual_calldata_bytes": 196,
      "actual_sstore_count": 1,
      "actual_call_count": 1,
      "opcode_steps": 793
    }
  }
}


STDERR:

