ganache v7.9.2 (@ganache/cli: 0.10.2, @ganache/core: 0.10.2)
Starting RPC server

Available Accounts
==================
(0) 0x106f0dcd49Ba7AD429E38c7aDf60b6938A015432 (1000 ETH)
(1) 0x895e93457cb981caA3A675BE0a103eDD3dD28D4A (1000 ETH)
(2) 0x75e036299BD401c075214ed0a0f3c74a2CD4D8E2 (1000 ETH)
(3) 0x8Ea7D95840D16b69E4A66C2D83dB115DCC97EA9d (1000 ETH)
(4) 0x3aA164439e18438271AD1BF3df6227A25b8993a3 (1000 ETH)
(5) 0xE6B92bc195Ab61053a437C5E8E146eB751dD5EaF (1000 ETH)
(6) 0x5a7F0FD76c8a09C99849e380Efee5aD23955FE20 (1000 ETH)
(7) 0x701698EBb623B430bb8a4EddE46e6af558f71aaa (1000 ETH)
(8) 0xF15D55b0A76ef9C8D3891b129213C72f6400F196 (1000 ETH)
(9) 0xD8dF78cFE74FF4cB7d9F17873ee9e58FAA7476DB (1000 ETH)

Private Keys
==================
(0) 0x6264d558f39aee6b893550160e8e38620d8688881a1c3a04bd57def4bb665f84
(1) 0x620b965557c8ef1fab60494a45c35bc4b0e6b5979a19ed02da36ffa8faf2ffea
(2) 0x3a95e8ea09ac9916484c8b8c8b46d5a2a64ed8c5fecdc38846c9fff5627c9bd1
(3) 0x3f9d7f9d17732137a3fb2d908b2f090e7286806b9ad3d2c11c38d1a508ab64a0
(4) 0x7a8d53949e567b5d06eebb15434823a8a43233899534a96a68dc4d489b97894d
(5) 0x9a4e9ac5fbe4c09da42629419802e7ec8317b4b2673c61962f3431d55192ce1e
(6) 0x500e07a7a8e325f893f87c022c19b499ec905c34ef724c0c16877428945be816
(7) 0x39c63b0acfc9d539bd14fedcc9781abcdda397f64a57df099c64474cb5b1c709
(8) 0xfceb9bd1d9fad5a510520fd5b6632ac92c6e45ad23c87617832d2e391a8220b3
(9) 0x4fded9ba06aac09394ae5d5cc24caab2eaf854f481c6aaa1d71ea365e332213b

HD Wallet
==================
Mnemonic:      card pill tube menu rebel castle service draw enjoy deliver air coyote
Base HD Path:  m/44'/60'/0'/0/{account_index}

Default Gas Price
==================
2000000000

BlockGas Limit
==================
30000000

Call Gas Limit
==================
50000000

Chain
==================
Hardfork: shanghai
Id:       1337

RPC Listening on 127.0.0.1:8545
web3_clientVersion
eth_blockNumber
net_version
eth_accounts
eth_accounts
eth_blockNumber
net_version
eth_getBlockByNumber
eth_estimateGas
eth_getBlockByNumber
eth_gasPrice
eth_sendTransaction

  Transaction: 0x408642d269217288f7ad4297c0a735b36b06fb1ffe4bc188ed4a011f45d0b9a1
  Contract created: 0xa478bb5a3b4e571efe5bb5c46a99a9f5b70a6919
  Gas usage: 1239082
  Block number: 1
  Block time: Fri May 08 2026 01:39:47 GMT+0700 (Indochina Time)

eth_getTransactionReceipt
eth_getCode
eth_getTransactionReceipt
eth_getBlockByNumber
eth_gasPrice
eth_sendTransaction

  Transaction: 0x40d44f1dc32e14882ed07d2d954b01cc5e2367c4c021b91f7a1e7257497be50b
  Gas usage: 21055
  Block number: 2
  Block time: Fri May 08 2026 01:39:47 GMT+0700 (Indochina Time)

eth_getTransactionReceipt
net_version
eth_getBlockByNumber
eth_estimateGas
eth_getBlockByNumber
eth_gasPrice
eth_sendTransaction

  Transaction: 0xb39e2ff33a9f36aeca69aba2b050b28490007509923ac626b0df52d213605404
  Gas usage: 68747
  Block number: 3
  Block time: Fri May 08 2026 01:39:47 GMT+0700 (Indochina Time)

eth_getTransactionReceipt
eth_blockNumber
eth_getBalance
eth_getTransactionByHash
debug_traceTransaction
eth_getTransactionByHash
debug_traceTransaction
eth_getTransactionByHash
debug_traceTransaction

Received shutdown signal: SIGTERM
Shutting down…
Server has been shut down
