ganache v7.9.2 (@ganache/cli: 0.10.2, @ganache/core: 0.10.2)
Starting RPC server

Available Accounts
==================
(0) 0x1c705Ac84588210687FcD4ec38e4d14f41B4d22A (1000 ETH)
(1) 0xa9c9DC2106B5dd0885d48Fcc4dBFdA1aD3cB332a (1000 ETH)
(2) 0xba7C7359Cc6374d289db1B8726d51e9A2C6477D8 (1000 ETH)
(3) 0x83baC7681fe68663988C8b90e7D4DcAC702C1eF7 (1000 ETH)
(4) 0xb79b5258972d9C66AC57A977Db389e1Be4e5AD51 (1000 ETH)
(5) 0x933Cafe9019A6Ce4feCadc5A740F3B8B7000F1dc (1000 ETH)
(6) 0x174462eae6CCDF7Cbfa69F01355a43fE9b839bd5 (1000 ETH)
(7) 0x8afB765734f216405d676Fa0567c7B99562439B1 (1000 ETH)
(8) 0x44fd0b21cC260c3Ff0f020C166d84797CEdD21D0 (1000 ETH)
(9) 0xC10F27FeCB0Ff0E732192940c38048da3F10A159 (1000 ETH)

Private Keys
==================
(0) 0xcc127bd2092f41efcba93866eb008efd3f5020de00d384e919b241f45692e6f2
(1) 0x5e4d73c924949a4c1818e36c9ade7745ee6ef8e84c17cdfb028c86f2e4274713
(2) 0x4ca0337dccac00b24231c016087ba55fd5b34303038e869e6b9f91477f4e53b3
(3) 0x586e6047ab0c32a825263bab9918bbe26fcb07eaa221dcc74ee980abf6c2f116
(4) 0x593861789abc379fd9ebec450e41f470dcfa3f7936818e26f394d3ce1b8ea241
(5) 0xbf2547bac7fd4430a2ab21e7d44dac6650d0303cd8e3034750e142e468f5500f
(6) 0x68646feafaddb3072b2e9ff69d3ee55f4467044026e1700482ce27d2a35a7b7f
(7) 0x97d51e01b04f841552926e5cb05094be7d9ba41b366fc63e664524e5eefc28f0
(8) 0x297f26aac9ecb500e4443307d05a25cf10c7db8c1a2c9e41b8cf4fe9caa84c79
(9) 0x3b7e87c358f6680de270392a81523f3b2e3bfbb4cb0071a70d1c33a4dbde0adb

HD Wallet
==================
Mnemonic:      memory trumpet yard frozen title room various high soda forum torch west
Base HD Path:  m/44'/60'/0'/0/{account_index}

Default Gas Price
==================
2000000000

BlockGas Limit
==================
30000000

Call Gas Limit
==================
50000000

Chain
==================
Hardfork: shanghai
Id:       1337

RPC Listening on 127.0.0.1:8545
web3_clientVersion
eth_blockNumber
net_version
eth_accounts
eth_accounts
eth_blockNumber
net_version
eth_getBlockByNumber
eth_estimateGas
eth_getBlockByNumber
eth_gasPrice
eth_sendTransaction

  Transaction: 0x160a80db2c70b0c935152c1a047e4e70cebf9b8f4086229ff73491781e78b368
  Contract created: 0xe4d4c5f3a2437be1732b11461bb604c6b32eafd4
  Gas usage: 1123899
  Block number: 1
  Block time: Thu May 07 2026 20:27:58 GMT+0700 (Indochina Time)

eth_getTransactionReceipt
eth_getCode
eth_getTransactionReceipt
eth_getBlockByNumber
eth_gasPrice
eth_sendTransaction

  Transaction: 0x7e3fbe6e4dbca44bc3fdee3b432475a229b6b08ccc4dbbc7085b9323ee7ae25e
  Gas usage: 21055
  Block number: 2
  Block time: Thu May 07 2026 20:27:58 GMT+0700 (Indochina Time)

eth_getTransactionReceipt
eth_blockNumber
evm_mine
eth_blockNumber
evm_mine
eth_blockNumber
evm_mine
eth_blockNumber
evm_mine
eth_blockNumber
evm_mine
eth_blockNumber
net_version
eth_getBlockByNumber
eth_estimateGas
eth_getBlockByNumber
eth_gasPrice
eth_sendTransaction

  Transaction: 0x6eb7ad7b45c61a9f4e1a31de8b919b6f23da13ca9622af21eef3dea24d5a7f6f
  Gas usage: 59561
  Block number: 8
  Block time: Thu May 07 2026 20:27:58 GMT+0700 (Indochina Time)

eth_getTransactionReceipt
eth_blockNumber
eth_getBalance
eth_getTransactionByHash
debug_traceTransaction
eth_getTransactionByHash
debug_traceTransaction
eth_getTransactionByHash
debug_traceTransaction

Received shutdown signal: SIGTERM
Shutting down…
Server has been shut down
