COMMAND: python3 experiments/scale_trace/scripts/trace_result_json.py /home/aothuatgiadp/blockchain/project/CTLC-Implementation/experiments/scale_trace/runs/random_v1_9/D-_E_evm_fund_de_CTLCOnly_refund/result.json /home/aothuatgiadp/blockchain/project/CTLC-Implementation/experiments/scale_trace/runs/random_v1_9/D-_E_evm_fund_de_CTLCOnly_refund/trace.json
STATUS: 0

STDOUT:
{
  "graph_id": "",
  "pair": "D->E|evm|fund:de",
  "contract": "CTLCOnly",
  "scenario": "refund",
  "contractAddress": "0x66bE06f740EB7F6ec6Cc7C132140052c8CdC0736",
  "traces": {
    "deploy": {
      "tx_hash": "0xea49a6c1fa0f3a22e445fe75f574098900d882b6bd9159a5a03c207127d002dc",
      "actual_calldata_bytes": 7123,
      "actual_sstore_count": 9,
      "actual_call_count": 0,
      "opcode_steps": 1374
    },
    "fund": {
      "tx_hash": "0xe9925c0965caf1d3452d10c378fc4d605037eaa3c6f1305a54a6f69348324fc5",
      "actual_calldata_bytes": 0,
      "actual_sstore_count": 0,
      "actual_call_count": 0,
      "opcode_steps": 13
    },
    "refund_level0": {
      "tx_hash": "0x69e7940ac5d07664505f3b623d48b736c0157ee604d2d99184e361a84e9c9754",
      "actual_calldata_bytes": 4,
      "actual_sstore_count": 1,
      "actual_call_count": 1,
      "opcode_steps": 229
    }
  }
}


STDERR:

