Using network 'development'.

{
  "ok": true,
  "graph_id": "",
  "pair": "B->D|evm|fund:bd",
  "pairKey": "B->D|evm|fund:bd",
  "contract": "CTLCOnly",
  "scenario": "best_claim",
  "deployGas": "0x11263b",
  "gasUsed": "68747",
  "disableGasUsed": "",
  "claimGasUsed": "68747",
  "refundGasUsed": "",
  "contractAddress": "0xdf2467A0f3aD8D38495695426eCF2B6173Ff9DdC",
  "startBlock": "0",
  "endBlock": "3",
  "finalContractBalanceWei": "0",
  "deployer": "0x6b202D57bd497330af29A6EC553B3ed301c6fEC1",
  "party": "0xDB862ca8a2aF9E08A81303ECEA4F0ddF08054746",
  "counterparty": "0xdCf2BC462c5D49F4467d66A46c5295c3F1b8192F",
  "fundingWei": "1000000000000000000",
  "timelocks": [
    7
  ],
  "transactions": [
    {
      "role": "deploy",
      "txHash": "0x78e8ce8a79ef42715fad40cb07f9506d0176ceaaa1b7d8cf6fbbe79e75c4c12d"
    },
    {
      "role": "fund",
      "txHash": "0xdae2384a9dd2c9af35d4b7b3af66c7a28d9e0169cc51d588241e9610260914f8"
    },
    {
      "role": "claim",
      "txHash": "0x6712c67f491c72a5684a56432c04303d1d80bef3b38172224e05a9374f8bdbd3",
      "level": 0,
      "option": 0
    }
  ],
  "txRoles": [
    {
      "role": "deploy",
      "txHash": "0x78e8ce8a79ef42715fad40cb07f9506d0176ceaaa1b7d8cf6fbbe79e75c4c12d"
    },
    {
      "role": "fund",
      "txHash": "0xdae2384a9dd2c9af35d4b7b3af66c7a28d9e0169cc51d588241e9610260914f8"
    },
    {
      "role": "claim",
      "txHash": "0x6712c67f491c72a5684a56432c04303d1d80bef3b38172224e05a9374f8bdbd3",
      "level": 0,
      "option": 0
    }
  ],
  "deployTxHash": "0x78e8ce8a79ef42715fad40cb07f9506d0176ceaaa1b7d8cf6fbbe79e75c4c12d",
  "fundTxHash": "0xdae2384a9dd2c9af35d4b7b3af66c7a28d9e0169cc51d588241e9610260914f8",
  "claimTxHash": "0x6712c67f491c72a5684a56432c04303d1d80bef3b38172224e05a9374f8bdbd3",
  "txHash": "0x6712c67f491c72a5684a56432c04303d1d80bef3b38172224e05a9374f8bdbd3",
  "tx": "0x6712c67f491c72a5684a56432c04303d1d80bef3b38172224e05a9374f8bdbd3"
}
