ganache v7.9.2 (@ganache/cli: 0.10.2, @ganache/core: 0.10.2)
Starting RPC server

Available Accounts
==================
(0) 0xB4a8a74e54d8b47c36FE62A35Bf88d68cCc5AB71 (1000 ETH)
(1) 0xaC96326812eB311380Dc2B1eE44e42561FD02819 (1000 ETH)
(2) 0xa935aAB8Bf49a289A2e9a57871E44Efb0fFCe8c7 (1000 ETH)
(3) 0x3f1323737831A49A2f4666562a963ffeece93A83 (1000 ETH)
(4) 0x241f2B79996fdd18f0ef328a89554FDD6C0DC827 (1000 ETH)
(5) 0x8DDcc25BE9283BF95A8ae68ed286380824B5a17D (1000 ETH)
(6) 0xFFdAF0d0C11E9402c671404F636a15743c781890 (1000 ETH)
(7) 0x43d558f7675bdB441cDDaaf2322198D98e7fC8FA (1000 ETH)
(8) 0x8472Fc63df4EB53E31e1cE20360cEa67Ce94D3d8 (1000 ETH)
(9) 0xe211c193359359ed47db83A1D263Fd7C0aD05190 (1000 ETH)

Private Keys
==================
(0) 0x703852794c65e468691dfde32101e16e3fc16a5d54092e5121712cc392dccff3
(1) 0x8878a91b6eec4f9026c3389c83e0f0ec2b09abdc3306e7e14344411969ac7dd8
(2) 0x0ef657fd9d5dc3a7bf1edeed30989b31e78b2490a7c2880a63d5e26fd1bda90a
(3) 0x99d25a675b9d2174198599cbb8d0d13ef26809521bca3a55746018492055a00d
(4) 0x0d46ae8f5ec00648bef1868f1425f52e0ebb74608ee4bbec42f4f4e5ad9b22e4
(5) 0xb20ba69ad46e4d9064590c361f7eb5ee6a0a944dec397bd934d2be84a2bbdfd6
(6) 0x485c264d8cfc6a9c70bc06ac47c38f8c2b5ea7b7cc8ec8955c1e95456b840a3e
(7) 0x5a337445842e7c1dc52d7b5f709fa54601cf8c494be6cf40226fd7ee3cb71ea6
(8) 0x21b03f25a07efdf15fc33ee65ba2a425b3691f285db89727cb9618f7037e7990
(9) 0x080ae6b8e4b43b417335115433a5e4bf342973575fc3ec0ad7a3fc46cf0913b7

HD Wallet
==================
Mnemonic:      captain wife proud state public drum sleep valley bread business gap cake
Base HD Path:  m/44'/60'/0'/0/{account_index}

Default Gas Price
==================
2000000000

BlockGas Limit
==================
30000000

Call Gas Limit
==================
50000000

Chain
==================
Hardfork: shanghai
Id:       1337

RPC Listening on 127.0.0.1:8545
web3_clientVersion
eth_blockNumber
net_version
eth_accounts
eth_accounts
eth_blockNumber
net_version
eth_getBlockByNumber
eth_estimateGas
eth_getBlockByNumber
eth_gasPrice
eth_sendTransaction

  Transaction: 0x15d35565802aa1251aa1227b4309df51c857f19e6911e9ad5ee6c440bd4d9d49
  Contract created: 0xd4d62ecb274af379b222dc7bb3e291c139d57960
  Gas usage: 1123899
  Block number: 1
  Block time: Fri May 08 2026 01:26:20 GMT+0700 (Indochina Time)

eth_getTransactionReceipt
eth_getCode
eth_getTransactionReceipt
eth_getBlockByNumber
eth_gasPrice
eth_sendTransaction

  Transaction: 0x08a22c2e947a994defb46b18d758dc99a101ed1231fb32cd7de6c13ba3ec491f
  Gas usage: 21055
  Block number: 2
  Block time: Fri May 08 2026 01:26:20 GMT+0700 (Indochina Time)

eth_getTransactionReceipt
eth_blockNumber
evm_mine
eth_blockNumber
evm_mine
eth_blockNumber
evm_mine
eth_blockNumber
evm_mine
eth_blockNumber
evm_mine
eth_blockNumber
net_version
eth_getBlockByNumber
eth_estimateGas
eth_getBlockByNumber
eth_gasPrice
eth_sendTransaction

  Transaction: 0x599abd0e854558ed5fbc2a11174c9ee6d64d1352f979125e82c90836a9dd691c
  Gas usage: 59561
  Block number: 8
  Block time: Fri May 08 2026 01:26:20 GMT+0700 (Indochina Time)

eth_getTransactionReceipt
eth_blockNumber
eth_getBalance
eth_getTransactionByHash
debug_traceTransaction
eth_getTransactionByHash
debug_traceTransaction
eth_getTransactionByHash
debug_traceTransaction

Received shutdown signal: SIGTERM
Shutting down…
Server has been shut down
