COMMAND: python3 experiments/scale_trace/scripts/trace_result_json.py /home/aothuatgiadp/blockchain/project/CTLC-Implementation/experiments/scale_trace/runs/random_v1_264/C-_D_evm_fund_cd_CTLCOnly_refund/result.json /home/aothuatgiadp/blockchain/project/CTLC-Implementation/experiments/scale_trace/runs/random_v1_264/C-_D_evm_fund_cd_CTLCOnly_refund/trace.json
STATUS: 0

STDOUT:
{
  "graph_id": "",
  "pair": "C->D|evm|fund:cd",
  "contract": "CTLCOnly",
  "scenario": "refund",
  "contractAddress": "0xd4D62eCb274Af379B222DC7Bb3e291C139d57960",
  "traces": {
    "deploy": {
      "tx_hash": "0x15d35565802aa1251aa1227b4309df51c857f19e6911e9ad5ee6c440bd4d9d49",
      "actual_calldata_bytes": 7123,
      "actual_sstore_count": 9,
      "actual_call_count": 0,
      "opcode_steps": 1374
    },
    "fund": {
      "tx_hash": "0x08a22c2e947a994defb46b18d758dc99a101ed1231fb32cd7de6c13ba3ec491f",
      "actual_calldata_bytes": 0,
      "actual_sstore_count": 0,
      "actual_call_count": 0,
      "opcode_steps": 13
    },
    "refund_level0": {
      "tx_hash": "0x599abd0e854558ed5fbc2a11174c9ee6d64d1352f979125e82c90836a9dd691c",
      "actual_calldata_bytes": 4,
      "actual_sstore_count": 1,
      "actual_call_count": 1,
      "opcode_steps": 229
    }
  }
}


STDERR:

