ganache v7.9.2 (@ganache/cli: 0.10.2, @ganache/core: 0.10.2)
Starting RPC server

Available Accounts
==================
(0) 0x67A82173fE1e3F0996DEcA7A1ADba409f86d4fE3 (1000 ETH)
(1) 0xd33b34A322512c5cF7fC0444C9daFd45C12346e7 (1000 ETH)
(2) 0x457582dECFB75FE3Da150568c39CBEFE8cc90D65 (1000 ETH)
(3) 0xfCB62F74cb2994125612c1f93a4B9c322A47bF62 (1000 ETH)
(4) 0x6f212Eb78bD56B6c5f0D4B9cd920C55753D34e2d (1000 ETH)
(5) 0x137Fc86C96820bd86C2DF798DfcbfF8Fb35fbB0E (1000 ETH)
(6) 0xa0B7C15ad03822Bb0535AA372AB72C44072E6181 (1000 ETH)
(7) 0x36C9f848DAf77674a02314e33B39F3bAAA35Bd13 (1000 ETH)
(8) 0x056BE3127ff859C8f3B06edA44c6428D072A8F1a (1000 ETH)
(9) 0x756B4f5065f3dfe59111f314Bc41C1353Ec2784C (1000 ETH)

Private Keys
==================
(0) 0x7c424453db3d47ac8dbbba0a0ef741d4b5b0bfc406266665037e315143bef9ae
(1) 0x580581266dde9fc5f0a690e6b5d05679b6d391093769555c66e0e48f610d05df
(2) 0x4f4f566bef89533b246fce7cabaf8ae9ec287a70859be29351cdacd02dcd2f79
(3) 0x95980cfd8e096071719fe27baa235b2e6a0dbb18ad7af1a7617705cd643e2148
(4) 0xd1c3088796eaed9dccf8d5f1fdaf7cd551e68e45f4f62b3fd0e14cee85f4adac
(5) 0x956e6233736286deb0c17817a7cca1b96f032391958995e04c14d04437ccb167
(6) 0x78a8fd8ab104014f115c1ee26e9b07fdc59c4b3f483a07183242c40fc92d2ffe
(7) 0xadf8e2d7c0fb3bbf96fdef8f2c0503a387a0df48c0612a1a7fffc957199c0ec2
(8) 0x814316d46fd1c40a7529892c3662e85d22e12f2c27b9a723afcfb4de35598198
(9) 0x0e54bfc2058afb38b7a685bd67bb6a5569c5414047ad8e2b6573b4e3026115da

HD Wallet
==================
Mnemonic:      useless direct ability shrimp crystal square guess orient music shock review bar
Base HD Path:  m/44'/60'/0'/0/{account_index}

Default Gas Price
==================
2000000000

BlockGas Limit
==================
30000000

Call Gas Limit
==================
50000000

Chain
==================
Hardfork: shanghai
Id:       1337

RPC Listening on 127.0.0.1:8545
web3_clientVersion
eth_blockNumber
net_version
eth_accounts
eth_accounts
eth_blockNumber
net_version
eth_getBlockByNumber
eth_estimateGas
eth_getBlockByNumber
eth_gasPrice
eth_sendTransaction

  Transaction: 0x85cdee9702ec2cb89329149e16b2cf77b1d5d1bf523d112ceaabacddf443c878
  Contract created: 0x67fa51fa4119ed89034b68bc3445efd4a354972a
  Gas usage: 1629844
  Block number: 1
  Block time: Thu May 07 2026 21:42:31 GMT+0700 (Indochina Time)

eth_getTransactionReceipt
eth_getCode
eth_getTransactionReceipt
eth_getBlockByNumber
eth_gasPrice
eth_sendTransaction

  Transaction: 0x48ea0bd28c7011185fd7ecab74ec9280af87bc2d28b4c53c5a3a9825a41c28b5
  Gas usage: 21055
  Block number: 2
  Block time: Thu May 07 2026 21:42:31 GMT+0700 (Indochina Time)

eth_getTransactionReceipt
eth_blockNumber
evm_mine
eth_blockNumber
evm_mine
eth_blockNumber
evm_mine
eth_blockNumber
evm_mine
eth_blockNumber
evm_mine
eth_blockNumber
evm_mine
eth_blockNumber
net_version
eth_getBlockByNumber
eth_estimateGas
eth_getBlockByNumber
eth_gasPrice
eth_sendTransaction

  Transaction: 0xb90db1fa70dedc708c415810798471edc2dde3124c7bbf9a405dee752f2c8614
  Gas usage: 52947
  Block number: 9
  Block time: Thu May 07 2026 21:42:31 GMT+0700 (Indochina Time)

eth_getTransactionReceipt
eth_blockNumber
net_version
eth_getBlockByNumber
eth_estimateGas
eth_getBlockByNumber
eth_gasPrice
eth_sendTransaction

  Transaction: 0x5ee85ad2dda82fa7c48eff5fea890e9f168e9f7ea328e3438527260c050b3371
  Gas usage: 35859
  Block number: 10
  Block time: Thu May 07 2026 21:42:31 GMT+0700 (Indochina Time)

eth_getTransactionReceipt
eth_blockNumber
net_version
eth_getBlockByNumber
eth_estimateGas
eth_getBlockByNumber
eth_gasPrice
eth_sendTransaction

  Transaction: 0xb27b6069322549f58152c9fc51e2c96dc28265231f058db7c831f82dadf38d30
  Gas usage: 35859
  Block number: 11
  Block time: Thu May 07 2026 21:42:31 GMT+0700 (Indochina Time)

eth_getTransactionReceipt
net_version
eth_getBlockByNumber
eth_estimateGas
eth_getBlockByNumber
eth_gasPrice
eth_sendTransaction

  Transaction: 0x1f56595ad4fa7fb49838b64d42a09b495101377962b49238f0e060f2caca826f
  Gas usage: 85304
  Block number: 12
  Block time: Thu May 07 2026 21:42:31 GMT+0700 (Indochina Time)

eth_getTransactionReceipt
eth_blockNumber
eth_getBalance
eth_getTransactionByHash
debug_traceTransaction
eth_getTransactionByHash
debug_traceTransaction
eth_getTransactionByHash
debug_traceTransaction
eth_getTransactionByHash
debug_traceTransaction
eth_getTransactionByHash
debug_traceTransaction
eth_getTransactionByHash
debug_traceTransaction

Received shutdown signal: SIGTERM
Shutting down…
Server has been shut down
