COMMAND: python3 experiments/scale_trace/scripts/trace_result_json.py /home/aothuatgiadp/blockchain/project/CTLC-Implementation/experiments/scale_trace/runs/random_v1_55/D-_G_evm_fund_dg_CTLCOnly_best_claim/result.json /home/aothuatgiadp/blockchain/project/CTLC-Implementation/experiments/scale_trace/runs/random_v1_55/D-_G_evm_fund_dg_CTLCOnly_best_claim/trace.json
STATUS: 0

STDOUT:
{
  "graph_id": "",
  "pair": "D->G|evm|fund:dg",
  "contract": "CTLCOnly",
  "scenario": "best_claim",
  "contractAddress": "0x34f7CBc259D6460526D1BB38E0F855e64FF6455d",
  "traces": {
    "deploy": {
      "tx_hash": "0xd829dbe6c37618d6b99537bfe46434d8bc19ee3acb5c9e72067de8dae70fce03",
      "actual_calldata_bytes": 7123,
      "actual_sstore_count": 9,
      "actual_call_count": 0,
      "opcode_steps": 1374
    },
    "fund": {
      "tx_hash": "0xdc0a1b1463be5887d46deaa3cf373a310f5994a06dd3893b62375d54d38c35a9",
      "actual_calldata_bytes": 0,
      "actual_sstore_count": 0,
      "actual_call_count": 0,
      "opcode_steps": 13
    },
    "claim_level0": {
      "tx_hash": "0xc2b3143577b3d8b391bb40e1c47ed6acfc5a88bc98bfa901f8d2bcadddcdf632",
      "actual_calldata_bytes": 292,
      "actual_sstore_count": 1,
      "actual_call_count": 1,
      "opcode_steps": 1134
    }
  }
}


STDERR:

