ganache v7.9.2 (@ganache/cli: 0.10.2, @ganache/core: 0.10.2)
Starting RPC server

Available Accounts
==================
(0) 0xaBf2126D521E298Cdfa79206976c48c255f788Dd (1000 ETH)
(1) 0xccB52A69FF8494309dc4C8c37F2ecf913D78419D (1000 ETH)
(2) 0x5A878b97642AE02c7C228753D8c9EFA37d13E72b (1000 ETH)
(3) 0x311F5EBAbb665Ba2B2a056d222bf093A9e6a1666 (1000 ETH)
(4) 0x843C5A74cE63bd246196406b7b44045Cbc88C8AF (1000 ETH)
(5) 0x4c53711788213Ce5BEA308DBA882D2592a106790 (1000 ETH)
(6) 0x3f2Dc4f4dCC9eC4FA33576B3ffCe838d5CF2a932 (1000 ETH)
(7) 0xCCB2D509be61278BE0E45bAbA5bDC1E038ca2d15 (1000 ETH)
(8) 0x660c0c4Ba11947Fd15dE6d276acAa67fBf8c8D94 (1000 ETH)
(9) 0x235C16C0e12e946B7Bd5d7dfeE8a902676067C91 (1000 ETH)

Private Keys
==================
(0) 0x575218348460b171482c49f3dd75becdafb86f1f6cbbce890a64be469f6414e5
(1) 0xe872b34f4cd78f944697859e66cea650ae750ee5849018b2d4fba688a20a01b8
(2) 0x17c849a1858f1c67b5b756de804d359dcf774e40404ff51e7985fa1ab8e829a8
(3) 0x45dff40d7a772a7d674a5827a4e5e0083158ab51ddf6a1f158fe7e0157736c88
(4) 0x125a109d1472b60ade3026be39bec48c61ded0b1540ec60a1e9427a2c24b0d55
(5) 0x977260e31ad53078bc8d2499a1772b29128c35055a18fbbe8f5ba32a302bbd32
(6) 0x2ea5cf2f6777f9539b9be159c903caed159924c6150fc7e1012421bcee96cbb8
(7) 0xe1f70d50e75cccde9049954fbd576cdd538bd2985504fe6f96e8d6bc00af5f48
(8) 0xb848c2c6e6ab914381168b03a23e47f3e7a0e5290e9174397140d6ef5c0976a7
(9) 0xb42f24eaed5fc5da722f29854e71e80aaaf8a3d18bf328be6323e7b116152dbe

HD Wallet
==================
Mnemonic:      home foil book use fluid coast recall daughter path multiply offer improve
Base HD Path:  m/44'/60'/0'/0/{account_index}

Default Gas Price
==================
2000000000

BlockGas Limit
==================
30000000

Call Gas Limit
==================
50000000

Chain
==================
Hardfork: shanghai
Id:       1337

RPC Listening on 127.0.0.1:8545
web3_clientVersion
eth_blockNumber
net_version
eth_accounts
eth_accounts
eth_blockNumber
net_version
eth_getBlockByNumber
eth_estimateGas
eth_getBlockByNumber
eth_gasPrice
eth_sendTransaction

  Transaction: 0xc6d8efd0fe6e7329e277409a5539b5ff7a7dd103cbd544585305ec5d1843cdf1
  Contract created: 0xee7e9fc0c01d16f001d7ec1b9469f3ccb20bb876
  Gas usage: 1100987
  Block number: 1
  Block time: Fri May 08 2026 02:07:42 GMT+0700 (Indochina Time)

eth_getTransactionReceipt
eth_getCode
eth_getTransactionReceipt
eth_getBlockByNumber
eth_gasPrice
eth_sendTransaction

  Transaction: 0x32278a85e893d741c05b321883b6229e4b3d0473d3c621179d874800b07e3dad
  Gas usage: 21055
  Block number: 2
  Block time: Fri May 08 2026 02:07:43 GMT+0700 (Indochina Time)

eth_getTransactionReceipt
net_version
eth_getBlockByNumber
eth_estimateGas
eth_getBlockByNumber
eth_gasPrice
eth_sendTransaction

  Transaction: 0x27c60201688946051016d1e959176206962dd5964b3d8a3fbad319a4e9b15119
  Gas usage: 64620
  Block number: 3
  Block time: Fri May 08 2026 02:07:43 GMT+0700 (Indochina Time)

eth_getTransactionReceipt
eth_blockNumber
eth_getBalance
eth_getTransactionByHash
debug_traceTransaction
eth_getTransactionByHash
debug_traceTransaction
eth_getTransactionByHash
debug_traceTransaction

Received shutdown signal: SIGTERM
Shutting down…
Server has been shut down
