ganache v7.9.2 (@ganache/cli: 0.10.2, @ganache/core: 0.10.2)
Starting RPC server

Available Accounts
==================
(0) 0x2BF8314EfCB57137c0Abd5ad25A3bBC5edFd362f (1000 ETH)
(1) 0xa56939e1Dd9639b7C002F1FAf281997884Aa3E9c (1000 ETH)
(2) 0xA488166905227f0C0ec224775c716EC494295B47 (1000 ETH)
(3) 0x7Aa7f7Eb57BF02515F499C1B4A743639123494fC (1000 ETH)
(4) 0x08cC09ED0BfaD738931Be85a812A3e1223C43164 (1000 ETH)
(5) 0x008d0E0c9c1232D8E4b20D35bCFFE1dbE8760853 (1000 ETH)
(6) 0x5eA5B47CB75a822cd47D62d22163733B1BaddA61 (1000 ETH)
(7) 0x96956FE9Aba92B4BA462CD25955Bebb61A9C597e (1000 ETH)
(8) 0x89e482e197Af71ddF98789f01E56061359D16FC6 (1000 ETH)
(9) 0xDB871dB35CeB3d0366f1C87a1811B77f6f62e92c (1000 ETH)

Private Keys
==================
(0) 0xd36541bf1651bb7d96b6c23610aacf9a494dd40fc5a5a752db810760c8838579
(1) 0xc9e79bfeb358a2db0bf19e916ac81901b1178f82ee35904761d1591303dd04fe
(2) 0xa268b2279ddab31fc33e0292d0113349ceba07b82bc69d4d0c6ebc88abc729b2
(3) 0x0b778468628c7c5f7a84ffff65922c9fde6d17d08b947fdf13c19094e50e0b89
(4) 0xb2bdfe597ae9eb9036cf96ff807d41929ac60df2fd255fc0d75e0367ed29e18d
(5) 0x3cee96b6f800b7bc2460a3212d47529402f2bf132123b00c2919eb3bbb697c77
(6) 0x79d400dcd24cbc7d2372249ea13dbce2fc1d8ae8195aa20a5c91f140fcdadb9c
(7) 0x9994c005f47fc212e537d10e9678bdfb176158bfd6473537bc5dafd097b98179
(8) 0xaa6feda4123417af62028832be839ee7f96c878f4ecab6cc3f7e1cf9471dc37c
(9) 0x9716e1dea540db841740096d38f3c86234fd32d3a4ae394b8b5925d41214b3b3

HD Wallet
==================
Mnemonic:      engine father supply behind gravity bracket banner monster model old erode utility
Base HD Path:  m/44'/60'/0'/0/{account_index}

Default Gas Price
==================
2000000000

BlockGas Limit
==================
30000000

Call Gas Limit
==================
50000000

Chain
==================
Hardfork: shanghai
Id:       1337

RPC Listening on 127.0.0.1:8545
web3_clientVersion
eth_blockNumber
net_version
eth_accounts
eth_accounts
eth_blockNumber
net_version
eth_getBlockByNumber
eth_estimateGas
eth_getBlockByNumber
eth_gasPrice
eth_sendTransaction

  Transaction: 0xa083e0da7f5f6b11c6f1b5c4147cb66f4870316e89b13d43022575c67375e6e0
  Contract created: 0x07ad9ac8c71ed70d81883ce4c4095b0dd8f5c29f
  Gas usage: 1123899
  Block number: 1
  Block time: Thu May 07 2026 22:03:55 GMT+0700 (Indochina Time)

eth_getTransactionReceipt
eth_getCode
eth_getTransactionReceipt
eth_getBlockByNumber
eth_gasPrice
eth_sendTransaction

  Transaction: 0x1d6a2d41a3a41abff62e5fd3a724d40324941c9c72cf0ac359d06b8f7f6974d3
  Gas usage: 21055
  Block number: 2
  Block time: Thu May 07 2026 22:03:55 GMT+0700 (Indochina Time)

eth_getTransactionReceipt
net_version
eth_getBlockByNumber
eth_estimateGas
eth_getBlockByNumber
eth_gasPrice
eth_sendTransaction

  Transaction: 0x59c77eac514b382aad7ceef950a898c3876192442e0232a8643bca54966aa84f
  Gas usage: 68747
  Block number: 3
  Block time: Thu May 07 2026 22:03:55 GMT+0700 (Indochina Time)

eth_getTransactionReceipt
eth_blockNumber
eth_getBalance
eth_getTransactionByHash
debug_traceTransaction
eth_getTransactionByHash
debug_traceTransaction
eth_getTransactionByHash
debug_traceTransaction

Received shutdown signal: SIGTERM
Shutting down…
Server has been shut down
