Using network 'development'.

{
  "ok": true,
  "graph_id": "",
  "pair": "E->F|evm|fund:ef",
  "pairKey": "E->F|evm|fund:ef",
  "contract": "CTLCOnly",
  "scenario": "worst_claim",
  "deployGas": "0x139b2a",
  "gasUsed": "134123",
  "disableGasUsed": "52947",
  "claimGasUsed": "81176",
  "refundGasUsed": "",
  "contractAddress": "0x03FF9BC15FA45bEba9D47A0F87C781a49b3D7628",
  "startBlock": "0",
  "endBlock": "9",
  "finalContractBalanceWei": "0",
  "deployer": "0x92Bc3F4D86c16052681C75ACAa36FBfB95B3dE10",
  "party": "0xb606a37E61b2Ed44f9B9B9a8515B386985403a90",
  "counterparty": "0x5EaCDEF7921Ac056be63383Bb99f669EDc9729A0",
  "fundingWei": "1000000000000000000",
  "timelocks": [
    7,
    10
  ],
  "transactions": [
    {
      "role": "deploy",
      "txHash": "0xcb7d9a38ea29163540ae57d007c0e25a39cf9819031bc8063df5e7ea74c34859"
    },
    {
      "role": "fund",
      "txHash": "0x1280b75d3bd92ea9c2cb2fd45f023c4a5c81b2e57a00987fea1f35dc57d6d2f4"
    },
    {
      "role": "disable",
      "txHash": "0x0d04f1b2534dfde78f2141540ca39c23e145e4b4fb8a19f91f51e8e102ba633c",
      "level": 0
    },
    {
      "role": "claim",
      "txHash": "0x0395fd9644f38df66cdeb9c5d1c5eaddfb06ef34723392b080f7229e99ac6200",
      "level": 1,
      "option": 0
    }
  ],
  "txRoles": [
    {
      "role": "deploy",
      "txHash": "0xcb7d9a38ea29163540ae57d007c0e25a39cf9819031bc8063df5e7ea74c34859"
    },
    {
      "role": "fund",
      "txHash": "0x1280b75d3bd92ea9c2cb2fd45f023c4a5c81b2e57a00987fea1f35dc57d6d2f4"
    },
    {
      "role": "disable",
      "txHash": "0x0d04f1b2534dfde78f2141540ca39c23e145e4b4fb8a19f91f51e8e102ba633c",
      "level": 0
    },
    {
      "role": "claim",
      "txHash": "0x0395fd9644f38df66cdeb9c5d1c5eaddfb06ef34723392b080f7229e99ac6200",
      "level": 1,
      "option": 0
    }
  ],
  "deployTxHash": "0xcb7d9a38ea29163540ae57d007c0e25a39cf9819031bc8063df5e7ea74c34859",
  "fundTxHash": "0x1280b75d3bd92ea9c2cb2fd45f023c4a5c81b2e57a00987fea1f35dc57d6d2f4",
  "disableTxHashes": [
    "0x0d04f1b2534dfde78f2141540ca39c23e145e4b4fb8a19f91f51e8e102ba633c"
  ],
  "disableTxHash": "0x0d04f1b2534dfde78f2141540ca39c23e145e4b4fb8a19f91f51e8e102ba633c",
  "disableTx": "0x0d04f1b2534dfde78f2141540ca39c23e145e4b4fb8a19f91f51e8e102ba633c",
  "claimTxHash": "0x0395fd9644f38df66cdeb9c5d1c5eaddfb06ef34723392b080f7229e99ac6200",
  "txHash": "0x0395fd9644f38df66cdeb9c5d1c5eaddfb06ef34723392b080f7229e99ac6200",
  "tx": "0x0395fd9644f38df66cdeb9c5d1c5eaddfb06ef34723392b080f7229e99ac6200"
}
