COMMAND: python3 experiments/scale_trace/scripts/trace_result_json.py /home/aothuatgiadp/blockchain/project/CTLC-Implementation/experiments/scale_trace/runs/random_v1_154/C-_A_evm_fund_ca_CTLCOnly_refund/result.json /home/aothuatgiadp/blockchain/project/CTLC-Implementation/experiments/scale_trace/runs/random_v1_154/C-_A_evm_fund_ca_CTLCOnly_refund/trace.json
STATUS: 0

STDOUT:
{
  "graph_id": "",
  "pair": "C->A|evm|fund:ca",
  "contract": "CTLCOnly",
  "scenario": "refund",
  "contractAddress": "0xD0FB87FbFEB647d9642d8F821461EAB1fE18b7a8",
  "traces": {
    "deploy": {
      "tx_hash": "0xc76fa455a7f4bfcdea6e073c694999e8c5eccb1dce16973c2377f76a01aed037",
      "actual_calldata_bytes": 7091,
      "actual_sstore_count": 8,
      "actual_call_count": 0,
      "opcode_steps": 1286
    },
    "fund": {
      "tx_hash": "0xe6a973e6955a421504bdd0dc637d07d95526145859f1a5212268e8febb3774c4",
      "actual_calldata_bytes": 0,
      "actual_sstore_count": 0,
      "actual_call_count": 0,
      "opcode_steps": 13
    },
    "refund_level0": {
      "tx_hash": "0xf297edd9e31af195831fba4036f4fccb3d8094b7549a3911a8a3d5252cf41777",
      "actual_calldata_bytes": 4,
      "actual_sstore_count": 1,
      "actual_call_count": 1,
      "opcode_steps": 229
    }
  }
}


STDERR:

