COMMAND: python3 experiments/scale_trace/scripts/trace_result_json.py /home/aothuatgiadp/blockchain/project/CTLC-Implementation/experiments/scale_trace/runs/random_v1_17/E-_A_evm_fund_ea_CTLCOnly_best_claim/result.json /home/aothuatgiadp/blockchain/project/CTLC-Implementation/experiments/scale_trace/runs/random_v1_17/E-_A_evm_fund_ea_CTLCOnly_best_claim/trace.json
STATUS: 0

STDOUT:
{
  "graph_id": "",
  "pair": "E->A|evm|fund:ea",
  "contract": "CTLCOnly",
  "scenario": "best_claim",
  "contractAddress": "0x5455242b6ae9166Aa2A383201dbe700A2b9f3b8D",
  "traces": {
    "deploy": {
      "tx_hash": "0x3e521ad548eb4d6eb8590f490642048f1d68b8954e0631ef6609b92ddb917c11",
      "actual_calldata_bytes": 7091,
      "actual_sstore_count": 8,
      "actual_call_count": 0,
      "opcode_steps": 1286
    },
    "fund": {
      "tx_hash": "0x0cd49655e7d7114fe3d121a517ebda46789710da53a7be8bb134c09f605d10d4",
      "actual_calldata_bytes": 0,
      "actual_sstore_count": 0,
      "actual_call_count": 0,
      "opcode_steps": 13
    },
    "claim_level0": {
      "tx_hash": "0xa05959e9e6f215b55cd34ecc23f5a84e9158ee0c653d2705dd9c692296a82c81",
      "actual_calldata_bytes": 196,
      "actual_sstore_count": 1,
      "actual_call_count": 1,
      "opcode_steps": 793
    }
  }
}


STDERR:

